Prepared manifest loaded — Train=970, Val=310, Calibration=0, Test=320
cuda
Using model backend=timm type=pmi10_sota_convnext_base with 10 labels
Early stopping enabled with patience=5
Using device: cuda
{'loss': '9.299', 'grad_norm': '17.22', 'learning_rate': '8.654e-06', 'epoch': '0.6557'}
{'eval_loss': '1.976', 'eval_accuracy': '0.4742', 'eval_f1': '0.4543', 'eval_balanced_accuracy': '0.4742', 'eval_macro_f1': '0.4543', 'eval_atc': '1.29', 'eval_normalized_atc': '0.129', 'eval_target_recall': '0.3226', 'eval_target_recall_macro': '0.4435', 'eval_target_fnr': '0.6452', 'eval_selection_score': '1.569', 'eval_selection_accuracy_value': '0.4742', 'eval_nll': '1.976', 'eval_brier': '0.8186', 'eval_ece': '0.313', 'eval_auroc': '0', 'eval_auprc': '0', 'eval_runtime': '4.771', 'eval_samples_per_second': '64.97', 'eval_steps_per_second': '4.192', 'epoch': '1'}
CustomImageProcessor configuration saved to checkpoints/camera_ready_run_menon_logit_adjusted_lr5e5_s42/checkpoint-16/preprocessor_config.json
{'loss': '7.486', 'grad_norm': '20.76', 'learning_rate': '1.827e-05', 'epoch': '1.262'}
{'loss': '5.972', 'grad_norm': '21.81', 'learning_rate': '2.788e-05', 'epoch': '1.918'}
{'eval_loss': '1.09', 'eval_accuracy': '0.6806', 'eval_f1': '0.6681', 'eval_balanced_accuracy': '0.6806', 'eval_macro_f1': '0.6681', 'eval_atc': '0.8613', 'eval_normalized_atc': '0.08613', 'eval_target_recall': '0.4839', 'eval_target_recall_macro': '0.6935', 'eval_target_fnr': '0.2581', 'eval_selection_score': '0.793', 'eval_selection_accuracy_value': '0.6806', 'eval_nll': '1.09', 'eval_brier': '0.5293', 'eval_ece': '0.2691', 'eval_auroc': '0', 'eval_auprc': '0', 'eval_runtime': '8.879', 'eval_samples_per_second': '34.91', 'eval_steps_per_second': '2.252', 'epoch': '2'}
CustomImageProcessor configuration saved to checkpoints/camera_ready_run_menon_logit_adjusted_lr5e5_s42/checkpoint-32/preprocessor_config.json
{'loss': '3.397', 'grad_norm': '18.94', 'learning_rate': '3.75e-05', 'epoch': '2.525'}
{'eval_loss': '0.592', 'eval_accuracy': '0.7452', 'eval_f1': '0.716', 'eval_balanced_accuracy': '0.7452', 'eval_macro_f1': '0.716', 'eval_atc': '0.5968', 'eval_normalized_atc': '0.05968', 'eval_target_recall': '0.6774', 'eval_target_recall_macro': '0.8629', 'eval_target_fnr': '0', 'eval_selection_score': '0.2609', 'eval_selection_accuracy_value': '0.7452', 'eval_nll': '0.592', 'eval_brier': '0.3382', 'eval_ece': '0.06796', 'eval_auroc': '0', 'eval_auprc': '0', 'eval_runtime': '3.485', 'eval_samples_per_second': '88.94', 'eval_steps_per_second': '5.738', 'epoch': '3'}
CustomImageProcessor configuration saved to checkpoints/camera_ready_run_menon_logit_adjusted_lr5e5_s42/checkpoint-48/preprocessor_config.json
{'loss': '2.232', 'grad_norm': '45.43', 'learning_rate': '4.712e-05', 'epoch': '3.131'}
{'loss': '1.598', 'grad_norm': '61.53', 'learning_rate': '4.997e-05', 'epoch': '3.787'}
{'eval_loss': '0.2944', 'eval_accuracy': '0.9032', 'eval_f1': '0.8991', 'eval_balanced_accuracy': '0.9032', 'eval_macro_f1': '0.8991', 'eval_atc': '0.4871', 'eval_normalized_atc': '0.04871', 'eval_target_recall': '0.4516', 'eval_target_recall_macro': '0.8065', 'eval_target_fnr': '0.03226', 'eval_selection_score': '0.8529', 'eval_selection_accuracy_value': '0.9032', 'eval_nll': '0.2944', 'eval_brier': '0.1532', 'eval_ece': '0.09198', 'eval_auroc': '0', 'eval_auprc': '0', 'eval_runtime': '3.563', 'eval_samples_per_second': '87.01', 'eval_steps_per_second': '5.613', 'epoch': '4'}
CustomImageProcessor configuration saved to checkpoints/camera_ready_run_menon_logit_adjusted_lr5e5_s42/checkpoint-64/preprocessor_config.json
{'loss': '0.9149', 'grad_norm': '22.45', 'learning_rate': '4.983e-05', 'epoch': '4.393'}
{'loss': '0.7612', 'grad_norm': '14.78', 'learning_rate': '4.958e-05', 'epoch': '5'}
{'eval_loss': '0.1551', 'eval_accuracy': '0.9645', 'eval_f1': '0.9641', 'eval_balanced_accuracy': '0.9645', 'eval_macro_f1': '0.9641', 'eval_atc': '0.06452', 'eval_normalized_atc': '0.006452', 'eval_target_recall': '0.8065', 'eval_target_recall_macro': '0.9435', 'eval_target_fnr': '0', 'eval_selection_score': '0.04146', 'eval_selection_accuracy_value': '0.9645', 'eval_nll': '0.1551', 'eval_brier': '0.06845', 'eval_ece': '0.06636', 'eval_auroc': '0', 'eval_auprc': '0', 'eval_runtime': '3.922', 'eval_samples_per_second': '79.04', 'eval_steps_per_second': '5.099', 'epoch': '5'}
CustomImageProcessor configuration saved to checkpoints/camera_ready_run_menon_logit_adjusted_lr5e5_s42/checkpoint-80/preprocessor_config.json
{'loss': '0.637', 'grad_norm': '16.44', 'learning_rate': '4.921e-05', 'epoch': '5.656'}
{'eval_loss': '0.1998', 'eval_accuracy': '0.929', 'eval_f1': '0.9278', 'eval_balanced_accuracy': '0.929', 'eval_macro_f1': '0.9278', 'eval_atc': '0.2032', 'eval_normalized_atc': '0.02032', 'eval_target_recall': '0.9032', 'eval_target_recall_macro': '0.9355', 'eval_target_fnr': '0', 'eval_selection_score': '0.02032', 'eval_selection_accuracy_value': '0.929', 'eval_nll': '0.1998', 'eval_brier': '0.1048', 'eval_ece': '0.04597', 'eval_auroc': '0', 'eval_auprc': '0', 'eval_runtime': '4.006', 'eval_samples_per_second': '77.39', 'eval_steps_per_second': '4.993', 'epoch': '6'}
CustomImageProcessor configuration saved to checkpoints/camera_ready_run_menon_logit_adjusted_lr5e5_s42/checkpoint-96/preprocessor_config.json
{'loss': '0.4948', 'grad_norm': '49.23', 'learning_rate': '4.872e-05', 'epoch': '6.262'}
{'loss': '0.3019', 'grad_norm': '22.09', 'learning_rate': '4.813e-05', 'epoch': '6.918'}
{'eval_loss': '0.1425', 'eval_accuracy': '0.9452', 'eval_f1': '0.944', 'eval_balanced_accuracy': '0.9452', 'eval_macro_f1': '0.944', 'eval_atc': '0.1419', 'eval_normalized_atc': '0.01419', 'eval_target_recall': '0.7419', 'eval_target_recall_macro': '0.9194', 'eval_target_fnr': '0', 'eval_selection_score': '0.1141', 'eval_selection_accuracy_value': '0.9452', 'eval_nll': '0.1425', 'eval_brier': '0.07412', 'eval_ece': '0.02895', 'eval_auroc': '0', 'eval_auprc': '0', 'eval_runtime': '3.663', 'eval_samples_per_second': '84.62', 'eval_steps_per_second': '5.46', 'epoch': '7'}
CustomImageProcessor configuration saved to checkpoints/camera_ready_run_menon_logit_adjusted_lr5e5_s42/checkpoint-112/preprocessor_config.json
{'loss': '0.148', 'grad_norm': '6.791', 'learning_rate': '4.743e-05', 'epoch': '7.525'}
{'eval_loss': '0.1995', 'eval_accuracy': '0.9194', 'eval_f1': '0.9172', 'eval_balanced_accuracy': '0.9194', 'eval_macro_f1': '0.9172', 'eval_atc': '0.2258', 'eval_normalized_atc': '0.02258', 'eval_target_recall': '0.6452', 'eval_target_recall_macro': '0.879', 'eval_target_fnr': '0', 'eval_selection_score': '0.2824', 'eval_selection_accuracy_value': '0.9194', 'eval_nll': '0.1995', 'eval_brier': '0.1127', 'eval_ece': '0.04364', 'eval_auroc': '0', 'eval_auprc': '0', 'eval_runtime': '3.891', 'eval_samples_per_second': '79.67', 'eval_steps_per_second': '5.14', 'epoch': '8'}
CustomImageProcessor configuration saved to checkpoints/camera_ready_run_menon_logit_adjusted_lr5e5_s42/checkpoint-128/preprocessor_config.json
{'loss': '0.1727', 'grad_norm': '14.36', 'learning_rate': '4.662e-05', 'epoch': '8.131'}
{'loss': '0.148', 'grad_norm': '35.27', 'learning_rate': '4.572e-05', 'epoch': '8.787'}
{'eval_loss': '0.05768', 'eval_accuracy': '0.9806', 'eval_f1': '0.9806', 'eval_balanced_accuracy': '0.9806', 'eval_macro_f1': '0.9806', 'eval_atc': '0.01935', 'eval_normalized_atc': '0.001935', 'eval_target_recall': '0.9355', 'eval_target_recall_macro': '0.9839', 'eval_target_fnr': '0', 'eval_selection_score': '0.001935', 'eval_selection_accuracy_value': '0.9806', 'eval_nll': '0.05768', 'eval_brier': '0.02709', 'eval_ece': '0.02184', 'eval_auroc': '0', 'eval_auprc': '0', 'eval_runtime': '4.339', 'eval_samples_per_second': '71.44', 'eval_steps_per_second': '4.609', 'epoch': '9'}
CustomImageProcessor configuration saved to checkpoints/camera_ready_run_menon_logit_adjusted_lr5e5_s42/checkpoint-144/preprocessor_config.json
{'loss': '0.1858', 'grad_norm': '38.82', 'learning_rate': '4.471e-05', 'epoch': '9.393'}
{'loss': '0.2979', 'grad_norm': '9.053', 'learning_rate': '4.362e-05', 'epoch': '10'}
{'eval_loss': '0.03284', 'eval_accuracy': '0.9935', 'eval_f1': '0.9935', 'eval_balanced_accuracy': '0.9935', 'eval_macro_f1': '0.9935', 'eval_atc': '0.006452', 'eval_normalized_atc': '0.0006452', 'eval_target_recall': '0.9355', 'eval_target_recall_macro': '0.9839', 'eval_target_fnr': '0', 'eval_selection_score': '0.0006452', 'eval_selection_accuracy_value': '0.9935', 'eval_nll': '0.03284', 'eval_brier': '0.01391', 'eval_ece': '0.01619', 'eval_auroc': '0', 'eval_auprc': '0', 'eval_runtime': '3.775', 'eval_samples_per_second': '82.12', 'eval_steps_per_second': '5.298', 'epoch': '10'}
CustomImageProcessor configuration saved to checkpoints/camera_ready_run_menon_logit_adjusted_lr5e5_s42/checkpoint-160/preprocessor_config.json
{'loss': '0.07744', 'grad_norm': '27.18', 'learning_rate': '4.243e-05', 'epoch': '10.66'}
{'eval_loss': '0.07855', 'eval_accuracy': '0.971', 'eval_f1': '0.9715', 'eval_balanced_accuracy': '0.971', 'eval_macro_f1': '0.9715', 'eval_atc': '0.05806', 'eval_normalized_atc': '0.005806', 'eval_target_recall': '0.9032', 'eval_target_recall_macro': '0.9597', 'eval_target_fnr': '0', 'eval_selection_score': '0.005806', 'eval_selection_accuracy_value': '0.971', 'eval_nll': '0.07855', 'eval_brier': '0.04372', 'eval_ece': '0.0128', 'eval_auroc': '0', 'eval_auprc': '0', 'eval_runtime': '4.037', 'eval_samples_per_second': '76.78', 'eval_steps_per_second': '4.954', 'epoch': '11'}
CustomImageProcessor configuration saved to checkpoints/camera_ready_run_menon_logit_adjusted_lr5e5_s42/checkpoint-176/preprocessor_config.json
{'loss': '0.06251', 'grad_norm': '2.121', 'learning_rate': '4.117e-05', 'epoch': '11.26'}
{'loss': '0.09316', 'grad_norm': '4.949', 'learning_rate': '3.983e-05', 'epoch': '11.92'}
{'eval_loss': '0.07589', 'eval_accuracy': '0.9742', 'eval_f1': '0.9738', 'eval_balanced_accuracy': '0.9742', 'eval_macro_f1': '0.9738', 'eval_atc': '0.05484', 'eval_normalized_atc': '0.005484', 'eval_target_recall': '0.8387', 'eval_target_recall_macro': '0.9597', 'eval_target_fnr': '0', 'eval_selection_score': '0.02051', 'eval_selection_accuracy_value': '0.9742', 'eval_nll': '0.07589', 'eval_brier': '0.03816', 'eval_ece': '0.01299', 'eval_auroc': '0', 'eval_auprc': '0', 'eval_runtime': '3.918', 'eval_samples_per_second': '79.12', 'eval_steps_per_second': '5.105', 'epoch': '12'}
CustomImageProcessor configuration saved to checkpoints/camera_ready_run_menon_logit_adjusted_lr5e5_s42/checkpoint-192/preprocessor_config.json
{'loss': '0.07786', 'grad_norm': '14.31', 'learning_rate': '3.842e-05', 'epoch': '12.52'}
{'eval_loss': '0.06103', 'eval_accuracy': '0.9806', 'eval_f1': '0.9804', 'eval_balanced_accuracy': '0.9806', 'eval_macro_f1': '0.9804', 'eval_atc': '0.01935', 'eval_normalized_atc': '0.001935', 'eval_target_recall': '0.871', 'eval_target_recall_macro': '0.9677', 'eval_target_fnr': '0', 'eval_selection_score': '0.005307', 'eval_selection_accuracy_value': '0.9806', 'eval_nll': '0.06103', 'eval_brier': '0.03182', 'eval_ece': '0.006707', 'eval_auroc': '0', 'eval_auprc': '0', 'eval_runtime': '4.177', 'eval_samples_per_second': '74.21', 'eval_steps_per_second': '4.788', 'epoch': '13'}
CustomImageProcessor configuration saved to checkpoints/camera_ready_run_menon_logit_adjusted_lr5e5_s42/checkpoint-208/preprocessor_config.json
{'loss': '0.03033', 'grad_norm': '17.63', 'learning_rate': '3.695e-05', 'epoch': '13.13'}
{'loss': '0.02979', 'grad_norm': '1.373', 'learning_rate': '3.543e-05', 'epoch': '13.79'}
{'eval_loss': '0.03957', 'eval_accuracy': '0.9839', 'eval_f1': '0.9839', 'eval_balanced_accuracy': '0.9839', 'eval_macro_f1': '0.9839', 'eval_atc': '0.01613', 'eval_normalized_atc': '0.001613', 'eval_target_recall': '0.9677', 'eval_target_recall_macro': '0.9919', 'eval_target_fnr': '0', 'eval_selection_score': '0.001613', 'eval_selection_accuracy_value': '0.9839', 'eval_nll': '0.03957', 'eval_brier': '0.02095', 'eval_ece': '0.01261', 'eval_auroc': '0', 'eval_auprc': '0', 'eval_runtime': '3.959', 'eval_samples_per_second': '78.31', 'eval_steps_per_second': '5.052', 'epoch': '14'}
CustomImageProcessor configuration saved to checkpoints/camera_ready_run_menon_logit_adjusted_lr5e5_s42/checkpoint-224/preprocessor_config.json
{'loss': '0.01769', 'grad_norm': '45.13', 'learning_rate': '3.385e-05', 'epoch': '14.39'}
{'loss': '0.005471', 'grad_norm': '0.2561', 'learning_rate': '3.224e-05', 'epoch': '15'}
{'eval_loss': '0.08635', 'eval_accuracy': '0.971', 'eval_f1': '0.9706', 'eval_balanced_accuracy': '0.971', 'eval_macro_f1': '0.9706', 'eval_atc': '0.05806', 'eval_normalized_atc': '0.005806', 'eval_target_recall': '0.8387', 'eval_target_recall_macro': '0.9597', 'eval_target_fnr': '0', 'eval_selection_score': '0.02083', 'eval_selection_accuracy_value': '0.971', 'eval_nll': '0.08635', 'eval_brier': '0.0429', 'eval_ece': '0.02475', 'eval_auroc': '0', 'eval_auprc': '0', 'eval_runtime': '3.908', 'eval_samples_per_second': '79.33', 'eval_steps_per_second': '5.118', 'epoch': '15'}
CustomImageProcessor configuration saved to checkpoints/camera_ready_run_menon_logit_adjusted_lr5e5_s42/checkpoint-240/preprocessor_config.json
{'loss': '0.04757', 'grad_norm': '0.138', 'learning_rate': '3.059e-05', 'epoch': '15.66'}
{'eval_loss': '0.01721', 'eval_accuracy': '0.9935', 'eval_f1': '0.9935', 'eval_balanced_accuracy': '0.9935', 'eval_macro_f1': '0.9935', 'eval_atc': '0.006452', 'eval_normalized_atc': '0.0006452', 'eval_target_recall': '0.9355', 'eval_target_recall_macro': '0.9839', 'eval_target_fnr': '0', 'eval_selection_score': '0.0006452', 'eval_selection_accuracy_value': '0.9935', 'eval_nll': '0.01721', 'eval_brier': '0.01068', 'eval_ece': '0.01106', 'eval_auroc': '0', 'eval_auprc': '0', 'eval_runtime': '4.308', 'eval_samples_per_second': '71.95', 'eval_steps_per_second': '4.642', 'epoch': '16'}
CustomImageProcessor configuration saved to checkpoints/camera_ready_run_menon_logit_adjusted_lr5e5_s42/checkpoint-256/preprocessor_config.json
{'loss': '0.002291', 'grad_norm': '0.3554', 'learning_rate': '2.891e-05', 'epoch': '16.26'}
{'loss': '0.002517', 'grad_norm': '0.7662', 'learning_rate': '2.722e-05', 'epoch': '16.92'}
{'eval_loss': '0.01603', 'eval_accuracy': '0.9968', 'eval_f1': '0.9968', 'eval_balanced_accuracy': '0.9968', 'eval_macro_f1': '0.9968', 'eval_atc': '0.003226', 'eval_normalized_atc': '0.0003226', 'eval_target_recall': '1', 'eval_target_recall_macro': '1', 'eval_target_fnr': '0', 'eval_selection_score': '0.0003226', 'eval_selection_accuracy_value': '0.9968', 'eval_nll': '0.01603', 'eval_brier': '0.008818', 'eval_ece': '0.008771', 'eval_auroc': '0', 'eval_auprc': '0', 'eval_runtime': '3.406', 'eval_samples_per_second': '91', 'eval_steps_per_second': '5.871', 'epoch': '17'}
CustomImageProcessor configuration saved to checkpoints/camera_ready_run_menon_logit_adjusted_lr5e5_s42/checkpoint-272/preprocessor_config.json
{'loss': '0.04887', 'grad_norm': '0.09735', 'learning_rate': '2.551e-05', 'epoch': '17.52'}
{'eval_loss': '0.01372', 'eval_accuracy': '0.9903', 'eval_f1': '0.9904', 'eval_balanced_accuracy': '0.9903', 'eval_macro_f1': '0.9904', 'eval_atc': '0.03226', 'eval_normalized_atc': '0.003226', 'eval_target_recall': '0.9677', 'eval_target_recall_macro': '0.9839', 'eval_target_fnr': '0', 'eval_selection_score': '0.003226', 'eval_selection_accuracy_value': '0.9903', 'eval_nll': '0.01372', 'eval_brier': '0.008408', 'eval_ece': '0.009422', 'eval_auroc': '0', 'eval_auprc': '0', 'eval_runtime': '3.724', 'eval_samples_per_second': '83.25', 'eval_steps_per_second': '5.371', 'epoch': '18'}
CustomImageProcessor configuration saved to checkpoints/camera_ready_run_menon_logit_adjusted_lr5e5_s42/checkpoint-288/preprocessor_config.json
{'loss': '0.004399', 'grad_norm': '0.09034', 'learning_rate': '2.381e-05', 'epoch': '18.13'}
{'loss': '0.001875', 'grad_norm': '2.138', 'learning_rate': '2.21e-05', 'epoch': '18.79'}
{'eval_loss': '0.02874', 'eval_accuracy': '0.9839', 'eval_f1': '0.9836', 'eval_balanced_accuracy': '0.9839', 'eval_macro_f1': '0.9836', 'eval_atc': '0.04516', 'eval_normalized_atc': '0.004516', 'eval_target_recall': '0.871', 'eval_target_recall_macro': '0.9677', 'eval_target_fnr': '0', 'eval_selection_score': '0.007888', 'eval_selection_accuracy_value': '0.9839', 'eval_nll': '0.02874', 'eval_brier': '0.01881', 'eval_ece': '0.01238', 'eval_auroc': '0', 'eval_auprc': '0', 'eval_runtime': '3.879', 'eval_samples_per_second': '79.91', 'eval_steps_per_second': '5.155', 'epoch': '19'}
CustomImageProcessor configuration saved to checkpoints/camera_ready_run_menon_logit_adjusted_lr5e5_s42/checkpoint-304/preprocessor_config.json
{'loss': '0.02138', 'grad_norm': '1.584', 'learning_rate': '2.042e-05', 'epoch': '19.39'}
{'loss': '0.002244', 'grad_norm': '0.01383', 'learning_rate': '1.875e-05', 'epoch': '20'}
{'eval_loss': '0.0192', 'eval_accuracy': '0.9903', 'eval_f1': '0.9903', 'eval_balanced_accuracy': '0.9903', 'eval_macro_f1': '0.9903', 'eval_atc': '0.009677', 'eval_normalized_atc': '0.0009677', 'eval_target_recall': '0.9355', 'eval_target_recall_macro': '0.9839', 'eval_target_fnr': '0', 'eval_selection_score': '0.0009677', 'eval_selection_accuracy_value': '0.9903', 'eval_nll': '0.0192', 'eval_brier': '0.01237', 'eval_ece': '0.01023', 'eval_auroc': '0', 'eval_auprc': '0', 'eval_runtime': '4.151', 'eval_samples_per_second': '74.68', 'eval_steps_per_second': '4.818', 'epoch': '20'}
CustomImageProcessor configuration saved to checkpoints/camera_ready_run_menon_logit_adjusted_lr5e5_s42/checkpoint-320/preprocessor_config.json
{'loss': '0.001588', 'grad_norm': '0.04072', 'learning_rate': '1.711e-05', 'epoch': '20.66'}
{'eval_loss': '0.01879', 'eval_accuracy': '0.9903', 'eval_f1': '0.9903', 'eval_balanced_accuracy': '0.9903', 'eval_macro_f1': '0.9903', 'eval_atc': '0.009677', 'eval_normalized_atc': '0.0009677', 'eval_target_recall': '0.9677', 'eval_target_recall_macro': '0.9919', 'eval_target_fnr': '0', 'eval_selection_score': '0.0009677', 'eval_selection_accuracy_value': '0.9903', 'eval_nll': '0.01879', 'eval_brier': '0.01289', 'eval_ece': '0.009639', 'eval_auroc': '0', 'eval_auprc': '0', 'eval_runtime': '9.116', 'eval_samples_per_second': '34.01', 'eval_steps_per_second': '2.194', 'epoch': '21'}
CustomImageProcessor configuration saved to checkpoints/camera_ready_run_menon_logit_adjusted_lr5e5_s42/checkpoint-336/preprocessor_config.json
{'loss': '0.004965', 'grad_norm': '0.03094', 'learning_rate': '1.551e-05', 'epoch': '21.26'}
{'loss': '0.001682', 'grad_norm': '1.923', 'learning_rate': '1.396e-05', 'epoch': '21.92'}
{'eval_loss': '0.01351', 'eval_accuracy': '0.9903', 'eval_f1': '0.9902', 'eval_balanced_accuracy': '0.9903', 'eval_macro_f1': '0.9902', 'eval_atc': '0.009677', 'eval_normalized_atc': '0.0009677', 'eval_target_recall': '0.9032', 'eval_target_recall_macro': '0.9758', 'eval_target_fnr': '0', 'eval_selection_score': '0.0009677', 'eval_selection_accuracy_value': '0.9903', 'eval_nll': '0.01351', 'eval_brier': '0.008888', 'eval_ece': '0.007136', 'eval_auroc': '0', 'eval_auprc': '0', 'eval_runtime': '3.8', 'eval_samples_per_second': '81.59', 'eval_steps_per_second': '5.264', 'epoch': '22'}
CustomImageProcessor configuration saved to checkpoints/camera_ready_run_menon_logit_adjusted_lr5e5_s42/checkpoint-352/preprocessor_config.json
{'train_runtime': '344.4', 'train_samples_per_second': '90.14', 'train_steps_per_second': '1.487', 'train_loss': '0.9824', 'epoch': '22'}
***** train metrics *****
  epoch                    =       22.0
  total_flos               =        0GF
  train_loss               =     0.9824
  train_runtime            = 0:05:44.37
  train_samples_per_second =     90.135
  train_steps_per_second   =      1.487
Using device: cuda

============================================================
PERFORMING COMPREHENSIVE EVALUATION
============================================================
Results will be saved to: results/pmi10_sota_convnext_base_test/camera_ready_run_menon_logit_adjusted_lr5e5_s42_05-03_21-16
Saving run configuration...
Run configuration saved to: results/pmi10_sota_convnext_base_test/camera_ready_run_menon_logit_adjusted_lr5e5_s42_05-03_21-16/run_configuration_20260503_211641.json
Running model evaluation...
Computing detailed metrics...
Saving metrics to files...
Metrics saved to: results/pmi10_sota_convnext_base_test/camera_ready_run_menon_logit_adjusted_lr5e5_s42_05-03_21-16/metrics_20260503_211655_menon_logit_adjusted.json and results/pmi10_sota_convnext_base_test/camera_ready_run_menon_logit_adjusted_lr5e5_s42_05-03_21-16/metrics_20260503_211655_menon_logit_adjusted.txt
Using provided class names: ['00378-0208', '00378-3855', '00591-0461', '16729-0020', '50111-0434', '53489-0156', '53746-0544', '62037-0831', '68382-0008', '68382-0227']
Skipping confusion matrix visualizations by configuration.

============================================================
TRAINING COMPLETED - RESULTS SUMMARY
============================================================
Output Directory: results/pmi10_sota_convnext_base_test/camera_ready_run_menon_logit_adjusted_lr5e5_s42_05-03_21-16
Overall Accuracy: 0.9750
Balanced Accuracy: 0.9750
Overall F1 Score: 0.9751
Kappa: 0.9722
AUC: 0.9997
Expected Cost: 0.0813
Loss Function Used: menon_logit_adjusted
Total Test Samples: 320
Classes: 00378-0208, 00378-3855, 00591-0461, 16729-0020, 50111-0434, 53489-0156, 53746-0544, 62037-0831, 68382-0008, 68382-0227

Detailed metrics saved to: results/pmi10_sota_convnext_base_test/camera_ready_run_menon_logit_adjusted_lr5e5_s42_05-03_21-16
============================================================
