Prepared manifest loaded — Train=970, Val=310, Calibration=0, Test=320
cuda
Using model backend=timm type=pmi10_sota_convnext_base with 10 labels
Early stopping enabled with patience=5
Using device: cuda
{'loss': '123.5', 'grad_norm': '1749', 'learning_rate': '8.654e-06', 'epoch': '0.6557'}
{'eval_loss': '17.96', 'eval_accuracy': '0.3548', 'eval_f1': '0.2976', 'eval_balanced_accuracy': '0.3548', 'eval_macro_f1': '0.2976', 'eval_atc': '1.168', 'eval_normalized_atc': '0.1168', 'eval_target_recall': '0', 'eval_target_recall_macro': '0.2903', 'eval_target_fnr': '0.5161', 'eval_selection_score': '3.555', 'eval_selection_accuracy_value': '0.3548', 'eval_nll': '2.166', 'eval_brier': '0.8687', 'eval_ece': '0.2221', 'eval_auroc': '0', 'eval_auprc': '0', 'eval_runtime': '4.755', 'eval_samples_per_second': '65.19', 'eval_steps_per_second': '4.206', 'epoch': '1'}
CustomImageProcessor configuration saved to checkpoints/camera_ready_run_ldam_drw_lr5e5_s42/checkpoint-16/preprocessor_config.json
{'loss': '67.71', 'grad_norm': '1026', 'learning_rate': '1.827e-05', 'epoch': '1.262'}
{'loss': '53.01', 'grad_norm': '654.8', 'learning_rate': '2.788e-05', 'epoch': '1.918'}
{'eval_loss': '11.12', 'eval_accuracy': '0.671', 'eval_f1': '0.6145', 'eval_balanced_accuracy': '0.671', 'eval_macro_f1': '0.6145', 'eval_atc': '1.519', 'eval_normalized_atc': '0.1519', 'eval_target_recall': '0', 'eval_target_recall_macro': '0.4113', 'eval_target_fnr': '0.9355', 'eval_selection_score': '3.409', 'eval_selection_accuracy_value': '0.671', 'eval_nll': '1.832', 'eval_brier': '0.7777', 'eval_ece': '0.4901', 'eval_auroc': '0', 'eval_auprc': '0', 'eval_runtime': '3.752', 'eval_samples_per_second': '82.61', 'eval_steps_per_second': '5.33', 'epoch': '2'}
CustomImageProcessor configuration saved to checkpoints/camera_ready_run_ldam_drw_lr5e5_s42/checkpoint-32/preprocessor_config.json
{'loss': '36.45', 'grad_norm': '504.4', 'learning_rate': '3.75e-05', 'epoch': '2.525'}
{'eval_loss': '6.1', 'eval_accuracy': '0.8581', 'eval_f1': '0.8531', 'eval_balanced_accuracy': '0.8581', 'eval_macro_f1': '0.8531', 'eval_atc': '0.2871', 'eval_normalized_atc': '0.02871', 'eval_target_recall': '0.4194', 'eval_target_recall_macro': '0.7823', 'eval_target_fnr': '0', 'eval_selection_score': '0.9528', 'eval_selection_accuracy_value': '0.8581', 'eval_nll': '1.486', 'eval_brier': '0.663', 'eval_ece': '0.6163', 'eval_auroc': '0', 'eval_auprc': '0', 'eval_runtime': '3.494', 'eval_samples_per_second': '88.73', 'eval_steps_per_second': '5.724', 'epoch': '3'}
CustomImageProcessor configuration saved to checkpoints/camera_ready_run_ldam_drw_lr5e5_s42/checkpoint-48/preprocessor_config.json
{'loss': '27.77', 'grad_norm': '869.2', 'learning_rate': '4.712e-05', 'epoch': '3.131'}
{'loss': '17.92', 'grad_norm': '1158', 'learning_rate': '4.997e-05', 'epoch': '3.787'}
{'eval_loss': '3.598', 'eval_accuracy': '0.9032', 'eval_f1': '0.9005', 'eval_balanced_accuracy': '0.9032', 'eval_macro_f1': '0.9005', 'eval_atc': '0.1484', 'eval_normalized_atc': '0.01484', 'eval_target_recall': '0.6452', 'eval_target_recall_macro': '0.8952', 'eval_target_fnr': '0', 'eval_selection_score': '0.2746', 'eval_selection_accuracy_value': '0.9032', 'eval_nll': '1.137', 'eval_brier': '0.5104', 'eval_ece': '0.5543', 'eval_auroc': '0', 'eval_auprc': '0', 'eval_runtime': '3.732', 'eval_samples_per_second': '83.07', 'eval_steps_per_second': '5.359', 'epoch': '4'}
CustomImageProcessor configuration saved to checkpoints/camera_ready_run_ldam_drw_lr5e5_s42/checkpoint-64/preprocessor_config.json
{'loss': '9.293', 'grad_norm': '558.8', 'learning_rate': '4.983e-05', 'epoch': '4.393'}
{'loss': '9.671', 'grad_norm': '432.8', 'learning_rate': '4.958e-05', 'epoch': '5'}
{'eval_loss': '1.832', 'eval_accuracy': '0.9613', 'eval_f1': '0.9604', 'eval_balanced_accuracy': '0.9613', 'eval_macro_f1': '0.9604', 'eval_atc': '0.09677', 'eval_normalized_atc': '0.009677', 'eval_target_recall': '0.7419', 'eval_target_recall_macro': '0.9113', 'eval_target_fnr': '0', 'eval_selection_score': '0.1096', 'eval_selection_accuracy_value': '0.9613', 'eval_nll': '0.9106', 'eval_brier': '0.397', 'eval_ece': '0.5287', 'eval_auroc': '0', 'eval_auprc': '0', 'eval_runtime': '3.569', 'eval_samples_per_second': '86.86', 'eval_steps_per_second': '5.604', 'epoch': '5'}
CustomImageProcessor configuration saved to checkpoints/camera_ready_run_ldam_drw_lr5e5_s42/checkpoint-80/preprocessor_config.json
{'loss': '6.367', 'grad_norm': '496.7', 'learning_rate': '4.921e-05', 'epoch': '5.656'}
{'eval_loss': '3.384', 'eval_accuracy': '0.9129', 'eval_f1': '0.9124', 'eval_balanced_accuracy': '0.9129', 'eval_macro_f1': '0.9124', 'eval_atc': '0.3484', 'eval_normalized_atc': '0.03484', 'eval_target_recall': '0.7097', 'eval_target_recall_macro': '0.8871', 'eval_target_fnr': '0', 'eval_selection_score': '0.1797', 'eval_selection_accuracy_value': '0.9129', 'eval_nll': '0.8953', 'eval_brier': '0.3956', 'eval_ece': '0.4647', 'eval_auroc': '0', 'eval_auprc': '0', 'eval_runtime': '3.515', 'eval_samples_per_second': '88.2', 'eval_steps_per_second': '5.69', 'epoch': '6'}
CustomImageProcessor configuration saved to checkpoints/camera_ready_run_ldam_drw_lr5e5_s42/checkpoint-96/preprocessor_config.json
{'loss': '4.004', 'grad_norm': '561.1', 'learning_rate': '4.872e-05', 'epoch': '6.262'}
{'loss': '2.929', 'grad_norm': '171.8', 'learning_rate': '4.813e-05', 'epoch': '6.918'}
{'eval_loss': '1.051', 'eval_accuracy': '0.971', 'eval_f1': '0.9712', 'eval_balanced_accuracy': '0.971', 'eval_macro_f1': '0.9712', 'eval_atc': '0.05806', 'eval_normalized_atc': '0.005806', 'eval_target_recall': '0.871', 'eval_target_recall_macro': '0.9597', 'eval_target_fnr': '0', 'eval_selection_score': '0.009178', 'eval_selection_accuracy_value': '0.971', 'eval_nll': '0.7025', 'eval_brier': '0.2912', 'eval_ece': '0.4503', 'eval_auroc': '0', 'eval_auprc': '0', 'eval_runtime': '3.776', 'eval_samples_per_second': '82.09', 'eval_steps_per_second': '5.296', 'epoch': '7'}
CustomImageProcessor configuration saved to checkpoints/camera_ready_run_ldam_drw_lr5e5_s42/checkpoint-112/preprocessor_config.json
{'loss': '1.86', 'grad_norm': '305.8', 'learning_rate': '4.743e-05', 'epoch': '7.525'}
{'eval_loss': '4.129', 'eval_accuracy': '0.8806', 'eval_f1': '0.8708', 'eval_balanced_accuracy': '0.8806', 'eval_macro_f1': '0.8708', 'eval_atc': '0.6516', 'eval_normalized_atc': '0.06516', 'eval_target_recall': '0.2903', 'eval_target_recall_macro': '0.7581', 'eval_target_fnr': '0', 'eval_selection_score': '1.552', 'eval_selection_accuracy_value': '0.8806', 'eval_nll': '0.7293', 'eval_brier': '0.3064', 'eval_ece': '0.3426', 'eval_auroc': '0', 'eval_auprc': '0', 'eval_runtime': '3.801', 'eval_samples_per_second': '81.55', 'eval_steps_per_second': '5.261', 'epoch': '8'}
CustomImageProcessor configuration saved to checkpoints/camera_ready_run_ldam_drw_lr5e5_s42/checkpoint-128/preprocessor_config.json
{'loss': '2.029', 'grad_norm': '856.6', 'learning_rate': '4.662e-05', 'epoch': '8.131'}
{'loss': '3.824', 'grad_norm': '625.6', 'learning_rate': '4.572e-05', 'epoch': '8.787'}
{'eval_loss': '0.8065', 'eval_accuracy': '0.9839', 'eval_f1': '0.984', 'eval_balanced_accuracy': '0.9839', 'eval_macro_f1': '0.984', 'eval_atc': '0.04516', 'eval_normalized_atc': '0.004516', 'eval_target_recall': '0.9677', 'eval_target_recall_macro': '0.9919', 'eval_target_fnr': '0', 'eval_selection_score': '0.004516', 'eval_selection_accuracy_value': '0.9839', 'eval_nll': '0.5764', 'eval_brier': '0.2306', 'eval_ece': '0.3985', 'eval_auroc': '0', 'eval_auprc': '0', 'eval_runtime': '4.039', 'eval_samples_per_second': '76.74', 'eval_steps_per_second': '4.951', 'epoch': '9'}
CustomImageProcessor configuration saved to checkpoints/camera_ready_run_ldam_drw_lr5e5_s42/checkpoint-144/preprocessor_config.json
{'loss': '2.013', 'grad_norm': '991.4', 'learning_rate': '4.471e-05', 'epoch': '9.393'}
{'loss': '2.177', 'grad_norm': '624.3', 'learning_rate': '4.362e-05', 'epoch': '10'}
{'eval_loss': '2.028', 'eval_accuracy': '0.9484', 'eval_f1': '0.9489', 'eval_balanced_accuracy': '0.9484', 'eval_macro_f1': '0.9489', 'eval_atc': '0.1677', 'eval_normalized_atc': '0.01677', 'eval_target_recall': '0.8387', 'eval_target_recall_macro': '0.9274', 'eval_target_fnr': '0', 'eval_selection_score': '0.0318', 'eval_selection_accuracy_value': '0.9484', 'eval_nll': '0.531', 'eval_brier': '0.2127', 'eval_ece': '0.3211', 'eval_auroc': '0', 'eval_auprc': '0', 'eval_runtime': '3.998', 'eval_samples_per_second': '77.54', 'eval_steps_per_second': '5.002', 'epoch': '10'}
CustomImageProcessor configuration saved to checkpoints/camera_ready_run_ldam_drw_lr5e5_s42/checkpoint-160/preprocessor_config.json
{'loss': '2.531', 'grad_norm': '759.5', 'learning_rate': '4.243e-05', 'epoch': '10.66'}
{'eval_loss': '1.445', 'eval_accuracy': '0.9645', 'eval_f1': '0.9646', 'eval_balanced_accuracy': '0.9645', 'eval_macro_f1': '0.9646', 'eval_atc': '0.03548', 'eval_normalized_atc': '0.003548', 'eval_target_recall': '0.9032', 'eval_target_recall_macro': '0.9758', 'eval_target_fnr': '0', 'eval_selection_score': '0.003548', 'eval_selection_accuracy_value': '0.9645', 'eval_nll': '0.5118', 'eval_brier': '0.1963', 'eval_ece': '0.3279', 'eval_auroc': '0', 'eval_auprc': '0', 'eval_runtime': '3.672', 'eval_samples_per_second': '84.42', 'eval_steps_per_second': '5.447', 'epoch': '11'}
CustomImageProcessor configuration saved to checkpoints/camera_ready_run_ldam_drw_lr5e5_s42/checkpoint-176/preprocessor_config.json
{'loss': '1.764', 'grad_norm': '221.1', 'learning_rate': '4.117e-05', 'epoch': '11.26'}
{'loss': '3.396', 'grad_norm': '552.5', 'learning_rate': '3.983e-05', 'epoch': '11.92'}
{'eval_loss': '0.5602', 'eval_accuracy': '0.9871', 'eval_f1': '0.987', 'eval_balanced_accuracy': '0.9871', 'eval_macro_f1': '0.987', 'eval_atc': '0.0129', 'eval_normalized_atc': '0.00129', 'eval_target_recall': '0.9032', 'eval_target_recall_macro': '0.9758', 'eval_target_fnr': '0', 'eval_selection_score': '0.00129', 'eval_selection_accuracy_value': '0.9871', 'eval_nll': '0.477', 'eval_brier': '0.175', 'eval_ece': '0.3409', 'eval_auroc': '0', 'eval_auprc': '0', 'eval_runtime': '3.723', 'eval_samples_per_second': '83.27', 'eval_steps_per_second': '5.372', 'epoch': '12'}
CustomImageProcessor configuration saved to checkpoints/camera_ready_run_ldam_drw_lr5e5_s42/checkpoint-192/preprocessor_config.json
{'loss': '1.614', 'grad_norm': '271.5', 'learning_rate': '3.842e-05', 'epoch': '12.52'}
{'eval_loss': '1.489', 'eval_accuracy': '0.9548', 'eval_f1': '0.954', 'eval_balanced_accuracy': '0.9548', 'eval_macro_f1': '0.954', 'eval_atc': '0.1032', 'eval_normalized_atc': '0.01032', 'eval_target_recall': '0.8065', 'eval_target_recall_macro': '0.9435', 'eval_target_fnr': '0', 'eval_selection_score': '0.04533', 'eval_selection_accuracy_value': '0.9548', 'eval_nll': '0.5268', 'eval_brier': '0.2003', 'eval_ece': '0.3301', 'eval_auroc': '0', 'eval_auprc': '0', 'eval_runtime': '3.91', 'eval_samples_per_second': '79.27', 'eval_steps_per_second': '5.114', 'epoch': '13'}
CustomImageProcessor configuration saved to checkpoints/camera_ready_run_ldam_drw_lr5e5_s42/checkpoint-208/preprocessor_config.json
{'loss': '0.3568', 'grad_norm': '758.7', 'learning_rate': '3.695e-05', 'epoch': '13.13'}
{'loss': '2.075', 'grad_norm': '1446', 'learning_rate': '3.543e-05', 'epoch': '13.79'}
{'eval_loss': '0.6346', 'eval_accuracy': '0.9871', 'eval_f1': '0.987', 'eval_balanced_accuracy': '0.9871', 'eval_macro_f1': '0.987', 'eval_atc': '0.0129', 'eval_normalized_atc': '0.00129', 'eval_target_recall': '0.9032', 'eval_target_recall_macro': '0.9758', 'eval_target_fnr': '0', 'eval_selection_score': '0.00129', 'eval_selection_accuracy_value': '0.9871', 'eval_nll': '0.457', 'eval_brier': '0.1651', 'eval_ece': '0.3289', 'eval_auroc': '0', 'eval_auprc': '0', 'eval_runtime': '3.808', 'eval_samples_per_second': '81.41', 'eval_steps_per_second': '5.252', 'epoch': '14'}
CustomImageProcessor configuration saved to checkpoints/camera_ready_run_ldam_drw_lr5e5_s42/checkpoint-224/preprocessor_config.json
{'train_runtime': '212.6', 'train_samples_per_second': '146', 'train_steps_per_second': '2.409', 'train_loss': '17.07', 'epoch': '14'}
***** train metrics *****
  epoch                    =       14.0
  total_flos               =        0GF
  train_loss               =    17.0697
  train_runtime            = 0:03:32.55
  train_samples_per_second =    146.036
  train_steps_per_second   =      2.409
Using device: cuda

============================================================
PERFORMING COMPREHENSIVE EVALUATION
============================================================
Results will be saved to: results/pmi10_sota_convnext_base_test/camera_ready_run_ldam_drw_lr5e5_s42_05-03_21-30
Saving run configuration...
Run configuration saved to: results/pmi10_sota_convnext_base_test/camera_ready_run_ldam_drw_lr5e5_s42_05-03_21-30/run_configuration_20260503_213004.json
Running model evaluation...
Computing detailed metrics...
Saving metrics to files...
Metrics saved to: results/pmi10_sota_convnext_base_test/camera_ready_run_ldam_drw_lr5e5_s42_05-03_21-30/metrics_20260503_213012_ldam_drw.json and results/pmi10_sota_convnext_base_test/camera_ready_run_ldam_drw_lr5e5_s42_05-03_21-30/metrics_20260503_213012_ldam_drw.txt
Using provided class names: ['00378-0208', '00378-3855', '00591-0461', '16729-0020', '50111-0434', '53489-0156', '53746-0544', '62037-0831', '68382-0008', '68382-0227']
Skipping confusion matrix visualizations by configuration.

============================================================
TRAINING COMPLETED - RESULTS SUMMARY
============================================================
Output Directory: results/pmi10_sota_convnext_base_test/camera_ready_run_ldam_drw_lr5e5_s42_05-03_21-30
Overall Accuracy: 0.9531
Balanced Accuracy: 0.9531
Overall F1 Score: 0.9541
Kappa: 0.9479
AUC: 0.9978
Expected Cost: 0.1688
Loss Function Used: ldam_drw
Total Test Samples: 320
Classes: 00378-0208, 00378-3855, 00591-0461, 16729-0020, 50111-0434, 53489-0156, 53746-0544, 62037-0831, 68382-0008, 68382-0227

Detailed metrics saved to: results/pmi10_sota_convnext_base_test/camera_ready_run_ldam_drw_lr5e5_s42_05-03_21-30
============================================================
