Prepared manifest loaded — Train=970, Val=310, Calibration=0, Test=320
cuda
Using model backend=timm type=pmi10_sota_convnext_base with 10 labels
Loaded initial checkpoint: checkpoints/camera_ready_run_ce_anchor_pretty_lr5e5_s42/checkpoint-224/model.safetensors
Early stopping enabled with patience=3
Using device: cuda
{'loss': '81.89', 'grad_norm': '316.7', 'learning_rate': '5.625e-06', 'epoch': '0.6557'}
{'eval_loss': '0.7185', 'eval_accuracy': '0.8355', 'eval_f1': '0.8091', 'eval_balanced_accuracy': '0.8355', 'eval_macro_f1': '0.8091', 'eval_atc': '0.2323', 'eval_normalized_atc': '0.02323', 'eval_target_recall': '0.871', 'eval_target_recall_macro': '0.9435', 'eval_target_fnr': '0', 'eval_selection_score': '0.0266', 'eval_selection_accuracy_value': '0.8355', 'eval_nll': '0.7185', 'eval_brier': '0.2762', 'eval_ece': '0.1292', 'eval_auroc': '0', 'eval_auprc': '0', 'eval_runtime': '4.537', 'eval_samples_per_second': '68.33', 'eval_steps_per_second': '4.408', 'epoch': '1'}
CustomImageProcessor configuration saved to checkpoints/camera_ready_run_csada_lr5e5_s42/checkpoint-16/preprocessor_config.json
{'loss': '60.89', 'grad_norm': '251.6', 'learning_rate': '9.989e-06', 'epoch': '1.262'}
{'loss': '44.13', 'grad_norm': '246.4', 'learning_rate': '9.8e-06', 'epoch': '1.918'}
{'eval_loss': '1.589', 'eval_accuracy': '0.6161', 'eval_f1': '0.5384', 'eval_balanced_accuracy': '0.6161', 'eval_macro_f1': '0.5384', 'eval_atc': '0.971', 'eval_normalized_atc': '0.0971', 'eval_target_recall': '0.129', 'eval_target_recall_macro': '0.7661', 'eval_target_fnr': '0', 'eval_selection_score': '2.508', 'eval_selection_accuracy_value': '0.6161', 'eval_nll': '1.589', 'eval_brier': '0.6257', 'eval_ece': '0.2928', 'eval_auroc': '0', 'eval_auprc': '0', 'eval_runtime': '3.963', 'eval_samples_per_second': '78.22', 'eval_steps_per_second': '5.046', 'epoch': '2'}
CustomImageProcessor configuration saved to checkpoints/camera_ready_run_csada_lr5e5_s42/checkpoint-32/preprocessor_config.json
{'loss': '27.81', 'grad_norm': '191.1', 'learning_rate': '9.384e-06', 'epoch': '2.525'}
{'eval_loss': '1.168', 'eval_accuracy': '0.6742', 'eval_f1': '0.5984', 'eval_balanced_accuracy': '0.6742', 'eval_macro_f1': '0.5984', 'eval_atc': '0.9581', 'eval_normalized_atc': '0.09581', 'eval_target_recall': '0.09677', 'eval_target_recall_macro': '0.7581', 'eval_target_fnr': '0', 'eval_selection_score': '2.692', 'eval_selection_accuracy_value': '0.6742', 'eval_nll': '1.168', 'eval_brier': '0.4786', 'eval_ece': '0.1642', 'eval_auroc': '0', 'eval_auprc': '0', 'eval_runtime': '3.689', 'eval_samples_per_second': '84.04', 'eval_steps_per_second': '5.422', 'epoch': '3'}
CustomImageProcessor configuration saved to checkpoints/camera_ready_run_csada_lr5e5_s42/checkpoint-48/preprocessor_config.json
{'loss': '21.02', 'grad_norm': '145', 'learning_rate': '8.759e-06', 'epoch': '3.131'}
{'loss': '18.36', 'grad_norm': '100.9', 'learning_rate': '7.957e-06', 'epoch': '3.787'}
{'eval_loss': '1.107', 'eval_accuracy': '0.7355', 'eval_f1': '0.6748', 'eval_balanced_accuracy': '0.7355', 'eval_macro_f1': '0.6748', 'eval_atc': '0.3548', 'eval_normalized_atc': '0.03548', 'eval_target_recall': '0.7742', 'eval_target_recall_macro': '0.8952', 'eval_target_fnr': '0', 'eval_selection_score': '0.103', 'eval_selection_accuracy_value': '0.7355', 'eval_nll': '1.107', 'eval_brier': '0.505', 'eval_ece': '0.2519', 'eval_auroc': '0', 'eval_auprc': '0', 'eval_runtime': '4.141', 'eval_samples_per_second': '74.87', 'eval_steps_per_second': '4.83', 'epoch': '4'}
CustomImageProcessor configuration saved to checkpoints/camera_ready_run_csada_lr5e5_s42/checkpoint-64/preprocessor_config.json
{'train_runtime': '113.9', 'train_samples_per_second': '85.14', 'train_steps_per_second': '1.404', 'train_loss': '40.5', 'epoch': '4'}
***** train metrics *****
  epoch                    =        4.0
  total_flos               =        0GF
  train_loss               =    40.5031
  train_runtime            = 0:01:53.93
  train_samples_per_second =     85.137
  train_steps_per_second   =      1.404
Using device: cuda

============================================================
PERFORMING COMPREHENSIVE EVALUATION
============================================================
Results will be saved to: results/pmi10_sota_convnext_base_test/camera_ready_run_csada_lr5e5_s42_05-03_21-37
Saving run configuration...
Run configuration saved to: results/pmi10_sota_convnext_base_test/camera_ready_run_csada_lr5e5_s42_05-03_21-37/run_configuration_20260503_213728.json
Running model evaluation...
Computing detailed metrics...
Saving metrics to files...
Metrics saved to: results/pmi10_sota_convnext_base_test/camera_ready_run_csada_lr5e5_s42_05-03_21-37/metrics_20260503_213737_csada.json and results/pmi10_sota_convnext_base_test/camera_ready_run_csada_lr5e5_s42_05-03_21-37/metrics_20260503_213737_csada.txt
Using provided class names: ['00378-0208', '00378-3855', '00591-0461', '16729-0020', '50111-0434', '53489-0156', '53746-0544', '62037-0831', '68382-0008', '68382-0227']
Skipping confusion matrix visualizations by configuration.

============================================================
TRAINING COMPLETED - RESULTS SUMMARY
============================================================
Output Directory: results/pmi10_sota_convnext_base_test/camera_ready_run_csada_lr5e5_s42_05-03_21-37
Overall Accuracy: 0.8594
Balanced Accuracy: 0.8594
Overall F1 Score: 0.8398
Kappa: 0.8438
AUC: 0.9972
Expected Cost: 0.2781
Loss Function Used: csada
Total Test Samples: 320
Classes: 00378-0208, 00378-3855, 00591-0461, 16729-0020, 50111-0434, 53489-0156, 53746-0544, 62037-0831, 68382-0008, 68382-0227

Detailed metrics saved to: results/pmi10_sota_convnext_base_test/camera_ready_run_csada_lr5e5_s42_05-03_21-37
============================================================
