Prepared manifest loaded — Train=2098, Val=300, Calibration=300, Test=300
cuda
Using model backend=timm type=binary_sota_convnext_base with 2 labels
Loaded initial checkpoint: checkpoints/binary_camera_ready_cost8_7_lr5e5_multiseed_20260505/binary_spider_smoke_ce_anchor_binary_lr5e5_s42/checkpoint-33/model.safetensors
Early stopping enabled with patience=3
Using device: cuda
{'loss': '1.975', 'grad_norm': '42.34', 'learning_rate': '9.284e-06', 'epoch': '0.303'}
{'loss': '1.698', 'grad_norm': '51.98', 'learning_rate': '4.729e-06', 'epoch': '0.6061'}
{'loss': '2.452', 'grad_norm': '33.29', 'learning_rate': '4.621e-07', 'epoch': '0.9091'}
{'eval_loss': '0.5959', 'eval_accuracy': '0.8833', 'eval_f1': '0.883', 'eval_balanced_accuracy': '0.8833', 'eval_macro_f1': '0.883', 'eval_atc': '0.3267', 'eval_normalized_atc': '0.04083', 'eval_target_recall': '0.94', 'eval_target_recall_macro': '0.94', 'eval_target_fnr': '0.06', 'eval_selection_score': '0.04123', 'eval_selection_accuracy_value': '0.8833', 'eval_nll': '0.2961', 'eval_brier': '0.1755', 'eval_ece': '0.03272', 'eval_auroc': '0.9611', 'eval_auprc': '0.9651', 'eval_runtime': '3', 'eval_samples_per_second': '100', 'eval_steps_per_second': '6.333', 'epoch': '1'}
CustomImageProcessor configuration saved to checkpoints/binary_camera_ready_cost8_7_lr5e5_multiseed_20260505/binary_spider_smoke_cost_sensitive_regularized_ce_lr5e5_s42/checkpoint-33/preprocessor_config.json
{'train_runtime': '20.06', 'train_samples_per_second': '104.6', 'train_steps_per_second': '1.645', 'train_loss': '2.06', 'epoch': '1'}
***** train metrics *****
  epoch                    =        1.0
  total_flos               =        0GF
  train_loss               =     2.0599
  train_runtime            = 0:00:20.06
  train_samples_per_second =    104.575
  train_steps_per_second   =      1.645
Using device: cuda

============================================================
PERFORMING COMPREHENSIVE EVALUATION
============================================================
Results will be saved to: results/binary_sota_convnext_base_test/binary_spider_smoke_cost_sensitive_regularized_ce_lr5e5_s42_05-05_01-34
Saving run configuration...
Run configuration saved to: results/binary_sota_convnext_base_test/binary_spider_smoke_cost_sensitive_regularized_ce_lr5e5_s42_05-05_01-34/run_configuration_20260505_013401.json
Running model evaluation...
Computing detailed metrics...
Saving metrics to files...
Metrics saved to: results/binary_sota_convnext_base_test/binary_spider_smoke_cost_sensitive_regularized_ce_lr5e5_s42_05-05_01-34/metrics_20260505_013407_cost_sensitive_regularized_ce.json and results/binary_sota_convnext_base_test/binary_spider_smoke_cost_sensitive_regularized_ce_lr5e5_s42_05-05_01-34/metrics_20260505_013407_cost_sensitive_regularized_ce.txt
Using provided class names: ['black_widow', 'false_widow']
Skipping confusion matrix visualizations by configuration.

============================================================
TRAINING COMPLETED - RESULTS SUMMARY
============================================================
Output Directory: results/binary_sota_convnext_base_test/binary_spider_smoke_cost_sensitive_regularized_ce_lr5e5_s42_05-05_01-34
Overall Accuracy: 0.8900
Balanced Accuracy: 0.8900
Overall F1 Score: 0.8899
Kappa: 0.7800
AUC: 0.9660
Expected Cost: 0.4133
Loss Function Used: cost_sensitive_regularized_ce
Total Test Samples: 300
Classes: black_widow, false_widow

Detailed metrics saved to: results/binary_sota_convnext_base_test/binary_spider_smoke_cost_sensitive_regularized_ce_lr5e5_s42_05-05_01-34
============================================================
