Prepared manifest loaded — Train=3578, Val=1181, Calibration=0, Test=1186
cuda
Using model backend=timm type=pmi10_swin_small_patch4_window7_224_ms_in22k_ft_in1k with 10 labels
Early stopping enabled with patience=5
Using device: cuda
{'loss': '9.468', 'grad_norm': '35.41', 'learning_rate': '9.694e-08', 'epoch': '0.04469'}
{'loss': '9.405', 'grad_norm': '26.27', 'learning_rate': '2.047e-07', 'epoch': '0.08939'}
{'loss': '9.441', 'grad_norm': '25.75', 'learning_rate': '3.124e-07', 'epoch': '0.1341'}
{'loss': '9.333', 'grad_norm': '35.7', 'learning_rate': '4.201e-07', 'epoch': '0.1788'}
{'loss': '9.434', 'grad_norm': '56.68', 'learning_rate': '5.278e-07', 'epoch': '0.2235'}
{'loss': '9.549', 'grad_norm': '29.08', 'learning_rate': '6.355e-07', 'epoch': '0.2682'}
{'loss': '9.249', 'grad_norm': '32.16', 'learning_rate': '7.432e-07', 'epoch': '0.3128'}
{'loss': '9.262', 'grad_norm': '24.59', 'learning_rate': '8.509e-07', 'epoch': '0.3575'}
{'loss': '9.205', 'grad_norm': '33.21', 'learning_rate': '9.586e-07', 'epoch': '0.4022'}
{'loss': '9.299', 'grad_norm': '23.89', 'learning_rate': '1.066e-06', 'epoch': '0.4469'}
{'loss': '9.189', 'grad_norm': '24.78', 'learning_rate': '1.174e-06', 'epoch': '0.4916'}
{'loss': '9.089', 'grad_norm': '30.66', 'learning_rate': '1.282e-06', 'epoch': '0.5363'}
{'loss': '9.026', 'grad_norm': '30.76', 'learning_rate': '1.389e-06', 'epoch': '0.581'}
{'loss': '8.918', 'grad_norm': '26.84', 'learning_rate': '1.497e-06', 'epoch': '0.6257'}
{'loss': '9.027', 'grad_norm': '34.5', 'learning_rate': '1.605e-06', 'epoch': '0.6704'}
{'loss': '8.588', 'grad_norm': '30.11', 'learning_rate': '1.713e-06', 'epoch': '0.7151'}
{'loss': '8.854', 'grad_norm': '28.95', 'learning_rate': '1.82e-06', 'epoch': '0.7598'}
{'loss': '8.757', 'grad_norm': '136.2', 'learning_rate': '1.928e-06', 'epoch': '0.8045'}
{'loss': '8.47', 'grad_norm': '41.02', 'learning_rate': '2.036e-06', 'epoch': '0.8492'}
{'loss': '8.771', 'grad_norm': '37.02', 'learning_rate': '2.143e-06', 'epoch': '0.8939'}
{'loss': '8.459', 'grad_norm': '96.63', 'learning_rate': '2.251e-06', 'epoch': '0.9385'}
{'loss': '8.706', 'grad_norm': '29.46', 'learning_rate': '2.359e-06', 'epoch': '0.9832'}
{'eval_loss': '2.059', 'eval_accuracy': '0.5021', 'eval_f1': '0.3203', 'eval_balanced_accuracy': '0.3418', 'eval_macro_f1': '0.3203', 'eval_atc': '0.7951', 'eval_normalized_atc': '0.07951', 'eval_target_recall': '0', 'eval_target_recall_macro': '0.253', 'eval_target_fnr': '0.6281', 'eval_selection_score': '3.486', 'eval_selection_accuracy_value': '0.3418', 'eval_nll': '1.941', 'eval_brier': '0.819', 'eval_ece': '0.3351', 'eval_auroc': '0', 'eval_auprc': '0', 'eval_runtime': '12.04', 'eval_samples_per_second': '98.12', 'eval_steps_per_second': '24.59', 'epoch': '1'}
CustomImageProcessor configuration saved to checkpoints/hpo-nicme_swin_small_patch4_window7_224_ms_in22k_ft_in1k_nicme_hybrid_s42_trial0004/checkpoint-224/preprocessor_config.json
{'loss': '7.829', 'grad_norm': '38.09', 'learning_rate': '2.467e-06', 'epoch': '1.027'}
{'loss': '8.12', 'grad_norm': '103.6', 'learning_rate': '2.574e-06', 'epoch': '1.072'}
{'loss': '8.023', 'grad_norm': '30.17', 'learning_rate': '2.682e-06', 'epoch': '1.116'}
{'loss': '7.662', 'grad_norm': '28.9', 'learning_rate': '2.79e-06', 'epoch': '1.161'}
{'loss': '7.522', 'grad_norm': '35.46', 'learning_rate': '2.897e-06', 'epoch': '1.206'}
{'loss': '7.107', 'grad_norm': '31.26', 'learning_rate': '3.005e-06', 'epoch': '1.25'}
{'loss': '7.757', 'grad_norm': '176.7', 'learning_rate': '3.113e-06', 'epoch': '1.295'}
{'loss': '7.941', 'grad_norm': '98.04', 'learning_rate': '3.221e-06', 'epoch': '1.34'}
{'loss': '6.835', 'grad_norm': '33.76', 'learning_rate': '3.328e-06', 'epoch': '1.384'}
{'loss': '7.279', 'grad_norm': '143.1', 'learning_rate': '3.436e-06', 'epoch': '1.429'}
{'loss': '6.361', 'grad_norm': '42.26', 'learning_rate': '3.544e-06', 'epoch': '1.474'}
{'loss': '7.32', 'grad_norm': '41.76', 'learning_rate': '3.651e-06', 'epoch': '1.518'}
{'loss': '6.782', 'grad_norm': '285.5', 'learning_rate': '3.759e-06', 'epoch': '1.563'}
{'loss': '7.935', 'grad_norm': '193', 'learning_rate': '3.867e-06', 'epoch': '1.608'}
{'loss': '6.811', 'grad_norm': '111.8', 'learning_rate': '3.975e-06', 'epoch': '1.653'}
{'loss': '6.553', 'grad_norm': '752.4', 'learning_rate': '4.082e-06', 'epoch': '1.697'}
{'loss': '6.816', 'grad_norm': '132.9', 'learning_rate': '4.19e-06', 'epoch': '1.742'}
{'loss': '5.853', 'grad_norm': '36.95', 'learning_rate': '4.298e-06', 'epoch': '1.787'}
{'loss': '6.289', 'grad_norm': '139.2', 'learning_rate': '4.405e-06', 'epoch': '1.831'}
{'loss': '5.566', 'grad_norm': '50.42', 'learning_rate': '4.513e-06', 'epoch': '1.876'}
{'loss': '5.928', 'grad_norm': '41.34', 'learning_rate': '4.621e-06', 'epoch': '1.921'}
{'loss': '5.199', 'grad_norm': '44.97', 'learning_rate': '4.729e-06', 'epoch': '1.965'}
{'eval_loss': '1.21', 'eval_accuracy': '0.7875', 'eval_f1': '0.5871', 'eval_balanced_accuracy': '0.5966', 'eval_macro_f1': '0.5871', 'eval_atc': '0.5419', 'eval_normalized_atc': '0.05419', 'eval_target_recall': '0.05128', 'eval_target_recall_macro': '0.5812', 'eval_target_fnr': '0.05025', 'eval_selection_score': '2.959', 'eval_selection_accuracy_value': '0.5966', 'eval_nll': '1.004', 'eval_brier': '0.462', 'eval_ece': '0.3632', 'eval_auroc': '0', 'eval_auprc': '0', 'eval_runtime': '11.97', 'eval_samples_per_second': '98.69', 'eval_steps_per_second': '24.73', 'epoch': '2'}
CustomImageProcessor configuration saved to checkpoints/hpo-nicme_swin_small_patch4_window7_224_ms_in22k_ft_in1k_nicme_hybrid_s42_trial0004/checkpoint-448/preprocessor_config.json
{'loss': '5.499', 'grad_norm': '49.27', 'learning_rate': '4.836e-06', 'epoch': '2.009'}
{'loss': '5.041', 'grad_norm': '47.05', 'learning_rate': '4.944e-06', 'epoch': '2.054'}
{'loss': '4.056', 'grad_norm': '42.2', 'learning_rate': '5.052e-06', 'epoch': '2.098'}
{'loss': '5.687', 'grad_norm': '41.49', 'learning_rate': '5.159e-06', 'epoch': '2.143'}
{'loss': '4.537', 'grad_norm': '41.14', 'learning_rate': '5.221e-06', 'epoch': '2.188'}
{'loss': '4.743', 'grad_norm': '40.62', 'learning_rate': '5.212e-06', 'epoch': '2.232'}
{'loss': '4.071', 'grad_norm': '140.7', 'learning_rate': '5.204e-06', 'epoch': '2.277'}
{'loss': '3.793', 'grad_norm': '39.34', 'learning_rate': '5.196e-06', 'epoch': '2.322'}
