Prepared manifest loaded — Train=3578, Val=1181, Calibration=0, Test=1186
cuda
Using model backend=timm type=pmi10_swin_tiny_patch4_window7_224_ms_in22k_ft_in1k with 10 labels
Early stopping enabled with patience=5
Using device: cuda
{'loss': '18.93', 'grad_norm': '33.02', 'learning_rate': '1.854e-05', 'epoch': '0.3571'}
{'loss': '16', 'grad_norm': '36.48', 'learning_rate': '3.915e-05', 'epoch': '0.7143'}
{'eval_loss': '1.296', 'eval_accuracy': '0.7155', 'eval_f1': '0.5129', 'eval_balanced_accuracy': '0.5714', 'eval_macro_f1': '0.5129', 'eval_atc': '0.4522', 'eval_normalized_atc': '0.04522', 'eval_target_recall': '0', 'eval_target_recall_macro': '0.536', 'eval_target_fnr': '0.1055', 'eval_selection_score': '3.317', 'eval_selection_accuracy_value': '0.5714', 'eval_nll': '1.034', 'eval_brier': '0.4862', 'eval_ece': '0.254', 'eval_auroc': '0', 'eval_auprc': '0', 'eval_runtime': '9.586', 'eval_samples_per_second': '123.2', 'eval_steps_per_second': '7.72', 'epoch': '1'}
CustomImageProcessor configuration saved to checkpoints/hpo-nicme_swin_tiny_patch4_window7_224_ms_in22k_ft_in1k_nicme_hybrid_s42_trial0007/checkpoint-28/preprocessor_config.json
{'loss': '11.66', 'grad_norm': '63.98', 'learning_rate': '5.976e-05', 'epoch': '1.071'}
{'loss': '7.767', 'grad_norm': '91.86', 'learning_rate': '8.036e-05', 'epoch': '1.429'}
{'loss': '5.705', 'grad_norm': '840.7', 'learning_rate': '0.000101', 'epoch': '1.786'}
{'eval_loss': '0.3801', 'eval_accuracy': '0.9043', 'eval_f1': '0.807', 'eval_balanced_accuracy': '0.8202', 'eval_macro_f1': '0.807', 'eval_atc': '0.2481', 'eval_normalized_atc': '0.02481', 'eval_target_recall': '0.7742', 'eval_target_recall_macro': '0.8944', 'eval_target_fnr': '0.02513', 'eval_selection_score': '0.08812', 'eval_selection_accuracy_value': '0.8202', 'eval_nll': '0.3047', 'eval_brier': '0.1516', 'eval_ece': '0.1001', 'eval_auroc': '0', 'eval_auprc': '0', 'eval_runtime': '9.387', 'eval_samples_per_second': '125.8', 'eval_steps_per_second': '7.883', 'epoch': '2'}
CustomImageProcessor configuration saved to checkpoints/hpo-nicme_swin_tiny_patch4_window7_224_ms_in22k_ft_in1k_nicme_hybrid_s42_trial0007/checkpoint-56/preprocessor_config.json
{'loss': '4.645', 'grad_norm': '99.09', 'learning_rate': '0.0001216', 'epoch': '2.143'}
{'loss': '3.916', 'grad_norm': '128', 'learning_rate': '0.0001422', 'epoch': '2.5'}
{'loss': '4.301', 'grad_norm': '265.3', 'learning_rate': '0.0001628', 'epoch': '2.857'}
{'eval_loss': '0.5316', 'eval_accuracy': '0.8874', 'eval_f1': '0.8739', 'eval_balanced_accuracy': '0.8991', 'eval_macro_f1': '0.8739', 'eval_atc': '0.2803', 'eval_normalized_atc': '0.02803', 'eval_target_recall': '0.55', 'eval_target_recall_macro': '0.8637', 'eval_target_fnr': '0.005025', 'eval_selection_score': '0.518', 'eval_selection_accuracy_value': '0.8991', 'eval_nll': '0.3162', 'eval_brier': '0.1727', 'eval_ece': '0.0366', 'eval_auroc': '0', 'eval_auprc': '0', 'eval_runtime': '10.28', 'eval_samples_per_second': '114.9', 'eval_steps_per_second': '7.198', 'epoch': '3'}
CustomImageProcessor configuration saved to checkpoints/hpo-nicme_swin_tiny_patch4_window7_224_ms_in22k_ft_in1k_nicme_hybrid_s42_trial0007/checkpoint-84/preprocessor_config.json
{'loss': '4.297', 'grad_norm': '95.29', 'learning_rate': '0.0001834', 'epoch': '3.214'}
{'loss': '3.579', 'grad_norm': '94.64', 'learning_rate': '0.000204', 'epoch': '3.571'}
{'loss': '2.972', 'grad_norm': '83.69', 'learning_rate': '0.0002246', 'epoch': '3.929'}
{'eval_loss': '0.3146', 'eval_accuracy': '0.9492', 'eval_f1': '0.9066', 'eval_balanced_accuracy': '0.8892', 'eval_macro_f1': '0.9066', 'eval_atc': '0.2506', 'eval_normalized_atc': '0.02506', 'eval_target_recall': '0.3333', 'eval_target_recall_macro': '0.7755', 'eval_target_fnr': '0.02513', 'eval_selection_score': '1.31', 'eval_selection_accuracy_value': '0.8892', 'eval_nll': '0.1519', 'eval_brier': '0.07996', 'eval_ece': '0.03154', 'eval_auroc': '0', 'eval_auprc': '0', 'eval_runtime': '9.97', 'eval_samples_per_second': '118.5', 'eval_steps_per_second': '7.422', 'epoch': '4'}
CustomImageProcessor configuration saved to checkpoints/hpo-nicme_swin_tiny_patch4_window7_224_ms_in22k_ft_in1k_nicme_hybrid_s42_trial0007/checkpoint-112/preprocessor_config.json
{'loss': '2.987', 'grad_norm': '87.06', 'learning_rate': '0.0002452', 'epoch': '4.286'}
{'loss': '3.203', 'grad_norm': '341.2', 'learning_rate': '0.0002658', 'epoch': '4.643'}
{'loss': '3.242', 'grad_norm': '294.6', 'learning_rate': '0.0002864', 'epoch': '5'}
{'eval_loss': '0.3583', 'eval_accuracy': '0.917', 'eval_f1': '0.8859', 'eval_balanced_accuracy': '0.9196', 'eval_macro_f1': '0.8859', 'eval_atc': '0.2481', 'eval_normalized_atc': '0.02481', 'eval_target_recall': '0.8205', 'eval_target_recall_macro': '0.9276', 'eval_target_fnr': '0.05528', 'eval_selection_score': '0.05008', 'eval_selection_accuracy_value': '0.9196', 'eval_nll': '0.2246', 'eval_brier': '0.1247', 'eval_ece': '0.02586', 'eval_auroc': '0', 'eval_auprc': '0', 'eval_runtime': '9.665', 'eval_samples_per_second': '122.2', 'eval_steps_per_second': '7.656', 'epoch': '5'}
CustomImageProcessor configuration saved to checkpoints/hpo-nicme_swin_tiny_patch4_window7_224_ms_in22k_ft_in1k_nicme_hybrid_s42_trial0007/checkpoint-140/preprocessor_config.json
{'loss': '3.469', 'grad_norm': '206', 'learning_rate': '0.000307', 'epoch': '5.357'}
{'loss': '3.241', 'grad_norm': '33.96', 'learning_rate': '0.0003256', 'epoch': '5.714'}
{'eval_loss': '0.3236', 'eval_accuracy': '0.9509', 'eval_f1': '0.9313', 'eval_balanced_accuracy': '0.9533', 'eval_macro_f1': '0.9313', 'eval_atc': '0.1863', 'eval_normalized_atc': '0.01863', 'eval_target_recall': '0.81', 'eval_target_recall_macro': '0.9169', 'eval_target_fnr': '0.0201', 'eval_selection_score': '0.05103', 'eval_selection_accuracy_value': '0.9533', 'eval_nll': '0.1486', 'eval_brier': '0.07722', 'eval_ece': '0.0159', 'eval_auroc': '0', 'eval_auprc': '0', 'eval_runtime': '9.229', 'eval_samples_per_second': '128', 'eval_steps_per_second': '8.018', 'epoch': '6'}
CustomImageProcessor configuration saved to checkpoints/hpo-nicme_swin_tiny_patch4_window7_224_ms_in22k_ft_in1k_nicme_hybrid_s42_trial0007/checkpoint-168/preprocessor_config.json
{'loss': '2.068', 'grad_norm': '226.3', 'learning_rate': '0.0003254', 'epoch': '6.071'}
{'loss': '2.737', 'grad_norm': '150.2', 'learning_rate': '0.0003248', 'epoch': '6.429'}
{'loss': '3.307', 'grad_norm': '85.59', 'learning_rate': '0.0003239', 'epoch': '6.786'}
{'eval_loss': '0.1854', 'eval_accuracy': '0.9568', 'eval_f1': '0.9371', 'eval_balanced_accuracy': '0.9423', 'eval_macro_f1': '0.9371', 'eval_atc': '0.1152', 'eval_normalized_atc': '0.01152', 'eval_target_recall': '0.8205', 'eval_target_recall_macro': '0.9414', 'eval_target_fnr': '0.005025', 'eval_selection_score': '0.03679', 'eval_selection_accuracy_value': '0.9423', 'eval_nll': '0.1333', 'eval_brier': '0.06631', 'eval_ece': '0.04691', 'eval_auroc': '0', 'eval_auprc': '0', 'eval_runtime': '9.348', 'eval_samples_per_second': '126.3', 'eval_steps_per_second': '7.916', 'epoch': '7'}
CustomImageProcessor configuration saved to checkpoints/hpo-nicme_swin_tiny_patch4_window7_224_ms_in22k_ft_in1k_nicme_hybrid_s42_trial0007/checkpoint-196/preprocessor_config.json
{'loss': '3.215', 'grad_norm': '172.8', 'learning_rate': '0.0003227', 'epoch': '7.143'}
{'loss': '2.972', 'grad_norm': '219.5', 'learning_rate': '0.0003211', 'epoch': '7.5'}
{'loss': '2.495', 'grad_norm': '155.4', 'learning_rate': '0.0003192', 'epoch': '7.857'}
{'eval_loss': '0.3168', 'eval_accuracy': '0.9314', 'eval_f1': '0.9192', 'eval_balanced_accuracy': '0.9084', 'eval_macro_f1': '0.9192', 'eval_atc': '0.1372', 'eval_normalized_atc': '0.01372', 'eval_target_recall': '0.7692', 'eval_target_recall_macro': '0.9317', 'eval_target_fnr': '0', 'eval_selection_score': '0.08212', 'eval_selection_accuracy_value': '0.9084', 'eval_nll': '0.2012', 'eval_brier': '0.113', 'eval_ece': '0.02643', 'eval_auroc': '0', 'eval_auprc': '0', 'eval_runtime': '9.746', 'eval_samples_per_second': '121.2', 'eval_steps_per_second': '7.593', 'epoch': '8'}
CustomImageProcessor configuration saved to checkpoints/hpo-nicme_swin_tiny_patch4_window7_224_ms_in22k_ft_in1k_nicme_hybrid_s42_trial0007/checkpoint-224/preprocessor_config.json
{'loss': '2.137', 'grad_norm': '98.38', 'learning_rate': '0.0003169', 'epoch': '8.214'}
{'loss': '2.286', 'grad_norm': '47.91', 'learning_rate': '0.0003144', 'epoch': '8.571'}
{'loss': '1.982', 'grad_norm': '102.8', 'learning_rate': '0.0003115', 'epoch': '8.929'}
{'eval_loss': '0.2317', 'eval_accuracy': '0.9424', 'eval_f1': '0.9251', 'eval_balanced_accuracy': '0.9187', 'eval_macro_f1': '0.9251', 'eval_atc': '0.09568', 'eval_normalized_atc': '0.009568', 'eval_target_recall': '0.9487', 'eval_target_recall_macro': '0.9784', 'eval_target_fnr': '0.005025', 'eval_selection_score': '0.009568', 'eval_selection_accuracy_value': '0.9187', 'eval_nll': '0.1588', 'eval_brier': '0.08644', 'eval_ece': '0.0144', 'eval_auroc': '0', 'eval_auprc': '0', 'eval_runtime': '10.18', 'eval_samples_per_second': '116', 'eval_steps_per_second': '7.271', 'epoch': '9'}
CustomImageProcessor configuration saved to checkpoints/hpo-nicme_swin_tiny_patch4_window7_224_ms_in22k_ft_in1k_nicme_hybrid_s42_trial0007/checkpoint-252/preprocessor_config.json
{'loss': '1.827', 'grad_norm': '89.12', 'learning_rate': '0.0003083', 'epoch': '9.286'}
{'loss': '1.899', 'grad_norm': '102.8', 'learning_rate': '0.0003047', 'epoch': '9.643'}
{'loss': '2.15', 'grad_norm': '32.83', 'learning_rate': '0.0003009', 'epoch': '10'}
{'eval_loss': '0.2043', 'eval_accuracy': '0.9585', 'eval_f1': '0.9292', 'eval_balanced_accuracy': '0.9171', 'eval_macro_f1': '0.9292', 'eval_atc': '0.1998', 'eval_normalized_atc': '0.01998', 'eval_target_recall': '0.5128', 'eval_target_recall_macro': '0.8327', 'eval_target_fnr': '0.01508', 'eval_selection_score': '0.6196', 'eval_selection_accuracy_value': '0.9171', 'eval_nll': '0.1119', 'eval_brier': '0.06167', 'eval_ece': '0.02495', 'eval_auroc': '0', 'eval_auprc': '0', 'eval_runtime': '9.262', 'eval_samples_per_second': '127.5', 'eval_steps_per_second': '7.989', 'epoch': '10'}
CustomImageProcessor configuration saved to checkpoints/hpo-nicme_swin_tiny_patch4_window7_224_ms_in22k_ft_in1k_nicme_hybrid_s42_trial0007/checkpoint-280/preprocessor_config.json
{'loss': '2.502', 'grad_norm': '170.2', 'learning_rate': '0.0002968', 'epoch': '10.36'}
{'loss': '1.793', 'grad_norm': '51.54', 'learning_rate': '0.0002924', 'epoch': '10.71'}
{'eval_loss': '0.1753', 'eval_accuracy': '0.9687', 'eval_f1': '0.9566', 'eval_balanced_accuracy': '0.9617', 'eval_macro_f1': '0.9566', 'eval_atc': '0.1025', 'eval_normalized_atc': '0.01025', 'eval_target_recall': '0.915', 'eval_target_recall_macro': '0.9489', 'eval_target_fnr': '0.01005', 'eval_selection_score': '0.01025', 'eval_selection_accuracy_value': '0.9617', 'eval_nll': '0.09935', 'eval_brier': '0.05027', 'eval_ece': '0.0164', 'eval_auroc': '0', 'eval_auprc': '0', 'eval_runtime': '10.08', 'eval_samples_per_second': '117.2', 'eval_steps_per_second': '7.343', 'epoch': '11'}
CustomImageProcessor configuration saved to checkpoints/hpo-nicme_swin_tiny_patch4_window7_224_ms_in22k_ft_in1k_nicme_hybrid_s42_trial0007/checkpoint-308/preprocessor_config.json
{'loss': '1.663', 'grad_norm': '58.71', 'learning_rate': '0.0002877', 'epoch': '11.07'}
{'loss': '1.97', 'grad_norm': '96.33', 'learning_rate': '0.0002828', 'epoch': '11.43'}
{'loss': '1.501', 'grad_norm': '50.07', 'learning_rate': '0.0002776', 'epoch': '11.79'}
{'eval_loss': '0.1758', 'eval_accuracy': '0.9577', 'eval_f1': '0.9311', 'eval_balanced_accuracy': '0.9335', 'eval_macro_f1': '0.9311', 'eval_atc': '0.1185', 'eval_normalized_atc': '0.01185', 'eval_target_recall': '0.89', 'eval_target_recall_macro': '0.9555', 'eval_target_fnr': '0.01005', 'eval_selection_score': '0.01225', 'eval_selection_accuracy_value': '0.9335', 'eval_nll': '0.1042', 'eval_brier': '0.05934', 'eval_ece': '0.01229', 'eval_auroc': '0', 'eval_auprc': '0', 'eval_runtime': '9.556', 'eval_samples_per_second': '123.6', 'eval_steps_per_second': '7.744', 'epoch': '12'}
CustomImageProcessor configuration saved to checkpoints/hpo-nicme_swin_tiny_patch4_window7_224_ms_in22k_ft_in1k_nicme_hybrid_s42_trial0007/checkpoint-336/preprocessor_config.json
{'loss': '1.257', 'grad_norm': '41.89', 'learning_rate': '0.0002722', 'epoch': '12.14'}
{'loss': '1.896', 'grad_norm': '174.5', 'learning_rate': '0.0002665', 'epoch': '12.5'}
{'loss': '1.516', 'grad_norm': '56.06', 'learning_rate': '0.0002606', 'epoch': '12.86'}
{'eval_loss': '0.2129', 'eval_accuracy': '0.9619', 'eval_f1': '0.9389', 'eval_balanced_accuracy': '0.9468', 'eval_macro_f1': '0.9389', 'eval_atc': '0.1355', 'eval_normalized_atc': '0.01355', 'eval_target_recall': '0.8387', 'eval_target_recall_macro': '0.9358', 'eval_target_fnr': '0.01005', 'eval_selection_score': '0.02857', 'eval_selection_accuracy_value': '0.9468', 'eval_nll': '0.09856', 'eval_brier': '0.0553', 'eval_ece': '0.01346', 'eval_auroc': '0', 'eval_auprc': '0', 'eval_runtime': '10.03', 'eval_samples_per_second': '117.7', 'eval_steps_per_second': '7.377', 'epoch': '13'}
CustomImageProcessor configuration saved to checkpoints/hpo-nicme_swin_tiny_patch4_window7_224_ms_in22k_ft_in1k_nicme_hybrid_s42_trial0007/checkpoint-364/preprocessor_config.json
{'loss': '1.498', 'grad_norm': '30.18', 'learning_rate': '0.0002545', 'epoch': '13.21'}
{'loss': '1.265', 'grad_norm': '41.49', 'learning_rate': '0.0002482', 'epoch': '13.57'}
{'loss': '2.198', 'grad_norm': '54.74', 'learning_rate': '0.0002418', 'epoch': '13.93'}
{'eval_loss': '0.1515', 'eval_accuracy': '0.9771', 'eval_f1': '0.9685', 'eval_balanced_accuracy': '0.9734', 'eval_macro_f1': '0.9685', 'eval_atc': '0.1219', 'eval_normalized_atc': '0.01219', 'eval_target_recall': '0.9355', 'eval_target_recall_macro': '0.9676', 'eval_target_fnr': '0.03015', 'eval_selection_score': '0.01219', 'eval_selection_accuracy_value': '0.9734', 'eval_nll': '0.06762', 'eval_brier': '0.03583', 'eval_ece': '0.0156', 'eval_auroc': '0', 'eval_auprc': '0', 'eval_runtime': '9.55', 'eval_samples_per_second': '123.7', 'eval_steps_per_second': '7.749', 'epoch': '14'}
CustomImageProcessor configuration saved to checkpoints/hpo-nicme_swin_tiny_patch4_window7_224_ms_in22k_ft_in1k_nicme_hybrid_s42_trial0007/checkpoint-392/preprocessor_config.json
{'train_runtime': '450', 'train_samples_per_second': '238.6', 'train_steps_per_second': '1.867', 'train_loss': '3.788', 'epoch': '14'}
***** train metrics *****
  epoch                    =       14.0
  total_flos               =        0GF
  train_loss               =     3.7884
  train_runtime            = 0:07:29.96
  train_samples_per_second =    238.553
  train_steps_per_second   =      1.867
Using device: cuda

============================================================
PERFORMING COMPREHENSIVE EVALUATION
============================================================
Results will be saved to: results/pmi10_swin_tiny_patch4_window7_224_ms_in22k_ft_in1k_test/hpo-nicme_swin_tiny_patch4_window7_224_ms_in22k_ft_in1k_nicme_hybrid_s42_trial0007_05-01_18-57
Saving run configuration...
Run configuration saved to: results/pmi10_swin_tiny_patch4_window7_224_ms_in22k_ft_in1k_test/hpo-nicme_swin_tiny_patch4_window7_224_ms_in22k_ft_in1k_nicme_hybrid_s42_trial0007_05-01_18-57/run_configuration_20260501_185725.json
Running model evaluation...
Computing detailed metrics...
Saving metrics to files...
Metrics saved to: results/pmi10_swin_tiny_patch4_window7_224_ms_in22k_ft_in1k_test/hpo-nicme_swin_tiny_patch4_window7_224_ms_in22k_ft_in1k_nicme_hybrid_s42_trial0007_05-01_18-57/metrics_20260501_185746_nicme_hybrid.json and results/pmi10_swin_tiny_patch4_window7_224_ms_in22k_ft_in1k_test/hpo-nicme_swin_tiny_patch4_window7_224_ms_in22k_ft_in1k_nicme_hybrid_s42_trial0007_05-01_18-57/metrics_20260501_185746_nicme_hybrid.txt
Using provided class names: ['00378-0208', '00378-3855', '00591-0461', '16729-0020', '50111-0434', '53489-0156', '53746-0544', '62037-0831', '68382-0008', '68382-0227']
Skipping confusion matrix visualizations by configuration.

============================================================
TRAINING COMPLETED - RESULTS SUMMARY
============================================================
Output Directory: results/pmi10_swin_tiny_patch4_window7_224_ms_in22k_ft_in1k_test/hpo-nicme_swin_tiny_patch4_window7_224_ms_in22k_ft_in1k_nicme_hybrid_s42_trial0007_05-01_18-57
Overall Accuracy: 0.9511
Balanced Accuracy: 0.9394
Overall F1 Score: 0.9396
Kappa: 0.9433
AUC: 0.9989
Expected Cost: 0.1366
Loss Function Used: nicme_hybrid
Total Test Samples: 1186
Classes: 00378-0208, 00378-3855, 00591-0461, 16729-0020, 50111-0434, 53489-0156, 53746-0544, 62037-0831, 68382-0008, 68382-0227

Detailed metrics saved to: results/pmi10_swin_tiny_patch4_window7_224_ms_in22k_ft_in1k_test/hpo-nicme_swin_tiny_patch4_window7_224_ms_in22k_ft_in1k_nicme_hybrid_s42_trial0007_05-01_18-57
============================================================
