Prepared manifest loaded — Train=3578, Val=1181, Calibration=0, Test=1186
cuda
Using model backend=timm type=pmi10_convnext_tiny_fb_in22k_ft_in1k with 10 labels
Early stopping enabled with patience=5
Using device: cuda
{'loss': '8.422', 'grad_norm': '45.73', 'learning_rate': '4.99e-05', 'epoch': '0.1786'}
{'loss': '5.321', 'grad_norm': '30.35', 'learning_rate': '4.817e-05', 'epoch': '0.3571'}
{'loss': '3.528', 'grad_norm': '33.72', 'learning_rate': '4.441e-05', 'epoch': '0.5357'}
{'loss': '2.474', 'grad_norm': '29.17', 'learning_rate': '3.897e-05', 'epoch': '0.7143'}
{'loss': '1.93', 'grad_norm': '37.83', 'learning_rate': '3.23e-05', 'epoch': '0.8929'}
{'eval_loss': '0.3759', 'eval_accuracy': '0.8696', 'eval_f1': '0.8008', 'eval_balanced_accuracy': '0.7951', 'eval_macro_f1': '0.8008', 'eval_atc': '0.4242', 'eval_normalized_atc': '0.04242', 'eval_target_recall': '0.6774', 'eval_target_recall_macro': '0.8074', 'eval_target_fnr': '0.04523', 'eval_selection_score': '0.2406', 'eval_selection_accuracy_value': '0.7951', 'eval_nll': '0.3759', 'eval_brier': '0.1911', 'eval_ece': '0.0938', 'eval_auroc': '0', 'eval_auprc': '0', 'eval_runtime': '12.08', 'eval_samples_per_second': '97.77', 'eval_steps_per_second': '6.126', 'epoch': '1'}
CustomImageProcessor configuration saved to checkpoints/smoke_convnext_tiny_fb_in22k_ft_in1k_ce_s42/checkpoint-56/preprocessor_config.json
{'loss': '1.751', 'grad_norm': '40.55', 'learning_rate': '2.5e-05', 'epoch': '1.071'}
{'loss': '1.306', 'grad_norm': '41', 'learning_rate': '1.77e-05', 'epoch': '1.25'}
{'loss': '1.386', 'grad_norm': '40.55', 'learning_rate': '1.103e-05', 'epoch': '1.429'}
{'loss': '1.19', 'grad_norm': '31.87', 'learning_rate': '5.587e-06', 'epoch': '1.607'}
{'loss': '1.158', 'grad_norm': '30.75', 'learning_rate': '1.833e-06', 'epoch': '1.786'}
{'loss': '1.139', 'grad_norm': '41.83', 'learning_rate': '9.875e-08', 'epoch': '1.964'}
{'eval_loss': '0.2567', 'eval_accuracy': '0.9246', 'eval_f1': '0.8817', 'eval_balanced_accuracy': '0.8749', 'eval_macro_f1': '0.8817', 'eval_atc': '0.2727', 'eval_normalized_atc': '0.02727', 'eval_target_recall': '0.6774', 'eval_target_recall_macro': '0.8421', 'eval_target_fnr': '0.01005', 'eval_selection_score': '0.2254', 'eval_selection_accuracy_value': '0.8749', 'eval_nll': '0.2567', 'eval_brier': '0.1303', 'eval_ece': '0.08146', 'eval_auroc': '0', 'eval_auprc': '0', 'eval_runtime': '9.438', 'eval_samples_per_second': '125.1', 'eval_steps_per_second': '7.84', 'epoch': '2'}
CustomImageProcessor configuration saved to checkpoints/smoke_convnext_tiny_fb_in22k_ft_in1k_ce_s42/checkpoint-112/preprocessor_config.json
{'train_runtime': '75.21', 'train_samples_per_second': '95.14', 'train_steps_per_second': '1.489', 'train_loss': '2.666', 'epoch': '2'}
***** train metrics *****
  epoch                    =        2.0
  total_flos               =        0GF
  train_loss               =      2.666
  train_runtime            = 0:01:15.21
  train_samples_per_second =     95.144
  train_steps_per_second   =      1.489
Using device: cuda

============================================================
PERFORMING COMPREHENSIVE EVALUATION
============================================================
Results will be saved to: results/pmi10_convnext_tiny_fb_in22k_ft_in1k_test/smoke_convnext_tiny_fb_in22k_ft_in1k_ce_s42_05-01_12-25
Saving run configuration...
Run configuration saved to: results/pmi10_convnext_tiny_fb_in22k_ft_in1k_test/smoke_convnext_tiny_fb_in22k_ft_in1k_ce_s42_05-01_12-25/run_configuration_20260501_122510.json
Running model evaluation...
Computing detailed metrics...
Saving metrics to files...
Metrics saved to: results/pmi10_convnext_tiny_fb_in22k_ft_in1k_test/smoke_convnext_tiny_fb_in22k_ft_in1k_ce_s42_05-01_12-25/metrics_20260501_122531_cross_entropy.json and results/pmi10_convnext_tiny_fb_in22k_ft_in1k_test/smoke_convnext_tiny_fb_in22k_ft_in1k_ce_s42_05-01_12-25/metrics_20260501_122531_cross_entropy.txt
Using provided class names: ['00378-0208', '00378-3855', '00591-0461', '16729-0020', '50111-0434', '53489-0156', '53746-0544', '62037-0831', '68382-0008', '68382-0227']
Skipping confusion matrix visualizations by configuration.

============================================================
TRAINING COMPLETED - RESULTS SUMMARY
============================================================
Output Directory: results/pmi10_convnext_tiny_fb_in22k_ft_in1k_test/smoke_convnext_tiny_fb_in22k_ft_in1k_ce_s42_05-01_12-25
Overall Accuracy: 0.8845
Balanced Accuracy: 0.8405
Overall F1 Score: 0.8378
Kappa: 0.8662
AUC: 0.9929
Expected Cost: 0.3997
Loss Function Used: cross_entropy
Total Test Samples: 1186
Classes: 00378-0208, 00378-3855, 00591-0461, 16729-0020, 50111-0434, 53489-0156, 53746-0544, 62037-0831, 68382-0008, 68382-0227

Detailed metrics saved to: results/pmi10_convnext_tiny_fb_in22k_ft_in1k_test/smoke_convnext_tiny_fb_in22k_ft_in1k_ce_s42_05-01_12-25
============================================================
