Prepared manifest loaded — Train=3578, Val=1181, Calibration=0, Test=1186
cuda
Using model backend=timm type=pmi10_convnext_tiny_fb_in22k_ft_in1k with 10 labels
Early stopping enabled with patience=5
Using device: cuda
{'loss': '8.718', 'grad_norm': '48.16', 'learning_rate': '4.99e-05', 'epoch': '0.1786'}
{'loss': '6.203', 'grad_norm': '37.41', 'learning_rate': '4.817e-05', 'epoch': '0.3571'}
{'loss': '4.239', 'grad_norm': '42.94', 'learning_rate': '4.441e-05', 'epoch': '0.5357'}
{'loss': '2.971', 'grad_norm': '30.17', 'learning_rate': '3.897e-05', 'epoch': '0.7143'}
{'loss': '2.354', 'grad_norm': '42.3', 'learning_rate': '3.23e-05', 'epoch': '0.8929'}
{'eval_loss': '0.47', 'eval_accuracy': '0.8671', 'eval_f1': '0.8114', 'eval_balanced_accuracy': '0.8338', 'eval_macro_f1': '0.8114', 'eval_atc': '0.387', 'eval_normalized_atc': '0.0387', 'eval_target_recall': '0.88', 'eval_target_recall_macro': '0.912', 'eval_target_fnr': '0.09045', 'eval_selection_score': '0.0403', 'eval_selection_accuracy_value': '0.8338', 'eval_nll': '0.4392', 'eval_brier': '0.2199', 'eval_ece': '0.1528', 'eval_auroc': '0', 'eval_auprc': '0', 'eval_runtime': '10.43', 'eval_samples_per_second': '113.3', 'eval_steps_per_second': '7.098', 'epoch': '1'}
CustomImageProcessor configuration saved to checkpoints/smoke_convnext_tiny_fb_in22k_ft_in1k_nicme_hybrid_s42/checkpoint-56/preprocessor_config.json
{'loss': '2.149', 'grad_norm': '55.87', 'learning_rate': '2.5e-05', 'epoch': '1.071'}
{'loss': '1.677', 'grad_norm': '33.74', 'learning_rate': '1.77e-05', 'epoch': '1.25'}
{'loss': '1.673', 'grad_norm': '35.13', 'learning_rate': '1.103e-05', 'epoch': '1.429'}
{'loss': '1.522', 'grad_norm': '40.61', 'learning_rate': '5.587e-06', 'epoch': '1.607'}
{'loss': '1.439', 'grad_norm': '36.86', 'learning_rate': '1.833e-06', 'epoch': '1.786'}
{'loss': '1.473', 'grad_norm': '38.06', 'learning_rate': '9.875e-08', 'epoch': '1.964'}
{'eval_loss': '0.3196', 'eval_accuracy': '0.9119', 'eval_f1': '0.876', 'eval_balanced_accuracy': '0.8671', 'eval_macro_f1': '0.876', 'eval_atc': '0.2075', 'eval_normalized_atc': '0.02075', 'eval_target_recall': '0.7742', 'eval_target_recall_macro': '0.8574', 'eval_target_fnr': '0.01005', 'eval_selection_score': '0.08405', 'eval_selection_accuracy_value': '0.8671', 'eval_nll': '0.2968', 'eval_brier': '0.1516', 'eval_ece': '0.0997', 'eval_auroc': '0', 'eval_auprc': '0', 'eval_runtime': '9.667', 'eval_samples_per_second': '122.2', 'eval_steps_per_second': '7.655', 'epoch': '2'}
CustomImageProcessor configuration saved to checkpoints/smoke_convnext_tiny_fb_in22k_ft_in1k_nicme_hybrid_s42/checkpoint-112/preprocessor_config.json
{'train_runtime': '74.84', 'train_samples_per_second': '95.62', 'train_steps_per_second': '1.497', 'train_loss': '3.1', 'epoch': '2'}
***** train metrics *****
  epoch                    =        2.0
  total_flos               =        0GF
  train_loss               =     3.0999
  train_runtime            = 0:01:14.83
  train_samples_per_second =     95.619
  train_steps_per_second   =      1.497
Using device: cuda

============================================================
PERFORMING COMPREHENSIVE EVALUATION
============================================================
Results will be saved to: results/pmi10_convnext_tiny_fb_in22k_ft_in1k_test/smoke_convnext_tiny_fb_in22k_ft_in1k_nicme_hybrid_s42_05-01_12-27
Saving run configuration...
Run configuration saved to: results/pmi10_convnext_tiny_fb_in22k_ft_in1k_test/smoke_convnext_tiny_fb_in22k_ft_in1k_nicme_hybrid_s42_05-01_12-27/run_configuration_20260501_122725.json
Running model evaluation...
Computing detailed metrics...
Saving metrics to files...
Metrics saved to: results/pmi10_convnext_tiny_fb_in22k_ft_in1k_test/smoke_convnext_tiny_fb_in22k_ft_in1k_nicme_hybrid_s42_05-01_12-27/metrics_20260501_122747_nicme_hybrid.json and results/pmi10_convnext_tiny_fb_in22k_ft_in1k_test/smoke_convnext_tiny_fb_in22k_ft_in1k_nicme_hybrid_s42_05-01_12-27/metrics_20260501_122747_nicme_hybrid.txt
Using provided class names: ['00378-0208', '00378-3855', '00591-0461', '16729-0020', '50111-0434', '53489-0156', '53746-0544', '62037-0831', '68382-0008', '68382-0227']
Skipping confusion matrix visualizations by configuration.

============================================================
TRAINING COMPLETED - RESULTS SUMMARY
============================================================
Output Directory: results/pmi10_convnext_tiny_fb_in22k_ft_in1k_test/smoke_convnext_tiny_fb_in22k_ft_in1k_nicme_hybrid_s42_05-01_12-27
Overall Accuracy: 0.8761
Balanced Accuracy: 0.8575
Overall F1 Score: 0.8285
Kappa: 0.8570
AUC: 0.9924
Expected Cost: 0.4317
Loss Function Used: nicme_hybrid
Total Test Samples: 1186
Classes: 00378-0208, 00378-3855, 00591-0461, 16729-0020, 50111-0434, 53489-0156, 53746-0544, 62037-0831, 68382-0008, 68382-0227

Detailed metrics saved to: results/pmi10_convnext_tiny_fb_in22k_ft_in1k_test/smoke_convnext_tiny_fb_in22k_ft_in1k_nicme_hybrid_s42_05-01_12-27
============================================================
