Prepared manifest loaded — Train=3578, Val=1181, Calibration=0, Test=1186
cuda
Using model backend=timm type=pmi10_vit_small_patch16_dinov3_lvd1689m with 10 labels
Early stopping enabled with patience=5
Using device: cuda
{'loss': '9.19', 'grad_norm': '6.957', 'learning_rate': '4.99e-05', 'epoch': '0.1786'}
{'loss': '9.038', 'grad_norm': '8.9', 'learning_rate': '4.817e-05', 'epoch': '0.3571'}
{'loss': '8.814', 'grad_norm': '9.541', 'learning_rate': '4.441e-05', 'epoch': '0.5357'}
{'loss': '8.539', 'grad_norm': '10.76', 'learning_rate': '3.897e-05', 'epoch': '0.7143'}
{'loss': '8.332', 'grad_norm': '10.54', 'learning_rate': '3.23e-05', 'epoch': '0.8929'}
{'eval_loss': '2.023', 'eval_accuracy': '0.6715', 'eval_f1': '0.3856', 'eval_balanced_accuracy': '0.4554', 'eval_macro_f1': '0.3856', 'eval_atc': '0.7121', 'eval_normalized_atc': '0.07121', 'eval_target_recall': '0', 'eval_target_recall_macro': '0.4385', 'eval_target_fnr': '0.1709', 'eval_selection_score': '3.398', 'eval_selection_accuracy_value': '0.4554', 'eval_nll': '2.023', 'eval_brier': '0.8385', 'eval_ece': '0.5306', 'eval_auroc': '0', 'eval_auprc': '0', 'eval_runtime': '9.011', 'eval_samples_per_second': '131.1', 'eval_steps_per_second': '8.212', 'epoch': '1'}
CustomImageProcessor configuration saved to checkpoints/smoke_vit_small_patch16_dinov3_lvd1689m_ce_s42/checkpoint-56/preprocessor_config.json
{'loss': '8.124', 'grad_norm': '12.57', 'learning_rate': '2.5e-05', 'epoch': '1.071'}
{'loss': '7.908', 'grad_norm': '14.04', 'learning_rate': '1.77e-05', 'epoch': '1.25'}
{'loss': '7.874', 'grad_norm': '13.09', 'learning_rate': '1.103e-05', 'epoch': '1.429'}
{'loss': '7.766', 'grad_norm': '12.05', 'learning_rate': '5.587e-06', 'epoch': '1.607'}
{'loss': '7.792', 'grad_norm': '11.06', 'learning_rate': '1.833e-06', 'epoch': '1.786'}
{'loss': '7.706', 'grad_norm': '13.73', 'learning_rate': '9.875e-08', 'epoch': '1.964'}
{'eval_loss': '1.925', 'eval_accuracy': '0.6774', 'eval_f1': '0.3898', 'eval_balanced_accuracy': '0.4582', 'eval_macro_f1': '0.3898', 'eval_atc': '0.7257', 'eval_normalized_atc': '0.07257', 'eval_target_recall': '0', 'eval_target_recall_macro': '0.4385', 'eval_target_fnr': '0.206', 'eval_selection_score': '3.398', 'eval_selection_accuracy_value': '0.4582', 'eval_nll': '1.925', 'eval_brier': '0.8135', 'eval_ece': '0.5204', 'eval_auroc': '0', 'eval_auprc': '0', 'eval_runtime': '9.304', 'eval_samples_per_second': '126.9', 'eval_steps_per_second': '7.953', 'epoch': '2'}
CustomImageProcessor configuration saved to checkpoints/smoke_vit_small_patch16_dinov3_lvd1689m_ce_s42/checkpoint-112/preprocessor_config.json
{'train_runtime': '61.13', 'train_samples_per_second': '117.1', 'train_steps_per_second': '1.832', 'train_loss': '8.271', 'epoch': '2'}
***** train metrics *****
  epoch                    =        2.0
  total_flos               =        0GF
  train_loss               =     8.2713
  train_runtime            = 0:01:01.13
  train_samples_per_second =    117.058
  train_steps_per_second   =      1.832
Using device: cuda

============================================================
PERFORMING COMPREHENSIVE EVALUATION
============================================================
Results will be saved to: results/pmi10_vit_small_patch16_dinov3_lvd1689m_test/smoke_vit_small_patch16_dinov3_lvd1689m_ce_s42_05-01_12-29
Saving run configuration...
Run configuration saved to: results/pmi10_vit_small_patch16_dinov3_lvd1689m_test/smoke_vit_small_patch16_dinov3_lvd1689m_ce_s42_05-01_12-29/run_configuration_20260501_122933.json
Running model evaluation...
Computing detailed metrics...
Saving metrics to files...
Metrics saved to: results/pmi10_vit_small_patch16_dinov3_lvd1689m_test/smoke_vit_small_patch16_dinov3_lvd1689m_ce_s42_05-01_12-29/metrics_20260501_122953_cross_entropy.json and results/pmi10_vit_small_patch16_dinov3_lvd1689m_test/smoke_vit_small_patch16_dinov3_lvd1689m_ce_s42_05-01_12-29/metrics_20260501_122953_cross_entropy.txt
Using provided class names: ['00378-0208', '00378-3855', '00591-0461', '16729-0020', '50111-0434', '53489-0156', '53746-0544', '62037-0831', '68382-0008', '68382-0227']
Skipping confusion matrix visualizations by configuration.

============================================================
TRAINING COMPLETED - RESULTS SUMMARY
============================================================
Output Directory: results/pmi10_vit_small_patch16_dinov3_lvd1689m_test/smoke_vit_small_patch16_dinov3_lvd1689m_ce_s42_05-01_12-29
Overall Accuracy: 0.6627
Balanced Accuracy: 0.4505
Overall F1 Score: 0.3818
Kappa: 0.6001
AUC: 0.8750
Expected Cost: 0.7580
Loss Function Used: cross_entropy
Total Test Samples: 1186
Classes: 00378-0208, 00378-3855, 00591-0461, 16729-0020, 50111-0434, 53489-0156, 53746-0544, 62037-0831, 68382-0008, 68382-0227

Detailed metrics saved to: results/pmi10_vit_small_patch16_dinov3_lvd1689m_test/smoke_vit_small_patch16_dinov3_lvd1689m_ce_s42_05-01_12-29
============================================================
