Prepared manifest loaded — Train=3578, Val=1181, Calibration=0, Test=1186
cuda
Using model backend=timm type=pmi10_convnext_base_fb_in22k_ft_in1k with 10 labels
Early stopping enabled with patience=4
Using device: cuda
{'loss': '9.692', 'grad_norm': '35.2', 'learning_rate': '1.623e-06', 'epoch': '0.1786'}
{'loss': '9.304', 'grad_norm': '26.61', 'learning_rate': '3.426e-06', 'epoch': '0.3571'}
{'loss': '8.811', 'grad_norm': '15.65', 'learning_rate': '5.23e-06', 'epoch': '0.5357'}
{'loss': '8.3', 'grad_norm': '28.46', 'learning_rate': '7.033e-06', 'epoch': '0.7143'}
{'loss': '7.677', 'grad_norm': '23.48', 'learning_rate': '8.837e-06', 'epoch': '0.8929'}
{'eval_loss': '1.723', 'eval_accuracy': '0.6367', 'eval_f1': '0.4114', 'eval_balanced_accuracy': '0.4577', 'eval_macro_f1': '0.4114', 'eval_atc': '0.5648', 'eval_normalized_atc': '0.05648', 'eval_target_recall': '0', 'eval_target_recall_macro': '0.3116', 'eval_target_fnr': '0.206', 'eval_selection_score': '3.382', 'eval_selection_accuracy_value': '0.4577', 'eval_nll': '1.62', 'eval_brier': '0.7119', 'eval_ece': '0.3749', 'eval_auroc': '0', 'eval_auprc': '0', 'eval_runtime': '11.48', 'eval_samples_per_second': '102.8', 'eval_steps_per_second': '6.444', 'epoch': '1'}
CustomImageProcessor configuration saved to checkpoints/hpo-nicme_convnext_base_fb_in22k_ft_in1k_nicme_hybrid_s42_trial0002/checkpoint-56/preprocessor_config.json
{'loss': '6.916', 'grad_norm': '26.76', 'learning_rate': '1.064e-05', 'epoch': '1.071'}
{'loss': '5.594', 'grad_norm': '33.73', 'learning_rate': '1.244e-05', 'epoch': '1.25'}
{'loss': '5.025', 'grad_norm': '49.81', 'learning_rate': '1.425e-05', 'epoch': '1.429'}
{'loss': '4.013', 'grad_norm': '74.6', 'learning_rate': '1.605e-05', 'epoch': '1.607'}
{'loss': '3.296', 'grad_norm': '35.47', 'learning_rate': '1.677e-05', 'epoch': '1.786'}
{'loss': '2.996', 'grad_norm': '87.08', 'learning_rate': '1.676e-05', 'epoch': '1.964'}
{'eval_loss': '0.5624', 'eval_accuracy': '0.8645', 'eval_f1': '0.8106', 'eval_balanced_accuracy': '0.7964', 'eval_macro_f1': '0.8106', 'eval_atc': '0.326', 'eval_normalized_atc': '0.0326', 'eval_target_recall': '0.4359', 'eval_target_recall_macro': '0.7705', 'eval_target_fnr': '0.0402', 'eval_selection_score': '0.8942', 'eval_selection_accuracy_value': '0.7964', 'eval_nll': '0.5113', 'eval_brier': '0.2486', 'eval_ece': '0.2048', 'eval_auroc': '0', 'eval_auprc': '0', 'eval_runtime': '10.51', 'eval_samples_per_second': '112.4', 'eval_steps_per_second': '7.04', 'epoch': '2'}
CustomImageProcessor configuration saved to checkpoints/hpo-nicme_convnext_base_fb_in22k_ft_in1k_nicme_hybrid_s42_trial0002/checkpoint-112/preprocessor_config.json
{'loss': '2.524', 'grad_norm': '57.52', 'learning_rate': '1.675e-05', 'epoch': '2.143'}
{'loss': '2.323', 'grad_norm': '62.22', 'learning_rate': '1.674e-05', 'epoch': '2.321'}
{'loss': '1.832', 'grad_norm': '32.81', 'learning_rate': '1.672e-05', 'epoch': '2.5'}
{'loss': '1.872', 'grad_norm': '80.02', 'learning_rate': '1.669e-05', 'epoch': '2.679'}
{'loss': '1.449', 'grad_norm': '56.38', 'learning_rate': '1.666e-05', 'epoch': '2.857'}
{'eval_loss': '0.2896', 'eval_accuracy': '0.9179', 'eval_f1': '0.8835', 'eval_balanced_accuracy': '0.869', 'eval_macro_f1': '0.8835', 'eval_atc': '0.1169', 'eval_normalized_atc': '0.01169', 'eval_target_recall': '0.7949', 'eval_target_recall_macro': '0.9269', 'eval_target_fnr': '0', 'eval_selection_score': '0.05589', 'eval_selection_accuracy_value': '0.869', 'eval_nll': '0.2628', 'eval_brier': '0.1303', 'eval_ece': '0.08641', 'eval_auroc': '0', 'eval_auprc': '0', 'eval_runtime': '10.57', 'eval_samples_per_second': '111.7', 'eval_steps_per_second': '6.999', 'epoch': '3'}
CustomImageProcessor configuration saved to checkpoints/hpo-nicme_convnext_base_fb_in22k_ft_in1k_nicme_hybrid_s42_trial0002/checkpoint-168/preprocessor_config.json
{'loss': '1.458', 'grad_norm': '47.77', 'learning_rate': '1.662e-05', 'epoch': '3.036'}
{'loss': '1.315', 'grad_norm': '26.05', 'learning_rate': '1.658e-05', 'epoch': '3.214'}
{'loss': '1.136', 'grad_norm': '61.16', 'learning_rate': '1.653e-05', 'epoch': '3.393'}
{'loss': '1.001', 'grad_norm': '32.52', 'learning_rate': '1.648e-05', 'epoch': '3.571'}
{'loss': '0.8724', 'grad_norm': '46.13', 'learning_rate': '1.642e-05', 'epoch': '3.75'}
{'loss': '0.9687', 'grad_norm': '72.73', 'learning_rate': '1.636e-05', 'epoch': '3.929'}
{'eval_loss': '0.2297', 'eval_accuracy': '0.9551', 'eval_f1': '0.9177', 'eval_balanced_accuracy': '0.896', 'eval_macro_f1': '0.9177', 'eval_atc': '0.2456', 'eval_normalized_atc': '0.02456', 'eval_target_recall': '0.5161', 'eval_target_recall_macro': '0.7794', 'eval_target_fnr': '0.01005', 'eval_selection_score': '0.614', 'eval_selection_accuracy_value': '0.896', 'eval_nll': '0.1504', 'eval_brier': '0.07096', 'eval_ece': '0.0528', 'eval_auroc': '0', 'eval_auprc': '0', 'eval_runtime': '10.87', 'eval_samples_per_second': '108.7', 'eval_steps_per_second': '6.81', 'epoch': '4'}
CustomImageProcessor configuration saved to checkpoints/hpo-nicme_convnext_base_fb_in22k_ft_in1k_nicme_hybrid_s42_trial0002/checkpoint-224/preprocessor_config.json
{'loss': '0.9897', 'grad_norm': '22.42', 'learning_rate': '1.629e-05', 'epoch': '4.107'}
{'loss': '0.9237', 'grad_norm': '62.89', 'learning_rate': '1.621e-05', 'epoch': '4.286'}
{'loss': '0.5458', 'grad_norm': '50.78', 'learning_rate': '1.614e-05', 'epoch': '4.464'}
{'loss': '0.6733', 'grad_norm': '37.56', 'learning_rate': '1.605e-05', 'epoch': '4.643'}
{'loss': '0.7786', 'grad_norm': '68.45', 'learning_rate': '1.597e-05', 'epoch': '4.821'}
{'loss': '0.8504', 'grad_norm': '153.1', 'learning_rate': '1.587e-05', 'epoch': '5'}
{'eval_loss': '0.1132', 'eval_accuracy': '0.9771', 'eval_f1': '0.9656', 'eval_balanced_accuracy': '0.967', 'eval_macro_f1': '0.9656', 'eval_atc': '0.07875', 'eval_normalized_atc': '0.007875', 'eval_target_recall': '0.8974', 'eval_target_recall_macro': '0.9525', 'eval_target_fnr': '0.01005', 'eval_selection_score': '0.007901', 'eval_selection_accuracy_value': '0.967', 'eval_nll': '0.08665', 'eval_brier': '0.03652', 'eval_ece': '0.0389', 'eval_auroc': '0', 'eval_auprc': '0', 'eval_runtime': '10.3', 'eval_samples_per_second': '114.6', 'eval_steps_per_second': '7.181', 'epoch': '5'}
CustomImageProcessor configuration saved to checkpoints/hpo-nicme_convnext_base_fb_in22k_ft_in1k_nicme_hybrid_s42_trial0002/checkpoint-280/preprocessor_config.json
{'loss': '0.5267', 'grad_norm': '105.2', 'learning_rate': '1.578e-05', 'epoch': '5.179'}
{'loss': '0.5711', 'grad_norm': '47.37', 'learning_rate': '1.567e-05', 'epoch': '5.357'}
{'loss': '0.6268', 'grad_norm': '25.1', 'learning_rate': '1.557e-05', 'epoch': '5.536'}
{'loss': '0.5573', 'grad_norm': '21.2', 'learning_rate': '1.546e-05', 'epoch': '5.714'}
{'loss': '0.3651', 'grad_norm': '19.24', 'learning_rate': '1.534e-05', 'epoch': '5.893'}
{'eval_loss': '0.09823', 'eval_accuracy': '0.9831', 'eval_f1': '0.9741', 'eval_balanced_accuracy': '0.9703', 'eval_macro_f1': '0.9741', 'eval_atc': '0.07113', 'eval_normalized_atc': '0.007113', 'eval_target_recall': '0.8718', 'eval_target_recall_macro': '0.9418', 'eval_target_fnr': '0.01005', 'eval_selection_score': '0.01029', 'eval_selection_accuracy_value': '0.9703', 'eval_nll': '0.07045', 'eval_brier': '0.03145', 'eval_ece': '0.02964', 'eval_auroc': '0', 'eval_auprc': '0', 'eval_runtime': '10.96', 'eval_samples_per_second': '107.7', 'eval_steps_per_second': '6.751', 'epoch': '6'}
CustomImageProcessor configuration saved to checkpoints/hpo-nicme_convnext_base_fb_in22k_ft_in1k_nicme_hybrid_s42_trial0002/checkpoint-336/preprocessor_config.json
{'loss': '0.4244', 'grad_norm': '93.77', 'learning_rate': '1.522e-05', 'epoch': '6.071'}
{'loss': '0.4642', 'grad_norm': '67.77', 'learning_rate': '1.51e-05', 'epoch': '6.25'}
{'loss': '0.4167', 'grad_norm': '23.31', 'learning_rate': '1.497e-05', 'epoch': '6.429'}
{'loss': '0.3712', 'grad_norm': '103.7', 'learning_rate': '1.484e-05', 'epoch': '6.607'}
{'loss': '0.6214', 'grad_norm': '154.7', 'learning_rate': '1.47e-05', 'epoch': '6.786'}
{'loss': '0.463', 'grad_norm': '16.6', 'learning_rate': '1.456e-05', 'epoch': '6.964'}
{'eval_loss': '0.108', 'eval_accuracy': '0.9788', 'eval_f1': '0.9731', 'eval_balanced_accuracy': '0.9822', 'eval_macro_f1': '0.9731', 'eval_atc': '0.07451', 'eval_normalized_atc': '0.007451', 'eval_target_recall': '0.925', 'eval_target_recall_macro': '0.9787', 'eval_target_fnr': '0.01005', 'eval_selection_score': '0.007451', 'eval_selection_accuracy_value': '0.9822', 'eval_nll': '0.06901', 'eval_brier': '0.03281', 'eval_ece': '0.01352', 'eval_auroc': '0', 'eval_auprc': '0', 'eval_runtime': '10.97', 'eval_samples_per_second': '107.7', 'eval_steps_per_second': '6.747', 'epoch': '7'}
CustomImageProcessor configuration saved to checkpoints/hpo-nicme_convnext_base_fb_in22k_ft_in1k_nicme_hybrid_s42_trial0002/checkpoint-392/preprocessor_config.json
{'loss': '0.4055', 'grad_norm': '83.6', 'learning_rate': '1.442e-05', 'epoch': '7.143'}
{'loss': '0.5067', 'grad_norm': '102.4', 'learning_rate': '1.427e-05', 'epoch': '7.321'}
{'loss': '0.4245', 'grad_norm': '19.36', 'learning_rate': '1.411e-05', 'epoch': '7.5'}
{'loss': '0.2342', 'grad_norm': '30.17', 'learning_rate': '1.396e-05', 'epoch': '7.679'}
{'loss': '0.4464', 'grad_norm': '30.51', 'learning_rate': '1.38e-05', 'epoch': '7.857'}
{'eval_loss': '0.09009', 'eval_accuracy': '0.9848', 'eval_f1': '0.9805', 'eval_balanced_accuracy': '0.9876', 'eval_macro_f1': '0.9805', 'eval_atc': '0.05334', 'eval_normalized_atc': '0.005334', 'eval_target_recall': '0.955', 'eval_target_recall_macro': '0.9862', 'eval_target_fnr': '0.01005', 'eval_selection_score': '0.005334', 'eval_selection_accuracy_value': '0.9876', 'eval_nll': '0.05334', 'eval_brier': '0.02422', 'eval_ece': '0.0195', 'eval_auroc': '0', 'eval_auprc': '0', 'eval_runtime': '10.45', 'eval_samples_per_second': '113', 'eval_steps_per_second': '7.083', 'epoch': '8'}
CustomImageProcessor configuration saved to checkpoints/hpo-nicme_convnext_base_fb_in22k_ft_in1k_nicme_hybrid_s42_trial0002/checkpoint-448/preprocessor_config.json
{'loss': '0.2968', 'grad_norm': '13.9', 'learning_rate': '1.364e-05', 'epoch': '8.036'}
{'loss': '0.3457', 'grad_norm': '105.8', 'learning_rate': '1.347e-05', 'epoch': '8.214'}
{'loss': '0.3674', 'grad_norm': '109.1', 'learning_rate': '1.33e-05', 'epoch': '8.393'}
{'loss': '0.2645', 'grad_norm': '7.051', 'learning_rate': '1.313e-05', 'epoch': '8.571'}
{'loss': '0.3394', 'grad_norm': '16.82', 'learning_rate': '1.296e-05', 'epoch': '8.75'}
{'loss': '0.3175', 'grad_norm': '21', 'learning_rate': '1.278e-05', 'epoch': '8.929'}
{'eval_loss': '0.09769', 'eval_accuracy': '0.9797', 'eval_f1': '0.9744', 'eval_balanced_accuracy': '0.978', 'eval_macro_f1': '0.9744', 'eval_atc': '0.08129', 'eval_normalized_atc': '0.008129', 'eval_target_recall': '0.92', 'eval_target_recall_macro': '0.9614', 'eval_target_fnr': '0.01005', 'eval_selection_score': '0.008129', 'eval_selection_accuracy_value': '0.978', 'eval_nll': '0.05812', 'eval_brier': '0.02949', 'eval_ece': '0.007666', 'eval_auroc': '0', 'eval_auprc': '0', 'eval_runtime': '10.3', 'eval_samples_per_second': '114.6', 'eval_steps_per_second': '7.182', 'epoch': '9'}
CustomImageProcessor configuration saved to checkpoints/hpo-nicme_convnext_base_fb_in22k_ft_in1k_nicme_hybrid_s42_trial0002/checkpoint-504/preprocessor_config.json
{'loss': '0.2613', 'grad_norm': '105.1', 'learning_rate': '1.26e-05', 'epoch': '9.107'}
{'loss': '0.2361', 'grad_norm': '8.564', 'learning_rate': '1.241e-05', 'epoch': '9.286'}
{'loss': '0.3145', 'grad_norm': '37.9', 'learning_rate': '1.223e-05', 'epoch': '9.464'}
{'loss': '0.3806', 'grad_norm': '142', 'learning_rate': '1.204e-05', 'epoch': '9.643'}
{'loss': '0.2768', 'grad_norm': '25.66', 'learning_rate': '1.185e-05', 'epoch': '9.821'}
{'loss': '0.4384', 'grad_norm': '50.78', 'learning_rate': '1.166e-05', 'epoch': '10'}
{'eval_loss': '0.09839', 'eval_accuracy': '0.9839', 'eval_f1': '0.9766', 'eval_balanced_accuracy': '0.9727', 'eval_macro_f1': '0.9766', 'eval_atc': '0.08383', 'eval_normalized_atc': '0.008383', 'eval_target_recall': '0.8718', 'eval_target_recall_macro': '0.9431', 'eval_target_fnr': '0.01508', 'eval_selection_score': '0.01156', 'eval_selection_accuracy_value': '0.9727', 'eval_nll': '0.0464', 'eval_brier': '0.0229', 'eval_ece': '0.008217', 'eval_auroc': '0', 'eval_auprc': '0', 'eval_runtime': '11.09', 'eval_samples_per_second': '106.5', 'eval_steps_per_second': '6.674', 'epoch': '10'}
CustomImageProcessor configuration saved to checkpoints/hpo-nicme_convnext_base_fb_in22k_ft_in1k_nicme_hybrid_s42_trial0002/checkpoint-560/preprocessor_config.json
{'loss': '0.3151', 'grad_norm': '39.76', 'learning_rate': '1.146e-05', 'epoch': '10.18'}
{'loss': '0.3178', 'grad_norm': '8.278', 'learning_rate': '1.126e-05', 'epoch': '10.36'}
{'loss': '0.1344', 'grad_norm': '79.81', 'learning_rate': '1.107e-05', 'epoch': '10.54'}
{'loss': '0.2373', 'grad_norm': '125.8', 'learning_rate': '1.086e-05', 'epoch': '10.71'}
{'loss': '0.348', 'grad_norm': '115.4', 'learning_rate': '1.066e-05', 'epoch': '10.89'}
{'eval_loss': '0.08712', 'eval_accuracy': '0.9848', 'eval_f1': '0.98', 'eval_balanced_accuracy': '0.9778', 'eval_macro_f1': '0.98', 'eval_atc': '0.06351', 'eval_normalized_atc': '0.006351', 'eval_target_recall': '0.9231', 'eval_target_recall_macro': '0.9521', 'eval_target_fnr': '0.01005', 'eval_selection_score': '0.006351', 'eval_selection_accuracy_value': '0.9778', 'eval_nll': '0.0462', 'eval_brier': '0.02185', 'eval_ece': '0.006073', 'eval_auroc': '0', 'eval_auprc': '0', 'eval_runtime': '10.95', 'eval_samples_per_second': '107.8', 'eval_steps_per_second': '6.755', 'epoch': '11'}
CustomImageProcessor configuration saved to checkpoints/hpo-nicme_convnext_base_fb_in22k_ft_in1k_nicme_hybrid_s42_trial0002/checkpoint-616/preprocessor_config.json
{'loss': '0.2212', 'grad_norm': '5.756', 'learning_rate': '1.046e-05', 'epoch': '11.07'}
{'loss': '0.2119', 'grad_norm': '28.65', 'learning_rate': '1.025e-05', 'epoch': '11.25'}
{'loss': '0.2305', 'grad_norm': '18.92', 'learning_rate': '1.005e-05', 'epoch': '11.43'}
{'loss': '0.2728', 'grad_norm': '29.49', 'learning_rate': '9.842e-06', 'epoch': '11.61'}
{'loss': '0.2294', 'grad_norm': '27.94', 'learning_rate': '9.634e-06', 'epoch': '11.79'}
{'loss': '0.1655', 'grad_norm': '133.8', 'learning_rate': '9.426e-06', 'epoch': '11.96'}
{'eval_loss': '0.08099', 'eval_accuracy': '0.9848', 'eval_f1': '0.9819', 'eval_balanced_accuracy': '0.986', 'eval_macro_f1': '0.9819', 'eval_atc': '0.06097', 'eval_normalized_atc': '0.006097', 'eval_target_recall': '0.93', 'eval_target_recall_macro': '0.9732', 'eval_target_fnr': '0.005025', 'eval_selection_score': '0.006097', 'eval_selection_accuracy_value': '0.986', 'eval_nll': '0.04959', 'eval_brier': '0.0255', 'eval_ece': '0.01002', 'eval_auroc': '0', 'eval_auprc': '0', 'eval_runtime': '11.04', 'eval_samples_per_second': '107', 'eval_steps_per_second': '6.705', 'epoch': '12'}
CustomImageProcessor configuration saved to checkpoints/hpo-nicme_convnext_base_fb_in22k_ft_in1k_nicme_hybrid_s42_trial0002/checkpoint-672/preprocessor_config.json
{'train_runtime': '557.7', 'train_samples_per_second': '154', 'train_steps_per_second': '2.41', 'train_loss': '1.594', 'epoch': '12'}
***** train metrics *****
  epoch                    =       12.0
  total_flos               =        0GF
  train_loss               =     1.5939
  train_runtime            = 0:09:17.74
  train_samples_per_second =    153.964
  train_steps_per_second   =       2.41
Using device: cuda

============================================================
PERFORMING COMPREHENSIVE EVALUATION
============================================================
Results will be saved to: results/pmi10_convnext_base_fb_in22k_ft_in1k_test/hpo-nicme_convnext_base_fb_in22k_ft_in1k_nicme_hybrid_s42_trial0002_05-01_23-46
Saving run configuration...
Run configuration saved to: results/pmi10_convnext_base_fb_in22k_ft_in1k_test/hpo-nicme_convnext_base_fb_in22k_ft_in1k_nicme_hybrid_s42_trial0002_05-01_23-46/run_configuration_20260501_234627.json
Running model evaluation...
Computing detailed metrics...
Saving metrics to files...
Metrics saved to: results/pmi10_convnext_base_fb_in22k_ft_in1k_test/hpo-nicme_convnext_base_fb_in22k_ft_in1k_nicme_hybrid_s42_trial0002_05-01_23-46/metrics_20260501_234650_nicme_hybrid.json and results/pmi10_convnext_base_fb_in22k_ft_in1k_test/hpo-nicme_convnext_base_fb_in22k_ft_in1k_nicme_hybrid_s42_trial0002_05-01_23-46/metrics_20260501_234650_nicme_hybrid.txt
Using provided class names: ['00378-0208', '00378-3855', '00591-0461', '16729-0020', '50111-0434', '53489-0156', '53746-0544', '62037-0831', '68382-0008', '68382-0227']
Skipping confusion matrix visualizations by configuration.

============================================================
TRAINING COMPLETED - RESULTS SUMMARY
============================================================
Output Directory: results/pmi10_convnext_base_fb_in22k_ft_in1k_test/hpo-nicme_convnext_base_fb_in22k_ft_in1k_nicme_hybrid_s42_trial0002_05-01_23-46
Overall Accuracy: 0.9789
Balanced Accuracy: 0.9813
Overall F1 Score: 0.9734
Kappa: 0.9756
AUC: 0.9999
Expected Cost: 0.0742
Loss Function Used: nicme_hybrid
Total Test Samples: 1186
Classes: 00378-0208, 00378-3855, 00591-0461, 16729-0020, 50111-0434, 53489-0156, 53746-0544, 62037-0831, 68382-0008, 68382-0227

Detailed metrics saved to: results/pmi10_convnext_base_fb_in22k_ft_in1k_test/hpo-nicme_convnext_base_fb_in22k_ft_in1k_nicme_hybrid_s42_trial0002_05-01_23-46
============================================================
