Prepared manifest loaded — Train=3578, Val=1181, Calibration=0, Test=1186
cuda
Using model backend=timm type=pmi10_convnext_base_fb_in22k_ft_in1k with 10 labels
Early stopping enabled with patience=4
Using device: cuda
{'loss': '9.566', 'grad_norm': '32.36', 'learning_rate': '5.374e-06', 'epoch': '0.1786'}
{'loss': '8.764', 'grad_norm': '29.7', 'learning_rate': '1.135e-05', 'epoch': '0.3571'}
{'loss': '7.977', 'grad_norm': '15.83', 'learning_rate': '1.732e-05', 'epoch': '0.5357'}
{'loss': '6.557', 'grad_norm': '26.48', 'learning_rate': '2.329e-05', 'epoch': '0.7143'}
{'loss': '4.914', 'grad_norm': '55.81', 'learning_rate': '2.926e-05', 'epoch': '0.8929'}
{'eval_loss': '0.8825', 'eval_accuracy': '0.7536', 'eval_f1': '0.6829', 'eval_balanced_accuracy': '0.7249', 'eval_macro_f1': '0.6829', 'eval_atc': '0.3649', 'eval_normalized_atc': '0.03649', 'eval_target_recall': '0.8191', 'eval_target_recall_macro': '0.8525', 'eval_target_fnr': '0.1809', 'eval_selection_score': '0.06331', 'eval_selection_accuracy_value': '0.7249', 'eval_nll': '0.8184', 'eval_brier': '0.4184', 'eval_ece': '0.2314', 'eval_auroc': '0', 'eval_auprc': '0', 'eval_runtime': '11.34', 'eval_samples_per_second': '104.2', 'eval_steps_per_second': '6.526', 'epoch': '1'}
CustomImageProcessor configuration saved to checkpoints/hpo-nicme_convnext_base_fb_in22k_ft_in1k_nicme_hybrid_s42_trial0004/checkpoint-56/preprocessor_config.json
{'loss': '3.71', 'grad_norm': '45.6', 'learning_rate': '3.523e-05', 'epoch': '1.071'}
{'loss': '2.69', 'grad_norm': '77.08', 'learning_rate': '4.12e-05', 'epoch': '1.25'}
{'loss': '2.72', 'grad_norm': '120', 'learning_rate': '4.419e-05', 'epoch': '1.429'}
{'loss': '2.215', 'grad_norm': '54.14', 'learning_rate': '4.417e-05', 'epoch': '1.607'}
{'loss': '1.767', 'grad_norm': '100.7', 'learning_rate': '4.415e-05', 'epoch': '1.786'}
{'loss': '1.668', 'grad_norm': '70.55', 'learning_rate': '4.411e-05', 'epoch': '1.964'}
{'eval_loss': '0.3162', 'eval_accuracy': '0.9365', 'eval_f1': '0.9106', 'eval_balanced_accuracy': '0.9254', 'eval_macro_f1': '0.9106', 'eval_atc': '0.2007', 'eval_normalized_atc': '0.02007', 'eval_target_recall': '0.7949', 'eval_target_recall_macro': '0.8938', 'eval_target_fnr': '0.05528', 'eval_selection_score': '0.06428', 'eval_selection_accuracy_value': '0.9254', 'eval_nll': '0.2625', 'eval_brier': '0.1181', 'eval_ece': '0.1097', 'eval_auroc': '0', 'eval_auprc': '0', 'eval_runtime': '10.3', 'eval_samples_per_second': '114.7', 'eval_steps_per_second': '7.185', 'epoch': '2'}
CustomImageProcessor configuration saved to checkpoints/hpo-nicme_convnext_base_fb_in22k_ft_in1k_nicme_hybrid_s42_trial0004/checkpoint-112/preprocessor_config.json
{'loss': '1.477', 'grad_norm': '58.49', 'learning_rate': '4.405e-05', 'epoch': '2.143'}
{'loss': '1.119', 'grad_norm': '33.39', 'learning_rate': '4.399e-05', 'epoch': '2.321'}
{'loss': '0.9109', 'grad_norm': '71.17', 'learning_rate': '4.391e-05', 'epoch': '2.5'}
{'loss': '0.8496', 'grad_norm': '63.13', 'learning_rate': '4.381e-05', 'epoch': '2.679'}
{'loss': '0.5987', 'grad_norm': '77.73', 'learning_rate': '4.37e-05', 'epoch': '2.857'}
{'eval_loss': '0.2375', 'eval_accuracy': '0.9407', 'eval_f1': '0.9336', 'eval_balanced_accuracy': '0.9502', 'eval_macro_f1': '0.9336', 'eval_atc': '0.1507', 'eval_normalized_atc': '0.01507', 'eval_target_recall': '0.73', 'eval_target_recall_macro': '0.9074', 'eval_target_fnr': '0.01005', 'eval_selection_score': '0.1307', 'eval_selection_accuracy_value': '0.9502', 'eval_nll': '0.1544', 'eval_brier': '0.08379', 'eval_ece': '0.01592', 'eval_auroc': '0', 'eval_auprc': '0', 'eval_runtime': '10.52', 'eval_samples_per_second': '112.3', 'eval_steps_per_second': '7.035', 'epoch': '3'}
CustomImageProcessor configuration saved to checkpoints/hpo-nicme_convnext_base_fb_in22k_ft_in1k_nicme_hybrid_s42_trial0004/checkpoint-168/preprocessor_config.json
{'loss': '0.9177', 'grad_norm': '83.87', 'learning_rate': '4.358e-05', 'epoch': '3.036'}
{'loss': '0.6386', 'grad_norm': '19.9', 'learning_rate': '4.345e-05', 'epoch': '3.214'}
{'loss': '0.7561', 'grad_norm': '65.19', 'learning_rate': '4.33e-05', 'epoch': '3.393'}
{'loss': '0.6708', 'grad_norm': '6.885', 'learning_rate': '4.314e-05', 'epoch': '3.571'}
{'loss': '0.4306', 'grad_norm': '57.17', 'learning_rate': '4.297e-05', 'epoch': '3.75'}
{'loss': '0.65', 'grad_norm': '26.22', 'learning_rate': '4.278e-05', 'epoch': '3.929'}
{'eval_loss': '0.06903', 'eval_accuracy': '0.9881', 'eval_f1': '0.986', 'eval_balanced_accuracy': '0.9894', 'eval_macro_f1': '0.986', 'eval_atc': '0.0271', 'eval_normalized_atc': '0.00271', 'eval_target_recall': '0.9899', 'eval_target_recall_macro': '0.995', 'eval_target_fnr': '0.01005', 'eval_selection_score': '0.00271', 'eval_selection_accuracy_value': '0.9894', 'eval_nll': '0.04927', 'eval_brier': '0.02179', 'eval_ece': '0.01737', 'eval_auroc': '0', 'eval_auprc': '0', 'eval_runtime': '10.57', 'eval_samples_per_second': '111.7', 'eval_steps_per_second': '6.998', 'epoch': '4'}
CustomImageProcessor configuration saved to checkpoints/hpo-nicme_convnext_base_fb_in22k_ft_in1k_nicme_hybrid_s42_trial0004/checkpoint-224/preprocessor_config.json
{'loss': '0.511', 'grad_norm': '34.48', 'learning_rate': '4.259e-05', 'epoch': '4.107'}
{'loss': '0.4736', 'grad_norm': '34.03', 'learning_rate': '4.238e-05', 'epoch': '4.286'}
{'loss': '0.2392', 'grad_norm': '21.57', 'learning_rate': '4.215e-05', 'epoch': '4.464'}
{'loss': '0.601', 'grad_norm': '159.6', 'learning_rate': '4.192e-05', 'epoch': '4.643'}
{'loss': '0.6444', 'grad_norm': '42.93', 'learning_rate': '4.167e-05', 'epoch': '4.821'}
{'loss': '0.5509', 'grad_norm': '136.2', 'learning_rate': '4.141e-05', 'epoch': '5'}
{'eval_loss': '0.06389', 'eval_accuracy': '0.9848', 'eval_f1': '0.9767', 'eval_balanced_accuracy': '0.9887', 'eval_macro_f1': '0.9767', 'eval_atc': '0.06859', 'eval_normalized_atc': '0.006859', 'eval_target_recall': '0.955', 'eval_target_recall_macro': '0.9862', 'eval_target_fnr': '0.01005', 'eval_selection_score': '0.006859', 'eval_selection_accuracy_value': '0.9887', 'eval_nll': '0.04566', 'eval_brier': '0.02062', 'eval_ece': '0.01272', 'eval_auroc': '0', 'eval_auprc': '0', 'eval_runtime': '10.4', 'eval_samples_per_second': '113.5', 'eval_steps_per_second': '7.114', 'epoch': '5'}
CustomImageProcessor configuration saved to checkpoints/hpo-nicme_convnext_base_fb_in22k_ft_in1k_nicme_hybrid_s42_trial0004/checkpoint-280/preprocessor_config.json
{'loss': '0.2461', 'grad_norm': '37.37', 'learning_rate': '4.114e-05', 'epoch': '5.179'}
{'loss': '0.317', 'grad_norm': '19.95', 'learning_rate': '4.086e-05', 'epoch': '5.357'}
{'loss': '0.4039', 'grad_norm': '36.54', 'learning_rate': '4.056e-05', 'epoch': '5.536'}
{'loss': '0.8551', 'grad_norm': '75.38', 'learning_rate': '4.025e-05', 'epoch': '5.714'}
{'loss': '0.2989', 'grad_norm': '16.34', 'learning_rate': '3.994e-05', 'epoch': '5.893'}
{'eval_loss': '0.0779', 'eval_accuracy': '0.9848', 'eval_f1': '0.9759', 'eval_balanced_accuracy': '0.9777', 'eval_macro_f1': '0.9759', 'eval_atc': '0.04064', 'eval_normalized_atc': '0.004064', 'eval_target_recall': '0.9231', 'eval_target_recall_macro': '0.9733', 'eval_target_fnr': '0.005025', 'eval_selection_score': '0.004064', 'eval_selection_accuracy_value': '0.9777', 'eval_nll': '0.05176', 'eval_brier': '0.0244', 'eval_ece': '0.009766', 'eval_auroc': '0', 'eval_auprc': '0', 'eval_runtime': '10.45', 'eval_samples_per_second': '113', 'eval_steps_per_second': '7.078', 'epoch': '6'}
CustomImageProcessor configuration saved to checkpoints/hpo-nicme_convnext_base_fb_in22k_ft_in1k_nicme_hybrid_s42_trial0004/checkpoint-336/preprocessor_config.json
{'loss': '0.3301', 'grad_norm': '55.4', 'learning_rate': '3.961e-05', 'epoch': '6.071'}
{'loss': '0.3733', 'grad_norm': '51.91', 'learning_rate': '3.927e-05', 'epoch': '6.25'}
{'loss': '0.3131', 'grad_norm': '61.79', 'learning_rate': '3.892e-05', 'epoch': '6.429'}
{'loss': '0.3997', 'grad_norm': '111.6', 'learning_rate': '3.856e-05', 'epoch': '6.607'}
{'loss': '0.5684', 'grad_norm': '344.7', 'learning_rate': '3.819e-05', 'epoch': '6.786'}
{'loss': '0.554', 'grad_norm': '64.75', 'learning_rate': '3.781e-05', 'epoch': '6.964'}
{'eval_loss': '0.07553', 'eval_accuracy': '0.9848', 'eval_f1': '0.9745', 'eval_balanced_accuracy': '0.9798', 'eval_macro_f1': '0.9745', 'eval_atc': '0.03641', 'eval_normalized_atc': '0.003641', 'eval_target_recall': '0.9744', 'eval_target_recall_macro': '0.9911', 'eval_target_fnr': '0.005025', 'eval_selection_score': '0.003641', 'eval_selection_accuracy_value': '0.9798', 'eval_nll': '0.0551', 'eval_brier': '0.02625', 'eval_ece': '0.01016', 'eval_auroc': '0', 'eval_auprc': '0', 'eval_runtime': '10.5', 'eval_samples_per_second': '112.4', 'eval_steps_per_second': '7.045', 'epoch': '7'}
CustomImageProcessor configuration saved to checkpoints/hpo-nicme_convnext_base_fb_in22k_ft_in1k_nicme_hybrid_s42_trial0004/checkpoint-392/preprocessor_config.json
{'loss': '0.3793', 'grad_norm': '40.11', 'learning_rate': '3.743e-05', 'epoch': '7.143'}
{'loss': '0.2491', 'grad_norm': '44.69', 'learning_rate': '3.703e-05', 'epoch': '7.321'}
{'loss': '0.3311', 'grad_norm': '9.226', 'learning_rate': '3.662e-05', 'epoch': '7.5'}
{'loss': '0.1877', 'grad_norm': '26.81', 'learning_rate': '3.62e-05', 'epoch': '7.679'}
{'loss': '0.4208', 'grad_norm': '28.83', 'learning_rate': '3.578e-05', 'epoch': '7.857'}
{'eval_loss': '0.1272', 'eval_accuracy': '0.9831', 'eval_f1': '0.9744', 'eval_balanced_accuracy': '0.987', 'eval_macro_f1': '0.9744', 'eval_atc': '0.09314', 'eval_normalized_atc': '0.009314', 'eval_target_recall': '0.93', 'eval_target_recall_macro': '0.9812', 'eval_target_fnr': '0.005025', 'eval_selection_score': '0.009314', 'eval_selection_accuracy_value': '0.987', 'eval_nll': '0.04362', 'eval_brier': '0.02431', 'eval_ece': '0.005995', 'eval_auroc': '0', 'eval_auprc': '0', 'eval_runtime': '10.48', 'eval_samples_per_second': '112.7', 'eval_steps_per_second': '7.064', 'epoch': '8'}
CustomImageProcessor configuration saved to checkpoints/hpo-nicme_convnext_base_fb_in22k_ft_in1k_nicme_hybrid_s42_trial0004/checkpoint-448/preprocessor_config.json
{'train_runtime': '370.7', 'train_samples_per_second': '231.7', 'train_steps_per_second': '3.626', 'train_loss': '1.585', 'epoch': '8'}
***** train metrics *****
  epoch                    =        8.0
  total_flos               =        0GF
  train_loss               =     1.5848
  train_runtime            = 0:06:10.67
  train_samples_per_second =    231.664
  train_steps_per_second   =      3.626
Using device: cuda

============================================================
PERFORMING COMPREHENSIVE EVALUATION
============================================================
Results will be saved to: results/pmi10_convnext_base_fb_in22k_ft_in1k_test/hpo-nicme_convnext_base_fb_in22k_ft_in1k_nicme_hybrid_s42_trial0004_05-02_00-03
Saving run configuration...
Run configuration saved to: results/pmi10_convnext_base_fb_in22k_ft_in1k_test/hpo-nicme_convnext_base_fb_in22k_ft_in1k_nicme_hybrid_s42_trial0004_05-02_00-03/run_configuration_20260502_000320.json
Running model evaluation...
Computing detailed metrics...
Saving metrics to files...
Metrics saved to: results/pmi10_convnext_base_fb_in22k_ft_in1k_test/hpo-nicme_convnext_base_fb_in22k_ft_in1k_nicme_hybrid_s42_trial0004_05-02_00-03/metrics_20260502_000342_nicme_hybrid.json and results/pmi10_convnext_base_fb_in22k_ft_in1k_test/hpo-nicme_convnext_base_fb_in22k_ft_in1k_nicme_hybrid_s42_trial0004_05-02_00-03/metrics_20260502_000342_nicme_hybrid.txt
Using provided class names: ['00378-0208', '00378-3855', '00591-0461', '16729-0020', '50111-0434', '53489-0156', '53746-0544', '62037-0831', '68382-0008', '68382-0227']
Skipping confusion matrix visualizations by configuration.

============================================================
TRAINING COMPLETED - RESULTS SUMMARY
============================================================
Output Directory: results/pmi10_convnext_base_fb_in22k_ft_in1k_test/hpo-nicme_convnext_base_fb_in22k_ft_in1k_nicme_hybrid_s42_trial0004_05-02_00-03
Overall Accuracy: 0.9890
Balanced Accuracy: 0.9885
Overall F1 Score: 0.9873
Kappa: 0.9873
AUC: 0.9999
Expected Cost: 0.0261
Loss Function Used: nicme_hybrid
Total Test Samples: 1186
Classes: 00378-0208, 00378-3855, 00591-0461, 16729-0020, 50111-0434, 53489-0156, 53746-0544, 62037-0831, 68382-0008, 68382-0227

Detailed metrics saved to: results/pmi10_convnext_base_fb_in22k_ft_in1k_test/hpo-nicme_convnext_base_fb_in22k_ft_in1k_nicme_hybrid_s42_trial0004_05-02_00-03
============================================================
