Prepared manifest loaded — Train=3578, Val=1181, Calibration=0, Test=1186
cuda
Using model backend=timm type=pmi10_convnext_base_fb_in22k_ft_in1k with 10 labels
Early stopping enabled with patience=4
Using device: cuda
{'loss': '9.484', 'grad_norm': '30.36', 'learning_rate': '5.704e-06', 'epoch': '0.1786'}
{'loss': '8.582', 'grad_norm': '20.33', 'learning_rate': '1.204e-05', 'epoch': '0.3571'}
{'loss': '7.587', 'grad_norm': '20.5', 'learning_rate': '1.838e-05', 'epoch': '0.5357'}
{'loss': '5.778', 'grad_norm': '23.45', 'learning_rate': '2.472e-05', 'epoch': '0.7143'}
{'loss': '4.112', 'grad_norm': '35.86', 'learning_rate': '3.105e-05', 'epoch': '0.8929'}
{'eval_loss': '0.6825', 'eval_accuracy': '0.8078', 'eval_f1': '0.7189', 'eval_balanced_accuracy': '0.7282', 'eval_macro_f1': '0.7189', 'eval_atc': '0.3887', 'eval_normalized_atc': '0.03887', 'eval_target_recall': '0.6774', 'eval_target_recall_macro': '0.8324', 'eval_target_fnr': '0.07035', 'eval_selection_score': '0.2375', 'eval_selection_accuracy_value': '0.7282', 'eval_nll': '0.6345', 'eval_brier': '0.3231', 'eval_ece': '0.1927', 'eval_auroc': '0', 'eval_auprc': '0', 'eval_runtime': '11.27', 'eval_samples_per_second': '104.8', 'eval_steps_per_second': '6.567', 'epoch': '1'}
CustomImageProcessor configuration saved to checkpoints/hpo-nicme_convnext_base_fb_in22k_ft_in1k_nicme_hybrid_s42_trial0010/checkpoint-56/preprocessor_config.json
{'loss': '3.28', 'grad_norm': '48.93', 'learning_rate': '3.739e-05', 'epoch': '1.071'}
{'loss': '2.237', 'grad_norm': '62.19', 'learning_rate': '4.373e-05', 'epoch': '1.25'}
{'loss': '2.18', 'grad_norm': '66.47', 'learning_rate': '5.007e-05', 'epoch': '1.429'}
{'loss': '1.536', 'grad_norm': '63.36', 'learning_rate': '5.64e-05', 'epoch': '1.607'}
{'loss': '1.246', 'grad_norm': '44.17', 'learning_rate': '6.274e-05', 'epoch': '1.786'}
{'loss': '1.331', 'grad_norm': '53.92', 'learning_rate': '6.908e-05', 'epoch': '1.964'}
{'eval_loss': '0.3777', 'eval_accuracy': '0.9009', 'eval_f1': '0.8584', 'eval_balanced_accuracy': '0.8857', 'eval_macro_f1': '0.8584', 'eval_atc': '0.547', 'eval_normalized_atc': '0.0547', 'eval_target_recall': '0.804', 'eval_target_recall_macro': '0.895', 'eval_target_fnr': '0.196', 'eval_selection_score': '0.09155', 'eval_selection_accuracy_value': '0.8857', 'eval_nll': '0.2781', 'eval_brier': '0.1474', 'eval_ece': '0.04144', 'eval_auroc': '0', 'eval_auprc': '0', 'eval_runtime': '10.33', 'eval_samples_per_second': '114.4', 'eval_steps_per_second': '7.167', 'epoch': '2'}
CustomImageProcessor configuration saved to checkpoints/hpo-nicme_convnext_base_fb_in22k_ft_in1k_nicme_hybrid_s42_trial0010/checkpoint-112/preprocessor_config.json
{'loss': '1.1', 'grad_norm': '55.85', 'learning_rate': '7.541e-05', 'epoch': '2.143'}
{'loss': '1.282', 'grad_norm': '67.06', 'learning_rate': '7.667e-05', 'epoch': '2.321'}
{'loss': '0.9063', 'grad_norm': '38.9', 'learning_rate': '7.664e-05', 'epoch': '2.5'}
{'loss': '0.7504', 'grad_norm': '71.22', 'learning_rate': '7.658e-05', 'epoch': '2.679'}
{'loss': '0.6791', 'grad_norm': '37.85', 'learning_rate': '7.65e-05', 'epoch': '2.857'}
{'eval_loss': '0.07098', 'eval_accuracy': '0.9788', 'eval_f1': '0.9692', 'eval_balanced_accuracy': '0.9766', 'eval_macro_f1': '0.9692', 'eval_atc': '0.07282', 'eval_normalized_atc': '0.007282', 'eval_target_recall': '0.9677', 'eval_target_recall_macro': '0.978', 'eval_target_fnr': '0.005025', 'eval_selection_score': '0.007282', 'eval_selection_accuracy_value': '0.9766', 'eval_nll': '0.06074', 'eval_brier': '0.02867', 'eval_ece': '0.02171', 'eval_auroc': '0', 'eval_auprc': '0', 'eval_runtime': '10.45', 'eval_samples_per_second': '113', 'eval_steps_per_second': '7.078', 'epoch': '3'}
CustomImageProcessor configuration saved to checkpoints/hpo-nicme_convnext_base_fb_in22k_ft_in1k_nicme_hybrid_s42_trial0010/checkpoint-168/preprocessor_config.json
{'loss': '0.4967', 'grad_norm': '13.33', 'learning_rate': '7.639e-05', 'epoch': '3.036'}
{'loss': '0.7143', 'grad_norm': '11.72', 'learning_rate': '7.626e-05', 'epoch': '3.214'}
{'loss': '0.8365', 'grad_norm': '57.8', 'learning_rate': '7.61e-05', 'epoch': '3.393'}
{'loss': '0.5717', 'grad_norm': '34.82', 'learning_rate': '7.592e-05', 'epoch': '3.571'}
{'loss': '0.6272', 'grad_norm': '40.42', 'learning_rate': '7.571e-05', 'epoch': '3.75'}
{'loss': '0.5618', 'grad_norm': '56.91', 'learning_rate': '7.547e-05', 'epoch': '3.929'}
{'eval_loss': '0.0821', 'eval_accuracy': '0.9831', 'eval_f1': '0.9703', 'eval_balanced_accuracy': '0.9607', 'eval_macro_f1': '0.9703', 'eval_atc': '0.08467', 'eval_normalized_atc': '0.008467', 'eval_target_recall': '0.8462', 'eval_target_recall_macro': '0.9268', 'eval_target_fnr': '0.005025', 'eval_selection_score': '0.02007', 'eval_selection_accuracy_value': '0.9607', 'eval_nll': '0.0614', 'eval_brier': '0.0327', 'eval_ece': '0.01868', 'eval_auroc': '0', 'eval_auprc': '0', 'eval_runtime': '10.19', 'eval_samples_per_second': '115.9', 'eval_steps_per_second': '7.265', 'epoch': '4'}
CustomImageProcessor configuration saved to checkpoints/hpo-nicme_convnext_base_fb_in22k_ft_in1k_nicme_hybrid_s42_trial0010/checkpoint-224/preprocessor_config.json
{'loss': '0.6739', 'grad_norm': '13.22', 'learning_rate': '7.522e-05', 'epoch': '4.107'}
{'loss': '0.3724', 'grad_norm': '17.64', 'learning_rate': '7.493e-05', 'epoch': '4.286'}
{'loss': '0.4831', 'grad_norm': '43.58', 'learning_rate': '7.463e-05', 'epoch': '4.464'}
{'loss': '0.4486', 'grad_norm': '13.29', 'learning_rate': '7.43e-05', 'epoch': '4.643'}
{'loss': '0.4849', 'grad_norm': '63.88', 'learning_rate': '7.394e-05', 'epoch': '4.821'}
{'loss': '0.5845', 'grad_norm': '30.21', 'learning_rate': '7.357e-05', 'epoch': '5'}
{'eval_loss': '0.08745', 'eval_accuracy': '0.9763', 'eval_f1': '0.957', 'eval_balanced_accuracy': '0.9443', 'eval_macro_f1': '0.957', 'eval_atc': '0.06097', 'eval_normalized_atc': '0.006097', 'eval_target_recall': '0.8718', 'eval_target_recall_macro': '0.9536', 'eval_target_fnr': '0', 'eval_selection_score': '0.009279', 'eval_selection_accuracy_value': '0.9443', 'eval_nll': '0.07136', 'eval_brier': '0.03763', 'eval_ece': '0.006111', 'eval_auroc': '0', 'eval_auprc': '0', 'eval_runtime': '10.26', 'eval_samples_per_second': '115.1', 'eval_steps_per_second': '7.21', 'epoch': '5'}
CustomImageProcessor configuration saved to checkpoints/hpo-nicme_convnext_base_fb_in22k_ft_in1k_nicme_hybrid_s42_trial0010/checkpoint-280/preprocessor_config.json
{'loss': '0.3434', 'grad_norm': '14.01', 'learning_rate': '7.317e-05', 'epoch': '5.179'}
{'loss': '0.3442', 'grad_norm': '77.13', 'learning_rate': '7.274e-05', 'epoch': '5.357'}
{'loss': '0.3709', 'grad_norm': '7.11', 'learning_rate': '7.23e-05', 'epoch': '5.536'}
{'loss': '0.5938', 'grad_norm': '59.58', 'learning_rate': '7.183e-05', 'epoch': '5.714'}
{'loss': '0.5718', 'grad_norm': '117', 'learning_rate': '7.134e-05', 'epoch': '5.893'}
{'eval_loss': '0.05824', 'eval_accuracy': '0.9831', 'eval_f1': '0.9821', 'eval_balanced_accuracy': '0.9852', 'eval_macro_f1': '0.9821', 'eval_atc': '0.03641', 'eval_normalized_atc': '0.003641', 'eval_target_recall': '0.945', 'eval_target_recall_macro': '0.9709', 'eval_target_fnr': '0.01005', 'eval_selection_score': '0.003641', 'eval_selection_accuracy_value': '0.9852', 'eval_nll': '0.04845', 'eval_brier': '0.02661', 'eval_ece': '0.01097', 'eval_auroc': '0', 'eval_auprc': '0', 'eval_runtime': '10.77', 'eval_samples_per_second': '109.6', 'eval_steps_per_second': '6.868', 'epoch': '6'}
CustomImageProcessor configuration saved to checkpoints/hpo-nicme_convnext_base_fb_in22k_ft_in1k_nicme_hybrid_s42_trial0010/checkpoint-336/preprocessor_config.json
{'loss': '0.397', 'grad_norm': '8.15', 'learning_rate': '7.083e-05', 'epoch': '6.071'}
{'loss': '0.2891', 'grad_norm': '9.923', 'learning_rate': '7.029e-05', 'epoch': '6.25'}
{'loss': '0.2196', 'grad_norm': '10.92', 'learning_rate': '6.974e-05', 'epoch': '6.429'}
{'loss': '0.1572', 'grad_norm': '47.54', 'learning_rate': '6.916e-05', 'epoch': '6.607'}
{'loss': '0.3171', 'grad_norm': '64.61', 'learning_rate': '6.857e-05', 'epoch': '6.786'}
{'loss': '0.5667', 'grad_norm': '22.52', 'learning_rate': '6.795e-05', 'epoch': '6.964'}
{'eval_loss': '0.03598', 'eval_accuracy': '0.9915', 'eval_f1': '0.9873', 'eval_balanced_accuracy': '0.9886', 'eval_macro_f1': '0.9873', 'eval_atc': '0.03133', 'eval_normalized_atc': '0.003133', 'eval_target_recall': '0.9677', 'eval_target_recall_macro': '0.9894', 'eval_target_fnr': '0.005025', 'eval_selection_score': '0.003133', 'eval_selection_accuracy_value': '0.9886', 'eval_nll': '0.02749', 'eval_brier': '0.01344', 'eval_ece': '0.005987', 'eval_auroc': '0', 'eval_auprc': '0', 'eval_runtime': '10.23', 'eval_samples_per_second': '115.4', 'eval_steps_per_second': '7.233', 'epoch': '7'}
CustomImageProcessor configuration saved to checkpoints/hpo-nicme_convnext_base_fb_in22k_ft_in1k_nicme_hybrid_s42_trial0010/checkpoint-392/preprocessor_config.json
{'train_runtime': '371.3', 'train_samples_per_second': '231.3', 'train_steps_per_second': '3.62', 'train_loss': '1.611', 'epoch': '7'}
***** train metrics *****
  epoch                    =        7.0
  total_flos               =        0GF
  train_loss               =     1.6114
  train_runtime            = 0:06:11.27
  train_samples_per_second =    231.286
  train_steps_per_second   =       3.62
Using device: cuda

============================================================
PERFORMING COMPREHENSIVE EVALUATION
============================================================
Results will be saved to: results/pmi10_convnext_base_fb_in22k_ft_in1k_test/hpo-nicme_convnext_base_fb_in22k_ft_in1k_nicme_hybrid_s42_trial0010_05-02_01-05
Saving run configuration...
Run configuration saved to: results/pmi10_convnext_base_fb_in22k_ft_in1k_test/hpo-nicme_convnext_base_fb_in22k_ft_in1k_nicme_hybrid_s42_trial0010_05-02_01-05/run_configuration_20260502_010502.json
Running model evaluation...
Computing detailed metrics...
Saving metrics to files...
Metrics saved to: results/pmi10_convnext_base_fb_in22k_ft_in1k_test/hpo-nicme_convnext_base_fb_in22k_ft_in1k_nicme_hybrid_s42_trial0010_05-02_01-05/metrics_20260502_010526_nicme_hybrid.json and results/pmi10_convnext_base_fb_in22k_ft_in1k_test/hpo-nicme_convnext_base_fb_in22k_ft_in1k_nicme_hybrid_s42_trial0010_05-02_01-05/metrics_20260502_010526_nicme_hybrid.txt
Using provided class names: ['00378-0208', '00378-3855', '00591-0461', '16729-0020', '50111-0434', '53489-0156', '53746-0544', '62037-0831', '68382-0008', '68382-0227']
Skipping confusion matrix visualizations by configuration.

============================================================
TRAINING COMPLETED - RESULTS SUMMARY
============================================================
Output Directory: results/pmi10_convnext_base_fb_in22k_ft_in1k_test/hpo-nicme_convnext_base_fb_in22k_ft_in1k_nicme_hybrid_s42_trial0010_05-02_01-05
Overall Accuracy: 0.9823
Balanced Accuracy: 0.9786
Overall F1 Score: 0.9806
Kappa: 0.9795
AUC: 0.9998
Expected Cost: 0.0540
Loss Function Used: nicme_hybrid
Total Test Samples: 1186
Classes: 00378-0208, 00378-3855, 00591-0461, 16729-0020, 50111-0434, 53489-0156, 53746-0544, 62037-0831, 68382-0008, 68382-0227

Detailed metrics saved to: results/pmi10_convnext_base_fb_in22k_ft_in1k_test/hpo-nicme_convnext_base_fb_in22k_ft_in1k_nicme_hybrid_s42_trial0010_05-02_01-05
============================================================
