Prepared manifest loaded — Train=2098, Val=300, Calibration=300, Test=300
cuda
Using model backend=timm type=binary_sota_convnext_base with 2 labels
Loaded initial checkpoint: checkpoints/binary_camera_ready_cost8_7_lr5e5_multiseed_20260505/binary_spider_run_ce_anchor_binary_lr5e5_s44/checkpoint-330/model.safetensors
Early stopping enabled with patience=3
Using device: cuda
{'loss': '76.05', 'grad_norm': '408.8', 'learning_rate': '2.727e-06', 'epoch': '0.303'}
{'loss': '57.71', 'grad_norm': '324.5', 'learning_rate': '5.758e-06', 'epoch': '0.6061'}
{'loss': '36.79', 'grad_norm': '320.2', 'learning_rate': '8.788e-06', 'epoch': '0.9091'}
{'eval_loss': '2.44', 'eval_accuracy': '0.7', 'eval_f1': '0.6703', 'eval_balanced_accuracy': '0.7', 'eval_macro_f1': '0.6703', 'eval_atc': '0.3', 'eval_normalized_atc': '0.0375', 'eval_target_recall': '1', 'eval_target_recall_macro': '1', 'eval_target_fnr': '0', 'eval_selection_score': '0.0475', 'eval_selection_accuracy_value': '0.7', 'eval_nll': '2.44', 'eval_brier': '0.5554', 'eval_ece': '0.2751', 'eval_auroc': '0.9285', 'eval_auprc': '0.9467', 'eval_runtime': '3.437', 'eval_samples_per_second': '87.29', 'eval_steps_per_second': '5.528', 'epoch': '1'}
CustomImageProcessor configuration saved to checkpoints/binary_camera_ready_cost8_7_lr5e5_multiseed_20260505/binary_spider_run_csada_lr5e5_s44/checkpoint-33/preprocessor_config.json
{'loss': '20.82', 'grad_norm': '270.8', 'learning_rate': '9.99e-06', 'epoch': '1.212'}
{'loss': '13.3', 'grad_norm': '174.5', 'learning_rate': '9.929e-06', 'epoch': '1.515'}
{'loss': '9.431', 'grad_norm': '52.71', 'learning_rate': '9.812e-06', 'epoch': '1.818'}
{'eval_loss': '1.218', 'eval_accuracy': '0.5', 'eval_f1': '0.3333', 'eval_balanced_accuracy': '0.5', 'eval_macro_f1': '0.3333', 'eval_atc': '0.5', 'eval_normalized_atc': '0.0625', 'eval_target_recall': '1', 'eval_target_recall_macro': '1', 'eval_target_fnr': '0', 'eval_selection_score': '0.1525', 'eval_selection_accuracy_value': '0.5', 'eval_nll': '1.218', 'eval_brier': '0.7874', 'eval_ece': '0.4408', 'eval_auroc': '0.9831', 'eval_auprc': '0.9829', 'eval_runtime': '2.354', 'eval_samples_per_second': '127.4', 'eval_steps_per_second': '8.071', 'epoch': '2'}
CustomImageProcessor configuration saved to checkpoints/binary_camera_ready_cost8_7_lr5e5_multiseed_20260505/binary_spider_run_csada_lr5e5_s44/checkpoint-66/preprocessor_config.json
{'loss': '7.188', 'grad_norm': '28.16', 'learning_rate': '9.642e-06', 'epoch': '2.121'}
{'loss': '6.055', 'grad_norm': '19.31', 'learning_rate': '9.42e-06', 'epoch': '2.424'}
{'loss': '5.656', 'grad_norm': '23.43', 'learning_rate': '9.148e-06', 'epoch': '2.727'}
{'eval_loss': '0.9296', 'eval_accuracy': '0.5', 'eval_f1': '0.3333', 'eval_balanced_accuracy': '0.5', 'eval_macro_f1': '0.3333', 'eval_atc': '0.5', 'eval_normalized_atc': '0.0625', 'eval_target_recall': '1', 'eval_target_recall_macro': '1', 'eval_target_fnr': '0', 'eval_selection_score': '0.1525', 'eval_selection_accuracy_value': '0.5', 'eval_nll': '0.9296', 'eval_brier': '0.6946', 'eval_ece': '0.3988', 'eval_auroc': '0.9731', 'eval_auprc': '0.9732', 'eval_runtime': '2.497', 'eval_samples_per_second': '120.1', 'eval_steps_per_second': '7.608', 'epoch': '3'}
CustomImageProcessor configuration saved to checkpoints/binary_camera_ready_cost8_7_lr5e5_multiseed_20260505/binary_spider_run_csada_lr5e5_s44/checkpoint-99/preprocessor_config.json
{'loss': '5.393', 'grad_norm': '9.788', 'learning_rate': '8.83e-06', 'epoch': '3.03'}
{'loss': '5.377', 'grad_norm': '12.33', 'learning_rate': '8.469e-06', 'epoch': '3.333'}
{'loss': '5.153', 'grad_norm': '21.92', 'learning_rate': '8.07e-06', 'epoch': '3.636'}
{'loss': '4.966', 'grad_norm': '10.43', 'learning_rate': '7.636e-06', 'epoch': '3.939'}
{'eval_loss': '0.9038', 'eval_accuracy': '0.5', 'eval_f1': '0.3333', 'eval_balanced_accuracy': '0.5', 'eval_macro_f1': '0.3333', 'eval_atc': '0.5', 'eval_normalized_atc': '0.0625', 'eval_target_recall': '1', 'eval_target_recall_macro': '1', 'eval_target_fnr': '0', 'eval_selection_score': '0.1525', 'eval_selection_accuracy_value': '0.5', 'eval_nll': '0.9038', 'eval_brier': '0.6763', 'eval_ece': '0.3989', 'eval_auroc': '0.9768', 'eval_auprc': '0.976', 'eval_runtime': '2.271', 'eval_samples_per_second': '132.1', 'eval_steps_per_second': '8.366', 'epoch': '4'}
CustomImageProcessor configuration saved to checkpoints/binary_camera_ready_cost8_7_lr5e5_multiseed_20260505/binary_spider_run_csada_lr5e5_s44/checkpoint-132/preprocessor_config.json
{'train_runtime': '181', 'train_samples_per_second': '115.9', 'train_steps_per_second': '1.824', 'train_loss': '19.3', 'epoch': '4'}
***** train metrics *****
  epoch                    =        4.0
  total_flos               =        0GF
  train_loss               =    19.3011
  train_runtime            = 0:03:00.95
  train_samples_per_second =     115.94
  train_steps_per_second   =      1.824
Using device: cuda

============================================================
PERFORMING COMPREHENSIVE EVALUATION
============================================================
Results will be saved to: results/binary_sota_convnext_base_test/binary_spider_run_csada_lr5e5_s44_05-05_03-07
Saving run configuration...
Run configuration saved to: results/binary_sota_convnext_base_test/binary_spider_run_csada_lr5e5_s44_05-05_03-07/run_configuration_20260505_030754.json
Running model evaluation...
Computing detailed metrics...
Saving metrics to files...
Metrics saved to: results/binary_sota_convnext_base_test/binary_spider_run_csada_lr5e5_s44_05-05_03-07/metrics_20260505_030800_csada.json and results/binary_sota_convnext_base_test/binary_spider_run_csada_lr5e5_s44_05-05_03-07/metrics_20260505_030800_csada.txt
Using provided class names: ['black_widow', 'false_widow']
Skipping confusion matrix visualizations by configuration.

============================================================
TRAINING COMPLETED - RESULTS SUMMARY
============================================================
Output Directory: results/binary_sota_convnext_base_test/binary_spider_run_csada_lr5e5_s44_05-05_03-07
Overall Accuracy: 0.7367
Balanced Accuracy: 0.7367
Overall F1 Score: 0.7170
Kappa: 0.4733
AUC: 0.9628
Expected Cost: 0.2633
Loss Function Used: csada
Total Test Samples: 300
Classes: black_widow, false_widow

Detailed metrics saved to: results/binary_sota_convnext_base_test/binary_spider_run_csada_lr5e5_s44_05-05_03-07
============================================================
