Prepared manifest loaded — Train=3448, Val=410, Calibration=538, Test=564
cuda
Using model backend=timm type=binary_sota_convnext_base with 2 labels
Early stopping enabled with patience=5
Using device: cuda
{'loss': '3.601', 'grad_norm': '28.12', 'learning_rate': '4.952e-05', 'epoch': '0.1852'}
{'loss': '2.367', 'grad_norm': '136.3', 'learning_rate': '4.148e-05', 'epoch': '0.3704'}
{'loss': '1.74', 'grad_norm': '63.64', 'learning_rate': '2.664e-05', 'epoch': '0.5556'}
{'loss': '1.385', 'grad_norm': '71.87', 'learning_rate': '1.111e-05', 'epoch': '0.7407'}
{'loss': '1.197', 'grad_norm': '51.44', 'learning_rate': '1.327e-06', 'epoch': '0.9259'}
{'eval_loss': '0.5211', 'eval_accuracy': '0.8683', 'eval_f1': '0.866', 'eval_balanced_accuracy': '0.8683', 'eval_macro_f1': '0.866', 'eval_atc': '0.1317', 'eval_normalized_atc': '0.01882', 'eval_target_recall': '1', 'eval_target_recall_macro': '1', 'eval_target_fnr': '0', 'eval_selection_score': '0.01882', 'eval_selection_accuracy_value': '0.8683', 'eval_nll': '0.4906', 'eval_brier': '0.2378', 'eval_ece': '0.08681', 'eval_auroc': '0.9153', 'eval_auprc': '0.8755', 'eval_runtime': '5.33', 'eval_samples_per_second': '76.92', 'eval_steps_per_second': '4.878', 'epoch': '1'}
CustomImageProcessor configuration saved to checkpoints/binary_camera_ready_cost8_7_lr5e5_multiseed_20260505/binary_breakhis_smoke_nicme_a0p5_l0p1_binary_lr5e5_s42/checkpoint-54/preprocessor_config.json
{'train_runtime': '46.15', 'train_samples_per_second': '74.72', 'train_steps_per_second': '1.17', 'train_loss': '2', 'epoch': '1'}
***** train metrics *****
  epoch                    =        1.0
  total_flos               =        0GF
  train_loss               =     1.9998
  train_runtime            = 0:00:46.14
  train_samples_per_second =      74.72
  train_steps_per_second   =       1.17
Using device: cuda

============================================================
PERFORMING COMPREHENSIVE EVALUATION
============================================================
Results will be saved to: results/binary_sota_convnext_base_test/binary_breakhis_smoke_nicme_a0p5_l0p1_binary_lr5e5_s42_05-05_01-47
Saving run configuration...
Run configuration saved to: results/binary_sota_convnext_base_test/binary_breakhis_smoke_nicme_a0p5_l0p1_binary_lr5e5_s42_05-05_01-47/run_configuration_20260505_014712.json
Running model evaluation...
Computing detailed metrics...
Saving metrics to files...
Metrics saved to: results/binary_sota_convnext_base_test/binary_breakhis_smoke_nicme_a0p5_l0p1_binary_lr5e5_s42_05-05_01-47/metrics_20260505_014724_nicme_hybrid.json and results/binary_sota_convnext_base_test/binary_breakhis_smoke_nicme_a0p5_l0p1_binary_lr5e5_s42_05-05_01-47/metrics_20260505_014724_nicme_hybrid.txt
Using provided class names: ['benign', 'malignant']
Skipping confusion matrix visualizations by configuration.

============================================================
TRAINING COMPLETED - RESULTS SUMMARY
============================================================
Output Directory: results/binary_sota_convnext_base_test/binary_breakhis_smoke_nicme_a0p5_l0p1_binary_lr5e5_s42_05-05_01-47
Overall Accuracy: 0.8972
Balanced Accuracy: 0.8972
Overall F1 Score: 0.8972
Kappa: 0.7943
AUC: 0.9588
Expected Cost: 0.3901
Loss Function Used: nicme_hybrid
Total Test Samples: 564
Classes: benign, malignant

Detailed metrics saved to: results/binary_sota_convnext_base_test/binary_breakhis_smoke_nicme_a0p5_l0p1_binary_lr5e5_s42_05-05_01-47
============================================================
