Prepared manifest loaded — Train=3448, Val=410, Calibration=538, Test=564
cuda
Using model backend=timm type=binary_sota_convnext_base with 2 labels
Loaded initial checkpoint: checkpoints/binary_camera_ready_cost8_7_lr5e5_multiseed_20260505/binary_breakhis_smoke_ce_anchor_binary_lr5e5_s42/checkpoint-54/model.safetensors
Early stopping enabled with patience=3
Using device: cuda
{'loss': '45.46', 'grad_norm': '378.5', 'learning_rate': '9.904e-06', 'epoch': '0.1852'}
{'loss': '23.37', 'grad_norm': '222.8', 'learning_rate': '8.297e-06', 'epoch': '0.3704'}
{'loss': '14.48', 'grad_norm': '144.5', 'learning_rate': '5.327e-06', 'epoch': '0.5556'}
{'loss': '10.87', 'grad_norm': '120.6', 'learning_rate': '2.222e-06', 'epoch': '0.7407'}
{'loss': '9.867', 'grad_norm': '93.07', 'learning_rate': '2.653e-07', 'epoch': '0.9259'}
{'eval_loss': '1.683', 'eval_accuracy': '0.5', 'eval_f1': '0.3333', 'eval_balanced_accuracy': '0.5', 'eval_macro_f1': '0.3333', 'eval_atc': '0.5', 'eval_normalized_atc': '0.07143', 'eval_target_recall': '1', 'eval_target_recall_macro': '1', 'eval_target_fnr': '0', 'eval_selection_score': '0.1939', 'eval_selection_accuracy_value': '0.5', 'eval_nll': '1.683', 'eval_brier': '0.8426', 'eval_ece': '0.4565', 'eval_auroc': '0.933', 'eval_auprc': '0.9062', 'eval_runtime': '5.189', 'eval_samples_per_second': '79.02', 'eval_steps_per_second': '5.011', 'epoch': '1'}
CustomImageProcessor configuration saved to checkpoints/binary_camera_ready_cost8_7_lr5e5_multiseed_20260505/binary_breakhis_smoke_csada_lr5e5_s42/checkpoint-54/preprocessor_config.json
{'train_runtime': '90.95', 'train_samples_per_second': '37.91', 'train_steps_per_second': '0.594', 'train_loss': '19.95', 'epoch': '1'}
***** train metrics *****
  epoch                    =        1.0
  total_flos               =        0GF
  train_loss               =     19.948
  train_runtime            = 0:01:30.94
  train_samples_per_second =     37.913
  train_steps_per_second   =      0.594
Using device: cuda

============================================================
PERFORMING COMPREHENSIVE EVALUATION
============================================================
Results will be saved to: results/binary_sota_convnext_base_test/binary_breakhis_smoke_csada_lr5e5_s42_05-05_01-54
Saving run configuration...
Run configuration saved to: results/binary_sota_convnext_base_test/binary_breakhis_smoke_csada_lr5e5_s42_05-05_01-54/run_configuration_20260505_015410.json
Running model evaluation...
Computing detailed metrics...
Saving metrics to files...
Metrics saved to: results/binary_sota_convnext_base_test/binary_breakhis_smoke_csada_lr5e5_s42_05-05_01-54/metrics_20260505_015424_csada.json and results/binary_sota_convnext_base_test/binary_breakhis_smoke_csada_lr5e5_s42_05-05_01-54/metrics_20260505_015424_csada.txt
Using provided class names: ['benign', 'malignant']
Skipping confusion matrix visualizations by configuration.

============================================================
TRAINING COMPLETED - RESULTS SUMMARY
============================================================
Output Directory: results/binary_sota_convnext_base_test/binary_breakhis_smoke_csada_lr5e5_s42_05-05_01-54
Overall Accuracy: 0.5000
Balanced Accuracy: 0.5000
Overall F1 Score: 0.3333
Kappa: 0.0000
AUC: 0.9652
Expected Cost: 0.5000
Loss Function Used: csada
Total Test Samples: 564
Classes: benign, malignant

Detailed metrics saved to: results/binary_sota_convnext_base_test/binary_breakhis_smoke_csada_lr5e5_s42_05-05_01-54
============================================================
