Prepared manifest loaded — Train=1940, Val=320, Calibration=300, Test=640
cuda
Using model backend=timm type=pmi20_sota_convnext_base with 20 labels
Early stopping enabled with patience=5
Using device: cuda
{'loss': '12.68', 'grad_norm': '17.97', 'learning_rate': '4.5e-06', 'epoch': '0.3279'}
{'loss': '12.13', 'grad_norm': '18.72', 'learning_rate': '9.5e-06', 'epoch': '0.6557'}
{'loss': '10.97', 'grad_norm': '27.51', 'learning_rate': '1.45e-05', 'epoch': '0.9836'}
{'eval_loss': '2.49', 'eval_accuracy': '0.2844', 'eval_f1': '0.251', 'eval_balanced_accuracy': '0.2844', 'eval_macro_f1': '0.251', 'eval_atc': '0.9125', 'eval_normalized_atc': '0.09125', 'eval_target_recall': '0', 'eval_target_recall_macro': '0.2656', 'eval_target_fnr': '0.8125', 'eval_selection_score': '3.597', 'eval_selection_accuracy_value': '0.2844', 'eval_nll': '2.475', 'eval_brier': '0.8804', 'eval_ece': '0.1657', 'eval_auroc': '0', 'eval_auprc': '0', 'eval_runtime': '3.925', 'eval_samples_per_second': '81.53', 'eval_steps_per_second': '5.095', 'epoch': '1'}
CustomImageProcessor configuration saved to checkpoints/pmi20_alpha_lambda_grid7_run_a0_l0p3_lr5e5_s42/checkpoint-31/preprocessor_config.json
{'loss': '8.791', 'grad_norm': '29', 'learning_rate': '1.95e-05', 'epoch': '1.295'}
{'loss': '6.874', 'grad_norm': '31.34', 'learning_rate': '2.45e-05', 'epoch': '1.623'}
{'loss': '4.805', 'grad_norm': '30.46', 'learning_rate': '2.95e-05', 'epoch': '1.951'}
{'eval_loss': '0.8298', 'eval_accuracy': '0.8', 'eval_f1': '0.7825', 'eval_balanced_accuracy': '0.8', 'eval_macro_f1': '0.7825', 'eval_atc': '0.3688', 'eval_normalized_atc': '0.03688', 'eval_target_recall': '0.0625', 'eval_target_recall_macro': '0.7031', 'eval_target_fnr': '0.125', 'eval_selection_score': '2.843', 'eval_selection_accuracy_value': '0.8', 'eval_nll': '0.8079', 'eval_brier': '0.3719', 'eval_ece': '0.2675', 'eval_auroc': '0', 'eval_auprc': '0', 'eval_runtime': '4.165', 'eval_samples_per_second': '76.83', 'eval_steps_per_second': '4.802', 'epoch': '2'}
CustomImageProcessor configuration saved to checkpoints/pmi20_alpha_lambda_grid7_run_a0_l0p3_lr5e5_s42/checkpoint-62/preprocessor_config.json
{'loss': '2.977', 'grad_norm': '27.53', 'learning_rate': '3.45e-05', 'epoch': '2.262'}
{'loss': '2.29', 'grad_norm': '25.96', 'learning_rate': '3.95e-05', 'epoch': '2.59'}
{'loss': '1.707', 'grad_norm': '29.59', 'learning_rate': '4.45e-05', 'epoch': '2.918'}
{'eval_loss': '0.3487', 'eval_accuracy': '0.8875', 'eval_f1': '0.885', 'eval_balanced_accuracy': '0.8875', 'eval_macro_f1': '0.885', 'eval_atc': '0.1344', 'eval_normalized_atc': '0.01344', 'eval_target_recall': '0.75', 'eval_target_recall_macro': '0.9062', 'eval_target_fnr': '0', 'eval_selection_score': '0.1034', 'eval_selection_accuracy_value': '0.8875', 'eval_nll': '0.3367', 'eval_brier': '0.1675', 'eval_ece': '0.1017', 'eval_auroc': '0', 'eval_auprc': '0', 'eval_runtime': '4.086', 'eval_samples_per_second': '78.33', 'eval_steps_per_second': '4.895', 'epoch': '3'}
CustomImageProcessor configuration saved to checkpoints/pmi20_alpha_lambda_grid7_run_a0_l0p3_lr5e5_s42/checkpoint-93/preprocessor_config.json
{'loss': '1.252', 'grad_norm': '26.66', 'learning_rate': '4.95e-05', 'epoch': '3.23'}
{'loss': '0.8855', 'grad_norm': '33.64', 'learning_rate': '4.999e-05', 'epoch': '3.557'}
{'loss': '0.7907', 'grad_norm': '17.03', 'learning_rate': '4.994e-05', 'epoch': '3.885'}
{'eval_loss': '0.2044', 'eval_accuracy': '0.9344', 'eval_f1': '0.933', 'eval_balanced_accuracy': '0.9344', 'eval_macro_f1': '0.933', 'eval_atc': '0.15', 'eval_normalized_atc': '0.015', 'eval_target_recall': '0.8125', 'eval_target_recall_macro': '0.9375', 'eval_target_fnr': '0', 'eval_selection_score': '0.04563', 'eval_selection_accuracy_value': '0.9344', 'eval_nll': '0.1965', 'eval_brier': '0.1007', 'eval_ece': '0.05934', 'eval_auroc': '0', 'eval_auprc': '0', 'eval_runtime': '3.519', 'eval_samples_per_second': '90.94', 'eval_steps_per_second': '5.684', 'epoch': '4'}
CustomImageProcessor configuration saved to checkpoints/pmi20_alpha_lambda_grid7_run_a0_l0p3_lr5e5_s42/checkpoint-124/preprocessor_config.json
{'loss': '0.6731', 'grad_norm': '46.13', 'learning_rate': '4.987e-05', 'epoch': '4.197'}
{'loss': '0.6503', 'grad_norm': '31.17', 'learning_rate': '4.976e-05', 'epoch': '4.525'}
{'loss': '0.5534', 'grad_norm': '27.31', 'learning_rate': '4.963e-05', 'epoch': '4.852'}
{'eval_loss': '0.1313', 'eval_accuracy': '0.9688', 'eval_f1': '0.9684', 'eval_balanced_accuracy': '0.9688', 'eval_macro_f1': '0.9684', 'eval_atc': '0.03125', 'eval_normalized_atc': '0.003125', 'eval_target_recall': '1', 'eval_target_recall_macro': '1', 'eval_target_fnr': '0', 'eval_selection_score': '0.003125', 'eval_selection_accuracy_value': '0.9688', 'eval_nll': '0.1274', 'eval_brier': '0.06045', 'eval_ece': '0.05105', 'eval_auroc': '0', 'eval_auprc': '0', 'eval_runtime': '3.755', 'eval_samples_per_second': '85.22', 'eval_steps_per_second': '5.326', 'epoch': '5'}
CustomImageProcessor configuration saved to checkpoints/pmi20_alpha_lambda_grid7_run_a0_l0p3_lr5e5_s42/checkpoint-155/preprocessor_config.json
{'loss': '0.3676', 'grad_norm': '37.84', 'learning_rate': '4.946e-05', 'epoch': '5.164'}
{'loss': '0.476', 'grad_norm': '27.29', 'learning_rate': '4.927e-05', 'epoch': '5.492'}
{'loss': '0.4311', 'grad_norm': '24.63', 'learning_rate': '4.904e-05', 'epoch': '5.82'}
{'eval_loss': '0.08982', 'eval_accuracy': '0.9812', 'eval_f1': '0.9812', 'eval_balanced_accuracy': '0.9812', 'eval_macro_f1': '0.9812', 'eval_atc': '0.01875', 'eval_normalized_atc': '0.001875', 'eval_target_recall': '1', 'eval_target_recall_macro': '1', 'eval_target_fnr': '0', 'eval_selection_score': '0.001875', 'eval_selection_accuracy_value': '0.9812', 'eval_nll': '0.08577', 'eval_brier': '0.03868', 'eval_ece': '0.04312', 'eval_auroc': '0', 'eval_auprc': '0', 'eval_runtime': '3.929', 'eval_samples_per_second': '81.46', 'eval_steps_per_second': '5.091', 'epoch': '6'}
CustomImageProcessor configuration saved to checkpoints/pmi20_alpha_lambda_grid7_run_a0_l0p3_lr5e5_s42/checkpoint-186/preprocessor_config.json
{'loss': '0.2048', 'grad_norm': '4.069', 'learning_rate': '4.878e-05', 'epoch': '6.131'}
{'loss': '0.3201', 'grad_norm': '39.06', 'learning_rate': '4.85e-05', 'epoch': '6.459'}
{'loss': '0.3424', 'grad_norm': '37.37', 'learning_rate': '4.818e-05', 'epoch': '6.787'}
{'eval_loss': '0.1046', 'eval_accuracy': '0.9688', 'eval_f1': '0.9682', 'eval_balanced_accuracy': '0.9688', 'eval_macro_f1': '0.9682', 'eval_atc': '0.03125', 'eval_normalized_atc': '0.003125', 'eval_target_recall': '1', 'eval_target_recall_macro': '1', 'eval_target_fnr': '0', 'eval_selection_score': '0.003125', 'eval_selection_accuracy_value': '0.9688', 'eval_nll': '0.1019', 'eval_brier': '0.05465', 'eval_ece': '0.02164', 'eval_auroc': '0', 'eval_auprc': '0', 'eval_runtime': '4.093', 'eval_samples_per_second': '78.17', 'eval_steps_per_second': '4.886', 'epoch': '7'}
CustomImageProcessor configuration saved to checkpoints/pmi20_alpha_lambda_grid7_run_a0_l0p3_lr5e5_s42/checkpoint-217/preprocessor_config.json
{'loss': '0.2246', 'grad_norm': '22.25', 'learning_rate': '4.784e-05', 'epoch': '7.098'}
{'loss': '0.549', 'grad_norm': '59.87', 'learning_rate': '4.746e-05', 'epoch': '7.426'}
{'loss': '0.2905', 'grad_norm': '22.44', 'learning_rate': '4.706e-05', 'epoch': '7.754'}
{'eval_loss': '0.09317', 'eval_accuracy': '0.9719', 'eval_f1': '0.9715', 'eval_balanced_accuracy': '0.9719', 'eval_macro_f1': '0.9715', 'eval_atc': '0.08438', 'eval_normalized_atc': '0.008438', 'eval_target_recall': '0.875', 'eval_target_recall_macro': '0.9688', 'eval_target_fnr': '0.125', 'eval_selection_score': '0.01094', 'eval_selection_accuracy_value': '0.9719', 'eval_nll': '0.08942', 'eval_brier': '0.0481', 'eval_ece': '0.02152', 'eval_auroc': '0', 'eval_auprc': '0', 'eval_runtime': '3.974', 'eval_samples_per_second': '80.53', 'eval_steps_per_second': '5.033', 'epoch': '8'}
CustomImageProcessor configuration saved to checkpoints/pmi20_alpha_lambda_grid7_run_a0_l0p3_lr5e5_s42/checkpoint-248/preprocessor_config.json
{'loss': '0.1857', 'grad_norm': '25.11', 'learning_rate': '4.664e-05', 'epoch': '8.066'}
{'loss': '0.2275', 'grad_norm': '53.02', 'learning_rate': '4.618e-05', 'epoch': '8.393'}
{'loss': '0.1789', 'grad_norm': '49.21', 'learning_rate': '4.57e-05', 'epoch': '8.721'}
{'eval_loss': '0.1183', 'eval_accuracy': '0.9625', 'eval_f1': '0.961', 'eval_balanced_accuracy': '0.9625', 'eval_macro_f1': '0.961', 'eval_atc': '0.09375', 'eval_normalized_atc': '0.009375', 'eval_target_recall': '0.625', 'eval_target_recall_macro': '0.9062', 'eval_target_fnr': '0', 'eval_selection_score': '0.3119', 'eval_selection_accuracy_value': '0.9625', 'eval_nll': '0.1142', 'eval_brier': '0.0622', 'eval_ece': '0.03286', 'eval_auroc': '0', 'eval_auprc': '0', 'eval_runtime': '3.766', 'eval_samples_per_second': '84.96', 'eval_steps_per_second': '5.31', 'epoch': '9'}
CustomImageProcessor configuration saved to checkpoints/pmi20_alpha_lambda_grid7_run_a0_l0p3_lr5e5_s42/checkpoint-279/preprocessor_config.json
{'loss': '0.1147', 'grad_norm': '28.96', 'learning_rate': '4.519e-05', 'epoch': '9.033'}
{'loss': '0.1258', 'grad_norm': '17.96', 'learning_rate': '4.466e-05', 'epoch': '9.361'}
{'loss': '0.1743', 'grad_norm': '63.34', 'learning_rate': '4.411e-05', 'epoch': '9.689'}
{'loss': '0.2814', 'grad_norm': '12.9', 'learning_rate': '4.353e-05', 'epoch': '10'}
{'eval_loss': '0.05894', 'eval_accuracy': '0.9812', 'eval_f1': '0.9813', 'eval_balanced_accuracy': '0.9812', 'eval_macro_f1': '0.9813', 'eval_atc': '0.01875', 'eval_normalized_atc': '0.001875', 'eval_target_recall': '1', 'eval_target_recall_macro': '1', 'eval_target_fnr': '0', 'eval_selection_score': '0.001875', 'eval_selection_accuracy_value': '0.9812', 'eval_nll': '0.05785', 'eval_brier': '0.02663', 'eval_ece': '0.01526', 'eval_auroc': '0', 'eval_auprc': '0', 'eval_runtime': '3.666', 'eval_samples_per_second': '87.28', 'eval_steps_per_second': '5.455', 'epoch': '10'}
CustomImageProcessor configuration saved to checkpoints/pmi20_alpha_lambda_grid7_run_a0_l0p3_lr5e5_s42/checkpoint-310/preprocessor_config.json
{'train_runtime': '266.7', 'train_samples_per_second': '232.8', 'train_steps_per_second': '3.719', 'train_loss': '2.339', 'epoch': '10'}
***** train metrics *****
  epoch                    =       10.0
  total_flos               =        0GF
  train_loss               =     2.3393
  train_runtime            = 0:04:26.72
  train_samples_per_second =     232.75
  train_steps_per_second   =      3.719
Using device: cuda

============================================================
PERFORMING COMPREHENSIVE EVALUATION
============================================================
Results will be saved to: results/pmi20_sota_convnext_base_test/pmi20_alpha_lambda_grid7_run_a0_l0p3_lr5e5_s42_05-06_05-05
Saving run configuration...
Run configuration saved to: results/pmi20_sota_convnext_base_test/pmi20_alpha_lambda_grid7_run_a0_l0p3_lr5e5_s42_05-06_05-05/run_configuration_20260506_050529.json
Running model evaluation...
Computing detailed metrics...
Saving metrics to files...
Metrics saved to: results/pmi20_sota_convnext_base_test/pmi20_alpha_lambda_grid7_run_a0_l0p3_lr5e5_s42_05-06_05-05/metrics_20260506_050542_nicme_hybrid.json and results/pmi20_sota_convnext_base_test/pmi20_alpha_lambda_grid7_run_a0_l0p3_lr5e5_s42_05-06_05-05/metrics_20260506_050542_nicme_hybrid.txt
Using provided class names: ['00378-0208', '00378-3855', '00591-0461', '16729-0020', '16729-0168', '50111-0434', '53489-0156', '53746-0544', '57664-0377', '62037-0831', '62037-0832', '64380-0803', '65162-0253', '67253-0901', '68382-0008', '68382-0227', '69097-0127', '69097-0128', '69315-0904', '69315-0905']
Skipping confusion matrix visualizations by configuration.

============================================================
TRAINING COMPLETED - RESULTS SUMMARY
============================================================
Output Directory: results/pmi20_sota_convnext_base_test/pmi20_alpha_lambda_grid7_run_a0_l0p3_lr5e5_s42_05-06_05-05
Overall Accuracy: 0.9641
Balanced Accuracy: 0.9641
Overall F1 Score: 0.9641
Kappa: 0.9622
AUC: 0.9996
Expected Cost: 0.0781
Loss Function Used: nicme_hybrid
Total Test Samples: 640
Classes: 00378-0208, 00378-3855, 00591-0461, 16729-0020, 16729-0168, 50111-0434, 53489-0156, 53746-0544, 57664-0377, 62037-0831, 62037-0832, 64380-0803, 65162-0253, 67253-0901, 68382-0008, 68382-0227, 69097-0127, 69097-0128, 69315-0904, 69315-0905

Detailed metrics saved to: results/pmi20_sota_convnext_base_test/pmi20_alpha_lambda_grid7_run_a0_l0p3_lr5e5_s42_05-06_05-05
============================================================
