Prepared manifest loaded — Train=1940, Val=320, Calibration=300, Test=640
cuda
Using model backend=timm type=pmi20_sota_convnext_base with 20 labels
Early stopping enabled with patience=5
Using device: cuda
{'loss': '12.67', 'grad_norm': '17.98', 'learning_rate': '4.5e-06', 'epoch': '0.3279'}
{'loss': '12.1', 'grad_norm': '18.7', 'learning_rate': '9.5e-06', 'epoch': '0.6557'}
{'loss': '10.93', 'grad_norm': '27.48', 'learning_rate': '1.45e-05', 'epoch': '0.9836'}
{'eval_loss': '2.476', 'eval_accuracy': '0.2875', 'eval_f1': '0.2524', 'eval_balanced_accuracy': '0.2875', 'eval_macro_f1': '0.2524', 'eval_atc': '0.8812', 'eval_normalized_atc': '0.08812', 'eval_target_recall': '0', 'eval_target_recall_macro': '0.2812', 'eval_target_fnr': '0.8125', 'eval_selection_score': '3.591', 'eval_selection_accuracy_value': '0.2875', 'eval_nll': '2.475', 'eval_brier': '0.8804', 'eval_ece': '0.1689', 'eval_auroc': '0', 'eval_auprc': '0', 'eval_runtime': '4.021', 'eval_samples_per_second': '79.58', 'eval_steps_per_second': '4.974', 'epoch': '1'}
CustomImageProcessor configuration saved to checkpoints/pmi20_alpha_lambda_grid7_run_a0p05_l0_lr5e5_s42/checkpoint-31/preprocessor_config.json
{'loss': '8.733', 'grad_norm': '28.98', 'learning_rate': '1.95e-05', 'epoch': '1.295'}
{'loss': '6.802', 'grad_norm': '31', 'learning_rate': '2.45e-05', 'epoch': '1.623'}
{'loss': '4.725', 'grad_norm': '30.27', 'learning_rate': '2.95e-05', 'epoch': '1.951'}
{'eval_loss': '0.8103', 'eval_accuracy': '0.8063', 'eval_f1': '0.7889', 'eval_balanced_accuracy': '0.8063', 'eval_macro_f1': '0.7889', 'eval_atc': '0.3625', 'eval_normalized_atc': '0.03625', 'eval_target_recall': '0.0625', 'eval_target_recall_macro': '0.7031', 'eval_target_fnr': '0.125', 'eval_selection_score': '2.842', 'eval_selection_accuracy_value': '0.8063', 'eval_nll': '0.8071', 'eval_brier': '0.3715', 'eval_ece': '0.2743', 'eval_auroc': '0', 'eval_auprc': '0', 'eval_runtime': '4.494', 'eval_samples_per_second': '71.21', 'eval_steps_per_second': '4.451', 'epoch': '2'}
CustomImageProcessor configuration saved to checkpoints/pmi20_alpha_lambda_grid7_run_a0p05_l0_lr5e5_s42/checkpoint-62/preprocessor_config.json
{'loss': '2.904', 'grad_norm': '26.92', 'learning_rate': '3.45e-05', 'epoch': '2.262'}
{'loss': '2.221', 'grad_norm': '25.84', 'learning_rate': '3.95e-05', 'epoch': '2.59'}
{'loss': '1.657', 'grad_norm': '28.68', 'learning_rate': '4.45e-05', 'epoch': '2.918'}
{'eval_loss': '0.3379', 'eval_accuracy': '0.8875', 'eval_f1': '0.8848', 'eval_balanced_accuracy': '0.8875', 'eval_macro_f1': '0.8848', 'eval_atc': '0.1344', 'eval_normalized_atc': '0.01344', 'eval_target_recall': '0.75', 'eval_target_recall_macro': '0.9062', 'eval_target_fnr': '0', 'eval_selection_score': '0.1034', 'eval_selection_accuracy_value': '0.8875', 'eval_nll': '0.3354', 'eval_brier': '0.1665', 'eval_ece': '0.105', 'eval_auroc': '0', 'eval_auprc': '0', 'eval_runtime': '4.149', 'eval_samples_per_second': '77.12', 'eval_steps_per_second': '4.82', 'epoch': '3'}
CustomImageProcessor configuration saved to checkpoints/pmi20_alpha_lambda_grid7_run_a0p05_l0_lr5e5_s42/checkpoint-93/preprocessor_config.json
{'loss': '1.214', 'grad_norm': '25.21', 'learning_rate': '4.95e-05', 'epoch': '3.23'}
{'loss': '0.8597', 'grad_norm': '32.96', 'learning_rate': '4.999e-05', 'epoch': '3.557'}
{'loss': '0.7678', 'grad_norm': '17.18', 'learning_rate': '4.994e-05', 'epoch': '3.885'}
{'eval_loss': '0.2009', 'eval_accuracy': '0.9281', 'eval_f1': '0.9263', 'eval_balanced_accuracy': '0.9281', 'eval_macro_f1': '0.9263', 'eval_atc': '0.1562', 'eval_normalized_atc': '0.01562', 'eval_target_recall': '0.8125', 'eval_target_recall_macro': '0.9375', 'eval_target_fnr': '0', 'eval_selection_score': '0.04625', 'eval_selection_accuracy_value': '0.9281', 'eval_nll': '0.1992', 'eval_brier': '0.1025', 'eval_ece': '0.05366', 'eval_auroc': '0', 'eval_auprc': '0', 'eval_runtime': '3.718', 'eval_samples_per_second': '86.07', 'eval_steps_per_second': '5.379', 'epoch': '4'}
CustomImageProcessor configuration saved to checkpoints/pmi20_alpha_lambda_grid7_run_a0p05_l0_lr5e5_s42/checkpoint-124/preprocessor_config.json
{'loss': '0.6524', 'grad_norm': '45.9', 'learning_rate': '4.987e-05', 'epoch': '4.197'}
{'loss': '0.6095', 'grad_norm': '28.14', 'learning_rate': '4.976e-05', 'epoch': '4.525'}
{'loss': '0.5129', 'grad_norm': '24.43', 'learning_rate': '4.963e-05', 'epoch': '4.852'}
{'eval_loss': '0.1384', 'eval_accuracy': '0.9594', 'eval_f1': '0.9584', 'eval_balanced_accuracy': '0.9594', 'eval_macro_f1': '0.9584', 'eval_atc': '0.04063', 'eval_normalized_atc': '0.004063', 'eval_target_recall': '1', 'eval_target_recall_macro': '1', 'eval_target_fnr': '0', 'eval_selection_score': '0.004063', 'eval_selection_accuracy_value': '0.9594', 'eval_nll': '0.1378', 'eval_brier': '0.06774', 'eval_ece': '0.04167', 'eval_auroc': '0', 'eval_auprc': '0', 'eval_runtime': '4.012', 'eval_samples_per_second': '79.76', 'eval_steps_per_second': '4.985', 'epoch': '5'}
CustomImageProcessor configuration saved to checkpoints/pmi20_alpha_lambda_grid7_run_a0p05_l0_lr5e5_s42/checkpoint-155/preprocessor_config.json
{'loss': '0.3649', 'grad_norm': '37.26', 'learning_rate': '4.946e-05', 'epoch': '5.164'}
{'loss': '0.459', 'grad_norm': '24.08', 'learning_rate': '4.927e-05', 'epoch': '5.492'}
{'loss': '0.4205', 'grad_norm': '30.16', 'learning_rate': '4.904e-05', 'epoch': '5.82'}
{'eval_loss': '0.08701', 'eval_accuracy': '0.9812', 'eval_f1': '0.9812', 'eval_balanced_accuracy': '0.9812', 'eval_macro_f1': '0.9812', 'eval_atc': '0.01875', 'eval_normalized_atc': '0.001875', 'eval_target_recall': '1', 'eval_target_recall_macro': '1', 'eval_target_fnr': '0', 'eval_selection_score': '0.001875', 'eval_selection_accuracy_value': '0.9812', 'eval_nll': '0.08604', 'eval_brier': '0.03805', 'eval_ece': '0.04428', 'eval_auroc': '0', 'eval_auprc': '0', 'eval_runtime': '3.955', 'eval_samples_per_second': '80.9', 'eval_steps_per_second': '5.056', 'epoch': '6'}
CustomImageProcessor configuration saved to checkpoints/pmi20_alpha_lambda_grid7_run_a0p05_l0_lr5e5_s42/checkpoint-186/preprocessor_config.json
{'loss': '0.1986', 'grad_norm': '4.455', 'learning_rate': '4.878e-05', 'epoch': '6.131'}
{'loss': '0.2828', 'grad_norm': '46.1', 'learning_rate': '4.85e-05', 'epoch': '6.459'}
{'loss': '0.3605', 'grad_norm': '38.45', 'learning_rate': '4.818e-05', 'epoch': '6.787'}
{'eval_loss': '0.1272', 'eval_accuracy': '0.9563', 'eval_f1': '0.9542', 'eval_balanced_accuracy': '0.9563', 'eval_macro_f1': '0.9542', 'eval_atc': '0.04375', 'eval_normalized_atc': '0.004375', 'eval_target_recall': '1', 'eval_target_recall_macro': '1', 'eval_target_fnr': '0', 'eval_selection_score': '0.004375', 'eval_selection_accuracy_value': '0.9563', 'eval_nll': '0.1268', 'eval_brier': '0.06639', 'eval_ece': '0.02167', 'eval_auroc': '0', 'eval_auprc': '0', 'eval_runtime': '4.027', 'eval_samples_per_second': '79.46', 'eval_steps_per_second': '4.967', 'epoch': '7'}
CustomImageProcessor configuration saved to checkpoints/pmi20_alpha_lambda_grid7_run_a0p05_l0_lr5e5_s42/checkpoint-217/preprocessor_config.json
{'loss': '0.2519', 'grad_norm': '37.24', 'learning_rate': '4.784e-05', 'epoch': '7.098'}
{'loss': '0.5203', 'grad_norm': '57', 'learning_rate': '4.746e-05', 'epoch': '7.426'}
{'loss': '0.2385', 'grad_norm': '24.17', 'learning_rate': '4.706e-05', 'epoch': '7.754'}
{'eval_loss': '0.07543', 'eval_accuracy': '0.9812', 'eval_f1': '0.9812', 'eval_balanced_accuracy': '0.9812', 'eval_macro_f1': '0.9812', 'eval_atc': '0.06875', 'eval_normalized_atc': '0.006875', 'eval_target_recall': '0.9375', 'eval_target_recall_macro': '0.9688', 'eval_target_fnr': '0.0625', 'eval_selection_score': '0.006875', 'eval_selection_accuracy_value': '0.9812', 'eval_nll': '0.07394', 'eval_brier': '0.03807', 'eval_ece': '0.02463', 'eval_auroc': '0', 'eval_auprc': '0', 'eval_runtime': '3.893', 'eval_samples_per_second': '82.19', 'eval_steps_per_second': '5.137', 'epoch': '8'}
CustomImageProcessor configuration saved to checkpoints/pmi20_alpha_lambda_grid7_run_a0p05_l0_lr5e5_s42/checkpoint-248/preprocessor_config.json
{'loss': '0.1481', 'grad_norm': '20.34', 'learning_rate': '4.664e-05', 'epoch': '8.066'}
{'loss': '0.1302', 'grad_norm': '48.75', 'learning_rate': '4.618e-05', 'epoch': '8.393'}
{'loss': '0.2414', 'grad_norm': '53.77', 'learning_rate': '4.57e-05', 'epoch': '8.721'}
{'eval_loss': '0.1876', 'eval_accuracy': '0.9281', 'eval_f1': '0.9219', 'eval_balanced_accuracy': '0.9281', 'eval_macro_f1': '0.9219', 'eval_atc': '0.1281', 'eval_normalized_atc': '0.01281', 'eval_target_recall': '0.375', 'eval_target_recall_macro': '0.8438', 'eval_target_fnr': '0', 'eval_selection_score': '1.115', 'eval_selection_accuracy_value': '0.9281', 'eval_nll': '0.1865', 'eval_brier': '0.0981', 'eval_ece': '0.03228', 'eval_auroc': '0', 'eval_auprc': '0', 'eval_runtime': '4.108', 'eval_samples_per_second': '77.89', 'eval_steps_per_second': '4.868', 'epoch': '9'}
CustomImageProcessor configuration saved to checkpoints/pmi20_alpha_lambda_grid7_run_a0p05_l0_lr5e5_s42/checkpoint-279/preprocessor_config.json
{'loss': '0.2026', 'grad_norm': '69.99', 'learning_rate': '4.519e-05', 'epoch': '9.033'}
{'loss': '0.1754', 'grad_norm': '13.7', 'learning_rate': '4.466e-05', 'epoch': '9.361'}
{'loss': '0.1033', 'grad_norm': '36.19', 'learning_rate': '4.411e-05', 'epoch': '9.689'}
{'loss': '0.2279', 'grad_norm': '3.076', 'learning_rate': '4.353e-05', 'epoch': '10'}
{'eval_loss': '0.1063', 'eval_accuracy': '0.9688', 'eval_f1': '0.9679', 'eval_balanced_accuracy': '0.9688', 'eval_macro_f1': '0.9679', 'eval_atc': '0.0875', 'eval_normalized_atc': '0.00875', 'eval_target_recall': '0.8125', 'eval_target_recall_macro': '0.9531', 'eval_target_fnr': '0', 'eval_selection_score': '0.03938', 'eval_selection_accuracy_value': '0.9688', 'eval_nll': '0.1053', 'eval_brier': '0.04872', 'eval_ece': '0.01453', 'eval_auroc': '0', 'eval_auprc': '0', 'eval_runtime': '4.077', 'eval_samples_per_second': '78.48', 'eval_steps_per_second': '4.905', 'epoch': '10'}
CustomImageProcessor configuration saved to checkpoints/pmi20_alpha_lambda_grid7_run_a0p05_l0_lr5e5_s42/checkpoint-310/preprocessor_config.json
{'train_runtime': '267.2', 'train_samples_per_second': '232.4', 'train_steps_per_second': '3.713', 'train_loss': '2.313', 'epoch': '10'}
***** train metrics *****
  epoch                    =       10.0
  total_flos               =        0GF
  train_loss               =     2.3125
  train_runtime            = 0:04:27.16
  train_samples_per_second =    232.368
  train_steps_per_second   =      3.713
Using device: cuda

============================================================
PERFORMING COMPREHENSIVE EVALUATION
============================================================
Results will be saved to: results/pmi20_sota_convnext_base_test/pmi20_alpha_lambda_grid7_run_a0p05_l0_lr5e5_s42_05-06_05-10
Saving run configuration...
Run configuration saved to: results/pmi20_sota_convnext_base_test/pmi20_alpha_lambda_grid7_run_a0p05_l0_lr5e5_s42_05-06_05-10/run_configuration_20260506_051033.json
Running model evaluation...
Computing detailed metrics...
Saving metrics to files...
Metrics saved to: results/pmi20_sota_convnext_base_test/pmi20_alpha_lambda_grid7_run_a0p05_l0_lr5e5_s42_05-06_05-10/metrics_20260506_051046_nicme_hybrid.json and results/pmi20_sota_convnext_base_test/pmi20_alpha_lambda_grid7_run_a0p05_l0_lr5e5_s42_05-06_05-10/metrics_20260506_051046_nicme_hybrid.txt
Using provided class names: ['00378-0208', '00378-3855', '00591-0461', '16729-0020', '16729-0168', '50111-0434', '53489-0156', '53746-0544', '57664-0377', '62037-0831', '62037-0832', '64380-0803', '65162-0253', '67253-0901', '68382-0008', '68382-0227', '69097-0127', '69097-0128', '69315-0904', '69315-0905']
Skipping confusion matrix visualizations by configuration.

============================================================
TRAINING COMPLETED - RESULTS SUMMARY
============================================================
Output Directory: results/pmi20_sota_convnext_base_test/pmi20_alpha_lambda_grid7_run_a0p05_l0_lr5e5_s42_05-06_05-10
Overall Accuracy: 0.9609
Balanced Accuracy: 0.9609
Overall F1 Score: 0.9609
Kappa: 0.9589
AUC: 0.9995
Expected Cost: 0.0813
Loss Function Used: nicme_hybrid
Total Test Samples: 640
Classes: 00378-0208, 00378-3855, 00591-0461, 16729-0020, 16729-0168, 50111-0434, 53489-0156, 53746-0544, 57664-0377, 62037-0831, 62037-0832, 64380-0803, 65162-0253, 67253-0901, 68382-0008, 68382-0227, 69097-0127, 69097-0128, 69315-0904, 69315-0905

Detailed metrics saved to: results/pmi20_sota_convnext_base_test/pmi20_alpha_lambda_grid7_run_a0p05_l0_lr5e5_s42_05-06_05-10
============================================================
