Prepared manifest loaded — Train=1940, Val=320, Calibration=300, Test=640
cuda
Using model backend=timm type=pmi20_sota_convnext_base with 20 labels
Early stopping enabled with patience=5
Using device: cuda
{'loss': '12.76', 'grad_norm': '18.31', 'learning_rate': '4.5e-06', 'epoch': '0.3279'}
{'loss': '12.19', 'grad_norm': '18.67', 'learning_rate': '9.5e-06', 'epoch': '0.6557'}
{'loss': '11.02', 'grad_norm': '27.42', 'learning_rate': '1.45e-05', 'epoch': '0.9836'}
{'eval_loss': '2.504', 'eval_accuracy': '0.2719', 'eval_f1': '0.2372', 'eval_balanced_accuracy': '0.2719', 'eval_macro_f1': '0.2372', 'eval_atc': '0.7844', 'eval_normalized_atc': '0.07844', 'eval_target_recall': '0', 'eval_target_recall_macro': '0.2812', 'eval_target_fnr': '0.8125', 'eval_selection_score': '3.597', 'eval_selection_accuracy_value': '0.2719', 'eval_nll': '2.481', 'eval_brier': '0.8812', 'eval_ece': '0.1516', 'eval_auroc': '0', 'eval_auprc': '0', 'eval_runtime': '3.912', 'eval_samples_per_second': '81.8', 'eval_steps_per_second': '5.112', 'epoch': '1'}
CustomImageProcessor configuration saved to checkpoints/pmi20_alpha_lambda_grid7_run_a0p5_l0_lr5e5_s42/checkpoint-31/preprocessor_config.json
{'loss': '8.864', 'grad_norm': '29.38', 'learning_rate': '1.95e-05', 'epoch': '1.295'}
{'loss': '7.001', 'grad_norm': '28.15', 'learning_rate': '2.45e-05', 'epoch': '1.623'}
{'loss': '4.967', 'grad_norm': '28.84', 'learning_rate': '2.95e-05', 'epoch': '1.951'}
{'eval_loss': '0.8703', 'eval_accuracy': '0.8', 'eval_f1': '0.7821', 'eval_balanced_accuracy': '0.8', 'eval_macro_f1': '0.7821', 'eval_atc': '0.3688', 'eval_normalized_atc': '0.03688', 'eval_target_recall': '0.0625', 'eval_target_recall_macro': '0.7031', 'eval_target_fnr': '0.125', 'eval_selection_score': '2.843', 'eval_selection_accuracy_value': '0.8', 'eval_nll': '0.8326', 'eval_brier': '0.3821', 'eval_ece': '0.272', 'eval_auroc': '0', 'eval_auprc': '0', 'eval_runtime': '3.905', 'eval_samples_per_second': '81.95', 'eval_steps_per_second': '5.122', 'epoch': '2'}
CustomImageProcessor configuration saved to checkpoints/pmi20_alpha_lambda_grid7_run_a0p5_l0_lr5e5_s42/checkpoint-62/preprocessor_config.json
{'loss': '3.144', 'grad_norm': '28.82', 'learning_rate': '3.45e-05', 'epoch': '2.262'}
{'loss': '2.486', 'grad_norm': '25.33', 'learning_rate': '3.95e-05', 'epoch': '2.59'}
{'loss': '1.837', 'grad_norm': '35.34', 'learning_rate': '4.45e-05', 'epoch': '2.918'}
{'eval_loss': '0.3845', 'eval_accuracy': '0.8688', 'eval_f1': '0.8659', 'eval_balanced_accuracy': '0.8688', 'eval_macro_f1': '0.8659', 'eval_atc': '0.1531', 'eval_normalized_atc': '0.01531', 'eval_target_recall': '0.6875', 'eval_target_recall_macro': '0.8906', 'eval_target_fnr': '0', 'eval_selection_score': '0.1959', 'eval_selection_accuracy_value': '0.8688', 'eval_nll': '0.3579', 'eval_brier': '0.1786', 'eval_ece': '0.09133', 'eval_auroc': '0', 'eval_auprc': '0', 'eval_runtime': '4.176', 'eval_samples_per_second': '76.63', 'eval_steps_per_second': '4.79', 'epoch': '3'}
CustomImageProcessor configuration saved to checkpoints/pmi20_alpha_lambda_grid7_run_a0p5_l0_lr5e5_s42/checkpoint-93/preprocessor_config.json
{'loss': '1.374', 'grad_norm': '27.71', 'learning_rate': '4.95e-05', 'epoch': '3.23'}
{'loss': '0.9815', 'grad_norm': '32.39', 'learning_rate': '4.999e-05', 'epoch': '3.557'}
{'loss': '0.9084', 'grad_norm': '16.1', 'learning_rate': '4.994e-05', 'epoch': '3.885'}
{'eval_loss': '0.2307', 'eval_accuracy': '0.9281', 'eval_f1': '0.9265', 'eval_balanced_accuracy': '0.9281', 'eval_macro_f1': '0.9265', 'eval_atc': '0.2125', 'eval_normalized_atc': '0.02125', 'eval_target_recall': '0.6875', 'eval_target_recall_macro': '0.9062', 'eval_target_fnr': '0', 'eval_selection_score': '0.2019', 'eval_selection_accuracy_value': '0.9281', 'eval_nll': '0.208', 'eval_brier': '0.1034', 'eval_ece': '0.05459', 'eval_auroc': '0', 'eval_auprc': '0', 'eval_runtime': '3.82', 'eval_samples_per_second': '83.78', 'eval_steps_per_second': '5.236', 'epoch': '4'}
CustomImageProcessor configuration saved to checkpoints/pmi20_alpha_lambda_grid7_run_a0p5_l0_lr5e5_s42/checkpoint-124/preprocessor_config.json
{'loss': '0.7509', 'grad_norm': '37.94', 'learning_rate': '4.987e-05', 'epoch': '4.197'}
{'loss': '0.894', 'grad_norm': '52.09', 'learning_rate': '4.976e-05', 'epoch': '4.525'}
{'loss': '0.7596', 'grad_norm': '60.21', 'learning_rate': '4.963e-05', 'epoch': '4.852'}
{'eval_loss': '0.1717', 'eval_accuracy': '0.9406', 'eval_f1': '0.9394', 'eval_balanced_accuracy': '0.9406', 'eval_macro_f1': '0.9394', 'eval_atc': '0.1156', 'eval_normalized_atc': '0.01156', 'eval_target_recall': '0.9375', 'eval_target_recall_macro': '0.9688', 'eval_target_fnr': '0.0625', 'eval_selection_score': '0.01156', 'eval_selection_accuracy_value': '0.9406', 'eval_nll': '0.162', 'eval_brier': '0.08315', 'eval_ece': '0.05405', 'eval_auroc': '0', 'eval_auprc': '0', 'eval_runtime': '3.956', 'eval_samples_per_second': '80.9', 'eval_steps_per_second': '5.056', 'epoch': '5'}
CustomImageProcessor configuration saved to checkpoints/pmi20_alpha_lambda_grid7_run_a0p5_l0_lr5e5_s42/checkpoint-155/preprocessor_config.json
{'loss': '0.4975', 'grad_norm': '42.35', 'learning_rate': '4.946e-05', 'epoch': '5.164'}
{'loss': '0.6892', 'grad_norm': '10.1', 'learning_rate': '4.927e-05', 'epoch': '5.492'}
{'loss': '0.6921', 'grad_norm': '31.28', 'learning_rate': '4.904e-05', 'epoch': '5.82'}
{'eval_loss': '0.1927', 'eval_accuracy': '0.9281', 'eval_f1': '0.9228', 'eval_balanced_accuracy': '0.9281', 'eval_macro_f1': '0.9228', 'eval_atc': '0.1562', 'eval_normalized_atc': '0.01562', 'eval_target_recall': '0.375', 'eval_target_recall_macro': '0.8281', 'eval_target_fnr': '0.0625', 'eval_selection_score': '1.118', 'eval_selection_accuracy_value': '0.9281', 'eval_nll': '0.1763', 'eval_brier': '0.09425', 'eval_ece': '0.03253', 'eval_auroc': '0', 'eval_auprc': '0', 'eval_runtime': '4.224', 'eval_samples_per_second': '75.76', 'eval_steps_per_second': '4.735', 'epoch': '6'}
CustomImageProcessor configuration saved to checkpoints/pmi20_alpha_lambda_grid7_run_a0p5_l0_lr5e5_s42/checkpoint-186/preprocessor_config.json
{'loss': '0.4906', 'grad_norm': '30.16', 'learning_rate': '4.878e-05', 'epoch': '6.131'}
{'loss': '0.3232', 'grad_norm': '30.96', 'learning_rate': '4.85e-05', 'epoch': '6.459'}
{'loss': '0.2839', 'grad_norm': '28.64', 'learning_rate': '4.818e-05', 'epoch': '6.787'}
{'eval_loss': '0.07476', 'eval_accuracy': '0.975', 'eval_f1': '0.9747', 'eval_balanced_accuracy': '0.975', 'eval_macro_f1': '0.9747', 'eval_atc': '0.025', 'eval_normalized_atc': '0.0025', 'eval_target_recall': '1', 'eval_target_recall_macro': '1', 'eval_target_fnr': '0', 'eval_selection_score': '0.0025', 'eval_selection_accuracy_value': '0.975', 'eval_nll': '0.07144', 'eval_brier': '0.03436', 'eval_ece': '0.0271', 'eval_auroc': '0', 'eval_auprc': '0', 'eval_runtime': '4.035', 'eval_samples_per_second': '79.32', 'eval_steps_per_second': '4.957', 'epoch': '7'}
CustomImageProcessor configuration saved to checkpoints/pmi20_alpha_lambda_grid7_run_a0p5_l0_lr5e5_s42/checkpoint-217/preprocessor_config.json
{'loss': '0.1667', 'grad_norm': '7.145', 'learning_rate': '4.784e-05', 'epoch': '7.098'}
{'loss': '0.2207', 'grad_norm': '52.84', 'learning_rate': '4.746e-05', 'epoch': '7.426'}
{'loss': '0.3684', 'grad_norm': '18.68', 'learning_rate': '4.706e-05', 'epoch': '7.754'}
{'eval_loss': '0.165', 'eval_accuracy': '0.9625', 'eval_f1': '0.9602', 'eval_balanced_accuracy': '0.9625', 'eval_macro_f1': '0.9602', 'eval_atc': '0.05937', 'eval_normalized_atc': '0.005938', 'eval_target_recall': '0.9375', 'eval_target_recall_macro': '0.9844', 'eval_target_fnr': '0', 'eval_selection_score': '0.005938', 'eval_selection_accuracy_value': '0.9625', 'eval_nll': '0.1502', 'eval_brier': '0.07329', 'eval_ece': '0.03992', 'eval_auroc': '0', 'eval_auprc': '0', 'eval_runtime': '3.673', 'eval_samples_per_second': '87.12', 'eval_steps_per_second': '5.445', 'epoch': '8'}
CustomImageProcessor configuration saved to checkpoints/pmi20_alpha_lambda_grid7_run_a0p5_l0_lr5e5_s42/checkpoint-248/preprocessor_config.json
{'loss': '0.3368', 'grad_norm': '39.67', 'learning_rate': '4.664e-05', 'epoch': '8.066'}
{'loss': '0.3516', 'grad_norm': '46.85', 'learning_rate': '4.618e-05', 'epoch': '8.393'}
{'loss': '0.3349', 'grad_norm': '19.4', 'learning_rate': '4.57e-05', 'epoch': '8.721'}
{'eval_loss': '0.09564', 'eval_accuracy': '0.9688', 'eval_f1': '0.9685', 'eval_balanced_accuracy': '0.9688', 'eval_macro_f1': '0.9685', 'eval_atc': '0.0875', 'eval_normalized_atc': '0.00875', 'eval_target_recall': '0.9375', 'eval_target_recall_macro': '0.9688', 'eval_target_fnr': '0', 'eval_selection_score': '0.00875', 'eval_selection_accuracy_value': '0.9688', 'eval_nll': '0.08562', 'eval_brier': '0.048', 'eval_ece': '0.01721', 'eval_auroc': '0', 'eval_auprc': '0', 'eval_runtime': '4.014', 'eval_samples_per_second': '79.71', 'eval_steps_per_second': '4.982', 'epoch': '9'}
CustomImageProcessor configuration saved to checkpoints/pmi20_alpha_lambda_grid7_run_a0p5_l0_lr5e5_s42/checkpoint-279/preprocessor_config.json
{'loss': '0.1035', 'grad_norm': '11.48', 'learning_rate': '4.519e-05', 'epoch': '9.033'}
{'loss': '0.1316', 'grad_norm': '69.1', 'learning_rate': '4.466e-05', 'epoch': '9.361'}
{'loss': '0.05649', 'grad_norm': '21.73', 'learning_rate': '4.411e-05', 'epoch': '9.689'}
{'loss': '0.09952', 'grad_norm': '3.144', 'learning_rate': '4.353e-05', 'epoch': '10'}
{'eval_loss': '0.05969', 'eval_accuracy': '0.9812', 'eval_f1': '0.9812', 'eval_balanced_accuracy': '0.9812', 'eval_macro_f1': '0.9812', 'eval_atc': '0.075', 'eval_normalized_atc': '0.0075', 'eval_target_recall': '0.875', 'eval_target_recall_macro': '0.9688', 'eval_target_fnr': '0', 'eval_selection_score': '0.01', 'eval_selection_accuracy_value': '0.9812', 'eval_nll': '0.05305', 'eval_brier': '0.0266', 'eval_ece': '0.008573', 'eval_auroc': '0', 'eval_auprc': '0', 'eval_runtime': '4.041', 'eval_samples_per_second': '79.19', 'eval_steps_per_second': '4.949', 'epoch': '10'}
CustomImageProcessor configuration saved to checkpoints/pmi20_alpha_lambda_grid7_run_a0p5_l0_lr5e5_s42/checkpoint-310/preprocessor_config.json
{'loss': '0.04524', 'grad_norm': '1.73', 'learning_rate': '4.292e-05', 'epoch': '10.33'}
{'loss': '0.1259', 'grad_norm': '2.037', 'learning_rate': '4.23e-05', 'epoch': '10.66'}
{'loss': '0.1668', 'grad_norm': '41.57', 'learning_rate': '4.165e-05', 'epoch': '10.98'}
{'eval_loss': '0.1218', 'eval_accuracy': '0.9656', 'eval_f1': '0.9662', 'eval_balanced_accuracy': '0.9656', 'eval_macro_f1': '0.9662', 'eval_atc': '0.1469', 'eval_normalized_atc': '0.01469', 'eval_target_recall': '0.75', 'eval_target_recall_macro': '0.9062', 'eval_target_fnr': '0.25', 'eval_selection_score': '0.1047', 'eval_selection_accuracy_value': '0.9656', 'eval_nll': '0.1046', 'eval_brier': '0.05567', 'eval_ece': '0.01637', 'eval_auroc': '0', 'eval_auprc': '0', 'eval_runtime': '4.506', 'eval_samples_per_second': '71.01', 'eval_steps_per_second': '4.438', 'epoch': '11'}
CustomImageProcessor configuration saved to checkpoints/pmi20_alpha_lambda_grid7_run_a0p5_l0_lr5e5_s42/checkpoint-341/preprocessor_config.json
{'loss': '0.1029', 'grad_norm': '8.894', 'learning_rate': '4.099e-05', 'epoch': '11.3'}
{'loss': '0.04538', 'grad_norm': '2.47', 'learning_rate': '4.03e-05', 'epoch': '11.62'}
{'loss': '0.07601', 'grad_norm': '5.821', 'learning_rate': '3.959e-05', 'epoch': '11.95'}
{'eval_loss': '0.04828', 'eval_accuracy': '0.9875', 'eval_f1': '0.9876', 'eval_balanced_accuracy': '0.9875', 'eval_macro_f1': '0.9876', 'eval_atc': '0.0125', 'eval_normalized_atc': '0.00125', 'eval_target_recall': '1', 'eval_target_recall_macro': '1', 'eval_target_fnr': '0', 'eval_selection_score': '0.00125', 'eval_selection_accuracy_value': '0.9875', 'eval_nll': '0.04422', 'eval_brier': '0.02202', 'eval_ece': '0.008647', 'eval_auroc': '0', 'eval_auprc': '0', 'eval_runtime': '3.594', 'eval_samples_per_second': '89.05', 'eval_steps_per_second': '5.565', 'epoch': '12'}
CustomImageProcessor configuration saved to checkpoints/pmi20_alpha_lambda_grid7_run_a0p5_l0_lr5e5_s42/checkpoint-372/preprocessor_config.json
{'train_runtime': '319', 'train_samples_per_second': '194.6', 'train_steps_per_second': '3.11', 'train_loss': '2.034', 'epoch': '12'}
***** train metrics *****
  epoch                    =       12.0
  total_flos               =        0GF
  train_loss               =     2.0337
  train_runtime            = 0:05:19.01
  train_samples_per_second =    194.602
  train_steps_per_second   =       3.11
Using device: cuda

============================================================
PERFORMING COMPREHENSIVE EVALUATION
============================================================
Results will be saved to: results/pmi20_sota_convnext_base_test/pmi20_alpha_lambda_grid7_run_a0p5_l0_lr5e5_s42_05-06_07-35
Saving run configuration...
Run configuration saved to: results/pmi20_sota_convnext_base_test/pmi20_alpha_lambda_grid7_run_a0p5_l0_lr5e5_s42_05-06_07-35/run_configuration_20260506_073542.json
Running model evaluation...
Computing detailed metrics...
Saving metrics to files...
Metrics saved to: results/pmi20_sota_convnext_base_test/pmi20_alpha_lambda_grid7_run_a0p5_l0_lr5e5_s42_05-06_07-35/metrics_20260506_073556_nicme_hybrid.json and results/pmi20_sota_convnext_base_test/pmi20_alpha_lambda_grid7_run_a0p5_l0_lr5e5_s42_05-06_07-35/metrics_20260506_073556_nicme_hybrid.txt
Using provided class names: ['00378-0208', '00378-3855', '00591-0461', '16729-0020', '16729-0168', '50111-0434', '53489-0156', '53746-0544', '57664-0377', '62037-0831', '62037-0832', '64380-0803', '65162-0253', '67253-0901', '68382-0008', '68382-0227', '69097-0127', '69097-0128', '69315-0904', '69315-0905']
Skipping confusion matrix visualizations by configuration.

============================================================
TRAINING COMPLETED - RESULTS SUMMARY
============================================================
Output Directory: results/pmi20_sota_convnext_base_test/pmi20_alpha_lambda_grid7_run_a0p5_l0_lr5e5_s42_05-06_07-35
Overall Accuracy: 0.9766
Balanced Accuracy: 0.9766
Overall F1 Score: 0.9766
Kappa: 0.9753
AUC: 0.9998
Expected Cost: 0.0516
Loss Function Used: nicme_hybrid
Total Test Samples: 640
Classes: 00378-0208, 00378-3855, 00591-0461, 16729-0020, 16729-0168, 50111-0434, 53489-0156, 53746-0544, 57664-0377, 62037-0831, 62037-0832, 64380-0803, 65162-0253, 67253-0901, 68382-0008, 68382-0227, 69097-0127, 69097-0128, 69315-0904, 69315-0905

Detailed metrics saved to: results/pmi20_sota_convnext_base_test/pmi20_alpha_lambda_grid7_run_a0p5_l0_lr5e5_s42_05-06_07-35
============================================================
