Prepared manifest loaded — Train=1940, Val=320, Calibration=300, Test=640
cuda
Using model backend=timm type=pmi20_sota_convnext_base with 20 labels
Early stopping enabled with patience=5
Using device: cuda
{'loss': '12.76', 'grad_norm': '18.31', 'learning_rate': '4.5e-06', 'epoch': '0.3279'}
{'loss': '12.19', 'grad_norm': '18.67', 'learning_rate': '9.5e-06', 'epoch': '0.6557'}
{'loss': '11.03', 'grad_norm': '27.42', 'learning_rate': '1.45e-05', 'epoch': '0.9836'}
{'eval_loss': '2.505', 'eval_accuracy': '0.2719', 'eval_f1': '0.2372', 'eval_balanced_accuracy': '0.2719', 'eval_macro_f1': '0.2372', 'eval_atc': '0.7844', 'eval_normalized_atc': '0.07844', 'eval_target_recall': '0', 'eval_target_recall_macro': '0.2812', 'eval_target_fnr': '0.8125', 'eval_selection_score': '3.597', 'eval_selection_accuracy_value': '0.2719', 'eval_nll': '2.481', 'eval_brier': '0.8812', 'eval_ece': '0.1516', 'eval_auroc': '0', 'eval_auprc': '0', 'eval_runtime': '4.921', 'eval_samples_per_second': '65.03', 'eval_steps_per_second': '4.064', 'epoch': '1'}
CustomImageProcessor configuration saved to checkpoints/pmi20_alpha_lambda_grid7_run_a0p5_l0p02_lr5e5_s42/checkpoint-31/preprocessor_config.json
{'loss': '8.869', 'grad_norm': '29.39', 'learning_rate': '1.95e-05', 'epoch': '1.295'}
{'loss': '7.007', 'grad_norm': '28.17', 'learning_rate': '2.45e-05', 'epoch': '1.623'}
{'loss': '4.973', 'grad_norm': '28.85', 'learning_rate': '2.95e-05', 'epoch': '1.951'}
{'eval_loss': '0.8718', 'eval_accuracy': '0.8', 'eval_f1': '0.7821', 'eval_balanced_accuracy': '0.8', 'eval_macro_f1': '0.7821', 'eval_atc': '0.3688', 'eval_normalized_atc': '0.03688', 'eval_target_recall': '0.0625', 'eval_target_recall_macro': '0.7031', 'eval_target_fnr': '0.125', 'eval_selection_score': '2.843', 'eval_selection_accuracy_value': '0.8', 'eval_nll': '0.8329', 'eval_brier': '0.3823', 'eval_ece': '0.272', 'eval_auroc': '0', 'eval_auprc': '0', 'eval_runtime': '4.186', 'eval_samples_per_second': '76.45', 'eval_steps_per_second': '4.778', 'epoch': '2'}
CustomImageProcessor configuration saved to checkpoints/pmi20_alpha_lambda_grid7_run_a0p5_l0p02_lr5e5_s42/checkpoint-62/preprocessor_config.json
{'loss': '3.149', 'grad_norm': '28.88', 'learning_rate': '3.45e-05', 'epoch': '2.262'}
{'loss': '2.492', 'grad_norm': '25.35', 'learning_rate': '3.95e-05', 'epoch': '2.59'}
{'loss': '1.84', 'grad_norm': '35.55', 'learning_rate': '4.45e-05', 'epoch': '2.918'}
{'eval_loss': '0.3854', 'eval_accuracy': '0.8688', 'eval_f1': '0.8659', 'eval_balanced_accuracy': '0.8688', 'eval_macro_f1': '0.8659', 'eval_atc': '0.1531', 'eval_normalized_atc': '0.01531', 'eval_target_recall': '0.6875', 'eval_target_recall_macro': '0.8906', 'eval_target_fnr': '0', 'eval_selection_score': '0.1959', 'eval_selection_accuracy_value': '0.8688', 'eval_nll': '0.3581', 'eval_brier': '0.1786', 'eval_ece': '0.08852', 'eval_auroc': '0', 'eval_auprc': '0', 'eval_runtime': '3.814', 'eval_samples_per_second': '83.89', 'eval_steps_per_second': '5.243', 'epoch': '3'}
CustomImageProcessor configuration saved to checkpoints/pmi20_alpha_lambda_grid7_run_a0p5_l0p02_lr5e5_s42/checkpoint-93/preprocessor_config.json
{'loss': '1.377', 'grad_norm': '27.83', 'learning_rate': '4.95e-05', 'epoch': '3.23'}
{'loss': '0.984', 'grad_norm': '32.39', 'learning_rate': '4.999e-05', 'epoch': '3.557'}
{'loss': '0.9115', 'grad_norm': '16.16', 'learning_rate': '4.994e-05', 'epoch': '3.885'}
{'eval_loss': '0.2315', 'eval_accuracy': '0.9281', 'eval_f1': '0.9265', 'eval_balanced_accuracy': '0.9281', 'eval_macro_f1': '0.9265', 'eval_atc': '0.2125', 'eval_normalized_atc': '0.02125', 'eval_target_recall': '0.6875', 'eval_target_recall_macro': '0.9062', 'eval_target_fnr': '0', 'eval_selection_score': '0.2019', 'eval_selection_accuracy_value': '0.9281', 'eval_nll': '0.2083', 'eval_brier': '0.1035', 'eval_ece': '0.05474', 'eval_auroc': '0', 'eval_auprc': '0', 'eval_runtime': '4.232', 'eval_samples_per_second': '75.61', 'eval_steps_per_second': '4.725', 'epoch': '4'}
CustomImageProcessor configuration saved to checkpoints/pmi20_alpha_lambda_grid7_run_a0p5_l0p02_lr5e5_s42/checkpoint-124/preprocessor_config.json
{'loss': '0.7529', 'grad_norm': '37.91', 'learning_rate': '4.987e-05', 'epoch': '4.197'}
{'loss': '0.893', 'grad_norm': '51.21', 'learning_rate': '4.976e-05', 'epoch': '4.525'}
{'loss': '0.7605', 'grad_norm': '60.56', 'learning_rate': '4.963e-05', 'epoch': '4.852'}
{'eval_loss': '0.1718', 'eval_accuracy': '0.9406', 'eval_f1': '0.9394', 'eval_balanced_accuracy': '0.9406', 'eval_macro_f1': '0.9394', 'eval_atc': '0.1156', 'eval_normalized_atc': '0.01156', 'eval_target_recall': '0.9375', 'eval_target_recall_macro': '0.9688', 'eval_target_fnr': '0.0625', 'eval_selection_score': '0.01156', 'eval_selection_accuracy_value': '0.9406', 'eval_nll': '0.1619', 'eval_brier': '0.08305', 'eval_ece': '0.05397', 'eval_auroc': '0', 'eval_auprc': '0', 'eval_runtime': '3.808', 'eval_samples_per_second': '84.03', 'eval_steps_per_second': '5.252', 'epoch': '5'}
CustomImageProcessor configuration saved to checkpoints/pmi20_alpha_lambda_grid7_run_a0p5_l0p02_lr5e5_s42/checkpoint-155/preprocessor_config.json
{'loss': '0.4972', 'grad_norm': '42.63', 'learning_rate': '4.946e-05', 'epoch': '5.164'}
{'loss': '0.6888', 'grad_norm': '10.1', 'learning_rate': '4.927e-05', 'epoch': '5.492'}
{'loss': '0.6925', 'grad_norm': '31.31', 'learning_rate': '4.904e-05', 'epoch': '5.82'}
{'eval_loss': '0.1946', 'eval_accuracy': '0.9313', 'eval_f1': '0.9257', 'eval_balanced_accuracy': '0.9313', 'eval_macro_f1': '0.9257', 'eval_atc': '0.1531', 'eval_normalized_atc': '0.01531', 'eval_target_recall': '0.375', 'eval_target_recall_macro': '0.8281', 'eval_target_fnr': '0.0625', 'eval_selection_score': '1.118', 'eval_selection_accuracy_value': '0.9313', 'eval_nll': '0.178', 'eval_brier': '0.09515', 'eval_ece': '0.02617', 'eval_auroc': '0', 'eval_auprc': '0', 'eval_runtime': '3.832', 'eval_samples_per_second': '83.5', 'eval_steps_per_second': '5.219', 'epoch': '6'}
CustomImageProcessor configuration saved to checkpoints/pmi20_alpha_lambda_grid7_run_a0p5_l0p02_lr5e5_s42/checkpoint-186/preprocessor_config.json
{'loss': '0.4956', 'grad_norm': '30.94', 'learning_rate': '4.878e-05', 'epoch': '6.131'}
{'loss': '0.324', 'grad_norm': '31.68', 'learning_rate': '4.85e-05', 'epoch': '6.459'}
{'loss': '0.2863', 'grad_norm': '28.61', 'learning_rate': '4.818e-05', 'epoch': '6.787'}
{'eval_loss': '0.07817', 'eval_accuracy': '0.975', 'eval_f1': '0.9747', 'eval_balanced_accuracy': '0.975', 'eval_macro_f1': '0.9747', 'eval_atc': '0.025', 'eval_normalized_atc': '0.0025', 'eval_target_recall': '1', 'eval_target_recall_macro': '1', 'eval_target_fnr': '0', 'eval_selection_score': '0.0025', 'eval_selection_accuracy_value': '0.975', 'eval_nll': '0.07516', 'eval_brier': '0.03737', 'eval_ece': '0.02208', 'eval_auroc': '0', 'eval_auprc': '0', 'eval_runtime': '3.789', 'eval_samples_per_second': '84.46', 'eval_steps_per_second': '5.279', 'epoch': '7'}
CustomImageProcessor configuration saved to checkpoints/pmi20_alpha_lambda_grid7_run_a0p5_l0p02_lr5e5_s42/checkpoint-217/preprocessor_config.json
{'loss': '0.1628', 'grad_norm': '6.161', 'learning_rate': '4.784e-05', 'epoch': '7.098'}
{'loss': '0.2272', 'grad_norm': '54.74', 'learning_rate': '4.746e-05', 'epoch': '7.426'}
{'loss': '0.3133', 'grad_norm': '22.02', 'learning_rate': '4.706e-05', 'epoch': '7.754'}
{'eval_loss': '0.2035', 'eval_accuracy': '0.9406', 'eval_f1': '0.9384', 'eval_balanced_accuracy': '0.9406', 'eval_macro_f1': '0.9384', 'eval_atc': '0.1688', 'eval_normalized_atc': '0.01688', 'eval_target_recall': '0.6875', 'eval_target_recall_macro': '0.9219', 'eval_target_fnr': '0', 'eval_selection_score': '0.1975', 'eval_selection_accuracy_value': '0.9406', 'eval_nll': '0.1833', 'eval_brier': '0.09483', 'eval_ece': '0.02717', 'eval_auroc': '0', 'eval_auprc': '0', 'eval_runtime': '3.714', 'eval_samples_per_second': '86.16', 'eval_steps_per_second': '5.385', 'epoch': '8'}
CustomImageProcessor configuration saved to checkpoints/pmi20_alpha_lambda_grid7_run_a0p5_l0p02_lr5e5_s42/checkpoint-248/preprocessor_config.json
{'loss': '0.2886', 'grad_norm': '49.1', 'learning_rate': '4.664e-05', 'epoch': '8.066'}
{'loss': '0.2509', 'grad_norm': '48.93', 'learning_rate': '4.618e-05', 'epoch': '8.393'}
{'loss': '0.2693', 'grad_norm': '21.64', 'learning_rate': '4.57e-05', 'epoch': '8.721'}
{'eval_loss': '0.07786', 'eval_accuracy': '0.975', 'eval_f1': '0.9749', 'eval_balanced_accuracy': '0.975', 'eval_macro_f1': '0.9749', 'eval_atc': '0.08125', 'eval_normalized_atc': '0.008125', 'eval_target_recall': '0.9375', 'eval_target_recall_macro': '0.9688', 'eval_target_fnr': '0', 'eval_selection_score': '0.008125', 'eval_selection_accuracy_value': '0.975', 'eval_nll': '0.06927', 'eval_brier': '0.0349', 'eval_ece': '0.01745', 'eval_auroc': '0', 'eval_auprc': '0', 'eval_runtime': '3.939', 'eval_samples_per_second': '81.24', 'eval_steps_per_second': '5.078', 'epoch': '9'}
CustomImageProcessor configuration saved to checkpoints/pmi20_alpha_lambda_grid7_run_a0p5_l0p02_lr5e5_s42/checkpoint-279/preprocessor_config.json
{'loss': '0.1115', 'grad_norm': '16.88', 'learning_rate': '4.519e-05', 'epoch': '9.033'}
{'loss': '0.1285', 'grad_norm': '70.33', 'learning_rate': '4.466e-05', 'epoch': '9.361'}
{'loss': '0.1907', 'grad_norm': '38.32', 'learning_rate': '4.411e-05', 'epoch': '9.689'}
{'loss': '0.2312', 'grad_norm': '6.051', 'learning_rate': '4.353e-05', 'epoch': '10'}
{'eval_loss': '0.05354', 'eval_accuracy': '0.9781', 'eval_f1': '0.9781', 'eval_balanced_accuracy': '0.9781', 'eval_macro_f1': '0.9781', 'eval_atc': '0.05', 'eval_normalized_atc': '0.005', 'eval_target_recall': '0.9375', 'eval_target_recall_macro': '0.9844', 'eval_target_fnr': '0.0625', 'eval_selection_score': '0.005', 'eval_selection_accuracy_value': '0.9781', 'eval_nll': '0.04669', 'eval_brier': '0.02418', 'eval_ece': '0.01867', 'eval_auroc': '0', 'eval_auprc': '0', 'eval_runtime': '4.206', 'eval_samples_per_second': '76.08', 'eval_steps_per_second': '4.755', 'epoch': '10'}
CustomImageProcessor configuration saved to checkpoints/pmi20_alpha_lambda_grid7_run_a0p5_l0p02_lr5e5_s42/checkpoint-310/preprocessor_config.json
{'loss': '0.09141', 'grad_norm': '34.99', 'learning_rate': '4.292e-05', 'epoch': '10.33'}
{'loss': '0.1378', 'grad_norm': '10.78', 'learning_rate': '4.23e-05', 'epoch': '10.66'}
{'loss': '0.1198', 'grad_norm': '20.94', 'learning_rate': '4.165e-05', 'epoch': '10.98'}
{'eval_loss': '0.05988', 'eval_accuracy': '0.9812', 'eval_f1': '0.9812', 'eval_balanced_accuracy': '0.9812', 'eval_macro_f1': '0.9812', 'eval_atc': '0.04688', 'eval_normalized_atc': '0.004687', 'eval_target_recall': '0.9375', 'eval_target_recall_macro': '0.9844', 'eval_target_fnr': '0', 'eval_selection_score': '0.004687', 'eval_selection_accuracy_value': '0.9812', 'eval_nll': '0.05489', 'eval_brier': '0.02798', 'eval_ece': '0.01728', 'eval_auroc': '0', 'eval_auprc': '0', 'eval_runtime': '4.006', 'eval_samples_per_second': '79.88', 'eval_steps_per_second': '4.993', 'epoch': '11'}
CustomImageProcessor configuration saved to checkpoints/pmi20_alpha_lambda_grid7_run_a0p5_l0p02_lr5e5_s42/checkpoint-341/preprocessor_config.json
{'loss': '0.08817', 'grad_norm': '43.28', 'learning_rate': '4.099e-05', 'epoch': '11.3'}
{'loss': '0.05601', 'grad_norm': '2.623', 'learning_rate': '4.03e-05', 'epoch': '11.62'}
{'loss': '0.04083', 'grad_norm': '24.83', 'learning_rate': '3.959e-05', 'epoch': '11.95'}
{'eval_loss': '0.05182', 'eval_accuracy': '0.9812', 'eval_f1': '0.9812', 'eval_balanced_accuracy': '0.9812', 'eval_macro_f1': '0.9812', 'eval_atc': '0.075', 'eval_normalized_atc': '0.0075', 'eval_target_recall': '0.9375', 'eval_target_recall_macro': '0.9688', 'eval_target_fnr': '0', 'eval_selection_score': '0.0075', 'eval_selection_accuracy_value': '0.9812', 'eval_nll': '0.0412', 'eval_brier': '0.02627', 'eval_ece': '0.021', 'eval_auroc': '0', 'eval_auprc': '0', 'eval_runtime': '3.878', 'eval_samples_per_second': '82.51', 'eval_steps_per_second': '5.157', 'epoch': '12'}
CustomImageProcessor configuration saved to checkpoints/pmi20_alpha_lambda_grid7_run_a0p5_l0p02_lr5e5_s42/checkpoint-372/preprocessor_config.json
{'train_runtime': '323.5', 'train_samples_per_second': '191.9', 'train_steps_per_second': '3.067', 'train_loss': '2.034', 'epoch': '12'}
***** train metrics *****
  epoch                    =       12.0
  total_flos               =        0GF
  train_loss               =     2.0345
  train_runtime            = 0:05:23.49
  train_samples_per_second =    191.907
  train_steps_per_second   =      3.067
Using device: cuda

============================================================
PERFORMING COMPREHENSIVE EVALUATION
============================================================
Results will be saved to: results/pmi20_sota_convnext_base_test/pmi20_alpha_lambda_grid7_run_a0p5_l0p02_lr5e5_s42_05-06_07-41
Saving run configuration...
Run configuration saved to: results/pmi20_sota_convnext_base_test/pmi20_alpha_lambda_grid7_run_a0p5_l0p02_lr5e5_s42_05-06_07-41/run_configuration_20260506_074142.json
Running model evaluation...
Computing detailed metrics...
Saving metrics to files...
Metrics saved to: results/pmi20_sota_convnext_base_test/pmi20_alpha_lambda_grid7_run_a0p5_l0p02_lr5e5_s42_05-06_07-41/metrics_20260506_074156_nicme_hybrid.json and results/pmi20_sota_convnext_base_test/pmi20_alpha_lambda_grid7_run_a0p5_l0p02_lr5e5_s42_05-06_07-41/metrics_20260506_074156_nicme_hybrid.txt
Using provided class names: ['00378-0208', '00378-3855', '00591-0461', '16729-0020', '16729-0168', '50111-0434', '53489-0156', '53746-0544', '57664-0377', '62037-0831', '62037-0832', '64380-0803', '65162-0253', '67253-0901', '68382-0008', '68382-0227', '69097-0127', '69097-0128', '69315-0904', '69315-0905']
Skipping confusion matrix visualizations by configuration.

============================================================
TRAINING COMPLETED - RESULTS SUMMARY
============================================================
Output Directory: results/pmi20_sota_convnext_base_test/pmi20_alpha_lambda_grid7_run_a0p5_l0p02_lr5e5_s42_05-06_07-41
Overall Accuracy: 0.9750
Balanced Accuracy: 0.9750
Overall F1 Score: 0.9751
Kappa: 0.9737
AUC: 0.9998
Expected Cost: 0.0531
Loss Function Used: nicme_hybrid
Total Test Samples: 640
Classes: 00378-0208, 00378-3855, 00591-0461, 16729-0020, 16729-0168, 50111-0434, 53489-0156, 53746-0544, 57664-0377, 62037-0831, 62037-0832, 64380-0803, 65162-0253, 67253-0901, 68382-0008, 68382-0227, 69097-0127, 69097-0128, 69315-0904, 69315-0905

Detailed metrics saved to: results/pmi20_sota_convnext_base_test/pmi20_alpha_lambda_grid7_run_a0p5_l0p02_lr5e5_s42_05-06_07-41
============================================================
