Prepared manifest loaded — Train=1940, Val=320, Calibration=300, Test=640
cuda
Using model backend=timm type=pmi20_sota_convnext_base with 20 labels
Early stopping enabled with patience=5
Using device: cuda
{'loss': '12.76', 'grad_norm': '18.31', 'learning_rate': '4.5e-06', 'epoch': '0.3279'}
{'loss': '12.19', 'grad_norm': '18.67', 'learning_rate': '9.5e-06', 'epoch': '0.6557'}
{'loss': '11.04', 'grad_norm': '27.42', 'learning_rate': '1.45e-05', 'epoch': '0.9836'}
{'eval_loss': '2.507', 'eval_accuracy': '0.2719', 'eval_f1': '0.2372', 'eval_balanced_accuracy': '0.2719', 'eval_macro_f1': '0.2372', 'eval_atc': '0.7844', 'eval_normalized_atc': '0.07844', 'eval_target_recall': '0', 'eval_target_recall_macro': '0.2812', 'eval_target_fnr': '0.8125', 'eval_selection_score': '3.597', 'eval_selection_accuracy_value': '0.2719', 'eval_nll': '2.481', 'eval_brier': '0.8812', 'eval_ece': '0.1516', 'eval_auroc': '0', 'eval_auprc': '0', 'eval_runtime': '3.918', 'eval_samples_per_second': '81.66', 'eval_steps_per_second': '5.104', 'epoch': '1'}
CustomImageProcessor configuration saved to checkpoints/pmi20_alpha_lambda_grid7_run_a0p5_l0p07_lr5e5_s42/checkpoint-31/preprocessor_config.json
{'loss': '8.88', 'grad_norm': '29.4', 'learning_rate': '1.95e-05', 'epoch': '1.295'}
{'loss': '7.021', 'grad_norm': '28.2', 'learning_rate': '2.45e-05', 'epoch': '1.623'}
{'loss': '4.989', 'grad_norm': '28.88', 'learning_rate': '2.95e-05', 'epoch': '1.951'}
{'eval_loss': '0.8756', 'eval_accuracy': '0.8', 'eval_f1': '0.7821', 'eval_balanced_accuracy': '0.8', 'eval_macro_f1': '0.7821', 'eval_atc': '0.3688', 'eval_normalized_atc': '0.03688', 'eval_target_recall': '0.0625', 'eval_target_recall_macro': '0.7031', 'eval_target_fnr': '0.125', 'eval_selection_score': '2.843', 'eval_selection_accuracy_value': '0.8', 'eval_nll': '0.8335', 'eval_brier': '0.3825', 'eval_ece': '0.272', 'eval_auroc': '0', 'eval_auprc': '0', 'eval_runtime': '3.955', 'eval_samples_per_second': '80.91', 'eval_steps_per_second': '5.057', 'epoch': '2'}
CustomImageProcessor configuration saved to checkpoints/pmi20_alpha_lambda_grid7_run_a0p5_l0p07_lr5e5_s42/checkpoint-62/preprocessor_config.json
{'loss': '3.164', 'grad_norm': '29.03', 'learning_rate': '3.45e-05', 'epoch': '2.262'}
{'loss': '2.506', 'grad_norm': '25.4', 'learning_rate': '3.95e-05', 'epoch': '2.59'}
{'loss': '1.85', 'grad_norm': '36.04', 'learning_rate': '4.45e-05', 'epoch': '2.918'}
{'eval_loss': '0.3876', 'eval_accuracy': '0.8688', 'eval_f1': '0.8659', 'eval_balanced_accuracy': '0.8688', 'eval_macro_f1': '0.8659', 'eval_atc': '0.1531', 'eval_normalized_atc': '0.01531', 'eval_target_recall': '0.6875', 'eval_target_recall_macro': '0.8906', 'eval_target_fnr': '0', 'eval_selection_score': '0.1959', 'eval_selection_accuracy_value': '0.8688', 'eval_nll': '0.3587', 'eval_brier': '0.1788', 'eval_ece': '0.09126', 'eval_auroc': '0', 'eval_auprc': '0', 'eval_runtime': '3.747', 'eval_samples_per_second': '85.41', 'eval_steps_per_second': '5.338', 'epoch': '3'}
CustomImageProcessor configuration saved to checkpoints/pmi20_alpha_lambda_grid7_run_a0p5_l0p07_lr5e5_s42/checkpoint-93/preprocessor_config.json
{'loss': '1.385', 'grad_norm': '28', 'learning_rate': '4.95e-05', 'epoch': '3.23'}
{'loss': '0.9901', 'grad_norm': '32.41', 'learning_rate': '4.999e-05', 'epoch': '3.557'}
{'loss': '0.9191', 'grad_norm': '16.32', 'learning_rate': '4.994e-05', 'epoch': '3.885'}
{'eval_loss': '0.2335', 'eval_accuracy': '0.9281', 'eval_f1': '0.9265', 'eval_balanced_accuracy': '0.9281', 'eval_macro_f1': '0.9265', 'eval_atc': '0.2125', 'eval_normalized_atc': '0.02125', 'eval_target_recall': '0.6875', 'eval_target_recall_macro': '0.9062', 'eval_target_fnr': '0', 'eval_selection_score': '0.2019', 'eval_selection_accuracy_value': '0.9281', 'eval_nll': '0.2089', 'eval_brier': '0.1038', 'eval_ece': '0.0568', 'eval_auroc': '0', 'eval_auprc': '0', 'eval_runtime': '3.627', 'eval_samples_per_second': '88.23', 'eval_steps_per_second': '5.514', 'epoch': '4'}
CustomImageProcessor configuration saved to checkpoints/pmi20_alpha_lambda_grid7_run_a0p5_l0p07_lr5e5_s42/checkpoint-124/preprocessor_config.json
{'loss': '0.7574', 'grad_norm': '37.8', 'learning_rate': '4.987e-05', 'epoch': '4.197'}
{'loss': '0.8909', 'grad_norm': '49.46', 'learning_rate': '4.976e-05', 'epoch': '4.525'}
{'loss': '0.7623', 'grad_norm': '61.54', 'learning_rate': '4.963e-05', 'epoch': '4.852'}
{'eval_loss': '0.1728', 'eval_accuracy': '0.9437', 'eval_f1': '0.9427', 'eval_balanced_accuracy': '0.9437', 'eval_macro_f1': '0.9427', 'eval_atc': '0.1125', 'eval_normalized_atc': '0.01125', 'eval_target_recall': '0.9375', 'eval_target_recall_macro': '0.9688', 'eval_target_fnr': '0.0625', 'eval_selection_score': '0.01125', 'eval_selection_accuracy_value': '0.9437', 'eval_nll': '0.1624', 'eval_brier': '0.08327', 'eval_ece': '0.04766', 'eval_auroc': '0', 'eval_auprc': '0', 'eval_runtime': '3.957', 'eval_samples_per_second': '80.88', 'eval_steps_per_second': '5.055', 'epoch': '5'}
CustomImageProcessor configuration saved to checkpoints/pmi20_alpha_lambda_grid7_run_a0p5_l0p07_lr5e5_s42/checkpoint-155/preprocessor_config.json
{'loss': '0.4976', 'grad_norm': '43.09', 'learning_rate': '4.946e-05', 'epoch': '5.164'}
{'loss': '0.6852', 'grad_norm': '10.05', 'learning_rate': '4.927e-05', 'epoch': '5.492'}
{'loss': '0.6892', 'grad_norm': '31.31', 'learning_rate': '4.904e-05', 'epoch': '5.82'}
{'eval_loss': '0.1989', 'eval_accuracy': '0.9313', 'eval_f1': '0.9257', 'eval_balanced_accuracy': '0.9313', 'eval_macro_f1': '0.9257', 'eval_atc': '0.1531', 'eval_normalized_atc': '0.01531', 'eval_target_recall': '0.375', 'eval_target_recall_macro': '0.8281', 'eval_target_fnr': '0.0625', 'eval_selection_score': '1.118', 'eval_selection_accuracy_value': '0.9313', 'eval_nll': '0.1819', 'eval_brier': '0.09739', 'eval_ece': '0.02959', 'eval_auroc': '0', 'eval_auprc': '0', 'eval_runtime': '4.16', 'eval_samples_per_second': '76.92', 'eval_steps_per_second': '4.808', 'epoch': '6'}
CustomImageProcessor configuration saved to checkpoints/pmi20_alpha_lambda_grid7_run_a0p5_l0p07_lr5e5_s42/checkpoint-186/preprocessor_config.json
{'loss': '0.5066', 'grad_norm': '32.84', 'learning_rate': '4.878e-05', 'epoch': '6.131'}
{'loss': '0.3304', 'grad_norm': '35.76', 'learning_rate': '4.85e-05', 'epoch': '6.459'}
{'loss': '0.2974', 'grad_norm': '27.42', 'learning_rate': '4.818e-05', 'epoch': '6.787'}
{'eval_loss': '0.08608', 'eval_accuracy': '0.9656', 'eval_f1': '0.9648', 'eval_balanced_accuracy': '0.9656', 'eval_macro_f1': '0.9648', 'eval_atc': '0.03438', 'eval_normalized_atc': '0.003438', 'eval_target_recall': '1', 'eval_target_recall_macro': '1', 'eval_target_fnr': '0', 'eval_selection_score': '0.003438', 'eval_selection_accuracy_value': '0.9656', 'eval_nll': '0.08348', 'eval_brier': '0.04365', 'eval_ece': '0.02849', 'eval_auroc': '0', 'eval_auprc': '0', 'eval_runtime': '4.103', 'eval_samples_per_second': '78', 'eval_steps_per_second': '4.875', 'epoch': '7'}
CustomImageProcessor configuration saved to checkpoints/pmi20_alpha_lambda_grid7_run_a0p5_l0p07_lr5e5_s42/checkpoint-217/preprocessor_config.json
{'loss': '0.1605', 'grad_norm': '5.369', 'learning_rate': '4.784e-05', 'epoch': '7.098'}
{'loss': '0.2077', 'grad_norm': '52.67', 'learning_rate': '4.746e-05', 'epoch': '7.426'}
{'loss': '0.4579', 'grad_norm': '15.77', 'learning_rate': '4.706e-05', 'epoch': '7.754'}
{'eval_loss': '0.1859', 'eval_accuracy': '0.9406', 'eval_f1': '0.9341', 'eval_balanced_accuracy': '0.9406', 'eval_macro_f1': '0.9341', 'eval_atc': '0.0875', 'eval_normalized_atc': '0.00875', 'eval_target_recall': '0.9375', 'eval_target_recall_macro': '0.9844', 'eval_target_fnr': '0.0625', 'eval_selection_score': '0.00875', 'eval_selection_accuracy_value': '0.9406', 'eval_nll': '0.1789', 'eval_brier': '0.08684', 'eval_ece': '0.03066', 'eval_auroc': '0', 'eval_auprc': '0', 'eval_runtime': '4.03', 'eval_samples_per_second': '79.4', 'eval_steps_per_second': '4.963', 'epoch': '8'}
CustomImageProcessor configuration saved to checkpoints/pmi20_alpha_lambda_grid7_run_a0p5_l0p07_lr5e5_s42/checkpoint-248/preprocessor_config.json
{'loss': '0.3538', 'grad_norm': '39.04', 'learning_rate': '4.664e-05', 'epoch': '8.066'}
{'loss': '0.4423', 'grad_norm': '42.88', 'learning_rate': '4.618e-05', 'epoch': '8.393'}
{'loss': '0.3712', 'grad_norm': '9.54', 'learning_rate': '4.57e-05', 'epoch': '8.721'}
{'eval_loss': '0.1027', 'eval_accuracy': '0.9656', 'eval_f1': '0.9649', 'eval_balanced_accuracy': '0.9656', 'eval_macro_f1': '0.9649', 'eval_atc': '0.09062', 'eval_normalized_atc': '0.009062', 'eval_target_recall': '0.9375', 'eval_target_recall_macro': '0.9688', 'eval_target_fnr': '0', 'eval_selection_score': '0.009062', 'eval_selection_accuracy_value': '0.9656', 'eval_nll': '0.09299', 'eval_brier': '0.05268', 'eval_ece': '0.02269', 'eval_auroc': '0', 'eval_auprc': '0', 'eval_runtime': '4.05', 'eval_samples_per_second': '79.01', 'eval_steps_per_second': '4.938', 'epoch': '9'}
CustomImageProcessor configuration saved to checkpoints/pmi20_alpha_lambda_grid7_run_a0p5_l0p07_lr5e5_s42/checkpoint-279/preprocessor_config.json
{'loss': '0.1005', 'grad_norm': '7.093', 'learning_rate': '4.519e-05', 'epoch': '9.033'}
{'loss': '0.08536', 'grad_norm': '25.55', 'learning_rate': '4.466e-05', 'epoch': '9.361'}
{'loss': '0.1396', 'grad_norm': '28.25', 'learning_rate': '4.411e-05', 'epoch': '9.689'}
{'loss': '0.1114', 'grad_norm': '3.679', 'learning_rate': '4.353e-05', 'epoch': '10'}
{'eval_loss': '0.05564', 'eval_accuracy': '0.9812', 'eval_f1': '0.981', 'eval_balanced_accuracy': '0.9812', 'eval_macro_f1': '0.981', 'eval_atc': '0.04688', 'eval_normalized_atc': '0.004687', 'eval_target_recall': '0.9375', 'eval_target_recall_macro': '0.9844', 'eval_target_fnr': '0', 'eval_selection_score': '0.004687', 'eval_selection_accuracy_value': '0.9812', 'eval_nll': '0.05203', 'eval_brier': '0.02627', 'eval_ece': '0.01451', 'eval_auroc': '0', 'eval_auprc': '0', 'eval_runtime': '4.107', 'eval_samples_per_second': '77.92', 'eval_steps_per_second': '4.87', 'epoch': '10'}
CustomImageProcessor configuration saved to checkpoints/pmi20_alpha_lambda_grid7_run_a0p5_l0p07_lr5e5_s42/checkpoint-310/preprocessor_config.json
{'loss': '0.1112', 'grad_norm': '2.113', 'learning_rate': '4.292e-05', 'epoch': '10.33'}
{'loss': '0.1072', 'grad_norm': '0.9852', 'learning_rate': '4.23e-05', 'epoch': '10.66'}
{'loss': '0.1645', 'grad_norm': '40.89', 'learning_rate': '4.165e-05', 'epoch': '10.98'}
{'eval_loss': '0.05725', 'eval_accuracy': '0.9875', 'eval_f1': '0.9875', 'eval_balanced_accuracy': '0.9875', 'eval_macro_f1': '0.9875', 'eval_atc': '0.06875', 'eval_normalized_atc': '0.006875', 'eval_target_recall': '0.9375', 'eval_target_recall_macro': '0.9688', 'eval_target_fnr': '0', 'eval_selection_score': '0.006875', 'eval_selection_accuracy_value': '0.9875', 'eval_nll': '0.04403', 'eval_brier': '0.02262', 'eval_ece': '0.01284', 'eval_auroc': '0', 'eval_auprc': '0', 'eval_runtime': '3.59', 'eval_samples_per_second': '89.15', 'eval_steps_per_second': '5.572', 'epoch': '11'}
CustomImageProcessor configuration saved to checkpoints/pmi20_alpha_lambda_grid7_run_a0p5_l0p07_lr5e5_s42/checkpoint-341/preprocessor_config.json
{'loss': '0.07892', 'grad_norm': '5.827', 'learning_rate': '4.099e-05', 'epoch': '11.3'}
{'loss': '0.07662', 'grad_norm': '13.43', 'learning_rate': '4.03e-05', 'epoch': '11.62'}
{'loss': '0.02295', 'grad_norm': '1.813', 'learning_rate': '3.959e-05', 'epoch': '11.95'}
{'eval_loss': '0.05273', 'eval_accuracy': '0.9875', 'eval_f1': '0.9875', 'eval_balanced_accuracy': '0.9875', 'eval_macro_f1': '0.9875', 'eval_atc': '0.04063', 'eval_normalized_atc': '0.004063', 'eval_target_recall': '0.9375', 'eval_target_recall_macro': '0.9844', 'eval_target_fnr': '0', 'eval_selection_score': '0.004063', 'eval_selection_accuracy_value': '0.9875', 'eval_nll': '0.046', 'eval_brier': '0.02175', 'eval_ece': '0.00875', 'eval_auroc': '0', 'eval_auprc': '0', 'eval_runtime': '4.041', 'eval_samples_per_second': '79.19', 'eval_steps_per_second': '4.949', 'epoch': '12'}
CustomImageProcessor configuration saved to checkpoints/pmi20_alpha_lambda_grid7_run_a0p5_l0p07_lr5e5_s42/checkpoint-372/preprocessor_config.json
{'train_runtime': '320.5', 'train_samples_per_second': '193.7', 'train_steps_per_second': '3.095', 'train_loss': '2.046', 'epoch': '12'}
***** train metrics *****
  epoch                    =       12.0
  total_flos               =        0GF
  train_loss               =     2.0461
  train_runtime            = 0:05:20.49
  train_samples_per_second =    193.699
  train_steps_per_second   =      3.095
Using device: cuda

============================================================
PERFORMING COMPREHENSIVE EVALUATION
============================================================
Results will be saved to: results/pmi20_sota_convnext_base_test/pmi20_alpha_lambda_grid7_run_a0p5_l0p07_lr5e5_s42_05-06_07-53
Saving run configuration...
Run configuration saved to: results/pmi20_sota_convnext_base_test/pmi20_alpha_lambda_grid7_run_a0p5_l0p07_lr5e5_s42_05-06_07-53/run_configuration_20260506_075338.json
Running model evaluation...
Computing detailed metrics...
Saving metrics to files...
Metrics saved to: results/pmi20_sota_convnext_base_test/pmi20_alpha_lambda_grid7_run_a0p5_l0p07_lr5e5_s42_05-06_07-53/metrics_20260506_075351_nicme_hybrid.json and results/pmi20_sota_convnext_base_test/pmi20_alpha_lambda_grid7_run_a0p5_l0p07_lr5e5_s42_05-06_07-53/metrics_20260506_075351_nicme_hybrid.txt
Using provided class names: ['00378-0208', '00378-3855', '00591-0461', '16729-0020', '16729-0168', '50111-0434', '53489-0156', '53746-0544', '57664-0377', '62037-0831', '62037-0832', '64380-0803', '65162-0253', '67253-0901', '68382-0008', '68382-0227', '69097-0127', '69097-0128', '69315-0904', '69315-0905']
Skipping confusion matrix visualizations by configuration.

============================================================
TRAINING COMPLETED - RESULTS SUMMARY
============================================================
Output Directory: results/pmi20_sota_convnext_base_test/pmi20_alpha_lambda_grid7_run_a0p5_l0p07_lr5e5_s42_05-06_07-53
Overall Accuracy: 0.9734
Balanced Accuracy: 0.9734
Overall F1 Score: 0.9735
Kappa: 0.9720
AUC: 0.9998
Expected Cost: 0.0406
Loss Function Used: nicme_hybrid
Total Test Samples: 640
Classes: 00378-0208, 00378-3855, 00591-0461, 16729-0020, 16729-0168, 50111-0434, 53489-0156, 53746-0544, 57664-0377, 62037-0831, 62037-0832, 64380-0803, 65162-0253, 67253-0901, 68382-0008, 68382-0227, 69097-0127, 69097-0128, 69315-0904, 69315-0905

Detailed metrics saved to: results/pmi20_sota_convnext_base_test/pmi20_alpha_lambda_grid7_run_a0p5_l0p07_lr5e5_s42_05-06_07-53
============================================================
