Prepared manifest loaded — Train=1940, Val=320, Calibration=300, Test=640
cuda
Using model backend=timm type=pmi20_sota_convnext_base with 20 labels
Early stopping enabled with patience=5
Using device: cuda
{'loss': '12.83', 'grad_norm': '18.57', 'learning_rate': '4.5e-06', 'epoch': '0.3279'}
{'loss': '12.25', 'grad_norm': '18.67', 'learning_rate': '9.5e-06', 'epoch': '0.6557'}
{'loss': '11.1', 'grad_norm': '27.43', 'learning_rate': '1.45e-05', 'epoch': '0.9836'}
{'eval_loss': '2.525', 'eval_accuracy': '0.2656', 'eval_f1': '0.228', 'eval_balanced_accuracy': '0.2656', 'eval_macro_f1': '0.228', 'eval_atc': '0.7625', 'eval_normalized_atc': '0.07625', 'eval_target_recall': '0', 'eval_target_recall_macro': '0.25', 'eval_target_fnr': '0.8125', 'eval_selection_score': '3.602', 'eval_selection_accuracy_value': '0.2656', 'eval_nll': '2.487', 'eval_brier': '0.8818', 'eval_ece': '0.1446', 'eval_auroc': '0', 'eval_auprc': '0', 'eval_runtime': '4.152', 'eval_samples_per_second': '77.07', 'eval_steps_per_second': '4.817', 'epoch': '1'}
CustomImageProcessor configuration saved to checkpoints/pmi20_alpha_lambda_grid7_run_a0p7_l0p02_lr5e5_s42/checkpoint-31/preprocessor_config.json
{'loss': '8.96', 'grad_norm': '29.51', 'learning_rate': '1.95e-05', 'epoch': '1.295'}
{'loss': '7.134', 'grad_norm': '27.58', 'learning_rate': '2.45e-05', 'epoch': '1.623'}
{'loss': '5.108', 'grad_norm': '29.09', 'learning_rate': '2.95e-05', 'epoch': '1.951'}
{'eval_loss': '0.9049', 'eval_accuracy': '0.7906', 'eval_f1': '0.7694', 'eval_balanced_accuracy': '0.7906', 'eval_macro_f1': '0.7694', 'eval_atc': '0.2938', 'eval_normalized_atc': '0.02938', 'eval_target_recall': '0.0625', 'eval_target_recall_macro': '0.7344', 'eval_target_fnr': '0.0625', 'eval_selection_score': '2.835', 'eval_selection_accuracy_value': '0.7906', 'eval_nll': '0.8479', 'eval_brier': '0.3877', 'eval_ece': '0.2624', 'eval_auroc': '0', 'eval_auprc': '0', 'eval_runtime': '3.832', 'eval_samples_per_second': '83.51', 'eval_steps_per_second': '5.22', 'epoch': '2'}
CustomImageProcessor configuration saved to checkpoints/pmi20_alpha_lambda_grid7_run_a0p7_l0p02_lr5e5_s42/checkpoint-62/preprocessor_config.json
{'loss': '3.275', 'grad_norm': '29.76', 'learning_rate': '3.45e-05', 'epoch': '2.262'}
{'loss': '2.612', 'grad_norm': '25.98', 'learning_rate': '3.95e-05', 'epoch': '2.59'}
{'loss': '1.922', 'grad_norm': '38.75', 'learning_rate': '4.45e-05', 'epoch': '2.918'}
{'eval_loss': '0.4066', 'eval_accuracy': '0.875', 'eval_f1': '0.8732', 'eval_balanced_accuracy': '0.875', 'eval_macro_f1': '0.8732', 'eval_atc': '0.125', 'eval_normalized_atc': '0.0125', 'eval_target_recall': '0.6875', 'eval_target_recall_macro': '0.9062', 'eval_target_fnr': '0', 'eval_selection_score': '0.1931', 'eval_selection_accuracy_value': '0.875', 'eval_nll': '0.3691', 'eval_brier': '0.1832', 'eval_ece': '0.09772', 'eval_auroc': '0', 'eval_auprc': '0', 'eval_runtime': '3.917', 'eval_samples_per_second': '81.69', 'eval_steps_per_second': '5.106', 'epoch': '3'}
CustomImageProcessor configuration saved to checkpoints/pmi20_alpha_lambda_grid7_run_a0p7_l0p02_lr5e5_s42/checkpoint-93/preprocessor_config.json
{'loss': '1.463', 'grad_norm': '41.22', 'learning_rate': '4.95e-05', 'epoch': '3.23'}
{'loss': '1.037', 'grad_norm': '26.5', 'learning_rate': '4.999e-05', 'epoch': '3.557'}
{'loss': '0.9792', 'grad_norm': '17.38', 'learning_rate': '4.994e-05', 'epoch': '3.885'}
{'eval_loss': '0.2444', 'eval_accuracy': '0.9437', 'eval_f1': '0.9422', 'eval_balanced_accuracy': '0.9437', 'eval_macro_f1': '0.9422', 'eval_atc': '0.1688', 'eval_normalized_atc': '0.01688', 'eval_target_recall': '0.625', 'eval_target_recall_macro': '0.9062', 'eval_target_fnr': '0', 'eval_selection_score': '0.3194', 'eval_selection_accuracy_value': '0.9437', 'eval_nll': '0.214', 'eval_brier': '0.104', 'eval_ece': '0.06754', 'eval_auroc': '0', 'eval_auprc': '0', 'eval_runtime': '3.935', 'eval_samples_per_second': '81.32', 'eval_steps_per_second': '5.082', 'epoch': '4'}
CustomImageProcessor configuration saved to checkpoints/pmi20_alpha_lambda_grid7_run_a0p7_l0p02_lr5e5_s42/checkpoint-124/preprocessor_config.json
{'loss': '0.8119', 'grad_norm': '38.47', 'learning_rate': '4.987e-05', 'epoch': '4.197'}
{'loss': '0.9474', 'grad_norm': '44.02', 'learning_rate': '4.976e-05', 'epoch': '4.525'}
{'loss': '0.8431', 'grad_norm': '77.01', 'learning_rate': '4.963e-05', 'epoch': '4.852'}
{'eval_loss': '0.182', 'eval_accuracy': '0.9437', 'eval_f1': '0.9424', 'eval_balanced_accuracy': '0.9437', 'eval_macro_f1': '0.9424', 'eval_atc': '0.1125', 'eval_normalized_atc': '0.01125', 'eval_target_recall': '0.9375', 'eval_target_recall_macro': '0.9688', 'eval_target_fnr': '0.0625', 'eval_selection_score': '0.01125', 'eval_selection_accuracy_value': '0.9437', 'eval_nll': '0.1678', 'eval_brier': '0.0864', 'eval_ece': '0.04084', 'eval_auroc': '0', 'eval_auprc': '0', 'eval_runtime': '3.827', 'eval_samples_per_second': '83.61', 'eval_steps_per_second': '5.226', 'epoch': '5'}
CustomImageProcessor configuration saved to checkpoints/pmi20_alpha_lambda_grid7_run_a0p7_l0p02_lr5e5_s42/checkpoint-155/preprocessor_config.json
{'loss': '0.5367', 'grad_norm': '42.4', 'learning_rate': '4.946e-05', 'epoch': '5.164'}
{'loss': '0.7234', 'grad_norm': '12.49', 'learning_rate': '4.927e-05', 'epoch': '5.492'}
{'loss': '0.6836', 'grad_norm': '31.54', 'learning_rate': '4.904e-05', 'epoch': '5.82'}
{'eval_loss': '0.1702', 'eval_accuracy': '0.9313', 'eval_f1': '0.9246', 'eval_balanced_accuracy': '0.9313', 'eval_macro_f1': '0.9246', 'eval_atc': '0.09688', 'eval_normalized_atc': '0.009687', 'eval_target_recall': '0.3125', 'eval_target_recall_macro': '0.8281', 'eval_target_fnr': '0', 'eval_selection_score': '1.39', 'eval_selection_accuracy_value': '0.9313', 'eval_nll': '0.16', 'eval_brier': '0.08761', 'eval_ece': '0.02876', 'eval_auroc': '0', 'eval_auprc': '0', 'eval_runtime': '3.888', 'eval_samples_per_second': '82.3', 'eval_steps_per_second': '5.143', 'epoch': '6'}
CustomImageProcessor configuration saved to checkpoints/pmi20_alpha_lambda_grid7_run_a0p7_l0p02_lr5e5_s42/checkpoint-186/preprocessor_config.json
{'loss': '0.4652', 'grad_norm': '24.53', 'learning_rate': '4.878e-05', 'epoch': '6.131'}
{'loss': '0.3072', 'grad_norm': '23.01', 'learning_rate': '4.85e-05', 'epoch': '6.459'}
{'loss': '0.2923', 'grad_norm': '24.56', 'learning_rate': '4.818e-05', 'epoch': '6.787'}
{'eval_loss': '0.07435', 'eval_accuracy': '0.9875', 'eval_f1': '0.9874', 'eval_balanced_accuracy': '0.9875', 'eval_macro_f1': '0.9874', 'eval_atc': '0.04063', 'eval_normalized_atc': '0.004063', 'eval_target_recall': '0.9375', 'eval_target_recall_macro': '0.9844', 'eval_target_fnr': '0', 'eval_selection_score': '0.004063', 'eval_selection_accuracy_value': '0.9875', 'eval_nll': '0.06502', 'eval_brier': '0.02949', 'eval_ece': '0.02507', 'eval_auroc': '0', 'eval_auprc': '0', 'eval_runtime': '4.025', 'eval_samples_per_second': '79.51', 'eval_steps_per_second': '4.969', 'epoch': '7'}
CustomImageProcessor configuration saved to checkpoints/pmi20_alpha_lambda_grid7_run_a0p7_l0p02_lr5e5_s42/checkpoint-217/preprocessor_config.json
{'loss': '0.1868', 'grad_norm': '23.89', 'learning_rate': '4.784e-05', 'epoch': '7.098'}
{'loss': '0.2806', 'grad_norm': '29.73', 'learning_rate': '4.746e-05', 'epoch': '7.426'}
{'loss': '0.4956', 'grad_norm': '43.47', 'learning_rate': '4.706e-05', 'epoch': '7.754'}
{'eval_loss': '0.1723', 'eval_accuracy': '0.9531', 'eval_f1': '0.9513', 'eval_balanced_accuracy': '0.9531', 'eval_macro_f1': '0.9513', 'eval_atc': '0.04688', 'eval_normalized_atc': '0.004687', 'eval_target_recall': '0.9375', 'eval_target_recall_macro': '0.9844', 'eval_target_fnr': '0', 'eval_selection_score': '0.004687', 'eval_selection_accuracy_value': '0.9531', 'eval_nll': '0.1555', 'eval_brier': '0.08139', 'eval_ece': '0.01563', 'eval_auroc': '0', 'eval_auprc': '0', 'eval_runtime': '4.104', 'eval_samples_per_second': '77.97', 'eval_steps_per_second': '4.873', 'epoch': '8'}
CustomImageProcessor configuration saved to checkpoints/pmi20_alpha_lambda_grid7_run_a0p7_l0p02_lr5e5_s42/checkpoint-248/preprocessor_config.json
{'loss': '0.4239', 'grad_norm': '47.76', 'learning_rate': '4.664e-05', 'epoch': '8.066'}
{'loss': '0.349', 'grad_norm': '51.12', 'learning_rate': '4.618e-05', 'epoch': '8.393'}
{'loss': '0.3216', 'grad_norm': '24.72', 'learning_rate': '4.57e-05', 'epoch': '8.721'}
{'eval_loss': '0.05656', 'eval_accuracy': '0.9875', 'eval_f1': '0.9875', 'eval_balanced_accuracy': '0.9875', 'eval_macro_f1': '0.9875', 'eval_atc': '0.0125', 'eval_normalized_atc': '0.00125', 'eval_target_recall': '1', 'eval_target_recall_macro': '1', 'eval_target_fnr': '0', 'eval_selection_score': '0.00125', 'eval_selection_accuracy_value': '0.9875', 'eval_nll': '0.04871', 'eval_brier': '0.02139', 'eval_ece': '0.02274', 'eval_auroc': '0', 'eval_auprc': '0', 'eval_runtime': '4.001', 'eval_samples_per_second': '79.99', 'eval_steps_per_second': '4.999', 'epoch': '9'}
CustomImageProcessor configuration saved to checkpoints/pmi20_alpha_lambda_grid7_run_a0p7_l0p02_lr5e5_s42/checkpoint-279/preprocessor_config.json
{'loss': '0.1334', 'grad_norm': '23.5', 'learning_rate': '4.519e-05', 'epoch': '9.033'}
{'loss': '0.1147', 'grad_norm': '21.62', 'learning_rate': '4.466e-05', 'epoch': '9.361'}
{'loss': '0.08856', 'grad_norm': '33.48', 'learning_rate': '4.411e-05', 'epoch': '9.689'}
{'loss': '0.1133', 'grad_norm': '1.886', 'learning_rate': '4.353e-05', 'epoch': '10'}
{'eval_loss': '0.06895', 'eval_accuracy': '0.9781', 'eval_f1': '0.9781', 'eval_balanced_accuracy': '0.9781', 'eval_macro_f1': '0.9781', 'eval_atc': '0.1062', 'eval_normalized_atc': '0.01062', 'eval_target_recall': '0.875', 'eval_target_recall_macro': '0.9531', 'eval_target_fnr': '0', 'eval_selection_score': '0.01313', 'eval_selection_accuracy_value': '0.9781', 'eval_nll': '0.05468', 'eval_brier': '0.02812', 'eval_ece': '0.01814', 'eval_auroc': '0', 'eval_auprc': '0', 'eval_runtime': '3.975', 'eval_samples_per_second': '80.5', 'eval_steps_per_second': '5.031', 'epoch': '10'}
CustomImageProcessor configuration saved to checkpoints/pmi20_alpha_lambda_grid7_run_a0p7_l0p02_lr5e5_s42/checkpoint-310/preprocessor_config.json
{'loss': '0.05827', 'grad_norm': '2.667', 'learning_rate': '4.292e-05', 'epoch': '10.33'}
{'loss': '0.08575', 'grad_norm': '4.421', 'learning_rate': '4.23e-05', 'epoch': '10.66'}
{'loss': '0.1218', 'grad_norm': '24.38', 'learning_rate': '4.165e-05', 'epoch': '10.98'}
{'eval_loss': '0.0965', 'eval_accuracy': '0.9719', 'eval_f1': '0.9722', 'eval_balanced_accuracy': '0.9719', 'eval_macro_f1': '0.9722', 'eval_atc': '0.1125', 'eval_normalized_atc': '0.01125', 'eval_target_recall': '0.8125', 'eval_target_recall_macro': '0.9062', 'eval_target_fnr': '0.125', 'eval_selection_score': '0.04188', 'eval_selection_accuracy_value': '0.9719', 'eval_nll': '0.07512', 'eval_brier': '0.04106', 'eval_ece': '0.01797', 'eval_auroc': '0', 'eval_auprc': '0', 'eval_runtime': '3.8', 'eval_samples_per_second': '84.21', 'eval_steps_per_second': '5.263', 'epoch': '11'}
CustomImageProcessor configuration saved to checkpoints/pmi20_alpha_lambda_grid7_run_a0p7_l0p02_lr5e5_s42/checkpoint-341/preprocessor_config.json
{'loss': '0.1214', 'grad_norm': '34.35', 'learning_rate': '4.099e-05', 'epoch': '11.3'}
{'loss': '0.0897', 'grad_norm': '2.393', 'learning_rate': '4.03e-05', 'epoch': '11.62'}
{'loss': '0.03303', 'grad_norm': '3.672', 'learning_rate': '3.959e-05', 'epoch': '11.95'}
{'eval_loss': '0.02183', 'eval_accuracy': '0.9969', 'eval_f1': '0.9969', 'eval_balanced_accuracy': '0.9969', 'eval_macro_f1': '0.9969', 'eval_atc': '0.003125', 'eval_normalized_atc': '0.0003125', 'eval_target_recall': '1', 'eval_target_recall_macro': '1', 'eval_target_fnr': '0', 'eval_selection_score': '0.0003125', 'eval_selection_accuracy_value': '0.9969', 'eval_nll': '0.01939', 'eval_brier': '0.008843', 'eval_ece': '0.005779', 'eval_auroc': '0', 'eval_auprc': '0', 'eval_runtime': '3.852', 'eval_samples_per_second': '83.07', 'eval_steps_per_second': '5.192', 'epoch': '12'}
CustomImageProcessor configuration saved to checkpoints/pmi20_alpha_lambda_grid7_run_a0p7_l0p02_lr5e5_s42/checkpoint-372/preprocessor_config.json
{'loss': '0.05673', 'grad_norm': '14.29', 'learning_rate': '3.887e-05', 'epoch': '12.26'}
{'loss': '0.01044', 'grad_norm': '1.213', 'learning_rate': '3.813e-05', 'epoch': '12.59'}
{'loss': '0.03265', 'grad_norm': '47.14', 'learning_rate': '3.737e-05', 'epoch': '12.92'}
{'eval_loss': '0.05205', 'eval_accuracy': '0.9875', 'eval_f1': '0.9874', 'eval_balanced_accuracy': '0.9875', 'eval_macro_f1': '0.9874', 'eval_atc': '0.0125', 'eval_normalized_atc': '0.00125', 'eval_target_recall': '1', 'eval_target_recall_macro': '1', 'eval_target_fnr': '0', 'eval_selection_score': '0.00125', 'eval_selection_accuracy_value': '0.9875', 'eval_nll': '0.05077', 'eval_brier': '0.02156', 'eval_ece': '0.008746', 'eval_auroc': '0', 'eval_auprc': '0', 'eval_runtime': '3.755', 'eval_samples_per_second': '85.21', 'eval_steps_per_second': '5.326', 'epoch': '13'}
CustomImageProcessor configuration saved to checkpoints/pmi20_alpha_lambda_grid7_run_a0p7_l0p02_lr5e5_s42/checkpoint-403/preprocessor_config.json
{'loss': '0.02044', 'grad_norm': '9.517', 'learning_rate': '3.66e-05', 'epoch': '13.23'}
{'loss': '0.0365', 'grad_norm': '1.881', 'learning_rate': '3.581e-05', 'epoch': '13.56'}
{'loss': '0.07223', 'grad_norm': '0.2348', 'learning_rate': '3.501e-05', 'epoch': '13.89'}
{'eval_loss': '0.09292', 'eval_accuracy': '0.975', 'eval_f1': '0.975', 'eval_balanced_accuracy': '0.975', 'eval_macro_f1': '0.975', 'eval_atc': '0.05312', 'eval_normalized_atc': '0.005312', 'eval_target_recall': '0.9375', 'eval_target_recall_macro': '0.9688', 'eval_target_fnr': '0', 'eval_selection_score': '0.005312', 'eval_selection_accuracy_value': '0.975', 'eval_nll': '0.08512', 'eval_brier': '0.04302', 'eval_ece': '0.01401', 'eval_auroc': '0', 'eval_auprc': '0', 'eval_runtime': '4.079', 'eval_samples_per_second': '78.44', 'eval_steps_per_second': '4.903', 'epoch': '14'}
CustomImageProcessor configuration saved to checkpoints/pmi20_alpha_lambda_grid7_run_a0p7_l0p02_lr5e5_s42/checkpoint-434/preprocessor_config.json
{'train_runtime': '373.8', 'train_samples_per_second': '166.1', 'train_steps_per_second': '2.654', 'train_loss': '1.787', 'epoch': '14'}
***** train metrics *****
  epoch                    =       14.0
  total_flos               =        0GF
  train_loss               =     1.7872
  train_runtime            = 0:06:13.81
  train_samples_per_second =    166.073
  train_steps_per_second   =      2.654
Using device: cuda

============================================================
PERFORMING COMPREHENSIVE EVALUATION
============================================================
Results will be saved to: results/pmi20_sota_convnext_base_test/pmi20_alpha_lambda_grid7_run_a0p7_l0p02_lr5e5_s42_05-06_08-23
Saving run configuration...
Run configuration saved to: results/pmi20_sota_convnext_base_test/pmi20_alpha_lambda_grid7_run_a0p7_l0p02_lr5e5_s42_05-06_08-23/run_configuration_20260506_082330.json
Running model evaluation...
Computing detailed metrics...
Saving metrics to files...
Metrics saved to: results/pmi20_sota_convnext_base_test/pmi20_alpha_lambda_grid7_run_a0p7_l0p02_lr5e5_s42_05-06_08-23/metrics_20260506_082343_nicme_hybrid.json and results/pmi20_sota_convnext_base_test/pmi20_alpha_lambda_grid7_run_a0p7_l0p02_lr5e5_s42_05-06_08-23/metrics_20260506_082343_nicme_hybrid.txt
Using provided class names: ['00378-0208', '00378-3855', '00591-0461', '16729-0020', '16729-0168', '50111-0434', '53489-0156', '53746-0544', '57664-0377', '62037-0831', '62037-0832', '64380-0803', '65162-0253', '67253-0901', '68382-0008', '68382-0227', '69097-0127', '69097-0128', '69315-0904', '69315-0905']
Skipping confusion matrix visualizations by configuration.

============================================================
TRAINING COMPLETED - RESULTS SUMMARY
============================================================
Output Directory: results/pmi20_sota_convnext_base_test/pmi20_alpha_lambda_grid7_run_a0p7_l0p02_lr5e5_s42_05-06_08-23
Overall Accuracy: 0.9844
Balanced Accuracy: 0.9844
Overall F1 Score: 0.9843
Kappa: 0.9836
AUC: 0.9999
Expected Cost: 0.0297
Loss Function Used: nicme_hybrid
Total Test Samples: 640
Classes: 00378-0208, 00378-3855, 00591-0461, 16729-0020, 16729-0168, 50111-0434, 53489-0156, 53746-0544, 57664-0377, 62037-0831, 62037-0832, 64380-0803, 65162-0253, 67253-0901, 68382-0008, 68382-0227, 69097-0127, 69097-0128, 69315-0904, 69315-0905

Detailed metrics saved to: results/pmi20_sota_convnext_base_test/pmi20_alpha_lambda_grid7_run_a0p7_l0p02_lr5e5_s42_05-06_08-23
============================================================
