Prepared manifest loaded — Train=1940, Val=320, Calibration=300, Test=640
cuda
Using model backend=timm type=pmi20_sota_convnext_base with 20 labels
Early stopping enabled with patience=5
Using device: cuda
{'loss': '12.84', 'grad_norm': '18.58', 'learning_rate': '4.5e-06', 'epoch': '0.3279'}
{'loss': '12.28', 'grad_norm': '18.68', 'learning_rate': '9.5e-06', 'epoch': '0.6557'}
{'loss': '11.14', 'grad_norm': '27.46', 'learning_rate': '1.45e-05', 'epoch': '0.9836'}
{'eval_loss': '2.539', 'eval_accuracy': '0.2625', 'eval_f1': '0.2229', 'eval_balanced_accuracy': '0.2625', 'eval_macro_f1': '0.2229', 'eval_atc': '0.7656', 'eval_normalized_atc': '0.07656', 'eval_target_recall': '0', 'eval_target_recall_macro': '0.2344', 'eval_target_fnr': '0.8125', 'eval_selection_score': '3.605', 'eval_selection_accuracy_value': '0.2625', 'eval_nll': '2.487', 'eval_brier': '0.8819', 'eval_ece': '0.1414', 'eval_auroc': '0', 'eval_auprc': '0', 'eval_runtime': '3.889', 'eval_samples_per_second': '82.29', 'eval_steps_per_second': '5.143', 'epoch': '1'}
CustomImageProcessor configuration saved to checkpoints/pmi20_alpha_lambda_grid7_run_a0p7_l0p3_lr5e5_s42/checkpoint-31/preprocessor_config.json
{'loss': '9.021', 'grad_norm': '29.57', 'learning_rate': '1.95e-05', 'epoch': '1.295'}
{'loss': '7.211', 'grad_norm': '27.74', 'learning_rate': '2.45e-05', 'epoch': '1.623'}
{'loss': '5.192', 'grad_norm': '29.29', 'learning_rate': '2.95e-05', 'epoch': '1.951'}
{'eval_loss': '0.9254', 'eval_accuracy': '0.7844', 'eval_f1': '0.7633', 'eval_balanced_accuracy': '0.7844', 'eval_macro_f1': '0.7633', 'eval_atc': '0.3', 'eval_normalized_atc': '0.03', 'eval_target_recall': '0.0625', 'eval_target_recall_macro': '0.7344', 'eval_target_fnr': '0.0625', 'eval_selection_score': '2.836', 'eval_selection_accuracy_value': '0.7844', 'eval_nll': '0.8515', 'eval_brier': '0.3893', 'eval_ece': '0.2562', 'eval_auroc': '0', 'eval_auprc': '0', 'eval_runtime': '3.952', 'eval_samples_per_second': '80.96', 'eval_steps_per_second': '5.06', 'epoch': '2'}
CustomImageProcessor configuration saved to checkpoints/pmi20_alpha_lambda_grid7_run_a0p7_l0p3_lr5e5_s42/checkpoint-62/preprocessor_config.json
{'loss': '3.351', 'grad_norm': '30.51', 'learning_rate': '3.45e-05', 'epoch': '2.262'}
{'loss': '2.689', 'grad_norm': '26.26', 'learning_rate': '3.95e-05', 'epoch': '2.59'}
{'loss': '1.972', 'grad_norm': '41.49', 'learning_rate': '4.45e-05', 'epoch': '2.918'}
{'eval_loss': '0.4193', 'eval_accuracy': '0.875', 'eval_f1': '0.8741', 'eval_balanced_accuracy': '0.875', 'eval_macro_f1': '0.8741', 'eval_atc': '0.1469', 'eval_normalized_atc': '0.01469', 'eval_target_recall': '0.6875', 'eval_target_recall_macro': '0.8906', 'eval_target_fnr': '0', 'eval_selection_score': '0.1953', 'eval_selection_accuracy_value': '0.875', 'eval_nll': '0.3723', 'eval_brier': '0.1842', 'eval_ece': '0.09801', 'eval_auroc': '0', 'eval_auprc': '0', 'eval_runtime': '4.068', 'eval_samples_per_second': '78.67', 'eval_steps_per_second': '4.917', 'epoch': '3'}
CustomImageProcessor configuration saved to checkpoints/pmi20_alpha_lambda_grid7_run_a0p7_l0p3_lr5e5_s42/checkpoint-93/preprocessor_config.json
{'loss': '1.509', 'grad_norm': '43.26', 'learning_rate': '4.95e-05', 'epoch': '3.23'}
{'loss': '1.07', 'grad_norm': '26.89', 'learning_rate': '4.999e-05', 'epoch': '3.557'}
{'loss': '1.011', 'grad_norm': '18.49', 'learning_rate': '4.994e-05', 'epoch': '3.885'}
{'eval_loss': '0.2514', 'eval_accuracy': '0.9406', 'eval_f1': '0.9384', 'eval_balanced_accuracy': '0.9406', 'eval_macro_f1': '0.9384', 'eval_atc': '0.1719', 'eval_normalized_atc': '0.01719', 'eval_target_recall': '0.5625', 'eval_target_recall_macro': '0.8906', 'eval_target_fnr': '0', 'eval_selection_score': '0.4728', 'eval_selection_accuracy_value': '0.9406', 'eval_nll': '0.2145', 'eval_brier': '0.1042', 'eval_ece': '0.06572', 'eval_auroc': '0', 'eval_auprc': '0', 'eval_runtime': '3.786', 'eval_samples_per_second': '84.51', 'eval_steps_per_second': '5.282', 'epoch': '4'}
CustomImageProcessor configuration saved to checkpoints/pmi20_alpha_lambda_grid7_run_a0p7_l0p3_lr5e5_s42/checkpoint-124/preprocessor_config.json
{'loss': '0.8267', 'grad_norm': '39.82', 'learning_rate': '4.987e-05', 'epoch': '4.197'}
{'loss': '0.9797', 'grad_norm': '40.78', 'learning_rate': '4.976e-05', 'epoch': '4.525'}
{'loss': '0.8624', 'grad_norm': '72.92', 'learning_rate': '4.963e-05', 'epoch': '4.852'}
{'eval_loss': '0.1892', 'eval_accuracy': '0.9437', 'eval_f1': '0.9424', 'eval_balanced_accuracy': '0.9437', 'eval_macro_f1': '0.9424', 'eval_atc': '0.08438', 'eval_normalized_atc': '0.008438', 'eval_target_recall': '0.9375', 'eval_target_recall_macro': '0.9844', 'eval_target_fnr': '0', 'eval_selection_score': '0.008438', 'eval_selection_accuracy_value': '0.9437', 'eval_nll': '0.1716', 'eval_brier': '0.08905', 'eval_ece': '0.03987', 'eval_auroc': '0', 'eval_auprc': '0', 'eval_runtime': '4.091', 'eval_samples_per_second': '78.23', 'eval_steps_per_second': '4.889', 'epoch': '5'}
CustomImageProcessor configuration saved to checkpoints/pmi20_alpha_lambda_grid7_run_a0p7_l0p3_lr5e5_s42/checkpoint-155/preprocessor_config.json
{'loss': '0.5462', 'grad_norm': '44.3', 'learning_rate': '4.946e-05', 'epoch': '5.164'}
{'loss': '0.7091', 'grad_norm': '11.82', 'learning_rate': '4.927e-05', 'epoch': '5.492'}
{'loss': '0.6913', 'grad_norm': '28.89', 'learning_rate': '4.904e-05', 'epoch': '5.82'}
{'eval_loss': '0.1803', 'eval_accuracy': '0.9281', 'eval_f1': '0.9216', 'eval_balanced_accuracy': '0.9281', 'eval_macro_f1': '0.9216', 'eval_atc': '0.1', 'eval_normalized_atc': '0.01', 'eval_target_recall': '0.3125', 'eval_target_recall_macro': '0.8281', 'eval_target_fnr': '0', 'eval_selection_score': '1.391', 'eval_selection_accuracy_value': '0.9281', 'eval_nll': '0.1666', 'eval_brier': '0.09064', 'eval_ece': '0.02967', 'eval_auroc': '0', 'eval_auprc': '0', 'eval_runtime': '3.582', 'eval_samples_per_second': '89.33', 'eval_steps_per_second': '5.583', 'epoch': '6'}
CustomImageProcessor configuration saved to checkpoints/pmi20_alpha_lambda_grid7_run_a0p7_l0p3_lr5e5_s42/checkpoint-186/preprocessor_config.json
{'loss': '0.4814', 'grad_norm': '27.1', 'learning_rate': '4.878e-05', 'epoch': '6.131'}
{'loss': '0.3166', 'grad_norm': '24.3', 'learning_rate': '4.85e-05', 'epoch': '6.459'}
{'loss': '0.2738', 'grad_norm': '24.96', 'learning_rate': '4.818e-05', 'epoch': '6.787'}
{'eval_loss': '0.0817', 'eval_accuracy': '0.9844', 'eval_f1': '0.9843', 'eval_balanced_accuracy': '0.9844', 'eval_macro_f1': '0.9843', 'eval_atc': '0.07187', 'eval_normalized_atc': '0.007187', 'eval_target_recall': '0.875', 'eval_target_recall_macro': '0.9688', 'eval_target_fnr': '0', 'eval_selection_score': '0.009688', 'eval_selection_accuracy_value': '0.9844', 'eval_nll': '0.06835', 'eval_brier': '0.03088', 'eval_ece': '0.02451', 'eval_auroc': '0', 'eval_auprc': '0', 'eval_runtime': '3.786', 'eval_samples_per_second': '84.53', 'eval_steps_per_second': '5.283', 'epoch': '7'}
CustomImageProcessor configuration saved to checkpoints/pmi20_alpha_lambda_grid7_run_a0p7_l0p3_lr5e5_s42/checkpoint-217/preprocessor_config.json
{'loss': '0.1956', 'grad_norm': '26.95', 'learning_rate': '4.784e-05', 'epoch': '7.098'}
{'loss': '0.4075', 'grad_norm': '62.44', 'learning_rate': '4.746e-05', 'epoch': '7.426'}
{'loss': '0.4175', 'grad_norm': '8.605', 'learning_rate': '4.706e-05', 'epoch': '7.754'}
{'eval_loss': '0.1143', 'eval_accuracy': '0.9594', 'eval_f1': '0.9584', 'eval_balanced_accuracy': '0.9594', 'eval_macro_f1': '0.9584', 'eval_atc': '0.0625', 'eval_normalized_atc': '0.00625', 'eval_target_recall': '0.9375', 'eval_target_recall_macro': '0.9844', 'eval_target_fnr': '0', 'eval_selection_score': '0.00625', 'eval_selection_accuracy_value': '0.9594', 'eval_nll': '0.09902', 'eval_brier': '0.05369', 'eval_ece': '0.01613', 'eval_auroc': '0', 'eval_auprc': '0', 'eval_runtime': '4.051', 'eval_samples_per_second': '78.99', 'eval_steps_per_second': '4.937', 'epoch': '8'}
CustomImageProcessor configuration saved to checkpoints/pmi20_alpha_lambda_grid7_run_a0p7_l0p3_lr5e5_s42/checkpoint-248/preprocessor_config.json
{'loss': '0.2224', 'grad_norm': '32.29', 'learning_rate': '4.664e-05', 'epoch': '8.066'}
{'loss': '0.1089', 'grad_norm': '20.36', 'learning_rate': '4.618e-05', 'epoch': '8.393'}
{'loss': '0.09919', 'grad_norm': '13.05', 'learning_rate': '4.57e-05', 'epoch': '8.721'}
{'eval_loss': '0.06481', 'eval_accuracy': '0.9875', 'eval_f1': '0.9875', 'eval_balanced_accuracy': '0.9875', 'eval_macro_f1': '0.9875', 'eval_atc': '0.06875', 'eval_normalized_atc': '0.006875', 'eval_target_recall': '0.9375', 'eval_target_recall_macro': '0.9688', 'eval_target_fnr': '0', 'eval_selection_score': '0.006875', 'eval_selection_accuracy_value': '0.9875', 'eval_nll': '0.05058', 'eval_brier': '0.02468', 'eval_ece': '0.01775', 'eval_auroc': '0', 'eval_auprc': '0', 'eval_runtime': '3.818', 'eval_samples_per_second': '83.82', 'eval_steps_per_second': '5.239', 'epoch': '9'}
CustomImageProcessor configuration saved to checkpoints/pmi20_alpha_lambda_grid7_run_a0p7_l0p3_lr5e5_s42/checkpoint-279/preprocessor_config.json
{'loss': '0.1472', 'grad_norm': '3.209', 'learning_rate': '4.519e-05', 'epoch': '9.033'}
{'loss': '0.1767', 'grad_norm': '49.18', 'learning_rate': '4.466e-05', 'epoch': '9.361'}
{'loss': '0.2048', 'grad_norm': '89.55', 'learning_rate': '4.411e-05', 'epoch': '9.689'}
{'loss': '0.2597', 'grad_norm': '8.761', 'learning_rate': '4.353e-05', 'epoch': '10'}
{'eval_loss': '0.1115', 'eval_accuracy': '0.975', 'eval_f1': '0.9747', 'eval_balanced_accuracy': '0.975', 'eval_macro_f1': '0.9747', 'eval_atc': '0.1094', 'eval_normalized_atc': '0.01094', 'eval_target_recall': '0.8125', 'eval_target_recall_macro': '0.9375', 'eval_target_fnr': '0', 'eval_selection_score': '0.04156', 'eval_selection_accuracy_value': '0.975', 'eval_nll': '0.09093', 'eval_brier': '0.04059', 'eval_ece': '0.02079', 'eval_auroc': '0', 'eval_auprc': '0', 'eval_runtime': '4.087', 'eval_samples_per_second': '78.3', 'eval_steps_per_second': '4.894', 'epoch': '10'}
CustomImageProcessor configuration saved to checkpoints/pmi20_alpha_lambda_grid7_run_a0p7_l0p3_lr5e5_s42/checkpoint-310/preprocessor_config.json
{'train_runtime': '268.2', 'train_samples_per_second': '231.5', 'train_steps_per_second': '3.698', 'train_loss': '2.491', 'epoch': '10'}
***** train metrics *****
  epoch                    =       10.0
  total_flos               =        0GF
  train_loss               =      2.491
  train_runtime            = 0:04:28.22
  train_samples_per_second =    231.451
  train_steps_per_second   =      3.698
Using device: cuda

============================================================
PERFORMING COMPREHENSIVE EVALUATION
============================================================
Results will be saved to: results/pmi20_sota_convnext_base_test/pmi20_alpha_lambda_grid7_run_a0p7_l0p3_lr5e5_s42_05-06_08-52
Saving run configuration...
Run configuration saved to: results/pmi20_sota_convnext_base_test/pmi20_alpha_lambda_grid7_run_a0p7_l0p3_lr5e5_s42_05-06_08-52/run_configuration_20260506_085228.json
Running model evaluation...
Computing detailed metrics...
Saving metrics to files...
Metrics saved to: results/pmi20_sota_convnext_base_test/pmi20_alpha_lambda_grid7_run_a0p7_l0p3_lr5e5_s42_05-06_08-52/metrics_20260506_085242_nicme_hybrid.json and results/pmi20_sota_convnext_base_test/pmi20_alpha_lambda_grid7_run_a0p7_l0p3_lr5e5_s42_05-06_08-52/metrics_20260506_085242_nicme_hybrid.txt
Using provided class names: ['00378-0208', '00378-3855', '00591-0461', '16729-0020', '16729-0168', '50111-0434', '53489-0156', '53746-0544', '57664-0377', '62037-0831', '62037-0832', '64380-0803', '65162-0253', '67253-0901', '68382-0008', '68382-0227', '69097-0127', '69097-0128', '69315-0904', '69315-0905']
Skipping confusion matrix visualizations by configuration.

============================================================
TRAINING COMPLETED - RESULTS SUMMARY
============================================================
Output Directory: results/pmi20_sota_convnext_base_test/pmi20_alpha_lambda_grid7_run_a0p7_l0p3_lr5e5_s42_05-06_08-52
Overall Accuracy: 0.9359
Balanced Accuracy: 0.9359
Overall F1 Score: 0.9344
Kappa: 0.9326
AUC: 0.9993
Expected Cost: 0.0922
Loss Function Used: nicme_hybrid
Total Test Samples: 640
Classes: 00378-0208, 00378-3855, 00591-0461, 16729-0020, 16729-0168, 50111-0434, 53489-0156, 53746-0544, 57664-0377, 62037-0831, 62037-0832, 64380-0803, 65162-0253, 67253-0901, 68382-0008, 68382-0227, 69097-0127, 69097-0128, 69315-0904, 69315-0905

Detailed metrics saved to: results/pmi20_sota_convnext_base_test/pmi20_alpha_lambda_grid7_run_a0p7_l0p3_lr5e5_s42_05-06_08-52
============================================================
