Prepared manifest loaded — Train=2098, Val=300, Calibration=300, Test=300
cuda
Using model backend=hf_auto type=convnext with 2 labels
Early stopping enabled with patience=3
Using device: cuda
{'loss': '0.689', 'grad_norm': '1.021', 'learning_rate': '2.727e-05', 'epoch': '0.303'}
{'loss': '0.6567', 'grad_norm': '1.113', 'learning_rate': '5.758e-05', 'epoch': '0.6061'}
{'loss': '0.6182', 'grad_norm': '1.217', 'learning_rate': '8.788e-05', 'epoch': '0.9091'}
{'eval_loss': '0.5551', 'eval_accuracy': '0.7733', 'eval_f1': '0.7733', 'eval_balanced_accuracy': '0.7733', 'eval_macro_f1': '0.7733', 'eval_atc': '1.217', 'eval_normalized_atc': '0.1217', 'eval_target_recall': '0.78', 'eval_target_fnr': '0.22', 'eval_selection_score': '0.238', 'eval_selection_accuracy_value': '0.7733', 'eval_nll': '0.5551', 'eval_brier': '0.3685', 'eval_ece': '0.1451', 'eval_auroc': '0.8422', 'eval_auprc': '0.8427', 'eval_runtime': '2.825', 'eval_samples_per_second': '106.2', 'eval_steps_per_second': '6.727', 'epoch': '1'}
CustomImageProcessor configuration saved to checkpoints/stop4a_backbone_ablation_spider_balanced_convnext_ce_calibrated_cost_min_seed44/checkpoint-33/preprocessor_config.json
{'loss': '0.5234', 'grad_norm': '1.505', 'learning_rate': '9.998e-05', 'epoch': '1.212'}
{'loss': '0.3988', 'grad_norm': '2.237', 'learning_rate': '9.984e-05', 'epoch': '1.515'}
{'loss': '0.3502', 'grad_norm': '1.952', 'learning_rate': '9.958e-05', 'epoch': '1.818'}
{'eval_loss': '0.3014', 'eval_accuracy': '0.88', 'eval_f1': '0.88', 'eval_balanced_accuracy': '0.88', 'eval_macro_f1': '0.88', 'eval_atc': '0.6', 'eval_normalized_atc': '0.06', 'eval_target_recall': '0.8933', 'eval_target_fnr': '0.1067', 'eval_selection_score': '0.07284', 'eval_selection_accuracy_value': '0.88', 'eval_nll': '0.3014', 'eval_brier': '0.1841', 'eval_ece': '0.03549', 'eval_auroc': '0.948', 'eval_auprc': '0.952', 'eval_runtime': '2.236', 'eval_samples_per_second': '134.2', 'eval_steps_per_second': '8.497', 'epoch': '2'}
CustomImageProcessor configuration saved to checkpoints/stop4a_backbone_ablation_spider_balanced_convnext_ce_calibrated_cost_min_seed44/checkpoint-66/preprocessor_config.json
{'loss': '0.2739', 'grad_norm': '1.708', 'learning_rate': '9.919e-05', 'epoch': '2.121'}
{'loss': '0.271', 'grad_norm': '2.817', 'learning_rate': '9.868e-05', 'epoch': '2.424'}
{'loss': '0.244', 'grad_norm': '3.787', 'learning_rate': '9.804e-05', 'epoch': '2.727'}
{'eval_loss': '0.2406', 'eval_accuracy': '0.9', 'eval_f1': '0.8999', 'eval_balanced_accuracy': '0.9', 'eval_macro_f1': '0.8999', 'eval_atc': '0.4', 'eval_normalized_atc': '0.04', 'eval_target_recall': '0.9333', 'eval_target_fnr': '0.06667', 'eval_selection_score': '0.04111', 'eval_selection_accuracy_value': '0.9', 'eval_nll': '0.2406', 'eval_brier': '0.1483', 'eval_ece': '0.02882', 'eval_auroc': '0.9682', 'eval_auprc': '0.9686', 'eval_runtime': '2.406', 'eval_samples_per_second': '124.7', 'eval_steps_per_second': '7.898', 'epoch': '3'}
CustomImageProcessor configuration saved to checkpoints/stop4a_backbone_ablation_spider_balanced_convnext_ce_calibrated_cost_min_seed44/checkpoint-99/preprocessor_config.json
{'loss': '0.2212', 'grad_norm': '1.756', 'learning_rate': '9.729e-05', 'epoch': '3.03'}
{'loss': '0.1744', 'grad_norm': '1.99', 'learning_rate': '9.642e-05', 'epoch': '3.333'}
{'loss': '0.2185', 'grad_norm': '6.411', 'learning_rate': '9.543e-05', 'epoch': '3.636'}
{'loss': '0.1827', 'grad_norm': '4.257', 'learning_rate': '9.433e-05', 'epoch': '3.939'}
{'eval_loss': '0.2181', 'eval_accuracy': '0.9067', 'eval_f1': '0.9066', 'eval_balanced_accuracy': '0.9067', 'eval_macro_f1': '0.9066', 'eval_atc': '0.6633', 'eval_normalized_atc': '0.06633', 'eval_target_recall': '0.8733', 'eval_target_fnr': '0.1267', 'eval_selection_score': '0.08984', 'eval_selection_accuracy_value': '0.9067', 'eval_nll': '0.2181', 'eval_brier': '0.1321', 'eval_ece': '0.03304', 'eval_auroc': '0.9758', 'eval_auprc': '0.9766', 'eval_runtime': '7.497', 'eval_samples_per_second': '40.02', 'eval_steps_per_second': '2.534', 'epoch': '4'}
CustomImageProcessor configuration saved to checkpoints/stop4a_backbone_ablation_spider_balanced_convnext_ce_calibrated_cost_min_seed44/checkpoint-132/preprocessor_config.json
{'loss': '0.1325', 'grad_norm': '4.126', 'learning_rate': '9.311e-05', 'epoch': '4.242'}
{'loss': '0.166', 'grad_norm': '2.622', 'learning_rate': '9.179e-05', 'epoch': '4.545'}
{'loss': '0.1441', 'grad_norm': '2.288', 'learning_rate': '9.036e-05', 'epoch': '4.848'}
{'eval_loss': '0.223', 'eval_accuracy': '0.91', 'eval_f1': '0.9098', 'eval_balanced_accuracy': '0.91', 'eval_macro_f1': '0.9098', 'eval_atc': '0.27', 'eval_normalized_atc': '0.027', 'eval_target_recall': '0.96', 'eval_target_fnr': '0.04', 'eval_selection_score': '0.027', 'eval_selection_accuracy_value': '0.91', 'eval_nll': '0.223', 'eval_brier': '0.136', 'eval_ece': '0.04319', 'eval_auroc': '0.9779', 'eval_auprc': '0.9798', 'eval_runtime': '2.253', 'eval_samples_per_second': '133.2', 'eval_steps_per_second': '8.434', 'epoch': '5'}
CustomImageProcessor configuration saved to checkpoints/stop4a_backbone_ablation_spider_balanced_convnext_ce_calibrated_cost_min_seed44/checkpoint-165/preprocessor_config.json
{'loss': '0.1592', 'grad_norm': '3.04', 'learning_rate': '8.883e-05', 'epoch': '5.152'}
{'loss': '0.1195', 'grad_norm': '3.25', 'learning_rate': '8.721e-05', 'epoch': '5.455'}
{'loss': '0.1275', 'grad_norm': '6.981', 'learning_rate': '8.549e-05', 'epoch': '5.758'}
{'eval_loss': '0.2311', 'eval_accuracy': '0.9133', 'eval_f1': '0.9133', 'eval_balanced_accuracy': '0.9133', 'eval_macro_f1': '0.9133', 'eval_atc': '0.4167', 'eval_normalized_atc': '0.04167', 'eval_target_recall': '0.9267', 'eval_target_fnr': '0.07333', 'eval_selection_score': '0.04384', 'eval_selection_accuracy_value': '0.9133', 'eval_nll': '0.2311', 'eval_brier': '0.1334', 'eval_ece': '0.04187', 'eval_auroc': '0.9755', 'eval_auprc': '0.9759', 'eval_runtime': '2.294', 'eval_samples_per_second': '130.8', 'eval_steps_per_second': '8.281', 'epoch': '6'}
CustomImageProcessor configuration saved to checkpoints/stop4a_backbone_ablation_spider_balanced_convnext_ce_calibrated_cost_min_seed44/checkpoint-198/preprocessor_config.json
{'loss': '0.1546', 'grad_norm': '2.057', 'learning_rate': '8.368e-05', 'epoch': '6.061'}
{'loss': '0.09228', 'grad_norm': '1.654', 'learning_rate': '8.179e-05', 'epoch': '6.364'}
{'loss': '0.1099', 'grad_norm': '4.446', 'learning_rate': '7.981e-05', 'epoch': '6.667'}
{'loss': '0.115', 'grad_norm': '1.988', 'learning_rate': '7.777e-05', 'epoch': '6.97'}
{'eval_loss': '0.2293', 'eval_accuracy': '0.9167', 'eval_f1': '0.9166', 'eval_balanced_accuracy': '0.9167', 'eval_macro_f1': '0.9166', 'eval_atc': '0.5333', 'eval_normalized_atc': '0.05333', 'eval_target_recall': '0.9', 'eval_target_fnr': '0.1', 'eval_selection_score': '0.06333', 'eval_selection_accuracy_value': '0.9167', 'eval_nll': '0.2293', 'eval_brier': '0.1289', 'eval_ece': '0.05541', 'eval_auroc': '0.9805', 'eval_auprc': '0.9813', 'eval_runtime': '2.115', 'eval_samples_per_second': '141.8', 'eval_steps_per_second': '8.983', 'epoch': '7'}
CustomImageProcessor configuration saved to checkpoints/stop4a_backbone_ablation_spider_balanced_convnext_ce_calibrated_cost_min_seed44/checkpoint-231/preprocessor_config.json
{'loss': '0.08463', 'grad_norm': '8.919', 'learning_rate': '7.565e-05', 'epoch': '7.273'}
{'loss': '0.09114', 'grad_norm': '1.753', 'learning_rate': '7.347e-05', 'epoch': '7.576'}
{'loss': '0.09214', 'grad_norm': '2.946', 'learning_rate': '7.123e-05', 'epoch': '7.879'}
{'eval_loss': '0.2512', 'eval_accuracy': '0.9167', 'eval_f1': '0.9166', 'eval_balanced_accuracy': '0.9167', 'eval_macro_f1': '0.9166', 'eval_atc': '0.5333', 'eval_normalized_atc': '0.05333', 'eval_target_recall': '0.9', 'eval_target_fnr': '0.1', 'eval_selection_score': '0.06333', 'eval_selection_accuracy_value': '0.9167', 'eval_nll': '0.2512', 'eval_brier': '0.1325', 'eval_ece': '0.05137', 'eval_auroc': '0.9779', 'eval_auprc': '0.978', 'eval_runtime': '1.936', 'eval_samples_per_second': '155', 'eval_steps_per_second': '9.814', 'epoch': '8'}
CustomImageProcessor configuration saved to checkpoints/stop4a_backbone_ablation_spider_balanced_convnext_ce_calibrated_cost_min_seed44/checkpoint-264/preprocessor_config.json
{'train_runtime': '91.29', 'train_samples_per_second': '459.6', 'train_steps_per_second': '7.23', 'train_loss': '0.2447', 'epoch': '8'}
***** train metrics *****
  epoch                    =         8.0
  total_flos               = 392778109GF
  train_loss               =      0.2447
  train_runtime            =  0:01:31.28
  train_samples_per_second =      459.64
  train_steps_per_second   =        7.23
Using device: cuda

============================================================
PERFORMING COMPREHENSIVE EVALUATION
============================================================
Results will be saved to: results/convnext_test/stop4a_backbone_ablation_spider_balanced_convnext_ce_calibrated_cost_min_seed44_04-28_21-56
Saving run configuration...
Run configuration saved to: results/convnext_test/stop4a_backbone_ablation_spider_balanced_convnext_ce_calibrated_cost_min_seed44_04-28_21-56/run_configuration_20260428_215645.json
Running model evaluation...
Computing detailed metrics...
Saving metrics to files...
Metrics saved to: results/convnext_test/stop4a_backbone_ablation_spider_balanced_convnext_ce_calibrated_cost_min_seed44_04-28_21-56/metrics_20260428_215654_ce_calibrated_cost_min.json and results/convnext_test/stop4a_backbone_ablation_spider_balanced_convnext_ce_calibrated_cost_min_seed44_04-28_21-56/metrics_20260428_215654_ce_calibrated_cost_min.txt
Creating confusion matrix visualizations...
Using provided class names: ['black_widow', 'false_widow']
Confusion matrix visualizations (3-panel) saved to: results/convnext_test/stop4a_backbone_ablation_spider_balanced_convnext_ce_calibrated_cost_min_seed44_04-28_21-56/confusion_matrix_20260428_215654_ce_calibrated_cost_min.png and results/convnext_test/stop4a_backbone_ablation_spider_balanced_convnext_ce_calibrated_cost_min_seed44_04-28_21-56/confusion_matrix_20260428_215654_ce_calibrated_cost_min.pdf
Detailed confusion matrix saved to: results/convnext_test/stop4a_backbone_ablation_spider_balanced_convnext_ce_calibrated_cost_min_seed44_04-28_21-56/confusion_matrix_detailed_20260428_215654_ce_calibrated_cost_min.png

============================================================
TRAINING COMPLETED - RESULTS SUMMARY
============================================================
Output Directory: results/convnext_test/stop4a_backbone_ablation_spider_balanced_convnext_ce_calibrated_cost_min_seed44_04-28_21-56
Overall Accuracy: 0.9367
Balanced Accuracy: 0.9367
Overall F1 Score: 0.9366
Kappa: 0.8733
AUC: 0.9812
Expected Cost: 0.2733
Loss Function Used: ce_calibrated_cost_min
Total Test Samples: 300
Classes: black_widow, false_widow

Detailed metrics and visualizations saved to: results/convnext_test/stop4a_backbone_ablation_spider_balanced_convnext_ce_calibrated_cost_min_seed44_04-28_21-56
============================================================
