Prepared manifest loaded — Train=2098, Val=300, Calibration=300, Test=300
cuda
Using model backend=timm type=timm_dinov3_convnext_lora with 2 labels
Early stopping enabled with patience=3
Using device: cuda
{'loss': '3.794', 'grad_norm': '41.44', 'learning_rate': '2.727e-05', 'epoch': '0.303'}
{'loss': '2.81', 'grad_norm': '39.15', 'learning_rate': '5.758e-05', 'epoch': '0.6061'}
{'loss': '2.438', 'grad_norm': '17.32', 'learning_rate': '8.788e-05', 'epoch': '0.9091'}
{'eval_loss': '0.5015', 'eval_accuracy': '0.7633', 'eval_f1': '0.7633', 'eval_balanced_accuracy': '0.7633', 'eval_macro_f1': '0.7633', 'eval_atc': '1.287', 'eval_normalized_atc': '0.1287', 'eval_target_recall': '0.7667', 'eval_target_fnr': '0.2333', 'eval_selection_score': '0.2645', 'eval_selection_accuracy_value': '0.7633', 'eval_nll': '0.5015', 'eval_brier': '0.3269', 'eval_ece': '0.06769', 'eval_auroc': '0.8404', 'eval_auprc': '0.8267', 'eval_runtime': '2.734', 'eval_samples_per_second': '109.7', 'eval_steps_per_second': '6.95', 'epoch': '1'}
CustomImageProcessor configuration saved to checkpoints/stop4a_backbone_ablation_spider_balanced_timm_dinov3_convnext_lora_ce_calibrated_cost_min_seed44/checkpoint-33/preprocessor_config.json
{'loss': '2.06', 'grad_norm': '16.32', 'learning_rate': '9.998e-05', 'epoch': '1.212'}
{'loss': '1.518', 'grad_norm': '14.69', 'learning_rate': '9.984e-05', 'epoch': '1.515'}
{'loss': '1.421', 'grad_norm': '23.32', 'learning_rate': '9.958e-05', 'epoch': '1.818'}
{'eval_loss': '0.2839', 'eval_accuracy': '0.8767', 'eval_f1': '0.8766', 'eval_balanced_accuracy': '0.8767', 'eval_macro_f1': '0.8766', 'eval_atc': '0.6033', 'eval_normalized_atc': '0.06033', 'eval_target_recall': '0.8933', 'eval_target_fnr': '0.1067', 'eval_selection_score': '0.07318', 'eval_selection_accuracy_value': '0.8767', 'eval_nll': '0.2839', 'eval_brier': '0.174', 'eval_ece': '0.02881', 'eval_auroc': '0.9544', 'eval_auprc': '0.9557', 'eval_runtime': '1.995', 'eval_samples_per_second': '150.4', 'eval_steps_per_second': '9.525', 'epoch': '2'}
CustomImageProcessor configuration saved to checkpoints/stop4a_backbone_ablation_spider_balanced_timm_dinov3_convnext_lora_ce_calibrated_cost_min_seed44/checkpoint-66/preprocessor_config.json
{'loss': '1.091', 'grad_norm': '12.84', 'learning_rate': '9.919e-05', 'epoch': '2.121'}
{'loss': '1.071', 'grad_norm': '24.03', 'learning_rate': '9.868e-05', 'epoch': '2.424'}
{'loss': '1.03', 'grad_norm': '19.99', 'learning_rate': '9.804e-05', 'epoch': '2.727'}
{'eval_loss': '0.2256', 'eval_accuracy': '0.9067', 'eval_f1': '0.9066', 'eval_balanced_accuracy': '0.9067', 'eval_macro_f1': '0.9066', 'eval_atc': '0.6633', 'eval_normalized_atc': '0.06633', 'eval_target_recall': '0.8733', 'eval_target_fnr': '0.1267', 'eval_selection_score': '0.08984', 'eval_selection_accuracy_value': '0.9067', 'eval_nll': '0.2256', 'eval_brier': '0.1323', 'eval_ece': '0.03802', 'eval_auroc': '0.9694', 'eval_auprc': '0.9686', 'eval_runtime': '2.265', 'eval_samples_per_second': '132.4', 'eval_steps_per_second': '8.387', 'epoch': '3'}
CustomImageProcessor configuration saved to checkpoints/stop4a_backbone_ablation_spider_balanced_timm_dinov3_convnext_lora_ce_calibrated_cost_min_seed44/checkpoint-99/preprocessor_config.json
{'loss': '0.8647', 'grad_norm': '19.59', 'learning_rate': '9.729e-05', 'epoch': '3.03'}
{'loss': '0.7974', 'grad_norm': '20.47', 'learning_rate': '9.642e-05', 'epoch': '3.333'}
{'loss': '1.072', 'grad_norm': '36.66', 'learning_rate': '9.543e-05', 'epoch': '3.636'}
{'loss': '0.9907', 'grad_norm': '22.09', 'learning_rate': '9.433e-05', 'epoch': '3.939'}
{'eval_loss': '0.2509', 'eval_accuracy': '0.8933', 'eval_f1': '0.893', 'eval_balanced_accuracy': '0.8933', 'eval_macro_f1': '0.893', 'eval_atc': '0.8267', 'eval_normalized_atc': '0.08267', 'eval_target_recall': '0.84', 'eval_target_fnr': '0.16', 'eval_selection_score': '0.1311', 'eval_selection_accuracy_value': '0.8933', 'eval_nll': '0.2509', 'eval_brier': '0.1494', 'eval_ece': '0.03926', 'eval_auroc': '0.972', 'eval_auprc': '0.9714', 'eval_runtime': '2.1', 'eval_samples_per_second': '142.9', 'eval_steps_per_second': '9.049', 'epoch': '4'}
CustomImageProcessor configuration saved to checkpoints/stop4a_backbone_ablation_spider_balanced_timm_dinov3_convnext_lora_ce_calibrated_cost_min_seed44/checkpoint-132/preprocessor_config.json
{'loss': '0.9226', 'grad_norm': '35.24', 'learning_rate': '9.311e-05', 'epoch': '4.242'}
{'loss': '0.8988', 'grad_norm': '21.71', 'learning_rate': '9.179e-05', 'epoch': '4.545'}
{'loss': '0.7838', 'grad_norm': '16.73', 'learning_rate': '9.036e-05', 'epoch': '4.848'}
{'eval_loss': '0.2961', 'eval_accuracy': '0.8833', 'eval_f1': '0.8824', 'eval_balanced_accuracy': '0.8833', 'eval_macro_f1': '0.8824', 'eval_atc': '0.2367', 'eval_normalized_atc': '0.02367', 'eval_target_recall': '0.9733', 'eval_target_fnr': '0.02667', 'eval_selection_score': '0.02367', 'eval_selection_accuracy_value': '0.8833', 'eval_nll': '0.2961', 'eval_brier': '0.1734', 'eval_ece': '0.04976', 'eval_auroc': '0.9701', 'eval_auprc': '0.9686', 'eval_runtime': '2.434', 'eval_samples_per_second': '123.2', 'eval_steps_per_second': '7.805', 'epoch': '5'}
CustomImageProcessor configuration saved to checkpoints/stop4a_backbone_ablation_spider_balanced_timm_dinov3_convnext_lora_ce_calibrated_cost_min_seed44/checkpoint-165/preprocessor_config.json
{'loss': '0.9164', 'grad_norm': '35.22', 'learning_rate': '8.883e-05', 'epoch': '5.152'}
{'loss': '0.727', 'grad_norm': '17.64', 'learning_rate': '8.721e-05', 'epoch': '5.455'}
{'loss': '0.6994', 'grad_norm': '22.33', 'learning_rate': '8.549e-05', 'epoch': '5.758'}
{'eval_loss': '0.2349', 'eval_accuracy': '0.9033', 'eval_f1': '0.9032', 'eval_balanced_accuracy': '0.9033', 'eval_macro_f1': '0.9032', 'eval_atc': '0.3367', 'eval_normalized_atc': '0.03367', 'eval_target_recall': '0.9467', 'eval_target_fnr': '0.05333', 'eval_selection_score': '0.03371', 'eval_selection_accuracy_value': '0.9033', 'eval_nll': '0.2349', 'eval_brier': '0.1393', 'eval_ece': '0.0263', 'eval_auroc': '0.9727', 'eval_auprc': '0.9719', 'eval_runtime': '2.396', 'eval_samples_per_second': '125.2', 'eval_steps_per_second': '7.931', 'epoch': '6'}
CustomImageProcessor configuration saved to checkpoints/stop4a_backbone_ablation_spider_balanced_timm_dinov3_convnext_lora_ce_calibrated_cost_min_seed44/checkpoint-198/preprocessor_config.json
{'loss': '0.7518', 'grad_norm': '9.685', 'learning_rate': '8.368e-05', 'epoch': '6.061'}
{'loss': '0.6593', 'grad_norm': '17.28', 'learning_rate': '8.179e-05', 'epoch': '6.364'}
{'loss': '0.6895', 'grad_norm': '20.72', 'learning_rate': '7.981e-05', 'epoch': '6.667'}
{'loss': '0.6488', 'grad_norm': '16.07', 'learning_rate': '7.777e-05', 'epoch': '6.97'}
{'eval_loss': '0.2165', 'eval_accuracy': '0.9233', 'eval_f1': '0.9233', 'eval_balanced_accuracy': '0.9233', 'eval_macro_f1': '0.9233', 'eval_atc': '0.4067', 'eval_normalized_atc': '0.04067', 'eval_target_recall': '0.9267', 'eval_target_fnr': '0.07333', 'eval_selection_score': '0.04284', 'eval_selection_accuracy_value': '0.9233', 'eval_nll': '0.2165', 'eval_brier': '0.1208', 'eval_ece': '0.0347', 'eval_auroc': '0.9727', 'eval_auprc': '0.9732', 'eval_runtime': '2.13', 'eval_samples_per_second': '140.9', 'eval_steps_per_second': '8.921', 'epoch': '7'}
CustomImageProcessor configuration saved to checkpoints/stop4a_backbone_ablation_spider_balanced_timm_dinov3_convnext_lora_ce_calibrated_cost_min_seed44/checkpoint-231/preprocessor_config.json
{'loss': '0.4607', 'grad_norm': '18.52', 'learning_rate': '7.565e-05', 'epoch': '7.273'}
{'loss': '0.6226', 'grad_norm': '15.06', 'learning_rate': '7.347e-05', 'epoch': '7.576'}
{'loss': '0.6033', 'grad_norm': '24.47', 'learning_rate': '7.123e-05', 'epoch': '7.879'}
{'eval_loss': '0.2233', 'eval_accuracy': '0.9267', 'eval_f1': '0.9266', 'eval_balanced_accuracy': '0.9267', 'eval_macro_f1': '0.9266', 'eval_atc': '0.4933', 'eval_normalized_atc': '0.04933', 'eval_target_recall': '0.9067', 'eval_target_fnr': '0.09333', 'eval_selection_score': '0.05684', 'eval_selection_accuracy_value': '0.9267', 'eval_nll': '0.2233', 'eval_brier': '0.1145', 'eval_ece': '0.0419', 'eval_auroc': '0.9719', 'eval_auprc': '0.9705', 'eval_runtime': '2.267', 'eval_samples_per_second': '132.4', 'eval_steps_per_second': '8.382', 'epoch': '8'}
CustomImageProcessor configuration saved to checkpoints/stop4a_backbone_ablation_spider_balanced_timm_dinov3_convnext_lora_ce_calibrated_cost_min_seed44/checkpoint-264/preprocessor_config.json
{'train_runtime': '71.57', 'train_samples_per_second': '586.2', 'train_steps_per_second': '9.221', 'train_loss': '1.156', 'epoch': '8'}
***** train metrics *****
  epoch                    =        8.0
  total_flos               =        0GF
  train_loss               =     1.1561
  train_runtime            = 0:01:11.57
  train_samples_per_second =     586.24
  train_steps_per_second   =      9.221
Using device: cuda

============================================================
PERFORMING COMPREHENSIVE EVALUATION
============================================================
Results will be saved to: results/timm_dinov3_convnext_lora_test/stop4a_backbone_ablation_spider_balanced_timm_dinov3_convnext_lora_ce_calibrated_cost_min_seed44_04-28_22-11
Saving run configuration...
Run configuration saved to: results/timm_dinov3_convnext_lora_test/stop4a_backbone_ablation_spider_balanced_timm_dinov3_convnext_lora_ce_calibrated_cost_min_seed44_04-28_22-11/run_configuration_20260428_221151.json
Running model evaluation...
Computing detailed metrics...
Saving metrics to files...
Metrics saved to: results/timm_dinov3_convnext_lora_test/stop4a_backbone_ablation_spider_balanced_timm_dinov3_convnext_lora_ce_calibrated_cost_min_seed44_04-28_22-11/metrics_20260428_221159_ce_calibrated_cost_min.json and results/timm_dinov3_convnext_lora_test/stop4a_backbone_ablation_spider_balanced_timm_dinov3_convnext_lora_ce_calibrated_cost_min_seed44_04-28_22-11/metrics_20260428_221159_ce_calibrated_cost_min.txt
Creating confusion matrix visualizations...
Using provided class names: ['black_widow', 'false_widow']
Confusion matrix visualizations (3-panel) saved to: results/timm_dinov3_convnext_lora_test/stop4a_backbone_ablation_spider_balanced_timm_dinov3_convnext_lora_ce_calibrated_cost_min_seed44_04-28_22-11/confusion_matrix_20260428_221159_ce_calibrated_cost_min.png and results/timm_dinov3_convnext_lora_test/stop4a_backbone_ablation_spider_balanced_timm_dinov3_convnext_lora_ce_calibrated_cost_min_seed44_04-28_22-11/confusion_matrix_20260428_221159_ce_calibrated_cost_min.pdf
Detailed confusion matrix saved to: results/timm_dinov3_convnext_lora_test/stop4a_backbone_ablation_spider_balanced_timm_dinov3_convnext_lora_ce_calibrated_cost_min_seed44_04-28_22-11/confusion_matrix_detailed_20260428_221159_ce_calibrated_cost_min.png

============================================================
TRAINING COMPLETED - RESULTS SUMMARY
============================================================
Output Directory: results/timm_dinov3_convnext_lora_test/stop4a_backbone_ablation_spider_balanced_timm_dinov3_convnext_lora_ce_calibrated_cost_min_seed44_04-28_22-11
Overall Accuracy: 0.8633
Balanced Accuracy: 0.8633
Overall F1 Score: 0.8620
Kappa: 0.7267
AUC: 0.9638
Expected Cost: 0.3167
Loss Function Used: ce_calibrated_cost_min
Total Test Samples: 300
Classes: black_widow, false_widow

Detailed metrics and visualizations saved to: results/timm_dinov3_convnext_lora_test/stop4a_backbone_ablation_spider_balanced_timm_dinov3_convnext_lora_ce_calibrated_cost_min_seed44_04-28_22-11
============================================================
