Prepared manifest loaded — Train=3448, Val=410, Calibration=538, Test=564
cuda
Using model backend=timm type=timm_dinov3_convnext_lora with 2 labels
Early stopping enabled with patience=3
Using device: cuda
{'loss': '4.177', 'grad_norm': '100.5', 'learning_rate': '1.667e-05', 'epoch': '0.1852'}
{'loss': '3.219', 'grad_norm': '44', 'learning_rate': '3.519e-05', 'epoch': '0.3704'}
{'loss': '2.789', 'grad_norm': '19.87', 'learning_rate': '5.37e-05', 'epoch': '0.5556'}
{'loss': '2.462', 'grad_norm': '18.7', 'learning_rate': '7.222e-05', 'epoch': '0.7407'}
{'loss': '1.953', 'grad_norm': '44.32', 'learning_rate': '9.074e-05', 'epoch': '0.9259'}
{'eval_loss': '0.3798', 'eval_accuracy': '0.8439', 'eval_f1': '0.8421', 'eval_balanced_accuracy': '0.8439', 'eval_macro_f1': '0.8421', 'eval_atc': '0.3756', 'eval_normalized_atc': '0.03756', 'eval_target_recall': '0.9512', 'eval_target_fnr': '0.04878', 'eval_selection_score': '0.03901', 'eval_selection_accuracy_value': '0.8439', 'eval_nll': '0.3798', 'eval_brier': '0.242', 'eval_ece': '0.05151', 'eval_auroc': '0.8927', 'eval_auprc': '0.855', 'eval_runtime': '4.995', 'eval_samples_per_second': '82.09', 'eval_steps_per_second': '5.206', 'epoch': '1'}
CustomImageProcessor configuration saved to checkpoints/stop4a_backbone_ablation_breakhis_balanced_timm_dinov3_convnext_lora_ce_calibrated_cost_min_seed43/checkpoint-54/preprocessor_config.json
{'loss': '1.722', 'grad_norm': '91.9', 'learning_rate': '9.999e-05', 'epoch': '1.111'}
{'loss': '1.559', 'grad_norm': '42.04', 'learning_rate': '9.995e-05', 'epoch': '1.296'}
{'loss': '1.317', 'grad_norm': '85.62', 'learning_rate': '9.985e-05', 'epoch': '1.481'}
{'loss': '1.248', 'grad_norm': '41.62', 'learning_rate': '9.971e-05', 'epoch': '1.667'}
{'loss': '1.011', 'grad_norm': '24.06', 'learning_rate': '9.953e-05', 'epoch': '1.852'}
{'eval_loss': '0.6013', 'eval_accuracy': '0.8293', 'eval_f1': '0.8253', 'eval_balanced_accuracy': '0.8293', 'eval_macro_f1': '0.8253', 'eval_atc': '0.2585', 'eval_normalized_atc': '0.02585', 'eval_target_recall': '0.9805', 'eval_target_fnr': '0.01951', 'eval_selection_score': '0.02628', 'eval_selection_accuracy_value': '0.8293', 'eval_nll': '0.6013', 'eval_brier': '0.3061', 'eval_ece': '0.127', 'eval_auroc': '0.8873', 'eval_auprc': '0.8483', 'eval_runtime': '4.333', 'eval_samples_per_second': '94.62', 'eval_steps_per_second': '6.001', 'epoch': '2'}
CustomImageProcessor configuration saved to checkpoints/stop4a_backbone_ablation_breakhis_balanced_timm_dinov3_convnext_lora_ce_calibrated_cost_min_seed43/checkpoint-108/preprocessor_config.json
{'loss': '0.9623', 'grad_norm': '27.22', 'learning_rate': '9.929e-05', 'epoch': '2.037'}
{'loss': '0.9908', 'grad_norm': '18.95', 'learning_rate': '9.901e-05', 'epoch': '2.222'}
{'loss': '0.7697', 'grad_norm': '30.45', 'learning_rate': '9.869e-05', 'epoch': '2.407'}
{'loss': '0.8911', 'grad_norm': '26.92', 'learning_rate': '9.832e-05', 'epoch': '2.593'}
{'loss': '0.957', 'grad_norm': '56.39', 'learning_rate': '9.79e-05', 'epoch': '2.778'}
{'loss': '0.6705', 'grad_norm': '25.92', 'learning_rate': '9.744e-05', 'epoch': '2.963'}
{'eval_loss': '0.6424', 'eval_accuracy': '0.8366', 'eval_f1': '0.8331', 'eval_balanced_accuracy': '0.8366', 'eval_macro_f1': '0.8331', 'eval_atc': '0.2512', 'eval_normalized_atc': '0.02512', 'eval_target_recall': '0.9805', 'eval_target_fnr': '0.01951', 'eval_selection_score': '0.0253', 'eval_selection_accuracy_value': '0.8366', 'eval_nll': '0.6424', 'eval_brier': '0.2874', 'eval_ece': '0.1258', 'eval_auroc': '0.87', 'eval_auprc': '0.806', 'eval_runtime': '4.091', 'eval_samples_per_second': '100.2', 'eval_steps_per_second': '6.355', 'epoch': '3'}
CustomImageProcessor configuration saved to checkpoints/stop4a_backbone_ablation_breakhis_balanced_timm_dinov3_convnext_lora_ce_calibrated_cost_min_seed43/checkpoint-162/preprocessor_config.json
{'loss': '0.6452', 'grad_norm': '36.63', 'learning_rate': '9.693e-05', 'epoch': '3.148'}
{'loss': '0.6395', 'grad_norm': '80.41', 'learning_rate': '9.638e-05', 'epoch': '3.333'}
{'loss': '0.7567', 'grad_norm': '22.31', 'learning_rate': '9.579e-05', 'epoch': '3.519'}
{'loss': '0.5747', 'grad_norm': '57.19', 'learning_rate': '9.515e-05', 'epoch': '3.704'}
{'loss': '0.6906', 'grad_norm': '32.08', 'learning_rate': '9.447e-05', 'epoch': '3.889'}
{'eval_loss': '0.7319', 'eval_accuracy': '0.8366', 'eval_f1': '0.8338', 'eval_balanced_accuracy': '0.8366', 'eval_macro_f1': '0.8338', 'eval_atc': '0.3171', 'eval_normalized_atc': '0.03171', 'eval_target_recall': '0.9659', 'eval_target_fnr': '0.03415', 'eval_selection_score': '0.03196', 'eval_selection_accuracy_value': '0.8366', 'eval_nll': '0.7319', 'eval_brier': '0.3084', 'eval_ece': '0.1371', 'eval_auroc': '0.8443', 'eval_auprc': '0.7621', 'eval_runtime': '4.343', 'eval_samples_per_second': '94.4', 'eval_steps_per_second': '5.986', 'epoch': '4'}
CustomImageProcessor configuration saved to checkpoints/stop4a_backbone_ablation_breakhis_balanced_timm_dinov3_convnext_lora_ce_calibrated_cost_min_seed43/checkpoint-216/preprocessor_config.json
{'loss': '0.6747', 'grad_norm': '59.74', 'learning_rate': '9.375e-05', 'epoch': '4.074'}
{'loss': '0.5857', 'grad_norm': '54.08', 'learning_rate': '9.299e-05', 'epoch': '4.259'}
{'loss': '0.5772', 'grad_norm': '14.76', 'learning_rate': '9.219e-05', 'epoch': '4.444'}
{'loss': '0.4668', 'grad_norm': '23.66', 'learning_rate': '9.135e-05', 'epoch': '4.63'}
{'loss': '0.6027', 'grad_norm': '22.21', 'learning_rate': '9.047e-05', 'epoch': '4.815'}
{'loss': '0.4556', 'grad_norm': '37.66', 'learning_rate': '8.955e-05', 'epoch': '5'}
{'eval_loss': '0.8938', 'eval_accuracy': '0.8146', 'eval_f1': '0.8094', 'eval_balanced_accuracy': '0.8146', 'eval_macro_f1': '0.8094', 'eval_atc': '0.2732', 'eval_normalized_atc': '0.02732', 'eval_target_recall': '0.9805', 'eval_target_fnr': '0.01951', 'eval_selection_score': '0.02857', 'eval_selection_accuracy_value': '0.8146', 'eval_nll': '0.8938', 'eval_brier': '0.3392', 'eval_ece': '0.1605', 'eval_auroc': '0.8612', 'eval_auprc': '0.7898', 'eval_runtime': '4.224', 'eval_samples_per_second': '97.06', 'eval_steps_per_second': '6.155', 'epoch': '5'}
CustomImageProcessor configuration saved to checkpoints/stop4a_backbone_ablation_breakhis_balanced_timm_dinov3_convnext_lora_ce_calibrated_cost_min_seed43/checkpoint-270/preprocessor_config.json
{'loss': '0.4197', 'grad_norm': '36.33', 'learning_rate': '8.86e-05', 'epoch': '5.185'}
{'loss': '0.5511', 'grad_norm': '33.22', 'learning_rate': '8.76e-05', 'epoch': '5.37'}
{'loss': '0.3959', 'grad_norm': '12.44', 'learning_rate': '8.658e-05', 'epoch': '5.556'}
{'loss': '0.4314', 'grad_norm': '21.51', 'learning_rate': '8.552e-05', 'epoch': '5.741'}
{'loss': '0.4086', 'grad_norm': '51.53', 'learning_rate': '8.442e-05', 'epoch': '5.926'}
{'eval_loss': '1.078', 'eval_accuracy': '0.8146', 'eval_f1': '0.8087', 'eval_balanced_accuracy': '0.8146', 'eval_macro_f1': '0.8087', 'eval_atc': '0.2293', 'eval_normalized_atc': '0.02293', 'eval_target_recall': '0.9902', 'eval_target_fnr': '0.009756', 'eval_selection_score': '0.02418', 'eval_selection_accuracy_value': '0.8146', 'eval_nll': '1.078', 'eval_brier': '0.3449', 'eval_ece': '0.1642', 'eval_auroc': '0.82', 'eval_auprc': '0.7265', 'eval_runtime': '3.966', 'eval_samples_per_second': '103.4', 'eval_steps_per_second': '6.556', 'epoch': '6'}
CustomImageProcessor configuration saved to checkpoints/stop4a_backbone_ablation_breakhis_balanced_timm_dinov3_convnext_lora_ce_calibrated_cost_min_seed43/checkpoint-324/preprocessor_config.json
{'loss': '0.327', 'grad_norm': '19.22', 'learning_rate': '8.33e-05', 'epoch': '6.111'}
{'loss': '0.4813', 'grad_norm': '52.67', 'learning_rate': '8.214e-05', 'epoch': '6.296'}
{'loss': '0.4074', 'grad_norm': '45.2', 'learning_rate': '8.095e-05', 'epoch': '6.481'}
{'loss': '0.3349', 'grad_norm': '30.73', 'learning_rate': '7.973e-05', 'epoch': '6.667'}
{'loss': '0.4023', 'grad_norm': '13.01', 'learning_rate': '7.849e-05', 'epoch': '6.852'}
{'eval_loss': '1.075', 'eval_accuracy': '0.8171', 'eval_f1': '0.8121', 'eval_balanced_accuracy': '0.8171', 'eval_macro_f1': '0.8121', 'eval_atc': '0.2707', 'eval_normalized_atc': '0.02707', 'eval_target_recall': '0.9805', 'eval_target_fnr': '0.01951', 'eval_selection_score': '0.02816', 'eval_selection_accuracy_value': '0.8171', 'eval_nll': '1.075', 'eval_brier': '0.3407', 'eval_ece': '0.168', 'eval_auroc': '0.8385', 'eval_auprc': '0.7559', 'eval_runtime': '4.204', 'eval_samples_per_second': '97.53', 'eval_steps_per_second': '6.185', 'epoch': '7'}
CustomImageProcessor configuration saved to checkpoints/stop4a_backbone_ablation_breakhis_balanced_timm_dinov3_convnext_lora_ce_calibrated_cost_min_seed43/checkpoint-378/preprocessor_config.json
{'loss': '0.2965', 'grad_norm': '29.58', 'learning_rate': '7.722e-05', 'epoch': '7.037'}
{'loss': '0.2663', 'grad_norm': '31.14', 'learning_rate': '7.592e-05', 'epoch': '7.222'}
{'loss': '0.3986', 'grad_norm': '21.83', 'learning_rate': '7.46e-05', 'epoch': '7.407'}
{'loss': '0.2822', 'grad_norm': '20.74', 'learning_rate': '7.326e-05', 'epoch': '7.593'}
{'loss': '0.2789', 'grad_norm': '39.9', 'learning_rate': '7.189e-05', 'epoch': '7.778'}
{'loss': '0.3582', 'grad_norm': '34.76', 'learning_rate': '7.05e-05', 'epoch': '7.963'}
{'eval_loss': '1.422', 'eval_accuracy': '0.8073', 'eval_f1': '0.7999', 'eval_balanced_accuracy': '0.8073', 'eval_macro_f1': '0.7999', 'eval_atc': '0.1927', 'eval_normalized_atc': '0.01927', 'eval_target_recall': '1', 'eval_target_fnr': '0', 'eval_selection_score': '0.02109', 'eval_selection_accuracy_value': '0.8073', 'eval_nll': '1.422', 'eval_brier': '0.3745', 'eval_ece': '0.1829', 'eval_auroc': '0.8276', 'eval_auprc': '0.7423', 'eval_runtime': '4.125', 'eval_samples_per_second': '99.39', 'eval_steps_per_second': '6.303', 'epoch': '8'}
CustomImageProcessor configuration saved to checkpoints/stop4a_backbone_ablation_breakhis_balanced_timm_dinov3_convnext_lora_ce_calibrated_cost_min_seed43/checkpoint-432/preprocessor_config.json
{'loss': '0.3708', 'grad_norm': '25.19', 'learning_rate': '6.91e-05', 'epoch': '8.148'}
{'loss': '0.2634', 'grad_norm': '15.08', 'learning_rate': '6.768e-05', 'epoch': '8.333'}
{'loss': '0.3112', 'grad_norm': '3.49', 'learning_rate': '6.623e-05', 'epoch': '8.519'}
{'loss': '0.2528', 'grad_norm': '50.08', 'learning_rate': '6.478e-05', 'epoch': '8.704'}
{'loss': '0.2646', 'grad_norm': '27.22', 'learning_rate': '6.331e-05', 'epoch': '8.889'}
{'eval_loss': '1.282', 'eval_accuracy': '0.8146', 'eval_f1': '0.81', 'eval_balanced_accuracy': '0.8146', 'eval_macro_f1': '0.81', 'eval_atc': '0.3171', 'eval_normalized_atc': '0.03171', 'eval_target_recall': '0.9707', 'eval_target_fnr': '0.02927', 'eval_selection_score': '0.03296', 'eval_selection_accuracy_value': '0.8146', 'eval_nll': '1.282', 'eval_brier': '0.3457', 'eval_ece': '0.1689', 'eval_auroc': '0.814', 'eval_auprc': '0.7008', 'eval_runtime': '4.096', 'eval_samples_per_second': '100.1', 'eval_steps_per_second': '6.348', 'epoch': '9'}
CustomImageProcessor configuration saved to checkpoints/stop4a_backbone_ablation_breakhis_balanced_timm_dinov3_convnext_lora_ce_calibrated_cost_min_seed43/checkpoint-486/preprocessor_config.json
{'loss': '0.2328', 'grad_norm': '19.78', 'learning_rate': '6.183e-05', 'epoch': '9.074'}
{'loss': '0.2255', 'grad_norm': '13.94', 'learning_rate': '6.034e-05', 'epoch': '9.259'}
{'loss': '0.2948', 'grad_norm': '34.47', 'learning_rate': '5.883e-05', 'epoch': '9.444'}
{'loss': '0.2471', 'grad_norm': '37.45', 'learning_rate': '5.732e-05', 'epoch': '9.63'}
{'loss': '0.2904', 'grad_norm': '37.15', 'learning_rate': '5.58e-05', 'epoch': '9.815'}
{'loss': '0.2513', 'grad_norm': '29.37', 'learning_rate': '5.428e-05', 'epoch': '10'}
{'eval_loss': '1.444', 'eval_accuracy': '0.8195', 'eval_f1': '0.8141', 'eval_balanced_accuracy': '0.8195', 'eval_macro_f1': '0.8141', 'eval_atc': '0.2244', 'eval_normalized_atc': '0.02244', 'eval_target_recall': '0.9902', 'eval_target_fnr': '0.009756', 'eval_selection_score': '0.02337', 'eval_selection_accuracy_value': '0.8195', 'eval_nll': '1.444', 'eval_brier': '0.3511', 'eval_ece': '0.1771', 'eval_auroc': '0.8326', 'eval_auprc': '0.7415', 'eval_runtime': '4.09', 'eval_samples_per_second': '100.2', 'eval_steps_per_second': '6.356', 'epoch': '10'}
CustomImageProcessor configuration saved to checkpoints/stop4a_backbone_ablation_breakhis_balanced_timm_dinov3_convnext_lora_ce_calibrated_cost_min_seed43/checkpoint-540/preprocessor_config.json
{'loss': '0.2743', 'grad_norm': '37.62', 'learning_rate': '5.275e-05', 'epoch': '10.19'}
{'loss': '0.1581', 'grad_norm': '29.43', 'learning_rate': '5.122e-05', 'epoch': '10.37'}
{'loss': '0.1641', 'grad_norm': '13.81', 'learning_rate': '4.969e-05', 'epoch': '10.56'}
{'loss': '0.287', 'grad_norm': '46.99', 'learning_rate': '4.816e-05', 'epoch': '10.74'}
{'loss': '0.2269', 'grad_norm': '59.98', 'learning_rate': '4.663e-05', 'epoch': '10.93'}
{'eval_loss': '1.442', 'eval_accuracy': '0.8146', 'eval_f1': '0.8091', 'eval_balanced_accuracy': '0.8146', 'eval_macro_f1': '0.8091', 'eval_atc': '0.2512', 'eval_normalized_atc': '0.02512', 'eval_target_recall': '0.9854', 'eval_target_fnr': '0.01463', 'eval_selection_score': '0.02637', 'eval_selection_accuracy_value': '0.8146', 'eval_nll': '1.442', 'eval_brier': '0.3492', 'eval_ece': '0.1752', 'eval_auroc': '0.8177', 'eval_auprc': '0.7191', 'eval_runtime': '4.08', 'eval_samples_per_second': '100.5', 'eval_steps_per_second': '6.373', 'epoch': '11'}
CustomImageProcessor configuration saved to checkpoints/stop4a_backbone_ablation_breakhis_balanced_timm_dinov3_convnext_lora_ce_calibrated_cost_min_seed43/checkpoint-594/preprocessor_config.json
{'train_runtime': '309.5', 'train_samples_per_second': '222.8', 'train_steps_per_second': '3.49', 'train_loss': '0.7344', 'epoch': '11'}
***** train metrics *****
  epoch                    =       11.0
  total_flos               =        0GF
  train_loss               =     0.7344
  train_runtime            = 0:05:09.46
  train_samples_per_second =    222.837
  train_steps_per_second   =       3.49
Using device: cuda

============================================================
PERFORMING COMPREHENSIVE EVALUATION
============================================================
Results will be saved to: results/timm_dinov3_convnext_lora_test/stop4a_backbone_ablation_breakhis_balanced_timm_dinov3_convnext_lora_ce_calibrated_cost_min_seed43_04-28_23-02
Saving run configuration...
Run configuration saved to: results/timm_dinov3_convnext_lora_test/stop4a_backbone_ablation_breakhis_balanced_timm_dinov3_convnext_lora_ce_calibrated_cost_min_seed43_04-28_23-02/run_configuration_20260428_230254.json
Running model evaluation...
Computing detailed metrics...
Saving metrics to files...
Metrics saved to: results/timm_dinov3_convnext_lora_test/stop4a_backbone_ablation_breakhis_balanced_timm_dinov3_convnext_lora_ce_calibrated_cost_min_seed43_04-28_23-02/metrics_20260428_230312_ce_calibrated_cost_min.json and results/timm_dinov3_convnext_lora_test/stop4a_backbone_ablation_breakhis_balanced_timm_dinov3_convnext_lora_ce_calibrated_cost_min_seed43_04-28_23-02/metrics_20260428_230312_ce_calibrated_cost_min.txt
Creating confusion matrix visualizations...
Using provided class names: ['benign', 'malignant']
Confusion matrix visualizations (3-panel) saved to: results/timm_dinov3_convnext_lora_test/stop4a_backbone_ablation_breakhis_balanced_timm_dinov3_convnext_lora_ce_calibrated_cost_min_seed43_04-28_23-02/confusion_matrix_20260428_230312_ce_calibrated_cost_min.png and results/timm_dinov3_convnext_lora_test/stop4a_backbone_ablation_breakhis_balanced_timm_dinov3_convnext_lora_ce_calibrated_cost_min_seed43_04-28_23-02/confusion_matrix_20260428_230312_ce_calibrated_cost_min.pdf
Detailed confusion matrix saved to: results/timm_dinov3_convnext_lora_test/stop4a_backbone_ablation_breakhis_balanced_timm_dinov3_convnext_lora_ce_calibrated_cost_min_seed43_04-28_23-02/confusion_matrix_detailed_20260428_230312_ce_calibrated_cost_min.png

============================================================
TRAINING COMPLETED - RESULTS SUMMARY
============================================================
Output Directory: results/timm_dinov3_convnext_lora_test/stop4a_backbone_ablation_breakhis_balanced_timm_dinov3_convnext_lora_ce_calibrated_cost_min_seed43_04-28_23-02
Overall Accuracy: 0.8812
Balanced Accuracy: 0.8812
Overall F1 Score: 0.8801
Kappa: 0.7624
AUC: 0.9781
Expected Cost: 0.2305
Loss Function Used: ce_calibrated_cost_min
Total Test Samples: 564
Classes: benign, malignant

Detailed metrics and visualizations saved to: results/timm_dinov3_convnext_lora_test/stop4a_backbone_ablation_breakhis_balanced_timm_dinov3_convnext_lora_ce_calibrated_cost_min_seed43_04-28_23-02
============================================================
