Prepared manifest loaded — Train=3448, Val=410, Calibration=538, Test=564
cuda
Using model backend=timm type=timm_dinov3_convnext_lora with 2 labels
Early stopping enabled with patience=3
Using device: cuda
{'loss': '4.177', 'grad_norm': '100.5', 'learning_rate': '1.667e-05', 'epoch': '0.1852'}
{'loss': '3.219', 'grad_norm': '44', 'learning_rate': '3.519e-05', 'epoch': '0.3704'}
{'loss': '2.789', 'grad_norm': '19.87', 'learning_rate': '5.37e-05', 'epoch': '0.5556'}
{'loss': '2.462', 'grad_norm': '18.7', 'learning_rate': '7.222e-05', 'epoch': '0.7407'}
{'loss': '1.953', 'grad_norm': '44.32', 'learning_rate': '9.074e-05', 'epoch': '0.9259'}
{'eval_loss': '0.3798', 'eval_accuracy': '0.8439', 'eval_f1': '0.8421', 'eval_balanced_accuracy': '0.8439', 'eval_macro_f1': '0.8421', 'eval_atc': '0.1561', 'eval_normalized_atc': '0.1561', 'eval_target_recall': '0.9512', 'eval_target_fnr': '0.04878', 'eval_selection_score': '0.1575', 'eval_selection_accuracy_value': '0.8439', 'eval_nll': '0.3798', 'eval_brier': '0.242', 'eval_ece': '0.05151', 'eval_auroc': '0.8927', 'eval_auprc': '0.855', 'eval_runtime': '4.95', 'eval_samples_per_second': '82.83', 'eval_steps_per_second': '5.253', 'epoch': '1'}
CustomImageProcessor configuration saved to checkpoints/stop4b_cost_ratio_breakhis_dinov3_convnext_lora_breakhis_balanced_costr1_timm_dinov3_convnext_lora_ce_calibrated_cost_min_seed43/checkpoint-54/preprocessor_config.json
{'loss': '1.722', 'grad_norm': '91.9', 'learning_rate': '9.999e-05', 'epoch': '1.111'}
{'loss': '1.559', 'grad_norm': '42.04', 'learning_rate': '9.995e-05', 'epoch': '1.296'}
{'loss': '1.317', 'grad_norm': '85.62', 'learning_rate': '9.985e-05', 'epoch': '1.481'}
{'loss': '1.248', 'grad_norm': '41.62', 'learning_rate': '9.971e-05', 'epoch': '1.667'}
{'loss': '1.011', 'grad_norm': '24.06', 'learning_rate': '9.953e-05', 'epoch': '1.852'}
{'eval_loss': '0.6013', 'eval_accuracy': '0.8293', 'eval_f1': '0.8253', 'eval_balanced_accuracy': '0.8293', 'eval_macro_f1': '0.8253', 'eval_atc': '0.1707', 'eval_normalized_atc': '0.1707', 'eval_target_recall': '0.9805', 'eval_target_fnr': '0.01951', 'eval_selection_score': '0.1712', 'eval_selection_accuracy_value': '0.8293', 'eval_nll': '0.6013', 'eval_brier': '0.3061', 'eval_ece': '0.127', 'eval_auroc': '0.8873', 'eval_auprc': '0.8483', 'eval_runtime': '4.012', 'eval_samples_per_second': '102.2', 'eval_steps_per_second': '6.481', 'epoch': '2'}
CustomImageProcessor configuration saved to checkpoints/stop4b_cost_ratio_breakhis_dinov3_convnext_lora_breakhis_balanced_costr1_timm_dinov3_convnext_lora_ce_calibrated_cost_min_seed43/checkpoint-108/preprocessor_config.json
{'loss': '0.9623', 'grad_norm': '27.22', 'learning_rate': '9.929e-05', 'epoch': '2.037'}
{'loss': '0.9908', 'grad_norm': '18.95', 'learning_rate': '9.901e-05', 'epoch': '2.222'}
{'loss': '0.7697', 'grad_norm': '30.45', 'learning_rate': '9.869e-05', 'epoch': '2.407'}
{'loss': '0.8911', 'grad_norm': '26.92', 'learning_rate': '9.832e-05', 'epoch': '2.593'}
{'loss': '0.957', 'grad_norm': '56.39', 'learning_rate': '9.79e-05', 'epoch': '2.778'}
{'loss': '0.6705', 'grad_norm': '25.92', 'learning_rate': '9.744e-05', 'epoch': '2.963'}
{'eval_loss': '0.6424', 'eval_accuracy': '0.8366', 'eval_f1': '0.8331', 'eval_balanced_accuracy': '0.8366', 'eval_macro_f1': '0.8331', 'eval_atc': '0.1634', 'eval_normalized_atc': '0.1634', 'eval_target_recall': '0.9805', 'eval_target_fnr': '0.01951', 'eval_selection_score': '0.1636', 'eval_selection_accuracy_value': '0.8366', 'eval_nll': '0.6424', 'eval_brier': '0.2874', 'eval_ece': '0.1258', 'eval_auroc': '0.87', 'eval_auprc': '0.806', 'eval_runtime': '4.059', 'eval_samples_per_second': '101', 'eval_steps_per_second': '6.405', 'epoch': '3'}
CustomImageProcessor configuration saved to checkpoints/stop4b_cost_ratio_breakhis_dinov3_convnext_lora_breakhis_balanced_costr1_timm_dinov3_convnext_lora_ce_calibrated_cost_min_seed43/checkpoint-162/preprocessor_config.json
{'loss': '0.6452', 'grad_norm': '36.63', 'learning_rate': '9.693e-05', 'epoch': '3.148'}
{'loss': '0.6395', 'grad_norm': '80.41', 'learning_rate': '9.638e-05', 'epoch': '3.333'}
{'loss': '0.7567', 'grad_norm': '22.31', 'learning_rate': '9.579e-05', 'epoch': '3.519'}
{'loss': '0.5747', 'grad_norm': '57.19', 'learning_rate': '9.515e-05', 'epoch': '3.704'}
{'loss': '0.6906', 'grad_norm': '32.08', 'learning_rate': '9.447e-05', 'epoch': '3.889'}
{'eval_loss': '0.7319', 'eval_accuracy': '0.8366', 'eval_f1': '0.8338', 'eval_balanced_accuracy': '0.8366', 'eval_macro_f1': '0.8338', 'eval_atc': '0.1634', 'eval_normalized_atc': '0.1634', 'eval_target_recall': '0.9659', 'eval_target_fnr': '0.03415', 'eval_selection_score': '0.1637', 'eval_selection_accuracy_value': '0.8366', 'eval_nll': '0.7319', 'eval_brier': '0.3084', 'eval_ece': '0.1371', 'eval_auroc': '0.8443', 'eval_auprc': '0.7621', 'eval_runtime': '4.205', 'eval_samples_per_second': '97.5', 'eval_steps_per_second': '6.183', 'epoch': '4'}
CustomImageProcessor configuration saved to checkpoints/stop4b_cost_ratio_breakhis_dinov3_convnext_lora_breakhis_balanced_costr1_timm_dinov3_convnext_lora_ce_calibrated_cost_min_seed43/checkpoint-216/preprocessor_config.json
{'train_runtime': '114.5', 'train_samples_per_second': '602.1', 'train_steps_per_second': '9.43', 'train_loss': '1.407', 'epoch': '4'}
***** train metrics *****
  epoch                    =        4.0
  total_flos               =        0GF
  train_loss               =     1.4069
  train_runtime            = 0:01:54.52
  train_samples_per_second =    602.147
  train_steps_per_second   =       9.43
Using device: cuda

============================================================
PERFORMING COMPREHENSIVE EVALUATION
============================================================
Results will be saved to: results/timm_dinov3_convnext_lora_test/stop4b_cost_ratio_breakhis_dinov3_convnext_lora_breakhis_balanced_costr1_timm_dinov3_convnext_lora_ce_calibrated_cost_min_seed43_04-29_01-24
Saving run configuration...
Run configuration saved to: results/timm_dinov3_convnext_lora_test/stop4b_cost_ratio_breakhis_dinov3_convnext_lora_breakhis_balanced_costr1_timm_dinov3_convnext_lora_ce_calibrated_cost_min_seed43_04-29_01-24/run_configuration_20260429_012400.json
Running model evaluation...
Computing detailed metrics...
Saving metrics to files...
Metrics saved to: results/timm_dinov3_convnext_lora_test/stop4b_cost_ratio_breakhis_dinov3_convnext_lora_breakhis_balanced_costr1_timm_dinov3_convnext_lora_ce_calibrated_cost_min_seed43_04-29_01-24/metrics_20260429_012418_ce_calibrated_cost_min.json and results/timm_dinov3_convnext_lora_test/stop4b_cost_ratio_breakhis_dinov3_convnext_lora_breakhis_balanced_costr1_timm_dinov3_convnext_lora_ce_calibrated_cost_min_seed43_04-29_01-24/metrics_20260429_012418_ce_calibrated_cost_min.txt
Creating confusion matrix visualizations...
Using provided class names: ['benign', 'malignant']
Confusion matrix visualizations (3-panel) saved to: results/timm_dinov3_convnext_lora_test/stop4b_cost_ratio_breakhis_dinov3_convnext_lora_breakhis_balanced_costr1_timm_dinov3_convnext_lora_ce_calibrated_cost_min_seed43_04-29_01-24/confusion_matrix_20260429_012418_ce_calibrated_cost_min.png and results/timm_dinov3_convnext_lora_test/stop4b_cost_ratio_breakhis_dinov3_convnext_lora_breakhis_balanced_costr1_timm_dinov3_convnext_lora_ce_calibrated_cost_min_seed43_04-29_01-24/confusion_matrix_20260429_012418_ce_calibrated_cost_min.pdf
Detailed confusion matrix saved to: results/timm_dinov3_convnext_lora_test/stop4b_cost_ratio_breakhis_dinov3_convnext_lora_breakhis_balanced_costr1_timm_dinov3_convnext_lora_ce_calibrated_cost_min_seed43_04-29_01-24/confusion_matrix_detailed_20260429_012418_ce_calibrated_cost_min.png

============================================================
TRAINING COMPLETED - RESULTS SUMMARY
============================================================
Output Directory: results/timm_dinov3_convnext_lora_test/stop4b_cost_ratio_breakhis_dinov3_convnext_lora_breakhis_balanced_costr1_timm_dinov3_convnext_lora_ce_calibrated_cost_min_seed43_04-29_01-24
Overall Accuracy: 0.7730
Balanced Accuracy: 0.7730
Overall F1 Score: 0.7627
Kappa: 0.5461
AUC: 0.9154
Expected Cost: 0.2270
Loss Function Used: ce_calibrated_cost_min
Total Test Samples: 564
Classes: benign, malignant

Detailed metrics and visualizations saved to: results/timm_dinov3_convnext_lora_test/stop4b_cost_ratio_breakhis_dinov3_convnext_lora_breakhis_balanced_costr1_timm_dinov3_convnext_lora_ce_calibrated_cost_min_seed43_04-29_01-24
============================================================
