Prepared manifest loaded — Train=3448, Val=410, Calibration=538, Test=564
cuda
Using model backend=timm type=timm_dinov3_convnext_lora with 2 labels
Early stopping enabled with patience=3
Using device: cuda
{'loss': '3.078', 'grad_norm': '26.02', 'learning_rate': '1.667e-05', 'epoch': '0.1852'}
{'loss': '2.933', 'grad_norm': '38.67', 'learning_rate': '3.519e-05', 'epoch': '0.3704'}
{'loss': '2.682', 'grad_norm': '22.26', 'learning_rate': '5.37e-05', 'epoch': '0.5556'}
{'loss': '2.433', 'grad_norm': '44.69', 'learning_rate': '7.222e-05', 'epoch': '0.7407'}
{'loss': '1.999', 'grad_norm': '74.72', 'learning_rate': '9.074e-05', 'epoch': '0.9259'}
{'eval_loss': '0.463', 'eval_accuracy': '0.7927', 'eval_f1': '0.7925', 'eval_balanced_accuracy': '0.7927', 'eval_macro_f1': '0.7925', 'eval_atc': '0.2073', 'eval_normalized_atc': '0.2073', 'eval_target_recall': '0.8195', 'eval_target_fnr': '0.1805', 'eval_selection_score': '0.3012', 'eval_selection_accuracy_value': '0.7927', 'eval_nll': '0.4195', 'eval_brier': '0.2786', 'eval_ece': '0.05311', 'eval_auroc': '0.8671', 'eval_auprc': '0.8249', 'eval_runtime': '5.258', 'eval_samples_per_second': '77.97', 'eval_steps_per_second': '4.945', 'epoch': '1'}
CustomImageProcessor configuration saved to checkpoints/stop4b_cost_ratio_breakhis_dinov3_convnext_lora_breakhis_balanced_costr1_timm_dinov3_convnext_lora_nicme_logit_adjustment_seed44/checkpoint-54/preprocessor_config.json
{'loss': '1.943', 'grad_norm': '67.27', 'learning_rate': '9.999e-05', 'epoch': '1.111'}
{'loss': '1.546', 'grad_norm': '32.49', 'learning_rate': '9.995e-05', 'epoch': '1.296'}
{'loss': '1.544', 'grad_norm': '66.9', 'learning_rate': '9.985e-05', 'epoch': '1.481'}
{'loss': '1.201', 'grad_norm': '28.34', 'learning_rate': '9.971e-05', 'epoch': '1.667'}
{'loss': '1.153', 'grad_norm': '50.32', 'learning_rate': '9.953e-05', 'epoch': '1.852'}
{'eval_loss': '0.5383', 'eval_accuracy': '0.8268', 'eval_f1': '0.826', 'eval_balanced_accuracy': '0.8268', 'eval_macro_f1': '0.826', 'eval_atc': '0.1732', 'eval_normalized_atc': '0.1732', 'eval_target_recall': '0.8976', 'eval_target_fnr': '0.1024', 'eval_selection_score': '0.1947', 'eval_selection_accuracy_value': '0.8268', 'eval_nll': '0.4494', 'eval_brier': '0.2666', 'eval_ece': '0.09259', 'eval_auroc': '0.8774', 'eval_auprc': '0.8284', 'eval_runtime': '4.361', 'eval_samples_per_second': '94.02', 'eval_steps_per_second': '5.962', 'epoch': '2'}
CustomImageProcessor configuration saved to checkpoints/stop4b_cost_ratio_breakhis_dinov3_convnext_lora_breakhis_balanced_costr1_timm_dinov3_convnext_lora_nicme_logit_adjustment_seed44/checkpoint-108/preprocessor_config.json
{'loss': '1.011', 'grad_norm': '65.02', 'learning_rate': '9.929e-05', 'epoch': '2.037'}
{'loss': '0.9297', 'grad_norm': '25.34', 'learning_rate': '9.901e-05', 'epoch': '2.222'}
{'loss': '0.8653', 'grad_norm': '35', 'learning_rate': '9.869e-05', 'epoch': '2.407'}
{'loss': '1.086', 'grad_norm': '32.66', 'learning_rate': '9.832e-05', 'epoch': '2.593'}
{'loss': '0.8175', 'grad_norm': '39.79', 'learning_rate': '9.79e-05', 'epoch': '2.778'}
{'loss': '0.7629', 'grad_norm': '40.88', 'learning_rate': '9.744e-05', 'epoch': '2.963'}
{'eval_loss': '0.9652', 'eval_accuracy': '0.8415', 'eval_f1': '0.8376', 'eval_balanced_accuracy': '0.8415', 'eval_macro_f1': '0.8376', 'eval_atc': '0.1585', 'eval_normalized_atc': '0.1585', 'eval_target_recall': '0.9951', 'eval_target_fnr': '0.004878', 'eval_selection_score': '0.1586', 'eval_selection_accuracy_value': '0.8415', 'eval_nll': '0.7571', 'eval_brier': '0.2973', 'eval_ece': '0.134', 'eval_auroc': '0.8486', 'eval_auprc': '0.7411', 'eval_runtime': '4.304', 'eval_samples_per_second': '95.25', 'eval_steps_per_second': '6.04', 'epoch': '3'}
CustomImageProcessor configuration saved to checkpoints/stop4b_cost_ratio_breakhis_dinov3_convnext_lora_breakhis_balanced_costr1_timm_dinov3_convnext_lora_nicme_logit_adjustment_seed44/checkpoint-162/preprocessor_config.json
{'loss': '0.6249', 'grad_norm': '27.95', 'learning_rate': '9.693e-05', 'epoch': '3.148'}
{'loss': '0.6933', 'grad_norm': '37.7', 'learning_rate': '9.638e-05', 'epoch': '3.333'}
{'loss': '0.6349', 'grad_norm': '30.89', 'learning_rate': '9.579e-05', 'epoch': '3.519'}
{'loss': '0.6452', 'grad_norm': '63.73', 'learning_rate': '9.515e-05', 'epoch': '3.704'}
{'loss': '0.7507', 'grad_norm': '79.18', 'learning_rate': '9.447e-05', 'epoch': '3.889'}
{'eval_loss': '1.124', 'eval_accuracy': '0.8073', 'eval_f1': '0.802', 'eval_balanced_accuracy': '0.8073', 'eval_macro_f1': '0.802', 'eval_atc': '0.1927', 'eval_normalized_atc': '0.1927', 'eval_target_recall': '0.9707', 'eval_target_fnr': '0.02927', 'eval_selection_score': '0.1945', 'eval_selection_accuracy_value': '0.8073', 'eval_nll': '0.8814', 'eval_brier': '0.3325', 'eval_ece': '0.1512', 'eval_auroc': '0.8323', 'eval_auprc': '0.7343', 'eval_runtime': '4.386', 'eval_samples_per_second': '93.47', 'eval_steps_per_second': '5.927', 'epoch': '4'}
CustomImageProcessor configuration saved to checkpoints/stop4b_cost_ratio_breakhis_dinov3_convnext_lora_breakhis_balanced_costr1_timm_dinov3_convnext_lora_nicme_logit_adjustment_seed44/checkpoint-216/preprocessor_config.json
{'loss': '0.6922', 'grad_norm': '32.15', 'learning_rate': '9.375e-05', 'epoch': '4.074'}
{'loss': '0.5574', 'grad_norm': '38.65', 'learning_rate': '9.299e-05', 'epoch': '4.259'}
{'loss': '0.6386', 'grad_norm': '35.32', 'learning_rate': '9.219e-05', 'epoch': '4.444'}
{'loss': '0.5519', 'grad_norm': '45.15', 'learning_rate': '9.135e-05', 'epoch': '4.63'}
{'loss': '0.6605', 'grad_norm': '63.37', 'learning_rate': '9.047e-05', 'epoch': '4.815'}
{'loss': '0.4541', 'grad_norm': '38.71', 'learning_rate': '8.955e-05', 'epoch': '5'}
{'eval_loss': '1.374', 'eval_accuracy': '0.8195', 'eval_f1': '0.8141', 'eval_balanced_accuracy': '0.8195', 'eval_macro_f1': '0.8141', 'eval_atc': '0.1805', 'eval_normalized_atc': '0.1805', 'eval_target_recall': '0.9902', 'eval_target_fnr': '0.009756', 'eval_selection_score': '0.1814', 'eval_selection_accuracy_value': '0.8195', 'eval_nll': '1.067', 'eval_brier': '0.3252', 'eval_ece': '0.1565', 'eval_auroc': '0.8274', 'eval_auprc': '0.7022', 'eval_runtime': '4.291', 'eval_samples_per_second': '95.55', 'eval_steps_per_second': '6.059', 'epoch': '5'}
CustomImageProcessor configuration saved to checkpoints/stop4b_cost_ratio_breakhis_dinov3_convnext_lora_breakhis_balanced_costr1_timm_dinov3_convnext_lora_nicme_logit_adjustment_seed44/checkpoint-270/preprocessor_config.json
{'loss': '0.4681', 'grad_norm': '26.42', 'learning_rate': '8.86e-05', 'epoch': '5.185'}
{'loss': '0.4987', 'grad_norm': '34.65', 'learning_rate': '8.76e-05', 'epoch': '5.37'}
{'loss': '0.4685', 'grad_norm': '31.68', 'learning_rate': '8.658e-05', 'epoch': '5.556'}
{'loss': '0.5018', 'grad_norm': '44.91', 'learning_rate': '8.552e-05', 'epoch': '5.741'}
{'loss': '0.4171', 'grad_norm': '33.87', 'learning_rate': '8.442e-05', 'epoch': '5.926'}
{'eval_loss': '1.401', 'eval_accuracy': '0.822', 'eval_f1': '0.8171', 'eval_balanced_accuracy': '0.822', 'eval_macro_f1': '0.8171', 'eval_atc': '0.178', 'eval_normalized_atc': '0.178', 'eval_target_recall': '0.9854', 'eval_target_fnr': '0.01463', 'eval_selection_score': '0.1788', 'eval_selection_accuracy_value': '0.822', 'eval_nll': '1.087', 'eval_brier': '0.3237', 'eval_ece': '0.153', 'eval_auroc': '0.8277', 'eval_auprc': '0.6973', 'eval_runtime': '4.19', 'eval_samples_per_second': '97.85', 'eval_steps_per_second': '6.205', 'epoch': '6'}
CustomImageProcessor configuration saved to checkpoints/stop4b_cost_ratio_breakhis_dinov3_convnext_lora_breakhis_balanced_costr1_timm_dinov3_convnext_lora_nicme_logit_adjustment_seed44/checkpoint-324/preprocessor_config.json
{'train_runtime': '171.2', 'train_samples_per_second': '402.8', 'train_steps_per_second': '6.309', 'train_loss': '1.093', 'epoch': '6'}
***** train metrics *****
  epoch                    =        6.0
  total_flos               =        0GF
  train_loss               =     1.0927
  train_runtime            = 0:02:51.19
  train_samples_per_second =    402.815
  train_steps_per_second   =      6.309
Using device: cuda

============================================================
PERFORMING COMPREHENSIVE EVALUATION
============================================================
Results will be saved to: results/timm_dinov3_convnext_lora_test/stop4b_cost_ratio_breakhis_dinov3_convnext_lora_breakhis_balanced_costr1_timm_dinov3_convnext_lora_nicme_logit_adjustment_seed44_04-29_01-38
Saving run configuration...
Run configuration saved to: results/timm_dinov3_convnext_lora_test/stop4b_cost_ratio_breakhis_dinov3_convnext_lora_breakhis_balanced_costr1_timm_dinov3_convnext_lora_nicme_logit_adjustment_seed44_04-29_01-38/run_configuration_20260429_013816.json
Running model evaluation...
Computing detailed metrics...
Saving metrics to files...
Metrics saved to: results/timm_dinov3_convnext_lora_test/stop4b_cost_ratio_breakhis_dinov3_convnext_lora_breakhis_balanced_costr1_timm_dinov3_convnext_lora_nicme_logit_adjustment_seed44_04-29_01-38/metrics_20260429_013835_nicme_logit_adjustment.json and results/timm_dinov3_convnext_lora_test/stop4b_cost_ratio_breakhis_dinov3_convnext_lora_breakhis_balanced_costr1_timm_dinov3_convnext_lora_nicme_logit_adjustment_seed44_04-29_01-38/metrics_20260429_013835_nicme_logit_adjustment.txt
Creating confusion matrix visualizations...
Using provided class names: ['benign', 'malignant']
Confusion matrix visualizations (3-panel) saved to: results/timm_dinov3_convnext_lora_test/stop4b_cost_ratio_breakhis_dinov3_convnext_lora_breakhis_balanced_costr1_timm_dinov3_convnext_lora_nicme_logit_adjustment_seed44_04-29_01-38/confusion_matrix_20260429_013835_nicme_logit_adjustment.png and results/timm_dinov3_convnext_lora_test/stop4b_cost_ratio_breakhis_dinov3_convnext_lora_breakhis_balanced_costr1_timm_dinov3_convnext_lora_nicme_logit_adjustment_seed44_04-29_01-38/confusion_matrix_20260429_013835_nicme_logit_adjustment.pdf
Detailed confusion matrix saved to: results/timm_dinov3_convnext_lora_test/stop4b_cost_ratio_breakhis_dinov3_convnext_lora_breakhis_balanced_costr1_timm_dinov3_convnext_lora_nicme_logit_adjustment_seed44_04-29_01-38/confusion_matrix_detailed_20260429_013835_nicme_logit_adjustment.png

============================================================
TRAINING COMPLETED - RESULTS SUMMARY
============================================================
Output Directory: results/timm_dinov3_convnext_lora_test/stop4b_cost_ratio_breakhis_dinov3_convnext_lora_breakhis_balanced_costr1_timm_dinov3_convnext_lora_nicme_logit_adjustment_seed44_04-29_01-38
Overall Accuracy: 0.9273
Balanced Accuracy: 0.9273
Overall F1 Score: 0.9273
Kappa: 0.8546
AUC: 0.9807
Expected Cost: 0.0727
Loss Function Used: nicme_logit_adjustment
Total Test Samples: 564
Classes: benign, malignant

Detailed metrics and visualizations saved to: results/timm_dinov3_convnext_lora_test/stop4b_cost_ratio_breakhis_dinov3_convnext_lora_breakhis_balanced_costr1_timm_dinov3_convnext_lora_nicme_logit_adjustment_seed44_04-29_01-38
============================================================
