Prepared manifest loaded — Train=3448, Val=410, Calibration=538, Test=564
cuda
Using model backend=timm type=timm_dinov3_convnext_lora with 2 labels
Early stopping enabled with patience=3
Using device: cuda
{'loss': '3.57', 'grad_norm': '44.13', 'learning_rate': '1.667e-05', 'epoch': '0.1852'}
{'loss': '3.403', 'grad_norm': '55.24', 'learning_rate': '3.519e-05', 'epoch': '0.3704'}
{'loss': '3.072', 'grad_norm': '31.76', 'learning_rate': '5.37e-05', 'epoch': '0.5556'}
{'loss': '2.944', 'grad_norm': '39.74', 'learning_rate': '7.222e-05', 'epoch': '0.7407'}
{'loss': '2.646', 'grad_norm': '70.69', 'learning_rate': '9.074e-05', 'epoch': '0.9259'}
{'eval_loss': '0.6549', 'eval_accuracy': '0.778', 'eval_f1': '0.778', 'eval_balanced_accuracy': '0.778', 'eval_macro_f1': '0.778', 'eval_atc': '0.222', 'eval_normalized_atc': '0.222', 'eval_target_recall': '0.7756', 'eval_target_fnr': '0.2244', 'eval_selection_score': '0.3783', 'eval_selection_accuracy_value': '0.778', 'eval_nll': '0.4523', 'eval_brier': '0.2995', 'eval_ece': '0.03811', 'eval_auroc': '0.8565', 'eval_auprc': '0.8068', 'eval_runtime': '4.902', 'eval_samples_per_second': '83.63', 'eval_steps_per_second': '5.304', 'epoch': '1'}
CustomImageProcessor configuration saved to checkpoints/stop4b_cost_ratio_breakhis_dinov3_convnext_lora_breakhis_balanced_costr1_timm_dinov3_convnext_lora_nicme_hybrid_seed44/checkpoint-54/preprocessor_config.json
{'loss': '2.602', 'grad_norm': '145.8', 'learning_rate': '9.999e-05', 'epoch': '1.111'}
{'loss': '2.291', 'grad_norm': '41.39', 'learning_rate': '9.995e-05', 'epoch': '1.296'}
{'loss': '2.276', 'grad_norm': '81.3', 'learning_rate': '9.985e-05', 'epoch': '1.481'}
{'loss': '1.742', 'grad_norm': '29.95', 'learning_rate': '9.971e-05', 'epoch': '1.667'}
{'loss': '1.671', 'grad_norm': '75.14', 'learning_rate': '9.953e-05', 'epoch': '1.852'}
{'eval_loss': '0.691', 'eval_accuracy': '0.8415', 'eval_f1': '0.8408', 'eval_balanced_accuracy': '0.8415', 'eval_macro_f1': '0.8408', 'eval_atc': '0.1585', 'eval_normalized_atc': '0.1585', 'eval_target_recall': '0.9073', 'eval_target_fnr': '0.09268', 'eval_selection_score': '0.1743', 'eval_selection_accuracy_value': '0.8415', 'eval_nll': '0.4048', 'eval_brier': '0.2525', 'eval_ece': '0.07075', 'eval_auroc': '0.8854', 'eval_auprc': '0.8493', 'eval_runtime': '4.151', 'eval_samples_per_second': '98.78', 'eval_steps_per_second': '6.264', 'epoch': '2'}
CustomImageProcessor configuration saved to checkpoints/stop4b_cost_ratio_breakhis_dinov3_convnext_lora_breakhis_balanced_costr1_timm_dinov3_convnext_lora_nicme_hybrid_seed44/checkpoint-108/preprocessor_config.json
{'loss': '1.464', 'grad_norm': '99.91', 'learning_rate': '9.929e-05', 'epoch': '2.037'}
{'loss': '1.32', 'grad_norm': '60.59', 'learning_rate': '9.901e-05', 'epoch': '2.222'}
{'loss': '1.257', 'grad_norm': '48.03', 'learning_rate': '9.869e-05', 'epoch': '2.407'}
{'loss': '1.519', 'grad_norm': '58.21', 'learning_rate': '9.832e-05', 'epoch': '2.593'}
{'loss': '1.128', 'grad_norm': '54.35', 'learning_rate': '9.79e-05', 'epoch': '2.778'}
{'loss': '1.113', 'grad_norm': '77.57', 'learning_rate': '9.744e-05', 'epoch': '2.963'}
{'eval_loss': '1.502', 'eval_accuracy': '0.8341', 'eval_f1': '0.8295', 'eval_balanced_accuracy': '0.8341', 'eval_macro_f1': '0.8295', 'eval_atc': '0.1659', 'eval_normalized_atc': '0.1659', 'eval_target_recall': '1', 'eval_target_fnr': '0', 'eval_selection_score': '0.1661', 'eval_selection_accuracy_value': '0.8341', 'eval_nll': '0.7547', 'eval_brier': '0.3061', 'eval_ece': '0.1338', 'eval_auroc': '0.8392', 'eval_auprc': '0.7185', 'eval_runtime': '4.482', 'eval_samples_per_second': '91.48', 'eval_steps_per_second': '5.802', 'epoch': '3'}
CustomImageProcessor configuration saved to checkpoints/stop4b_cost_ratio_breakhis_dinov3_convnext_lora_breakhis_balanced_costr1_timm_dinov3_convnext_lora_nicme_hybrid_seed44/checkpoint-162/preprocessor_config.json
{'loss': '0.9579', 'grad_norm': '38.56', 'learning_rate': '9.693e-05', 'epoch': '3.148'}
{'loss': '1.078', 'grad_norm': '53.05', 'learning_rate': '9.638e-05', 'epoch': '3.333'}
{'loss': '1.07', 'grad_norm': '24.8', 'learning_rate': '9.579e-05', 'epoch': '3.519'}
{'loss': '1.207', 'grad_norm': '110.8', 'learning_rate': '9.515e-05', 'epoch': '3.704'}
{'loss': '0.9902', 'grad_norm': '31.09', 'learning_rate': '9.447e-05', 'epoch': '3.889'}
{'eval_loss': '1.283', 'eval_accuracy': '0.8341', 'eval_f1': '0.832', 'eval_balanced_accuracy': '0.8341', 'eval_macro_f1': '0.832', 'eval_atc': '0.1659', 'eval_normalized_atc': '0.1659', 'eval_target_recall': '0.9463', 'eval_target_fnr': '0.05366', 'eval_selection_score': '0.1683', 'eval_selection_accuracy_value': '0.8341', 'eval_nll': '0.6581', 'eval_brier': '0.2866', 'eval_ece': '0.1103', 'eval_auroc': '0.8533', 'eval_auprc': '0.7706', 'eval_runtime': '4.641', 'eval_samples_per_second': '88.35', 'eval_steps_per_second': '5.603', 'epoch': '4'}
CustomImageProcessor configuration saved to checkpoints/stop4b_cost_ratio_breakhis_dinov3_convnext_lora_breakhis_balanced_costr1_timm_dinov3_convnext_lora_nicme_hybrid_seed44/checkpoint-216/preprocessor_config.json
{'loss': '0.9975', 'grad_norm': '87.33', 'learning_rate': '9.375e-05', 'epoch': '4.074'}
{'loss': '0.9387', 'grad_norm': '71.76', 'learning_rate': '9.299e-05', 'epoch': '4.259'}
{'loss': '0.7433', 'grad_norm': '21.01', 'learning_rate': '9.219e-05', 'epoch': '4.444'}
{'loss': '0.7311', 'grad_norm': '43.28', 'learning_rate': '9.135e-05', 'epoch': '4.63'}
{'loss': '0.9686', 'grad_norm': '62.63', 'learning_rate': '9.047e-05', 'epoch': '4.815'}
{'loss': '0.5574', 'grad_norm': '47.29', 'learning_rate': '8.955e-05', 'epoch': '5'}
{'eval_loss': '1.687', 'eval_accuracy': '0.822', 'eval_f1': '0.8179', 'eval_balanced_accuracy': '0.822', 'eval_macro_f1': '0.8179', 'eval_atc': '0.178', 'eval_normalized_atc': '0.178', 'eval_target_recall': '0.9707', 'eval_target_fnr': '0.02927', 'eval_selection_score': '0.1788', 'eval_selection_accuracy_value': '0.822', 'eval_nll': '0.8515', 'eval_brier': '0.3212', 'eval_ece': '0.1435', 'eval_auroc': '0.8395', 'eval_auprc': '0.7392', 'eval_runtime': '4.225', 'eval_samples_per_second': '97.04', 'eval_steps_per_second': '6.154', 'epoch': '5'}
CustomImageProcessor configuration saved to checkpoints/stop4b_cost_ratio_breakhis_dinov3_convnext_lora_breakhis_balanced_costr1_timm_dinov3_convnext_lora_nicme_hybrid_seed44/checkpoint-270/preprocessor_config.json
{'loss': '0.6408', 'grad_norm': '26.61', 'learning_rate': '8.86e-05', 'epoch': '5.185'}
{'loss': '0.6161', 'grad_norm': '27.48', 'learning_rate': '8.76e-05', 'epoch': '5.37'}
{'loss': '0.6886', 'grad_norm': '77.58', 'learning_rate': '8.658e-05', 'epoch': '5.556'}
{'loss': '0.7814', 'grad_norm': '53.89', 'learning_rate': '8.552e-05', 'epoch': '5.741'}
{'loss': '0.8237', 'grad_norm': '54.82', 'learning_rate': '8.442e-05', 'epoch': '5.926'}
{'eval_loss': '2.354', 'eval_accuracy': '0.8098', 'eval_f1': '0.8026', 'eval_balanced_accuracy': '0.8098', 'eval_macro_f1': '0.8026', 'eval_atc': '0.1902', 'eval_normalized_atc': '0.1902', 'eval_target_recall': '1', 'eval_target_fnr': '0', 'eval_selection_score': '0.1919', 'eval_selection_accuracy_value': '0.8098', 'eval_nll': '1.17', 'eval_brier': '0.3599', 'eval_ece': '0.1721', 'eval_auroc': '0.8336', 'eval_auprc': '0.7068', 'eval_runtime': '4.23', 'eval_samples_per_second': '96.93', 'eval_steps_per_second': '6.147', 'epoch': '6'}
CustomImageProcessor configuration saved to checkpoints/stop4b_cost_ratio_breakhis_dinov3_convnext_lora_breakhis_balanced_costr1_timm_dinov3_convnext_lora_nicme_hybrid_seed44/checkpoint-324/preprocessor_config.json
{'train_runtime': '172.4', 'train_samples_per_second': '400.1', 'train_steps_per_second': '6.266', 'train_loss': '1.483', 'epoch': '6'}
***** train metrics *****
  epoch                    =        6.0
  total_flos               =        0GF
  train_loss               =      1.483
  train_runtime            = 0:02:52.36
  train_samples_per_second =    400.085
  train_steps_per_second   =      6.266
Using device: cuda

============================================================
PERFORMING COMPREHENSIVE EVALUATION
============================================================
Results will be saved to: results/timm_dinov3_convnext_lora_test/stop4b_cost_ratio_breakhis_dinov3_convnext_lora_breakhis_balanced_costr1_timm_dinov3_convnext_lora_nicme_hybrid_seed44_04-29_01-41
Saving run configuration...
Run configuration saved to: results/timm_dinov3_convnext_lora_test/stop4b_cost_ratio_breakhis_dinov3_convnext_lora_breakhis_balanced_costr1_timm_dinov3_convnext_lora_nicme_hybrid_seed44_04-29_01-41/run_configuration_20260429_014157.json
Running model evaluation...
Computing detailed metrics...
Saving metrics to files...
Metrics saved to: results/timm_dinov3_convnext_lora_test/stop4b_cost_ratio_breakhis_dinov3_convnext_lora_breakhis_balanced_costr1_timm_dinov3_convnext_lora_nicme_hybrid_seed44_04-29_01-41/metrics_20260429_014215_nicme_hybrid.json and results/timm_dinov3_convnext_lora_test/stop4b_cost_ratio_breakhis_dinov3_convnext_lora_breakhis_balanced_costr1_timm_dinov3_convnext_lora_nicme_hybrid_seed44_04-29_01-41/metrics_20260429_014215_nicme_hybrid.txt
Creating confusion matrix visualizations...
Using provided class names: ['benign', 'malignant']
Confusion matrix visualizations (3-panel) saved to: results/timm_dinov3_convnext_lora_test/stop4b_cost_ratio_breakhis_dinov3_convnext_lora_breakhis_balanced_costr1_timm_dinov3_convnext_lora_nicme_hybrid_seed44_04-29_01-41/confusion_matrix_20260429_014215_nicme_hybrid.png and results/timm_dinov3_convnext_lora_test/stop4b_cost_ratio_breakhis_dinov3_convnext_lora_breakhis_balanced_costr1_timm_dinov3_convnext_lora_nicme_hybrid_seed44_04-29_01-41/confusion_matrix_20260429_014215_nicme_hybrid.pdf
Detailed confusion matrix saved to: results/timm_dinov3_convnext_lora_test/stop4b_cost_ratio_breakhis_dinov3_convnext_lora_breakhis_balanced_costr1_timm_dinov3_convnext_lora_nicme_hybrid_seed44_04-29_01-41/confusion_matrix_detailed_20260429_014215_nicme_hybrid.png

============================================================
TRAINING COMPLETED - RESULTS SUMMARY
============================================================
Output Directory: results/timm_dinov3_convnext_lora_test/stop4b_cost_ratio_breakhis_dinov3_convnext_lora_breakhis_balanced_costr1_timm_dinov3_convnext_lora_nicme_hybrid_seed44_04-29_01-41
Overall Accuracy: 0.9273
Balanced Accuracy: 0.9273
Overall F1 Score: 0.9273
Kappa: 0.8546
AUC: 0.9840
Expected Cost: 0.0727
Loss Function Used: nicme_hybrid
Total Test Samples: 564
Classes: benign, malignant

Detailed metrics and visualizations saved to: results/timm_dinov3_convnext_lora_test/stop4b_cost_ratio_breakhis_dinov3_convnext_lora_breakhis_balanced_costr1_timm_dinov3_convnext_lora_nicme_hybrid_seed44_04-29_01-41
============================================================
