Prepared manifest loaded — Train=3448, Val=410, Calibration=538, Test=564
cuda
Using model backend=timm type=timm_dinov3_convnext_lora with 2 labels
Early stopping enabled with patience=3
Using device: cuda
{'loss': '3.181', 'grad_norm': '26.88', 'learning_rate': '1.667e-05', 'epoch': '0.1852'}
{'loss': '2.988', 'grad_norm': '30.75', 'learning_rate': '3.519e-05', 'epoch': '0.3704'}
{'loss': '2.717', 'grad_norm': '19.81', 'learning_rate': '5.37e-05', 'epoch': '0.5556'}
{'loss': '2.478', 'grad_norm': '47.74', 'learning_rate': '7.222e-05', 'epoch': '0.7407'}
{'loss': '2.068', 'grad_norm': '78.23', 'learning_rate': '9.074e-05', 'epoch': '0.9259'}
{'eval_loss': '0.4787', 'eval_accuracy': '0.7976', 'eval_f1': '0.7974', 'eval_balanced_accuracy': '0.7976', 'eval_macro_f1': '0.7974', 'eval_atc': '0.2902', 'eval_normalized_atc': '0.1451', 'eval_target_recall': '0.8244', 'eval_target_fnr': '0.1756', 'eval_selection_score': '0.2327', 'eval_selection_accuracy_value': '0.7976', 'eval_nll': '0.4241', 'eval_brier': '0.2817', 'eval_ece': '0.04591', 'eval_auroc': '0.8652', 'eval_auprc': '0.8244', 'eval_runtime': '4.71', 'eval_samples_per_second': '87.06', 'eval_steps_per_second': '5.521', 'epoch': '1'}
CustomImageProcessor configuration saved to checkpoints/stop4b_cost_ratio_breakhis_dinov3_convnext_lora_breakhis_balanced_costr2_timm_dinov3_convnext_lora_nicme_logit_adjustment_seed44/checkpoint-54/preprocessor_config.json
{'loss': '1.991', 'grad_norm': '87.59', 'learning_rate': '9.999e-05', 'epoch': '1.111'}
{'loss': '1.688', 'grad_norm': '28.74', 'learning_rate': '9.995e-05', 'epoch': '1.296'}
{'loss': '1.683', 'grad_norm': '33.83', 'learning_rate': '9.985e-05', 'epoch': '1.481'}
{'loss': '1.29', 'grad_norm': '36.69', 'learning_rate': '9.971e-05', 'epoch': '1.667'}
{'loss': '1.325', 'grad_norm': '80.68', 'learning_rate': '9.953e-05', 'epoch': '1.852'}
{'eval_loss': '0.4935', 'eval_accuracy': '0.8415', 'eval_f1': '0.8406', 'eval_balanced_accuracy': '0.8415', 'eval_macro_f1': '0.8406', 'eval_atc': '0.2', 'eval_normalized_atc': '0.1', 'eval_target_recall': '0.9171', 'eval_target_fnr': '0.08293', 'eval_selection_score': '0.1113', 'eval_selection_accuracy_value': '0.8415', 'eval_nll': '0.4109', 'eval_brier': '0.2525', 'eval_ece': '0.05885', 'eval_auroc': '0.8893', 'eval_auprc': '0.8525', 'eval_runtime': '4.075', 'eval_samples_per_second': '100.6', 'eval_steps_per_second': '6.381', 'epoch': '2'}
CustomImageProcessor configuration saved to checkpoints/stop4b_cost_ratio_breakhis_dinov3_convnext_lora_breakhis_balanced_costr2_timm_dinov3_convnext_lora_nicme_logit_adjustment_seed44/checkpoint-108/preprocessor_config.json
{'loss': '1.206', 'grad_norm': '95.94', 'learning_rate': '9.929e-05', 'epoch': '2.037'}
{'loss': '1.089', 'grad_norm': '77.9', 'learning_rate': '9.901e-05', 'epoch': '2.222'}
{'loss': '0.9213', 'grad_norm': '45.5', 'learning_rate': '9.869e-05', 'epoch': '2.407'}
{'loss': '1.14', 'grad_norm': '61.12', 'learning_rate': '9.832e-05', 'epoch': '2.593'}
{'loss': '0.8342', 'grad_norm': '37.31', 'learning_rate': '9.79e-05', 'epoch': '2.778'}
{'loss': '0.8717', 'grad_norm': '64.51', 'learning_rate': '9.744e-05', 'epoch': '2.963'}
{'eval_loss': '0.9274', 'eval_accuracy': '0.839', 'eval_f1': '0.8347', 'eval_balanced_accuracy': '0.839', 'eval_macro_f1': '0.8347', 'eval_atc': '0.161', 'eval_normalized_atc': '0.08049', 'eval_target_recall': '1', 'eval_target_fnr': '0', 'eval_selection_score': '0.08061', 'eval_selection_accuracy_value': '0.839', 'eval_nll': '0.7275', 'eval_brier': '0.2959', 'eval_ece': '0.1293', 'eval_auroc': '0.8488', 'eval_auprc': '0.7481', 'eval_runtime': '4.391', 'eval_samples_per_second': '93.37', 'eval_steps_per_second': '5.921', 'epoch': '3'}
CustomImageProcessor configuration saved to checkpoints/stop4b_cost_ratio_breakhis_dinov3_convnext_lora_breakhis_balanced_costr2_timm_dinov3_convnext_lora_nicme_logit_adjustment_seed44/checkpoint-162/preprocessor_config.json
{'loss': '0.6926', 'grad_norm': '29.07', 'learning_rate': '9.693e-05', 'epoch': '3.148'}
{'loss': '0.8632', 'grad_norm': '35.49', 'learning_rate': '9.638e-05', 'epoch': '3.333'}
{'loss': '0.8781', 'grad_norm': '24.52', 'learning_rate': '9.579e-05', 'epoch': '3.519'}
{'loss': '0.8912', 'grad_norm': '38.1', 'learning_rate': '9.515e-05', 'epoch': '3.704'}
{'loss': '0.7079', 'grad_norm': '26.32', 'learning_rate': '9.447e-05', 'epoch': '3.889'}
{'eval_loss': '0.8219', 'eval_accuracy': '0.8293', 'eval_f1': '0.8269', 'eval_balanced_accuracy': '0.8293', 'eval_macro_f1': '0.8269', 'eval_atc': '0.1976', 'eval_normalized_atc': '0.09878', 'eval_target_recall': '0.9463', 'eval_target_fnr': '0.05366', 'eval_selection_score': '0.1014', 'eval_selection_accuracy_value': '0.8293', 'eval_nll': '0.643', 'eval_brier': '0.2945', 'eval_ece': '0.1136', 'eval_auroc': '0.8643', 'eval_auprc': '0.8036', 'eval_runtime': '4.182', 'eval_samples_per_second': '98.04', 'eval_steps_per_second': '6.217', 'epoch': '4'}
CustomImageProcessor configuration saved to checkpoints/stop4b_cost_ratio_breakhis_dinov3_convnext_lora_breakhis_balanced_costr2_timm_dinov3_convnext_lora_nicme_logit_adjustment_seed44/checkpoint-216/preprocessor_config.json
{'loss': '0.704', 'grad_norm': '59.57', 'learning_rate': '9.375e-05', 'epoch': '4.074'}
{'loss': '0.6342', 'grad_norm': '40.26', 'learning_rate': '9.299e-05', 'epoch': '4.259'}
{'loss': '0.6094', 'grad_norm': '27.5', 'learning_rate': '9.219e-05', 'epoch': '4.444'}
{'loss': '0.5482', 'grad_norm': '43.44', 'learning_rate': '9.135e-05', 'epoch': '4.63'}
{'loss': '0.6942', 'grad_norm': '35.48', 'learning_rate': '9.047e-05', 'epoch': '4.815'}
{'loss': '0.4263', 'grad_norm': '30.5', 'learning_rate': '8.955e-05', 'epoch': '5'}
{'eval_loss': '1.07', 'eval_accuracy': '0.822', 'eval_f1': '0.8182', 'eval_balanced_accuracy': '0.822', 'eval_macro_f1': '0.8182', 'eval_atc': '0.1951', 'eval_normalized_atc': '0.09756', 'eval_target_recall': '0.9659', 'eval_target_fnr': '0.03415', 'eval_selection_score': '0.09842', 'eval_selection_accuracy_value': '0.822', 'eval_nll': '0.8309', 'eval_brier': '0.3132', 'eval_ece': '0.1365', 'eval_auroc': '0.8518', 'eval_auprc': '0.768', 'eval_runtime': '4.203', 'eval_samples_per_second': '97.56', 'eval_steps_per_second': '6.187', 'epoch': '5'}
CustomImageProcessor configuration saved to checkpoints/stop4b_cost_ratio_breakhis_dinov3_convnext_lora_breakhis_balanced_costr2_timm_dinov3_convnext_lora_nicme_logit_adjustment_seed44/checkpoint-270/preprocessor_config.json
{'loss': '0.4758', 'grad_norm': '21.73', 'learning_rate': '8.86e-05', 'epoch': '5.185'}
{'loss': '0.4385', 'grad_norm': '27.24', 'learning_rate': '8.76e-05', 'epoch': '5.37'}
{'loss': '0.5345', 'grad_norm': '62.09', 'learning_rate': '8.658e-05', 'epoch': '5.556'}
{'loss': '0.7507', 'grad_norm': '29.95', 'learning_rate': '8.552e-05', 'epoch': '5.741'}
{'loss': '0.5561', 'grad_norm': '27.51', 'learning_rate': '8.442e-05', 'epoch': '5.926'}
{'eval_loss': '1.462', 'eval_accuracy': '0.8171', 'eval_f1': '0.8111', 'eval_balanced_accuracy': '0.8171', 'eval_macro_f1': '0.8111', 'eval_atc': '0.1854', 'eval_normalized_atc': '0.09268', 'eval_target_recall': '0.9951', 'eval_target_fnr': '0.004878', 'eval_selection_score': '0.09377', 'eval_selection_accuracy_value': '0.8171', 'eval_nll': '1.134', 'eval_brier': '0.3478', 'eval_ece': '0.1694', 'eval_auroc': '0.8334', 'eval_auprc': '0.7118', 'eval_runtime': '4.336', 'eval_samples_per_second': '94.56', 'eval_steps_per_second': '5.996', 'epoch': '6'}
CustomImageProcessor configuration saved to checkpoints/stop4b_cost_ratio_breakhis_dinov3_convnext_lora_breakhis_balanced_costr2_timm_dinov3_convnext_lora_nicme_logit_adjustment_seed44/checkpoint-324/preprocessor_config.json
{'train_runtime': '170.5', 'train_samples_per_second': '404.4', 'train_steps_per_second': '6.333', 'train_loss': '1.175', 'epoch': '6'}
***** train metrics *****
  epoch                    =        6.0
  total_flos               =        0GF
  train_loss               =     1.1748
  train_runtime            = 0:02:50.53
  train_samples_per_second =    404.379
  train_steps_per_second   =      6.333
Using device: cuda

============================================================
PERFORMING COMPREHENSIVE EVALUATION
============================================================
Results will be saved to: results/timm_dinov3_convnext_lora_test/stop4b_cost_ratio_breakhis_dinov3_convnext_lora_breakhis_balanced_costr2_timm_dinov3_convnext_lora_nicme_logit_adjustment_seed44_04-29_02-13
Saving run configuration...
Run configuration saved to: results/timm_dinov3_convnext_lora_test/stop4b_cost_ratio_breakhis_dinov3_convnext_lora_breakhis_balanced_costr2_timm_dinov3_convnext_lora_nicme_logit_adjustment_seed44_04-29_02-13/run_configuration_20260429_021301.json
Running model evaluation...
Computing detailed metrics...
Saving metrics to files...
Metrics saved to: results/timm_dinov3_convnext_lora_test/stop4b_cost_ratio_breakhis_dinov3_convnext_lora_breakhis_balanced_costr2_timm_dinov3_convnext_lora_nicme_logit_adjustment_seed44_04-29_02-13/metrics_20260429_021320_nicme_logit_adjustment.json and results/timm_dinov3_convnext_lora_test/stop4b_cost_ratio_breakhis_dinov3_convnext_lora_breakhis_balanced_costr2_timm_dinov3_convnext_lora_nicme_logit_adjustment_seed44_04-29_02-13/metrics_20260429_021320_nicme_logit_adjustment.txt
Creating confusion matrix visualizations...
Using provided class names: ['benign', 'malignant']
Confusion matrix visualizations (3-panel) saved to: results/timm_dinov3_convnext_lora_test/stop4b_cost_ratio_breakhis_dinov3_convnext_lora_breakhis_balanced_costr2_timm_dinov3_convnext_lora_nicme_logit_adjustment_seed44_04-29_02-13/confusion_matrix_20260429_021320_nicme_logit_adjustment.png and results/timm_dinov3_convnext_lora_test/stop4b_cost_ratio_breakhis_dinov3_convnext_lora_breakhis_balanced_costr2_timm_dinov3_convnext_lora_nicme_logit_adjustment_seed44_04-29_02-13/confusion_matrix_20260429_021320_nicme_logit_adjustment.pdf
Detailed confusion matrix saved to: results/timm_dinov3_convnext_lora_test/stop4b_cost_ratio_breakhis_dinov3_convnext_lora_breakhis_balanced_costr2_timm_dinov3_convnext_lora_nicme_logit_adjustment_seed44_04-29_02-13/confusion_matrix_detailed_20260429_021320_nicme_logit_adjustment.png

============================================================
TRAINING COMPLETED - RESULTS SUMMARY
============================================================
Output Directory: results/timm_dinov3_convnext_lora_test/stop4b_cost_ratio_breakhis_dinov3_convnext_lora_breakhis_balanced_costr2_timm_dinov3_convnext_lora_nicme_logit_adjustment_seed44_04-29_02-13
Overall Accuracy: 0.9273
Balanced Accuracy: 0.9273
Overall F1 Score: 0.9273
Kappa: 0.8546
AUC: 0.9799
Expected Cost: 0.1099
Loss Function Used: nicme_logit_adjustment
Total Test Samples: 564
Classes: benign, malignant

Detailed metrics and visualizations saved to: results/timm_dinov3_convnext_lora_test/stop4b_cost_ratio_breakhis_dinov3_convnext_lora_breakhis_balanced_costr2_timm_dinov3_convnext_lora_nicme_logit_adjustment_seed44_04-29_02-13
============================================================
