Prepared manifest loaded — Train=3448, Val=410, Calibration=538, Test=564
cuda
Using model backend=timm type=timm_dinov3_convnext_lora with 2 labels
Early stopping enabled with patience=3
Using device: cuda
{'loss': '5.069', 'grad_norm': '118.8', 'learning_rate': '1.667e-05', 'epoch': '0.1852'}
{'loss': '4.151', 'grad_norm': '34.11', 'learning_rate': '3.519e-05', 'epoch': '0.3704'}
{'loss': '3.445', 'grad_norm': '85.19', 'learning_rate': '5.37e-05', 'epoch': '0.5556'}
{'loss': '3.081', 'grad_norm': '28.87', 'learning_rate': '7.222e-05', 'epoch': '0.7407'}
{'loss': '2.875', 'grad_norm': '94.82', 'learning_rate': '9.074e-05', 'epoch': '0.9259'}
{'eval_loss': '0.66', 'eval_accuracy': '0.8098', 'eval_f1': '0.8044', 'eval_balanced_accuracy': '0.8098', 'eval_macro_f1': '0.8044', 'eval_atc': '0.239', 'eval_normalized_atc': '0.0478', 'eval_target_recall': '0.9756', 'eval_target_fnr': '0.02439', 'eval_selection_score': '0.04942', 'eval_selection_accuracy_value': '0.8098', 'eval_nll': '0.5309', 'eval_brier': '0.3474', 'eval_ece': '0.155', 'eval_auroc': '0.8745', 'eval_auprc': '0.8476', 'eval_runtime': '5.163', 'eval_samples_per_second': '79.41', 'eval_steps_per_second': '5.036', 'epoch': '1'}
CustomImageProcessor configuration saved to checkpoints/stop4b_cost_ratio_breakhis_dinov3_convnext_lora_breakhis_balanced_costr5_timm_dinov3_convnext_lora_nicme_hybrid_seed44/checkpoint-54/preprocessor_config.json
{'loss': '2.715', 'grad_norm': '100.3', 'learning_rate': '9.999e-05', 'epoch': '1.111'}
{'loss': '2.428', 'grad_norm': '69.27', 'learning_rate': '9.995e-05', 'epoch': '1.296'}
{'loss': '2.629', 'grad_norm': '212.4', 'learning_rate': '9.985e-05', 'epoch': '1.481'}
{'loss': '2.429', 'grad_norm': '21.98', 'learning_rate': '9.971e-05', 'epoch': '1.667'}
{'loss': '2.231', 'grad_norm': '38.45', 'learning_rate': '9.953e-05', 'epoch': '1.852'}
{'eval_loss': '0.4961', 'eval_accuracy': '0.8585', 'eval_f1': '0.8578', 'eval_balanced_accuracy': '0.8585', 'eval_macro_f1': '0.8578', 'eval_atc': '0.278', 'eval_normalized_atc': '0.05561', 'eval_target_recall': '0.9317', 'eval_target_fnr': '0.06829', 'eval_selection_score': '0.06148', 'eval_selection_accuracy_value': '0.8585', 'eval_nll': '0.3364', 'eval_brier': '0.2077', 'eval_ece': '0.05082', 'eval_auroc': '0.9223', 'eval_auprc': '0.9005', 'eval_runtime': '4.312', 'eval_samples_per_second': '95.09', 'eval_steps_per_second': '6.03', 'epoch': '2'}
CustomImageProcessor configuration saved to checkpoints/stop4b_cost_ratio_breakhis_dinov3_convnext_lora_breakhis_balanced_costr5_timm_dinov3_convnext_lora_nicme_hybrid_seed44/checkpoint-108/preprocessor_config.json
{'loss': '2.087', 'grad_norm': '249.7', 'learning_rate': '9.929e-05', 'epoch': '2.037'}
{'loss': '1.846', 'grad_norm': '34.75', 'learning_rate': '9.901e-05', 'epoch': '2.222'}
{'loss': '1.76', 'grad_norm': '40.83', 'learning_rate': '9.869e-05', 'epoch': '2.407'}
{'loss': '1.972', 'grad_norm': '54.3', 'learning_rate': '9.832e-05', 'epoch': '2.593'}
{'loss': '1.525', 'grad_norm': '64.33', 'learning_rate': '9.79e-05', 'epoch': '2.778'}
{'loss': '1.52', 'grad_norm': '41.16', 'learning_rate': '9.744e-05', 'epoch': '2.963'}
{'eval_loss': '1.307', 'eval_accuracy': '0.8122', 'eval_f1': '0.8053', 'eval_balanced_accuracy': '0.8122', 'eval_macro_f1': '0.8053', 'eval_atc': '0.1878', 'eval_normalized_atc': '0.03756', 'eval_target_recall': '1', 'eval_target_fnr': '0', 'eval_selection_score': '0.03899', 'eval_selection_accuracy_value': '0.8122', 'eval_nll': '0.6873', 'eval_brier': '0.3312', 'eval_ece': '0.1336', 'eval_auroc': '0.875', 'eval_auprc': '0.8063', 'eval_runtime': '4.157', 'eval_samples_per_second': '98.63', 'eval_steps_per_second': '6.255', 'epoch': '3'}
CustomImageProcessor configuration saved to checkpoints/stop4b_cost_ratio_breakhis_dinov3_convnext_lora_breakhis_balanced_costr5_timm_dinov3_convnext_lora_nicme_hybrid_seed44/checkpoint-162/preprocessor_config.json
{'loss': '1.672', 'grad_norm': '126.2', 'learning_rate': '9.693e-05', 'epoch': '3.148'}
{'loss': '1.593', 'grad_norm': '45.25', 'learning_rate': '9.638e-05', 'epoch': '3.333'}
{'loss': '1.408', 'grad_norm': '35.21', 'learning_rate': '9.579e-05', 'epoch': '3.519'}
{'loss': '1.674', 'grad_norm': '70.73', 'learning_rate': '9.515e-05', 'epoch': '3.704'}
{'loss': '1.414', 'grad_norm': '55.41', 'learning_rate': '9.447e-05', 'epoch': '3.889'}
{'eval_loss': '0.9936', 'eval_accuracy': '0.822', 'eval_f1': '0.8182', 'eval_balanced_accuracy': '0.822', 'eval_macro_f1': '0.8182', 'eval_atc': '0.2463', 'eval_normalized_atc': '0.04927', 'eval_target_recall': '0.9659', 'eval_target_fnr': '0.03415', 'eval_selection_score': '0.05012', 'eval_selection_accuracy_value': '0.822', 'eval_nll': '0.5394', 'eval_brier': '0.2933', 'eval_ece': '0.09814', 'eval_auroc': '0.8726', 'eval_auprc': '0.8249', 'eval_runtime': '4.015', 'eval_samples_per_second': '102.1', 'eval_steps_per_second': '6.476', 'epoch': '4'}
CustomImageProcessor configuration saved to checkpoints/stop4b_cost_ratio_breakhis_dinov3_convnext_lora_breakhis_balanced_costr5_timm_dinov3_convnext_lora_nicme_hybrid_seed44/checkpoint-216/preprocessor_config.json
{'loss': '1.371', 'grad_norm': '87.62', 'learning_rate': '9.375e-05', 'epoch': '4.074'}
{'loss': '1.087', 'grad_norm': '70.99', 'learning_rate': '9.299e-05', 'epoch': '4.259'}
{'loss': '1.4', 'grad_norm': '88.12', 'learning_rate': '9.219e-05', 'epoch': '4.444'}
{'loss': '1.111', 'grad_norm': '43.33', 'learning_rate': '9.135e-05', 'epoch': '4.63'}
{'loss': '1.193', 'grad_norm': '52', 'learning_rate': '9.047e-05', 'epoch': '4.815'}
{'loss': '0.9243', 'grad_norm': '55.95', 'learning_rate': '8.955e-05', 'epoch': '5'}
{'eval_loss': '1.281', 'eval_accuracy': '0.8098', 'eval_f1': '0.8044', 'eval_balanced_accuracy': '0.8098', 'eval_macro_f1': '0.8044', 'eval_atc': '0.239', 'eval_normalized_atc': '0.0478', 'eval_target_recall': '0.9756', 'eval_target_fnr': '0.02439', 'eval_selection_score': '0.04942', 'eval_selection_accuracy_value': '0.8098', 'eval_nll': '0.6549', 'eval_brier': '0.3174', 'eval_ece': '0.1319', 'eval_auroc': '0.8812', 'eval_auprc': '0.822', 'eval_runtime': '4.37', 'eval_samples_per_second': '93.83', 'eval_steps_per_second': '5.95', 'epoch': '5'}
CustomImageProcessor configuration saved to checkpoints/stop4b_cost_ratio_breakhis_dinov3_convnext_lora_breakhis_balanced_costr5_timm_dinov3_convnext_lora_nicme_hybrid_seed44/checkpoint-270/preprocessor_config.json
{'loss': '0.9414', 'grad_norm': '47.11', 'learning_rate': '8.86e-05', 'epoch': '5.185'}
{'loss': '0.898', 'grad_norm': '69.08', 'learning_rate': '8.76e-05', 'epoch': '5.37'}
{'loss': '0.7246', 'grad_norm': '44.79', 'learning_rate': '8.658e-05', 'epoch': '5.556'}
{'loss': '1.077', 'grad_norm': '74.07', 'learning_rate': '8.552e-05', 'epoch': '5.741'}
{'loss': '0.7301', 'grad_norm': '41.86', 'learning_rate': '8.442e-05', 'epoch': '5.926'}
{'eval_loss': '1.913', 'eval_accuracy': '0.8098', 'eval_f1': '0.8026', 'eval_balanced_accuracy': '0.8098', 'eval_macro_f1': '0.8026', 'eval_atc': '0.1902', 'eval_normalized_atc': '0.03805', 'eval_target_recall': '1', 'eval_target_fnr': '0', 'eval_selection_score': '0.03967', 'eval_selection_accuracy_value': '0.8098', 'eval_nll': '0.9729', 'eval_brier': '0.3504', 'eval_ece': '0.1594', 'eval_auroc': '0.8404', 'eval_auprc': '0.716', 'eval_runtime': '4.178', 'eval_samples_per_second': '98.13', 'eval_steps_per_second': '6.223', 'epoch': '6'}
CustomImageProcessor configuration saved to checkpoints/stop4b_cost_ratio_breakhis_dinov3_convnext_lora_breakhis_balanced_costr5_timm_dinov3_convnext_lora_nicme_hybrid_seed44/checkpoint-324/preprocessor_config.json
{'train_runtime': '170.6', 'train_samples_per_second': '404.3', 'train_steps_per_second': '6.331', 'train_loss': '1.895', 'epoch': '6'}
***** train metrics *****
  epoch                    =        6.0
  total_flos               =        0GF
  train_loss               =     1.8953
  train_runtime            = 0:02:50.57
  train_samples_per_second =    404.275
  train_steps_per_second   =      6.331
Using device: cuda

============================================================
PERFORMING COMPREHENSIVE EVALUATION
============================================================
Results will be saved to: results/timm_dinov3_convnext_lora_test/stop4b_cost_ratio_breakhis_dinov3_convnext_lora_breakhis_balanced_costr5_timm_dinov3_convnext_lora_nicme_hybrid_seed44_04-29_02-53
Saving run configuration...
Run configuration saved to: results/timm_dinov3_convnext_lora_test/stop4b_cost_ratio_breakhis_dinov3_convnext_lora_breakhis_balanced_costr5_timm_dinov3_convnext_lora_nicme_hybrid_seed44_04-29_02-53/run_configuration_20260429_025317.json
Running model evaluation...
Computing detailed metrics...
Saving metrics to files...
Metrics saved to: results/timm_dinov3_convnext_lora_test/stop4b_cost_ratio_breakhis_dinov3_convnext_lora_breakhis_balanced_costr5_timm_dinov3_convnext_lora_nicme_hybrid_seed44_04-29_02-53/metrics_20260429_025335_nicme_hybrid.json and results/timm_dinov3_convnext_lora_test/stop4b_cost_ratio_breakhis_dinov3_convnext_lora_breakhis_balanced_costr5_timm_dinov3_convnext_lora_nicme_hybrid_seed44_04-29_02-53/metrics_20260429_025335_nicme_hybrid.txt
Creating confusion matrix visualizations...
Using provided class names: ['benign', 'malignant']
Confusion matrix visualizations (3-panel) saved to: results/timm_dinov3_convnext_lora_test/stop4b_cost_ratio_breakhis_dinov3_convnext_lora_breakhis_balanced_costr5_timm_dinov3_convnext_lora_nicme_hybrid_seed44_04-29_02-53/confusion_matrix_20260429_025335_nicme_hybrid.png and results/timm_dinov3_convnext_lora_test/stop4b_cost_ratio_breakhis_dinov3_convnext_lora_breakhis_balanced_costr5_timm_dinov3_convnext_lora_nicme_hybrid_seed44_04-29_02-53/confusion_matrix_20260429_025335_nicme_hybrid.pdf
Detailed confusion matrix saved to: results/timm_dinov3_convnext_lora_test/stop4b_cost_ratio_breakhis_dinov3_convnext_lora_breakhis_balanced_costr5_timm_dinov3_convnext_lora_nicme_hybrid_seed44_04-29_02-53/confusion_matrix_detailed_20260429_025335_nicme_hybrid.png

============================================================
TRAINING COMPLETED - RESULTS SUMMARY
============================================================
Output Directory: results/timm_dinov3_convnext_lora_test/stop4b_cost_ratio_breakhis_dinov3_convnext_lora_breakhis_balanced_costr5_timm_dinov3_convnext_lora_nicme_hybrid_seed44_04-29_02-53
Overall Accuracy: 0.8883
Balanced Accuracy: 0.8883
Overall F1 Score: 0.8876
Kappa: 0.7766
AUC: 0.9764
Expected Cost: 0.1826
Loss Function Used: nicme_hybrid
Total Test Samples: 564
Classes: benign, malignant

Detailed metrics and visualizations saved to: results/timm_dinov3_convnext_lora_test/stop4b_cost_ratio_breakhis_dinov3_convnext_lora_breakhis_balanced_costr5_timm_dinov3_convnext_lora_nicme_hybrid_seed44_04-29_02-53
============================================================
