Prepared manifest loaded — Train=3448, Val=410, Calibration=538, Test=564
cuda
Using model backend=timm type=binary_sota_convnext_base with 2 labels
Early stopping enabled with patience=5
Using device: cuda
{'loss': '2.93', 'grad_norm': '19.31', 'learning_rate': '2.601e-06', 'epoch': '0.1852'}
{'loss': '2.646', 'grad_norm': '15.63', 'learning_rate': '5.491e-06', 'epoch': '0.3704'}
{'loss': '2.404', 'grad_norm': '17.88', 'learning_rate': '8.382e-06', 'epoch': '0.5556'}
{'loss': '1.987', 'grad_norm': '29.01', 'learning_rate': '1.127e-05', 'epoch': '0.7407'}
{'loss': '1.64', 'grad_norm': '26.85', 'learning_rate': '1.416e-05', 'epoch': '0.9259'}
{'eval_loss': '0.3589', 'eval_accuracy': '0.861', 'eval_f1': '0.8584', 'eval_balanced_accuracy': '0.861', 'eval_macro_f1': '0.8584', 'eval_atc': '0.1537', 'eval_normalized_atc': '0.02195', 'eval_target_recall': '0.9951', 'eval_target_recall_macro': '0.9951', 'eval_target_fnr': '0.004878', 'eval_selection_score': '0.02195', 'eval_selection_accuracy_value': '0.861', 'eval_nll': '0.3589', 'eval_brier': '0.2166', 'eval_ece': '0.009742', 'eval_auroc': '0.9292', 'eval_auprc': '0.91', 'eval_runtime': '5.34', 'eval_samples_per_second': '76.78', 'eval_steps_per_second': '4.869', 'epoch': '1'}
CustomImageProcessor configuration saved to checkpoints/binary_camera_ready_cost8_7_lr5e5_multiseed_20260505/binary_breakhis_run_ce_anchor_binary_lr5e5_s42/checkpoint-54/preprocessor_config.json
{'loss': '1.33', 'grad_norm': '50.46', 'learning_rate': '1.705e-05', 'epoch': '1.111'}
{'loss': '1.03', 'grad_norm': '27.42', 'learning_rate': '1.994e-05', 'epoch': '1.296'}
{'loss': '0.9565', 'grad_norm': '47.9', 'learning_rate': '2.283e-05', 'epoch': '1.481'}
{'loss': '0.771', 'grad_norm': '15.6', 'learning_rate': '2.572e-05', 'epoch': '1.667'}
{'loss': '0.6155', 'grad_norm': '69.57', 'learning_rate': '2.861e-05', 'epoch': '1.852'}
{'eval_loss': '0.7533', 'eval_accuracy': '0.8293', 'eval_f1': '0.8258', 'eval_balanced_accuracy': '0.8293', 'eval_macro_f1': '0.8258', 'eval_atc': '0.2585', 'eval_normalized_atc': '0.03693', 'eval_target_recall': '0.9707', 'eval_target_recall_macro': '0.9707', 'eval_target_fnr': '0.02927', 'eval_selection_score': '0.03736', 'eval_selection_accuracy_value': '0.8293', 'eval_nll': '0.7533', 'eval_brier': '0.2933', 'eval_ece': '0.1246', 'eval_auroc': '0.8436', 'eval_auprc': '0.7531', 'eval_runtime': '4.544', 'eval_samples_per_second': '90.23', 'eval_steps_per_second': '5.722', 'epoch': '2'}
CustomImageProcessor configuration saved to checkpoints/binary_camera_ready_cost8_7_lr5e5_multiseed_20260505/binary_breakhis_run_ce_anchor_binary_lr5e5_s42/checkpoint-108/preprocessor_config.json
{'loss': '0.4863', 'grad_norm': '26.18', 'learning_rate': '3.15e-05', 'epoch': '2.037'}
{'loss': '0.5002', 'grad_norm': '51.04', 'learning_rate': '3.439e-05', 'epoch': '2.222'}
{'loss': '0.4386', 'grad_norm': '21.77', 'learning_rate': '3.728e-05', 'epoch': '2.407'}
{'loss': '0.4075', 'grad_norm': '51.11', 'learning_rate': '4.017e-05', 'epoch': '2.593'}
{'loss': '0.299', 'grad_norm': '97.6', 'learning_rate': '4.306e-05', 'epoch': '2.778'}
{'loss': '0.2988', 'grad_norm': '33.14', 'learning_rate': '4.595e-05', 'epoch': '2.963'}
{'eval_loss': '1.14', 'eval_accuracy': '0.8366', 'eval_f1': '0.8324', 'eval_balanced_accuracy': '0.8366', 'eval_macro_f1': '0.8324', 'eval_atc': '0.178', 'eval_normalized_atc': '0.02544', 'eval_target_recall': '0.9951', 'eval_target_recall_macro': '0.9951', 'eval_target_fnr': '0.004878', 'eval_selection_score': '0.02562', 'eval_selection_accuracy_value': '0.8366', 'eval_nll': '1.14', 'eval_brier': '0.3237', 'eval_ece': '0.1535', 'eval_auroc': '0.8099', 'eval_auprc': '0.7083', 'eval_runtime': '4.417', 'eval_samples_per_second': '92.82', 'eval_steps_per_second': '5.886', 'epoch': '3'}
CustomImageProcessor configuration saved to checkpoints/binary_camera_ready_cost8_7_lr5e5_multiseed_20260505/binary_breakhis_run_ce_anchor_binary_lr5e5_s42/checkpoint-162/preprocessor_config.json
{'loss': '0.336', 'grad_norm': '48.49', 'learning_rate': '4.884e-05', 'epoch': '3.148'}
{'loss': '0.2623', 'grad_norm': '41.71', 'learning_rate': '5e-05', 'epoch': '3.333'}
{'loss': '0.3189', 'grad_norm': '75.68', 'learning_rate': '4.999e-05', 'epoch': '3.519'}
{'loss': '0.3665', 'grad_norm': '39.12', 'learning_rate': '4.997e-05', 'epoch': '3.704'}
{'loss': '0.2699', 'grad_norm': '14.78', 'learning_rate': '4.993e-05', 'epoch': '3.889'}
{'eval_loss': '0.9698', 'eval_accuracy': '0.822', 'eval_f1': '0.8196', 'eval_balanced_accuracy': '0.822', 'eval_macro_f1': '0.8196', 'eval_atc': '0.3683', 'eval_normalized_atc': '0.05261', 'eval_target_recall': '0.9366', 'eval_target_recall_macro': '0.9366', 'eval_target_fnr': '0.06341', 'eval_selection_score': '0.05787', 'eval_selection_accuracy_value': '0.822', 'eval_nll': '0.9698', 'eval_brier': '0.3238', 'eval_ece': '0.1518', 'eval_auroc': '0.8317', 'eval_auprc': '0.7388', 'eval_runtime': '4.555', 'eval_samples_per_second': '90.01', 'eval_steps_per_second': '5.708', 'epoch': '4'}
CustomImageProcessor configuration saved to checkpoints/binary_camera_ready_cost8_7_lr5e5_multiseed_20260505/binary_breakhis_run_ce_anchor_binary_lr5e5_s42/checkpoint-216/preprocessor_config.json
{'loss': '0.1759', 'grad_norm': '46.04', 'learning_rate': '4.989e-05', 'epoch': '4.074'}
{'loss': '0.1955', 'grad_norm': '37.37', 'learning_rate': '4.984e-05', 'epoch': '4.259'}
{'loss': '0.3553', 'grad_norm': '33.03', 'learning_rate': '4.978e-05', 'epoch': '4.444'}
{'loss': '0.1451', 'grad_norm': '3.857', 'learning_rate': '4.971e-05', 'epoch': '4.63'}
{'loss': '0.2036', 'grad_norm': '36.5', 'learning_rate': '4.962e-05', 'epoch': '4.815'}
{'loss': '0.1748', 'grad_norm': '19.63', 'learning_rate': '4.953e-05', 'epoch': '5'}
{'eval_loss': '1.592', 'eval_accuracy': '0.8195', 'eval_f1': '0.8153', 'eval_balanced_accuracy': '0.8195', 'eval_macro_f1': '0.8153', 'eval_atc': '0.2683', 'eval_normalized_atc': '0.03833', 'eval_target_recall': '0.9707', 'eval_target_recall_macro': '0.9707', 'eval_target_fnr': '0.02927', 'eval_selection_score': '0.03926', 'eval_selection_accuracy_value': '0.8195', 'eval_nll': '1.592', 'eval_brier': '0.3498', 'eval_ece': '0.1752', 'eval_auroc': '0.8224', 'eval_auprc': '0.7682', 'eval_runtime': '4.583', 'eval_samples_per_second': '89.46', 'eval_steps_per_second': '5.673', 'epoch': '5'}
CustomImageProcessor configuration saved to checkpoints/binary_camera_ready_cost8_7_lr5e5_multiseed_20260505/binary_breakhis_run_ce_anchor_binary_lr5e5_s42/checkpoint-270/preprocessor_config.json
{'loss': '0.2725', 'grad_norm': '151.3', 'learning_rate': '4.943e-05', 'epoch': '5.185'}
{'loss': '0.236', 'grad_norm': '21.29', 'learning_rate': '4.932e-05', 'epoch': '5.37'}
{'loss': '0.08382', 'grad_norm': '5.279', 'learning_rate': '4.919e-05', 'epoch': '5.556'}
{'loss': '0.1074', 'grad_norm': '57.94', 'learning_rate': '4.906e-05', 'epoch': '5.741'}
{'loss': '0.2556', 'grad_norm': '77.84', 'learning_rate': '4.892e-05', 'epoch': '5.926'}
{'eval_loss': '2.037', 'eval_accuracy': '0.8073', 'eval_f1': '0.802', 'eval_balanced_accuracy': '0.8073', 'eval_macro_f1': '0.802', 'eval_atc': '0.2805', 'eval_normalized_atc': '0.04007', 'eval_target_recall': '0.9707', 'eval_target_recall_macro': '0.9707', 'eval_target_fnr': '0.02927', 'eval_selection_score': '0.04189', 'eval_selection_accuracy_value': '0.8073', 'eval_nll': '2.037', 'eval_brier': '0.3698', 'eval_ece': '0.1848', 'eval_auroc': '0.7908', 'eval_auprc': '0.6672', 'eval_runtime': '4.235', 'eval_samples_per_second': '96.8', 'eval_steps_per_second': '6.139', 'epoch': '6'}
CustomImageProcessor configuration saved to checkpoints/binary_camera_ready_cost8_7_lr5e5_multiseed_20260505/binary_breakhis_run_ce_anchor_binary_lr5e5_s42/checkpoint-324/preprocessor_config.json
{'train_runtime': '255', 'train_samples_per_second': '432.7', 'train_steps_per_second': '6.777', 'train_loss': '0.695', 'epoch': '6'}
***** train metrics *****
  epoch                    =        6.0
  total_flos               =        0GF
  train_loss               =      0.695
  train_runtime            = 0:04:14.98
  train_samples_per_second =    432.716
  train_steps_per_second   =      6.777
Using device: cuda

============================================================
PERFORMING COMPREHENSIVE EVALUATION
============================================================
Results will be saved to: results/binary_sota_convnext_base_test/binary_breakhis_run_ce_anchor_binary_lr5e5_s42_05-05_03-12
Saving run configuration...
Run configuration saved to: results/binary_sota_convnext_base_test/binary_breakhis_run_ce_anchor_binary_lr5e5_s42_05-05_03-12/run_configuration_20260505_031257.json
Running model evaluation...
Computing detailed metrics...
Saving metrics to files...
Metrics saved to: results/binary_sota_convnext_base_test/binary_breakhis_run_ce_anchor_binary_lr5e5_s42_05-05_03-12/metrics_20260505_031309_cross_entropy.json and results/binary_sota_convnext_base_test/binary_breakhis_run_ce_anchor_binary_lr5e5_s42_05-05_03-12/metrics_20260505_031309_cross_entropy.txt
Using provided class names: ['benign', 'malignant']
Skipping confusion matrix visualizations by configuration.

============================================================
TRAINING COMPLETED - RESULTS SUMMARY
============================================================
Output Directory: results/binary_sota_convnext_base_test/binary_breakhis_run_ce_anchor_binary_lr5e5_s42_05-05_03-12
Overall Accuracy: 0.8865
Balanced Accuracy: 0.8865
Overall F1 Score: 0.8862
Kappa: 0.7730
AUC: 0.9392
Expected Cost: 0.6028
Loss Function Used: cross_entropy
Total Test Samples: 564
Classes: benign, malignant

Detailed metrics saved to: results/binary_sota_convnext_base_test/binary_breakhis_run_ce_anchor_binary_lr5e5_s42_05-05_03-12
============================================================
