Prepared manifest loaded — Train=3448, Val=410, Calibration=538, Test=564
cuda
Using model backend=timm type=binary_sota_convnext_base with 2 labels
Loaded initial checkpoint: checkpoints/binary_camera_ready_cost8_7_lr5e5_multiseed_20260505/binary_breakhis_run_ce_anchor_binary_lr5e5_s42/checkpoint-54/model.safetensors
Early stopping enabled with patience=3
Using device: cuda
{'loss': '47.12', 'grad_norm': '349.5', 'learning_rate': '1.667e-06', 'epoch': '0.1852'}
{'loss': '41.87', 'grad_norm': '368.9', 'learning_rate': '3.519e-06', 'epoch': '0.3704'}
{'loss': '33.34', 'grad_norm': '286.3', 'learning_rate': '5.37e-06', 'epoch': '0.5556'}
{'loss': '22.39', 'grad_norm': '150.8', 'learning_rate': '7.222e-06', 'epoch': '0.7407'}
{'loss': '12.65', 'grad_norm': '75.75', 'learning_rate': '9.074e-06', 'epoch': '0.9259'}
{'eval_loss': '1.29', 'eval_accuracy': '0.5', 'eval_f1': '0.3333', 'eval_balanced_accuracy': '0.5', 'eval_macro_f1': '0.3333', 'eval_atc': '0.5', 'eval_normalized_atc': '0.07143', 'eval_target_recall': '1', 'eval_target_recall_macro': '1', 'eval_target_fnr': '0', 'eval_selection_score': '0.1939', 'eval_selection_accuracy_value': '0.5', 'eval_nll': '1.29', 'eval_brier': '0.8232', 'eval_ece': '0.4419', 'eval_auroc': '0.9336', 'eval_auprc': '0.9172', 'eval_runtime': '5.33', 'eval_samples_per_second': '76.92', 'eval_steps_per_second': '4.878', 'epoch': '1'}
CustomImageProcessor configuration saved to checkpoints/binary_camera_ready_cost8_7_lr5e5_multiseed_20260505/binary_breakhis_run_csada_lr5e5_s42/checkpoint-54/preprocessor_config.json
{'loss': '7.498', 'grad_norm': '25.14', 'learning_rate': '9.997e-06', 'epoch': '1.111'}
{'loss': '6.123', 'grad_norm': '18.01', 'learning_rate': '9.977e-06', 'epoch': '1.296'}
{'loss': '5.532', 'grad_norm': '14.92', 'learning_rate': '9.935e-06', 'epoch': '1.481'}
{'loss': '5.046', 'grad_norm': '17.23', 'learning_rate': '9.873e-06', 'epoch': '1.667'}
{'loss': '4.833', 'grad_norm': '17.36', 'learning_rate': '9.79e-06', 'epoch': '1.852'}
{'eval_loss': '0.7143', 'eval_accuracy': '0.7073', 'eval_f1': '0.6799', 'eval_balanced_accuracy': '0.7073', 'eval_macro_f1': '0.6799', 'eval_atc': '0.2927', 'eval_normalized_atc': '0.04181', 'eval_target_recall': '1', 'eval_target_recall_macro': '1', 'eval_target_fnr': '0', 'eval_selection_score': '0.06217', 'eval_selection_accuracy_value': '0.7073', 'eval_nll': '0.7143', 'eval_brier': '0.4583', 'eval_ece': '0.1665', 'eval_auroc': '0.9065', 'eval_auprc': '0.8794', 'eval_runtime': '4.589', 'eval_samples_per_second': '89.35', 'eval_steps_per_second': '5.666', 'epoch': '2'}
CustomImageProcessor configuration saved to checkpoints/binary_camera_ready_cost8_7_lr5e5_multiseed_20260505/binary_breakhis_run_csada_lr5e5_s42/checkpoint-108/preprocessor_config.json
{'loss': '4.63', 'grad_norm': '20.11', 'learning_rate': '9.687e-06', 'epoch': '2.037'}
{'loss': '4.221', 'grad_norm': '21.32', 'learning_rate': '9.565e-06', 'epoch': '2.222'}
{'loss': '4.034', 'grad_norm': '70.21', 'learning_rate': '9.424e-06', 'epoch': '2.407'}
{'loss': '3.839', 'grad_norm': '49.35', 'learning_rate': '9.264e-06', 'epoch': '2.593'}
{'loss': '3.776', 'grad_norm': '47.4', 'learning_rate': '9.086e-06', 'epoch': '2.778'}
{'loss': '3.236', 'grad_norm': '33', 'learning_rate': '8.892e-06', 'epoch': '2.963'}
{'eval_loss': '0.6578', 'eval_accuracy': '0.8268', 'eval_f1': '0.8215', 'eval_balanced_accuracy': '0.8268', 'eval_macro_f1': '0.8215', 'eval_atc': '0.1732', 'eval_normalized_atc': '0.02474', 'eval_target_recall': '1', 'eval_target_recall_macro': '1', 'eval_target_fnr': '0', 'eval_selection_score': '0.02528', 'eval_selection_accuracy_value': '0.8268', 'eval_nll': '0.6578', 'eval_brier': '0.3359', 'eval_ece': '0.1694', 'eval_auroc': '0.8818', 'eval_auprc': '0.838', 'eval_runtime': '4.446', 'eval_samples_per_second': '92.21', 'eval_steps_per_second': '5.847', 'epoch': '3'}
CustomImageProcessor configuration saved to checkpoints/binary_camera_ready_cost8_7_lr5e5_multiseed_20260505/binary_breakhis_run_csada_lr5e5_s42/checkpoint-162/preprocessor_config.json
{'loss': '3.229', 'grad_norm': '26.98', 'learning_rate': '8.681e-06', 'epoch': '3.148'}
{'loss': '3.322', 'grad_norm': '109.6', 'learning_rate': '8.455e-06', 'epoch': '3.333'}
{'loss': '2.964', 'grad_norm': '52.34', 'learning_rate': '8.214e-06', 'epoch': '3.519'}
{'loss': '2.852', 'grad_norm': '94.95', 'learning_rate': '7.96e-06', 'epoch': '3.704'}
{'loss': '3.441', 'grad_norm': '68.44', 'learning_rate': '7.693e-06', 'epoch': '3.889'}
{'eval_loss': '0.6465', 'eval_accuracy': '0.8293', 'eval_f1': '0.8241', 'eval_balanced_accuracy': '0.8293', 'eval_macro_f1': '0.8241', 'eval_atc': '0.1707', 'eval_normalized_atc': '0.02439', 'eval_target_recall': '1', 'eval_target_recall_macro': '1', 'eval_target_fnr': '0', 'eval_selection_score': '0.02482', 'eval_selection_accuracy_value': '0.8293', 'eval_nll': '0.6465', 'eval_brier': '0.3277', 'eval_ece': '0.148', 'eval_auroc': '0.8606', 'eval_auprc': '0.8071', 'eval_runtime': '4.572', 'eval_samples_per_second': '89.67', 'eval_steps_per_second': '5.686', 'epoch': '4'}
CustomImageProcessor configuration saved to checkpoints/binary_camera_ready_cost8_7_lr5e5_multiseed_20260505/binary_breakhis_run_csada_lr5e5_s42/checkpoint-216/preprocessor_config.json
{'train_runtime': '354.3', 'train_samples_per_second': '97.33', 'train_steps_per_second': '1.524', 'train_loss': '10.55', 'epoch': '4'}
***** train metrics *****
  epoch                    =        4.0
  total_flos               =        0GF
  train_loss               =    10.5524
  train_runtime            = 0:05:54.26
  train_samples_per_second =     97.329
  train_steps_per_second   =      1.524
Using device: cuda

============================================================
PERFORMING COMPREHENSIVE EVALUATION
============================================================
Results will be saved to: results/binary_sota_convnext_base_test/binary_breakhis_run_csada_lr5e5_s42_05-05_03-41
Saving run configuration...
Run configuration saved to: results/binary_sota_convnext_base_test/binary_breakhis_run_csada_lr5e5_s42_05-05_03-41/run_configuration_20260505_034158.json
Running model evaluation...
Computing detailed metrics...
Saving metrics to files...
Metrics saved to: results/binary_sota_convnext_base_test/binary_breakhis_run_csada_lr5e5_s42_05-05_03-41/metrics_20260505_034210_csada.json and results/binary_sota_convnext_base_test/binary_breakhis_run_csada_lr5e5_s42_05-05_03-41/metrics_20260505_034210_csada.txt
Using provided class names: ['benign', 'malignant']
Skipping confusion matrix visualizations by configuration.

============================================================
TRAINING COMPLETED - RESULTS SUMMARY
============================================================
Output Directory: results/binary_sota_convnext_base_test/binary_breakhis_run_csada_lr5e5_s42_05-05_03-41
Overall Accuracy: 0.5000
Balanced Accuracy: 0.5000
Overall F1 Score: 0.3333
Kappa: 0.0000
AUC: 0.9308
Expected Cost: 0.5000
Loss Function Used: csada
Total Test Samples: 564
Classes: benign, malignant

Detailed metrics saved to: results/binary_sota_convnext_base_test/binary_breakhis_run_csada_lr5e5_s42_05-05_03-41
============================================================
