Prepared manifest loaded — Train=970, Val=310, Calibration=0, Test=320
cuda
Using model backend=timm type=pmi10_convnext_base_fb_in22k_ft_in1k with 10 labels
Early stopping enabled with patience=5
Using device: cuda
{'loss': '9.273', 'grad_norm': '16.34', 'learning_rate': '1.082e-05', 'epoch': '0.6557'}
{'eval_loss': '1.898', 'eval_accuracy': '0.5032', 'eval_f1': '0.4612', 'eval_balanced_accuracy': '0.5032', 'eval_macro_f1': '0.4612', 'eval_atc': '1.326', 'eval_normalized_atc': '0.1326', 'eval_target_recall': '0.09677', 'eval_target_recall_macro': '0.4597', 'eval_target_fnr': '0.6452', 'eval_selection_score': '2.801', 'eval_selection_accuracy_value': '0.5032', 'eval_nll': '1.898', 'eval_brier': '0.7907', 'eval_ece': '0.3186', 'eval_auroc': '0', 'eval_auprc': '0', 'eval_runtime': '4.813', 'eval_samples_per_second': '64.42', 'eval_steps_per_second': '4.156', 'epoch': '1'}
CustomImageProcessor configuration saved to checkpoints/hpo-ce_convnext_base_fb_in22k_ft_in1k_ce_s42_trial0004/checkpoint-16/preprocessor_config.json
{'loss': '7.279', 'grad_norm': '23.41', 'learning_rate': '1.803e-05', 'epoch': '1.262'}
{'loss': '5.912', 'grad_norm': '22.84', 'learning_rate': '1.8e-05', 'epoch': '1.918'}
{'eval_loss': '1.18', 'eval_accuracy': '0.671', 'eval_f1': '0.638', 'eval_balanced_accuracy': '0.671', 'eval_macro_f1': '0.638', 'eval_atc': '0.7935', 'eval_normalized_atc': '0.07935', 'eval_target_recall': '0.3548', 'eval_target_recall_macro': '0.7097', 'eval_target_fnr': '0.2581', 'eval_selection_score': '1.285', 'eval_selection_accuracy_value': '0.671', 'eval_nll': '1.18', 'eval_brier': '0.5575', 'eval_ece': '0.2859', 'eval_auroc': '0', 'eval_auprc': '0', 'eval_runtime': '3.917', 'eval_samples_per_second': '79.15', 'eval_steps_per_second': '5.107', 'epoch': '2'}
CustomImageProcessor configuration saved to checkpoints/hpo-ce_convnext_base_fb_in22k_ft_in1k_ce_s42_trial0004/checkpoint-32/preprocessor_config.json
{'loss': '3.945', 'grad_norm': '21.5', 'learning_rate': '1.793e-05', 'epoch': '2.525'}
{'eval_loss': '0.717', 'eval_accuracy': '0.7581', 'eval_f1': '0.7496', 'eval_balanced_accuracy': '0.7581', 'eval_macro_f1': '0.7496', 'eval_atc': '0.7355', 'eval_normalized_atc': '0.07355', 'eval_target_recall': '0.3871', 'eval_target_recall_macro': '0.7177', 'eval_target_fnr': '0.2581', 'eval_selection_score': '1.128', 'eval_selection_accuracy_value': '0.7581', 'eval_nll': '0.717', 'eval_brier': '0.3684', 'eval_ece': '0.1625', 'eval_auroc': '0', 'eval_auprc': '0', 'eval_runtime': '3.649', 'eval_samples_per_second': '84.96', 'eval_steps_per_second': '5.482', 'epoch': '3'}
CustomImageProcessor configuration saved to checkpoints/hpo-ce_convnext_base_fb_in22k_ft_in1k_ce_s42_trial0004/checkpoint-48/preprocessor_config.json
{'loss': '2.938', 'grad_norm': '24.94', 'learning_rate': '1.783e-05', 'epoch': '3.131'}
{'loss': '2.509', 'grad_norm': '23.94', 'learning_rate': '1.769e-05', 'epoch': '3.787'}
{'eval_loss': '0.4995', 'eval_accuracy': '0.8065', 'eval_f1': '0.7971', 'eval_balanced_accuracy': '0.8065', 'eval_macro_f1': '0.7971', 'eval_atc': '0.4839', 'eval_normalized_atc': '0.04839', 'eval_target_recall': '0.3548', 'eval_target_recall_macro': '0.75', 'eval_target_fnr': '0.2258', 'eval_selection_score': '1.237', 'eval_selection_accuracy_value': '0.8065', 'eval_nll': '0.4995', 'eval_brier': '0.2516', 'eval_ece': '0.1515', 'eval_auroc': '0', 'eval_auprc': '0', 'eval_runtime': '3.67', 'eval_samples_per_second': '84.48', 'eval_steps_per_second': '5.45', 'epoch': '4'}
CustomImageProcessor configuration saved to checkpoints/hpo-ce_convnext_base_fb_in22k_ft_in1k_ce_s42_trial0004/checkpoint-64/preprocessor_config.json
{'loss': '1.802', 'grad_norm': '25.56', 'learning_rate': '1.751e-05', 'epoch': '4.393'}
{'loss': '1.514', 'grad_norm': '25.39', 'learning_rate': '1.731e-05', 'epoch': '5'}
{'eval_loss': '0.372', 'eval_accuracy': '0.9065', 'eval_f1': '0.9059', 'eval_balanced_accuracy': '0.9065', 'eval_macro_f1': '0.9059', 'eval_atc': '0.3548', 'eval_normalized_atc': '0.03548', 'eval_target_recall': '0.7742', 'eval_target_recall_macro': '0.879', 'eval_target_fnr': '0.1613', 'eval_selection_score': '0.09879', 'eval_selection_accuracy_value': '0.9065', 'eval_nll': '0.372', 'eval_brier': '0.1822', 'eval_ece': '0.1447', 'eval_auroc': '0', 'eval_auprc': '0', 'eval_runtime': '3.967', 'eval_samples_per_second': '78.14', 'eval_steps_per_second': '5.042', 'epoch': '5'}
CustomImageProcessor configuration saved to checkpoints/hpo-ce_convnext_base_fb_in22k_ft_in1k_ce_s42_trial0004/checkpoint-80/preprocessor_config.json
{'loss': '1.208', 'grad_norm': '24.84', 'learning_rate': '1.707e-05', 'epoch': '5.656'}
{'eval_loss': '0.2578', 'eval_accuracy': '0.9516', 'eval_f1': '0.9507', 'eval_balanced_accuracy': '0.9516', 'eval_macro_f1': '0.9507', 'eval_atc': '0.1935', 'eval_normalized_atc': '0.01935', 'eval_target_recall': '0.7742', 'eval_target_recall_macro': '0.9274', 'eval_target_fnr': '0', 'eval_selection_score': '0.08266', 'eval_selection_accuracy_value': '0.9516', 'eval_nll': '0.2578', 'eval_brier': '0.1144', 'eval_ece': '0.1285', 'eval_auroc': '0', 'eval_auprc': '0', 'eval_runtime': '3.885', 'eval_samples_per_second': '79.79', 'eval_steps_per_second': '5.148', 'epoch': '6'}
CustomImageProcessor configuration saved to checkpoints/hpo-ce_convnext_base_fb_in22k_ft_in1k_ce_s42_trial0004/checkpoint-96/preprocessor_config.json
{'loss': '0.954', 'grad_norm': '35.47', 'learning_rate': '1.679e-05', 'epoch': '6.262'}
{'loss': '0.8256', 'grad_norm': '16.9', 'learning_rate': '1.649e-05', 'epoch': '6.918'}
{'eval_loss': '0.2201', 'eval_accuracy': '0.9355', 'eval_f1': '0.934', 'eval_balanced_accuracy': '0.9355', 'eval_macro_f1': '0.934', 'eval_atc': '0.1226', 'eval_normalized_atc': '0.01226', 'eval_target_recall': '0.6774', 'eval_target_recall_macro': '0.9032', 'eval_target_fnr': '0', 'eval_selection_score': '0.2104', 'eval_selection_accuracy_value': '0.9355', 'eval_nll': '0.2201', 'eval_brier': '0.1027', 'eval_ece': '0.07421', 'eval_auroc': '0', 'eval_auprc': '0', 'eval_runtime': '3.969', 'eval_samples_per_second': '78.11', 'eval_steps_per_second': '5.04', 'epoch': '7'}
CustomImageProcessor configuration saved to checkpoints/hpo-ce_convnext_base_fb_in22k_ft_in1k_ce_s42_trial0004/checkpoint-112/preprocessor_config.json
{'loss': '0.5594', 'grad_norm': '21.74', 'learning_rate': '1.615e-05', 'epoch': '7.525'}
{'eval_loss': '0.1867', 'eval_accuracy': '0.9581', 'eval_f1': '0.9576', 'eval_balanced_accuracy': '0.9581', 'eval_macro_f1': '0.9576', 'eval_atc': '0.129', 'eval_normalized_atc': '0.0129', 'eval_target_recall': '0.8065', 'eval_target_recall_macro': '0.9355', 'eval_target_fnr': '0', 'eval_selection_score': '0.04791', 'eval_selection_accuracy_value': '0.9581', 'eval_nll': '0.1867', 'eval_brier': '0.08565', 'eval_ece': '0.07972', 'eval_auroc': '0', 'eval_auprc': '0', 'eval_runtime': '3.54', 'eval_samples_per_second': '87.57', 'eval_steps_per_second': '5.649', 'epoch': '8'}
CustomImageProcessor configuration saved to checkpoints/hpo-ce_convnext_base_fb_in22k_ft_in1k_ce_s42_trial0004/checkpoint-128/preprocessor_config.json
{'loss': '0.5174', 'grad_norm': '22.74', 'learning_rate': '1.579e-05', 'epoch': '8.131'}
{'loss': '0.4541', 'grad_norm': '46.03', 'learning_rate': '1.54e-05', 'epoch': '8.787'}
{'eval_loss': '0.162', 'eval_accuracy': '0.9548', 'eval_f1': '0.9546', 'eval_balanced_accuracy': '0.9548', 'eval_macro_f1': '0.9546', 'eval_atc': '0.04516', 'eval_normalized_atc': '0.004516', 'eval_target_recall': '0.9032', 'eval_target_recall_macro': '0.9758', 'eval_target_fnr': '0', 'eval_selection_score': '0.004516', 'eval_selection_accuracy_value': '0.9548', 'eval_nll': '0.162', 'eval_brier': '0.07502', 'eval_ece': '0.0597', 'eval_auroc': '0', 'eval_auprc': '0', 'eval_runtime': '4.005', 'eval_samples_per_second': '77.41', 'eval_steps_per_second': '4.994', 'epoch': '9'}
CustomImageProcessor configuration saved to checkpoints/hpo-ce_convnext_base_fb_in22k_ft_in1k_ce_s42_trial0004/checkpoint-144/preprocessor_config.json
{'loss': '0.3943', 'grad_norm': '35.18', 'learning_rate': '1.499e-05', 'epoch': '9.393'}
{'loss': '0.3432', 'grad_norm': '24.27', 'learning_rate': '1.455e-05', 'epoch': '10'}
{'eval_loss': '0.1103', 'eval_accuracy': '0.9742', 'eval_f1': '0.974', 'eval_balanced_accuracy': '0.9742', 'eval_macro_f1': '0.974', 'eval_atc': '0.04839', 'eval_normalized_atc': '0.004839', 'eval_target_recall': '0.871', 'eval_target_recall_macro': '0.9597', 'eval_target_fnr': '0', 'eval_selection_score': '0.00821', 'eval_selection_accuracy_value': '0.9742', 'eval_nll': '0.1103', 'eval_brier': '0.04716', 'eval_ece': '0.04568', 'eval_auroc': '0', 'eval_auprc': '0', 'eval_runtime': '3.551', 'eval_samples_per_second': '87.31', 'eval_steps_per_second': '5.633', 'epoch': '10'}
CustomImageProcessor configuration saved to checkpoints/hpo-ce_convnext_base_fb_in22k_ft_in1k_ce_s42_trial0004/checkpoint-160/preprocessor_config.json
{'loss': '0.3012', 'grad_norm': '12.19', 'learning_rate': '1.409e-05', 'epoch': '10.66'}
{'eval_loss': '0.1312', 'eval_accuracy': '0.9677', 'eval_f1': '0.9674', 'eval_balanced_accuracy': '0.9677', 'eval_macro_f1': '0.9674', 'eval_atc': '0.03226', 'eval_normalized_atc': '0.003226', 'eval_target_recall': '0.871', 'eval_target_recall_macro': '0.9677', 'eval_target_fnr': '0', 'eval_selection_score': '0.006597', 'eval_selection_accuracy_value': '0.9677', 'eval_nll': '0.1312', 'eval_brier': '0.06309', 'eval_ece': '0.04639', 'eval_auroc': '0', 'eval_auprc': '0', 'eval_runtime': '3.76', 'eval_samples_per_second': '82.45', 'eval_steps_per_second': '5.319', 'epoch': '11'}
CustomImageProcessor configuration saved to checkpoints/hpo-ce_convnext_base_fb_in22k_ft_in1k_ce_s42_trial0004/checkpoint-176/preprocessor_config.json
{'loss': '0.2525', 'grad_norm': '13.42', 'learning_rate': '1.361e-05', 'epoch': '11.26'}
{'loss': '0.2147', 'grad_norm': '21.93', 'learning_rate': '1.311e-05', 'epoch': '11.92'}
{'eval_loss': '0.1057', 'eval_accuracy': '0.9677', 'eval_f1': '0.9676', 'eval_balanced_accuracy': '0.9677', 'eval_macro_f1': '0.9676', 'eval_atc': '0.03226', 'eval_normalized_atc': '0.003226', 'eval_target_recall': '0.871', 'eval_target_recall_macro': '0.9677', 'eval_target_fnr': '0', 'eval_selection_score': '0.006597', 'eval_selection_accuracy_value': '0.9677', 'eval_nll': '0.1057', 'eval_brier': '0.04893', 'eval_ece': '0.0365', 'eval_auroc': '0', 'eval_auprc': '0', 'eval_runtime': '3.606', 'eval_samples_per_second': '85.98', 'eval_steps_per_second': '5.547', 'epoch': '12'}
CustomImageProcessor configuration saved to checkpoints/hpo-ce_convnext_base_fb_in22k_ft_in1k_ce_s42_trial0004/checkpoint-192/preprocessor_config.json
{'loss': '0.1781', 'grad_norm': '11.65', 'learning_rate': '1.259e-05', 'epoch': '12.52'}
{'eval_loss': '0.1368', 'eval_accuracy': '0.9581', 'eval_f1': '0.9575', 'eval_balanced_accuracy': '0.9581', 'eval_macro_f1': '0.9575', 'eval_atc': '0.04194', 'eval_normalized_atc': '0.004194', 'eval_target_recall': '0.9032', 'eval_target_recall_macro': '0.9758', 'eval_target_fnr': '0', 'eval_selection_score': '0.004194', 'eval_selection_accuracy_value': '0.9581', 'eval_nll': '0.1368', 'eval_brier': '0.07224', 'eval_ece': '0.03204', 'eval_auroc': '0', 'eval_auprc': '0', 'eval_runtime': '3.549', 'eval_samples_per_second': '87.36', 'eval_steps_per_second': '5.636', 'epoch': '13'}
CustomImageProcessor configuration saved to checkpoints/hpo-ce_convnext_base_fb_in22k_ft_in1k_ce_s42_trial0004/checkpoint-208/preprocessor_config.json
{'loss': '0.203', 'grad_norm': '49.23', 'learning_rate': '1.206e-05', 'epoch': '13.13'}
{'loss': '0.2279', 'grad_norm': '31.88', 'learning_rate': '1.152e-05', 'epoch': '13.79'}
{'eval_loss': '0.07245', 'eval_accuracy': '0.9774', 'eval_f1': '0.977', 'eval_balanced_accuracy': '0.9774', 'eval_macro_f1': '0.977', 'eval_atc': '0.02258', 'eval_normalized_atc': '0.002258', 'eval_target_recall': '0.8387', 'eval_target_recall_macro': '0.9597', 'eval_target_fnr': '0', 'eval_selection_score': '0.01728', 'eval_selection_accuracy_value': '0.9774', 'eval_nll': '0.07245', 'eval_brier': '0.03155', 'eval_ece': '0.02359', 'eval_auroc': '0', 'eval_auprc': '0', 'eval_runtime': '3.923', 'eval_samples_per_second': '79.02', 'eval_steps_per_second': '5.098', 'epoch': '14'}
CustomImageProcessor configuration saved to checkpoints/hpo-ce_convnext_base_fb_in22k_ft_in1k_ce_s42_trial0004/checkpoint-224/preprocessor_config.json
{'train_runtime': '245.7', 'train_samples_per_second': '126.3', 'train_steps_per_second': '2.084', 'train_loss': '1.868', 'epoch': '14'}
***** train metrics *****
  epoch                    =       14.0
  total_flos               =        0GF
  train_loss               =     1.8677
  train_runtime            = 0:04:05.67
  train_samples_per_second =    126.347
  train_steps_per_second   =      2.084
Using device: cuda

============================================================
PERFORMING COMPREHENSIVE EVALUATION
============================================================
Results will be saved to: results/pmi10_convnext_base_fb_in22k_ft_in1k_test/hpo-ce_convnext_base_fb_in22k_ft_in1k_ce_s42_trial0004_05-02_07-55
Saving run configuration...
Run configuration saved to: results/pmi10_convnext_base_fb_in22k_ft_in1k_test/hpo-ce_convnext_base_fb_in22k_ft_in1k_ce_s42_trial0004_05-02_07-55/run_configuration_20260502_075519.json
Running model evaluation...
Computing detailed metrics...
Saving metrics to files...
Metrics saved to: results/pmi10_convnext_base_fb_in22k_ft_in1k_test/hpo-ce_convnext_base_fb_in22k_ft_in1k_ce_s42_trial0004_05-02_07-55/metrics_20260502_075529_cross_entropy.json and results/pmi10_convnext_base_fb_in22k_ft_in1k_test/hpo-ce_convnext_base_fb_in22k_ft_in1k_ce_s42_trial0004_05-02_07-55/metrics_20260502_075529_cross_entropy.txt
Using provided class names: ['00378-0208', '00378-3855', '00591-0461', '16729-0020', '50111-0434', '53489-0156', '53746-0544', '62037-0831', '68382-0008', '68382-0227']
Skipping confusion matrix visualizations by configuration.

============================================================
TRAINING COMPLETED - RESULTS SUMMARY
============================================================
Output Directory: results/pmi10_convnext_base_fb_in22k_ft_in1k_test/hpo-ce_convnext_base_fb_in22k_ft_in1k_ce_s42_trial0004_05-02_07-55
Overall Accuracy: 0.9531
Balanced Accuracy: 0.9531
Overall F1 Score: 0.9533
Kappa: 0.9479
AUC: 0.9978
Expected Cost: 0.1313
Loss Function Used: cross_entropy
Total Test Samples: 320
Classes: 00378-0208, 00378-3855, 00591-0461, 16729-0020, 50111-0434, 53489-0156, 53746-0544, 62037-0831, 68382-0008, 68382-0227

Detailed metrics saved to: results/pmi10_convnext_base_fb_in22k_ft_in1k_test/hpo-ce_convnext_base_fb_in22k_ft_in1k_ce_s42_trial0004_05-02_07-55
============================================================
