Prepared manifest loaded — Train=2485, Val=335, Calibration=350, Test=370
cuda
Using model backend=timm type=timm_dinov3_vit_lora with 5 labels
Early stopping enabled with patience=3
Using device: cuda
{'eval_loss': '1.675', 'eval_accuracy': '0.2875', 'eval_f1': '0.1556', 'eval_balanced_accuracy': '0.2754', 'eval_macro_f1': '0.1556', 'eval_atc': '2.819', 'eval_normalized_atc': '0.1762', 'eval_target_recall': '0', 'eval_target_recall_macro': '0', 'eval_target_fnr': '1', 'eval_selection_score': '3.492', 'eval_selection_accuracy_value': '0.2754', 'eval_nll': '1.609', 'eval_brier': '0.7999', 'eval_ece': '0.08674', 'eval_auroc': '0', 'eval_auprc': '0', 'eval_runtime': '8.542', 'eval_samples_per_second': '18.73', 'eval_steps_per_second': '1.171', 'epoch': '1'}
CustomImageProcessor configuration saved to checkpoints/mc1_eyepacs_dr_balanced_d3vit_lora_nicme_hybrid_s42/checkpoint-5/preprocessor_config.json
{'train_runtime': '19.82', 'train_samples_per_second': '16.14', 'train_steps_per_second': '0.252', 'train_loss': '6.545', 'epoch': '1'}
***** train metrics *****
  epoch                    =        1.0
  total_flos               =        0GF
  train_loss               =     6.5447
  train_runtime            = 0:00:19.82
  train_samples_per_second =     16.144
  train_steps_per_second   =      0.252
Using device: cuda

============================================================
PERFORMING COMPREHENSIVE EVALUATION
============================================================
Results will be saved to: results/timm_dinov3_vit_lora_test/mc1_eyepacs_dr_balanced_d3vit_lora_nicme_hybrid_s42_04-30_07-05
Saving run configuration...
Run configuration saved to: results/timm_dinov3_vit_lora_test/mc1_eyepacs_dr_balanced_d3vit_lora_nicme_hybrid_s42_04-30_07-05/run_configuration_20260430_070523.json
Running model evaluation...
Computing detailed metrics...
Saving metrics to files...
Metrics saved to: results/timm_dinov3_vit_lora_test/mc1_eyepacs_dr_balanced_d3vit_lora_nicme_hybrid_s42_04-30_07-05/metrics_20260430_070549_nicme_hybrid.json and results/timm_dinov3_vit_lora_test/mc1_eyepacs_dr_balanced_d3vit_lora_nicme_hybrid_s42_04-30_07-05/metrics_20260430_070549_nicme_hybrid.txt
Creating confusion matrix visualizations...
Using provided class names: ['DR0', 'DR1', 'DR2', 'DR3', 'DR4']
Confusion matrix visualizations (3-panel) saved to: results/timm_dinov3_vit_lora_test/mc1_eyepacs_dr_balanced_d3vit_lora_nicme_hybrid_s42_04-30_07-05/confusion_matrix_20260430_070549_nicme_hybrid.png and results/timm_dinov3_vit_lora_test/mc1_eyepacs_dr_balanced_d3vit_lora_nicme_hybrid_s42_04-30_07-05/confusion_matrix_20260430_070549_nicme_hybrid.pdf
Detailed confusion matrix saved to: results/timm_dinov3_vit_lora_test/mc1_eyepacs_dr_balanced_d3vit_lora_nicme_hybrid_s42_04-30_07-05/confusion_matrix_detailed_20260430_070549_nicme_hybrid.png

============================================================
TRAINING COMPLETED - RESULTS SUMMARY
============================================================
Output Directory: results/timm_dinov3_vit_lora_test/mc1_eyepacs_dr_balanced_d3vit_lora_nicme_hybrid_s42_04-30_07-05
Overall Accuracy: 0.2375
Balanced Accuracy: 0.2301
Overall F1 Score: 0.1302
Kappa: 0.0384
AUC: 0.6360
Expected Cost: 3.7687
Loss Function Used: nicme_hybrid
Total Test Samples: 160
Classes: DR0, DR1, DR2, DR3, DR4

Detailed metrics and visualizations saved to: results/timm_dinov3_vit_lora_test/mc1_eyepacs_dr_balanced_d3vit_lora_nicme_hybrid_s42_04-30_07-05
============================================================
