Prepared manifest loaded — Train=1940, Val=320, Calibration=300, Test=640
cuda
Using model backend=timm type=pmi20_sota_convnext_base with 20 labels
Early stopping enabled with patience=5
Using device: cuda
{'loss': '11.41', 'grad_norm': '28.62', 'learning_rate': '4.589e-05', 'epoch': '0.3279'}
{'loss': '7.659', 'grad_norm': '25.88', 'learning_rate': '2.066e-05', 'epoch': '0.6557'}
{'loss': '5.795', 'grad_norm': '26.07', 'learning_rate': '6.739e-07', 'epoch': '0.9836'}
{'eval_loss': '1.366', 'eval_accuracy': '0.7', 'eval_f1': '0.6717', 'eval_balanced_accuracy': '0.7', 'eval_macro_f1': '0.6717', 'eval_atc': '0.5531', 'eval_normalized_atc': '0.05531', 'eval_target_recall': '0.1875', 'eval_target_recall_macro': '0.6719', 'eval_target_fnr': '0.3125', 'eval_selection_score': '2.096', 'eval_selection_accuracy_value': '0.7', 'eval_nll': '1.351', 'eval_brier': '0.587', 'eval_ece': '0.3784', 'eval_auroc': '0', 'eval_auprc': '0', 'eval_runtime': '3.704', 'eval_samples_per_second': '86.4', 'eval_steps_per_second': '5.4', 'epoch': '1'}
CustomImageProcessor configuration saved to checkpoints/pmi20_alpha_lambda6_smoke_nicme_v3_run53_a0p09_l0p2_pmi20_lr5e5_s42/checkpoint-31/preprocessor_config.json
{'train_runtime': '29.38', 'train_samples_per_second': '66.03', 'train_steps_per_second': '1.055', 'train_loss': '8.104', 'epoch': '1'}
***** train metrics *****
  epoch                    =        1.0
  total_flos               =        0GF
  train_loss               =     8.1035
  train_runtime            = 0:00:29.38
  train_samples_per_second =      66.03
  train_steps_per_second   =      1.055
Using device: cuda

============================================================
PERFORMING COMPREHENSIVE EVALUATION
============================================================
Results will be saved to: results/pmi20_sota_convnext_base_test/pmi20_alpha_lambda6_smoke_nicme_v3_run53_a0p09_l0p2_pmi20_lr5e5_s42_05-04_13-58
Saving run configuration...
Run configuration saved to: results/pmi20_sota_convnext_base_test/pmi20_alpha_lambda6_smoke_nicme_v3_run53_a0p09_l0p2_pmi20_lr5e5_s42_05-04_13-58/run_configuration_20260504_135838.json
Running model evaluation...
Computing detailed metrics...
Saving metrics to files...
Metrics saved to: results/pmi20_sota_convnext_base_test/pmi20_alpha_lambda6_smoke_nicme_v3_run53_a0p09_l0p2_pmi20_lr5e5_s42_05-04_13-58/metrics_20260504_135852_nicme_v3_hybrid.json and results/pmi20_sota_convnext_base_test/pmi20_alpha_lambda6_smoke_nicme_v3_run53_a0p09_l0p2_pmi20_lr5e5_s42_05-04_13-58/metrics_20260504_135852_nicme_v3_hybrid.txt
Using provided class names: ['00378-0208', '00378-3855', '00591-0461', '16729-0020', '16729-0168', '50111-0434', '53489-0156', '53746-0544', '57664-0377', '62037-0831', '62037-0832', '64380-0803', '65162-0253', '67253-0901', '68382-0008', '68382-0227', '69097-0127', '69097-0128', '69315-0904', '69315-0905']
Skipping confusion matrix visualizations by configuration.

============================================================
TRAINING COMPLETED - RESULTS SUMMARY
============================================================
Output Directory: results/pmi20_sota_convnext_base_test/pmi20_alpha_lambda6_smoke_nicme_v3_run53_a0p09_l0p2_pmi20_lr5e5_s42_05-04_13-58
Overall Accuracy: 0.7141
Balanced Accuracy: 0.7141
Overall F1 Score: 0.6917
Kappa: 0.6990
AUC: 0.9842
Expected Cost: 0.5047
Loss Function Used: nicme_v3_hybrid
Total Test Samples: 640
Classes: 00378-0208, 00378-3855, 00591-0461, 16729-0020, 16729-0168, 50111-0434, 53489-0156, 53746-0544, 57664-0377, 62037-0831, 62037-0832, 64380-0803, 65162-0253, 67253-0901, 68382-0008, 68382-0227, 69097-0127, 69097-0128, 69315-0904, 69315-0905

Detailed metrics saved to: results/pmi20_sota_convnext_base_test/pmi20_alpha_lambda6_smoke_nicme_v3_run53_a0p09_l0p2_pmi20_lr5e5_s42_05-04_13-58
============================================================
