Prepared manifest loaded — Train=256, Val=64, Calibration=64, Test=64
cuda
Using model backend=timm type=timm_dinov3_vit_lora with 2 labels
Early stopping enabled with patience=2
Using device: cuda
{'eval_loss': '0.6925', 'eval_accuracy': '0.625', 'eval_f1': '0.6062', 'eval_balanced_accuracy': '0.625', 'eval_macro_f1': '0.6062', 'eval_atc': '1.078', 'eval_normalized_atc': '0.1078', 'eval_target_recall': '0.8438', 'eval_target_fnr': '0.1562', 'eval_selection_score': '0.1836', 'eval_selection_accuracy_value': '0.625', 'eval_nll': '0.6921', 'eval_brier': '0.499', 'eval_ece': '0.1235', 'eval_auroc': '0.708', 'eval_auprc': '0.6652', 'eval_runtime': '1.569', 'eval_samples_per_second': '40.78', 'eval_steps_per_second': '2.549', 'epoch': '1'}
CustomImageProcessor configuration saved to checkpoints/stop2a_tune_spider_balanced_prototype_timm_dinov3_vit_lora_logit_s0.2/checkpoint-4/preprocessor_config.json
{'eval_loss': '0.6918', 'eval_accuracy': '0.5156', 'eval_f1': '0.4284', 'eval_balanced_accuracy': '0.5156', 'eval_macro_f1': '0.4284', 'eval_atc': '0.9062', 'eval_normalized_atc': '0.09062', 'eval_target_recall': '0.9062', 'eval_target_fnr': '0.09375', 'eval_selection_score': '0.1792', 'eval_selection_accuracy_value': '0.5156', 'eval_nll': '0.6911', 'eval_brier': '0.4979', 'eval_ece': '0.01221', 'eval_auroc': '0.7324', 'eval_auprc': '0.6755', 'eval_runtime': '1.802', 'eval_samples_per_second': '35.52', 'eval_steps_per_second': '2.22', 'epoch': '2'}
CustomImageProcessor configuration saved to checkpoints/stop2a_tune_spider_balanced_prototype_timm_dinov3_vit_lora_logit_s0.2/checkpoint-8/preprocessor_config.json
{'loss': '2.767', 'grad_norm': '2.249', 'learning_rate': '6.227e-05', 'epoch': '2.5'}
{'eval_loss': '0.6912', 'eval_accuracy': '0.6875', 'eval_f1': '0.6761', 'eval_balanced_accuracy': '0.6875', 'eval_macro_f1': '0.6761', 'eval_atc': '0.875', 'eval_normalized_atc': '0.0875', 'eval_target_recall': '0.875', 'eval_target_fnr': '0.125', 'eval_selection_score': '0.1227', 'eval_selection_accuracy_value': '0.6875', 'eval_nll': '0.6902', 'eval_brier': '0.497', 'eval_ece': '0.1839', 'eval_auroc': '0.7383', 'eval_auprc': '0.7027', 'eval_runtime': '1.712', 'eval_samples_per_second': '37.37', 'eval_steps_per_second': '2.336', 'epoch': '3'}
CustomImageProcessor configuration saved to checkpoints/stop2a_tune_spider_balanced_prototype_timm_dinov3_vit_lora_logit_s0.2/checkpoint-12/preprocessor_config.json
{'eval_loss': '0.6911', 'eval_accuracy': '0.7031', 'eval_f1': '0.6971', 'eval_balanced_accuracy': '0.7031', 'eval_macro_f1': '0.6971', 'eval_atc': '1', 'eval_normalized_atc': '0.1', 'eval_target_recall': '0.8438', 'eval_target_fnr': '0.1562', 'eval_selection_score': '0.1545', 'eval_selection_accuracy_value': '0.7031', 'eval_nll': '0.6898', 'eval_brier': '0.4967', 'eval_ece': '0.1994', 'eval_auroc': '0.7441', 'eval_auprc': '0.7049', 'eval_runtime': '1.712', 'eval_samples_per_second': '37.39', 'eval_steps_per_second': '2.337', 'epoch': '4'}
CustomImageProcessor configuration saved to checkpoints/stop2a_tune_spider_balanced_prototype_timm_dinov3_vit_lora_logit_s0.2/checkpoint-16/preprocessor_config.json
{'loss': '2.754', 'grad_norm': '2.155', 'learning_rate': '6.819e-07', 'epoch': '5'}
{'eval_loss': '0.691', 'eval_accuracy': '0.6875', 'eval_f1': '0.6797', 'eval_balanced_accuracy': '0.6875', 'eval_macro_f1': '0.6797', 'eval_atc': '1.016', 'eval_normalized_atc': '0.1016', 'eval_target_recall': '0.8438', 'eval_target_fnr': '0.1562', 'eval_selection_score': '0.1594', 'eval_selection_accuracy_value': '0.6875', 'eval_nll': '0.6897', 'eval_brier': '0.4966', 'eval_ece': '0.1837', 'eval_auroc': '0.7441', 'eval_auprc': '0.7049', 'eval_runtime': '1.867', 'eval_samples_per_second': '34.28', 'eval_steps_per_second': '2.143', 'epoch': '5'}
CustomImageProcessor configuration saved to checkpoints/stop2a_tune_spider_balanced_prototype_timm_dinov3_vit_lora_logit_s0.2/checkpoint-20/preprocessor_config.json
{'train_runtime': '13.05', 'train_samples_per_second': '98.07', 'train_steps_per_second': '1.532', 'train_loss': '2.761', 'epoch': '5'}
***** train metrics *****
  epoch                    =        5.0
  total_flos               =        0GF
  train_loss               =     2.7608
  train_runtime            = 0:00:13.05
  train_samples_per_second =     98.073
  train_steps_per_second   =      1.532
Using device: cuda

============================================================
PERFORMING COMPREHENSIVE EVALUATION
============================================================
Results will be saved to: results/timm_dinov3_vit_lora_test/stop2a_tune_spider_balanced_prototype_timm_dinov3_vit_lora_logit_s0.2_04-28_06-35
Saving run configuration...
Run configuration saved to: results/timm_dinov3_vit_lora_test/stop2a_tune_spider_balanced_prototype_timm_dinov3_vit_lora_logit_s0.2_04-28_06-35/run_configuration_20260428_063517.json
Running model evaluation...
Computing detailed metrics...
Saving metrics to files...
Metrics saved to: results/timm_dinov3_vit_lora_test/stop2a_tune_spider_balanced_prototype_timm_dinov3_vit_lora_logit_s0.2_04-28_06-35/metrics_20260428_063523_nicme_logit_adjustment.json and results/timm_dinov3_vit_lora_test/stop2a_tune_spider_balanced_prototype_timm_dinov3_vit_lora_logit_s0.2_04-28_06-35/metrics_20260428_063523_nicme_logit_adjustment.txt
Creating confusion matrix visualizations...
Using provided class names: ['black_widow', 'false_widow']
Confusion matrix visualizations (3-panel) saved to: results/timm_dinov3_vit_lora_test/stop2a_tune_spider_balanced_prototype_timm_dinov3_vit_lora_logit_s0.2_04-28_06-35/confusion_matrix_20260428_063523_nicme_logit_adjustment.png and results/timm_dinov3_vit_lora_test/stop2a_tune_spider_balanced_prototype_timm_dinov3_vit_lora_logit_s0.2_04-28_06-35/confusion_matrix_20260428_063523_nicme_logit_adjustment.pdf
Detailed confusion matrix saved to: results/timm_dinov3_vit_lora_test/stop2a_tune_spider_balanced_prototype_timm_dinov3_vit_lora_logit_s0.2_04-28_06-35/confusion_matrix_detailed_20260428_063523_nicme_logit_adjustment.png

============================================================
TRAINING COMPLETED - RESULTS SUMMARY
============================================================
Output Directory: results/timm_dinov3_vit_lora_test/stop2a_tune_spider_balanced_prototype_timm_dinov3_vit_lora_logit_s0.2_04-28_06-35
Overall Accuracy: 0.6875
Balanced Accuracy: 0.6875
Overall F1 Score: 0.6667
Kappa: 0.3750
AUC: 0.8096
Expected Cost: 0.5938
Loss Function Used: nicme_logit_adjustment
Total Test Samples: 64
Classes: black_widow, false_widow

Detailed metrics and visualizations saved to: results/timm_dinov3_vit_lora_test/stop2a_tune_spider_balanced_prototype_timm_dinov3_vit_lora_logit_s0.2_04-28_06-35
============================================================
