Prepared manifest loaded — Train=256, Val=64, Calibration=64, Test=64
cuda
Using model backend=timm type=timm_dinov3_convnext_lora with 2 labels
Early stopping enabled with patience=2
Using device: cuda
{'eval_loss': '0.7371', 'eval_accuracy': '0.6562', 'eval_f1': '0.639', 'eval_balanced_accuracy': '0.6562', 'eval_macro_f1': '0.639', 'eval_atc': '0.9062', 'eval_normalized_atc': '0.09062', 'eval_target_recall': '0.875', 'eval_target_fnr': '0.125', 'eval_selection_score': '0.1338', 'eval_selection_accuracy_value': '0.6562', 'eval_nll': '0.6406', 'eval_brier': '0.4519', 'eval_ece': '0.1333', 'eval_auroc': '0.7041', 'eval_auprc': '0.7005', 'eval_runtime': '1.9', 'eval_samples_per_second': '33.69', 'eval_steps_per_second': '2.105', 'epoch': '1'}
CustomImageProcessor configuration saved to checkpoints/stop2a_tune_spider_balanced_prototype_timm_dinov3_convnext_lora_logit_s0.2/checkpoint-4/preprocessor_config.json
{'eval_loss': '0.6764', 'eval_accuracy': '0.6562', 'eval_f1': '0.6333', 'eval_balanced_accuracy': '0.6562', 'eval_macro_f1': '0.6333', 'eval_atc': '0.7656', 'eval_normalized_atc': '0.07656', 'eval_target_recall': '0.9062', 'eval_target_fnr': '0.09375', 'eval_selection_score': '0.1049', 'eval_selection_accuracy_value': '0.6562', 'eval_nll': '0.6126', 'eval_brier': '0.4292', 'eval_ece': '0.07411', 'eval_auroc': '0.7617', 'eval_auprc': '0.7643', 'eval_runtime': '1.895', 'eval_samples_per_second': '33.77', 'eval_steps_per_second': '2.111', 'epoch': '2'}
CustomImageProcessor configuration saved to checkpoints/stop2a_tune_spider_balanced_prototype_timm_dinov3_convnext_lora_logit_s0.2/checkpoint-8/preprocessor_config.json
{'loss': '3.072', 'grad_norm': '40.77', 'learning_rate': '6.227e-05', 'epoch': '2.5'}
{'eval_loss': '0.6033', 'eval_accuracy': '0.6875', 'eval_f1': '0.6761', 'eval_balanced_accuracy': '0.6875', 'eval_macro_f1': '0.6761', 'eval_atc': '0.875', 'eval_normalized_atc': '0.0875', 'eval_target_recall': '0.875', 'eval_target_fnr': '0.125', 'eval_selection_score': '0.1227', 'eval_selection_accuracy_value': '0.6875', 'eval_nll': '0.5482', 'eval_brier': '0.3702', 'eval_ece': '0.102', 'eval_auroc': '0.8242', 'eval_auprc': '0.8258', 'eval_runtime': '1.841', 'eval_samples_per_second': '34.77', 'eval_steps_per_second': '2.173', 'epoch': '3'}
CustomImageProcessor configuration saved to checkpoints/stop2a_tune_spider_balanced_prototype_timm_dinov3_convnext_lora_logit_s0.2/checkpoint-12/preprocessor_config.json
{'eval_loss': '0.5797', 'eval_accuracy': '0.7656', 'eval_f1': '0.7609', 'eval_balanced_accuracy': '0.7656', 'eval_macro_f1': '0.7609', 'eval_atc': '0.6562', 'eval_normalized_atc': '0.06563', 'eval_target_recall': '0.9062', 'eval_target_fnr': '0.09375', 'eval_selection_score': '0.07446', 'eval_selection_accuracy_value': '0.7656', 'eval_nll': '0.5247', 'eval_brier': '0.348', 'eval_ece': '0.1267', 'eval_auroc': '0.8428', 'eval_auprc': '0.8452', 'eval_runtime': '1.766', 'eval_samples_per_second': '36.24', 'eval_steps_per_second': '2.265', 'epoch': '4'}
CustomImageProcessor configuration saved to checkpoints/stop2a_tune_spider_balanced_prototype_timm_dinov3_convnext_lora_logit_s0.2/checkpoint-16/preprocessor_config.json
{'loss': '2.378', 'grad_norm': '45.03', 'learning_rate': '6.819e-07', 'epoch': '5'}
{'eval_loss': '0.5764', 'eval_accuracy': '0.7812', 'eval_f1': '0.7778', 'eval_balanced_accuracy': '0.7812', 'eval_macro_f1': '0.7778', 'eval_atc': '0.6406', 'eval_normalized_atc': '0.06406', 'eval_target_recall': '0.9062', 'eval_target_fnr': '0.09375', 'eval_selection_score': '0.07207', 'eval_selection_accuracy_value': '0.7812', 'eval_nll': '0.5221', 'eval_brier': '0.3456', 'eval_ece': '0.1149', 'eval_auroc': '0.8486', 'eval_auprc': '0.8502', 'eval_runtime': '1.62', 'eval_samples_per_second': '39.49', 'eval_steps_per_second': '2.468', 'epoch': '5'}
CustomImageProcessor configuration saved to checkpoints/stop2a_tune_spider_balanced_prototype_timm_dinov3_convnext_lora_logit_s0.2/checkpoint-20/preprocessor_config.json
{'train_runtime': '14.68', 'train_samples_per_second': '87.22', 'train_steps_per_second': '1.363', 'train_loss': '2.725', 'epoch': '5'}
***** train metrics *****
  epoch                    =        5.0
  total_flos               =        0GF
  train_loss               =     2.7249
  train_runtime            = 0:00:14.67
  train_samples_per_second =     87.222
  train_steps_per_second   =      1.363
Using device: cuda

============================================================
PERFORMING COMPREHENSIVE EVALUATION
============================================================
Results will be saved to: results/timm_dinov3_convnext_lora_test/stop2a_tune_spider_balanced_prototype_timm_dinov3_convnext_lora_logit_s0.2_04-28_06-40
Saving run configuration...
Run configuration saved to: results/timm_dinov3_convnext_lora_test/stop2a_tune_spider_balanced_prototype_timm_dinov3_convnext_lora_logit_s0.2_04-28_06-40/run_configuration_20260428_064000.json
Running model evaluation...
Computing detailed metrics...
Saving metrics to files...
Metrics saved to: results/timm_dinov3_convnext_lora_test/stop2a_tune_spider_balanced_prototype_timm_dinov3_convnext_lora_logit_s0.2_04-28_06-40/metrics_20260428_064007_nicme_logit_adjustment.json and results/timm_dinov3_convnext_lora_test/stop2a_tune_spider_balanced_prototype_timm_dinov3_convnext_lora_logit_s0.2_04-28_06-40/metrics_20260428_064007_nicme_logit_adjustment.txt
Creating confusion matrix visualizations...
Using provided class names: ['black_widow', 'false_widow']
Confusion matrix visualizations (3-panel) saved to: results/timm_dinov3_convnext_lora_test/stop2a_tune_spider_balanced_prototype_timm_dinov3_convnext_lora_logit_s0.2_04-28_06-40/confusion_matrix_20260428_064007_nicme_logit_adjustment.png and results/timm_dinov3_convnext_lora_test/stop2a_tune_spider_balanced_prototype_timm_dinov3_convnext_lora_logit_s0.2_04-28_06-40/confusion_matrix_20260428_064007_nicme_logit_adjustment.pdf
Detailed confusion matrix saved to: results/timm_dinov3_convnext_lora_test/stop2a_tune_spider_balanced_prototype_timm_dinov3_convnext_lora_logit_s0.2_04-28_06-40/confusion_matrix_detailed_20260428_064007_nicme_logit_adjustment.png

============================================================
TRAINING COMPLETED - RESULTS SUMMARY
============================================================
Output Directory: results/timm_dinov3_convnext_lora_test/stop2a_tune_spider_balanced_prototype_timm_dinov3_convnext_lora_logit_s0.2_04-28_06-40
Overall Accuracy: 0.7500
Balanced Accuracy: 0.7500
Overall F1 Score: 0.7498
Kappa: 0.5000
AUC: 0.7744
Expected Cost: 1.5156
Loss Function Used: nicme_logit_adjustment
Total Test Samples: 64
Classes: black_widow, false_widow

Detailed metrics and visualizations saved to: results/timm_dinov3_convnext_lora_test/stop2a_tune_spider_balanced_prototype_timm_dinov3_convnext_lora_logit_s0.2_04-28_06-40
============================================================
