Prepared manifest loaded — Train=256, Val=64, Calibration=64, Test=64
cuda
Using model backend=timm type=timm_dinov3_convnext_lora with 2 labels
Early stopping enabled with patience=2
Using device: cuda
{'eval_loss': '0.8446', 'eval_accuracy': '0.625', 'eval_f1': '0.5928', 'eval_balanced_accuracy': '0.625', 'eval_macro_f1': '0.5928', 'eval_atc': '0.7969', 'eval_normalized_atc': '0.07969', 'eval_target_recall': '0.9062', 'eval_target_fnr': '0.09375', 'eval_selection_score': '0.118', 'eval_selection_accuracy_value': '0.625', 'eval_nll': '0.6737', 'eval_brier': '0.4799', 'eval_ece': '0.1937', 'eval_auroc': '0.6836', 'eval_auprc': '0.683', 'eval_runtime': '1.783', 'eval_samples_per_second': '35.9', 'eval_steps_per_second': '2.244', 'epoch': '1'}
CustomImageProcessor configuration saved to checkpoints/stop2a_tune_spider_balanced_prototype_timm_dinov3_convnext_lora_logit_s0.35/checkpoint-4/preprocessor_config.json
{'eval_loss': '0.7717', 'eval_accuracy': '0.6406', 'eval_f1': '0.6059', 'eval_balanced_accuracy': '0.6406', 'eval_macro_f1': '0.6059', 'eval_atc': '0.6406', 'eval_normalized_atc': '0.06406', 'eval_target_recall': '0.9375', 'eval_target_fnr': '0.0625', 'eval_selection_score': '0.09009', 'eval_selection_accuracy_value': '0.6406', 'eval_nll': '0.65', 'eval_brier': '0.4616', 'eval_ece': '0.1381', 'eval_auroc': '0.7383', 'eval_auprc': '0.7416', 'eval_runtime': '1.615', 'eval_samples_per_second': '39.62', 'eval_steps_per_second': '2.476', 'epoch': '2'}
CustomImageProcessor configuration saved to checkpoints/stop2a_tune_spider_balanced_prototype_timm_dinov3_convnext_lora_logit_s0.35/checkpoint-8/preprocessor_config.json
{'loss': '3.493', 'grad_norm': '57.78', 'learning_rate': '6.227e-05', 'epoch': '2.5'}
{'eval_loss': '0.6807', 'eval_accuracy': '0.6875', 'eval_f1': '0.6667', 'eval_balanced_accuracy': '0.6875', 'eval_macro_f1': '0.6667', 'eval_atc': '0.5938', 'eval_normalized_atc': '0.05937', 'eval_target_recall': '0.9375', 'eval_target_fnr': '0.0625', 'eval_selection_score': '0.07266', 'eval_selection_accuracy_value': '0.6875', 'eval_nll': '0.5772', 'eval_brier': '0.397', 'eval_ece': '0.04633', 'eval_auroc': '0.7959', 'eval_auprc': '0.7916', 'eval_runtime': '1.886', 'eval_samples_per_second': '33.93', 'eval_steps_per_second': '2.121', 'epoch': '3'}
CustomImageProcessor configuration saved to checkpoints/stop2a_tune_spider_balanced_prototype_timm_dinov3_convnext_lora_logit_s0.35/checkpoint-12/preprocessor_config.json
{'eval_loss': '0.6484', 'eval_accuracy': '0.7344', 'eval_f1': '0.7229', 'eval_balanced_accuracy': '0.7344', 'eval_macro_f1': '0.7229', 'eval_atc': '0.5469', 'eval_normalized_atc': '0.05469', 'eval_target_recall': '0.9375', 'eval_target_fnr': '0.0625', 'eval_selection_score': '0.05962', 'eval_selection_accuracy_value': '0.7344', 'eval_nll': '0.5494', 'eval_brier': '0.3709', 'eval_ece': '0.1087', 'eval_auroc': '0.8213', 'eval_auprc': '0.8234', 'eval_runtime': '1.857', 'eval_samples_per_second': '34.47', 'eval_steps_per_second': '2.155', 'epoch': '4'}
CustomImageProcessor configuration saved to checkpoints/stop2a_tune_spider_balanced_prototype_timm_dinov3_convnext_lora_logit_s0.35/checkpoint-16/preprocessor_config.json
{'loss': '2.661', 'grad_norm': '60.58', 'learning_rate': '6.819e-07', 'epoch': '5'}
{'eval_loss': '0.644', 'eval_accuracy': '0.7188', 'eval_f1': '0.7085', 'eval_balanced_accuracy': '0.7188', 'eval_macro_f1': '0.7085', 'eval_atc': '0.7031', 'eval_normalized_atc': '0.07031', 'eval_target_recall': '0.9062', 'eval_target_fnr': '0.09375', 'eval_selection_score': '0.08457', 'eval_selection_accuracy_value': '0.7188', 'eval_nll': '0.5462', 'eval_brier': '0.3679', 'eval_ece': '0.1055', 'eval_auroc': '0.8242', 'eval_auprc': '0.8258', 'eval_runtime': '1.717', 'eval_samples_per_second': '37.27', 'eval_steps_per_second': '2.329', 'epoch': '5'}
CustomImageProcessor configuration saved to checkpoints/stop2a_tune_spider_balanced_prototype_timm_dinov3_convnext_lora_logit_s0.35/checkpoint-20/preprocessor_config.json
{'train_runtime': '14.41', 'train_samples_per_second': '88.81', 'train_steps_per_second': '1.388', 'train_loss': '3.077', 'epoch': '5'}
***** train metrics *****
  epoch                    =        5.0
  total_flos               =        0GF
  train_loss               =     3.0772
  train_runtime            = 0:00:14.41
  train_samples_per_second =     88.807
  train_steps_per_second   =      1.388
Using device: cuda

============================================================
PERFORMING COMPREHENSIVE EVALUATION
============================================================
Results will be saved to: results/timm_dinov3_convnext_lora_test/stop2a_tune_spider_balanced_prototype_timm_dinov3_convnext_lora_logit_s0.35_04-28_06-40
Saving run configuration...
Run configuration saved to: results/timm_dinov3_convnext_lora_test/stop2a_tune_spider_balanced_prototype_timm_dinov3_convnext_lora_logit_s0.35_04-28_06-40/run_configuration_20260428_064026.json
Running model evaluation...
Computing detailed metrics...
Saving metrics to files...
Metrics saved to: results/timm_dinov3_convnext_lora_test/stop2a_tune_spider_balanced_prototype_timm_dinov3_convnext_lora_logit_s0.35_04-28_06-40/metrics_20260428_064032_nicme_logit_adjustment.json and results/timm_dinov3_convnext_lora_test/stop2a_tune_spider_balanced_prototype_timm_dinov3_convnext_lora_logit_s0.35_04-28_06-40/metrics_20260428_064032_nicme_logit_adjustment.txt
Creating confusion matrix visualizations...
Using provided class names: ['black_widow', 'false_widow']
Confusion matrix visualizations (3-panel) saved to: results/timm_dinov3_convnext_lora_test/stop2a_tune_spider_balanced_prototype_timm_dinov3_convnext_lora_logit_s0.35_04-28_06-40/confusion_matrix_20260428_064032_nicme_logit_adjustment.png and results/timm_dinov3_convnext_lora_test/stop2a_tune_spider_balanced_prototype_timm_dinov3_convnext_lora_logit_s0.35_04-28_06-40/confusion_matrix_20260428_064032_nicme_logit_adjustment.pdf
Detailed confusion matrix saved to: results/timm_dinov3_convnext_lora_test/stop2a_tune_spider_balanced_prototype_timm_dinov3_convnext_lora_logit_s0.35_04-28_06-40/confusion_matrix_detailed_20260428_064032_nicme_logit_adjustment.png

============================================================
TRAINING COMPLETED - RESULTS SUMMARY
============================================================
Output Directory: results/timm_dinov3_convnext_lora_test/stop2a_tune_spider_balanced_prototype_timm_dinov3_convnext_lora_logit_s0.35_04-28_06-40
Overall Accuracy: 0.6250
Balanced Accuracy: 0.6250
Overall F1 Score: 0.6217
Kappa: 0.2500
AUC: 0.7490
Expected Cost: 1.6406
Loss Function Used: nicme_logit_adjustment
Total Test Samples: 64
Classes: black_widow, false_widow

Detailed metrics and visualizations saved to: results/timm_dinov3_convnext_lora_test/stop2a_tune_spider_balanced_prototype_timm_dinov3_convnext_lora_logit_s0.35_04-28_06-40
============================================================
