Prepared manifest loaded — Train=256, Val=64, Calibration=64, Test=64
cuda
Using model backend=hf_auto type=convnext with 2 labels
Early stopping enabled with patience=2
Using device: cuda
{'eval_loss': '0.7332', 'eval_accuracy': '0.5', 'eval_f1': '0.3333', 'eval_balanced_accuracy': '0.5', 'eval_macro_f1': '0.3333', 'eval_atc': '0.5', 'eval_normalized_atc': '0.05', 'eval_target_recall': '1', 'eval_target_fnr': '0', 'eval_selection_score': '0.1725', 'eval_selection_accuracy_value': '0.5', 'eval_nll': '0.689', 'eval_brier': '0.4959', 'eval_ece': '0.08164', 'eval_auroc': '0.6895', 'eval_auprc': '0.6398', 'eval_runtime': '1.962', 'eval_samples_per_second': '32.61', 'eval_steps_per_second': '2.038', 'epoch': '1'}
CustomImageProcessor configuration saved to checkpoints/stop2a_tune_breakhis_balanced_prototype_convnext_logit_s0.5/checkpoint-4/preprocessor_config.json
{'eval_loss': '0.6784', 'eval_accuracy': '0.7656', 'eval_f1': '0.7642', 'eval_balanced_accuracy': '0.7656', 'eval_macro_f1': '0.7642', 'eval_atc': '0.9375', 'eval_normalized_atc': '0.09375', 'eval_target_recall': '0.8438', 'eval_target_fnr': '0.1562', 'eval_selection_score': '0.1646', 'eval_selection_accuracy_value': '0.7656', 'eval_nll': '0.6587', 'eval_brier': '0.4657', 'eval_ece': '0.2329', 'eval_auroc': '0.7803', 'eval_auprc': '0.7076', 'eval_runtime': '2.147', 'eval_samples_per_second': '29.81', 'eval_steps_per_second': '1.863', 'epoch': '2'}
CustomImageProcessor configuration saved to checkpoints/stop2a_tune_breakhis_balanced_prototype_convnext_logit_s0.5/checkpoint-8/preprocessor_config.json
{'loss': '0.7448', 'grad_norm': '14.11', 'learning_rate': '8.716e-05', 'epoch': '2.5'}
{'eval_loss': '0.654', 'eval_accuracy': '0.8125', 'eval_f1': '0.8095', 'eval_balanced_accuracy': '0.8125', 'eval_macro_f1': '0.8095', 'eval_atc': '0.4688', 'eval_normalized_atc': '0.04688', 'eval_target_recall': '0.9375', 'eval_target_fnr': '0.0625', 'eval_selection_score': '0.05251', 'eval_selection_accuracy_value': '0.8125', 'eval_nll': '0.6358', 'eval_brier': '0.443', 'eval_ece': '0.2667', 'eval_auroc': '0.8086', 'eval_auprc': '0.7182', 'eval_runtime': '1.943', 'eval_samples_per_second': '32.93', 'eval_steps_per_second': '2.058', 'epoch': '3'}
CustomImageProcessor configuration saved to checkpoints/stop2a_tune_breakhis_balanced_prototype_convnext_logit_s0.5/checkpoint-12/preprocessor_config.json
{'eval_loss': '0.6474', 'eval_accuracy': '0.7188', 'eval_f1': '0.6946', 'eval_balanced_accuracy': '0.7188', 'eval_macro_f1': '0.6946', 'eval_atc': '0.2812', 'eval_normalized_atc': '0.02813', 'eval_target_recall': '1', 'eval_target_fnr': '0', 'eval_selection_score': '0.04535', 'eval_selection_accuracy_value': '0.7188', 'eval_nll': '0.6113', 'eval_brier': '0.4198', 'eval_ece': '0.1178', 'eval_auroc': '0.8301', 'eval_auprc': '0.7444', 'eval_runtime': '1.707', 'eval_samples_per_second': '37.49', 'eval_steps_per_second': '2.343', 'epoch': '4'}
CustomImageProcessor configuration saved to checkpoints/stop2a_tune_breakhis_balanced_prototype_convnext_logit_s0.5/checkpoint-16/preprocessor_config.json
{'loss': '0.6234', 'grad_norm': '1.727', 'learning_rate': '3.96e-05', 'epoch': '5'}
{'eval_loss': '0.6171', 'eval_accuracy': '0.8281', 'eval_f1': '0.8229', 'eval_balanced_accuracy': '0.8281', 'eval_macro_f1': '0.8229', 'eval_atc': '0.1719', 'eval_normalized_atc': '0.01719', 'eval_target_recall': '1', 'eval_target_fnr': '0', 'eval_selection_score': '0.01767', 'eval_selection_accuracy_value': '0.8281', 'eval_nll': '0.5817', 'eval_brier': '0.3908', 'eval_ece': '0.2074', 'eval_auroc': '0.8379', 'eval_auprc': '0.7668', 'eval_runtime': '2.175', 'eval_samples_per_second': '29.42', 'eval_steps_per_second': '1.839', 'epoch': '5'}
CustomImageProcessor configuration saved to checkpoints/stop2a_tune_breakhis_balanced_prototype_convnext_logit_s0.5/checkpoint-20/preprocessor_config.json
{'eval_loss': '0.6005', 'eval_accuracy': '0.8438', 'eval_f1': '0.8398', 'eval_balanced_accuracy': '0.8438', 'eval_macro_f1': '0.8398', 'eval_atc': '0.1562', 'eval_normalized_atc': '0.01562', 'eval_target_recall': '1', 'eval_target_fnr': '0', 'eval_selection_score': '0.01566', 'eval_selection_accuracy_value': '0.8438', 'eval_nll': '0.5649', 'eval_brier': '0.3745', 'eval_ece': '0.2288', 'eval_auroc': '0.8389', 'eval_auprc': '0.7679', 'eval_runtime': '2.052', 'eval_samples_per_second': '31.19', 'eval_steps_per_second': '1.949', 'epoch': '6'}
CustomImageProcessor configuration saved to checkpoints/stop2a_tune_breakhis_balanced_prototype_convnext_logit_s0.5/checkpoint-24/preprocessor_config.json
{'eval_loss': '0.5959', 'eval_accuracy': '0.8438', 'eval_f1': '0.8398', 'eval_balanced_accuracy': '0.8438', 'eval_macro_f1': '0.8398', 'eval_atc': '0.1562', 'eval_normalized_atc': '0.01562', 'eval_target_recall': '1', 'eval_target_fnr': '0', 'eval_selection_score': '0.01566', 'eval_selection_accuracy_value': '0.8438', 'eval_nll': '0.5581', 'eval_brier': '0.3681', 'eval_ece': '0.2065', 'eval_auroc': '0.8398', 'eval_auprc': '0.7692', 'eval_runtime': '3.715', 'eval_samples_per_second': '17.23', 'eval_steps_per_second': '1.077', 'epoch': '7'}
CustomImageProcessor configuration saved to checkpoints/stop2a_tune_breakhis_balanced_prototype_convnext_logit_s0.5/checkpoint-28/preprocessor_config.json
{'loss': '0.5571', 'grad_norm': '2.408', 'learning_rate': '2.447e-06', 'epoch': '7.5'}
{'eval_loss': '0.595', 'eval_accuracy': '0.8438', 'eval_f1': '0.8398', 'eval_balanced_accuracy': '0.8438', 'eval_macro_f1': '0.8398', 'eval_atc': '0.1562', 'eval_normalized_atc': '0.01562', 'eval_target_recall': '1', 'eval_target_fnr': '0', 'eval_selection_score': '0.01566', 'eval_selection_accuracy_value': '0.8438', 'eval_nll': '0.5568', 'eval_brier': '0.3669', 'eval_ece': '0.2051', 'eval_auroc': '0.8408', 'eval_auprc': '0.7708', 'eval_runtime': '11.98', 'eval_samples_per_second': '5.342', 'eval_steps_per_second': '0.334', 'epoch': '8'}
CustomImageProcessor configuration saved to checkpoints/stop2a_tune_breakhis_balanced_prototype_convnext_logit_s0.5/checkpoint-32/preprocessor_config.json
{'train_runtime': '46.36', 'train_samples_per_second': '44.18', 'train_steps_per_second': '0.69', 'train_loss': '0.634', 'epoch': '8'}
***** train metrics *****
  epoch                    =        8.0
  total_flos               = 47927166GF
  train_loss               =      0.634
  train_runtime            = 0:00:46.35
  train_samples_per_second =     44.177
  train_steps_per_second   =       0.69
Using device: cuda

============================================================
PERFORMING COMPREHENSIVE EVALUATION
============================================================
Results will be saved to: results/convnext_test/stop2a_tune_breakhis_balanced_prototype_convnext_logit_s0.5_04-28_06-47
Saving run configuration...
Run configuration saved to: results/convnext_test/stop2a_tune_breakhis_balanced_prototype_convnext_logit_s0.5_04-28_06-47/run_configuration_20260428_064752.json
Running model evaluation...
Computing detailed metrics...
Saving metrics to files...
Metrics saved to: results/convnext_test/stop2a_tune_breakhis_balanced_prototype_convnext_logit_s0.5_04-28_06-47/metrics_20260428_064759_nicme_logit_adjustment.json and results/convnext_test/stop2a_tune_breakhis_balanced_prototype_convnext_logit_s0.5_04-28_06-47/metrics_20260428_064759_nicme_logit_adjustment.txt
Creating confusion matrix visualizations...
Using provided class names: ['benign', 'malignant']
Confusion matrix visualizations (3-panel) saved to: results/convnext_test/stop2a_tune_breakhis_balanced_prototype_convnext_logit_s0.5_04-28_06-47/confusion_matrix_20260428_064759_nicme_logit_adjustment.png and results/convnext_test/stop2a_tune_breakhis_balanced_prototype_convnext_logit_s0.5_04-28_06-47/confusion_matrix_20260428_064759_nicme_logit_adjustment.pdf
Detailed confusion matrix saved to: results/convnext_test/stop2a_tune_breakhis_balanced_prototype_convnext_logit_s0.5_04-28_06-47/confusion_matrix_detailed_20260428_064759_nicme_logit_adjustment.png

============================================================
TRAINING COMPLETED - RESULTS SUMMARY
============================================================
Output Directory: results/convnext_test/stop2a_tune_breakhis_balanced_prototype_convnext_logit_s0.5_04-28_06-47
Overall Accuracy: 0.8281
Balanced Accuracy: 0.8281
Overall F1 Score: 0.8247
Kappa: 0.6562
AUC: 0.9580
Expected Cost: 0.3125
Loss Function Used: nicme_logit_adjustment
Total Test Samples: 64
Classes: benign, malignant

Detailed metrics and visualizations saved to: results/convnext_test/stop2a_tune_breakhis_balanced_prototype_convnext_logit_s0.5_04-28_06-47
============================================================
