Prepared manifest loaded — Train=256, Val=64, Calibration=64, Test=64
cuda
Using model backend=hf_auto type=vit with 2 labels
Early stopping enabled with patience=2
Using device: cuda
{'eval_loss': '0.6455', 'eval_accuracy': '0.6094', 'eval_f1': '0.539', 'eval_balanced_accuracy': '0.6094', 'eval_macro_f1': '0.539', 'eval_atc': '0.3906', 'eval_normalized_atc': '0.03906', 'eval_target_recall': '1', 'eval_target_fnr': '0', 'eval_selection_score': '0.09696', 'eval_selection_accuracy_value': '0.6094', 'eval_nll': '0.6399', 'eval_brier': '0.4475', 'eval_ece': '0.2019', 'eval_auroc': '0.917', 'eval_auprc': '0.9139', 'eval_runtime': '2.188', 'eval_samples_per_second': '29.25', 'eval_steps_per_second': '1.828', 'epoch': '1'}
CustomImageProcessor configuration saved to checkpoints/stop2a_tune_breakhis_balanced_prototype_vit_logit_s0.2/checkpoint-4/preprocessor_config.json
{'eval_loss': '0.5623', 'eval_accuracy': '0.8125', 'eval_f1': '0.8057', 'eval_balanced_accuracy': '0.8125', 'eval_macro_f1': '0.8057', 'eval_atc': '0.1875', 'eval_normalized_atc': '0.01875', 'eval_target_recall': '1', 'eval_target_fnr': '0', 'eval_selection_score': '0.02016', 'eval_selection_accuracy_value': '0.8125', 'eval_nll': '0.5458', 'eval_brier': '0.3617', 'eval_ece': '0.1582', 'eval_auroc': '0.9424', 'eval_auprc': '0.931', 'eval_runtime': '1.715', 'eval_samples_per_second': '37.31', 'eval_steps_per_second': '2.332', 'epoch': '2'}
CustomImageProcessor configuration saved to checkpoints/stop2a_tune_breakhis_balanced_prototype_vit_logit_s0.2/checkpoint-8/preprocessor_config.json
{'loss': '2.595', 'grad_norm': '3.196', 'learning_rate': '8.716e-05', 'epoch': '2.5'}
{'eval_loss': '0.4869', 'eval_accuracy': '0.875', 'eval_f1': '0.873', 'eval_balanced_accuracy': '0.875', 'eval_macro_f1': '0.873', 'eval_atc': '0.125', 'eval_normalized_atc': '0.0125', 'eval_target_recall': '1', 'eval_target_fnr': '0', 'eval_selection_score': '0.0125', 'eval_selection_accuracy_value': '0.875', 'eval_nll': '0.4611', 'eval_brier': '0.2792', 'eval_ece': '0.2065', 'eval_auroc': '0.8721', 'eval_auprc': '0.835', 'eval_runtime': '1.959', 'eval_samples_per_second': '32.67', 'eval_steps_per_second': '2.042', 'epoch': '3'}
CustomImageProcessor configuration saved to checkpoints/stop2a_tune_breakhis_balanced_prototype_vit_logit_s0.2/checkpoint-12/preprocessor_config.json
{'eval_loss': '0.5084', 'eval_accuracy': '0.8438', 'eval_f1': '0.8431', 'eval_balanced_accuracy': '0.8438', 'eval_macro_f1': '0.8431', 'eval_atc': '0.5781', 'eval_normalized_atc': '0.05781', 'eval_target_recall': '0.9062', 'eval_target_fnr': '0.09375', 'eval_selection_score': '0.07411', 'eval_selection_accuracy_value': '0.8438', 'eval_nll': '0.4639', 'eval_brier': '0.285', 'eval_ece': '0.1405', 'eval_auroc': '0.8711', 'eval_auprc': '0.8432', 'eval_runtime': '2.099', 'eval_samples_per_second': '30.49', 'eval_steps_per_second': '1.906', 'epoch': '4'}
CustomImageProcessor configuration saved to checkpoints/stop2a_tune_breakhis_balanced_prototype_vit_logit_s0.2/checkpoint-16/preprocessor_config.json
{'loss': '1.593', 'grad_norm': '5.835', 'learning_rate': '3.96e-05', 'epoch': '5'}
{'eval_loss': '0.5455', 'eval_accuracy': '0.8125', 'eval_f1': '0.8095', 'eval_balanced_accuracy': '0.8125', 'eval_macro_f1': '0.8095', 'eval_atc': '0.4688', 'eval_normalized_atc': '0.04688', 'eval_target_recall': '0.9375', 'eval_target_fnr': '0.0625', 'eval_selection_score': '0.05251', 'eval_selection_accuracy_value': '0.8125', 'eval_nll': '0.4892', 'eval_brier': '0.2989', 'eval_ece': '0.1579', 'eval_auroc': '0.8545', 'eval_auprc': '0.8299', 'eval_runtime': '2.182', 'eval_samples_per_second': '29.33', 'eval_steps_per_second': '1.833', 'epoch': '5'}
CustomImageProcessor configuration saved to checkpoints/stop2a_tune_breakhis_balanced_prototype_vit_logit_s0.2/checkpoint-20/preprocessor_config.json
{'train_runtime': '23.51', 'train_samples_per_second': '87.11', 'train_steps_per_second': '1.361', 'train_loss': '2.094', 'epoch': '5'}
***** train metrics *****
  epoch                    =        5.0
  total_flos               = 92377650GF
  train_loss               =     2.0943
  train_runtime            = 0:00:23.51
  train_samples_per_second =     87.111
  train_steps_per_second   =      1.361
Using device: cuda

============================================================
PERFORMING COMPREHENSIVE EVALUATION
============================================================
Results will be saved to: results/vit_test/stop2a_tune_breakhis_balanced_prototype_vit_logit_s0.2_04-28_06-54
Saving run configuration...
Run configuration saved to: results/vit_test/stop2a_tune_breakhis_balanced_prototype_vit_logit_s0.2_04-28_06-54/run_configuration_20260428_065438.json
Running model evaluation...
Computing detailed metrics...
Saving metrics to files...
Metrics saved to: results/vit_test/stop2a_tune_breakhis_balanced_prototype_vit_logit_s0.2_04-28_06-54/metrics_20260428_065445_nicme_logit_adjustment.json and results/vit_test/stop2a_tune_breakhis_balanced_prototype_vit_logit_s0.2_04-28_06-54/metrics_20260428_065445_nicme_logit_adjustment.txt
Creating confusion matrix visualizations...
Using provided class names: ['benign', 'malignant']
Confusion matrix visualizations (3-panel) saved to: results/vit_test/stop2a_tune_breakhis_balanced_prototype_vit_logit_s0.2_04-28_06-54/confusion_matrix_20260428_065445_nicme_logit_adjustment.png and results/vit_test/stop2a_tune_breakhis_balanced_prototype_vit_logit_s0.2_04-28_06-54/confusion_matrix_20260428_065445_nicme_logit_adjustment.pdf
Detailed confusion matrix saved to: results/vit_test/stop2a_tune_breakhis_balanced_prototype_vit_logit_s0.2_04-28_06-54/confusion_matrix_detailed_20260428_065445_nicme_logit_adjustment.png

============================================================
TRAINING COMPLETED - RESULTS SUMMARY
============================================================
Output Directory: results/vit_test/stop2a_tune_breakhis_balanced_prototype_vit_logit_s0.2_04-28_06-54
Overall Accuracy: 0.9375
Balanced Accuracy: 0.9375
Overall F1 Score: 0.9374
Kappa: 0.8750
AUC: 0.9756
Expected Cost: 0.4844
Loss Function Used: nicme_logit_adjustment
Total Test Samples: 64
Classes: benign, malignant

Detailed metrics and visualizations saved to: results/vit_test/stop2a_tune_breakhis_balanced_prototype_vit_logit_s0.2_04-28_06-54
============================================================
