Prepared manifest loaded — Train=256, Val=64, Calibration=64, Test=64
cuda
Using model backend=hf_auto type=vit with 2 labels
Early stopping enabled with patience=2
Using device: cuda
{'eval_loss': '0.7459', 'eval_accuracy': '0.5', 'eval_f1': '0.3333', 'eval_balanced_accuracy': '0.5', 'eval_macro_f1': '0.3333', 'eval_atc': '0.5', 'eval_normalized_atc': '0.05', 'eval_target_recall': '1', 'eval_target_fnr': '0', 'eval_selection_score': '0.1725', 'eval_selection_accuracy_value': '0.5', 'eval_nll': '0.6744', 'eval_brier': '0.4815', 'eval_ece': '0.1126', 'eval_auroc': '0.8789', 'eval_auprc': '0.8889', 'eval_runtime': '1.901', 'eval_samples_per_second': '33.67', 'eval_steps_per_second': '2.105', 'epoch': '1'}
CustomImageProcessor configuration saved to checkpoints/stop2a_tune_breakhis_balanced_prototype_vit_hybrid_s0.025_l0.1/checkpoint-4/preprocessor_config.json
{'eval_loss': '0.6965', 'eval_accuracy': '0.7656', 'eval_f1': '0.752', 'eval_balanced_accuracy': '0.7656', 'eval_macro_f1': '0.752', 'eval_atc': '0.2344', 'eval_normalized_atc': '0.02344', 'eval_target_recall': '1', 'eval_target_fnr': '0', 'eval_selection_score': '0.03056', 'eval_selection_accuracy_value': '0.7656', 'eval_nll': '0.6565', 'eval_brier': '0.4635', 'eval_ece': '0.2328', 'eval_auroc': '0.875', 'eval_auprc': '0.8201', 'eval_runtime': '2.142', 'eval_samples_per_second': '29.88', 'eval_steps_per_second': '1.868', 'epoch': '2'}
CustomImageProcessor configuration saved to checkpoints/stop2a_tune_breakhis_balanced_prototype_vit_hybrid_s0.025_l0.1/checkpoint-8/preprocessor_config.json
{'loss': '3.037', 'grad_norm': '4.857', 'learning_rate': '8.716e-05', 'epoch': '2.5'}
{'eval_loss': '0.6405', 'eval_accuracy': '0.8906', 'eval_f1': '0.8893', 'eval_balanced_accuracy': '0.8906', 'eval_macro_f1': '0.8893', 'eval_atc': '0.1094', 'eval_normalized_atc': '0.01094', 'eval_target_recall': '1', 'eval_target_fnr': '0', 'eval_selection_score': '0.01094', 'eval_selection_accuracy_value': '0.8906', 'eval_nll': '0.5889', 'eval_brier': '0.397', 'eval_ece': '0.3093', 'eval_auroc': '0.8867', 'eval_auprc': '0.8327', 'eval_runtime': '2.285', 'eval_samples_per_second': '28.01', 'eval_steps_per_second': '1.751', 'epoch': '3'}
CustomImageProcessor configuration saved to checkpoints/stop2a_tune_breakhis_balanced_prototype_vit_hybrid_s0.025_l0.1/checkpoint-12/preprocessor_config.json
{'eval_loss': '0.6365', 'eval_accuracy': '0.8438', 'eval_f1': '0.8398', 'eval_balanced_accuracy': '0.8438', 'eval_macro_f1': '0.8398', 'eval_atc': '0.1562', 'eval_normalized_atc': '0.01562', 'eval_target_recall': '1', 'eval_target_fnr': '0', 'eval_selection_score': '0.01566', 'eval_selection_accuracy_value': '0.8438', 'eval_nll': '0.5427', 'eval_brier': '0.355', 'eval_ece': '0.2121', 'eval_auroc': '0.8857', 'eval_auprc': '0.8527', 'eval_runtime': '1.667', 'eval_samples_per_second': '38.4', 'eval_steps_per_second': '2.4', 'epoch': '4'}
CustomImageProcessor configuration saved to checkpoints/stop2a_tune_breakhis_balanced_prototype_vit_hybrid_s0.025_l0.1/checkpoint-16/preprocessor_config.json
{'loss': '2.507', 'grad_norm': '21.13', 'learning_rate': '3.96e-05', 'epoch': '5'}
{'eval_loss': '0.6243', 'eval_accuracy': '0.8281', 'eval_f1': '0.826', 'eval_balanced_accuracy': '0.8281', 'eval_macro_f1': '0.826', 'eval_atc': '0.4531', 'eval_normalized_atc': '0.04531', 'eval_target_recall': '0.9375', 'eval_target_fnr': '0.0625', 'eval_selection_score': '0.05002', 'eval_selection_accuracy_value': '0.8281', 'eval_nll': '0.5232', 'eval_brier': '0.3379', 'eval_ece': '0.2432', 'eval_auroc': '0.8916', 'eval_auprc': '0.8737', 'eval_runtime': '2.222', 'eval_samples_per_second': '28.8', 'eval_steps_per_second': '1.8', 'epoch': '5'}
CustomImageProcessor configuration saved to checkpoints/stop2a_tune_breakhis_balanced_prototype_vit_hybrid_s0.025_l0.1/checkpoint-20/preprocessor_config.json
{'train_runtime': '23.65', 'train_samples_per_second': '86.6', 'train_steps_per_second': '1.353', 'train_loss': '2.772', 'epoch': '5'}
***** train metrics *****
  epoch                    =        5.0
  total_flos               = 92377650GF
  train_loss               =      2.772
  train_runtime            = 0:00:23.64
  train_samples_per_second =     86.601
  train_steps_per_second   =      1.353
Using device: cuda

============================================================
PERFORMING COMPREHENSIVE EVALUATION
============================================================
Results will be saved to: results/vit_test/stop2a_tune_breakhis_balanced_prototype_vit_hybrid_s0.025_l0.1_04-28_06-56
Saving run configuration...
Run configuration saved to: results/vit_test/stop2a_tune_breakhis_balanced_prototype_vit_hybrid_s0.025_l0.1_04-28_06-56/run_configuration_20260428_065629.json
Running model evaluation...
Computing detailed metrics...
Saving metrics to files...
Metrics saved to: results/vit_test/stop2a_tune_breakhis_balanced_prototype_vit_hybrid_s0.025_l0.1_04-28_06-56/metrics_20260428_065635_nicme_hybrid.json and results/vit_test/stop2a_tune_breakhis_balanced_prototype_vit_hybrid_s0.025_l0.1_04-28_06-56/metrics_20260428_065635_nicme_hybrid.txt
Creating confusion matrix visualizations...
Using provided class names: ['benign', 'malignant']
Confusion matrix visualizations (3-panel) saved to: results/vit_test/stop2a_tune_breakhis_balanced_prototype_vit_hybrid_s0.025_l0.1_04-28_06-56/confusion_matrix_20260428_065635_nicme_hybrid.png and results/vit_test/stop2a_tune_breakhis_balanced_prototype_vit_hybrid_s0.025_l0.1_04-28_06-56/confusion_matrix_20260428_065635_nicme_hybrid.pdf
Detailed confusion matrix saved to: results/vit_test/stop2a_tune_breakhis_balanced_prototype_vit_hybrid_s0.025_l0.1_04-28_06-56/confusion_matrix_detailed_20260428_065635_nicme_hybrid.png

============================================================
TRAINING COMPLETED - RESULTS SUMMARY
============================================================
Output Directory: results/vit_test/stop2a_tune_breakhis_balanced_prototype_vit_hybrid_s0.025_l0.1_04-28_06-56
Overall Accuracy: 0.9062
Balanced Accuracy: 0.9062
Overall F1 Score: 0.9062
Kappa: 0.8125
AUC: 0.9580
Expected Cost: 0.6562
Loss Function Used: nicme_hybrid
Total Test Samples: 64
Classes: benign, malignant

Detailed metrics and visualizations saved to: results/vit_test/stop2a_tune_breakhis_balanced_prototype_vit_hybrid_s0.025_l0.1_04-28_06-56
============================================================
