Prepared manifest loaded — Train=256, Val=64, Calibration=64, Test=64
cuda
Using model backend=timm type=timm_dinov3_convnext_lora with 2 labels
Early stopping enabled with patience=2
Using device: cuda
{'eval_loss': '0.6742', 'eval_accuracy': '0.6875', 'eval_f1': '0.6863', 'eval_balanced_accuracy': '0.6875', 'eval_macro_f1': '0.6863', 'eval_atc': '1.438', 'eval_normalized_atc': '0.1437', 'eval_target_recall': '0.75', 'eval_target_fnr': '0.25', 'eval_selection_score': '0.3638', 'eval_selection_accuracy_value': '0.6875', 'eval_nll': '0.6611', 'eval_brier': '0.4667', 'eval_ece': '0.1576', 'eval_auroc': '0.6992', 'eval_auprc': '0.6519', 'eval_runtime': '1.899', 'eval_samples_per_second': '33.7', 'eval_steps_per_second': '2.106', 'epoch': '1'}
CustomImageProcessor configuration saved to checkpoints/stop2a_tune_breakhis_balanced_prototype_timm_dinov3_convnext_lora_logit_s0.05/checkpoint-4/preprocessor_config.json
{'eval_loss': '0.639', 'eval_accuracy': '0.7344', 'eval_f1': '0.7338', 'eval_balanced_accuracy': '0.7344', 'eval_macro_f1': '0.7338', 'eval_atc': '1.25', 'eval_normalized_atc': '0.125', 'eval_target_recall': '0.7812', 'eval_target_fnr': '0.2188', 'eval_selection_score': '0.2809', 'eval_selection_accuracy_value': '0.7344', 'eval_nll': '0.6281', 'eval_brier': '0.4357', 'eval_ece': '0.1558', 'eval_auroc': '0.748', 'eval_auprc': '0.7229', 'eval_runtime': '1.676', 'eval_samples_per_second': '38.2', 'eval_steps_per_second': '2.387', 'epoch': '2'}
CustomImageProcessor configuration saved to checkpoints/stop2a_tune_breakhis_balanced_prototype_timm_dinov3_convnext_lora_logit_s0.05/checkpoint-8/preprocessor_config.json
{'loss': '2.935', 'grad_norm': '35.03', 'learning_rate': '8.716e-05', 'epoch': '2.5'}
{'eval_loss': '0.6314', 'eval_accuracy': '0.5312', 'eval_f1': '0.4386', 'eval_balanced_accuracy': '0.5312', 'eval_macro_f1': '0.4386', 'eval_atc': '0.75', 'eval_normalized_atc': '0.075', 'eval_target_recall': '0.9375', 'eval_target_fnr': '0.0625', 'eval_selection_score': '0.1808', 'eval_selection_accuracy_value': '0.5312', 'eval_nll': '0.6257', 'eval_brier': '0.4389', 'eval_ece': '0.2054', 'eval_auroc': '0.832', 'eval_auprc': '0.8291', 'eval_runtime': '1.862', 'eval_samples_per_second': '34.37', 'eval_steps_per_second': '2.148', 'epoch': '3'}
CustomImageProcessor configuration saved to checkpoints/stop2a_tune_breakhis_balanced_prototype_timm_dinov3_convnext_lora_logit_s0.05/checkpoint-12/preprocessor_config.json
{'eval_loss': '0.5809', 'eval_accuracy': '0.6562', 'eval_f1': '0.619', 'eval_balanced_accuracy': '0.6562', 'eval_macro_f1': '0.619', 'eval_atc': '0.4844', 'eval_normalized_atc': '0.04844', 'eval_target_recall': '0.9688', 'eval_target_fnr': '0.03125', 'eval_selection_score': '0.08598', 'eval_selection_accuracy_value': '0.6562', 'eval_nll': '0.576', 'eval_brier': '0.3948', 'eval_ece': '0.1279', 'eval_auroc': '0.8701', 'eval_auprc': '0.8817', 'eval_runtime': '1.778', 'eval_samples_per_second': '36', 'eval_steps_per_second': '2.25', 'epoch': '4'}
CustomImageProcessor configuration saved to checkpoints/stop2a_tune_breakhis_balanced_prototype_timm_dinov3_convnext_lora_logit_s0.05/checkpoint-16/preprocessor_config.json
{'loss': '2.392', 'grad_norm': '24.89', 'learning_rate': '3.96e-05', 'epoch': '5'}
{'eval_loss': '0.5263', 'eval_accuracy': '0.7656', 'eval_f1': '0.7609', 'eval_balanced_accuracy': '0.7656', 'eval_macro_f1': '0.7609', 'eval_atc': '0.6562', 'eval_normalized_atc': '0.06563', 'eval_target_recall': '0.9062', 'eval_target_fnr': '0.09375', 'eval_selection_score': '0.089', 'eval_selection_accuracy_value': '0.7656', 'eval_nll': '0.5221', 'eval_brier': '0.344', 'eval_ece': '0.1095', 'eval_auroc': '0.9014', 'eval_auprc': '0.9111', 'eval_runtime': '1.573', 'eval_samples_per_second': '40.7', 'eval_steps_per_second': '2.544', 'epoch': '5'}
CustomImageProcessor configuration saved to checkpoints/stop2a_tune_breakhis_balanced_prototype_timm_dinov3_convnext_lora_logit_s0.05/checkpoint-20/preprocessor_config.json
{'eval_loss': '0.5123', 'eval_accuracy': '0.7812', 'eval_f1': '0.7733', 'eval_balanced_accuracy': '0.7812', 'eval_macro_f1': '0.7733', 'eval_atc': '0.3594', 'eval_normalized_atc': '0.03594', 'eval_target_recall': '0.9688', 'eval_target_fnr': '0.03125', 'eval_selection_score': '0.04067', 'eval_selection_accuracy_value': '0.7812', 'eval_nll': '0.5079', 'eval_brier': '0.3351', 'eval_ece': '0.0986', 'eval_auroc': '0.9092', 'eval_auprc': '0.9145', 'eval_runtime': '1.941', 'eval_samples_per_second': '32.97', 'eval_steps_per_second': '2.061', 'epoch': '6'}
CustomImageProcessor configuration saved to checkpoints/stop2a_tune_breakhis_balanced_prototype_timm_dinov3_convnext_lora_logit_s0.05/checkpoint-24/preprocessor_config.json
{'eval_loss': '0.5121', 'eval_accuracy': '0.7344', 'eval_f1': '0.7189', 'eval_balanced_accuracy': '0.7344', 'eval_macro_f1': '0.7189', 'eval_atc': '0.4062', 'eval_normalized_atc': '0.04063', 'eval_target_recall': '0.9688', 'eval_target_fnr': '0.03125', 'eval_selection_score': '0.054', 'eval_selection_accuracy_value': '0.7344', 'eval_nll': '0.5073', 'eval_brier': '0.3367', 'eval_ece': '0.1114', 'eval_auroc': '0.9092', 'eval_auprc': '0.9151', 'eval_runtime': '2.01', 'eval_samples_per_second': '31.85', 'eval_steps_per_second': '1.99', 'epoch': '7'}
CustomImageProcessor configuration saved to checkpoints/stop2a_tune_breakhis_balanced_prototype_timm_dinov3_convnext_lora_logit_s0.05/checkpoint-28/preprocessor_config.json
{'loss': '2.097', 'grad_norm': '35.61', 'learning_rate': '2.447e-06', 'epoch': '7.5'}
{'eval_loss': '0.5118', 'eval_accuracy': '0.7344', 'eval_f1': '0.7189', 'eval_balanced_accuracy': '0.7344', 'eval_macro_f1': '0.7189', 'eval_atc': '0.4062', 'eval_normalized_atc': '0.04063', 'eval_target_recall': '0.9688', 'eval_target_fnr': '0.03125', 'eval_selection_score': '0.054', 'eval_selection_accuracy_value': '0.7344', 'eval_nll': '0.5069', 'eval_brier': '0.3367', 'eval_ece': '0.1182', 'eval_auroc': '0.9121', 'eval_auprc': '0.9171', 'eval_runtime': '1.646', 'eval_samples_per_second': '38.87', 'eval_steps_per_second': '2.429', 'epoch': '8'}
CustomImageProcessor configuration saved to checkpoints/stop2a_tune_breakhis_balanced_prototype_timm_dinov3_convnext_lora_logit_s0.05/checkpoint-32/preprocessor_config.json
{'train_runtime': '30.29', 'train_samples_per_second': '67.6', 'train_steps_per_second': '1.056', 'train_loss': '2.44', 'epoch': '8'}
***** train metrics *****
  epoch                    =        8.0
  total_flos               =        0GF
  train_loss               =     2.4397
  train_runtime            = 0:00:30.29
  train_samples_per_second =     67.603
  train_steps_per_second   =      1.056
Using device: cuda

============================================================
PERFORMING COMPREHENSIVE EVALUATION
============================================================
Results will be saved to: results/timm_dinov3_convnext_lora_test/stop2a_tune_breakhis_balanced_prototype_timm_dinov3_convnext_lora_logit_s0.05_04-28_07-07
Saving run configuration...
Run configuration saved to: results/timm_dinov3_convnext_lora_test/stop2a_tune_breakhis_balanced_prototype_timm_dinov3_convnext_lora_logit_s0.05_04-28_07-07/run_configuration_20260428_070735.json
Running model evaluation...
Computing detailed metrics...
Saving metrics to files...
Metrics saved to: results/timm_dinov3_convnext_lora_test/stop2a_tune_breakhis_balanced_prototype_timm_dinov3_convnext_lora_logit_s0.05_04-28_07-07/metrics_20260428_070741_nicme_logit_adjustment.json and results/timm_dinov3_convnext_lora_test/stop2a_tune_breakhis_balanced_prototype_timm_dinov3_convnext_lora_logit_s0.05_04-28_07-07/metrics_20260428_070741_nicme_logit_adjustment.txt
Creating confusion matrix visualizations...
Using provided class names: ['benign', 'malignant']
Confusion matrix visualizations (3-panel) saved to: results/timm_dinov3_convnext_lora_test/stop2a_tune_breakhis_balanced_prototype_timm_dinov3_convnext_lora_logit_s0.05_04-28_07-07/confusion_matrix_20260428_070741_nicme_logit_adjustment.png and results/timm_dinov3_convnext_lora_test/stop2a_tune_breakhis_balanced_prototype_timm_dinov3_convnext_lora_logit_s0.05_04-28_07-07/confusion_matrix_20260428_070741_nicme_logit_adjustment.pdf
Detailed confusion matrix saved to: results/timm_dinov3_convnext_lora_test/stop2a_tune_breakhis_balanced_prototype_timm_dinov3_convnext_lora_logit_s0.05_04-28_07-07/confusion_matrix_detailed_20260428_070741_nicme_logit_adjustment.png

============================================================
TRAINING COMPLETED - RESULTS SUMMARY
============================================================
Output Directory: results/timm_dinov3_convnext_lora_test/stop2a_tune_breakhis_balanced_prototype_timm_dinov3_convnext_lora_logit_s0.05_04-28_07-07
Overall Accuracy: 0.8281
Balanced Accuracy: 0.8281
Overall F1 Score: 0.8271
Kappa: 0.6562
AUC: 0.8115
Expected Cost: 0.5938
Loss Function Used: nicme_logit_adjustment
Total Test Samples: 64
Classes: benign, malignant

Detailed metrics and visualizations saved to: results/timm_dinov3_convnext_lora_test/stop2a_tune_breakhis_balanced_prototype_timm_dinov3_convnext_lora_logit_s0.05_04-28_07-07
============================================================
