Prepared manifest loaded — Train=256, Val=64, Calibration=64, Test=64
cuda
Using model backend=timm type=timm_dinov3_convnext_lora with 2 labels
Early stopping enabled with patience=2
Using device: cuda
{'eval_loss': '0.9479', 'eval_accuracy': '0.5625', 'eval_f1': '0.5152', 'eval_balanced_accuracy': '0.5625', 'eval_macro_f1': '0.5152', 'eval_atc': '1', 'eval_normalized_atc': '0.1', 'eval_target_recall': '0.875', 'eval_target_fnr': '0.125', 'eval_selection_score': '0.2188', 'eval_selection_accuracy_value': '0.5625', 'eval_nll': '0.6747', 'eval_brier': '0.4799', 'eval_ece': '0.0898', 'eval_auroc': '0.6914', 'eval_auprc': '0.6517', 'eval_runtime': '1.79', 'eval_samples_per_second': '35.76', 'eval_steps_per_second': '2.235', 'epoch': '1'}
CustomImageProcessor configuration saved to checkpoints/stop2a_tune_breakhis_balanced_prototype_timm_dinov3_convnext_lora_hybrid_s0.2_l0.25/checkpoint-4/preprocessor_config.json
{'eval_loss': '0.857', 'eval_accuracy': '0.5312', 'eval_f1': '0.4386', 'eval_balanced_accuracy': '0.5312', 'eval_macro_f1': '0.4386', 'eval_atc': '0.75', 'eval_normalized_atc': '0.075', 'eval_target_recall': '0.9375', 'eval_target_fnr': '0.0625', 'eval_selection_score': '0.1808', 'eval_selection_accuracy_value': '0.5312', 'eval_nll': '0.6609', 'eval_brier': '0.4685', 'eval_ece': '0.1564', 'eval_auroc': '0.7363', 'eval_auprc': '0.6982', 'eval_runtime': '2.119', 'eval_samples_per_second': '30.21', 'eval_steps_per_second': '1.888', 'epoch': '2'}
CustomImageProcessor configuration saved to checkpoints/stop2a_tune_breakhis_balanced_prototype_timm_dinov3_convnext_lora_hybrid_s0.2_l0.25/checkpoint-8/preprocessor_config.json
{'loss': '4.349', 'grad_norm': '108.9', 'learning_rate': '8.716e-05', 'epoch': '2.5'}
{'eval_loss': '0.9683', 'eval_accuracy': '0.5', 'eval_f1': '0.3333', 'eval_balanced_accuracy': '0.5', 'eval_macro_f1': '0.3333', 'eval_atc': '0.5', 'eval_normalized_atc': '0.05', 'eval_target_recall': '1', 'eval_target_fnr': '0', 'eval_selection_score': '0.1725', 'eval_selection_accuracy_value': '0.5', 'eval_nll': '0.6945', 'eval_brier': '0.5045', 'eval_ece': '0.2272', 'eval_auroc': '0.7988', 'eval_auprc': '0.8022', 'eval_runtime': '1.829', 'eval_samples_per_second': '34.98', 'eval_steps_per_second': '2.187', 'epoch': '3'}
CustomImageProcessor configuration saved to checkpoints/stop2a_tune_breakhis_balanced_prototype_timm_dinov3_convnext_lora_hybrid_s0.2_l0.25/checkpoint-12/preprocessor_config.json
{'eval_loss': '0.7922', 'eval_accuracy': '0.5312', 'eval_f1': '0.4203', 'eval_balanced_accuracy': '0.5312', 'eval_macro_f1': '0.4203', 'eval_atc': '0.6094', 'eval_normalized_atc': '0.06094', 'eval_target_recall': '0.9688', 'eval_target_fnr': '0.03125', 'eval_selection_score': '0.1625', 'eval_selection_accuracy_value': '0.5312', 'eval_nll': '0.637', 'eval_brier': '0.4486', 'eval_ece': '0.1672', 'eval_auroc': '0.8193', 'eval_auprc': '0.8274', 'eval_runtime': '2.189', 'eval_samples_per_second': '29.24', 'eval_steps_per_second': '1.828', 'epoch': '4'}
CustomImageProcessor configuration saved to checkpoints/stop2a_tune_breakhis_balanced_prototype_timm_dinov3_convnext_lora_hybrid_s0.2_l0.25/checkpoint-16/preprocessor_config.json
{'loss': '3.449', 'grad_norm': '282.8', 'learning_rate': '3.96e-05', 'epoch': '5'}
{'eval_loss': '0.794', 'eval_accuracy': '0.7812', 'eval_f1': '0.7778', 'eval_balanced_accuracy': '0.7812', 'eval_macro_f1': '0.7778', 'eval_atc': '0.6406', 'eval_normalized_atc': '0.06406', 'eval_target_recall': '0.9062', 'eval_target_fnr': '0.09375', 'eval_selection_score': '0.08505', 'eval_selection_accuracy_value': '0.7812', 'eval_nll': '0.6098', 'eval_brier': '0.4191', 'eval_ece': '0.2106', 'eval_auroc': '0.8379', 'eval_auprc': '0.8516', 'eval_runtime': '1.686', 'eval_samples_per_second': '37.97', 'eval_steps_per_second': '2.373', 'epoch': '5'}
CustomImageProcessor configuration saved to checkpoints/stop2a_tune_breakhis_balanced_prototype_timm_dinov3_convnext_lora_hybrid_s0.2_l0.25/checkpoint-20/preprocessor_config.json
{'eval_loss': '0.7674', 'eval_accuracy': '0.7031', 'eval_f1': '0.6903', 'eval_balanced_accuracy': '0.7031', 'eval_macro_f1': '0.6903', 'eval_atc': '0.7188', 'eval_normalized_atc': '0.07187', 'eval_target_recall': '0.9062', 'eval_target_fnr': '0.09375', 'eval_selection_score': '0.1097', 'eval_selection_accuracy_value': '0.7031', 'eval_nll': '0.6082', 'eval_brier': '0.4179', 'eval_ece': '0.167', 'eval_auroc': '0.8525', 'eval_auprc': '0.8716', 'eval_runtime': '1.74', 'eval_samples_per_second': '36.79', 'eval_steps_per_second': '2.3', 'epoch': '6'}
CustomImageProcessor configuration saved to checkpoints/stop2a_tune_breakhis_balanced_prototype_timm_dinov3_convnext_lora_hybrid_s0.2_l0.25/checkpoint-24/preprocessor_config.json
{'eval_loss': '0.7463', 'eval_accuracy': '0.6406', 'eval_f1': '0.6133', 'eval_balanced_accuracy': '0.6406', 'eval_macro_f1': '0.6133', 'eval_atc': '0.7812', 'eval_normalized_atc': '0.07812', 'eval_target_recall': '0.9062', 'eval_target_fnr': '0.09375', 'eval_selection_score': '0.1382', 'eval_selection_accuracy_value': '0.6406', 'eval_nll': '0.6107', 'eval_brier': '0.4212', 'eval_ece': '0.1122', 'eval_auroc': '0.8564', 'eval_auprc': '0.8771', 'eval_runtime': '2.041', 'eval_samples_per_second': '31.36', 'eval_steps_per_second': '1.96', 'epoch': '7'}
CustomImageProcessor configuration saved to checkpoints/stop2a_tune_breakhis_balanced_prototype_timm_dinov3_convnext_lora_hybrid_s0.2_l0.25/checkpoint-28/preprocessor_config.json
{'train_runtime': '27.54', 'train_samples_per_second': '74.36', 'train_steps_per_second': '1.162', 'train_loss': '3.747', 'epoch': '7'}
***** train metrics *****
  epoch                    =        7.0
  total_flos               =        0GF
  train_loss               =     3.7475
  train_runtime            = 0:00:27.54
  train_samples_per_second =     74.355
  train_steps_per_second   =      1.162
Using device: cuda

============================================================
PERFORMING COMPREHENSIVE EVALUATION
============================================================
Results will be saved to: results/timm_dinov3_convnext_lora_test/stop2a_tune_breakhis_balanced_prototype_timm_dinov3_convnext_lora_hybrid_s0.2_l0.25_04-28_07-14
Saving run configuration...
Run configuration saved to: results/timm_dinov3_convnext_lora_test/stop2a_tune_breakhis_balanced_prototype_timm_dinov3_convnext_lora_hybrid_s0.2_l0.25_04-28_07-14/run_configuration_20260428_071407.json
Running model evaluation...
Computing detailed metrics...
Saving metrics to files...
Metrics saved to: results/timm_dinov3_convnext_lora_test/stop2a_tune_breakhis_balanced_prototype_timm_dinov3_convnext_lora_hybrid_s0.2_l0.25_04-28_07-14/metrics_20260428_071412_nicme_hybrid.json and results/timm_dinov3_convnext_lora_test/stop2a_tune_breakhis_balanced_prototype_timm_dinov3_convnext_lora_hybrid_s0.2_l0.25_04-28_07-14/metrics_20260428_071412_nicme_hybrid.txt
Creating confusion matrix visualizations...
Using provided class names: ['benign', 'malignant']
Confusion matrix visualizations (3-panel) saved to: results/timm_dinov3_convnext_lora_test/stop2a_tune_breakhis_balanced_prototype_timm_dinov3_convnext_lora_hybrid_s0.2_l0.25_04-28_07-14/confusion_matrix_20260428_071412_nicme_hybrid.png and results/timm_dinov3_convnext_lora_test/stop2a_tune_breakhis_balanced_prototype_timm_dinov3_convnext_lora_hybrid_s0.2_l0.25_04-28_07-14/confusion_matrix_20260428_071412_nicme_hybrid.pdf
Detailed confusion matrix saved to: results/timm_dinov3_convnext_lora_test/stop2a_tune_breakhis_balanced_prototype_timm_dinov3_convnext_lora_hybrid_s0.2_l0.25_04-28_07-14/confusion_matrix_detailed_20260428_071412_nicme_hybrid.png

============================================================
TRAINING COMPLETED - RESULTS SUMMARY
============================================================
Output Directory: results/timm_dinov3_convnext_lora_test/stop2a_tune_breakhis_balanced_prototype_timm_dinov3_convnext_lora_hybrid_s0.2_l0.25_04-28_07-14
Overall Accuracy: 0.6719
Balanced Accuracy: 0.6719
Overall F1 Score: 0.6712
Kappa: 0.3438
AUC: 0.7275
Expected Cost: 2.0156
Loss Function Used: nicme_hybrid
Total Test Samples: 64
Classes: benign, malignant

Detailed metrics and visualizations saved to: results/timm_dinov3_convnext_lora_test/stop2a_tune_breakhis_balanced_prototype_timm_dinov3_convnext_lora_hybrid_s0.2_l0.25_04-28_07-14
============================================================
