Prepared manifest loaded — Train=970, Val=310, Calibration=0, Test=320
cuda
Using model backend=timm type=pmi10_sota_convnext_base with 10 labels
Early stopping enabled with patience=5
Using device: cuda
{'loss': '9.316', 'grad_norm': '17.22', 'learning_rate': '8.654e-06', 'epoch': '0.6557'}
{'eval_loss': '1.983', 'eval_accuracy': '0.4806', 'eval_f1': '0.4592', 'eval_balanced_accuracy': '0.4806', 'eval_macro_f1': '0.4592', 'eval_atc': '1.239', 'eval_normalized_atc': '0.1239', 'eval_target_recall': '0.3226', 'eval_target_recall_macro': '0.4516', 'eval_target_fnr': '0.6452', 'eval_selection_score': '1.56', 'eval_selection_accuracy_value': '0.4806', 'eval_nll': '1.975', 'eval_brier': '0.8185', 'eval_ece': '0.3195', 'eval_auroc': '0', 'eval_auprc': '0', 'eval_runtime': '4.73', 'eval_samples_per_second': '65.55', 'eval_steps_per_second': '4.229', 'epoch': '1'}
CustomImageProcessor configuration saved to checkpoints/grid-run_nicme_v3_hybrid_pretty_a0p04_l0p05_lr5e5_s42/checkpoint-16/preprocessor_config.json
{'loss': '7.511', 'grad_norm': '20.78', 'learning_rate': '1.827e-05', 'epoch': '1.262'}
{'loss': '6.014', 'grad_norm': '21.69', 'learning_rate': '2.788e-05', 'epoch': '1.918'}
{'eval_loss': '1.104', 'eval_accuracy': '0.6742', 'eval_f1': '0.6614', 'eval_balanced_accuracy': '0.6742', 'eval_macro_f1': '0.6614', 'eval_atc': '0.8387', 'eval_normalized_atc': '0.08387', 'eval_target_recall': '0.4839', 'eval_target_recall_macro': '0.7016', 'eval_target_fnr': '0.2258', 'eval_selection_score': '0.7924', 'eval_selection_accuracy_value': '0.6742', 'eval_nll': '1.091', 'eval_brier': '0.5296', 'eval_ece': '0.2638', 'eval_auroc': '0', 'eval_auprc': '0', 'eval_runtime': '3.671', 'eval_samples_per_second': '84.44', 'eval_steps_per_second': '5.448', 'epoch': '2'}
CustomImageProcessor configuration saved to checkpoints/grid-run_nicme_v3_hybrid_pretty_a0p04_l0p05_lr5e5_s42/checkpoint-32/preprocessor_config.json
{'loss': '3.45', 'grad_norm': '19.02', 'learning_rate': '3.75e-05', 'epoch': '2.525'}
{'eval_loss': '0.6038', 'eval_accuracy': '0.7387', 'eval_f1': '0.7092', 'eval_balanced_accuracy': '0.7387', 'eval_macro_f1': '0.7092', 'eval_atc': '0.6323', 'eval_normalized_atc': '0.06323', 'eval_target_recall': '0.6774', 'eval_target_recall_macro': '0.8548', 'eval_target_fnr': '0', 'eval_selection_score': '0.2652', 'eval_selection_accuracy_value': '0.7387', 'eval_nll': '0.5917', 'eval_brier': '0.3368', 'eval_ece': '0.05143', 'eval_auroc': '0', 'eval_auprc': '0', 'eval_runtime': '4.013', 'eval_samples_per_second': '77.26', 'eval_steps_per_second': '4.984', 'epoch': '3'}
CustomImageProcessor configuration saved to checkpoints/grid-run_nicme_v3_hybrid_pretty_a0p04_l0p05_lr5e5_s42/checkpoint-48/preprocessor_config.json
{'loss': '2.282', 'grad_norm': '44.9', 'learning_rate': '4.712e-05', 'epoch': '3.131'}
{'loss': '1.639', 'grad_norm': '64.19', 'learning_rate': '4.997e-05', 'epoch': '3.787'}
{'eval_loss': '0.3082', 'eval_accuracy': '0.9032', 'eval_f1': '0.8986', 'eval_balanced_accuracy': '0.9032', 'eval_macro_f1': '0.8986', 'eval_atc': '0.4645', 'eval_normalized_atc': '0.04645', 'eval_target_recall': '0.4516', 'eval_target_recall_macro': '0.8065', 'eval_target_fnr': '0.03226', 'eval_selection_score': '0.8507', 'eval_selection_accuracy_value': '0.9032', 'eval_nll': '0.2983', 'eval_brier': '0.1554', 'eval_ece': '0.09975', 'eval_auroc': '0', 'eval_auprc': '0', 'eval_runtime': '4.03', 'eval_samples_per_second': '76.92', 'eval_steps_per_second': '4.963', 'epoch': '4'}
CustomImageProcessor configuration saved to checkpoints/grid-run_nicme_v3_hybrid_pretty_a0p04_l0p05_lr5e5_s42/checkpoint-64/preprocessor_config.json
{'loss': '0.9717', 'grad_norm': '25.7', 'learning_rate': '4.983e-05', 'epoch': '4.393'}
{'loss': '0.8093', 'grad_norm': '13.61', 'learning_rate': '4.958e-05', 'epoch': '5'}
{'eval_loss': '0.1667', 'eval_accuracy': '0.9613', 'eval_f1': '0.9611', 'eval_balanced_accuracy': '0.9613', 'eval_macro_f1': '0.9611', 'eval_atc': '0.06774', 'eval_normalized_atc': '0.006774', 'eval_target_recall': '0.8065', 'eval_target_recall_macro': '0.9435', 'eval_target_fnr': '0', 'eval_selection_score': '0.04178', 'eval_selection_accuracy_value': '0.9613', 'eval_nll': '0.1632', 'eval_brier': '0.07279', 'eval_ece': '0.07833', 'eval_auroc': '0', 'eval_auprc': '0', 'eval_runtime': '3.667', 'eval_samples_per_second': '84.53', 'eval_steps_per_second': '5.454', 'epoch': '5'}
CustomImageProcessor configuration saved to checkpoints/grid-run_nicme_v3_hybrid_pretty_a0p04_l0p05_lr5e5_s42/checkpoint-80/preprocessor_config.json
{'loss': '0.6344', 'grad_norm': '13.05', 'learning_rate': '4.921e-05', 'epoch': '5.656'}
{'eval_loss': '0.1906', 'eval_accuracy': '0.9387', 'eval_f1': '0.9384', 'eval_balanced_accuracy': '0.9387', 'eval_macro_f1': '0.9384', 'eval_atc': '0.1645', 'eval_normalized_atc': '0.01645', 'eval_target_recall': '0.9032', 'eval_target_recall_macro': '0.9435', 'eval_target_fnr': '0', 'eval_selection_score': '0.01645', 'eval_selection_accuracy_value': '0.9387', 'eval_nll': '0.1848', 'eval_brier': '0.09497', 'eval_ece': '0.0502', 'eval_auroc': '0', 'eval_auprc': '0', 'eval_runtime': '3.674', 'eval_samples_per_second': '84.38', 'eval_steps_per_second': '5.444', 'epoch': '6'}
CustomImageProcessor configuration saved to checkpoints/grid-run_nicme_v3_hybrid_pretty_a0p04_l0p05_lr5e5_s42/checkpoint-96/preprocessor_config.json
{'loss': '0.4876', 'grad_norm': '47.35', 'learning_rate': '4.872e-05', 'epoch': '6.262'}
{'loss': '0.3205', 'grad_norm': '27.71', 'learning_rate': '4.813e-05', 'epoch': '6.918'}
{'eval_loss': '0.1548', 'eval_accuracy': '0.9452', 'eval_f1': '0.944', 'eval_balanced_accuracy': '0.9452', 'eval_macro_f1': '0.944', 'eval_atc': '0.1419', 'eval_normalized_atc': '0.01419', 'eval_target_recall': '0.7419', 'eval_target_recall_macro': '0.9194', 'eval_target_fnr': '0', 'eval_selection_score': '0.1141', 'eval_selection_accuracy_value': '0.9452', 'eval_nll': '0.1525', 'eval_brier': '0.08093', 'eval_ece': '0.03314', 'eval_auroc': '0', 'eval_auprc': '0', 'eval_runtime': '4.199', 'eval_samples_per_second': '73.83', 'eval_steps_per_second': '4.763', 'epoch': '7'}
CustomImageProcessor configuration saved to checkpoints/grid-run_nicme_v3_hybrid_pretty_a0p04_l0p05_lr5e5_s42/checkpoint-112/preprocessor_config.json
{'loss': '0.1671', 'grad_norm': '5.59', 'learning_rate': '4.743e-05', 'epoch': '7.525'}
{'eval_loss': '0.1261', 'eval_accuracy': '0.9613', 'eval_f1': '0.9603', 'eval_balanced_accuracy': '0.9613', 'eval_macro_f1': '0.9603', 'eval_atc': '0.1258', 'eval_normalized_atc': '0.01258', 'eval_target_recall': '0.7419', 'eval_target_recall_macro': '0.9194', 'eval_target_fnr': '0', 'eval_selection_score': '0.1125', 'eval_selection_accuracy_value': '0.9613', 'eval_nll': '0.1239', 'eval_brier': '0.06547', 'eval_ece': '0.02558', 'eval_auroc': '0', 'eval_auprc': '0', 'eval_runtime': '3.813', 'eval_samples_per_second': '81.3', 'eval_steps_per_second': '5.245', 'epoch': '8'}
CustomImageProcessor configuration saved to checkpoints/grid-run_nicme_v3_hybrid_pretty_a0p04_l0p05_lr5e5_s42/checkpoint-128/preprocessor_config.json
{'loss': '0.1657', 'grad_norm': '16.38', 'learning_rate': '4.662e-05', 'epoch': '8.131'}
{'loss': '0.1215', 'grad_norm': '36.77', 'learning_rate': '4.572e-05', 'epoch': '8.787'}
{'eval_loss': '0.09458', 'eval_accuracy': '0.971', 'eval_f1': '0.9711', 'eval_balanced_accuracy': '0.971', 'eval_macro_f1': '0.9711', 'eval_atc': '0.05806', 'eval_normalized_atc': '0.005806', 'eval_target_recall': '0.9355', 'eval_target_recall_macro': '0.9758', 'eval_target_fnr': '0', 'eval_selection_score': '0.005806', 'eval_selection_accuracy_value': '0.971', 'eval_nll': '0.09352', 'eval_brier': '0.04837', 'eval_ece': '0.01646', 'eval_auroc': '0', 'eval_auprc': '0', 'eval_runtime': '3.996', 'eval_samples_per_second': '77.58', 'eval_steps_per_second': '5.005', 'epoch': '9'}
CustomImageProcessor configuration saved to checkpoints/grid-run_nicme_v3_hybrid_pretty_a0p04_l0p05_lr5e5_s42/checkpoint-144/preprocessor_config.json
{'loss': '0.1478', 'grad_norm': '45.18', 'learning_rate': '4.471e-05', 'epoch': '9.393'}
{'loss': '0.215', 'grad_norm': '1.568', 'learning_rate': '4.362e-05', 'epoch': '10'}
{'eval_loss': '0.05217', 'eval_accuracy': '0.9774', 'eval_f1': '0.977', 'eval_balanced_accuracy': '0.9774', 'eval_macro_f1': '0.977', 'eval_atc': '0.08065', 'eval_normalized_atc': '0.008065', 'eval_target_recall': '0.8387', 'eval_target_recall_macro': '0.9516', 'eval_target_fnr': '0', 'eval_selection_score': '0.02309', 'eval_selection_accuracy_value': '0.9774', 'eval_nll': '0.05106', 'eval_brier': '0.03018', 'eval_ece': '0.0159', 'eval_auroc': '0', 'eval_auprc': '0', 'eval_runtime': '4.16', 'eval_samples_per_second': '74.52', 'eval_steps_per_second': '4.807', 'epoch': '10'}
CustomImageProcessor configuration saved to checkpoints/grid-run_nicme_v3_hybrid_pretty_a0p04_l0p05_lr5e5_s42/checkpoint-160/preprocessor_config.json
{'loss': '0.1575', 'grad_norm': '27.59', 'learning_rate': '4.243e-05', 'epoch': '10.66'}
{'eval_loss': '0.08748', 'eval_accuracy': '0.9677', 'eval_f1': '0.968', 'eval_balanced_accuracy': '0.9677', 'eval_macro_f1': '0.968', 'eval_atc': '0.06129', 'eval_normalized_atc': '0.006129', 'eval_target_recall': '0.871', 'eval_target_recall_macro': '0.9516', 'eval_target_fnr': '0', 'eval_selection_score': '0.009501', 'eval_selection_accuracy_value': '0.9677', 'eval_nll': '0.08651', 'eval_brier': '0.04803', 'eval_ece': '0.01995', 'eval_auroc': '0', 'eval_auprc': '0', 'eval_runtime': '4.093', 'eval_samples_per_second': '75.75', 'eval_steps_per_second': '4.887', 'epoch': '11'}
CustomImageProcessor configuration saved to checkpoints/grid-run_nicme_v3_hybrid_pretty_a0p04_l0p05_lr5e5_s42/checkpoint-176/preprocessor_config.json
{'loss': '0.05912', 'grad_norm': '22.52', 'learning_rate': '4.117e-05', 'epoch': '11.26'}
{'loss': '0.0482', 'grad_norm': '10.5', 'learning_rate': '3.983e-05', 'epoch': '11.92'}
{'eval_loss': '0.02708', 'eval_accuracy': '0.9935', 'eval_f1': '0.9935', 'eval_balanced_accuracy': '0.9935', 'eval_macro_f1': '0.9935', 'eval_atc': '0.006452', 'eval_normalized_atc': '0.0006452', 'eval_target_recall': '0.9355', 'eval_target_recall_macro': '0.9839', 'eval_target_fnr': '0', 'eval_selection_score': '0.0006452', 'eval_selection_accuracy_value': '0.9935', 'eval_nll': '0.02675', 'eval_brier': '0.01153', 'eval_ece': '0.009653', 'eval_auroc': '0', 'eval_auprc': '0', 'eval_runtime': '3.684', 'eval_samples_per_second': '84.16', 'eval_steps_per_second': '5.429', 'epoch': '12'}
CustomImageProcessor configuration saved to checkpoints/grid-run_nicme_v3_hybrid_pretty_a0p04_l0p05_lr5e5_s42/checkpoint-192/preprocessor_config.json
{'loss': '0.07295', 'grad_norm': '50.71', 'learning_rate': '3.842e-05', 'epoch': '12.52'}
{'eval_loss': '0.0323', 'eval_accuracy': '0.9871', 'eval_f1': '0.9871', 'eval_balanced_accuracy': '0.9871', 'eval_macro_f1': '0.9871', 'eval_atc': '0.0129', 'eval_normalized_atc': '0.00129', 'eval_target_recall': '0.9355', 'eval_target_recall_macro': '0.9839', 'eval_target_fnr': '0', 'eval_selection_score': '0.00129', 'eval_selection_accuracy_value': '0.9871', 'eval_nll': '0.03208', 'eval_brier': '0.01613', 'eval_ece': '0.009791', 'eval_auroc': '0', 'eval_auprc': '0', 'eval_runtime': '3.793', 'eval_samples_per_second': '81.72', 'eval_steps_per_second': '5.272', 'epoch': '13'}
CustomImageProcessor configuration saved to checkpoints/grid-run_nicme_v3_hybrid_pretty_a0p04_l0p05_lr5e5_s42/checkpoint-208/preprocessor_config.json
{'loss': '0.01652', 'grad_norm': '5.978', 'learning_rate': '3.695e-05', 'epoch': '13.13'}
{'loss': '0.005705', 'grad_norm': '1.882', 'learning_rate': '3.543e-05', 'epoch': '13.79'}
{'eval_loss': '0.04086', 'eval_accuracy': '0.9839', 'eval_f1': '0.9838', 'eval_balanced_accuracy': '0.9839', 'eval_macro_f1': '0.9838', 'eval_atc': '0.01613', 'eval_normalized_atc': '0.001613', 'eval_target_recall': '0.9677', 'eval_target_recall_macro': '0.9919', 'eval_target_fnr': '0', 'eval_selection_score': '0.001613', 'eval_selection_accuracy_value': '0.9839', 'eval_nll': '0.04054', 'eval_brier': '0.02005', 'eval_ece': '0.01258', 'eval_auroc': '0', 'eval_auprc': '0', 'eval_runtime': '3.983', 'eval_samples_per_second': '77.82', 'eval_steps_per_second': '5.021', 'epoch': '14'}
CustomImageProcessor configuration saved to checkpoints/grid-run_nicme_v3_hybrid_pretty_a0p04_l0p05_lr5e5_s42/checkpoint-224/preprocessor_config.json
{'loss': '0.0181', 'grad_norm': '1.459', 'learning_rate': '3.385e-05', 'epoch': '14.39'}
{'loss': '0.009802', 'grad_norm': '0.04689', 'learning_rate': '3.224e-05', 'epoch': '15'}
{'eval_loss': '0.05749', 'eval_accuracy': '0.9806', 'eval_f1': '0.9805', 'eval_balanced_accuracy': '0.9806', 'eval_macro_f1': '0.9805', 'eval_atc': '0.01935', 'eval_normalized_atc': '0.001935', 'eval_target_recall': '0.9032', 'eval_target_recall_macro': '0.9758', 'eval_target_fnr': '0', 'eval_selection_score': '0.001935', 'eval_selection_accuracy_value': '0.9806', 'eval_nll': '0.05734', 'eval_brier': '0.02774', 'eval_ece': '0.01203', 'eval_auroc': '0', 'eval_auprc': '0', 'eval_runtime': '3.878', 'eval_samples_per_second': '79.94', 'eval_steps_per_second': '5.157', 'epoch': '15'}
CustomImageProcessor configuration saved to checkpoints/grid-run_nicme_v3_hybrid_pretty_a0p04_l0p05_lr5e5_s42/checkpoint-240/preprocessor_config.json
{'loss': '0.03569', 'grad_norm': '0.4306', 'learning_rate': '3.059e-05', 'epoch': '15.66'}
{'eval_loss': '0.01198', 'eval_accuracy': '0.9935', 'eval_f1': '0.9935', 'eval_balanced_accuracy': '0.9935', 'eval_macro_f1': '0.9935', 'eval_atc': '0.006452', 'eval_normalized_atc': '0.0006452', 'eval_target_recall': '0.9355', 'eval_target_recall_macro': '0.9839', 'eval_target_fnr': '0', 'eval_selection_score': '0.0006452', 'eval_selection_accuracy_value': '0.9935', 'eval_nll': '0.01185', 'eval_brier': '0.006823', 'eval_ece': '0.006576', 'eval_auroc': '0', 'eval_auprc': '0', 'eval_runtime': '3.953', 'eval_samples_per_second': '78.42', 'eval_steps_per_second': '5.059', 'epoch': '16'}
CustomImageProcessor configuration saved to checkpoints/grid-run_nicme_v3_hybrid_pretty_a0p04_l0p05_lr5e5_s42/checkpoint-256/preprocessor_config.json
{'loss': '0.004732', 'grad_norm': '0.06197', 'learning_rate': '2.891e-05', 'epoch': '16.26'}
{'loss': '0.00113', 'grad_norm': '0.1037', 'learning_rate': '2.722e-05', 'epoch': '16.92'}
{'eval_loss': '0.01637', 'eval_accuracy': '0.9935', 'eval_f1': '0.9935', 'eval_balanced_accuracy': '0.9935', 'eval_macro_f1': '0.9935', 'eval_atc': '0.006452', 'eval_normalized_atc': '0.0006452', 'eval_target_recall': '0.9677', 'eval_target_recall_macro': '0.9919', 'eval_target_fnr': '0', 'eval_selection_score': '0.0006452', 'eval_selection_accuracy_value': '0.9935', 'eval_nll': '0.01628', 'eval_brier': '0.009325', 'eval_ece': '0.002826', 'eval_auroc': '0', 'eval_auprc': '0', 'eval_runtime': '3.978', 'eval_samples_per_second': '77.93', 'eval_steps_per_second': '5.028', 'epoch': '17'}
CustomImageProcessor configuration saved to checkpoints/grid-run_nicme_v3_hybrid_pretty_a0p04_l0p05_lr5e5_s42/checkpoint-272/preprocessor_config.json
{'loss': '0.001606', 'grad_norm': '0.0456', 'learning_rate': '2.551e-05', 'epoch': '17.52'}
{'eval_loss': '0.02166', 'eval_accuracy': '0.9903', 'eval_f1': '0.9902', 'eval_balanced_accuracy': '0.9903', 'eval_macro_f1': '0.9902', 'eval_atc': '0.009677', 'eval_normalized_atc': '0.0009677', 'eval_target_recall': '0.9032', 'eval_target_recall_macro': '0.9758', 'eval_target_fnr': '0', 'eval_selection_score': '0.0009677', 'eval_selection_accuracy_value': '0.9903', 'eval_nll': '0.02152', 'eval_brier': '0.01187', 'eval_ece': '0.005369', 'eval_auroc': '0', 'eval_auprc': '0', 'eval_runtime': '3.924', 'eval_samples_per_second': '79', 'eval_steps_per_second': '5.097', 'epoch': '18'}
CustomImageProcessor configuration saved to checkpoints/grid-run_nicme_v3_hybrid_pretty_a0p04_l0p05_lr5e5_s42/checkpoint-288/preprocessor_config.json
{'loss': '0.006594', 'grad_norm': '0.1157', 'learning_rate': '2.381e-05', 'epoch': '18.13'}
{'loss': '0.003186', 'grad_norm': '12.83', 'learning_rate': '2.21e-05', 'epoch': '18.79'}
{'eval_loss': '0.04728', 'eval_accuracy': '0.9839', 'eval_f1': '0.9837', 'eval_balanced_accuracy': '0.9839', 'eval_macro_f1': '0.9837', 'eval_atc': '0.07419', 'eval_normalized_atc': '0.007419', 'eval_target_recall': '0.871', 'eval_target_recall_macro': '0.9597', 'eval_target_fnr': '0', 'eval_selection_score': '0.01079', 'eval_selection_accuracy_value': '0.9839', 'eval_nll': '0.04635', 'eval_brier': '0.02331', 'eval_ece': '0.01295', 'eval_auroc': '0', 'eval_auprc': '0', 'eval_runtime': '4.19', 'eval_samples_per_second': '73.98', 'eval_steps_per_second': '4.773', 'epoch': '19'}
CustomImageProcessor configuration saved to checkpoints/grid-run_nicme_v3_hybrid_pretty_a0p04_l0p05_lr5e5_s42/checkpoint-304/preprocessor_config.json
{'train_runtime': '298.2', 'train_samples_per_second': '104.1', 'train_steps_per_second': '1.717', 'train_loss': '1.141', 'epoch': '19'}
***** train metrics *****
  epoch                    =       19.0
  total_flos               =        0GF
  train_loss               =     1.1412
  train_runtime            = 0:04:58.16
  train_samples_per_second =    104.103
  train_steps_per_second   =      1.717
Using device: cuda

============================================================
PERFORMING COMPREHENSIVE EVALUATION
============================================================
Results will be saved to: results/pmi10_sota_convnext_base_test/grid-run_nicme_v3_hybrid_pretty_a0p04_l0p05_lr5e5_s42_05-03_01-03
Saving run configuration...
Run configuration saved to: results/pmi10_sota_convnext_base_test/grid-run_nicme_v3_hybrid_pretty_a0p04_l0p05_lr5e5_s42_05-03_01-03/run_configuration_20260503_010335.json
Running model evaluation...
Computing detailed metrics...
Saving metrics to files...
Metrics saved to: results/pmi10_sota_convnext_base_test/grid-run_nicme_v3_hybrid_pretty_a0p04_l0p05_lr5e5_s42_05-03_01-03/metrics_20260503_010344_nicme_v3_hybrid.json and results/pmi10_sota_convnext_base_test/grid-run_nicme_v3_hybrid_pretty_a0p04_l0p05_lr5e5_s42_05-03_01-03/metrics_20260503_010344_nicme_v3_hybrid.txt
Using provided class names: ['00378-0208', '00378-3855', '00591-0461', '16729-0020', '50111-0434', '53489-0156', '53746-0544', '62037-0831', '68382-0008', '68382-0227']
Skipping confusion matrix visualizations by configuration.

============================================================
TRAINING COMPLETED - RESULTS SUMMARY
============================================================
Output Directory: results/pmi10_sota_convnext_base_test/grid-run_nicme_v3_hybrid_pretty_a0p04_l0p05_lr5e5_s42_05-03_01-03
Overall Accuracy: 0.9719
Balanced Accuracy: 0.9719
Overall F1 Score: 0.9721
Kappa: 0.9688
AUC: 0.9997
Expected Cost: 0.0781
Loss Function Used: nicme_v3_hybrid
Total Test Samples: 320
Classes: 00378-0208, 00378-3855, 00591-0461, 16729-0020, 50111-0434, 53489-0156, 53746-0544, 62037-0831, 68382-0008, 68382-0227

Detailed metrics saved to: results/pmi10_sota_convnext_base_test/grid-run_nicme_v3_hybrid_pretty_a0p04_l0p05_lr5e5_s42_05-03_01-03
============================================================
