Prepared manifest loaded — Train=970, Val=310, Calibration=0, Test=320
cuda
Using model backend=timm type=pmi10_sota_convnext_base with 10 labels
Early stopping enabled with patience=5
Using device: cuda
{'loss': '9.319', 'grad_norm': '17.22', 'learning_rate': '8.654e-06', 'epoch': '0.6557'}
{'eval_loss': '1.985', 'eval_accuracy': '0.4871', 'eval_f1': '0.4664', 'eval_balanced_accuracy': '0.4871', 'eval_macro_f1': '0.4664', 'eval_atc': '1.232', 'eval_normalized_atc': '0.1232', 'eval_target_recall': '0.3226', 'eval_target_recall_macro': '0.4677', 'eval_target_fnr': '0.5806', 'eval_selection_score': '1.555', 'eval_selection_accuracy_value': '0.4871', 'eval_nll': '1.975', 'eval_brier': '0.8185', 'eval_ece': '0.326', 'eval_auroc': '0', 'eval_auprc': '0', 'eval_runtime': '4.749', 'eval_samples_per_second': '65.27', 'eval_steps_per_second': '4.211', 'epoch': '1'}
CustomImageProcessor configuration saved to checkpoints/grid-run_nicme_v3_hybrid_pretty_a0p04_l0p09_lr5e5_s42/checkpoint-16/preprocessor_config.json
{'loss': '7.519', 'grad_norm': '20.78', 'learning_rate': '1.827e-05', 'epoch': '1.262'}
{'loss': '6.03', 'grad_norm': '21.69', 'learning_rate': '2.788e-05', 'epoch': '1.918'}
{'eval_loss': '1.109', 'eval_accuracy': '0.6742', 'eval_f1': '0.6614', 'eval_balanced_accuracy': '0.6742', 'eval_macro_f1': '0.6614', 'eval_atc': '0.8387', 'eval_normalized_atc': '0.08387', 'eval_target_recall': '0.4839', 'eval_target_recall_macro': '0.7016', 'eval_target_fnr': '0.2258', 'eval_selection_score': '0.7924', 'eval_selection_accuracy_value': '0.6742', 'eval_nll': '1.092', 'eval_brier': '0.5297', 'eval_ece': '0.264', 'eval_auroc': '0', 'eval_auprc': '0', 'eval_runtime': '3.759', 'eval_samples_per_second': '82.47', 'eval_steps_per_second': '5.321', 'epoch': '2'}
CustomImageProcessor configuration saved to checkpoints/grid-run_nicme_v3_hybrid_pretty_a0p04_l0p09_lr5e5_s42/checkpoint-32/preprocessor_config.json
{'loss': '3.468', 'grad_norm': '19.08', 'learning_rate': '3.75e-05', 'epoch': '2.525'}
{'eval_loss': '0.6081', 'eval_accuracy': '0.7419', 'eval_f1': '0.7112', 'eval_balanced_accuracy': '0.7419', 'eval_macro_f1': '0.7112', 'eval_atc': '0.5774', 'eval_normalized_atc': '0.05774', 'eval_target_recall': '0.7097', 'eval_target_recall_macro': '0.871', 'eval_target_fnr': '0', 'eval_selection_score': '0.206', 'eval_selection_accuracy_value': '0.7419', 'eval_nll': '0.5921', 'eval_brier': '0.3369', 'eval_ece': '0.06302', 'eval_auroc': '0', 'eval_auprc': '0', 'eval_runtime': '4.003', 'eval_samples_per_second': '77.44', 'eval_steps_per_second': '4.996', 'epoch': '3'}
CustomImageProcessor configuration saved to checkpoints/grid-run_nicme_v3_hybrid_pretty_a0p04_l0p09_lr5e5_s42/checkpoint-48/preprocessor_config.json
{'loss': '2.299', 'grad_norm': '44.82', 'learning_rate': '4.712e-05', 'epoch': '3.131'}
{'loss': '1.651', 'grad_norm': '65.03', 'learning_rate': '4.997e-05', 'epoch': '3.787'}
{'eval_loss': '0.3122', 'eval_accuracy': '0.9032', 'eval_f1': '0.8971', 'eval_balanced_accuracy': '0.9032', 'eval_macro_f1': '0.8971', 'eval_atc': '0.4871', 'eval_normalized_atc': '0.04871', 'eval_target_recall': '0.4194', 'eval_target_recall_macro': '0.7984', 'eval_target_fnr': '0.03226', 'eval_selection_score': '0.9728', 'eval_selection_accuracy_value': '0.9032', 'eval_nll': '0.2993', 'eval_brier': '0.1561', 'eval_ece': '0.09946', 'eval_auroc': '0', 'eval_auprc': '0', 'eval_runtime': '3.856', 'eval_samples_per_second': '80.4', 'eval_steps_per_second': '5.187', 'epoch': '4'}
CustomImageProcessor configuration saved to checkpoints/grid-run_nicme_v3_hybrid_pretty_a0p04_l0p09_lr5e5_s42/checkpoint-64/preprocessor_config.json
{'loss': '0.987', 'grad_norm': '26.5', 'learning_rate': '4.983e-05', 'epoch': '4.393'}
{'loss': '0.8206', 'grad_norm': '13.63', 'learning_rate': '4.958e-05', 'epoch': '5'}
{'eval_loss': '0.1705', 'eval_accuracy': '0.9613', 'eval_f1': '0.9611', 'eval_balanced_accuracy': '0.9613', 'eval_macro_f1': '0.9611', 'eval_atc': '0.06774', 'eval_normalized_atc': '0.006774', 'eval_target_recall': '0.8065', 'eval_target_recall_macro': '0.9435', 'eval_target_fnr': '0', 'eval_selection_score': '0.04178', 'eval_selection_accuracy_value': '0.9613', 'eval_nll': '0.1658', 'eval_brier': '0.07435', 'eval_ece': '0.07361', 'eval_auroc': '0', 'eval_auprc': '0', 'eval_runtime': '4.154', 'eval_samples_per_second': '74.63', 'eval_steps_per_second': '4.815', 'epoch': '5'}
CustomImageProcessor configuration saved to checkpoints/grid-run_nicme_v3_hybrid_pretty_a0p04_l0p09_lr5e5_s42/checkpoint-80/preprocessor_config.json
{'loss': '0.635', 'grad_norm': '12.8', 'learning_rate': '4.921e-05', 'epoch': '5.656'}
{'eval_loss': '0.1898', 'eval_accuracy': '0.9387', 'eval_f1': '0.9384', 'eval_balanced_accuracy': '0.9387', 'eval_macro_f1': '0.9384', 'eval_atc': '0.1645', 'eval_normalized_atc': '0.01645', 'eval_target_recall': '0.9032', 'eval_target_recall_macro': '0.9435', 'eval_target_fnr': '0', 'eval_selection_score': '0.01645', 'eval_selection_accuracy_value': '0.9387', 'eval_nll': '0.1824', 'eval_brier': '0.09331', 'eval_ece': '0.05127', 'eval_auroc': '0', 'eval_auprc': '0', 'eval_runtime': '4.027', 'eval_samples_per_second': '76.97', 'eval_steps_per_second': '4.966', 'epoch': '6'}
CustomImageProcessor configuration saved to checkpoints/grid-run_nicme_v3_hybrid_pretty_a0p04_l0p09_lr5e5_s42/checkpoint-96/preprocessor_config.json
{'loss': '0.4883', 'grad_norm': '47.26', 'learning_rate': '4.872e-05', 'epoch': '6.262'}
{'loss': '0.3234', 'grad_norm': '27.96', 'learning_rate': '4.813e-05', 'epoch': '6.918'}
{'eval_loss': '0.1578', 'eval_accuracy': '0.9419', 'eval_f1': '0.9404', 'eval_balanced_accuracy': '0.9419', 'eval_macro_f1': '0.9404', 'eval_atc': '0.1452', 'eval_normalized_atc': '0.01452', 'eval_target_recall': '0.7097', 'eval_target_recall_macro': '0.9113', 'eval_target_fnr': '0', 'eval_selection_score': '0.1594', 'eval_selection_accuracy_value': '0.9419', 'eval_nll': '0.1547', 'eval_brier': '0.08244', 'eval_ece': '0.02881', 'eval_auroc': '0', 'eval_auprc': '0', 'eval_runtime': '3.867', 'eval_samples_per_second': '80.16', 'eval_steps_per_second': '5.172', 'epoch': '7'}
CustomImageProcessor configuration saved to checkpoints/grid-run_nicme_v3_hybrid_pretty_a0p04_l0p09_lr5e5_s42/checkpoint-112/preprocessor_config.json
{'loss': '0.1718', 'grad_norm': '5.592', 'learning_rate': '4.743e-05', 'epoch': '7.525'}
{'eval_loss': '0.1014', 'eval_accuracy': '0.9677', 'eval_f1': '0.9672', 'eval_balanced_accuracy': '0.9677', 'eval_macro_f1': '0.9672', 'eval_atc': '0.1194', 'eval_normalized_atc': '0.01194', 'eval_target_recall': '0.8065', 'eval_target_recall_macro': '0.9355', 'eval_target_fnr': '0', 'eval_selection_score': '0.04694', 'eval_selection_accuracy_value': '0.9677', 'eval_nll': '0.0989', 'eval_brier': '0.04948', 'eval_ece': '0.01686', 'eval_auroc': '0', 'eval_auprc': '0', 'eval_runtime': '3.996', 'eval_samples_per_second': '77.57', 'eval_steps_per_second': '5.004', 'epoch': '8'}
CustomImageProcessor configuration saved to checkpoints/grid-run_nicme_v3_hybrid_pretty_a0p04_l0p09_lr5e5_s42/checkpoint-128/preprocessor_config.json
{'loss': '0.165', 'grad_norm': '15.21', 'learning_rate': '4.662e-05', 'epoch': '8.131'}
{'loss': '0.1252', 'grad_norm': '29.86', 'learning_rate': '4.572e-05', 'epoch': '8.787'}
{'eval_loss': '0.09251', 'eval_accuracy': '0.9742', 'eval_f1': '0.9744', 'eval_balanced_accuracy': '0.9742', 'eval_macro_f1': '0.9744', 'eval_atc': '0.05484', 'eval_normalized_atc': '0.005484', 'eval_target_recall': '0.9355', 'eval_target_recall_macro': '0.9758', 'eval_target_fnr': '0', 'eval_selection_score': '0.005484', 'eval_selection_accuracy_value': '0.9742', 'eval_nll': '0.09139', 'eval_brier': '0.04525', 'eval_ece': '0.01251', 'eval_auroc': '0', 'eval_auprc': '0', 'eval_runtime': '3.854', 'eval_samples_per_second': '80.43', 'eval_steps_per_second': '5.189', 'epoch': '9'}
CustomImageProcessor configuration saved to checkpoints/grid-run_nicme_v3_hybrid_pretty_a0p04_l0p09_lr5e5_s42/checkpoint-144/preprocessor_config.json
{'loss': '0.1569', 'grad_norm': '33.64', 'learning_rate': '4.471e-05', 'epoch': '9.393'}
{'loss': '0.2031', 'grad_norm': '5.862', 'learning_rate': '4.362e-05', 'epoch': '10'}
{'eval_loss': '0.06377', 'eval_accuracy': '0.9806', 'eval_f1': '0.9804', 'eval_balanced_accuracy': '0.9806', 'eval_macro_f1': '0.9804', 'eval_atc': '0.04839', 'eval_normalized_atc': '0.004839', 'eval_target_recall': '0.871', 'eval_target_recall_macro': '0.9677', 'eval_target_fnr': '0', 'eval_selection_score': '0.00821', 'eval_selection_accuracy_value': '0.9806', 'eval_nll': '0.06241', 'eval_brier': '0.03288', 'eval_ece': '0.02286', 'eval_auroc': '0', 'eval_auprc': '0', 'eval_runtime': '3.863', 'eval_samples_per_second': '80.25', 'eval_steps_per_second': '5.178', 'epoch': '10'}
CustomImageProcessor configuration saved to checkpoints/grid-run_nicme_v3_hybrid_pretty_a0p04_l0p09_lr5e5_s42/checkpoint-160/preprocessor_config.json
{'loss': '0.1543', 'grad_norm': '33.41', 'learning_rate': '4.243e-05', 'epoch': '10.66'}
{'eval_loss': '0.07552', 'eval_accuracy': '0.9742', 'eval_f1': '0.974', 'eval_balanced_accuracy': '0.9742', 'eval_macro_f1': '0.974', 'eval_atc': '0.05484', 'eval_normalized_atc': '0.005484', 'eval_target_recall': '0.871', 'eval_target_recall_macro': '0.9597', 'eval_target_fnr': '0', 'eval_selection_score': '0.008855', 'eval_selection_accuracy_value': '0.9742', 'eval_nll': '0.07466', 'eval_brier': '0.0404', 'eval_ece': '0.01302', 'eval_auroc': '0', 'eval_auprc': '0', 'eval_runtime': '4.099', 'eval_samples_per_second': '75.62', 'eval_steps_per_second': '4.879', 'epoch': '11'}
CustomImageProcessor configuration saved to checkpoints/grid-run_nicme_v3_hybrid_pretty_a0p04_l0p09_lr5e5_s42/checkpoint-176/preprocessor_config.json
{'loss': '0.09514', 'grad_norm': '36.94', 'learning_rate': '4.117e-05', 'epoch': '11.26'}
{'loss': '0.131', 'grad_norm': '4.676', 'learning_rate': '3.983e-05', 'epoch': '11.92'}
{'eval_loss': '0.1326', 'eval_accuracy': '0.9516', 'eval_f1': '0.9506', 'eval_balanced_accuracy': '0.9516', 'eval_macro_f1': '0.9506', 'eval_atc': '0.04839', 'eval_normalized_atc': '0.004839', 'eval_target_recall': '0.871', 'eval_target_recall_macro': '0.9677', 'eval_target_fnr': '0', 'eval_selection_score': '0.00821', 'eval_selection_accuracy_value': '0.9516', 'eval_nll': '0.1317', 'eval_brier': '0.06858', 'eval_ece': '0.02545', 'eval_auroc': '0', 'eval_auprc': '0', 'eval_runtime': '3.862', 'eval_samples_per_second': '80.27', 'eval_steps_per_second': '5.179', 'epoch': '12'}
CustomImageProcessor configuration saved to checkpoints/grid-run_nicme_v3_hybrid_pretty_a0p04_l0p09_lr5e5_s42/checkpoint-192/preprocessor_config.json
{'loss': '0.0675', 'grad_norm': '13.1', 'learning_rate': '3.842e-05', 'epoch': '12.52'}
{'eval_loss': '0.08796', 'eval_accuracy': '0.9677', 'eval_f1': '0.9679', 'eval_balanced_accuracy': '0.9677', 'eval_macro_f1': '0.9679', 'eval_atc': '0.06129', 'eval_normalized_atc': '0.006129', 'eval_target_recall': '0.9355', 'eval_target_recall_macro': '0.9758', 'eval_target_fnr': '0', 'eval_selection_score': '0.006129', 'eval_selection_accuracy_value': '0.9677', 'eval_nll': '0.08716', 'eval_brier': '0.04686', 'eval_ece': '0.01392', 'eval_auroc': '0', 'eval_auprc': '0', 'eval_runtime': '3.681', 'eval_samples_per_second': '84.21', 'eval_steps_per_second': '5.433', 'epoch': '13'}
CustomImageProcessor configuration saved to checkpoints/grid-run_nicme_v3_hybrid_pretty_a0p04_l0p09_lr5e5_s42/checkpoint-208/preprocessor_config.json
{'loss': '0.02642', 'grad_norm': '3.243', 'learning_rate': '3.695e-05', 'epoch': '13.13'}
{'loss': '0.05201', 'grad_norm': '3.523', 'learning_rate': '3.543e-05', 'epoch': '13.79'}
{'eval_loss': '0.09532', 'eval_accuracy': '0.9742', 'eval_f1': '0.9743', 'eval_balanced_accuracy': '0.9742', 'eval_macro_f1': '0.9743', 'eval_atc': '0.04839', 'eval_normalized_atc': '0.004839', 'eval_target_recall': '0.9677', 'eval_target_recall_macro': '0.9839', 'eval_target_fnr': '0', 'eval_selection_score': '0.004839', 'eval_selection_accuracy_value': '0.9742', 'eval_nll': '0.09319', 'eval_brier': '0.04543', 'eval_ece': '0.02185', 'eval_auroc': '0', 'eval_auprc': '0', 'eval_runtime': '3.662', 'eval_samples_per_second': '84.65', 'eval_steps_per_second': '5.461', 'epoch': '14'}
CustomImageProcessor configuration saved to checkpoints/grid-run_nicme_v3_hybrid_pretty_a0p04_l0p09_lr5e5_s42/checkpoint-224/preprocessor_config.json
{'loss': '0.06557', 'grad_norm': '54.37', 'learning_rate': '3.385e-05', 'epoch': '14.39'}
{'loss': '0.01708', 'grad_norm': '0.6864', 'learning_rate': '3.224e-05', 'epoch': '15'}
{'eval_loss': '0.08749', 'eval_accuracy': '0.9677', 'eval_f1': '0.9679', 'eval_balanced_accuracy': '0.9677', 'eval_macro_f1': '0.9679', 'eval_atc': '0.03226', 'eval_normalized_atc': '0.003226', 'eval_target_recall': '0.871', 'eval_target_recall_macro': '0.9597', 'eval_target_fnr': '0', 'eval_selection_score': '0.006597', 'eval_selection_accuracy_value': '0.9677', 'eval_nll': '0.0869', 'eval_brier': '0.04687', 'eval_ece': '0.02009', 'eval_auroc': '0', 'eval_auprc': '0', 'eval_runtime': '4.146', 'eval_samples_per_second': '74.78', 'eval_steps_per_second': '4.824', 'epoch': '15'}
CustomImageProcessor configuration saved to checkpoints/grid-run_nicme_v3_hybrid_pretty_a0p04_l0p09_lr5e5_s42/checkpoint-240/preprocessor_config.json
{'loss': '0.03297', 'grad_norm': '0.4213', 'learning_rate': '3.059e-05', 'epoch': '15.66'}
{'eval_loss': '0.01621', 'eval_accuracy': '0.9903', 'eval_f1': '0.9903', 'eval_balanced_accuracy': '0.9903', 'eval_macro_f1': '0.9903', 'eval_atc': '0.009677', 'eval_normalized_atc': '0.0009677', 'eval_target_recall': '0.9355', 'eval_target_recall_macro': '0.9839', 'eval_target_fnr': '0', 'eval_selection_score': '0.0009677', 'eval_selection_accuracy_value': '0.9903', 'eval_nll': '0.01602', 'eval_brier': '0.01047', 'eval_ece': '0.009952', 'eval_auroc': '0', 'eval_auprc': '0', 'eval_runtime': '3.782', 'eval_samples_per_second': '81.97', 'eval_steps_per_second': '5.288', 'epoch': '16'}
CustomImageProcessor configuration saved to checkpoints/grid-run_nicme_v3_hybrid_pretty_a0p04_l0p09_lr5e5_s42/checkpoint-256/preprocessor_config.json
{'loss': '0.02319', 'grad_norm': '0.23', 'learning_rate': '2.891e-05', 'epoch': '16.26'}
{'loss': '0.00487', 'grad_norm': '6.639', 'learning_rate': '2.722e-05', 'epoch': '16.92'}
{'eval_loss': '0.05021', 'eval_accuracy': '0.9806', 'eval_f1': '0.9801', 'eval_balanced_accuracy': '0.9806', 'eval_macro_f1': '0.9801', 'eval_atc': '0.07742', 'eval_normalized_atc': '0.007742', 'eval_target_recall': '0.8387', 'eval_target_recall_macro': '0.9597', 'eval_target_fnr': '0', 'eval_selection_score': '0.02277', 'eval_selection_accuracy_value': '0.9806', 'eval_nll': '0.0487', 'eval_brier': '0.0286', 'eval_ece': '0.01499', 'eval_auroc': '0', 'eval_auprc': '0', 'eval_runtime': '3.542', 'eval_samples_per_second': '87.51', 'eval_steps_per_second': '5.646', 'epoch': '17'}
CustomImageProcessor configuration saved to checkpoints/grid-run_nicme_v3_hybrid_pretty_a0p04_l0p09_lr5e5_s42/checkpoint-272/preprocessor_config.json
{'loss': '0.002406', 'grad_norm': '0.2426', 'learning_rate': '2.551e-05', 'epoch': '17.52'}
{'eval_loss': '0.06547', 'eval_accuracy': '0.9806', 'eval_f1': '0.9806', 'eval_balanced_accuracy': '0.9806', 'eval_macro_f1': '0.9806', 'eval_atc': '0.04839', 'eval_normalized_atc': '0.004839', 'eval_target_recall': '0.9032', 'eval_target_recall_macro': '0.9677', 'eval_target_fnr': '0', 'eval_selection_score': '0.004839', 'eval_selection_accuracy_value': '0.9806', 'eval_nll': '0.06477', 'eval_brier': '0.02907', 'eval_ece': '0.01187', 'eval_auroc': '0', 'eval_auprc': '0', 'eval_runtime': '3.983', 'eval_samples_per_second': '77.83', 'eval_steps_per_second': '5.022', 'epoch': '18'}
CustomImageProcessor configuration saved to checkpoints/grid-run_nicme_v3_hybrid_pretty_a0p04_l0p09_lr5e5_s42/checkpoint-288/preprocessor_config.json
{'loss': '0.0068', 'grad_norm': '2.116', 'learning_rate': '2.381e-05', 'epoch': '18.13'}
{'loss': '0.01985', 'grad_norm': '66.53', 'learning_rate': '2.21e-05', 'epoch': '18.79'}
{'eval_loss': '0.03188', 'eval_accuracy': '0.9839', 'eval_f1': '0.9835', 'eval_balanced_accuracy': '0.9839', 'eval_macro_f1': '0.9835', 'eval_atc': '0.04516', 'eval_normalized_atc': '0.004516', 'eval_target_recall': '0.871', 'eval_target_recall_macro': '0.9677', 'eval_target_fnr': '0', 'eval_selection_score': '0.007888', 'eval_selection_accuracy_value': '0.9839', 'eval_nll': '0.03138', 'eval_brier': '0.01795', 'eval_ece': '0.00897', 'eval_auroc': '0', 'eval_auprc': '0', 'eval_runtime': '3.475', 'eval_samples_per_second': '89.21', 'eval_steps_per_second': '5.755', 'epoch': '19'}
CustomImageProcessor configuration saved to checkpoints/grid-run_nicme_v3_hybrid_pretty_a0p04_l0p09_lr5e5_s42/checkpoint-304/preprocessor_config.json
{'train_runtime': '296', 'train_samples_per_second': '104.9', 'train_steps_per_second': '1.73', 'train_loss': '1.153', 'epoch': '19'}
***** train metrics *****
  epoch                    =       19.0
  total_flos               =        0GF
  train_loss               =     1.1534
  train_runtime            = 0:04:56.03
  train_samples_per_second =    104.852
  train_steps_per_second   =       1.73
Using device: cuda

============================================================
PERFORMING COMPREHENSIVE EVALUATION
============================================================
Results will be saved to: results/pmi10_sota_convnext_base_test/grid-run_nicme_v3_hybrid_pretty_a0p04_l0p09_lr5e5_s42_05-03_01-14
Saving run configuration...
Run configuration saved to: results/pmi10_sota_convnext_base_test/grid-run_nicme_v3_hybrid_pretty_a0p04_l0p09_lr5e5_s42_05-03_01-14/run_configuration_20260503_011420.json
Running model evaluation...
Computing detailed metrics...
Saving metrics to files...
Metrics saved to: results/pmi10_sota_convnext_base_test/grid-run_nicme_v3_hybrid_pretty_a0p04_l0p09_lr5e5_s42_05-03_01-14/metrics_20260503_011429_nicme_v3_hybrid.json and results/pmi10_sota_convnext_base_test/grid-run_nicme_v3_hybrid_pretty_a0p04_l0p09_lr5e5_s42_05-03_01-14/metrics_20260503_011429_nicme_v3_hybrid.txt
Using provided class names: ['00378-0208', '00378-3855', '00591-0461', '16729-0020', '50111-0434', '53489-0156', '53746-0544', '62037-0831', '68382-0008', '68382-0227']
Skipping confusion matrix visualizations by configuration.

============================================================
TRAINING COMPLETED - RESULTS SUMMARY
============================================================
Output Directory: results/pmi10_sota_convnext_base_test/grid-run_nicme_v3_hybrid_pretty_a0p04_l0p09_lr5e5_s42_05-03_01-14
Overall Accuracy: 0.9625
Balanced Accuracy: 0.9625
Overall F1 Score: 0.9628
Kappa: 0.9583
AUC: 0.9996
Expected Cost: 0.1313
Loss Function Used: nicme_v3_hybrid
Total Test Samples: 320
Classes: 00378-0208, 00378-3855, 00591-0461, 16729-0020, 50111-0434, 53489-0156, 53746-0544, 62037-0831, 68382-0008, 68382-0227

Detailed metrics saved to: results/pmi10_sota_convnext_base_test/grid-run_nicme_v3_hybrid_pretty_a0p04_l0p09_lr5e5_s42_05-03_01-14
============================================================
