Prepared manifest loaded — Train=970, Val=310, Calibration=0, Test=320
cuda
Using model backend=timm type=pmi10_sota_convnext_base with 10 labels
Early stopping enabled with patience=5
Using device: cuda
{'loss': '9.327', 'grad_norm': '17.22', 'learning_rate': '8.654e-06', 'epoch': '0.6557'}
{'eval_loss': '1.992', 'eval_accuracy': '0.4871', 'eval_f1': '0.467', 'eval_balanced_accuracy': '0.4871', 'eval_macro_f1': '0.467', 'eval_atc': '1.232', 'eval_normalized_atc': '0.1232', 'eval_target_recall': '0.3226', 'eval_target_recall_macro': '0.4677', 'eval_target_fnr': '0.5806', 'eval_selection_score': '1.555', 'eval_selection_accuracy_value': '0.4871', 'eval_nll': '1.975', 'eval_brier': '0.8184', 'eval_ece': '0.326', 'eval_auroc': '0', 'eval_auprc': '0', 'eval_runtime': '4.598', 'eval_samples_per_second': '67.42', 'eval_steps_per_second': '4.35', 'epoch': '1'}
CustomImageProcessor configuration saved to checkpoints/grid-run_nicme_v3_hybrid_pretty_a0p04_l0p2_lr5e5_s42/checkpoint-16/preprocessor_config.json
{'loss': '7.542', 'grad_norm': '20.8', 'learning_rate': '1.827e-05', 'epoch': '1.262'}
{'loss': '6.073', 'grad_norm': '21.68', 'learning_rate': '2.788e-05', 'epoch': '1.918'}
{'eval_loss': '1.124', 'eval_accuracy': '0.6871', 'eval_f1': '0.6724', 'eval_balanced_accuracy': '0.6871', 'eval_macro_f1': '0.6724', 'eval_atc': '0.7677', 'eval_normalized_atc': '0.07677', 'eval_target_recall': '0.4839', 'eval_target_recall_macro': '0.7177', 'eval_target_fnr': '0.1613', 'eval_selection_score': '0.7822', 'eval_selection_accuracy_value': '0.6871', 'eval_nll': '1.092', 'eval_brier': '0.5299', 'eval_ece': '0.2747', 'eval_auroc': '0', 'eval_auprc': '0', 'eval_runtime': '3.856', 'eval_samples_per_second': '80.39', 'eval_steps_per_second': '5.186', 'epoch': '2'}
CustomImageProcessor configuration saved to checkpoints/grid-run_nicme_v3_hybrid_pretty_a0p04_l0p2_lr5e5_s42/checkpoint-32/preprocessor_config.json
{'loss': '3.519', 'grad_norm': '19.24', 'learning_rate': '3.75e-05', 'epoch': '2.525'}
{'eval_loss': '0.6196', 'eval_accuracy': '0.7419', 'eval_f1': '0.7112', 'eval_balanced_accuracy': '0.7419', 'eval_macro_f1': '0.7112', 'eval_atc': '0.5774', 'eval_normalized_atc': '0.05774', 'eval_target_recall': '0.7097', 'eval_target_recall_macro': '0.871', 'eval_target_fnr': '0', 'eval_selection_score': '0.206', 'eval_selection_accuracy_value': '0.7419', 'eval_nll': '0.5932', 'eval_brier': '0.3371', 'eval_ece': '0.08465', 'eval_auroc': '0', 'eval_auprc': '0', 'eval_runtime': '3.752', 'eval_samples_per_second': '82.63', 'eval_steps_per_second': '5.331', 'epoch': '3'}
CustomImageProcessor configuration saved to checkpoints/grid-run_nicme_v3_hybrid_pretty_a0p04_l0p2_lr5e5_s42/checkpoint-48/preprocessor_config.json
{'loss': '2.344', 'grad_norm': '44.77', 'learning_rate': '4.712e-05', 'epoch': '3.131'}
{'loss': '1.685', 'grad_norm': '68.42', 'learning_rate': '4.997e-05', 'epoch': '3.787'}
{'eval_loss': '0.3236', 'eval_accuracy': '0.9', 'eval_f1': '0.8939', 'eval_balanced_accuracy': '0.9', 'eval_macro_f1': '0.8939', 'eval_atc': '0.4903', 'eval_normalized_atc': '0.04903', 'eval_target_recall': '0.4194', 'eval_target_recall_macro': '0.7903', 'eval_target_fnr': '0.03226', 'eval_selection_score': '0.9731', 'eval_selection_accuracy_value': '0.9', 'eval_nll': '0.3025', 'eval_brier': '0.158', 'eval_ece': '0.09584', 'eval_auroc': '0', 'eval_auprc': '0', 'eval_runtime': '3.462', 'eval_samples_per_second': '89.54', 'eval_steps_per_second': '5.777', 'epoch': '4'}
CustomImageProcessor configuration saved to checkpoints/grid-run_nicme_v3_hybrid_pretty_a0p04_l0p2_lr5e5_s42/checkpoint-64/preprocessor_config.json
{'loss': '1.028', 'grad_norm': '28.34', 'learning_rate': '4.983e-05', 'epoch': '4.393'}
{'loss': '0.8511', 'grad_norm': '13.94', 'learning_rate': '4.958e-05', 'epoch': '5'}
{'eval_loss': '0.182', 'eval_accuracy': '0.9581', 'eval_f1': '0.9579', 'eval_balanced_accuracy': '0.9581', 'eval_macro_f1': '0.9579', 'eval_atc': '0.07097', 'eval_normalized_atc': '0.007097', 'eval_target_recall': '0.8065', 'eval_target_recall_macro': '0.9435', 'eval_target_fnr': '0', 'eval_selection_score': '0.0421', 'eval_selection_accuracy_value': '0.9581', 'eval_nll': '0.174', 'eval_brier': '0.07962', 'eval_ece': '0.0778', 'eval_auroc': '0', 'eval_auprc': '0', 'eval_runtime': '3.946', 'eval_samples_per_second': '78.57', 'eval_steps_per_second': '5.069', 'epoch': '5'}
CustomImageProcessor configuration saved to checkpoints/grid-run_nicme_v3_hybrid_pretty_a0p04_l0p2_lr5e5_s42/checkpoint-80/preprocessor_config.json
{'loss': '0.6402', 'grad_norm': '12.83', 'learning_rate': '4.921e-05', 'epoch': '5.656'}
{'eval_loss': '0.1887', 'eval_accuracy': '0.9387', 'eval_f1': '0.9381', 'eval_balanced_accuracy': '0.9387', 'eval_macro_f1': '0.9381', 'eval_atc': '0.1645', 'eval_normalized_atc': '0.01645', 'eval_target_recall': '0.9032', 'eval_target_recall_macro': '0.9435', 'eval_target_fnr': '0', 'eval_selection_score': '0.01645', 'eval_selection_accuracy_value': '0.9387', 'eval_nll': '0.1772', 'eval_brier': '0.08986', 'eval_ece': '0.04687', 'eval_auroc': '0', 'eval_auprc': '0', 'eval_runtime': '3.936', 'eval_samples_per_second': '78.75', 'eval_steps_per_second': '5.081', 'epoch': '6'}
CustomImageProcessor configuration saved to checkpoints/grid-run_nicme_v3_hybrid_pretty_a0p04_l0p2_lr5e5_s42/checkpoint-96/preprocessor_config.json
{'loss': '0.4942', 'grad_norm': '47.64', 'learning_rate': '4.872e-05', 'epoch': '6.262'}
{'loss': '0.3317', 'grad_norm': '28.08', 'learning_rate': '4.813e-05', 'epoch': '6.918'}
{'eval_loss': '0.1649', 'eval_accuracy': '0.9452', 'eval_f1': '0.9436', 'eval_balanced_accuracy': '0.9452', 'eval_macro_f1': '0.9436', 'eval_atc': '0.1129', 'eval_normalized_atc': '0.01129', 'eval_target_recall': '0.7097', 'eval_target_recall_macro': '0.9194', 'eval_target_fnr': '0', 'eval_selection_score': '0.1562', 'eval_selection_accuracy_value': '0.9452', 'eval_nll': '0.1599', 'eval_brier': '0.08587', 'eval_ece': '0.03733', 'eval_auroc': '0', 'eval_auprc': '0', 'eval_runtime': '3.899', 'eval_samples_per_second': '79.51', 'eval_steps_per_second': '5.129', 'epoch': '7'}
CustomImageProcessor configuration saved to checkpoints/grid-run_nicme_v3_hybrid_pretty_a0p04_l0p2_lr5e5_s42/checkpoint-112/preprocessor_config.json
{'loss': '0.1819', 'grad_norm': '6.073', 'learning_rate': '4.743e-05', 'epoch': '7.525'}
{'eval_loss': '0.08529', 'eval_accuracy': '0.9742', 'eval_f1': '0.9738', 'eval_balanced_accuracy': '0.9742', 'eval_macro_f1': '0.9738', 'eval_atc': '0.08387', 'eval_normalized_atc': '0.008387', 'eval_target_recall': '0.8387', 'eval_target_recall_macro': '0.9516', 'eval_target_fnr': '0', 'eval_selection_score': '0.02341', 'eval_selection_accuracy_value': '0.9742', 'eval_nll': '0.08191', 'eval_brier': '0.04017', 'eval_ece': '0.02231', 'eval_auroc': '0', 'eval_auprc': '0', 'eval_runtime': '3.715', 'eval_samples_per_second': '83.44', 'eval_steps_per_second': '5.384', 'epoch': '8'}
CustomImageProcessor configuration saved to checkpoints/grid-run_nicme_v3_hybrid_pretty_a0p04_l0p2_lr5e5_s42/checkpoint-128/preprocessor_config.json
{'loss': '0.1626', 'grad_norm': '10.92', 'learning_rate': '4.662e-05', 'epoch': '8.131'}
{'loss': '0.1356', 'grad_norm': '31.68', 'learning_rate': '4.572e-05', 'epoch': '8.787'}
{'eval_loss': '0.12', 'eval_accuracy': '0.9613', 'eval_f1': '0.9611', 'eval_balanced_accuracy': '0.9613', 'eval_macro_f1': '0.9611', 'eval_atc': '0.03871', 'eval_normalized_atc': '0.003871', 'eval_target_recall': '0.9355', 'eval_target_recall_macro': '0.9839', 'eval_target_fnr': '0', 'eval_selection_score': '0.003871', 'eval_selection_accuracy_value': '0.9613', 'eval_nll': '0.1178', 'eval_brier': '0.06273', 'eval_ece': '0.01905', 'eval_auroc': '0', 'eval_auprc': '0', 'eval_runtime': '3.842', 'eval_samples_per_second': '80.68', 'eval_steps_per_second': '5.205', 'epoch': '9'}
CustomImageProcessor configuration saved to checkpoints/grid-run_nicme_v3_hybrid_pretty_a0p04_l0p2_lr5e5_s42/checkpoint-144/preprocessor_config.json
{'loss': '0.2096', 'grad_norm': '25.89', 'learning_rate': '4.471e-05', 'epoch': '9.393'}
{'loss': '0.3583', 'grad_norm': '11.88', 'learning_rate': '4.362e-05', 'epoch': '10'}
{'eval_loss': '0.06303', 'eval_accuracy': '0.9742', 'eval_f1': '0.9742', 'eval_balanced_accuracy': '0.9742', 'eval_macro_f1': '0.9742', 'eval_atc': '0.05484', 'eval_normalized_atc': '0.005484', 'eval_target_recall': '0.9032', 'eval_target_recall_macro': '0.9677', 'eval_target_fnr': '0', 'eval_selection_score': '0.005484', 'eval_selection_accuracy_value': '0.9742', 'eval_nll': '0.06119', 'eval_brier': '0.03331', 'eval_ece': '0.01728', 'eval_auroc': '0', 'eval_auprc': '0', 'eval_runtime': '3.496', 'eval_samples_per_second': '88.68', 'eval_steps_per_second': '5.721', 'epoch': '10'}
CustomImageProcessor configuration saved to checkpoints/grid-run_nicme_v3_hybrid_pretty_a0p04_l0p2_lr5e5_s42/checkpoint-160/preprocessor_config.json
{'loss': '0.1245', 'grad_norm': '30.81', 'learning_rate': '4.243e-05', 'epoch': '10.66'}
{'eval_loss': '0.2086', 'eval_accuracy': '0.929', 'eval_f1': '0.9289', 'eval_balanced_accuracy': '0.929', 'eval_macro_f1': '0.9289', 'eval_atc': '0.1', 'eval_normalized_atc': '0.01', 'eval_target_recall': '0.9355', 'eval_target_recall_macro': '0.9677', 'eval_target_fnr': '0', 'eval_selection_score': '0.01', 'eval_selection_accuracy_value': '0.929', 'eval_nll': '0.2058', 'eval_brier': '0.1155', 'eval_ece': '0.04891', 'eval_auroc': '0', 'eval_auprc': '0', 'eval_runtime': '3.589', 'eval_samples_per_second': '86.37', 'eval_steps_per_second': '5.572', 'epoch': '11'}
CustomImageProcessor configuration saved to checkpoints/grid-run_nicme_v3_hybrid_pretty_a0p04_l0p2_lr5e5_s42/checkpoint-176/preprocessor_config.json
{'loss': '0.1534', 'grad_norm': '33.51', 'learning_rate': '4.117e-05', 'epoch': '11.26'}
{'loss': '0.06678', 'grad_norm': '12.51', 'learning_rate': '3.983e-05', 'epoch': '11.92'}
{'eval_loss': '0.06504', 'eval_accuracy': '0.9839', 'eval_f1': '0.9838', 'eval_balanced_accuracy': '0.9839', 'eval_macro_f1': '0.9838', 'eval_atc': '0.01613', 'eval_normalized_atc': '0.001613', 'eval_target_recall': '0.9677', 'eval_target_recall_macro': '0.9919', 'eval_target_fnr': '0', 'eval_selection_score': '0.001613', 'eval_selection_accuracy_value': '0.9839', 'eval_nll': '0.06395', 'eval_brier': '0.03067', 'eval_ece': '0.01477', 'eval_auroc': '0', 'eval_auprc': '0', 'eval_runtime': '3.78', 'eval_samples_per_second': '82', 'eval_steps_per_second': '5.29', 'epoch': '12'}
CustomImageProcessor configuration saved to checkpoints/grid-run_nicme_v3_hybrid_pretty_a0p04_l0p2_lr5e5_s42/checkpoint-192/preprocessor_config.json
{'loss': '0.03898', 'grad_norm': '16.94', 'learning_rate': '3.842e-05', 'epoch': '12.52'}
{'eval_loss': '0.03318', 'eval_accuracy': '0.9871', 'eval_f1': '0.9871', 'eval_balanced_accuracy': '0.9871', 'eval_macro_f1': '0.9871', 'eval_atc': '0.0129', 'eval_normalized_atc': '0.00129', 'eval_target_recall': '0.9677', 'eval_target_recall_macro': '0.9919', 'eval_target_fnr': '0', 'eval_selection_score': '0.00129', 'eval_selection_accuracy_value': '0.9871', 'eval_nll': '0.03259', 'eval_brier': '0.01959', 'eval_ece': '0.01344', 'eval_auroc': '0', 'eval_auprc': '0', 'eval_runtime': '3.694', 'eval_samples_per_second': '83.93', 'eval_steps_per_second': '5.415', 'epoch': '13'}
CustomImageProcessor configuration saved to checkpoints/grid-run_nicme_v3_hybrid_pretty_a0p04_l0p2_lr5e5_s42/checkpoint-208/preprocessor_config.json
{'loss': '0.01845', 'grad_norm': '0.2134', 'learning_rate': '3.695e-05', 'epoch': '13.13'}
{'loss': '0.04983', 'grad_norm': '2.055', 'learning_rate': '3.543e-05', 'epoch': '13.79'}
{'eval_loss': '0.03274', 'eval_accuracy': '0.9839', 'eval_f1': '0.984', 'eval_balanced_accuracy': '0.9839', 'eval_macro_f1': '0.984', 'eval_atc': '0.01613', 'eval_normalized_atc': '0.001613', 'eval_target_recall': '0.9355', 'eval_target_recall_macro': '0.9839', 'eval_target_fnr': '0', 'eval_selection_score': '0.001613', 'eval_selection_accuracy_value': '0.9839', 'eval_nll': '0.03224', 'eval_brier': '0.01996', 'eval_ece': '0.01016', 'eval_auroc': '0', 'eval_auprc': '0', 'eval_runtime': '8.201', 'eval_samples_per_second': '37.8', 'eval_steps_per_second': '2.439', 'epoch': '14'}
CustomImageProcessor configuration saved to checkpoints/grid-run_nicme_v3_hybrid_pretty_a0p04_l0p2_lr5e5_s42/checkpoint-224/preprocessor_config.json
{'loss': '0.01124', 'grad_norm': '14.46', 'learning_rate': '3.385e-05', 'epoch': '14.39'}
{'loss': '0.007556', 'grad_norm': '0.1834', 'learning_rate': '3.224e-05', 'epoch': '15'}
{'eval_loss': '0.06382', 'eval_accuracy': '0.9806', 'eval_f1': '0.9803', 'eval_balanced_accuracy': '0.9806', 'eval_macro_f1': '0.9803', 'eval_atc': '0.01935', 'eval_normalized_atc': '0.001935', 'eval_target_recall': '0.8387', 'eval_target_recall_macro': '0.9597', 'eval_target_fnr': '0', 'eval_selection_score': '0.01696', 'eval_selection_accuracy_value': '0.9806', 'eval_nll': '0.06325', 'eval_brier': '0.03091', 'eval_ece': '0.01412', 'eval_auroc': '0', 'eval_auprc': '0', 'eval_runtime': '4.215', 'eval_samples_per_second': '73.55', 'eval_steps_per_second': '4.745', 'epoch': '15'}
CustomImageProcessor configuration saved to checkpoints/grid-run_nicme_v3_hybrid_pretty_a0p04_l0p2_lr5e5_s42/checkpoint-240/preprocessor_config.json
{'loss': '0.09617', 'grad_norm': '52.7', 'learning_rate': '3.059e-05', 'epoch': '15.66'}
{'eval_loss': '0.04038', 'eval_accuracy': '0.9839', 'eval_f1': '0.9836', 'eval_balanced_accuracy': '0.9839', 'eval_macro_f1': '0.9836', 'eval_atc': '0.01613', 'eval_normalized_atc': '0.001613', 'eval_target_recall': '0.871', 'eval_target_recall_macro': '0.9677', 'eval_target_fnr': '0', 'eval_selection_score': '0.004984', 'eval_selection_accuracy_value': '0.9839', 'eval_nll': '0.03999', 'eval_brier': '0.01883', 'eval_ece': '0.01025', 'eval_auroc': '0', 'eval_auprc': '0', 'eval_runtime': '3.906', 'eval_samples_per_second': '79.36', 'eval_steps_per_second': '5.12', 'epoch': '16'}
CustomImageProcessor configuration saved to checkpoints/grid-run_nicme_v3_hybrid_pretty_a0p04_l0p2_lr5e5_s42/checkpoint-256/preprocessor_config.json
{'loss': '0.08978', 'grad_norm': '45.51', 'learning_rate': '2.891e-05', 'epoch': '16.26'}
{'loss': '0.0112', 'grad_norm': '0.5829', 'learning_rate': '2.722e-05', 'epoch': '16.92'}
{'eval_loss': '0.06989', 'eval_accuracy': '0.9742', 'eval_f1': '0.9737', 'eval_balanced_accuracy': '0.9742', 'eval_macro_f1': '0.9737', 'eval_atc': '0.1129', 'eval_normalized_atc': '0.01129', 'eval_target_recall': '0.8387', 'eval_target_recall_macro': '0.9597', 'eval_target_fnr': '0', 'eval_selection_score': '0.02632', 'eval_selection_accuracy_value': '0.9742', 'eval_nll': '0.06696', 'eval_brier': '0.03851', 'eval_ece': '0.018', 'eval_auroc': '0', 'eval_auprc': '0', 'eval_runtime': '4.053', 'eval_samples_per_second': '76.48', 'eval_steps_per_second': '4.935', 'epoch': '17'}
CustomImageProcessor configuration saved to checkpoints/grid-run_nicme_v3_hybrid_pretty_a0p04_l0p2_lr5e5_s42/checkpoint-272/preprocessor_config.json
{'train_runtime': '267.2', 'train_samples_per_second': '116.2', 'train_steps_per_second': '1.916', 'train_loss': '1.307', 'epoch': '17'}
***** train metrics *****
  epoch                    =       17.0
  total_flos               =        0GF
  train_loss               =     1.3071
  train_runtime            = 0:04:27.19
  train_samples_per_second =    116.169
  train_steps_per_second   =      1.916
Using device: cuda

============================================================
PERFORMING COMPREHENSIVE EVALUATION
============================================================
Results will be saved to: results/pmi10_sota_convnext_base_test/grid-run_nicme_v3_hybrid_pretty_a0p04_l0p2_lr5e5_s42_05-03_01-23
Saving run configuration...
Run configuration saved to: results/pmi10_sota_convnext_base_test/grid-run_nicme_v3_hybrid_pretty_a0p04_l0p2_lr5e5_s42_05-03_01-23/run_configuration_20260503_012325.json
Running model evaluation...
Computing detailed metrics...
Saving metrics to files...
Metrics saved to: results/pmi10_sota_convnext_base_test/grid-run_nicme_v3_hybrid_pretty_a0p04_l0p2_lr5e5_s42_05-03_01-23/metrics_20260503_012338_nicme_v3_hybrid.json and results/pmi10_sota_convnext_base_test/grid-run_nicme_v3_hybrid_pretty_a0p04_l0p2_lr5e5_s42_05-03_01-23/metrics_20260503_012338_nicme_v3_hybrid.txt
Using provided class names: ['00378-0208', '00378-3855', '00591-0461', '16729-0020', '50111-0434', '53489-0156', '53746-0544', '62037-0831', '68382-0008', '68382-0227']
Skipping confusion matrix visualizations by configuration.

============================================================
TRAINING COMPLETED - RESULTS SUMMARY
============================================================
Output Directory: results/pmi10_sota_convnext_base_test/grid-run_nicme_v3_hybrid_pretty_a0p04_l0p2_lr5e5_s42_05-03_01-23
Overall Accuracy: 0.9688
Balanced Accuracy: 0.9688
Overall F1 Score: 0.9690
Kappa: 0.9653
AUC: 0.9997
Expected Cost: 0.0594
Loss Function Used: nicme_v3_hybrid
Total Test Samples: 320
Classes: 00378-0208, 00378-3855, 00591-0461, 16729-0020, 50111-0434, 53489-0156, 53746-0544, 62037-0831, 68382-0008, 68382-0227

Detailed metrics saved to: results/pmi10_sota_convnext_base_test/grid-run_nicme_v3_hybrid_pretty_a0p04_l0p2_lr5e5_s42_05-03_01-23
============================================================
