Prepared manifest loaded — Train=970, Val=310, Calibration=0, Test=320
cuda
Using model backend=timm type=pmi10_sota_convnext_base with 10 labels
Early stopping enabled with patience=5
Using device: cuda
{'loss': '9.321', 'grad_norm': '17.22', 'learning_rate': '8.654e-06', 'epoch': '0.6557'}
{'eval_loss': '1.985', 'eval_accuracy': '0.4871', 'eval_f1': '0.467', 'eval_balanced_accuracy': '0.4871', 'eval_macro_f1': '0.467', 'eval_atc': '1.232', 'eval_normalized_atc': '0.1232', 'eval_target_recall': '0.3226', 'eval_target_recall_macro': '0.4677', 'eval_target_fnr': '0.5806', 'eval_selection_score': '1.555', 'eval_selection_accuracy_value': '0.4871', 'eval_nll': '1.975', 'eval_brier': '0.8184', 'eval_ece': '0.326', 'eval_auroc': '0', 'eval_auprc': '0', 'eval_runtime': '4.803', 'eval_samples_per_second': '64.55', 'eval_steps_per_second': '4.164', 'epoch': '1'}
CustomImageProcessor configuration saved to checkpoints/grid-run_nicme_v3_hybrid_pretty_a0p05_l0p07_lr5e5_s42/checkpoint-16/preprocessor_config.json
{'loss': '7.519', 'grad_norm': '20.78', 'learning_rate': '1.827e-05', 'epoch': '1.262'}
{'loss': '6.028', 'grad_norm': '21.66', 'learning_rate': '2.788e-05', 'epoch': '1.918'}
{'eval_loss': '1.109', 'eval_accuracy': '0.6742', 'eval_f1': '0.6614', 'eval_balanced_accuracy': '0.6742', 'eval_macro_f1': '0.6614', 'eval_atc': '0.8387', 'eval_normalized_atc': '0.08387', 'eval_target_recall': '0.4839', 'eval_target_recall_macro': '0.7016', 'eval_target_fnr': '0.2258', 'eval_selection_score': '0.7924', 'eval_selection_accuracy_value': '0.6742', 'eval_nll': '1.092', 'eval_brier': '0.5297', 'eval_ece': '0.2641', 'eval_auroc': '0', 'eval_auprc': '0', 'eval_runtime': '3.87', 'eval_samples_per_second': '80.1', 'eval_steps_per_second': '5.168', 'epoch': '2'}
CustomImageProcessor configuration saved to checkpoints/grid-run_nicme_v3_hybrid_pretty_a0p05_l0p07_lr5e5_s42/checkpoint-32/preprocessor_config.json
{'loss': '3.467', 'grad_norm': '19.06', 'learning_rate': '3.75e-05', 'epoch': '2.525'}
{'eval_loss': '0.6075', 'eval_accuracy': '0.7452', 'eval_f1': '0.715', 'eval_balanced_accuracy': '0.7452', 'eval_macro_f1': '0.715', 'eval_atc': '0.5742', 'eval_normalized_atc': '0.05742', 'eval_target_recall': '0.7097', 'eval_target_recall_macro': '0.871', 'eval_target_fnr': '0', 'eval_selection_score': '0.2053', 'eval_selection_accuracy_value': '0.7452', 'eval_nll': '0.5918', 'eval_brier': '0.3365', 'eval_ece': '0.06478', 'eval_auroc': '0', 'eval_auprc': '0', 'eval_runtime': '3.873', 'eval_samples_per_second': '80.04', 'eval_steps_per_second': '5.164', 'epoch': '3'}
CustomImageProcessor configuration saved to checkpoints/grid-run_nicme_v3_hybrid_pretty_a0p05_l0p07_lr5e5_s42/checkpoint-48/preprocessor_config.json
{'loss': '2.298', 'grad_norm': '44.83', 'learning_rate': '4.712e-05', 'epoch': '3.131'}
{'loss': '1.651', 'grad_norm': '65.4', 'learning_rate': '4.997e-05', 'epoch': '3.787'}
{'eval_loss': '0.3123', 'eval_accuracy': '0.9065', 'eval_f1': '0.9012', 'eval_balanced_accuracy': '0.9065', 'eval_macro_f1': '0.9012', 'eval_atc': '0.4613', 'eval_normalized_atc': '0.04613', 'eval_target_recall': '0.4516', 'eval_target_recall_macro': '0.8065', 'eval_target_fnr': '0.03226', 'eval_selection_score': '0.8503', 'eval_selection_accuracy_value': '0.9065', 'eval_nll': '0.2993', 'eval_brier': '0.156', 'eval_ece': '0.1029', 'eval_auroc': '0', 'eval_auprc': '0', 'eval_runtime': '3.916', 'eval_samples_per_second': '79.17', 'eval_steps_per_second': '5.107', 'epoch': '4'}
CustomImageProcessor configuration saved to checkpoints/grid-run_nicme_v3_hybrid_pretty_a0p05_l0p07_lr5e5_s42/checkpoint-64/preprocessor_config.json
{'loss': '0.9879', 'grad_norm': '26.44', 'learning_rate': '4.983e-05', 'epoch': '4.393'}
{'loss': '0.8225', 'grad_norm': '13.58', 'learning_rate': '4.958e-05', 'epoch': '5'}
{'eval_loss': '0.1707', 'eval_accuracy': '0.9613', 'eval_f1': '0.9611', 'eval_balanced_accuracy': '0.9613', 'eval_macro_f1': '0.9611', 'eval_atc': '0.06774', 'eval_normalized_atc': '0.006774', 'eval_target_recall': '0.8065', 'eval_target_recall_macro': '0.9435', 'eval_target_fnr': '0', 'eval_selection_score': '0.04178', 'eval_selection_accuracy_value': '0.9613', 'eval_nll': '0.1662', 'eval_brier': '0.07459', 'eval_ece': '0.07319', 'eval_auroc': '0', 'eval_auprc': '0', 'eval_runtime': '3.936', 'eval_samples_per_second': '78.76', 'eval_steps_per_second': '5.081', 'epoch': '5'}
CustomImageProcessor configuration saved to checkpoints/grid-run_nicme_v3_hybrid_pretty_a0p05_l0p07_lr5e5_s42/checkpoint-80/preprocessor_config.json
{'loss': '0.6363', 'grad_norm': '12.55', 'learning_rate': '4.921e-05', 'epoch': '5.656'}
{'eval_loss': '0.1889', 'eval_accuracy': '0.9387', 'eval_f1': '0.9384', 'eval_balanced_accuracy': '0.9387', 'eval_macro_f1': '0.9384', 'eval_atc': '0.1645', 'eval_normalized_atc': '0.01645', 'eval_target_recall': '0.9032', 'eval_target_recall_macro': '0.9435', 'eval_target_fnr': '0', 'eval_selection_score': '0.01645', 'eval_selection_accuracy_value': '0.9387', 'eval_nll': '0.1814', 'eval_brier': '0.09267', 'eval_ece': '0.05138', 'eval_auroc': '0', 'eval_auprc': '0', 'eval_runtime': '3.842', 'eval_samples_per_second': '80.68', 'eval_steps_per_second': '5.205', 'epoch': '6'}
CustomImageProcessor configuration saved to checkpoints/grid-run_nicme_v3_hybrid_pretty_a0p05_l0p07_lr5e5_s42/checkpoint-96/preprocessor_config.json
{'loss': '0.4882', 'grad_norm': '47.35', 'learning_rate': '4.872e-05', 'epoch': '6.262'}
{'loss': '0.3252', 'grad_norm': '28.64', 'learning_rate': '4.813e-05', 'epoch': '6.918'}
{'eval_loss': '0.1592', 'eval_accuracy': '0.9419', 'eval_f1': '0.9404', 'eval_balanced_accuracy': '0.9419', 'eval_macro_f1': '0.9404', 'eval_atc': '0.1452', 'eval_normalized_atc': '0.01452', 'eval_target_recall': '0.7097', 'eval_target_recall_macro': '0.9113', 'eval_target_fnr': '0', 'eval_selection_score': '0.1594', 'eval_selection_accuracy_value': '0.9419', 'eval_nll': '0.1562', 'eval_brier': '0.0835', 'eval_ece': '0.0287', 'eval_auroc': '0', 'eval_auprc': '0', 'eval_runtime': '3.773', 'eval_samples_per_second': '82.17', 'eval_steps_per_second': '5.301', 'epoch': '7'}
CustomImageProcessor configuration saved to checkpoints/grid-run_nicme_v3_hybrid_pretty_a0p05_l0p07_lr5e5_s42/checkpoint-112/preprocessor_config.json
{'loss': '0.1737', 'grad_norm': '5.589', 'learning_rate': '4.743e-05', 'epoch': '7.525'}
{'eval_loss': '0.0987', 'eval_accuracy': '0.9742', 'eval_f1': '0.9738', 'eval_balanced_accuracy': '0.9742', 'eval_macro_f1': '0.9738', 'eval_atc': '0.08387', 'eval_normalized_atc': '0.008387', 'eval_target_recall': '0.8387', 'eval_target_recall_macro': '0.9516', 'eval_target_fnr': '0', 'eval_selection_score': '0.02341', 'eval_selection_accuracy_value': '0.9742', 'eval_nll': '0.09631', 'eval_brier': '0.04788', 'eval_ece': '0.01966', 'eval_auroc': '0', 'eval_auprc': '0', 'eval_runtime': '4.165', 'eval_samples_per_second': '74.43', 'eval_steps_per_second': '4.802', 'epoch': '8'}
CustomImageProcessor configuration saved to checkpoints/grid-run_nicme_v3_hybrid_pretty_a0p05_l0p07_lr5e5_s42/checkpoint-128/preprocessor_config.json
{'loss': '0.1677', 'grad_norm': '16.05', 'learning_rate': '4.662e-05', 'epoch': '8.131'}
{'loss': '0.1352', 'grad_norm': '28.18', 'learning_rate': '4.572e-05', 'epoch': '8.787'}
{'eval_loss': '0.09152', 'eval_accuracy': '0.9774', 'eval_f1': '0.9775', 'eval_balanced_accuracy': '0.9774', 'eval_macro_f1': '0.9775', 'eval_atc': '0.02258', 'eval_normalized_atc': '0.002258', 'eval_target_recall': '0.9355', 'eval_target_recall_macro': '0.9839', 'eval_target_fnr': '0', 'eval_selection_score': '0.002258', 'eval_selection_accuracy_value': '0.9774', 'eval_nll': '0.09049', 'eval_brier': '0.04521', 'eval_ece': '0.01075', 'eval_auroc': '0', 'eval_auprc': '0', 'eval_runtime': '3.917', 'eval_samples_per_second': '79.15', 'eval_steps_per_second': '5.106', 'epoch': '9'}
CustomImageProcessor configuration saved to checkpoints/grid-run_nicme_v3_hybrid_pretty_a0p05_l0p07_lr5e5_s42/checkpoint-144/preprocessor_config.json
{'loss': '0.1478', 'grad_norm': '21.43', 'learning_rate': '4.471e-05', 'epoch': '9.393'}
{'loss': '0.122', 'grad_norm': '5.444', 'learning_rate': '4.362e-05', 'epoch': '10'}
{'eval_loss': '0.04549', 'eval_accuracy': '0.9806', 'eval_f1': '0.9803', 'eval_balanced_accuracy': '0.9806', 'eval_macro_f1': '0.9803', 'eval_atc': '0.04839', 'eval_normalized_atc': '0.004839', 'eval_target_recall': '0.871', 'eval_target_recall_macro': '0.9677', 'eval_target_fnr': '0', 'eval_selection_score': '0.00821', 'eval_selection_accuracy_value': '0.9806', 'eval_nll': '0.04443', 'eval_brier': '0.02421', 'eval_ece': '0.02045', 'eval_auroc': '0', 'eval_auprc': '0', 'eval_runtime': '4.04', 'eval_samples_per_second': '76.74', 'eval_steps_per_second': '4.951', 'epoch': '10'}
CustomImageProcessor configuration saved to checkpoints/grid-run_nicme_v3_hybrid_pretty_a0p05_l0p07_lr5e5_s42/checkpoint-160/preprocessor_config.json
{'loss': '0.06652', 'grad_norm': '26.73', 'learning_rate': '4.243e-05', 'epoch': '10.66'}
{'eval_loss': '0.04845', 'eval_accuracy': '0.9774', 'eval_f1': '0.9774', 'eval_balanced_accuracy': '0.9774', 'eval_macro_f1': '0.9774', 'eval_atc': '0.09032', 'eval_normalized_atc': '0.009032', 'eval_target_recall': '0.9032', 'eval_target_recall_macro': '0.9597', 'eval_target_fnr': '0', 'eval_selection_score': '0.009032', 'eval_selection_accuracy_value': '0.9774', 'eval_nll': '0.04658', 'eval_brier': '0.02551', 'eval_ece': '0.01755', 'eval_auroc': '0', 'eval_auprc': '0', 'eval_runtime': '3.7', 'eval_samples_per_second': '83.78', 'eval_steps_per_second': '5.405', 'epoch': '11'}
CustomImageProcessor configuration saved to checkpoints/grid-run_nicme_v3_hybrid_pretty_a0p05_l0p07_lr5e5_s42/checkpoint-176/preprocessor_config.json
{'loss': '0.1379', 'grad_norm': '4.942', 'learning_rate': '4.117e-05', 'epoch': '11.26'}
{'loss': '0.04547', 'grad_norm': '19.3', 'learning_rate': '3.983e-05', 'epoch': '11.92'}
{'eval_loss': '0.09009', 'eval_accuracy': '0.9774', 'eval_f1': '0.9771', 'eval_balanced_accuracy': '0.9774', 'eval_macro_f1': '0.9771', 'eval_atc': '0.05161', 'eval_normalized_atc': '0.005161', 'eval_target_recall': '0.8387', 'eval_target_recall_macro': '0.9516', 'eval_target_fnr': '0', 'eval_selection_score': '0.02019', 'eval_selection_accuracy_value': '0.9774', 'eval_nll': '0.08914', 'eval_brier': '0.04403', 'eval_ece': '0.0205', 'eval_auroc': '0', 'eval_auprc': '0', 'eval_runtime': '3.914', 'eval_samples_per_second': '79.2', 'eval_steps_per_second': '5.11', 'epoch': '12'}
CustomImageProcessor configuration saved to checkpoints/grid-run_nicme_v3_hybrid_pretty_a0p05_l0p07_lr5e5_s42/checkpoint-192/preprocessor_config.json
{'loss': '0.08951', 'grad_norm': '5.885', 'learning_rate': '3.842e-05', 'epoch': '12.52'}
{'eval_loss': '0.05885', 'eval_accuracy': '0.9806', 'eval_f1': '0.9807', 'eval_balanced_accuracy': '0.9806', 'eval_macro_f1': '0.9807', 'eval_atc': '0.04839', 'eval_normalized_atc': '0.004839', 'eval_target_recall': '0.9677', 'eval_target_recall_macro': '0.9839', 'eval_target_fnr': '0', 'eval_selection_score': '0.004839', 'eval_selection_accuracy_value': '0.9806', 'eval_nll': '0.05784', 'eval_brier': '0.029', 'eval_ece': '0.01665', 'eval_auroc': '0', 'eval_auprc': '0', 'eval_runtime': '4.015', 'eval_samples_per_second': '77.22', 'eval_steps_per_second': '4.982', 'epoch': '13'}
CustomImageProcessor configuration saved to checkpoints/grid-run_nicme_v3_hybrid_pretty_a0p05_l0p07_lr5e5_s42/checkpoint-208/preprocessor_config.json
{'loss': '0.02397', 'grad_norm': '0.3955', 'learning_rate': '3.695e-05', 'epoch': '13.13'}
{'loss': '0.0537', 'grad_norm': '3.296', 'learning_rate': '3.543e-05', 'epoch': '13.79'}
{'eval_loss': '0.03909', 'eval_accuracy': '0.9871', 'eval_f1': '0.987', 'eval_balanced_accuracy': '0.9871', 'eval_macro_f1': '0.987', 'eval_atc': '0.0129', 'eval_normalized_atc': '0.00129', 'eval_target_recall': '0.9032', 'eval_target_recall_macro': '0.9758', 'eval_target_fnr': '0', 'eval_selection_score': '0.00129', 'eval_selection_accuracy_value': '0.9871', 'eval_nll': '0.03883', 'eval_brier': '0.02192', 'eval_ece': '0.01132', 'eval_auroc': '0', 'eval_auprc': '0', 'eval_runtime': '3.788', 'eval_samples_per_second': '81.83', 'eval_steps_per_second': '5.279', 'epoch': '14'}
CustomImageProcessor configuration saved to checkpoints/grid-run_nicme_v3_hybrid_pretty_a0p05_l0p07_lr5e5_s42/checkpoint-224/preprocessor_config.json
{'loss': '0.03218', 'grad_norm': '135', 'learning_rate': '3.385e-05', 'epoch': '14.39'}
{'loss': '0.01471', 'grad_norm': '0.1862', 'learning_rate': '3.224e-05', 'epoch': '15'}
{'eval_loss': '0.07954', 'eval_accuracy': '0.9774', 'eval_f1': '0.9775', 'eval_balanced_accuracy': '0.9774', 'eval_macro_f1': '0.9775', 'eval_atc': '0.02258', 'eval_normalized_atc': '0.002258', 'eval_target_recall': '0.9355', 'eval_target_recall_macro': '0.9839', 'eval_target_fnr': '0', 'eval_selection_score': '0.002258', 'eval_selection_accuracy_value': '0.9774', 'eval_nll': '0.07917', 'eval_brier': '0.03836', 'eval_ece': '0.01846', 'eval_auroc': '0', 'eval_auprc': '0', 'eval_runtime': '4.17', 'eval_samples_per_second': '74.35', 'eval_steps_per_second': '4.797', 'epoch': '15'}
CustomImageProcessor configuration saved to checkpoints/grid-run_nicme_v3_hybrid_pretty_a0p05_l0p07_lr5e5_s42/checkpoint-240/preprocessor_config.json
{'loss': '0.03111', 'grad_norm': '0.58', 'learning_rate': '3.059e-05', 'epoch': '15.66'}
{'eval_loss': '0.1718', 'eval_accuracy': '0.9387', 'eval_f1': '0.9367', 'eval_balanced_accuracy': '0.9387', 'eval_macro_f1': '0.9367', 'eval_atc': '0.06129', 'eval_normalized_atc': '0.006129', 'eval_target_recall': '0.9032', 'eval_target_recall_macro': '0.9758', 'eval_target_fnr': '0', 'eval_selection_score': '0.006129', 'eval_selection_accuracy_value': '0.9387', 'eval_nll': '0.1712', 'eval_brier': '0.08763', 'eval_ece': '0.03753', 'eval_auroc': '0', 'eval_auprc': '0', 'eval_runtime': '3.738', 'eval_samples_per_second': '82.93', 'eval_steps_per_second': '5.35', 'epoch': '16'}
CustomImageProcessor configuration saved to checkpoints/grid-run_nicme_v3_hybrid_pretty_a0p05_l0p07_lr5e5_s42/checkpoint-256/preprocessor_config.json
{'loss': '0.09153', 'grad_norm': '61.78', 'learning_rate': '2.891e-05', 'epoch': '16.26'}
{'loss': '0.005742', 'grad_norm': '0.5102', 'learning_rate': '2.722e-05', 'epoch': '16.92'}
{'eval_loss': '0.05138', 'eval_accuracy': '0.9839', 'eval_f1': '0.9839', 'eval_balanced_accuracy': '0.9839', 'eval_macro_f1': '0.9839', 'eval_atc': '0.01613', 'eval_normalized_atc': '0.001613', 'eval_target_recall': '0.9355', 'eval_target_recall_macro': '0.9839', 'eval_target_fnr': '0', 'eval_selection_score': '0.001613', 'eval_selection_accuracy_value': '0.9839', 'eval_nll': '0.05116', 'eval_brier': '0.02571', 'eval_ece': '0.009616', 'eval_auroc': '0', 'eval_auprc': '0', 'eval_runtime': '3.687', 'eval_samples_per_second': '84.09', 'eval_steps_per_second': '5.425', 'epoch': '17'}
CustomImageProcessor configuration saved to checkpoints/grid-run_nicme_v3_hybrid_pretty_a0p05_l0p07_lr5e5_s42/checkpoint-272/preprocessor_config.json
{'loss': '0.002801', 'grad_norm': '0.088', 'learning_rate': '2.551e-05', 'epoch': '17.52'}
{'eval_loss': '0.03028', 'eval_accuracy': '0.9871', 'eval_f1': '0.987', 'eval_balanced_accuracy': '0.9871', 'eval_macro_f1': '0.987', 'eval_atc': '0.0129', 'eval_normalized_atc': '0.00129', 'eval_target_recall': '0.9032', 'eval_target_recall_macro': '0.9758', 'eval_target_fnr': '0', 'eval_selection_score': '0.00129', 'eval_selection_accuracy_value': '0.9871', 'eval_nll': '0.02983', 'eval_brier': '0.01813', 'eval_ece': '0.01055', 'eval_auroc': '0', 'eval_auprc': '0', 'eval_runtime': '4.086', 'eval_samples_per_second': '75.86', 'eval_steps_per_second': '4.894', 'epoch': '18'}
CustomImageProcessor configuration saved to checkpoints/grid-run_nicme_v3_hybrid_pretty_a0p05_l0p07_lr5e5_s42/checkpoint-288/preprocessor_config.json
{'train_runtime': '280.6', 'train_samples_per_second': '110.6', 'train_steps_per_second': '1.824', 'train_loss': '1.211', 'epoch': '18'}
***** train metrics *****
  epoch                    =       18.0
  total_flos               =        0GF
  train_loss               =     1.2114
  train_runtime            = 0:04:40.63
  train_samples_per_second =    110.606
  train_steps_per_second   =      1.824
Using device: cuda

============================================================
PERFORMING COMPREHENSIVE EVALUATION
============================================================
Results will be saved to: results/pmi10_sota_convnext_base_test/grid-run_nicme_v3_hybrid_pretty_a0p05_l0p07_lr5e5_s42_05-03_01-51
Saving run configuration...
Run configuration saved to: results/pmi10_sota_convnext_base_test/grid-run_nicme_v3_hybrid_pretty_a0p05_l0p07_lr5e5_s42_05-03_01-51/run_configuration_20260503_015129.json
Running model evaluation...
Computing detailed metrics...
Saving metrics to files...
Metrics saved to: results/pmi10_sota_convnext_base_test/grid-run_nicme_v3_hybrid_pretty_a0p05_l0p07_lr5e5_s42_05-03_01-51/metrics_20260503_015138_nicme_v3_hybrid.json and results/pmi10_sota_convnext_base_test/grid-run_nicme_v3_hybrid_pretty_a0p05_l0p07_lr5e5_s42_05-03_01-51/metrics_20260503_015138_nicme_v3_hybrid.txt
Using provided class names: ['00378-0208', '00378-3855', '00591-0461', '16729-0020', '50111-0434', '53489-0156', '53746-0544', '62037-0831', '68382-0008', '68382-0227']
Skipping confusion matrix visualizations by configuration.

============================================================
TRAINING COMPLETED - RESULTS SUMMARY
============================================================
Output Directory: results/pmi10_sota_convnext_base_test/grid-run_nicme_v3_hybrid_pretty_a0p05_l0p07_lr5e5_s42_05-03_01-51
Overall Accuracy: 0.9812
Balanced Accuracy: 0.9812
Overall F1 Score: 0.9812
Kappa: 0.9792
AUC: 0.9997
Expected Cost: 0.0750
Loss Function Used: nicme_v3_hybrid
Total Test Samples: 320
Classes: 00378-0208, 00378-3855, 00591-0461, 16729-0020, 50111-0434, 53489-0156, 53746-0544, 62037-0831, 68382-0008, 68382-0227

Detailed metrics saved to: results/pmi10_sota_convnext_base_test/grid-run_nicme_v3_hybrid_pretty_a0p05_l0p07_lr5e5_s42_05-03_01-51
============================================================
