Prepared manifest loaded — Train=970, Val=310, Calibration=0, Test=320
cuda
Using model backend=timm type=pmi10_sota_convnext_base with 10 labels
Early stopping enabled with patience=5
Using device: cuda
{'loss': '9.323', 'grad_norm': '17.21', 'learning_rate': '8.654e-06', 'epoch': '0.6557'}
{'eval_loss': '1.984', 'eval_accuracy': '0.4871', 'eval_f1': '0.4669', 'eval_balanced_accuracy': '0.4871', 'eval_macro_f1': '0.4669', 'eval_atc': '1.232', 'eval_normalized_atc': '0.1232', 'eval_target_recall': '0.3226', 'eval_target_recall_macro': '0.4677', 'eval_target_fnr': '0.5806', 'eval_selection_score': '1.555', 'eval_selection_accuracy_value': '0.4871', 'eval_nll': '1.975', 'eval_brier': '0.8184', 'eval_ece': '0.326', 'eval_auroc': '0', 'eval_auprc': '0', 'eval_runtime': '4.873', 'eval_samples_per_second': '63.62', 'eval_steps_per_second': '4.104', 'epoch': '1'}
CustomImageProcessor configuration saved to checkpoints/grid-run_nicme_v3_hybrid_pretty_a0p06_l0p04_lr5e5_s42/checkpoint-16/preprocessor_config.json
{'loss': '7.516', 'grad_norm': '20.78', 'learning_rate': '1.827e-05', 'epoch': '1.262'}
{'loss': '6.022', 'grad_norm': '21.63', 'learning_rate': '2.788e-05', 'epoch': '1.918'}
{'eval_loss': '1.107', 'eval_accuracy': '0.6742', 'eval_f1': '0.6614', 'eval_balanced_accuracy': '0.6742', 'eval_macro_f1': '0.6614', 'eval_atc': '0.8387', 'eval_normalized_atc': '0.08387', 'eval_target_recall': '0.4839', 'eval_target_recall_macro': '0.7016', 'eval_target_fnr': '0.2258', 'eval_selection_score': '0.7924', 'eval_selection_accuracy_value': '0.6742', 'eval_nll': '1.092', 'eval_brier': '0.5297', 'eval_ece': '0.2643', 'eval_auroc': '0', 'eval_auprc': '0', 'eval_runtime': '3.902', 'eval_samples_per_second': '79.45', 'eval_steps_per_second': '5.126', 'epoch': '2'}
CustomImageProcessor configuration saved to checkpoints/grid-run_nicme_v3_hybrid_pretty_a0p06_l0p04_lr5e5_s42/checkpoint-32/preprocessor_config.json
{'loss': '3.46', 'grad_norm': '19.03', 'learning_rate': '3.75e-05', 'epoch': '2.525'}
{'eval_loss': '0.606', 'eval_accuracy': '0.7452', 'eval_f1': '0.715', 'eval_balanced_accuracy': '0.7452', 'eval_macro_f1': '0.715', 'eval_atc': '0.5742', 'eval_normalized_atc': '0.05742', 'eval_target_recall': '0.7097', 'eval_target_recall_macro': '0.871', 'eval_target_fnr': '0', 'eval_selection_score': '0.2053', 'eval_selection_accuracy_value': '0.7452', 'eval_nll': '0.5914', 'eval_brier': '0.3362', 'eval_ece': '0.06555', 'eval_auroc': '0', 'eval_auprc': '0', 'eval_runtime': '3.984', 'eval_samples_per_second': '77.81', 'eval_steps_per_second': '5.02', 'epoch': '3'}
CustomImageProcessor configuration saved to checkpoints/grid-run_nicme_v3_hybrid_pretty_a0p06_l0p04_lr5e5_s42/checkpoint-48/preprocessor_config.json
{'loss': '2.293', 'grad_norm': '44.85', 'learning_rate': '4.712e-05', 'epoch': '3.131'}
{'loss': '1.647', 'grad_norm': '65.5', 'learning_rate': '4.997e-05', 'epoch': '3.787'}
{'eval_loss': '0.3114', 'eval_accuracy': '0.9065', 'eval_f1': '0.9012', 'eval_balanced_accuracy': '0.9065', 'eval_macro_f1': '0.9012', 'eval_atc': '0.4613', 'eval_normalized_atc': '0.04613', 'eval_target_recall': '0.4516', 'eval_target_recall_macro': '0.8065', 'eval_target_fnr': '0.03226', 'eval_selection_score': '0.8503', 'eval_selection_accuracy_value': '0.9065', 'eval_nll': '0.299', 'eval_brier': '0.1558', 'eval_ece': '0.103', 'eval_auroc': '0', 'eval_auprc': '0', 'eval_runtime': '4.026', 'eval_samples_per_second': '77', 'eval_steps_per_second': '4.968', 'epoch': '4'}
CustomImageProcessor configuration saved to checkpoints/grid-run_nicme_v3_hybrid_pretty_a0p06_l0p04_lr5e5_s42/checkpoint-64/preprocessor_config.json
{'loss': '0.9847', 'grad_norm': '26.2', 'learning_rate': '4.983e-05', 'epoch': '4.393'}
{'loss': '0.8214', 'grad_norm': '13.53', 'learning_rate': '4.958e-05', 'epoch': '5'}
{'eval_loss': '0.17', 'eval_accuracy': '0.9613', 'eval_f1': '0.9611', 'eval_balanced_accuracy': '0.9613', 'eval_macro_f1': '0.9611', 'eval_atc': '0.06774', 'eval_normalized_atc': '0.006774', 'eval_target_recall': '0.8065', 'eval_target_recall_macro': '0.9435', 'eval_target_fnr': '0', 'eval_selection_score': '0.04178', 'eval_selection_accuracy_value': '0.9613', 'eval_nll': '0.1659', 'eval_brier': '0.07442', 'eval_ece': '0.07279', 'eval_auroc': '0', 'eval_auprc': '0', 'eval_runtime': '3.957', 'eval_samples_per_second': '78.35', 'eval_steps_per_second': '5.055', 'epoch': '5'}
CustomImageProcessor configuration saved to checkpoints/grid-run_nicme_v3_hybrid_pretty_a0p06_l0p04_lr5e5_s42/checkpoint-80/preprocessor_config.json
{'loss': '0.6371', 'grad_norm': '12.37', 'learning_rate': '4.921e-05', 'epoch': '5.656'}
{'eval_loss': '0.1883', 'eval_accuracy': '0.9419', 'eval_f1': '0.9418', 'eval_balanced_accuracy': '0.9419', 'eval_macro_f1': '0.9418', 'eval_atc': '0.1613', 'eval_normalized_atc': '0.01613', 'eval_target_recall': '0.9032', 'eval_target_recall_macro': '0.9435', 'eval_target_fnr': '0', 'eval_selection_score': '0.01613', 'eval_selection_accuracy_value': '0.9419', 'eval_nll': '0.1811', 'eval_brier': '0.09255', 'eval_ece': '0.05836', 'eval_auroc': '0', 'eval_auprc': '0', 'eval_runtime': '3.694', 'eval_samples_per_second': '83.93', 'eval_steps_per_second': '5.415', 'epoch': '6'}
CustomImageProcessor configuration saved to checkpoints/grid-run_nicme_v3_hybrid_pretty_a0p06_l0p04_lr5e5_s42/checkpoint-96/preprocessor_config.json
{'loss': '0.4879', 'grad_norm': '47.48', 'learning_rate': '4.872e-05', 'epoch': '6.262'}
{'loss': '0.3256', 'grad_norm': '29.17', 'learning_rate': '4.813e-05', 'epoch': '6.918'}
{'eval_loss': '0.1592', 'eval_accuracy': '0.9419', 'eval_f1': '0.9404', 'eval_balanced_accuracy': '0.9419', 'eval_macro_f1': '0.9404', 'eval_atc': '0.1452', 'eval_normalized_atc': '0.01452', 'eval_target_recall': '0.7097', 'eval_target_recall_macro': '0.9113', 'eval_target_fnr': '0', 'eval_selection_score': '0.1594', 'eval_selection_accuracy_value': '0.9419', 'eval_nll': '0.1565', 'eval_brier': '0.08373', 'eval_ece': '0.02401', 'eval_auroc': '0', 'eval_auprc': '0', 'eval_runtime': '4.158', 'eval_samples_per_second': '74.55', 'eval_steps_per_second': '4.81', 'epoch': '7'}
CustomImageProcessor configuration saved to checkpoints/grid-run_nicme_v3_hybrid_pretty_a0p06_l0p04_lr5e5_s42/checkpoint-112/preprocessor_config.json
{'loss': '0.1734', 'grad_norm': '5.655', 'learning_rate': '4.743e-05', 'epoch': '7.525'}
{'eval_loss': '0.103', 'eval_accuracy': '0.9742', 'eval_f1': '0.9738', 'eval_balanced_accuracy': '0.9742', 'eval_macro_f1': '0.9738', 'eval_atc': '0.08387', 'eval_normalized_atc': '0.008387', 'eval_target_recall': '0.8387', 'eval_target_recall_macro': '0.9516', 'eval_target_fnr': '0', 'eval_selection_score': '0.02341', 'eval_selection_accuracy_value': '0.9742', 'eval_nll': '0.1008', 'eval_brier': '0.05078', 'eval_ece': '0.02141', 'eval_auroc': '0', 'eval_auprc': '0', 'eval_runtime': '4.005', 'eval_samples_per_second': '77.4', 'eval_steps_per_second': '4.994', 'epoch': '8'}
CustomImageProcessor configuration saved to checkpoints/grid-run_nicme_v3_hybrid_pretty_a0p06_l0p04_lr5e5_s42/checkpoint-128/preprocessor_config.json
{'loss': '0.1691', 'grad_norm': '16.52', 'learning_rate': '4.662e-05', 'epoch': '8.131'}
{'loss': '0.1363', 'grad_norm': '26.81', 'learning_rate': '4.572e-05', 'epoch': '8.787'}
{'eval_loss': '0.09427', 'eval_accuracy': '0.9742', 'eval_f1': '0.9743', 'eval_balanced_accuracy': '0.9742', 'eval_macro_f1': '0.9743', 'eval_atc': '0.02581', 'eval_normalized_atc': '0.002581', 'eval_target_recall': '0.9355', 'eval_target_recall_macro': '0.9839', 'eval_target_fnr': '0', 'eval_selection_score': '0.002581', 'eval_selection_accuracy_value': '0.9742', 'eval_nll': '0.09335', 'eval_brier': '0.04665', 'eval_ece': '0.01299', 'eval_auroc': '0', 'eval_auprc': '0', 'eval_runtime': '3.86', 'eval_samples_per_second': '80.31', 'eval_steps_per_second': '5.181', 'epoch': '9'}
CustomImageProcessor configuration saved to checkpoints/grid-run_nicme_v3_hybrid_pretty_a0p06_l0p04_lr5e5_s42/checkpoint-144/preprocessor_config.json
{'loss': '0.1777', 'grad_norm': '21.28', 'learning_rate': '4.471e-05', 'epoch': '9.393'}
{'loss': '0.2273', 'grad_norm': '7.678', 'learning_rate': '4.362e-05', 'epoch': '10'}
{'eval_loss': '0.05553', 'eval_accuracy': '0.9806', 'eval_f1': '0.9804', 'eval_balanced_accuracy': '0.9806', 'eval_macro_f1': '0.9804', 'eval_atc': '0.04839', 'eval_normalized_atc': '0.004839', 'eval_target_recall': '0.871', 'eval_target_recall_macro': '0.9677', 'eval_target_fnr': '0', 'eval_selection_score': '0.00821', 'eval_selection_accuracy_value': '0.9806', 'eval_nll': '0.0545', 'eval_brier': '0.02911', 'eval_ece': '0.01851', 'eval_auroc': '0', 'eval_auprc': '0', 'eval_runtime': '3.944', 'eval_samples_per_second': '78.6', 'eval_steps_per_second': '5.071', 'epoch': '10'}
CustomImageProcessor configuration saved to checkpoints/grid-run_nicme_v3_hybrid_pretty_a0p06_l0p04_lr5e5_s42/checkpoint-160/preprocessor_config.json
{'loss': '0.1049', 'grad_norm': '34.39', 'learning_rate': '4.243e-05', 'epoch': '10.66'}
{'eval_loss': '0.07831', 'eval_accuracy': '0.9742', 'eval_f1': '0.9744', 'eval_balanced_accuracy': '0.9742', 'eval_macro_f1': '0.9744', 'eval_atc': '0.07742', 'eval_normalized_atc': '0.007742', 'eval_target_recall': '0.9355', 'eval_target_recall_macro': '0.9597', 'eval_target_fnr': '0', 'eval_selection_score': '0.007742', 'eval_selection_accuracy_value': '0.9742', 'eval_nll': '0.07664', 'eval_brier': '0.04211', 'eval_ece': '0.009789', 'eval_auroc': '0', 'eval_auprc': '0', 'eval_runtime': '3.748', 'eval_samples_per_second': '82.7', 'eval_steps_per_second': '5.336', 'epoch': '11'}
CustomImageProcessor configuration saved to checkpoints/grid-run_nicme_v3_hybrid_pretty_a0p06_l0p04_lr5e5_s42/checkpoint-176/preprocessor_config.json
{'loss': '0.08585', 'grad_norm': '8.505', 'learning_rate': '4.117e-05', 'epoch': '11.26'}
{'loss': '0.09853', 'grad_norm': '25.31', 'learning_rate': '3.983e-05', 'epoch': '11.92'}
{'eval_loss': '0.04064', 'eval_accuracy': '0.9871', 'eval_f1': '0.9871', 'eval_balanced_accuracy': '0.9871', 'eval_macro_f1': '0.9871', 'eval_atc': '0.04194', 'eval_normalized_atc': '0.004194', 'eval_target_recall': '0.9032', 'eval_target_recall_macro': '0.9677', 'eval_target_fnr': '0', 'eval_selection_score': '0.004194', 'eval_selection_accuracy_value': '0.9871', 'eval_nll': '0.04005', 'eval_brier': '0.02002', 'eval_ece': '0.008041', 'eval_auroc': '0', 'eval_auprc': '0', 'eval_runtime': '4.09', 'eval_samples_per_second': '75.8', 'eval_steps_per_second': '4.89', 'epoch': '12'}
CustomImageProcessor configuration saved to checkpoints/grid-run_nicme_v3_hybrid_pretty_a0p06_l0p04_lr5e5_s42/checkpoint-192/preprocessor_config.json
{'loss': '0.04062', 'grad_norm': '8.916', 'learning_rate': '3.842e-05', 'epoch': '12.52'}
{'eval_loss': '0.04978', 'eval_accuracy': '0.9774', 'eval_f1': '0.9774', 'eval_balanced_accuracy': '0.9774', 'eval_macro_f1': '0.9774', 'eval_atc': '0.08065', 'eval_normalized_atc': '0.008065', 'eval_target_recall': '0.9032', 'eval_target_recall_macro': '0.9677', 'eval_target_fnr': '0', 'eval_selection_score': '0.008065', 'eval_selection_accuracy_value': '0.9774', 'eval_nll': '0.04879', 'eval_brier': '0.02927', 'eval_ece': '0.0112', 'eval_auroc': '0', 'eval_auprc': '0', 'eval_runtime': '4.052', 'eval_samples_per_second': '76.5', 'eval_steps_per_second': '4.935', 'epoch': '13'}
CustomImageProcessor configuration saved to checkpoints/grid-run_nicme_v3_hybrid_pretty_a0p06_l0p04_lr5e5_s42/checkpoint-208/preprocessor_config.json
{'loss': '0.01669', 'grad_norm': '4.639', 'learning_rate': '3.695e-05', 'epoch': '13.13'}
{'loss': '0.01514', 'grad_norm': '0.6376', 'learning_rate': '3.543e-05', 'epoch': '13.79'}
{'eval_loss': '0.04358', 'eval_accuracy': '0.9871', 'eval_f1': '0.9871', 'eval_balanced_accuracy': '0.9871', 'eval_macro_f1': '0.9871', 'eval_atc': '0.0129', 'eval_normalized_atc': '0.00129', 'eval_target_recall': '0.9355', 'eval_target_recall_macro': '0.9839', 'eval_target_fnr': '0', 'eval_selection_score': '0.00129', 'eval_selection_accuracy_value': '0.9871', 'eval_nll': '0.04344', 'eval_brier': '0.02488', 'eval_ece': '0.01273', 'eval_auroc': '0', 'eval_auprc': '0', 'eval_runtime': '4.087', 'eval_samples_per_second': '75.86', 'eval_steps_per_second': '4.894', 'epoch': '14'}
CustomImageProcessor configuration saved to checkpoints/grid-run_nicme_v3_hybrid_pretty_a0p06_l0p04_lr5e5_s42/checkpoint-224/preprocessor_config.json
{'train_runtime': '219.8', 'train_samples_per_second': '141.2', 'train_steps_per_second': '2.329', 'train_loss': '1.552', 'epoch': '14'}
***** train metrics *****
  epoch                    =       14.0
  total_flos               =        0GF
  train_loss               =     1.5525
  train_runtime            = 0:03:39.83
  train_samples_per_second =      141.2
  train_steps_per_second   =      2.329
Using device: cuda

============================================================
PERFORMING COMPREHENSIVE EVALUATION
============================================================
Results will be saved to: results/pmi10_sota_convnext_base_test/grid-run_nicme_v3_hybrid_pretty_a0p06_l0p04_lr5e5_s42_05-03_02-23
Saving run configuration...
Run configuration saved to: results/pmi10_sota_convnext_base_test/grid-run_nicme_v3_hybrid_pretty_a0p06_l0p04_lr5e5_s42_05-03_02-23/run_configuration_20260503_022334.json
Running model evaluation...
Computing detailed metrics...
Saving metrics to files...
Metrics saved to: results/pmi10_sota_convnext_base_test/grid-run_nicme_v3_hybrid_pretty_a0p06_l0p04_lr5e5_s42_05-03_02-23/metrics_20260503_022343_nicme_v3_hybrid.json and results/pmi10_sota_convnext_base_test/grid-run_nicme_v3_hybrid_pretty_a0p06_l0p04_lr5e5_s42_05-03_02-23/metrics_20260503_022343_nicme_v3_hybrid.txt
Using provided class names: ['00378-0208', '00378-3855', '00591-0461', '16729-0020', '50111-0434', '53489-0156', '53746-0544', '62037-0831', '68382-0008', '68382-0227']
Skipping confusion matrix visualizations by configuration.

============================================================
TRAINING COMPLETED - RESULTS SUMMARY
============================================================
Output Directory: results/pmi10_sota_convnext_base_test/grid-run_nicme_v3_hybrid_pretty_a0p06_l0p04_lr5e5_s42_05-03_02-23
Overall Accuracy: 0.9625
Balanced Accuracy: 0.9625
Overall F1 Score: 0.9628
Kappa: 0.9583
AUC: 0.9990
Expected Cost: 0.0938
Loss Function Used: nicme_v3_hybrid
Total Test Samples: 320
Classes: 00378-0208, 00378-3855, 00591-0461, 16729-0020, 50111-0434, 53489-0156, 53746-0544, 62037-0831, 68382-0008, 68382-0227

Detailed metrics saved to: results/pmi10_sota_convnext_base_test/grid-run_nicme_v3_hybrid_pretty_a0p06_l0p04_lr5e5_s42_05-03_02-23
============================================================
