Prepared manifest loaded — Train=970, Val=310, Calibration=0, Test=320
cuda
Using model backend=timm type=pmi10_sota_convnext_base with 10 labels
Early stopping enabled with patience=5
Using device: cuda
{'loss': '9.329', 'grad_norm': '17.21', 'learning_rate': '8.654e-06', 'epoch': '0.6557'}
{'eval_loss': '1.987', 'eval_accuracy': '0.4903', 'eval_f1': '0.4694', 'eval_balanced_accuracy': '0.4903', 'eval_macro_f1': '0.4694', 'eval_atc': '1.229', 'eval_normalized_atc': '0.1229', 'eval_target_recall': '0.3226', 'eval_target_recall_macro': '0.4758', 'eval_target_fnr': '0.5484', 'eval_selection_score': '1.552', 'eval_selection_accuracy_value': '0.4903', 'eval_nll': '1.975', 'eval_brier': '0.8184', 'eval_ece': '0.3292', 'eval_auroc': '0', 'eval_auprc': '0', 'eval_runtime': '4.834', 'eval_samples_per_second': '64.13', 'eval_steps_per_second': '4.138', 'epoch': '1'}
CustomImageProcessor configuration saved to checkpoints/grid-run_nicme_v3_hybrid_pretty_a0p07_l0p07_lr5e5_s42/checkpoint-16/preprocessor_config.json
{'loss': '7.527', 'grad_norm': '20.79', 'learning_rate': '1.827e-05', 'epoch': '1.262'}
{'loss': '6.04', 'grad_norm': '21.6', 'learning_rate': '2.788e-05', 'epoch': '1.918'}
{'eval_loss': '1.113', 'eval_accuracy': '0.6839', 'eval_f1': '0.67', 'eval_balanced_accuracy': '0.6839', 'eval_macro_f1': '0.67', 'eval_atc': '0.771', 'eval_normalized_atc': '0.0771', 'eval_target_recall': '0.4839', 'eval_target_recall_macro': '0.7177', 'eval_target_fnr': '0.1613', 'eval_selection_score': '0.7832', 'eval_selection_accuracy_value': '0.6839', 'eval_nll': '1.092', 'eval_brier': '0.5299', 'eval_ece': '0.2717', 'eval_auroc': '0', 'eval_auprc': '0', 'eval_runtime': '3.889', 'eval_samples_per_second': '79.72', 'eval_steps_per_second': '5.143', 'epoch': '2'}
CustomImageProcessor configuration saved to checkpoints/grid-run_nicme_v3_hybrid_pretty_a0p07_l0p07_lr5e5_s42/checkpoint-32/preprocessor_config.json
{'loss': '3.482', 'grad_norm': '19.09', 'learning_rate': '3.75e-05', 'epoch': '2.525'}
{'eval_loss': '0.6107', 'eval_accuracy': '0.7419', 'eval_f1': '0.7112', 'eval_balanced_accuracy': '0.7419', 'eval_macro_f1': '0.7112', 'eval_atc': '0.5774', 'eval_normalized_atc': '0.05774', 'eval_target_recall': '0.7097', 'eval_target_recall_macro': '0.871', 'eval_target_fnr': '0', 'eval_selection_score': '0.206', 'eval_selection_accuracy_value': '0.7419', 'eval_nll': '0.5917', 'eval_brier': '0.336', 'eval_ece': '0.06765', 'eval_auroc': '0', 'eval_auprc': '0', 'eval_runtime': '3.682', 'eval_samples_per_second': '84.19', 'eval_steps_per_second': '5.431', 'epoch': '3'}
CustomImageProcessor configuration saved to checkpoints/grid-run_nicme_v3_hybrid_pretty_a0p07_l0p07_lr5e5_s42/checkpoint-48/preprocessor_config.json
{'loss': '2.312', 'grad_norm': '44.75', 'learning_rate': '4.712e-05', 'epoch': '3.131'}
{'loss': '1.662', 'grad_norm': '67.08', 'learning_rate': '4.997e-05', 'epoch': '3.787'}
{'eval_loss': '0.3164', 'eval_accuracy': '0.9032', 'eval_f1': '0.8979', 'eval_balanced_accuracy': '0.9032', 'eval_macro_f1': '0.8979', 'eval_atc': '0.4645', 'eval_normalized_atc': '0.04645', 'eval_target_recall': '0.4516', 'eval_target_recall_macro': '0.7984', 'eval_target_fnr': '0.03226', 'eval_selection_score': '0.8507', 'eval_selection_accuracy_value': '0.9032', 'eval_nll': '0.3003', 'eval_brier': '0.1564', 'eval_ece': '0.09753', 'eval_auroc': '0', 'eval_auprc': '0', 'eval_runtime': '3.913', 'eval_samples_per_second': '79.22', 'eval_steps_per_second': '5.111', 'epoch': '4'}
CustomImageProcessor configuration saved to checkpoints/grid-run_nicme_v3_hybrid_pretty_a0p07_l0p07_lr5e5_s42/checkpoint-64/preprocessor_config.json
{'loss': '1.004', 'grad_norm': '27.08', 'learning_rate': '4.983e-05', 'epoch': '4.393'}
{'loss': '0.8365', 'grad_norm': '13.6', 'learning_rate': '4.958e-05', 'epoch': '5'}
{'eval_loss': '0.1749', 'eval_accuracy': '0.9613', 'eval_f1': '0.9611', 'eval_balanced_accuracy': '0.9613', 'eval_macro_f1': '0.9611', 'eval_atc': '0.06774', 'eval_normalized_atc': '0.006774', 'eval_target_recall': '0.8065', 'eval_target_recall_macro': '0.9435', 'eval_target_fnr': '0', 'eval_selection_score': '0.04178', 'eval_selection_accuracy_value': '0.9613', 'eval_nll': '0.1694', 'eval_brier': '0.07668', 'eval_ece': '0.07133', 'eval_auroc': '0', 'eval_auprc': '0', 'eval_runtime': '3.883', 'eval_samples_per_second': '79.83', 'eval_steps_per_second': '5.151', 'epoch': '5'}
CustomImageProcessor configuration saved to checkpoints/grid-run_nicme_v3_hybrid_pretty_a0p07_l0p07_lr5e5_s42/checkpoint-80/preprocessor_config.json
{'loss': '0.6407', 'grad_norm': '12.08', 'learning_rate': '4.921e-05', 'epoch': '5.656'}
{'eval_loss': '0.1873', 'eval_accuracy': '0.9419', 'eval_f1': '0.9418', 'eval_balanced_accuracy': '0.9419', 'eval_macro_f1': '0.9418', 'eval_atc': '0.1613', 'eval_normalized_atc': '0.01613', 'eval_target_recall': '0.9032', 'eval_target_recall_macro': '0.9435', 'eval_target_fnr': '0', 'eval_selection_score': '0.01613', 'eval_selection_accuracy_value': '0.9419', 'eval_nll': '0.1781', 'eval_brier': '0.09059', 'eval_ece': '0.04761', 'eval_auroc': '0', 'eval_auprc': '0', 'eval_runtime': '3.957', 'eval_samples_per_second': '78.33', 'eval_steps_per_second': '5.054', 'epoch': '6'}
CustomImageProcessor configuration saved to checkpoints/grid-run_nicme_v3_hybrid_pretty_a0p07_l0p07_lr5e5_s42/checkpoint-96/preprocessor_config.json
{'loss': '0.49', 'grad_norm': '47.58', 'learning_rate': '4.872e-05', 'epoch': '6.262'}
{'loss': '0.3303', 'grad_norm': '30.12', 'learning_rate': '4.813e-05', 'epoch': '6.918'}
{'eval_loss': '0.1637', 'eval_accuracy': '0.9387', 'eval_f1': '0.9371', 'eval_balanced_accuracy': '0.9387', 'eval_macro_f1': '0.9371', 'eval_atc': '0.1484', 'eval_normalized_atc': '0.01484', 'eval_target_recall': '0.7097', 'eval_target_recall_macro': '0.9113', 'eval_target_fnr': '0', 'eval_selection_score': '0.1597', 'eval_selection_accuracy_value': '0.9387', 'eval_nll': '0.1601', 'eval_brier': '0.08624', 'eval_ece': '0.02583', 'eval_auroc': '0', 'eval_auprc': '0', 'eval_runtime': '3.653', 'eval_samples_per_second': '84.86', 'eval_steps_per_second': '5.475', 'epoch': '7'}
CustomImageProcessor configuration saved to checkpoints/grid-run_nicme_v3_hybrid_pretty_a0p07_l0p07_lr5e5_s42/checkpoint-112/preprocessor_config.json
{'loss': '0.1798', 'grad_norm': '5.81', 'learning_rate': '4.743e-05', 'epoch': '7.525'}
{'eval_loss': '0.09214', 'eval_accuracy': '0.9742', 'eval_f1': '0.9738', 'eval_balanced_accuracy': '0.9742', 'eval_macro_f1': '0.9738', 'eval_atc': '0.08387', 'eval_normalized_atc': '0.008387', 'eval_target_recall': '0.8387', 'eval_target_recall_macro': '0.9516', 'eval_target_fnr': '0', 'eval_selection_score': '0.02341', 'eval_selection_accuracy_value': '0.9742', 'eval_nll': '0.08954', 'eval_brier': '0.04433', 'eval_ece': '0.02425', 'eval_auroc': '0', 'eval_auprc': '0', 'eval_runtime': '3.978', 'eval_samples_per_second': '77.92', 'eval_steps_per_second': '5.027', 'epoch': '8'}
CustomImageProcessor configuration saved to checkpoints/grid-run_nicme_v3_hybrid_pretty_a0p07_l0p07_lr5e5_s42/checkpoint-128/preprocessor_config.json
{'loss': '0.1699', 'grad_norm': '15.49', 'learning_rate': '4.662e-05', 'epoch': '8.131'}
{'loss': '0.1546', 'grad_norm': '31.83', 'learning_rate': '4.572e-05', 'epoch': '8.787'}
{'eval_loss': '0.1257', 'eval_accuracy': '0.9484', 'eval_f1': '0.9475', 'eval_balanced_accuracy': '0.9484', 'eval_macro_f1': '0.9475', 'eval_atc': '0.05161', 'eval_normalized_atc': '0.005161', 'eval_target_recall': '0.9355', 'eval_target_recall_macro': '0.9839', 'eval_target_fnr': '0', 'eval_selection_score': '0.005161', 'eval_selection_accuracy_value': '0.9484', 'eval_nll': '0.1244', 'eval_brier': '0.07142', 'eval_ece': '0.02184', 'eval_auroc': '0', 'eval_auprc': '0', 'eval_runtime': '3.899', 'eval_samples_per_second': '79.51', 'eval_steps_per_second': '5.13', 'epoch': '9'}
CustomImageProcessor configuration saved to checkpoints/grid-run_nicme_v3_hybrid_pretty_a0p07_l0p07_lr5e5_s42/checkpoint-144/preprocessor_config.json
{'loss': '0.2382', 'grad_norm': '19.69', 'learning_rate': '4.471e-05', 'epoch': '9.393'}
{'loss': '0.27', 'grad_norm': '8.141', 'learning_rate': '4.362e-05', 'epoch': '10'}
{'eval_loss': '0.06893', 'eval_accuracy': '0.9742', 'eval_f1': '0.9741', 'eval_balanced_accuracy': '0.9742', 'eval_macro_f1': '0.9741', 'eval_atc': '0.02581', 'eval_normalized_atc': '0.002581', 'eval_target_recall': '0.9355', 'eval_target_recall_macro': '0.9839', 'eval_target_fnr': '0', 'eval_selection_score': '0.002581', 'eval_selection_accuracy_value': '0.9742', 'eval_nll': '0.06764', 'eval_brier': '0.0358', 'eval_ece': '0.02131', 'eval_auroc': '0', 'eval_auprc': '0', 'eval_runtime': '3.741', 'eval_samples_per_second': '82.87', 'eval_steps_per_second': '5.347', 'epoch': '10'}
CustomImageProcessor configuration saved to checkpoints/grid-run_nicme_v3_hybrid_pretty_a0p07_l0p07_lr5e5_s42/checkpoint-160/preprocessor_config.json
{'loss': '0.1082', 'grad_norm': '24.27', 'learning_rate': '4.243e-05', 'epoch': '10.66'}
{'eval_loss': '0.06159', 'eval_accuracy': '0.9742', 'eval_f1': '0.9743', 'eval_balanced_accuracy': '0.9742', 'eval_macro_f1': '0.9743', 'eval_atc': '0.02581', 'eval_normalized_atc': '0.002581', 'eval_target_recall': '0.9032', 'eval_target_recall_macro': '0.9758', 'eval_target_fnr': '0', 'eval_selection_score': '0.002581', 'eval_selection_accuracy_value': '0.9742', 'eval_nll': '0.05953', 'eval_brier': '0.03414', 'eval_ece': '0.01794', 'eval_auroc': '0', 'eval_auprc': '0', 'eval_runtime': '3.532', 'eval_samples_per_second': '87.78', 'eval_steps_per_second': '5.663', 'epoch': '11'}
CustomImageProcessor configuration saved to checkpoints/grid-run_nicme_v3_hybrid_pretty_a0p07_l0p07_lr5e5_s42/checkpoint-176/preprocessor_config.json
{'loss': '0.07676', 'grad_norm': '13.12', 'learning_rate': '4.117e-05', 'epoch': '11.26'}
{'loss': '0.05872', 'grad_norm': '11.79', 'learning_rate': '3.983e-05', 'epoch': '11.92'}
{'eval_loss': '0.06139', 'eval_accuracy': '0.9774', 'eval_f1': '0.9776', 'eval_balanced_accuracy': '0.9774', 'eval_macro_f1': '0.9776', 'eval_atc': '0.02258', 'eval_normalized_atc': '0.002258', 'eval_target_recall': '0.9032', 'eval_target_recall_macro': '0.9677', 'eval_target_fnr': '0', 'eval_selection_score': '0.002258', 'eval_selection_accuracy_value': '0.9774', 'eval_nll': '0.06049', 'eval_brier': '0.03569', 'eval_ece': '0.01827', 'eval_auroc': '0', 'eval_auprc': '0', 'eval_runtime': '3.937', 'eval_samples_per_second': '78.74', 'eval_steps_per_second': '5.08', 'epoch': '12'}
CustomImageProcessor configuration saved to checkpoints/grid-run_nicme_v3_hybrid_pretty_a0p07_l0p07_lr5e5_s42/checkpoint-192/preprocessor_config.json
{'loss': '0.04611', 'grad_norm': '15.53', 'learning_rate': '3.842e-05', 'epoch': '12.52'}
{'eval_loss': '0.08884', 'eval_accuracy': '0.9742', 'eval_f1': '0.9741', 'eval_balanced_accuracy': '0.9742', 'eval_macro_f1': '0.9741', 'eval_atc': '0.02581', 'eval_normalized_atc': '0.002581', 'eval_target_recall': '0.9677', 'eval_target_recall_macro': '0.9919', 'eval_target_fnr': '0', 'eval_selection_score': '0.002581', 'eval_selection_accuracy_value': '0.9742', 'eval_nll': '0.08814', 'eval_brier': '0.04585', 'eval_ece': '0.01939', 'eval_auroc': '0', 'eval_auprc': '0', 'eval_runtime': '3.977', 'eval_samples_per_second': '77.94', 'eval_steps_per_second': '5.029', 'epoch': '13'}
CustomImageProcessor configuration saved to checkpoints/grid-run_nicme_v3_hybrid_pretty_a0p07_l0p07_lr5e5_s42/checkpoint-208/preprocessor_config.json
{'loss': '0.03053', 'grad_norm': '1.14', 'learning_rate': '3.695e-05', 'epoch': '13.13'}
{'loss': '0.03906', 'grad_norm': '4.354', 'learning_rate': '3.543e-05', 'epoch': '13.79'}
{'eval_loss': '0.06522', 'eval_accuracy': '0.9806', 'eval_f1': '0.9806', 'eval_balanced_accuracy': '0.9806', 'eval_macro_f1': '0.9806', 'eval_atc': '0.01935', 'eval_normalized_atc': '0.001935', 'eval_target_recall': '0.9032', 'eval_target_recall_macro': '0.9758', 'eval_target_fnr': '0', 'eval_selection_score': '0.001935', 'eval_selection_accuracy_value': '0.9806', 'eval_nll': '0.06477', 'eval_brier': '0.0336', 'eval_ece': '0.01762', 'eval_auroc': '0', 'eval_auprc': '0', 'eval_runtime': '3.971', 'eval_samples_per_second': '78.07', 'eval_steps_per_second': '5.037', 'epoch': '14'}
CustomImageProcessor configuration saved to checkpoints/grid-run_nicme_v3_hybrid_pretty_a0p07_l0p07_lr5e5_s42/checkpoint-224/preprocessor_config.json
{'loss': '0.05503', 'grad_norm': '10.56', 'learning_rate': '3.385e-05', 'epoch': '14.39'}
{'loss': '0.03362', 'grad_norm': '2.492', 'learning_rate': '3.224e-05', 'epoch': '15'}
{'eval_loss': '0.129', 'eval_accuracy': '0.9613', 'eval_f1': '0.9599', 'eval_balanced_accuracy': '0.9613', 'eval_macro_f1': '0.9599', 'eval_atc': '0.06774', 'eval_normalized_atc': '0.006774', 'eval_target_recall': '0.7097', 'eval_target_recall_macro': '0.9274', 'eval_target_fnr': '0', 'eval_selection_score': '0.1517', 'eval_selection_accuracy_value': '0.9613', 'eval_nll': '0.1276', 'eval_brier': '0.06199', 'eval_ece': '0.02853', 'eval_auroc': '0', 'eval_auprc': '0', 'eval_runtime': '4.14', 'eval_samples_per_second': '74.89', 'eval_steps_per_second': '4.831', 'epoch': '15'}
CustomImageProcessor configuration saved to checkpoints/grid-run_nicme_v3_hybrid_pretty_a0p07_l0p07_lr5e5_s42/checkpoint-240/preprocessor_config.json
{'loss': '0.1789', 'grad_norm': '1.347', 'learning_rate': '3.059e-05', 'epoch': '15.66'}
{'eval_loss': '0.02164', 'eval_accuracy': '0.9935', 'eval_f1': '0.9935', 'eval_balanced_accuracy': '0.9935', 'eval_macro_f1': '0.9935', 'eval_atc': '0.02903', 'eval_normalized_atc': '0.002903', 'eval_target_recall': '0.9677', 'eval_target_recall_macro': '0.9839', 'eval_target_fnr': '0', 'eval_selection_score': '0.002903', 'eval_selection_accuracy_value': '0.9935', 'eval_nll': '0.0202', 'eval_brier': '0.01141', 'eval_ece': '0.008296', 'eval_auroc': '0', 'eval_auprc': '0', 'eval_runtime': '4.003', 'eval_samples_per_second': '77.43', 'eval_steps_per_second': '4.996', 'epoch': '16'}
CustomImageProcessor configuration saved to checkpoints/grid-run_nicme_v3_hybrid_pretty_a0p07_l0p07_lr5e5_s42/checkpoint-256/preprocessor_config.json
{'loss': '0.04406', 'grad_norm': '2.783', 'learning_rate': '2.891e-05', 'epoch': '16.26'}
{'loss': '0.02047', 'grad_norm': '0.2833', 'learning_rate': '2.722e-05', 'epoch': '16.92'}
{'eval_loss': '0.07096', 'eval_accuracy': '0.971', 'eval_f1': '0.9705', 'eval_balanced_accuracy': '0.971', 'eval_macro_f1': '0.9705', 'eval_atc': '0.02903', 'eval_normalized_atc': '0.002903', 'eval_target_recall': '0.9677', 'eval_target_recall_macro': '0.9919', 'eval_target_fnr': '0', 'eval_selection_score': '0.002903', 'eval_selection_accuracy_value': '0.971', 'eval_nll': '0.07037', 'eval_brier': '0.03816', 'eval_ece': '0.02119', 'eval_auroc': '0', 'eval_auprc': '0', 'eval_runtime': '3.766', 'eval_samples_per_second': '82.32', 'eval_steps_per_second': '5.311', 'epoch': '17'}
CustomImageProcessor configuration saved to checkpoints/grid-run_nicme_v3_hybrid_pretty_a0p07_l0p07_lr5e5_s42/checkpoint-272/preprocessor_config.json
{'loss': '0.03318', 'grad_norm': '0.3599', 'learning_rate': '2.551e-05', 'epoch': '17.52'}
{'eval_loss': '0.02599', 'eval_accuracy': '0.9903', 'eval_f1': '0.9903', 'eval_balanced_accuracy': '0.9903', 'eval_macro_f1': '0.9903', 'eval_atc': '0.009677', 'eval_normalized_atc': '0.0009677', 'eval_target_recall': '0.9355', 'eval_target_recall_macro': '0.9839', 'eval_target_fnr': '0', 'eval_selection_score': '0.0009677', 'eval_selection_accuracy_value': '0.9903', 'eval_nll': '0.02521', 'eval_brier': '0.01455', 'eval_ece': '0.008132', 'eval_auroc': '0', 'eval_auprc': '0', 'eval_runtime': '3.652', 'eval_samples_per_second': '84.89', 'eval_steps_per_second': '5.477', 'epoch': '18'}
CustomImageProcessor configuration saved to checkpoints/grid-run_nicme_v3_hybrid_pretty_a0p07_l0p07_lr5e5_s42/checkpoint-288/preprocessor_config.json
{'train_runtime': '282.4', 'train_samples_per_second': '109.9', 'train_steps_per_second': '1.813', 'train_loss': '1.229', 'epoch': '18'}
***** train metrics *****
  epoch                    =       18.0
  total_flos               =        0GF
  train_loss               =      1.229
  train_runtime            = 0:04:42.35
  train_samples_per_second =    109.934
  train_steps_per_second   =      1.813
Using device: cuda

============================================================
PERFORMING COMPREHENSIVE EVALUATION
============================================================
Results will be saved to: results/pmi10_sota_convnext_base_test/grid-run_nicme_v3_hybrid_pretty_a0p07_l0p07_lr5e5_s42_05-03_03-15
Saving run configuration...
Run configuration saved to: results/pmi10_sota_convnext_base_test/grid-run_nicme_v3_hybrid_pretty_a0p07_l0p07_lr5e5_s42_05-03_03-15/run_configuration_20260503_031522.json
Running model evaluation...
Computing detailed metrics...
Saving metrics to files...
Metrics saved to: results/pmi10_sota_convnext_base_test/grid-run_nicme_v3_hybrid_pretty_a0p07_l0p07_lr5e5_s42_05-03_03-15/metrics_20260503_031530_nicme_v3_hybrid.json and results/pmi10_sota_convnext_base_test/grid-run_nicme_v3_hybrid_pretty_a0p07_l0p07_lr5e5_s42_05-03_03-15/metrics_20260503_031530_nicme_v3_hybrid.txt
Using provided class names: ['00378-0208', '00378-3855', '00591-0461', '16729-0020', '50111-0434', '53489-0156', '53746-0544', '62037-0831', '68382-0008', '68382-0227']
Skipping confusion matrix visualizations by configuration.

============================================================
TRAINING COMPLETED - RESULTS SUMMARY
============================================================
Output Directory: results/pmi10_sota_convnext_base_test/grid-run_nicme_v3_hybrid_pretty_a0p07_l0p07_lr5e5_s42_05-03_03-15
Overall Accuracy: 0.9563
Balanced Accuracy: 0.9563
Overall F1 Score: 0.9562
Kappa: 0.9514
AUC: 0.9994
Expected Cost: 0.1000
Loss Function Used: nicme_v3_hybrid
Total Test Samples: 320
Classes: 00378-0208, 00378-3855, 00591-0461, 16729-0020, 50111-0434, 53489-0156, 53746-0544, 62037-0831, 68382-0008, 68382-0227

Detailed metrics saved to: results/pmi10_sota_convnext_base_test/grid-run_nicme_v3_hybrid_pretty_a0p07_l0p07_lr5e5_s42_05-03_03-15
============================================================
