Prepared manifest loaded — Train=970, Val=310, Calibration=0, Test=320
cuda
Using model backend=timm type=pmi10_sota_convnext_base with 10 labels
Early stopping enabled with patience=5
Using device: cuda
{'loss': '9.334', 'grad_norm': '17.21', 'learning_rate': '8.654e-06', 'epoch': '0.6557'}
{'eval_loss': '1.99', 'eval_accuracy': '0.5032', 'eval_f1': '0.4815', 'eval_balanced_accuracy': '0.5032', 'eval_macro_f1': '0.4815', 'eval_atc': '1.187', 'eval_normalized_atc': '0.1187', 'eval_target_recall': '0.3226', 'eval_target_recall_macro': '0.5', 'eval_target_fnr': '0.5161', 'eval_selection_score': '1.54', 'eval_selection_accuracy_value': '0.5032', 'eval_nll': '1.975', 'eval_brier': '0.8183', 'eval_ece': '0.3421', 'eval_auroc': '0', 'eval_auprc': '0', 'eval_runtime': '4.498', 'eval_samples_per_second': '68.91', 'eval_steps_per_second': '4.446', 'epoch': '1'}
CustomImageProcessor configuration saved to checkpoints/grid-run_nicme_v3_hybrid_pretty_a0p08_l0p09_lr5e5_s42/checkpoint-16/preprocessor_config.json
{'loss': '7.535', 'grad_norm': '20.79', 'learning_rate': '1.827e-05', 'epoch': '1.262'}
{'loss': '6.054', 'grad_norm': '21.57', 'learning_rate': '2.788e-05', 'epoch': '1.918'}
{'eval_loss': '1.118', 'eval_accuracy': '0.6839', 'eval_f1': '0.67', 'eval_balanced_accuracy': '0.6839', 'eval_macro_f1': '0.67', 'eval_atc': '0.771', 'eval_normalized_atc': '0.0771', 'eval_target_recall': '0.4839', 'eval_target_recall_macro': '0.7177', 'eval_target_fnr': '0.1613', 'eval_selection_score': '0.7832', 'eval_selection_accuracy_value': '0.6839', 'eval_nll': '1.093', 'eval_brier': '0.53', 'eval_ece': '0.2719', 'eval_auroc': '0', 'eval_auprc': '0', 'eval_runtime': '4.264', 'eval_samples_per_second': '72.7', 'eval_steps_per_second': '4.691', 'epoch': '2'}
CustomImageProcessor configuration saved to checkpoints/grid-run_nicme_v3_hybrid_pretty_a0p08_l0p09_lr5e5_s42/checkpoint-32/preprocessor_config.json
{'loss': '3.498', 'grad_norm': '19.13', 'learning_rate': '3.75e-05', 'epoch': '2.525'}
{'eval_loss': '0.6144', 'eval_accuracy': '0.7452', 'eval_f1': '0.7145', 'eval_balanced_accuracy': '0.7452', 'eval_macro_f1': '0.7145', 'eval_atc': '0.5452', 'eval_normalized_atc': '0.05452', 'eval_target_recall': '0.7419', 'eval_target_recall_macro': '0.879', 'eval_target_fnr': '0', 'eval_selection_score': '0.1575', 'eval_selection_accuracy_value': '0.7452', 'eval_nll': '0.5918', 'eval_brier': '0.3359', 'eval_ece': '0.06475', 'eval_auroc': '0', 'eval_auprc': '0', 'eval_runtime': '3.557', 'eval_samples_per_second': '87.16', 'eval_steps_per_second': '5.623', 'epoch': '3'}
CustomImageProcessor configuration saved to checkpoints/grid-run_nicme_v3_hybrid_pretty_a0p08_l0p09_lr5e5_s42/checkpoint-48/preprocessor_config.json
{'loss': '2.327', 'grad_norm': '44.71', 'learning_rate': '4.712e-05', 'epoch': '3.131'}
{'loss': '1.674', 'grad_norm': '68.61', 'learning_rate': '4.997e-05', 'epoch': '3.787'}
{'eval_loss': '0.3205', 'eval_accuracy': '0.9032', 'eval_f1': '0.898', 'eval_balanced_accuracy': '0.9032', 'eval_macro_f1': '0.898', 'eval_atc': '0.4645', 'eval_normalized_atc': '0.04645', 'eval_target_recall': '0.4516', 'eval_target_recall_macro': '0.7984', 'eval_target_fnr': '0.03226', 'eval_selection_score': '0.8507', 'eval_selection_accuracy_value': '0.9032', 'eval_nll': '0.3012', 'eval_brier': '0.1569', 'eval_ece': '0.09788', 'eval_auroc': '0', 'eval_auprc': '0', 'eval_runtime': '3.837', 'eval_samples_per_second': '80.79', 'eval_steps_per_second': '5.212', 'epoch': '4'}
CustomImageProcessor configuration saved to checkpoints/grid-run_nicme_v3_hybrid_pretty_a0p08_l0p09_lr5e5_s42/checkpoint-64/preprocessor_config.json
{'loss': '1.019', 'grad_norm': '27.63', 'learning_rate': '4.983e-05', 'epoch': '4.393'}
{'loss': '0.8487', 'grad_norm': '13.7', 'learning_rate': '4.958e-05', 'epoch': '5'}
{'eval_loss': '0.1787', 'eval_accuracy': '0.9613', 'eval_f1': '0.9611', 'eval_balanced_accuracy': '0.9613', 'eval_macro_f1': '0.9611', 'eval_atc': '0.06774', 'eval_normalized_atc': '0.006774', 'eval_target_recall': '0.8065', 'eval_target_recall_macro': '0.9435', 'eval_target_fnr': '0', 'eval_selection_score': '0.04178', 'eval_selection_accuracy_value': '0.9613', 'eval_nll': '0.1722', 'eval_brier': '0.0785', 'eval_ece': '0.07285', 'eval_auroc': '0', 'eval_auprc': '0', 'eval_runtime': '4.074', 'eval_samples_per_second': '76.09', 'eval_steps_per_second': '4.909', 'epoch': '5'}
CustomImageProcessor configuration saved to checkpoints/grid-run_nicme_v3_hybrid_pretty_a0p08_l0p09_lr5e5_s42/checkpoint-80/preprocessor_config.json
{'loss': '0.6458', 'grad_norm': '12.01', 'learning_rate': '4.921e-05', 'epoch': '5.656'}
{'eval_loss': '0.1875', 'eval_accuracy': '0.9452', 'eval_f1': '0.945', 'eval_balanced_accuracy': '0.9452', 'eval_macro_f1': '0.945', 'eval_atc': '0.1581', 'eval_normalized_atc': '0.01581', 'eval_target_recall': '0.9032', 'eval_target_recall_macro': '0.9435', 'eval_target_fnr': '0', 'eval_selection_score': '0.01581', 'eval_selection_accuracy_value': '0.9452', 'eval_nll': '0.1766', 'eval_brier': '0.08969', 'eval_ece': '0.04782', 'eval_auroc': '0', 'eval_auprc': '0', 'eval_runtime': '3.861', 'eval_samples_per_second': '80.3', 'eval_steps_per_second': '5.18', 'epoch': '6'}
CustomImageProcessor configuration saved to checkpoints/grid-run_nicme_v3_hybrid_pretty_a0p08_l0p09_lr5e5_s42/checkpoint-96/preprocessor_config.json
{'loss': '0.4936', 'grad_norm': '47.92', 'learning_rate': '4.872e-05', 'epoch': '6.262'}
{'loss': '0.3345', 'grad_norm': '31.01', 'learning_rate': '4.813e-05', 'epoch': '6.918'}
{'eval_loss': '0.1662', 'eval_accuracy': '0.9419', 'eval_f1': '0.9402', 'eval_balanced_accuracy': '0.9419', 'eval_macro_f1': '0.9402', 'eval_atc': '0.1161', 'eval_normalized_atc': '0.01161', 'eval_target_recall': '0.7097', 'eval_target_recall_macro': '0.9194', 'eval_target_fnr': '0', 'eval_selection_score': '0.1565', 'eval_selection_accuracy_value': '0.9419', 'eval_nll': '0.162', 'eval_brier': '0.08749', 'eval_ece': '0.02986', 'eval_auroc': '0', 'eval_auprc': '0', 'eval_runtime': '3.876', 'eval_samples_per_second': '79.97', 'eval_steps_per_second': '5.16', 'epoch': '7'}
CustomImageProcessor configuration saved to checkpoints/grid-run_nicme_v3_hybrid_pretty_a0p08_l0p09_lr5e5_s42/checkpoint-112/preprocessor_config.json
{'loss': '0.1831', 'grad_norm': '5.986', 'learning_rate': '4.743e-05', 'epoch': '7.525'}
{'eval_loss': '0.0949', 'eval_accuracy': '0.971', 'eval_f1': '0.9706', 'eval_balanced_accuracy': '0.971', 'eval_macro_f1': '0.9706', 'eval_atc': '0.0871', 'eval_normalized_atc': '0.00871', 'eval_target_recall': '0.8387', 'eval_target_recall_macro': '0.9516', 'eval_target_fnr': '0', 'eval_selection_score': '0.02374', 'eval_selection_accuracy_value': '0.971', 'eval_nll': '0.09196', 'eval_brier': '0.04613', 'eval_ece': '0.02062', 'eval_auroc': '0', 'eval_auprc': '0', 'eval_runtime': '4.016', 'eval_samples_per_second': '77.19', 'eval_steps_per_second': '4.98', 'epoch': '8'}
CustomImageProcessor configuration saved to checkpoints/grid-run_nicme_v3_hybrid_pretty_a0p08_l0p09_lr5e5_s42/checkpoint-128/preprocessor_config.json
{'loss': '0.1703', 'grad_norm': '14.38', 'learning_rate': '4.662e-05', 'epoch': '8.131'}
{'loss': '0.1539', 'grad_norm': '31.98', 'learning_rate': '4.572e-05', 'epoch': '8.787'}
{'eval_loss': '0.1892', 'eval_accuracy': '0.929', 'eval_f1': '0.9258', 'eval_balanced_accuracy': '0.929', 'eval_macro_f1': '0.9258', 'eval_atc': '0.07097', 'eval_normalized_atc': '0.007097', 'eval_target_recall': '0.9355', 'eval_target_recall_macro': '0.9839', 'eval_target_fnr': '0', 'eval_selection_score': '0.007097', 'eval_selection_accuracy_value': '0.929', 'eval_nll': '0.1876', 'eval_brier': '0.1073', 'eval_ece': '0.03834', 'eval_auroc': '0', 'eval_auprc': '0', 'eval_runtime': '3.54', 'eval_samples_per_second': '87.58', 'eval_steps_per_second': '5.65', 'epoch': '9'}
CustomImageProcessor configuration saved to checkpoints/grid-run_nicme_v3_hybrid_pretty_a0p08_l0p09_lr5e5_s42/checkpoint-144/preprocessor_config.json
{'loss': '0.2237', 'grad_norm': '15.73', 'learning_rate': '4.471e-05', 'epoch': '9.393'}
{'loss': '0.2943', 'grad_norm': '9.923', 'learning_rate': '4.362e-05', 'epoch': '10'}
{'eval_loss': '0.0574', 'eval_accuracy': '0.9839', 'eval_f1': '0.9838', 'eval_balanced_accuracy': '0.9839', 'eval_macro_f1': '0.9838', 'eval_atc': '0.07419', 'eval_normalized_atc': '0.007419', 'eval_target_recall': '0.9032', 'eval_target_recall_macro': '0.9677', 'eval_target_fnr': '0', 'eval_selection_score': '0.007419', 'eval_selection_accuracy_value': '0.9839', 'eval_nll': '0.05569', 'eval_brier': '0.02494', 'eval_ece': '0.01995', 'eval_auroc': '0', 'eval_auprc': '0', 'eval_runtime': '3.742', 'eval_samples_per_second': '82.84', 'eval_steps_per_second': '5.344', 'epoch': '10'}
CustomImageProcessor configuration saved to checkpoints/grid-run_nicme_v3_hybrid_pretty_a0p08_l0p09_lr5e5_s42/checkpoint-160/preprocessor_config.json
{'loss': '0.1231', 'grad_norm': '30.07', 'learning_rate': '4.243e-05', 'epoch': '10.66'}
{'eval_loss': '0.08866', 'eval_accuracy': '0.9677', 'eval_f1': '0.9683', 'eval_balanced_accuracy': '0.9677', 'eval_macro_f1': '0.9683', 'eval_atc': '0.03226', 'eval_normalized_atc': '0.003226', 'eval_target_recall': '0.9032', 'eval_target_recall_macro': '0.9677', 'eval_target_fnr': '0', 'eval_selection_score': '0.003226', 'eval_selection_accuracy_value': '0.9677', 'eval_nll': '0.08766', 'eval_brier': '0.04854', 'eval_ece': '0.02335', 'eval_auroc': '0', 'eval_auprc': '0', 'eval_runtime': '4.154', 'eval_samples_per_second': '74.62', 'eval_steps_per_second': '4.814', 'epoch': '11'}
CustomImageProcessor configuration saved to checkpoints/grid-run_nicme_v3_hybrid_pretty_a0p08_l0p09_lr5e5_s42/checkpoint-176/preprocessor_config.json
{'loss': '0.07507', 'grad_norm': '5.352', 'learning_rate': '4.117e-05', 'epoch': '11.26'}
{'loss': '0.03001', 'grad_norm': '13.02', 'learning_rate': '3.983e-05', 'epoch': '11.92'}
{'eval_loss': '0.02992', 'eval_accuracy': '0.9903', 'eval_f1': '0.9903', 'eval_balanced_accuracy': '0.9903', 'eval_macro_f1': '0.9903', 'eval_atc': '0.009677', 'eval_normalized_atc': '0.0009677', 'eval_target_recall': '0.9355', 'eval_target_recall_macro': '0.9839', 'eval_target_fnr': '0', 'eval_selection_score': '0.0009677', 'eval_selection_accuracy_value': '0.9903', 'eval_nll': '0.02875', 'eval_brier': '0.0144', 'eval_ece': '0.01548', 'eval_auroc': '0', 'eval_auprc': '0', 'eval_runtime': '3.632', 'eval_samples_per_second': '85.36', 'eval_steps_per_second': '5.507', 'epoch': '12'}
CustomImageProcessor configuration saved to checkpoints/grid-run_nicme_v3_hybrid_pretty_a0p08_l0p09_lr5e5_s42/checkpoint-192/preprocessor_config.json
{'loss': '0.02643', 'grad_norm': '9.479', 'learning_rate': '3.842e-05', 'epoch': '12.52'}
{'eval_loss': '0.04085', 'eval_accuracy': '0.9871', 'eval_f1': '0.9871', 'eval_balanced_accuracy': '0.9871', 'eval_macro_f1': '0.9871', 'eval_atc': '0.0129', 'eval_normalized_atc': '0.00129', 'eval_target_recall': '0.9677', 'eval_target_recall_macro': '0.9919', 'eval_target_fnr': '0', 'eval_selection_score': '0.00129', 'eval_selection_accuracy_value': '0.9871', 'eval_nll': '0.03985', 'eval_brier': '0.02198', 'eval_ece': '0.008524', 'eval_auroc': '0', 'eval_auprc': '0', 'eval_runtime': '3.885', 'eval_samples_per_second': '79.79', 'eval_steps_per_second': '5.148', 'epoch': '13'}
CustomImageProcessor configuration saved to checkpoints/grid-run_nicme_v3_hybrid_pretty_a0p08_l0p09_lr5e5_s42/checkpoint-208/preprocessor_config.json
{'loss': '0.02369', 'grad_norm': '0.5895', 'learning_rate': '3.695e-05', 'epoch': '13.13'}
{'loss': '0.005886', 'grad_norm': '0.7933', 'learning_rate': '3.543e-05', 'epoch': '13.79'}
{'eval_loss': '0.06998', 'eval_accuracy': '0.9742', 'eval_f1': '0.9743', 'eval_balanced_accuracy': '0.9742', 'eval_macro_f1': '0.9743', 'eval_atc': '0.02581', 'eval_normalized_atc': '0.002581', 'eval_target_recall': '0.9355', 'eval_target_recall_macro': '0.9839', 'eval_target_fnr': '0', 'eval_selection_score': '0.002581', 'eval_selection_accuracy_value': '0.9742', 'eval_nll': '0.06895', 'eval_brier': '0.03988', 'eval_ece': '0.01395', 'eval_auroc': '0', 'eval_auprc': '0', 'eval_runtime': '3.587', 'eval_samples_per_second': '86.41', 'eval_steps_per_second': '5.575', 'epoch': '14'}
CustomImageProcessor configuration saved to checkpoints/grid-run_nicme_v3_hybrid_pretty_a0p08_l0p09_lr5e5_s42/checkpoint-224/preprocessor_config.json
{'loss': '0.04369', 'grad_norm': '77.11', 'learning_rate': '3.385e-05', 'epoch': '14.39'}
{'loss': '0.00742', 'grad_norm': '0.112', 'learning_rate': '3.224e-05', 'epoch': '15'}
{'eval_loss': '0.05443', 'eval_accuracy': '0.9839', 'eval_f1': '0.9837', 'eval_balanced_accuracy': '0.9839', 'eval_macro_f1': '0.9837', 'eval_atc': '0.01613', 'eval_normalized_atc': '0.001613', 'eval_target_recall': '0.9032', 'eval_target_recall_macro': '0.9758', 'eval_target_fnr': '0', 'eval_selection_score': '0.001613', 'eval_selection_accuracy_value': '0.9839', 'eval_nll': '0.054', 'eval_brier': '0.02184', 'eval_ece': '0.009381', 'eval_auroc': '0', 'eval_auprc': '0', 'eval_runtime': '3.833', 'eval_samples_per_second': '80.88', 'eval_steps_per_second': '5.218', 'epoch': '15'}
CustomImageProcessor configuration saved to checkpoints/grid-run_nicme_v3_hybrid_pretty_a0p08_l0p09_lr5e5_s42/checkpoint-240/preprocessor_config.json
{'loss': '0.05076', 'grad_norm': '0.2783', 'learning_rate': '3.059e-05', 'epoch': '15.66'}
{'eval_loss': '0.03021', 'eval_accuracy': '0.9903', 'eval_f1': '0.9903', 'eval_balanced_accuracy': '0.9903', 'eval_macro_f1': '0.9903', 'eval_atc': '0.009677', 'eval_normalized_atc': '0.0009677', 'eval_target_recall': '0.9355', 'eval_target_recall_macro': '0.9839', 'eval_target_fnr': '0', 'eval_selection_score': '0.0009677', 'eval_selection_accuracy_value': '0.9903', 'eval_nll': '0.03002', 'eval_brier': '0.0156', 'eval_ece': '0.007998', 'eval_auroc': '0', 'eval_auprc': '0', 'eval_runtime': '3.813', 'eval_samples_per_second': '81.29', 'eval_steps_per_second': '5.245', 'epoch': '16'}
CustomImageProcessor configuration saved to checkpoints/grid-run_nicme_v3_hybrid_pretty_a0p08_l0p09_lr5e5_s42/checkpoint-256/preprocessor_config.json
{'loss': '0.00357', 'grad_norm': '2.115', 'learning_rate': '2.891e-05', 'epoch': '16.26'}
{'loss': '0.001882', 'grad_norm': '5.221', 'learning_rate': '2.722e-05', 'epoch': '16.92'}
{'eval_loss': '0.03343', 'eval_accuracy': '0.9903', 'eval_f1': '0.9902', 'eval_balanced_accuracy': '0.9903', 'eval_macro_f1': '0.9902', 'eval_atc': '0.03871', 'eval_normalized_atc': '0.003871', 'eval_target_recall': '0.9032', 'eval_target_recall_macro': '0.9758', 'eval_target_fnr': '0', 'eval_selection_score': '0.003871', 'eval_selection_accuracy_value': '0.9903', 'eval_nll': '0.03246', 'eval_brier': '0.0156', 'eval_ece': '0.01021', 'eval_auroc': '0', 'eval_auprc': '0', 'eval_runtime': '3.584', 'eval_samples_per_second': '86.5', 'eval_steps_per_second': '5.581', 'epoch': '17'}
CustomImageProcessor configuration saved to checkpoints/grid-run_nicme_v3_hybrid_pretty_a0p08_l0p09_lr5e5_s42/checkpoint-272/preprocessor_config.json
{'loss': '0.001773', 'grad_norm': '0.11', 'learning_rate': '2.551e-05', 'epoch': '17.52'}
{'eval_loss': '0.02048', 'eval_accuracy': '0.9935', 'eval_f1': '0.9935', 'eval_balanced_accuracy': '0.9935', 'eval_macro_f1': '0.9935', 'eval_atc': '0.006452', 'eval_normalized_atc': '0.0006452', 'eval_target_recall': '0.9677', 'eval_target_recall_macro': '0.9919', 'eval_target_fnr': '0', 'eval_selection_score': '0.0006452', 'eval_selection_accuracy_value': '0.9935', 'eval_nll': '0.02032', 'eval_brier': '0.009693', 'eval_ece': '0.005721', 'eval_auroc': '0', 'eval_auprc': '0', 'eval_runtime': '4.095', 'eval_samples_per_second': '75.71', 'eval_steps_per_second': '4.884', 'epoch': '18'}
CustomImageProcessor configuration saved to checkpoints/grid-run_nicme_v3_hybrid_pretty_a0p08_l0p09_lr5e5_s42/checkpoint-288/preprocessor_config.json
{'train_runtime': '281.1', 'train_samples_per_second': '110.4', 'train_steps_per_second': '1.821', 'train_loss': '1.223', 'epoch': '18'}
***** train metrics *****
  epoch                    =       18.0
  total_flos               =        0GF
  train_loss               =     1.2227
  train_runtime            = 0:04:41.10
  train_samples_per_second =    110.421
  train_steps_per_second   =      1.821
Using device: cuda

============================================================
PERFORMING COMPREHENSIVE EVALUATION
============================================================
Results will be saved to: results/pmi10_sota_convnext_base_test/grid-run_nicme_v3_hybrid_pretty_a0p08_l0p09_lr5e5_s42_05-03_04-00
Saving run configuration...
Run configuration saved to: results/pmi10_sota_convnext_base_test/grid-run_nicme_v3_hybrid_pretty_a0p08_l0p09_lr5e5_s42_05-03_04-00/run_configuration_20260503_040003.json
Running model evaluation...
Computing detailed metrics...
Saving metrics to files...
Metrics saved to: results/pmi10_sota_convnext_base_test/grid-run_nicme_v3_hybrid_pretty_a0p08_l0p09_lr5e5_s42_05-03_04-00/metrics_20260503_040011_nicme_v3_hybrid.json and results/pmi10_sota_convnext_base_test/grid-run_nicme_v3_hybrid_pretty_a0p08_l0p09_lr5e5_s42_05-03_04-00/metrics_20260503_040011_nicme_v3_hybrid.txt
Using provided class names: ['00378-0208', '00378-3855', '00591-0461', '16729-0020', '50111-0434', '53489-0156', '53746-0544', '62037-0831', '68382-0008', '68382-0227']
Skipping confusion matrix visualizations by configuration.

============================================================
TRAINING COMPLETED - RESULTS SUMMARY
============================================================
Output Directory: results/pmi10_sota_convnext_base_test/grid-run_nicme_v3_hybrid_pretty_a0p08_l0p09_lr5e5_s42_05-03_04-00
Overall Accuracy: 0.9781
Balanced Accuracy: 0.9781
Overall F1 Score: 0.9783
Kappa: 0.9757
AUC: 0.9996
Expected Cost: 0.0719
Loss Function Used: nicme_v3_hybrid
Total Test Samples: 320
Classes: 00378-0208, 00378-3855, 00591-0461, 16729-0020, 50111-0434, 53489-0156, 53746-0544, 62037-0831, 68382-0008, 68382-0227

Detailed metrics saved to: results/pmi10_sota_convnext_base_test/grid-run_nicme_v3_hybrid_pretty_a0p08_l0p09_lr5e5_s42_05-03_04-00
============================================================
