Prepared manifest loaded — Train=970, Val=310, Calibration=0, Test=320
cuda
Using model backend=timm type=pmi10_sota_convnext_base with 10 labels
Early stopping enabled with patience=5
Using device: cuda
{'loss': '9.346', 'grad_norm': '17.21', 'learning_rate': '8.654e-06', 'epoch': '0.6557'}
{'eval_loss': '1.998', 'eval_accuracy': '0.5032', 'eval_f1': '0.482', 'eval_balanced_accuracy': '0.5032', 'eval_macro_f1': '0.482', 'eval_atc': '1.158', 'eval_normalized_atc': '0.1158', 'eval_target_recall': '0.2903', 'eval_target_recall_macro': '0.5', 'eval_target_fnr': '0.4839', 'eval_selection_score': '1.691', 'eval_selection_accuracy_value': '0.5032', 'eval_nll': '1.975', 'eval_brier': '0.8183', 'eval_ece': '0.3421', 'eval_auroc': '0', 'eval_auprc': '0', 'eval_runtime': '4.508', 'eval_samples_per_second': '68.77', 'eval_steps_per_second': '4.437', 'epoch': '1'}
CustomImageProcessor configuration saved to checkpoints/grid-run_nicme_v3_hybrid_pretty_a0p09_l0p2_lr5e5_s42/checkpoint-16/preprocessor_config.json
{'loss': '7.562', 'grad_norm': '20.82', 'learning_rate': '1.827e-05', 'epoch': '1.262'}
{'loss': '6.103', 'grad_norm': '21.53', 'learning_rate': '2.788e-05', 'epoch': '1.918'}
{'eval_loss': '1.134', 'eval_accuracy': '0.6935', 'eval_f1': '0.6802', 'eval_balanced_accuracy': '0.6935', 'eval_macro_f1': '0.6802', 'eval_atc': '0.7323', 'eval_normalized_atc': '0.07323', 'eval_target_recall': '0.4839', 'eval_target_recall_macro': '0.7258', 'eval_target_fnr': '0.129', 'eval_selection_score': '0.7772', 'eval_selection_accuracy_value': '0.6935', 'eval_nll': '1.094', 'eval_brier': '0.5304', 'eval_ece': '0.2819', 'eval_auroc': '0', 'eval_auprc': '0', 'eval_runtime': '3.982', 'eval_samples_per_second': '77.86', 'eval_steps_per_second': '5.023', 'epoch': '2'}
CustomImageProcessor configuration saved to checkpoints/grid-run_nicme_v3_hybrid_pretty_a0p09_l0p2_lr5e5_s42/checkpoint-32/preprocessor_config.json
{'loss': '3.556', 'grad_norm': '19.33', 'learning_rate': '3.75e-05', 'epoch': '2.525'}
{'eval_loss': '0.6273', 'eval_accuracy': '0.7387', 'eval_f1': '0.7065', 'eval_balanced_accuracy': '0.7387', 'eval_macro_f1': '0.7065', 'eval_atc': '0.5516', 'eval_normalized_atc': '0.05516', 'eval_target_recall': '0.7419', 'eval_target_recall_macro': '0.879', 'eval_target_fnr': '0', 'eval_selection_score': '0.1589', 'eval_selection_accuracy_value': '0.7387', 'eval_nll': '0.5933', 'eval_brier': '0.3363', 'eval_ece': '0.06915', 'eval_auroc': '0', 'eval_auprc': '0', 'eval_runtime': '4.154', 'eval_samples_per_second': '74.62', 'eval_steps_per_second': '4.814', 'epoch': '3'}
CustomImageProcessor configuration saved to checkpoints/grid-run_nicme_v3_hybrid_pretty_a0p09_l0p2_lr5e5_s42/checkpoint-48/preprocessor_config.json
{'loss': '2.379', 'grad_norm': '44.68', 'learning_rate': '4.712e-05', 'epoch': '3.131'}
{'loss': '1.711', 'grad_norm': '73.69', 'learning_rate': '4.997e-05', 'epoch': '3.787'}
{'eval_loss': '0.3337', 'eval_accuracy': '0.9065', 'eval_f1': '0.9019', 'eval_balanced_accuracy': '0.9065', 'eval_macro_f1': '0.9019', 'eval_atc': '0.4387', 'eval_normalized_atc': '0.04387', 'eval_target_recall': '0.4839', 'eval_target_recall_macro': '0.8065', 'eval_target_fnr': '0.03226', 'eval_selection_score': '0.7365', 'eval_selection_accuracy_value': '0.9065', 'eval_nll': '0.3048', 'eval_brier': '0.1588', 'eval_ece': '0.102', 'eval_auroc': '0', 'eval_auprc': '0', 'eval_runtime': '3.82', 'eval_samples_per_second': '81.16', 'eval_steps_per_second': '5.236', 'epoch': '4'}
CustomImageProcessor configuration saved to checkpoints/grid-run_nicme_v3_hybrid_pretty_a0p09_l0p2_lr5e5_s42/checkpoint-64/preprocessor_config.json
{'loss': '1.063', 'grad_norm': '29.36', 'learning_rate': '4.983e-05', 'epoch': '4.393'}
{'loss': '0.8833', 'grad_norm': '14.08', 'learning_rate': '4.958e-05', 'epoch': '5'}
{'eval_loss': '0.1916', 'eval_accuracy': '0.9548', 'eval_f1': '0.9549', 'eval_balanced_accuracy': '0.9548', 'eval_macro_f1': '0.9549', 'eval_atc': '0.07419', 'eval_normalized_atc': '0.007419', 'eval_target_recall': '0.8065', 'eval_target_recall_macro': '0.9435', 'eval_target_fnr': '0', 'eval_selection_score': '0.04242', 'eval_selection_accuracy_value': '0.9548', 'eval_nll': '0.1814', 'eval_brier': '0.08469', 'eval_ece': '0.07587', 'eval_auroc': '0', 'eval_auprc': '0', 'eval_runtime': '3.491', 'eval_samples_per_second': '88.8', 'eval_steps_per_second': '5.729', 'epoch': '5'}
CustomImageProcessor configuration saved to checkpoints/grid-run_nicme_v3_hybrid_pretty_a0p09_l0p2_lr5e5_s42/checkpoint-80/preprocessor_config.json
{'loss': '0.6633', 'grad_norm': '12.45', 'learning_rate': '4.921e-05', 'epoch': '5.656'}
{'eval_loss': '0.1886', 'eval_accuracy': '0.9484', 'eval_f1': '0.9481', 'eval_balanced_accuracy': '0.9484', 'eval_macro_f1': '0.9481', 'eval_atc': '0.1548', 'eval_normalized_atc': '0.01548', 'eval_target_recall': '0.9032', 'eval_target_recall_macro': '0.9435', 'eval_target_fnr': '0', 'eval_selection_score': '0.01548', 'eval_selection_accuracy_value': '0.9484', 'eval_nll': '0.1726', 'eval_brier': '0.08762', 'eval_ece': '0.05178', 'eval_auroc': '0', 'eval_auprc': '0', 'eval_runtime': '4.259', 'eval_samples_per_second': '72.78', 'eval_steps_per_second': '4.696', 'epoch': '6'}
CustomImageProcessor configuration saved to checkpoints/grid-run_nicme_v3_hybrid_pretty_a0p09_l0p2_lr5e5_s42/checkpoint-96/preprocessor_config.json
{'loss': '0.5073', 'grad_norm': '48.2', 'learning_rate': '4.872e-05', 'epoch': '6.262'}
{'loss': '0.3486', 'grad_norm': '33.68', 'learning_rate': '4.813e-05', 'epoch': '6.918'}
{'eval_loss': '0.1691', 'eval_accuracy': '0.9323', 'eval_f1': '0.9299', 'eval_balanced_accuracy': '0.9323', 'eval_macro_f1': '0.9299', 'eval_atc': '0.1258', 'eval_normalized_atc': '0.01258', 'eval_target_recall': '0.6452', 'eval_target_recall_macro': '0.9032', 'eval_target_fnr': '0', 'eval_selection_score': '0.2724', 'eval_selection_accuracy_value': '0.9323', 'eval_nll': '0.1628', 'eval_brier': '0.08785', 'eval_ece': '0.02323', 'eval_auroc': '0', 'eval_auprc': '0', 'eval_runtime': '3.848', 'eval_samples_per_second': '80.57', 'eval_steps_per_second': '5.198', 'epoch': '7'}
CustomImageProcessor configuration saved to checkpoints/grid-run_nicme_v3_hybrid_pretty_a0p09_l0p2_lr5e5_s42/checkpoint-112/preprocessor_config.json
{'loss': '0.1893', 'grad_norm': '6.114', 'learning_rate': '4.743e-05', 'epoch': '7.525'}
{'eval_loss': '0.09952', 'eval_accuracy': '0.971', 'eval_f1': '0.9706', 'eval_balanced_accuracy': '0.971', 'eval_macro_f1': '0.9706', 'eval_atc': '0.05806', 'eval_normalized_atc': '0.005806', 'eval_target_recall': '0.871', 'eval_target_recall_macro': '0.9677', 'eval_target_fnr': '0', 'eval_selection_score': '0.009178', 'eval_selection_accuracy_value': '0.971', 'eval_nll': '0.09544', 'eval_brier': '0.04868', 'eval_ece': '0.01818', 'eval_auroc': '0', 'eval_auprc': '0', 'eval_runtime': '4.115', 'eval_samples_per_second': '75.33', 'eval_steps_per_second': '4.86', 'epoch': '8'}
CustomImageProcessor configuration saved to checkpoints/grid-run_nicme_v3_hybrid_pretty_a0p09_l0p2_lr5e5_s42/checkpoint-128/preprocessor_config.json
{'loss': '0.1726', 'grad_norm': '11.48', 'learning_rate': '4.662e-05', 'epoch': '8.131'}
{'loss': '0.148', 'grad_norm': '33.44', 'learning_rate': '4.572e-05', 'epoch': '8.787'}
{'eval_loss': '0.126', 'eval_accuracy': '0.9452', 'eval_f1': '0.9438', 'eval_balanced_accuracy': '0.9452', 'eval_macro_f1': '0.9438', 'eval_atc': '0.05484', 'eval_normalized_atc': '0.005484', 'eval_target_recall': '0.9355', 'eval_target_recall_macro': '0.9839', 'eval_target_fnr': '0', 'eval_selection_score': '0.005484', 'eval_selection_accuracy_value': '0.9452', 'eval_nll': '0.1234', 'eval_brier': '0.07158', 'eval_ece': '0.03248', 'eval_auroc': '0', 'eval_auprc': '0', 'eval_runtime': '3.977', 'eval_samples_per_second': '77.95', 'eval_steps_per_second': '5.029', 'epoch': '9'}
CustomImageProcessor configuration saved to checkpoints/grid-run_nicme_v3_hybrid_pretty_a0p09_l0p2_lr5e5_s42/checkpoint-144/preprocessor_config.json
{'loss': '0.1568', 'grad_norm': '21.55', 'learning_rate': '4.471e-05', 'epoch': '9.393'}
{'loss': '0.1573', 'grad_norm': '5.04', 'learning_rate': '4.362e-05', 'epoch': '10'}
{'eval_loss': '0.04499', 'eval_accuracy': '0.9806', 'eval_f1': '0.9804', 'eval_balanced_accuracy': '0.9806', 'eval_macro_f1': '0.9804', 'eval_atc': '0.07742', 'eval_normalized_atc': '0.007742', 'eval_target_recall': '0.871', 'eval_target_recall_macro': '0.9597', 'eval_target_fnr': '0', 'eval_selection_score': '0.01111', 'eval_selection_accuracy_value': '0.9806', 'eval_nll': '0.0427', 'eval_brier': '0.0222', 'eval_ece': '0.01645', 'eval_auroc': '0', 'eval_auprc': '0', 'eval_runtime': '4.064', 'eval_samples_per_second': '76.27', 'eval_steps_per_second': '4.921', 'epoch': '10'}
CustomImageProcessor configuration saved to checkpoints/grid-run_nicme_v3_hybrid_pretty_a0p09_l0p2_lr5e5_s42/checkpoint-160/preprocessor_config.json
{'loss': '0.05342', 'grad_norm': '8.557', 'learning_rate': '4.243e-05', 'epoch': '10.66'}
{'eval_loss': '0.04409', 'eval_accuracy': '0.9871', 'eval_f1': '0.987', 'eval_balanced_accuracy': '0.9871', 'eval_macro_f1': '0.987', 'eval_atc': '0.0129', 'eval_normalized_atc': '0.00129', 'eval_target_recall': '0.9355', 'eval_target_recall_macro': '0.9839', 'eval_target_fnr': '0', 'eval_selection_score': '0.00129', 'eval_selection_accuracy_value': '0.9871', 'eval_nll': '0.04201', 'eval_brier': '0.02046', 'eval_ece': '0.01773', 'eval_auroc': '0', 'eval_auprc': '0', 'eval_runtime': '3.773', 'eval_samples_per_second': '82.16', 'eval_steps_per_second': '5.301', 'epoch': '11'}
CustomImageProcessor configuration saved to checkpoints/grid-run_nicme_v3_hybrid_pretty_a0p09_l0p2_lr5e5_s42/checkpoint-176/preprocessor_config.json
{'loss': '0.04747', 'grad_norm': '0.8667', 'learning_rate': '4.117e-05', 'epoch': '11.26'}
{'loss': '0.05818', 'grad_norm': '6.255', 'learning_rate': '3.983e-05', 'epoch': '11.92'}
{'eval_loss': '0.04636', 'eval_accuracy': '0.9903', 'eval_f1': '0.9903', 'eval_balanced_accuracy': '0.9903', 'eval_macro_f1': '0.9903', 'eval_atc': '0.009677', 'eval_normalized_atc': '0.0009677', 'eval_target_recall': '0.9355', 'eval_target_recall_macro': '0.9839', 'eval_target_fnr': '0', 'eval_selection_score': '0.0009677', 'eval_selection_accuracy_value': '0.9903', 'eval_nll': '0.04486', 'eval_brier': '0.02009', 'eval_ece': '0.01067', 'eval_auroc': '0', 'eval_auprc': '0', 'eval_runtime': '3.974', 'eval_samples_per_second': '78.01', 'eval_steps_per_second': '5.033', 'epoch': '12'}
CustomImageProcessor configuration saved to checkpoints/grid-run_nicme_v3_hybrid_pretty_a0p09_l0p2_lr5e5_s42/checkpoint-192/preprocessor_config.json
{'loss': '0.01262', 'grad_norm': '3.773', 'learning_rate': '3.842e-05', 'epoch': '12.52'}
{'eval_loss': '0.07843', 'eval_accuracy': '0.9742', 'eval_f1': '0.9743', 'eval_balanced_accuracy': '0.9742', 'eval_macro_f1': '0.9743', 'eval_atc': '0.1226', 'eval_normalized_atc': '0.01226', 'eval_target_recall': '0.9032', 'eval_target_recall_macro': '0.9516', 'eval_target_fnr': '0', 'eval_selection_score': '0.01226', 'eval_selection_accuracy_value': '0.9742', 'eval_nll': '0.07279', 'eval_brier': '0.0433', 'eval_ece': '0.01883', 'eval_auroc': '0', 'eval_auprc': '0', 'eval_runtime': '3.84', 'eval_samples_per_second': '80.74', 'eval_steps_per_second': '5.209', 'epoch': '13'}
CustomImageProcessor configuration saved to checkpoints/grid-run_nicme_v3_hybrid_pretty_a0p09_l0p2_lr5e5_s42/checkpoint-208/preprocessor_config.json
{'loss': '0.0249', 'grad_norm': '2.512', 'learning_rate': '3.695e-05', 'epoch': '13.13'}
{'loss': '0.06942', 'grad_norm': '47.74', 'learning_rate': '3.543e-05', 'epoch': '13.79'}
{'eval_loss': '0.02645', 'eval_accuracy': '0.9903', 'eval_f1': '0.9903', 'eval_balanced_accuracy': '0.9903', 'eval_macro_f1': '0.9903', 'eval_atc': '0.009677', 'eval_normalized_atc': '0.0009677', 'eval_target_recall': '0.9677', 'eval_target_recall_macro': '0.9919', 'eval_target_fnr': '0', 'eval_selection_score': '0.0009677', 'eval_selection_accuracy_value': '0.9903', 'eval_nll': '0.02574', 'eval_brier': '0.01446', 'eval_ece': '0.005985', 'eval_auroc': '0', 'eval_auprc': '0', 'eval_runtime': '3.911', 'eval_samples_per_second': '79.27', 'eval_steps_per_second': '5.114', 'epoch': '14'}
CustomImageProcessor configuration saved to checkpoints/grid-run_nicme_v3_hybrid_pretty_a0p09_l0p2_lr5e5_s42/checkpoint-224/preprocessor_config.json
{'loss': '0.05469', 'grad_norm': '93.79', 'learning_rate': '3.385e-05', 'epoch': '14.39'}
{'loss': '0.003993', 'grad_norm': '0.06051', 'learning_rate': '3.224e-05', 'epoch': '15'}
{'eval_loss': '0.1401', 'eval_accuracy': '0.9613', 'eval_f1': '0.9617', 'eval_balanced_accuracy': '0.9613', 'eval_macro_f1': '0.9617', 'eval_atc': '0.06774', 'eval_normalized_atc': '0.006774', 'eval_target_recall': '0.9355', 'eval_target_recall_macro': '0.9677', 'eval_target_fnr': '0', 'eval_selection_score': '0.006774', 'eval_selection_accuracy_value': '0.9613', 'eval_nll': '0.1376', 'eval_brier': '0.0671', 'eval_ece': '0.03227', 'eval_auroc': '0', 'eval_auprc': '0', 'eval_runtime': '4.018', 'eval_samples_per_second': '77.16', 'eval_steps_per_second': '4.978', 'epoch': '15'}
CustomImageProcessor configuration saved to checkpoints/grid-run_nicme_v3_hybrid_pretty_a0p09_l0p2_lr5e5_s42/checkpoint-240/preprocessor_config.json
{'loss': '0.07184', 'grad_norm': '41.95', 'learning_rate': '3.059e-05', 'epoch': '15.66'}
{'eval_loss': '0.07957', 'eval_accuracy': '0.971', 'eval_f1': '0.9706', 'eval_balanced_accuracy': '0.971', 'eval_macro_f1': '0.9706', 'eval_atc': '0.02903', 'eval_normalized_atc': '0.002903', 'eval_target_recall': '0.9355', 'eval_target_recall_macro': '0.9839', 'eval_target_fnr': '0', 'eval_selection_score': '0.002903', 'eval_selection_accuracy_value': '0.971', 'eval_nll': '0.07848', 'eval_brier': '0.04055', 'eval_ece': '0.01104', 'eval_auroc': '0', 'eval_auprc': '0', 'eval_runtime': '3.76', 'eval_samples_per_second': '82.44', 'eval_steps_per_second': '5.318', 'epoch': '16'}
CustomImageProcessor configuration saved to checkpoints/grid-run_nicme_v3_hybrid_pretty_a0p09_l0p2_lr5e5_s42/checkpoint-256/preprocessor_config.json
{'loss': '0.1237', 'grad_norm': '207.4', 'learning_rate': '2.891e-05', 'epoch': '16.26'}
{'loss': '0.01795', 'grad_norm': '54.97', 'learning_rate': '2.722e-05', 'epoch': '16.92'}
{'eval_loss': '0.02557', 'eval_accuracy': '0.9903', 'eval_f1': '0.9903', 'eval_balanced_accuracy': '0.9903', 'eval_macro_f1': '0.9903', 'eval_atc': '0.009677', 'eval_normalized_atc': '0.0009677', 'eval_target_recall': '0.9677', 'eval_target_recall_macro': '0.9919', 'eval_target_fnr': '0', 'eval_selection_score': '0.0009677', 'eval_selection_accuracy_value': '0.9903', 'eval_nll': '0.02469', 'eval_brier': '0.01332', 'eval_ece': '0.009469', 'eval_auroc': '0', 'eval_auprc': '0', 'eval_runtime': '3.559', 'eval_samples_per_second': '87.11', 'eval_steps_per_second': '5.62', 'epoch': '17'}
CustomImageProcessor configuration saved to checkpoints/grid-run_nicme_v3_hybrid_pretty_a0p09_l0p2_lr5e5_s42/checkpoint-272/preprocessor_config.json
{'loss': '0.01096', 'grad_norm': '1.897', 'learning_rate': '2.551e-05', 'epoch': '17.52'}
{'eval_loss': '0.05168', 'eval_accuracy': '0.9806', 'eval_f1': '0.9807', 'eval_balanced_accuracy': '0.9806', 'eval_macro_f1': '0.9807', 'eval_atc': '0.04194', 'eval_normalized_atc': '0.004194', 'eval_target_recall': '0.9677', 'eval_target_recall_macro': '0.9839', 'eval_target_fnr': '0', 'eval_selection_score': '0.004194', 'eval_selection_accuracy_value': '0.9806', 'eval_nll': '0.04966', 'eval_brier': '0.02777', 'eval_ece': '0.01427', 'eval_auroc': '0', 'eval_auprc': '0', 'eval_runtime': '4.013', 'eval_samples_per_second': '77.24', 'eval_steps_per_second': '4.983', 'epoch': '18'}
CustomImageProcessor configuration saved to checkpoints/grid-run_nicme_v3_hybrid_pretty_a0p09_l0p2_lr5e5_s42/checkpoint-288/preprocessor_config.json
{'loss': '0.03317', 'grad_norm': '1.179', 'learning_rate': '2.381e-05', 'epoch': '18.13'}
{'loss': '0.003582', 'grad_norm': '1.228', 'learning_rate': '2.21e-05', 'epoch': '18.79'}
{'eval_loss': '0.01908', 'eval_accuracy': '0.9903', 'eval_f1': '0.9903', 'eval_balanced_accuracy': '0.9903', 'eval_macro_f1': '0.9903', 'eval_atc': '0.009677', 'eval_normalized_atc': '0.0009677', 'eval_target_recall': '0.9355', 'eval_target_recall_macro': '0.9839', 'eval_target_fnr': '0', 'eval_selection_score': '0.0009677', 'eval_selection_accuracy_value': '0.9903', 'eval_nll': '0.01812', 'eval_brier': '0.01051', 'eval_ece': '0.006553', 'eval_auroc': '0', 'eval_auprc': '0', 'eval_runtime': '3.999', 'eval_samples_per_second': '77.52', 'eval_steps_per_second': '5.002', 'epoch': '19'}
CustomImageProcessor configuration saved to checkpoints/grid-run_nicme_v3_hybrid_pretty_a0p09_l0p2_lr5e5_s42/checkpoint-304/preprocessor_config.json
{'train_runtime': '297.1', 'train_samples_per_second': '104.5', 'train_steps_per_second': '1.723', 'train_loss': '1.169', 'epoch': '19'}
***** train metrics *****
  epoch                    =       19.0
  total_flos               =        0GF
  train_loss               =     1.1688
  train_runtime            = 0:04:57.14
  train_samples_per_second =    104.461
  train_steps_per_second   =      1.723
Using device: cuda

============================================================
PERFORMING COMPREHENSIVE EVALUATION
============================================================
Results will be saved to: results/pmi10_sota_convnext_base_test/grid-run_nicme_v3_hybrid_pretty_a0p09_l0p2_lr5e5_s42_05-03_04-53
Saving run configuration...
Run configuration saved to: results/pmi10_sota_convnext_base_test/grid-run_nicme_v3_hybrid_pretty_a0p09_l0p2_lr5e5_s42_05-03_04-53/run_configuration_20260503_045337.json
Running model evaluation...
Computing detailed metrics...
Saving metrics to files...
Metrics saved to: results/pmi10_sota_convnext_base_test/grid-run_nicme_v3_hybrid_pretty_a0p09_l0p2_lr5e5_s42_05-03_04-53/metrics_20260503_045346_nicme_v3_hybrid.json and results/pmi10_sota_convnext_base_test/grid-run_nicme_v3_hybrid_pretty_a0p09_l0p2_lr5e5_s42_05-03_04-53/metrics_20260503_045346_nicme_v3_hybrid.txt
Using provided class names: ['00378-0208', '00378-3855', '00591-0461', '16729-0020', '50111-0434', '53489-0156', '53746-0544', '62037-0831', '68382-0008', '68382-0227']
Skipping confusion matrix visualizations by configuration.

============================================================
TRAINING COMPLETED - RESULTS SUMMARY
============================================================
Output Directory: results/pmi10_sota_convnext_base_test/grid-run_nicme_v3_hybrid_pretty_a0p09_l0p2_lr5e5_s42_05-03_04-53
Overall Accuracy: 0.9812
Balanced Accuracy: 0.9812
Overall F1 Score: 0.9813
Kappa: 0.9792
AUC: 0.9997
Expected Cost: 0.0469
Loss Function Used: nicme_v3_hybrid
Total Test Samples: 320
Classes: 00378-0208, 00378-3855, 00591-0461, 16729-0020, 50111-0434, 53489-0156, 53746-0544, 62037-0831, 68382-0008, 68382-0227

Detailed metrics saved to: results/pmi10_sota_convnext_base_test/grid-run_nicme_v3_hybrid_pretty_a0p09_l0p2_lr5e5_s42_05-03_04-53
============================================================
