Prepared manifest loaded — Train=970, Val=310, Calibration=0, Test=320
cuda
Using model backend=timm type=pmi10_sota_convnext_base with 10 labels
Early stopping enabled with patience=5
Using device: cuda
{'loss': '9.337', 'grad_norm': '17.2', 'learning_rate': '8.654e-06', 'epoch': '0.6557'}
{'eval_loss': '1.988', 'eval_accuracy': '0.5065', 'eval_f1': '0.4849', 'eval_balanced_accuracy': '0.5065', 'eval_macro_f1': '0.4849', 'eval_atc': '1.155', 'eval_normalized_atc': '0.1155', 'eval_target_recall': '0.3226', 'eval_target_recall_macro': '0.5081', 'eval_target_fnr': '0.4839', 'eval_selection_score': '1.535', 'eval_selection_accuracy_value': '0.5065', 'eval_nll': '1.975', 'eval_brier': '0.8183', 'eval_ece': '0.3453', 'eval_auroc': '0', 'eval_auprc': '0', 'eval_runtime': '4.67', 'eval_samples_per_second': '66.38', 'eval_steps_per_second': '4.283', 'epoch': '1'}
CustomImageProcessor configuration saved to checkpoints/grid-run_nicme_v3_hybrid_pretty_a0p1_l0p02_lr5e5_s42/checkpoint-16/preprocessor_config.json
{'loss': '7.528', 'grad_norm': '20.79', 'learning_rate': '1.827e-05', 'epoch': '1.262'}
{'loss': '6.039', 'grad_norm': '21.51', 'learning_rate': '2.788e-05', 'epoch': '1.918'}
{'eval_loss': '1.113', 'eval_accuracy': '0.6839', 'eval_f1': '0.67', 'eval_balanced_accuracy': '0.6839', 'eval_macro_f1': '0.67', 'eval_atc': '0.771', 'eval_normalized_atc': '0.0771', 'eval_target_recall': '0.4839', 'eval_target_recall_macro': '0.7177', 'eval_target_fnr': '0.1613', 'eval_selection_score': '0.7832', 'eval_selection_accuracy_value': '0.6839', 'eval_nll': '1.093', 'eval_brier': '0.53', 'eval_ece': '0.2722', 'eval_auroc': '0', 'eval_auprc': '0', 'eval_runtime': '3.701', 'eval_samples_per_second': '83.77', 'eval_steps_per_second': '5.404', 'epoch': '2'}
CustomImageProcessor configuration saved to checkpoints/grid-run_nicme_v3_hybrid_pretty_a0p1_l0p02_lr5e5_s42/checkpoint-32/preprocessor_config.json
{'loss': '3.482', 'grad_norm': '19.06', 'learning_rate': '3.75e-05', 'epoch': '2.525'}
{'eval_loss': '0.6104', 'eval_accuracy': '0.7452', 'eval_f1': '0.7145', 'eval_balanced_accuracy': '0.7452', 'eval_macro_f1': '0.7145', 'eval_atc': '0.5452', 'eval_normalized_atc': '0.05452', 'eval_target_recall': '0.7419', 'eval_target_recall_macro': '0.879', 'eval_target_fnr': '0', 'eval_selection_score': '0.1575', 'eval_selection_accuracy_value': '0.7452', 'eval_nll': '0.591', 'eval_brier': '0.3352', 'eval_ece': '0.0668', 'eval_auroc': '0', 'eval_auprc': '0', 'eval_runtime': '3.872', 'eval_samples_per_second': '80.07', 'eval_steps_per_second': '5.166', 'epoch': '3'}
CustomImageProcessor configuration saved to checkpoints/grid-run_nicme_v3_hybrid_pretty_a0p1_l0p02_lr5e5_s42/checkpoint-48/preprocessor_config.json
{'loss': '2.314', 'grad_norm': '44.77', 'learning_rate': '4.712e-05', 'epoch': '3.131'}
{'loss': '1.664', 'grad_norm': '68.38', 'learning_rate': '4.997e-05', 'epoch': '3.787'}
{'eval_loss': '0.3176', 'eval_accuracy': '0.9065', 'eval_f1': '0.9019', 'eval_balanced_accuracy': '0.9065', 'eval_macro_f1': '0.9019', 'eval_atc': '0.4387', 'eval_normalized_atc': '0.04387', 'eval_target_recall': '0.4839', 'eval_target_recall_macro': '0.8065', 'eval_target_fnr': '0.03226', 'eval_selection_score': '0.7365', 'eval_selection_accuracy_value': '0.9065', 'eval_nll': '0.3002', 'eval_brier': '0.1561', 'eval_ece': '0.1013', 'eval_auroc': '0', 'eval_auprc': '0', 'eval_runtime': '3.851', 'eval_samples_per_second': '80.5', 'eval_steps_per_second': '5.193', 'epoch': '4'}
CustomImageProcessor configuration saved to checkpoints/grid-run_nicme_v3_hybrid_pretty_a0p1_l0p02_lr5e5_s42/checkpoint-64/preprocessor_config.json
{'loss': '1.009', 'grad_norm': '27.11', 'learning_rate': '4.983e-05', 'epoch': '4.393'}
{'loss': '0.8435', 'grad_norm': '13.58', 'learning_rate': '4.958e-05', 'epoch': '5'}
{'eval_loss': '0.1762', 'eval_accuracy': '0.9613', 'eval_f1': '0.9611', 'eval_balanced_accuracy': '0.9613', 'eval_macro_f1': '0.9611', 'eval_atc': '0.06774', 'eval_normalized_atc': '0.006774', 'eval_target_recall': '0.8065', 'eval_target_recall_macro': '0.9435', 'eval_target_fnr': '0', 'eval_selection_score': '0.04178', 'eval_selection_accuracy_value': '0.9613', 'eval_nll': '0.1707', 'eval_brier': '0.0776', 'eval_ece': '0.06931', 'eval_auroc': '0', 'eval_auprc': '0', 'eval_runtime': '4.192', 'eval_samples_per_second': '73.95', 'eval_steps_per_second': '4.771', 'epoch': '5'}
CustomImageProcessor configuration saved to checkpoints/grid-run_nicme_v3_hybrid_pretty_a0p1_l0p02_lr5e5_s42/checkpoint-80/preprocessor_config.json
{'loss': '0.6464', 'grad_norm': '11.69', 'learning_rate': '4.921e-05', 'epoch': '5.656'}
{'eval_loss': '0.1874', 'eval_accuracy': '0.9387', 'eval_f1': '0.9386', 'eval_balanced_accuracy': '0.9387', 'eval_macro_f1': '0.9386', 'eval_atc': '0.1871', 'eval_normalized_atc': '0.01871', 'eval_target_recall': '0.9032', 'eval_target_recall_macro': '0.9355', 'eval_target_fnr': '0', 'eval_selection_score': '0.01871', 'eval_selection_accuracy_value': '0.9387', 'eval_nll': '0.1773', 'eval_brier': '0.0903', 'eval_ece': '0.0484', 'eval_auroc': '0', 'eval_auprc': '0', 'eval_runtime': '4.199', 'eval_samples_per_second': '73.83', 'eval_steps_per_second': '4.763', 'epoch': '6'}
CustomImageProcessor configuration saved to checkpoints/grid-run_nicme_v3_hybrid_pretty_a0p1_l0p02_lr5e5_s42/checkpoint-96/preprocessor_config.json
{'loss': '0.4929', 'grad_norm': '48.12', 'learning_rate': '4.872e-05', 'epoch': '6.262'}
{'loss': '0.3342', 'grad_norm': '32.09', 'learning_rate': '4.813e-05', 'epoch': '6.918'}
{'eval_loss': '0.1647', 'eval_accuracy': '0.9387', 'eval_f1': '0.9371', 'eval_balanced_accuracy': '0.9387', 'eval_macro_f1': '0.9371', 'eval_atc': '0.1484', 'eval_normalized_atc': '0.01484', 'eval_target_recall': '0.7097', 'eval_target_recall_macro': '0.9113', 'eval_target_fnr': '0', 'eval_selection_score': '0.1597', 'eval_selection_accuracy_value': '0.9387', 'eval_nll': '0.1612', 'eval_brier': '0.08707', 'eval_ece': '0.035', 'eval_auroc': '0', 'eval_auprc': '0', 'eval_runtime': '3.953', 'eval_samples_per_second': '78.42', 'eval_steps_per_second': '5.059', 'epoch': '7'}
CustomImageProcessor configuration saved to checkpoints/grid-run_nicme_v3_hybrid_pretty_a0p1_l0p02_lr5e5_s42/checkpoint-112/preprocessor_config.json
{'loss': '0.1803', 'grad_norm': '6.198', 'learning_rate': '4.743e-05', 'epoch': '7.525'}
{'eval_loss': '0.1056', 'eval_accuracy': '0.9677', 'eval_f1': '0.9673', 'eval_balanced_accuracy': '0.9677', 'eval_macro_f1': '0.9673', 'eval_atc': '0.09032', 'eval_normalized_atc': '0.009032', 'eval_target_recall': '0.8387', 'eval_target_recall_macro': '0.9516', 'eval_target_fnr': '0', 'eval_selection_score': '0.02406', 'eval_selection_accuracy_value': '0.9677', 'eval_nll': '0.1029', 'eval_brier': '0.05242', 'eval_ece': '0.02005', 'eval_auroc': '0', 'eval_auprc': '0', 'eval_runtime': '4.175', 'eval_samples_per_second': '74.25', 'eval_steps_per_second': '4.79', 'epoch': '8'}
CustomImageProcessor configuration saved to checkpoints/grid-run_nicme_v3_hybrid_pretty_a0p1_l0p02_lr5e5_s42/checkpoint-128/preprocessor_config.json
{'loss': '0.173', 'grad_norm': '15.81', 'learning_rate': '4.662e-05', 'epoch': '8.131'}
{'loss': '0.1566', 'grad_norm': '31.19', 'learning_rate': '4.572e-05', 'epoch': '8.787'}
{'eval_loss': '0.2123', 'eval_accuracy': '0.9226', 'eval_f1': '0.9189', 'eval_balanced_accuracy': '0.9226', 'eval_macro_f1': '0.9189', 'eval_atc': '0.1065', 'eval_normalized_atc': '0.01065', 'eval_target_recall': '0.9355', 'eval_target_recall_macro': '0.9758', 'eval_target_fnr': '0', 'eval_selection_score': '0.01065', 'eval_selection_accuracy_value': '0.9226', 'eval_nll': '0.2111', 'eval_brier': '0.1172', 'eval_ece': '0.04633', 'eval_auroc': '0', 'eval_auprc': '0', 'eval_runtime': '4.296', 'eval_samples_per_second': '72.16', 'eval_steps_per_second': '4.656', 'epoch': '9'}
CustomImageProcessor configuration saved to checkpoints/grid-run_nicme_v3_hybrid_pretty_a0p1_l0p02_lr5e5_s42/checkpoint-144/preprocessor_config.json
{'loss': '0.2236', 'grad_norm': '14.44', 'learning_rate': '4.471e-05', 'epoch': '9.393'}
{'loss': '0.2688', 'grad_norm': '9.14', 'learning_rate': '4.362e-05', 'epoch': '10'}
{'eval_loss': '0.05945', 'eval_accuracy': '0.9839', 'eval_f1': '0.9838', 'eval_balanced_accuracy': '0.9839', 'eval_macro_f1': '0.9838', 'eval_atc': '0.07419', 'eval_normalized_atc': '0.007419', 'eval_target_recall': '0.9032', 'eval_target_recall_macro': '0.9677', 'eval_target_fnr': '0', 'eval_selection_score': '0.007419', 'eval_selection_accuracy_value': '0.9839', 'eval_nll': '0.05784', 'eval_brier': '0.02721', 'eval_ece': '0.01911', 'eval_auroc': '0', 'eval_auprc': '0', 'eval_runtime': '3.844', 'eval_samples_per_second': '80.65', 'eval_steps_per_second': '5.203', 'epoch': '10'}
CustomImageProcessor configuration saved to checkpoints/grid-run_nicme_v3_hybrid_pretty_a0p1_l0p02_lr5e5_s42/checkpoint-160/preprocessor_config.json
{'loss': '0.1185', 'grad_norm': '26.08', 'learning_rate': '4.243e-05', 'epoch': '10.66'}
{'eval_loss': '0.05182', 'eval_accuracy': '0.9774', 'eval_f1': '0.9773', 'eval_balanced_accuracy': '0.9774', 'eval_macro_f1': '0.9773', 'eval_atc': '0.02258', 'eval_normalized_atc': '0.002258', 'eval_target_recall': '0.9032', 'eval_target_recall_macro': '0.9758', 'eval_target_fnr': '0', 'eval_selection_score': '0.002258', 'eval_selection_accuracy_value': '0.9774', 'eval_nll': '0.05029', 'eval_brier': '0.02683', 'eval_ece': '0.01681', 'eval_auroc': '0', 'eval_auprc': '0', 'eval_runtime': '3.726', 'eval_samples_per_second': '83.19', 'eval_steps_per_second': '5.367', 'epoch': '11'}
CustomImageProcessor configuration saved to checkpoints/grid-run_nicme_v3_hybrid_pretty_a0p1_l0p02_lr5e5_s42/checkpoint-176/preprocessor_config.json
{'loss': '0.06046', 'grad_norm': '2.996', 'learning_rate': '4.117e-05', 'epoch': '11.26'}
{'loss': '0.07055', 'grad_norm': '25.01', 'learning_rate': '3.983e-05', 'epoch': '11.92'}
{'eval_loss': '0.03978', 'eval_accuracy': '0.9871', 'eval_f1': '0.9869', 'eval_balanced_accuracy': '0.9871', 'eval_macro_f1': '0.9869', 'eval_atc': '0.0129', 'eval_normalized_atc': '0.00129', 'eval_target_recall': '0.9032', 'eval_target_recall_macro': '0.9758', 'eval_target_fnr': '0', 'eval_selection_score': '0.00129', 'eval_selection_accuracy_value': '0.9871', 'eval_nll': '0.03907', 'eval_brier': '0.01946', 'eval_ece': '0.01355', 'eval_auroc': '0', 'eval_auprc': '0', 'eval_runtime': '3.717', 'eval_samples_per_second': '83.4', 'eval_steps_per_second': '5.381', 'epoch': '12'}
CustomImageProcessor configuration saved to checkpoints/grid-run_nicme_v3_hybrid_pretty_a0p1_l0p02_lr5e5_s42/checkpoint-192/preprocessor_config.json
{'loss': '0.04283', 'grad_norm': '4.932', 'learning_rate': '3.842e-05', 'epoch': '12.52'}
{'eval_loss': '0.02646', 'eval_accuracy': '0.9871', 'eval_f1': '0.9871', 'eval_balanced_accuracy': '0.9871', 'eval_macro_f1': '0.9871', 'eval_atc': '0.04194', 'eval_normalized_atc': '0.004194', 'eval_target_recall': '0.9032', 'eval_target_recall_macro': '0.9677', 'eval_target_fnr': '0', 'eval_selection_score': '0.004194', 'eval_selection_accuracy_value': '0.9871', 'eval_nll': '0.0257', 'eval_brier': '0.01476', 'eval_ece': '0.01052', 'eval_auroc': '0', 'eval_auprc': '0', 'eval_runtime': '3.679', 'eval_samples_per_second': '84.27', 'eval_steps_per_second': '5.437', 'epoch': '13'}
CustomImageProcessor configuration saved to checkpoints/grid-run_nicme_v3_hybrid_pretty_a0p1_l0p02_lr5e5_s42/checkpoint-208/preprocessor_config.json
{'loss': '0.01869', 'grad_norm': '0.283', 'learning_rate': '3.695e-05', 'epoch': '13.13'}
{'loss': '0.008697', 'grad_norm': '3.26', 'learning_rate': '3.543e-05', 'epoch': '13.79'}
{'eval_loss': '0.03777', 'eval_accuracy': '0.9935', 'eval_f1': '0.9935', 'eval_balanced_accuracy': '0.9935', 'eval_macro_f1': '0.9935', 'eval_atc': '0.006452', 'eval_normalized_atc': '0.0006452', 'eval_target_recall': '0.9355', 'eval_target_recall_macro': '0.9839', 'eval_target_fnr': '0', 'eval_selection_score': '0.0006452', 'eval_selection_accuracy_value': '0.9935', 'eval_nll': '0.03746', 'eval_brier': '0.01381', 'eval_ece': '0.008343', 'eval_auroc': '0', 'eval_auprc': '0', 'eval_runtime': '3.803', 'eval_samples_per_second': '81.52', 'eval_steps_per_second': '5.259', 'epoch': '14'}
CustomImageProcessor configuration saved to checkpoints/grid-run_nicme_v3_hybrid_pretty_a0p1_l0p02_lr5e5_s42/checkpoint-224/preprocessor_config.json
{'train_runtime': '220.3', 'train_samples_per_second': '140.9', 'train_steps_per_second': '2.324', 'train_loss': '1.563', 'epoch': '14'}
***** train metrics *****
  epoch                    =       14.0
  total_flos               =        0GF
  train_loss               =     1.5632
  train_runtime            = 0:03:40.26
  train_samples_per_second =    140.918
  train_steps_per_second   =      2.324
Using device: cuda

============================================================
PERFORMING COMPREHENSIVE EVALUATION
============================================================
Results will be saved to: results/pmi10_sota_convnext_base_test/grid-run_nicme_v3_hybrid_pretty_a0p1_l0p02_lr5e5_s42_05-03_05-01
Saving run configuration...
Run configuration saved to: results/pmi10_sota_convnext_base_test/grid-run_nicme_v3_hybrid_pretty_a0p1_l0p02_lr5e5_s42_05-03_05-01/run_configuration_20260503_050149.json
Running model evaluation...
Computing detailed metrics...
Saving metrics to files...
Metrics saved to: results/pmi10_sota_convnext_base_test/grid-run_nicme_v3_hybrid_pretty_a0p1_l0p02_lr5e5_s42_05-03_05-01/metrics_20260503_050157_nicme_v3_hybrid.json and results/pmi10_sota_convnext_base_test/grid-run_nicme_v3_hybrid_pretty_a0p1_l0p02_lr5e5_s42_05-03_05-01/metrics_20260503_050157_nicme_v3_hybrid.txt
Using provided class names: ['00378-0208', '00378-3855', '00591-0461', '16729-0020', '50111-0434', '53489-0156', '53746-0544', '62037-0831', '68382-0008', '68382-0227']
Skipping confusion matrix visualizations by configuration.

============================================================
TRAINING COMPLETED - RESULTS SUMMARY
============================================================
Output Directory: results/pmi10_sota_convnext_base_test/grid-run_nicme_v3_hybrid_pretty_a0p1_l0p02_lr5e5_s42_05-03_05-01
Overall Accuracy: 0.9219
Balanced Accuracy: 0.9219
Overall F1 Score: 0.9163
Kappa: 0.9132
AUC: 0.9991
Expected Cost: 0.1344
Loss Function Used: nicme_v3_hybrid
Total Test Samples: 320
Classes: 00378-0208, 00378-3855, 00591-0461, 16729-0020, 50111-0434, 53489-0156, 53746-0544, 62037-0831, 68382-0008, 68382-0227

Detailed metrics saved to: results/pmi10_sota_convnext_base_test/grid-run_nicme_v3_hybrid_pretty_a0p1_l0p02_lr5e5_s42_05-03_05-01
============================================================
