Prepared manifest loaded — Train=970, Val=310, Calibration=0, Test=320
cuda
Using model backend=timm type=pmi10_sota_convnext_base with 10 labels
Early stopping enabled with patience=5
Using device: cuda
{'loss': '9.382', 'grad_norm': '17.19', 'learning_rate': '8.654e-06', 'epoch': '0.6557'}
{'eval_loss': '2.001', 'eval_accuracy': '0.5032', 'eval_f1': '0.483', 'eval_balanced_accuracy': '0.5032', 'eval_macro_f1': '0.483', 'eval_atc': '1.09', 'eval_normalized_atc': '0.109', 'eval_target_recall': '0.2581', 'eval_target_recall_macro': '0.4919', 'eval_target_fnr': '0.4839', 'eval_selection_score': '1.845', 'eval_selection_accuracy_value': '0.5032', 'eval_nll': '1.975', 'eval_brier': '0.8179', 'eval_ece': '0.342', 'eval_auroc': '0', 'eval_auprc': '0', 'eval_runtime': '4.524', 'eval_samples_per_second': '68.53', 'eval_steps_per_second': '4.421', 'epoch': '1'}
CustomImageProcessor configuration saved to checkpoints/grid-run_nicme_v3_hybrid_pretty_a0p2_l0p02_lr5e5_s42/checkpoint-16/preprocessor_config.json
{'loss': '7.574', 'grad_norm': '20.82', 'learning_rate': '1.827e-05', 'epoch': '1.262'}
{'loss': '6.108', 'grad_norm': '21.21', 'learning_rate': '2.788e-05', 'epoch': '1.918'}
{'eval_loss': '1.135', 'eval_accuracy': '0.7065', 'eval_f1': '0.6964', 'eval_balanced_accuracy': '0.7065', 'eval_macro_f1': '0.6964', 'eval_atc': '0.6677', 'eval_normalized_atc': '0.06677', 'eval_target_recall': '0.4839', 'eval_target_recall_macro': '0.7419', 'eval_target_fnr': '0.09677', 'eval_selection_score': '0.7682', 'eval_selection_accuracy_value': '0.7065', 'eval_nll': '1.096', 'eval_brier': '0.5307', 'eval_ece': '0.303', 'eval_auroc': '0', 'eval_auprc': '0', 'eval_runtime': '4.269', 'eval_samples_per_second': '72.61', 'eval_steps_per_second': '4.684', 'epoch': '2'}
CustomImageProcessor configuration saved to checkpoints/grid-run_nicme_v3_hybrid_pretty_a0p2_l0p02_lr5e5_s42/checkpoint-32/preprocessor_config.json
{'loss': '3.563', 'grad_norm': '19.34', 'learning_rate': '3.75e-05', 'epoch': '2.525'}
{'eval_loss': '0.6272', 'eval_accuracy': '0.7387', 'eval_f1': '0.7065', 'eval_balanced_accuracy': '0.7387', 'eval_macro_f1': '0.7065', 'eval_atc': '0.5516', 'eval_normalized_atc': '0.05516', 'eval_target_recall': '0.7419', 'eval_target_recall_macro': '0.879', 'eval_target_fnr': '0', 'eval_selection_score': '0.1589', 'eval_selection_accuracy_value': '0.7387', 'eval_nll': '0.5916', 'eval_brier': '0.3339', 'eval_ece': '0.06428', 'eval_auroc': '0', 'eval_auprc': '0', 'eval_runtime': '3.895', 'eval_samples_per_second': '79.58', 'eval_steps_per_second': '5.134', 'epoch': '3'}
CustomImageProcessor configuration saved to checkpoints/grid-run_nicme_v3_hybrid_pretty_a0p2_l0p02_lr5e5_s42/checkpoint-48/preprocessor_config.json
{'loss': '2.389', 'grad_norm': '44.54', 'learning_rate': '4.712e-05', 'epoch': '3.131'}
{'loss': '1.721', 'grad_norm': '75.01', 'learning_rate': '4.997e-05', 'epoch': '3.787'}
{'eval_loss': '0.3368', 'eval_accuracy': '0.9097', 'eval_f1': '0.9058', 'eval_balanced_accuracy': '0.9097', 'eval_macro_f1': '0.9058', 'eval_atc': '0.4129', 'eval_normalized_atc': '0.04129', 'eval_target_recall': '0.5161', 'eval_target_recall_macro': '0.8145', 'eval_target_fnr': '0.03226', 'eval_selection_score': '0.6307', 'eval_selection_accuracy_value': '0.9097', 'eval_nll': '0.303', 'eval_brier': '0.1561', 'eval_ece': '0.1038', 'eval_auroc': '0', 'eval_auprc': '0', 'eval_runtime': '3.948', 'eval_samples_per_second': '78.51', 'eval_steps_per_second': '5.065', 'epoch': '4'}
CustomImageProcessor configuration saved to checkpoints/grid-run_nicme_v3_hybrid_pretty_a0p2_l0p02_lr5e5_s42/checkpoint-64/preprocessor_config.json
{'loss': '1.091', 'grad_norm': '31.26', 'learning_rate': '4.983e-05', 'epoch': '4.393'}
{'loss': '0.8948', 'grad_norm': '13.14', 'learning_rate': '4.958e-05', 'epoch': '5'}
{'eval_loss': '0.1924', 'eval_accuracy': '0.9581', 'eval_f1': '0.9581', 'eval_balanced_accuracy': '0.9581', 'eval_macro_f1': '0.9581', 'eval_atc': '0.07097', 'eval_normalized_atc': '0.007097', 'eval_target_recall': '0.8065', 'eval_target_recall_macro': '0.9435', 'eval_target_fnr': '0', 'eval_selection_score': '0.0421', 'eval_selection_accuracy_value': '0.9581', 'eval_nll': '0.1824', 'eval_brier': '0.08557', 'eval_ece': '0.07206', 'eval_auroc': '0', 'eval_auprc': '0', 'eval_runtime': '4.034', 'eval_samples_per_second': '76.84', 'eval_steps_per_second': '4.957', 'epoch': '5'}
CustomImageProcessor configuration saved to checkpoints/grid-run_nicme_v3_hybrid_pretty_a0p2_l0p02_lr5e5_s42/checkpoint-80/preprocessor_config.json
{'loss': '0.6814', 'grad_norm': '10.72', 'learning_rate': '4.921e-05', 'epoch': '5.656'}
{'eval_loss': '0.1898', 'eval_accuracy': '0.9419', 'eval_f1': '0.942', 'eval_balanced_accuracy': '0.9419', 'eval_macro_f1': '0.942', 'eval_atc': '0.2', 'eval_normalized_atc': '0.02', 'eval_target_recall': '0.8387', 'eval_target_recall_macro': '0.9274', 'eval_target_fnr': '0', 'eval_selection_score': '0.03503', 'eval_selection_accuracy_value': '0.9419', 'eval_nll': '0.1702', 'eval_brier': '0.08718', 'eval_ece': '0.04797', 'eval_auroc': '0', 'eval_auprc': '0', 'eval_runtime': '3.968', 'eval_samples_per_second': '78.12', 'eval_steps_per_second': '5.04', 'epoch': '6'}
CustomImageProcessor configuration saved to checkpoints/grid-run_nicme_v3_hybrid_pretty_a0p2_l0p02_lr5e5_s42/checkpoint-96/preprocessor_config.json
{'loss': '0.5066', 'grad_norm': '45.42', 'learning_rate': '4.872e-05', 'epoch': '6.262'}
{'loss': '0.3689', 'grad_norm': '46.64', 'learning_rate': '4.813e-05', 'epoch': '6.918'}
{'eval_loss': '0.1619', 'eval_accuracy': '0.9419', 'eval_f1': '0.9402', 'eval_balanced_accuracy': '0.9419', 'eval_macro_f1': '0.9402', 'eval_atc': '0.0871', 'eval_normalized_atc': '0.00871', 'eval_target_recall': '0.7097', 'eval_target_recall_macro': '0.9274', 'eval_target_fnr': '0', 'eval_selection_score': '0.1536', 'eval_selection_accuracy_value': '0.9419', 'eval_nll': '0.1559', 'eval_brier': '0.08375', 'eval_ece': '0.02478', 'eval_auroc': '0', 'eval_auprc': '0', 'eval_runtime': '3.98', 'eval_samples_per_second': '77.88', 'eval_steps_per_second': '5.025', 'epoch': '7'}
CustomImageProcessor configuration saved to checkpoints/grid-run_nicme_v3_hybrid_pretty_a0p2_l0p02_lr5e5_s42/checkpoint-112/preprocessor_config.json
{'loss': '0.1854', 'grad_norm': '7.982', 'learning_rate': '4.743e-05', 'epoch': '7.525'}
{'eval_loss': '0.1107', 'eval_accuracy': '0.9581', 'eval_f1': '0.9571', 'eval_balanced_accuracy': '0.9581', 'eval_macro_f1': '0.9571', 'eval_atc': '0.07097', 'eval_normalized_atc': '0.007097', 'eval_target_recall': '0.871', 'eval_target_recall_macro': '0.9677', 'eval_target_fnr': '0', 'eval_selection_score': '0.01047', 'eval_selection_accuracy_value': '0.9581', 'eval_nll': '0.1071', 'eval_brier': '0.05733', 'eval_ece': '0.02231', 'eval_auroc': '0', 'eval_auprc': '0', 'eval_runtime': '3.614', 'eval_samples_per_second': '85.78', 'eval_steps_per_second': '5.534', 'epoch': '8'}
CustomImageProcessor configuration saved to checkpoints/grid-run_nicme_v3_hybrid_pretty_a0p2_l0p02_lr5e5_s42/checkpoint-128/preprocessor_config.json
{'loss': '0.1791', 'grad_norm': '7.39', 'learning_rate': '4.662e-05', 'epoch': '8.131'}
{'loss': '0.1835', 'grad_norm': '21.99', 'learning_rate': '4.572e-05', 'epoch': '8.787'}
{'eval_loss': '0.1443', 'eval_accuracy': '0.9484', 'eval_f1': '0.9461', 'eval_balanced_accuracy': '0.9484', 'eval_macro_f1': '0.9461', 'eval_atc': '0.05161', 'eval_normalized_atc': '0.005161', 'eval_target_recall': '0.9355', 'eval_target_recall_macro': '0.9839', 'eval_target_fnr': '0', 'eval_selection_score': '0.005161', 'eval_selection_accuracy_value': '0.9484', 'eval_nll': '0.1419', 'eval_brier': '0.0736', 'eval_ece': '0.02267', 'eval_auroc': '0', 'eval_auprc': '0', 'eval_runtime': '3.945', 'eval_samples_per_second': '78.58', 'eval_steps_per_second': '5.07', 'epoch': '9'}
CustomImageProcessor configuration saved to checkpoints/grid-run_nicme_v3_hybrid_pretty_a0p2_l0p02_lr5e5_s42/checkpoint-144/preprocessor_config.json
{'loss': '0.09536', 'grad_norm': '13.83', 'learning_rate': '4.471e-05', 'epoch': '9.393'}
{'loss': '0.17', 'grad_norm': '3.393', 'learning_rate': '4.362e-05', 'epoch': '10'}
{'eval_loss': '0.07999', 'eval_accuracy': '0.9742', 'eval_f1': '0.9738', 'eval_balanced_accuracy': '0.9742', 'eval_macro_f1': '0.9738', 'eval_atc': '0.08387', 'eval_normalized_atc': '0.008387', 'eval_target_recall': '0.8387', 'eval_target_recall_macro': '0.9516', 'eval_target_fnr': '0', 'eval_selection_score': '0.02341', 'eval_selection_accuracy_value': '0.9742', 'eval_nll': '0.07608', 'eval_brier': '0.03859', 'eval_ece': '0.01176', 'eval_auroc': '0', 'eval_auprc': '0', 'eval_runtime': '3.624', 'eval_samples_per_second': '85.54', 'eval_steps_per_second': '5.519', 'epoch': '10'}
CustomImageProcessor configuration saved to checkpoints/grid-run_nicme_v3_hybrid_pretty_a0p2_l0p02_lr5e5_s42/checkpoint-160/preprocessor_config.json
{'loss': '0.09727', 'grad_norm': '29.78', 'learning_rate': '4.243e-05', 'epoch': '10.66'}
{'eval_loss': '0.07047', 'eval_accuracy': '0.9742', 'eval_f1': '0.9741', 'eval_balanced_accuracy': '0.9742', 'eval_macro_f1': '0.9741', 'eval_atc': '0.1161', 'eval_normalized_atc': '0.01161', 'eval_target_recall': '0.871', 'eval_target_recall_macro': '0.9435', 'eval_target_fnr': '0', 'eval_selection_score': '0.01498', 'eval_selection_accuracy_value': '0.9742', 'eval_nll': '0.0654', 'eval_brier': '0.03708', 'eval_ece': '0.01383', 'eval_auroc': '0', 'eval_auprc': '0', 'eval_runtime': '3.638', 'eval_samples_per_second': '85.21', 'eval_steps_per_second': '5.497', 'epoch': '11'}
CustomImageProcessor configuration saved to checkpoints/grid-run_nicme_v3_hybrid_pretty_a0p2_l0p02_lr5e5_s42/checkpoint-176/preprocessor_config.json
{'loss': '0.03196', 'grad_norm': '1.957', 'learning_rate': '4.117e-05', 'epoch': '11.26'}
{'loss': '0.0655', 'grad_norm': '14.05', 'learning_rate': '3.983e-05', 'epoch': '11.92'}
{'eval_loss': '0.0645', 'eval_accuracy': '0.9839', 'eval_f1': '0.9839', 'eval_balanced_accuracy': '0.9839', 'eval_macro_f1': '0.9839', 'eval_atc': '0.04516', 'eval_normalized_atc': '0.004516', 'eval_target_recall': '0.9355', 'eval_target_recall_macro': '0.9758', 'eval_target_fnr': '0', 'eval_selection_score': '0.004516', 'eval_selection_accuracy_value': '0.9839', 'eval_nll': '0.06311', 'eval_brier': '0.03229', 'eval_ece': '0.01479', 'eval_auroc': '0', 'eval_auprc': '0', 'eval_runtime': '3.979', 'eval_samples_per_second': '77.91', 'eval_steps_per_second': '5.026', 'epoch': '12'}
CustomImageProcessor configuration saved to checkpoints/grid-run_nicme_v3_hybrid_pretty_a0p2_l0p02_lr5e5_s42/checkpoint-192/preprocessor_config.json
{'loss': '0.01829', 'grad_norm': '2.473', 'learning_rate': '3.842e-05', 'epoch': '12.52'}
{'eval_loss': '0.05282', 'eval_accuracy': '0.9839', 'eval_f1': '0.9839', 'eval_balanced_accuracy': '0.9839', 'eval_macro_f1': '0.9839', 'eval_atc': '0.01613', 'eval_normalized_atc': '0.001613', 'eval_target_recall': '0.9677', 'eval_target_recall_macro': '0.9919', 'eval_target_fnr': '0', 'eval_selection_score': '0.001613', 'eval_selection_accuracy_value': '0.9839', 'eval_nll': '0.05223', 'eval_brier': '0.02972', 'eval_ece': '0.01371', 'eval_auroc': '0', 'eval_auprc': '0', 'eval_runtime': '3.682', 'eval_samples_per_second': '84.19', 'eval_steps_per_second': '5.432', 'epoch': '13'}
CustomImageProcessor configuration saved to checkpoints/grid-run_nicme_v3_hybrid_pretty_a0p2_l0p02_lr5e5_s42/checkpoint-208/preprocessor_config.json
{'loss': '0.03131', 'grad_norm': '0.3579', 'learning_rate': '3.695e-05', 'epoch': '13.13'}
{'loss': '0.007714', 'grad_norm': '2.463', 'learning_rate': '3.543e-05', 'epoch': '13.79'}
{'eval_loss': '0.06473', 'eval_accuracy': '0.9839', 'eval_f1': '0.9837', 'eval_balanced_accuracy': '0.9839', 'eval_macro_f1': '0.9837', 'eval_atc': '0.01613', 'eval_normalized_atc': '0.001613', 'eval_target_recall': '0.9032', 'eval_target_recall_macro': '0.9758', 'eval_target_fnr': '0', 'eval_selection_score': '0.001613', 'eval_selection_accuracy_value': '0.9839', 'eval_nll': '0.06387', 'eval_brier': '0.02901', 'eval_ece': '0.01497', 'eval_auroc': '0', 'eval_auprc': '0', 'eval_runtime': '3.9', 'eval_samples_per_second': '79.5', 'eval_steps_per_second': '5.129', 'epoch': '14'}
CustomImageProcessor configuration saved to checkpoints/grid-run_nicme_v3_hybrid_pretty_a0p2_l0p02_lr5e5_s42/checkpoint-224/preprocessor_config.json
{'loss': '0.01079', 'grad_norm': '45.22', 'learning_rate': '3.385e-05', 'epoch': '14.39'}
{'loss': '0.007999', 'grad_norm': '0.03465', 'learning_rate': '3.224e-05', 'epoch': '15'}
{'eval_loss': '0.03486', 'eval_accuracy': '0.9903', 'eval_f1': '0.9903', 'eval_balanced_accuracy': '0.9903', 'eval_macro_f1': '0.9903', 'eval_atc': '0.009677', 'eval_normalized_atc': '0.0009677', 'eval_target_recall': '0.9677', 'eval_target_recall_macro': '0.9919', 'eval_target_fnr': '0', 'eval_selection_score': '0.0009677', 'eval_selection_accuracy_value': '0.9903', 'eval_nll': '0.03462', 'eval_brier': '0.01957', 'eval_ece': '0.01169', 'eval_auroc': '0', 'eval_auprc': '0', 'eval_runtime': '3.883', 'eval_samples_per_second': '79.83', 'eval_steps_per_second': '5.15', 'epoch': '15'}
CustomImageProcessor configuration saved to checkpoints/grid-run_nicme_v3_hybrid_pretty_a0p2_l0p02_lr5e5_s42/checkpoint-240/preprocessor_config.json
{'loss': '0.02889', 'grad_norm': '0.1563', 'learning_rate': '3.059e-05', 'epoch': '15.66'}
{'eval_loss': '0.01392', 'eval_accuracy': '0.9935', 'eval_f1': '0.9935', 'eval_balanced_accuracy': '0.9935', 'eval_macro_f1': '0.9935', 'eval_atc': '0.006452', 'eval_normalized_atc': '0.0006452', 'eval_target_recall': '0.9677', 'eval_target_recall_macro': '0.9919', 'eval_target_fnr': '0', 'eval_selection_score': '0.0006452', 'eval_selection_accuracy_value': '0.9935', 'eval_nll': '0.01381', 'eval_brier': '0.008348', 'eval_ece': '0.008465', 'eval_auroc': '0', 'eval_auprc': '0', 'eval_runtime': '3.919', 'eval_samples_per_second': '79.11', 'eval_steps_per_second': '5.104', 'epoch': '16'}
CustomImageProcessor configuration saved to checkpoints/grid-run_nicme_v3_hybrid_pretty_a0p2_l0p02_lr5e5_s42/checkpoint-256/preprocessor_config.json
{'loss': '0.008048', 'grad_norm': '0.1843', 'learning_rate': '2.891e-05', 'epoch': '16.26'}
{'loss': '0.007431', 'grad_norm': '0.1548', 'learning_rate': '2.722e-05', 'epoch': '16.92'}
{'eval_loss': '0.05104', 'eval_accuracy': '0.9806', 'eval_f1': '0.9806', 'eval_balanced_accuracy': '0.9806', 'eval_macro_f1': '0.9806', 'eval_atc': '0.01935', 'eval_normalized_atc': '0.001935', 'eval_target_recall': '0.9677', 'eval_target_recall_macro': '0.9919', 'eval_target_fnr': '0', 'eval_selection_score': '0.001935', 'eval_selection_accuracy_value': '0.9806', 'eval_nll': '0.0505', 'eval_brier': '0.02852', 'eval_ece': '0.01064', 'eval_auroc': '0', 'eval_auprc': '0', 'eval_runtime': '3.829', 'eval_samples_per_second': '80.97', 'eval_steps_per_second': '5.224', 'epoch': '17'}
CustomImageProcessor configuration saved to checkpoints/grid-run_nicme_v3_hybrid_pretty_a0p2_l0p02_lr5e5_s42/checkpoint-272/preprocessor_config.json
{'loss': '0.002191', 'grad_norm': '0.03153', 'learning_rate': '2.551e-05', 'epoch': '17.52'}
{'eval_loss': '0.01974', 'eval_accuracy': '0.9935', 'eval_f1': '0.9935', 'eval_balanced_accuracy': '0.9935', 'eval_macro_f1': '0.9935', 'eval_atc': '0.006452', 'eval_normalized_atc': '0.0006452', 'eval_target_recall': '0.9677', 'eval_target_recall_macro': '0.9919', 'eval_target_fnr': '0', 'eval_selection_score': '0.0006452', 'eval_selection_accuracy_value': '0.9935', 'eval_nll': '0.01906', 'eval_brier': '0.01133', 'eval_ece': '0.01002', 'eval_auroc': '0', 'eval_auprc': '0', 'eval_runtime': '4.192', 'eval_samples_per_second': '73.95', 'eval_steps_per_second': '4.771', 'epoch': '18'}
CustomImageProcessor configuration saved to checkpoints/grid-run_nicme_v3_hybrid_pretty_a0p2_l0p02_lr5e5_s42/checkpoint-288/preprocessor_config.json
{'train_runtime': '279.3', 'train_samples_per_second': '111.1', 'train_steps_per_second': '1.833', 'train_loss': '1.23', 'epoch': '18'}
***** train metrics *****
  epoch                    =       18.0
  total_flos               =        0GF
  train_loss               =     1.2296
  train_runtime            = 0:04:39.32
  train_samples_per_second =    111.127
  train_steps_per_second   =      1.833
Using device: cuda

============================================================
PERFORMING COMPREHENSIVE EVALUATION
============================================================
Results will be saved to: results/pmi10_sota_convnext_base_test/grid-run_nicme_v3_hybrid_pretty_a0p2_l0p02_lr5e5_s42_05-03_05-46
Saving run configuration...
Run configuration saved to: results/pmi10_sota_convnext_base_test/grid-run_nicme_v3_hybrid_pretty_a0p2_l0p02_lr5e5_s42_05-03_05-46/run_configuration_20260503_054602.json
Running model evaluation...
Computing detailed metrics...
Saving metrics to files...
Metrics saved to: results/pmi10_sota_convnext_base_test/grid-run_nicme_v3_hybrid_pretty_a0p2_l0p02_lr5e5_s42_05-03_05-46/metrics_20260503_054611_nicme_v3_hybrid.json and results/pmi10_sota_convnext_base_test/grid-run_nicme_v3_hybrid_pretty_a0p2_l0p02_lr5e5_s42_05-03_05-46/metrics_20260503_054611_nicme_v3_hybrid.txt
Using provided class names: ['00378-0208', '00378-3855', '00591-0461', '16729-0020', '50111-0434', '53489-0156', '53746-0544', '62037-0831', '68382-0008', '68382-0227']
Skipping confusion matrix visualizations by configuration.

============================================================
TRAINING COMPLETED - RESULTS SUMMARY
============================================================
Output Directory: results/pmi10_sota_convnext_base_test/grid-run_nicme_v3_hybrid_pretty_a0p2_l0p02_lr5e5_s42_05-03_05-46
Overall Accuracy: 0.9719
Balanced Accuracy: 0.9719
Overall F1 Score: 0.9720
Kappa: 0.9688
AUC: 0.9997
Expected Cost: 0.0844
Loss Function Used: nicme_v3_hybrid
Total Test Samples: 320
Classes: 00378-0208, 00378-3855, 00591-0461, 16729-0020, 50111-0434, 53489-0156, 53746-0544, 62037-0831, 68382-0008, 68382-0227

Detailed metrics saved to: results/pmi10_sota_convnext_base_test/grid-run_nicme_v3_hybrid_pretty_a0p2_l0p02_lr5e5_s42_05-03_05-46
============================================================
