Prepared manifest loaded — Train=970, Val=310, Calibration=0, Test=320
cuda
Using model backend=timm type=pmi10_sota_convnext_base with 10 labels
Early stopping enabled with patience=5
Using device: cuda
{'loss': '9.437', 'grad_norm': '17.16', 'learning_rate': '8.654e-06', 'epoch': '0.6557'}
{'eval_loss': '2.017', 'eval_accuracy': '0.4903', 'eval_f1': '0.4701', 'eval_balanced_accuracy': '0.4903', 'eval_macro_f1': '0.4701', 'eval_atc': '0.9935', 'eval_normalized_atc': '0.09935', 'eval_target_recall': '0.2258', 'eval_target_recall_macro': '0.4839', 'eval_target_fnr': '0.4516', 'eval_selection_score': '2.013', 'eval_selection_accuracy_value': '0.4903', 'eval_nll': '1.975', 'eval_brier': '0.8175', 'eval_ece': '0.3288', 'eval_auroc': '0', 'eval_auprc': '0', 'eval_runtime': '4.742', 'eval_samples_per_second': '65.38', 'eval_steps_per_second': '4.218', 'epoch': '1'}
CustomImageProcessor configuration saved to checkpoints/grid-run_nicme_v3_hybrid_pretty_a0p3_l0p02_lr5e5_s42/checkpoint-16/preprocessor_config.json
{'loss': '7.627', 'grad_norm': '20.86', 'learning_rate': '1.827e-05', 'epoch': '1.262'}
{'loss': '6.185', 'grad_norm': '20.99', 'learning_rate': '2.788e-05', 'epoch': '1.918'}
{'eval_loss': '1.159', 'eval_accuracy': '0.7097', 'eval_f1': '0.7023', 'eval_balanced_accuracy': '0.7097', 'eval_macro_f1': '0.7023', 'eval_atc': '0.6645', 'eval_normalized_atc': '0.06645', 'eval_target_recall': '0.4516', 'eval_target_recall_macro': '0.7339', 'eval_target_fnr': '0.09677', 'eval_selection_score': '0.8788', 'eval_selection_accuracy_value': '0.7097', 'eval_nll': '1.1', 'eval_brier': '0.5314', 'eval_ece': '0.3117', 'eval_auroc': '0', 'eval_auprc': '0', 'eval_runtime': '3.85', 'eval_samples_per_second': '80.52', 'eval_steps_per_second': '5.195', 'epoch': '2'}
CustomImageProcessor configuration saved to checkpoints/grid-run_nicme_v3_hybrid_pretty_a0p3_l0p02_lr5e5_s42/checkpoint-32/preprocessor_config.json
{'loss': '3.65', 'grad_norm': '19.84', 'learning_rate': '3.75e-05', 'epoch': '2.525'}
{'eval_loss': '0.6451', 'eval_accuracy': '0.729', 'eval_f1': '0.6929', 'eval_balanced_accuracy': '0.729', 'eval_macro_f1': '0.6929', 'eval_atc': '0.5032', 'eval_normalized_atc': '0.05032', 'eval_target_recall': '0.8065', 'eval_target_recall_macro': '0.8871', 'eval_target_fnr': '0', 'eval_selection_score': '0.09036', 'eval_selection_accuracy_value': '0.729', 'eval_nll': '0.5943', 'eval_brier': '0.3346', 'eval_ece': '0.08776', 'eval_auroc': '0', 'eval_auprc': '0', 'eval_runtime': '3.874', 'eval_samples_per_second': '80.01', 'eval_steps_per_second': '5.162', 'epoch': '3'}
CustomImageProcessor configuration saved to checkpoints/grid-run_nicme_v3_hybrid_pretty_a0p3_l0p02_lr5e5_s42/checkpoint-48/preprocessor_config.json
{'loss': '2.467', 'grad_norm': '44.29', 'learning_rate': '4.712e-05', 'epoch': '3.131'}
{'loss': '1.773', 'grad_norm': '77.22', 'learning_rate': '4.997e-05', 'epoch': '3.787'}
{'eval_loss': '0.3546', 'eval_accuracy': '0.9032', 'eval_f1': '0.8995', 'eval_balanced_accuracy': '0.9032', 'eval_macro_f1': '0.8995', 'eval_atc': '0.4194', 'eval_normalized_atc': '0.04194', 'eval_target_recall': '0.5161', 'eval_target_recall_macro': '0.8145', 'eval_target_fnr': '0.03226', 'eval_selection_score': '0.6314', 'eval_selection_accuracy_value': '0.9032', 'eval_nll': '0.3044', 'eval_brier': '0.1548', 'eval_ece': '0.09656', 'eval_auroc': '0', 'eval_auprc': '0', 'eval_runtime': '3.775', 'eval_samples_per_second': '82.12', 'eval_steps_per_second': '5.298', 'epoch': '4'}
CustomImageProcessor configuration saved to checkpoints/grid-run_nicme_v3_hybrid_pretty_a0p3_l0p02_lr5e5_s42/checkpoint-64/preprocessor_config.json
{'loss': '1.185', 'grad_norm': '37.65', 'learning_rate': '4.983e-05', 'epoch': '4.393'}
{'loss': '0.9311', 'grad_norm': '12.2', 'learning_rate': '4.958e-05', 'epoch': '5'}
{'eval_loss': '0.205', 'eval_accuracy': '0.9548', 'eval_f1': '0.955', 'eval_balanced_accuracy': '0.9548', 'eval_macro_f1': '0.955', 'eval_atc': '0.07419', 'eval_normalized_atc': '0.007419', 'eval_target_recall': '0.8065', 'eval_target_recall_macro': '0.9435', 'eval_target_fnr': '0', 'eval_selection_score': '0.04242', 'eval_selection_accuracy_value': '0.9548', 'eval_nll': '0.1902', 'eval_brier': '0.09063', 'eval_ece': '0.06953', 'eval_auroc': '0', 'eval_auprc': '0', 'eval_runtime': '4.145', 'eval_samples_per_second': '74.79', 'eval_steps_per_second': '4.825', 'epoch': '5'}
CustomImageProcessor configuration saved to checkpoints/grid-run_nicme_v3_hybrid_pretty_a0p3_l0p02_lr5e5_s42/checkpoint-80/preprocessor_config.json
{'loss': '0.6947', 'grad_norm': '10.22', 'learning_rate': '4.921e-05', 'epoch': '5.656'}
{'eval_loss': '0.1806', 'eval_accuracy': '0.9613', 'eval_f1': '0.9611', 'eval_balanced_accuracy': '0.9613', 'eval_macro_f1': '0.9611', 'eval_atc': '0.09032', 'eval_normalized_atc': '0.009032', 'eval_target_recall': '0.9032', 'eval_target_recall_macro': '0.9597', 'eval_target_fnr': '0', 'eval_selection_score': '0.009032', 'eval_selection_accuracy_value': '0.9613', 'eval_nll': '0.1558', 'eval_brier': '0.0772', 'eval_ece': '0.05463', 'eval_auroc': '0', 'eval_auprc': '0', 'eval_runtime': '3.689', 'eval_samples_per_second': '84.03', 'eval_steps_per_second': '5.421', 'epoch': '6'}
CustomImageProcessor configuration saved to checkpoints/grid-run_nicme_v3_hybrid_pretty_a0p3_l0p02_lr5e5_s42/checkpoint-96/preprocessor_config.json
{'loss': '0.5069', 'grad_norm': '48.7', 'learning_rate': '4.872e-05', 'epoch': '6.262'}
{'loss': '0.3718', 'grad_norm': '46.86', 'learning_rate': '4.813e-05', 'epoch': '6.918'}
{'eval_loss': '0.1546', 'eval_accuracy': '0.9516', 'eval_f1': '0.9507', 'eval_balanced_accuracy': '0.9516', 'eval_macro_f1': '0.9507', 'eval_atc': '0.07742', 'eval_normalized_atc': '0.007742', 'eval_target_recall': '0.8065', 'eval_target_recall_macro': '0.9516', 'eval_target_fnr': '0', 'eval_selection_score': '0.04275', 'eval_selection_accuracy_value': '0.9516', 'eval_nll': '0.1477', 'eval_brier': '0.07876', 'eval_ece': '0.01676', 'eval_auroc': '0', 'eval_auprc': '0', 'eval_runtime': '9.158', 'eval_samples_per_second': '33.85', 'eval_steps_per_second': '2.184', 'epoch': '7'}
CustomImageProcessor configuration saved to checkpoints/grid-run_nicme_v3_hybrid_pretty_a0p3_l0p02_lr5e5_s42/checkpoint-112/preprocessor_config.json
{'loss': '0.1877', 'grad_norm': '9.753', 'learning_rate': '4.743e-05', 'epoch': '7.525'}
{'eval_loss': '0.06073', 'eval_accuracy': '0.9839', 'eval_f1': '0.9838', 'eval_balanced_accuracy': '0.9839', 'eval_macro_f1': '0.9838', 'eval_atc': '0.01613', 'eval_normalized_atc': '0.001613', 'eval_target_recall': '0.9355', 'eval_target_recall_macro': '0.9839', 'eval_target_fnr': '0', 'eval_selection_score': '0.001613', 'eval_selection_accuracy_value': '0.9839', 'eval_nll': '0.05718', 'eval_brier': '0.02749', 'eval_ece': '0.02111', 'eval_auroc': '0', 'eval_auprc': '0', 'eval_runtime': '3.994', 'eval_samples_per_second': '77.61', 'eval_steps_per_second': '5.007', 'epoch': '8'}
CustomImageProcessor configuration saved to checkpoints/grid-run_nicme_v3_hybrid_pretty_a0p3_l0p02_lr5e5_s42/checkpoint-128/preprocessor_config.json
{'loss': '0.1602', 'grad_norm': '19.82', 'learning_rate': '4.662e-05', 'epoch': '8.131'}
{'loss': '0.2422', 'grad_norm': '40.49', 'learning_rate': '4.572e-05', 'epoch': '8.787'}
{'eval_loss': '0.06556', 'eval_accuracy': '0.9806', 'eval_f1': '0.9806', 'eval_balanced_accuracy': '0.9806', 'eval_macro_f1': '0.9806', 'eval_atc': '0.01935', 'eval_normalized_atc': '0.001935', 'eval_target_recall': '0.9677', 'eval_target_recall_macro': '0.9919', 'eval_target_fnr': '0', 'eval_selection_score': '0.001935', 'eval_selection_accuracy_value': '0.9806', 'eval_nll': '0.06297', 'eval_brier': '0.03185', 'eval_ece': '0.02256', 'eval_auroc': '0', 'eval_auprc': '0', 'eval_runtime': '4.22', 'eval_samples_per_second': '73.46', 'eval_steps_per_second': '4.74', 'epoch': '9'}
CustomImageProcessor configuration saved to checkpoints/grid-run_nicme_v3_hybrid_pretty_a0p3_l0p02_lr5e5_s42/checkpoint-144/preprocessor_config.json
{'loss': '0.1295', 'grad_norm': '24.66', 'learning_rate': '4.471e-05', 'epoch': '9.393'}
{'loss': '0.204', 'grad_norm': '39.18', 'learning_rate': '4.362e-05', 'epoch': '10'}
{'eval_loss': '0.1189', 'eval_accuracy': '0.9581', 'eval_f1': '0.9558', 'eval_balanced_accuracy': '0.9581', 'eval_macro_f1': '0.9558', 'eval_atc': '0.1', 'eval_normalized_atc': '0.01', 'eval_target_recall': '0.6452', 'eval_target_recall_macro': '0.9032', 'eval_target_fnr': '0', 'eval_selection_score': '0.2698', 'eval_selection_accuracy_value': '0.9581', 'eval_nll': '0.1132', 'eval_brier': '0.05723', 'eval_ece': '0.02399', 'eval_auroc': '0', 'eval_auprc': '0', 'eval_runtime': '4.011', 'eval_samples_per_second': '77.29', 'eval_steps_per_second': '4.986', 'epoch': '10'}
CustomImageProcessor configuration saved to checkpoints/grid-run_nicme_v3_hybrid_pretty_a0p3_l0p02_lr5e5_s42/checkpoint-160/preprocessor_config.json
{'loss': '0.2066', 'grad_norm': '29.07', 'learning_rate': '4.243e-05', 'epoch': '10.66'}
{'eval_loss': '0.07223', 'eval_accuracy': '0.9742', 'eval_f1': '0.9742', 'eval_balanced_accuracy': '0.9742', 'eval_macro_f1': '0.9742', 'eval_atc': '0.02581', 'eval_normalized_atc': '0.002581', 'eval_target_recall': '0.871', 'eval_target_recall_macro': '0.9597', 'eval_target_fnr': '0', 'eval_selection_score': '0.005952', 'eval_selection_accuracy_value': '0.9742', 'eval_nll': '0.07124', 'eval_brier': '0.03923', 'eval_ece': '0.01085', 'eval_auroc': '0', 'eval_auprc': '0', 'eval_runtime': '4.13', 'eval_samples_per_second': '75.06', 'eval_steps_per_second': '4.843', 'epoch': '11'}
CustomImageProcessor configuration saved to checkpoints/grid-run_nicme_v3_hybrid_pretty_a0p3_l0p02_lr5e5_s42/checkpoint-176/preprocessor_config.json
{'loss': '0.04663', 'grad_norm': '1.242', 'learning_rate': '4.117e-05', 'epoch': '11.26'}
{'loss': '0.04759', 'grad_norm': '18.43', 'learning_rate': '3.983e-05', 'epoch': '11.92'}
{'eval_loss': '0.05695', 'eval_accuracy': '0.9806', 'eval_f1': '0.9805', 'eval_balanced_accuracy': '0.9806', 'eval_macro_f1': '0.9805', 'eval_atc': '0.04839', 'eval_normalized_atc': '0.004839', 'eval_target_recall': '0.9032', 'eval_target_recall_macro': '0.9677', 'eval_target_fnr': '0', 'eval_selection_score': '0.004839', 'eval_selection_accuracy_value': '0.9806', 'eval_nll': '0.05457', 'eval_brier': '0.02786', 'eval_ece': '0.01185', 'eval_auroc': '0', 'eval_auprc': '0', 'eval_runtime': '3.647', 'eval_samples_per_second': '84.99', 'eval_steps_per_second': '5.483', 'epoch': '12'}
CustomImageProcessor configuration saved to checkpoints/grid-run_nicme_v3_hybrid_pretty_a0p3_l0p02_lr5e5_s42/checkpoint-192/preprocessor_config.json
{'loss': '0.02089', 'grad_norm': '1.544', 'learning_rate': '3.842e-05', 'epoch': '12.52'}
{'eval_loss': '0.04869', 'eval_accuracy': '0.9871', 'eval_f1': '0.987', 'eval_balanced_accuracy': '0.9871', 'eval_macro_f1': '0.987', 'eval_atc': '0.0129', 'eval_normalized_atc': '0.00129', 'eval_target_recall': '0.9355', 'eval_target_recall_macro': '0.9839', 'eval_target_fnr': '0', 'eval_selection_score': '0.00129', 'eval_selection_accuracy_value': '0.9871', 'eval_nll': '0.04846', 'eval_brier': '0.02241', 'eval_ece': '0.01182', 'eval_auroc': '0', 'eval_auprc': '0', 'eval_runtime': '4.065', 'eval_samples_per_second': '76.26', 'eval_steps_per_second': '4.92', 'epoch': '13'}
CustomImageProcessor configuration saved to checkpoints/grid-run_nicme_v3_hybrid_pretty_a0p3_l0p02_lr5e5_s42/checkpoint-208/preprocessor_config.json
{'loss': '0.02822', 'grad_norm': '3.701', 'learning_rate': '3.695e-05', 'epoch': '13.13'}
{'loss': '0.1223', 'grad_norm': '82.49', 'learning_rate': '3.543e-05', 'epoch': '13.79'}
{'eval_loss': '0.07662', 'eval_accuracy': '0.9742', 'eval_f1': '0.974', 'eval_balanced_accuracy': '0.9742', 'eval_macro_f1': '0.974', 'eval_atc': '0.02581', 'eval_normalized_atc': '0.002581', 'eval_target_recall': '0.9677', 'eval_target_recall_macro': '0.9919', 'eval_target_fnr': '0', 'eval_selection_score': '0.002581', 'eval_selection_accuracy_value': '0.9742', 'eval_nll': '0.07576', 'eval_brier': '0.03985', 'eval_ece': '0.01473', 'eval_auroc': '0', 'eval_auprc': '0', 'eval_runtime': '3.535', 'eval_samples_per_second': '87.69', 'eval_steps_per_second': '5.657', 'epoch': '14'}
CustomImageProcessor configuration saved to checkpoints/grid-run_nicme_v3_hybrid_pretty_a0p3_l0p02_lr5e5_s42/checkpoint-224/preprocessor_config.json
{'train_runtime': '224.9', 'train_samples_per_second': '138', 'train_steps_per_second': '2.277', 'train_loss': '1.617', 'epoch': '14'}
***** train metrics *****
  epoch                    =       14.0
  total_flos               =        0GF
  train_loss               =     1.6175
  train_runtime            = 0:03:44.85
  train_samples_per_second =    138.042
  train_steps_per_second   =      2.277
Using device: cuda

============================================================
PERFORMING COMPREHENSIVE EVALUATION
============================================================
Results will be saved to: results/pmi10_sota_convnext_base_test/grid-run_nicme_v3_hybrid_pretty_a0p3_l0p02_lr5e5_s42_05-03_06-25
Saving run configuration...
Run configuration saved to: results/pmi10_sota_convnext_base_test/grid-run_nicme_v3_hybrid_pretty_a0p3_l0p02_lr5e5_s42_05-03_06-25/run_configuration_20260503_062524.json
Running model evaluation...
Computing detailed metrics...
Saving metrics to files...
Metrics saved to: results/pmi10_sota_convnext_base_test/grid-run_nicme_v3_hybrid_pretty_a0p3_l0p02_lr5e5_s42_05-03_06-25/metrics_20260503_062533_nicme_v3_hybrid.json and results/pmi10_sota_convnext_base_test/grid-run_nicme_v3_hybrid_pretty_a0p3_l0p02_lr5e5_s42_05-03_06-25/metrics_20260503_062533_nicme_v3_hybrid.txt
Using provided class names: ['00378-0208', '00378-3855', '00591-0461', '16729-0020', '50111-0434', '53489-0156', '53746-0544', '62037-0831', '68382-0008', '68382-0227']
Skipping confusion matrix visualizations by configuration.

============================================================
TRAINING COMPLETED - RESULTS SUMMARY
============================================================
Output Directory: results/pmi10_sota_convnext_base_test/grid-run_nicme_v3_hybrid_pretty_a0p3_l0p02_lr5e5_s42_05-03_06-25
Overall Accuracy: 0.9656
Balanced Accuracy: 0.9656
Overall F1 Score: 0.9659
Kappa: 0.9618
AUC: 0.9995
Expected Cost: 0.0906
Loss Function Used: nicme_v3_hybrid
Total Test Samples: 320
Classes: 00378-0208, 00378-3855, 00591-0461, 16729-0020, 50111-0434, 53489-0156, 53746-0544, 62037-0831, 68382-0008, 68382-0227

Detailed metrics saved to: results/pmi10_sota_convnext_base_test/grid-run_nicme_v3_hybrid_pretty_a0p3_l0p02_lr5e5_s42_05-03_06-25
============================================================
