Prepared manifest loaded — Train=970, Val=310, Calibration=0, Test=320
cuda
Using model backend=timm type=pmi10_sota_convnext_base with 10 labels
Early stopping enabled with patience=5
Using device: cuda
{'loss': '9.438', 'grad_norm': '17.17', 'learning_rate': '8.654e-06', 'epoch': '0.6557'}
{'eval_loss': '2.018', 'eval_accuracy': '0.4903', 'eval_f1': '0.4701', 'eval_balanced_accuracy': '0.4903', 'eval_macro_f1': '0.4701', 'eval_atc': '0.9935', 'eval_normalized_atc': '0.09935', 'eval_target_recall': '0.2258', 'eval_target_recall_macro': '0.4839', 'eval_target_fnr': '0.4516', 'eval_selection_score': '2.013', 'eval_selection_accuracy_value': '0.4903', 'eval_nll': '1.975', 'eval_brier': '0.8175', 'eval_ece': '0.3287', 'eval_auroc': '0', 'eval_auprc': '0', 'eval_runtime': '4.554', 'eval_samples_per_second': '68.07', 'eval_steps_per_second': '4.391', 'epoch': '1'}
CustomImageProcessor configuration saved to checkpoints/grid-run_nicme_v3_hybrid_pretty_a0p3_l0p04_lr5e5_s42/checkpoint-16/preprocessor_config.json
{'loss': '7.631', 'grad_norm': '20.87', 'learning_rate': '1.827e-05', 'epoch': '1.262'}
{'loss': '6.193', 'grad_norm': '21', 'learning_rate': '2.788e-05', 'epoch': '1.918'}
{'eval_loss': '1.162', 'eval_accuracy': '0.7097', 'eval_f1': '0.7023', 'eval_balanced_accuracy': '0.7097', 'eval_macro_f1': '0.7023', 'eval_atc': '0.6645', 'eval_normalized_atc': '0.06645', 'eval_target_recall': '0.4516', 'eval_target_recall_macro': '0.7339', 'eval_target_fnr': '0.09677', 'eval_selection_score': '0.8788', 'eval_selection_accuracy_value': '0.7097', 'eval_nll': '1.1', 'eval_brier': '0.5315', 'eval_ece': '0.3117', 'eval_auroc': '0', 'eval_auprc': '0', 'eval_runtime': '3.755', 'eval_samples_per_second': '82.56', 'eval_steps_per_second': '5.326', 'epoch': '2'}
CustomImageProcessor configuration saved to checkpoints/grid-run_nicme_v3_hybrid_pretty_a0p3_l0p04_lr5e5_s42/checkpoint-32/preprocessor_config.json
{'loss': '3.658', 'grad_norm': '19.88', 'learning_rate': '3.75e-05', 'epoch': '2.525'}
{'eval_loss': '0.6471', 'eval_accuracy': '0.729', 'eval_f1': '0.6929', 'eval_balanced_accuracy': '0.729', 'eval_macro_f1': '0.6929', 'eval_atc': '0.5032', 'eval_normalized_atc': '0.05032', 'eval_target_recall': '0.8065', 'eval_target_recall_macro': '0.8871', 'eval_target_fnr': '0', 'eval_selection_score': '0.09036', 'eval_selection_accuracy_value': '0.729', 'eval_nll': '0.5947', 'eval_brier': '0.3349', 'eval_ece': '0.08767', 'eval_auroc': '0', 'eval_auprc': '0', 'eval_runtime': '4.147', 'eval_samples_per_second': '74.74', 'eval_steps_per_second': '4.822', 'epoch': '3'}
CustomImageProcessor configuration saved to checkpoints/grid-run_nicme_v3_hybrid_pretty_a0p3_l0p04_lr5e5_s42/checkpoint-48/preprocessor_config.json
{'loss': '2.474', 'grad_norm': '44.3', 'learning_rate': '4.712e-05', 'epoch': '3.131'}
{'loss': '1.777', 'grad_norm': '78.02', 'learning_rate': '4.997e-05', 'epoch': '3.787'}
{'eval_loss': '0.3565', 'eval_accuracy': '0.9', 'eval_f1': '0.8962', 'eval_balanced_accuracy': '0.9', 'eval_macro_f1': '0.8962', 'eval_atc': '0.4226', 'eval_normalized_atc': '0.04226', 'eval_target_recall': '0.5161', 'eval_target_recall_macro': '0.8065', 'eval_target_fnr': '0.03226', 'eval_selection_score': '0.6317', 'eval_selection_accuracy_value': '0.9', 'eval_nll': '0.305', 'eval_brier': '0.1551', 'eval_ece': '0.09619', 'eval_auroc': '0', 'eval_auprc': '0', 'eval_runtime': '3.744', 'eval_samples_per_second': '82.8', 'eval_steps_per_second': '5.342', 'epoch': '4'}
CustomImageProcessor configuration saved to checkpoints/grid-run_nicme_v3_hybrid_pretty_a0p3_l0p04_lr5e5_s42/checkpoint-64/preprocessor_config.json
{'loss': '1.19', 'grad_norm': '37.92', 'learning_rate': '4.983e-05', 'epoch': '4.393'}
{'loss': '0.9348', 'grad_norm': '12.17', 'learning_rate': '4.958e-05', 'epoch': '5'}
{'eval_loss': '0.2065', 'eval_accuracy': '0.9548', 'eval_f1': '0.955', 'eval_balanced_accuracy': '0.9548', 'eval_macro_f1': '0.955', 'eval_atc': '0.07419', 'eval_normalized_atc': '0.007419', 'eval_target_recall': '0.8065', 'eval_target_recall_macro': '0.9435', 'eval_target_fnr': '0', 'eval_selection_score': '0.04242', 'eval_selection_accuracy_value': '0.9548', 'eval_nll': '0.1911', 'eval_brier': '0.09122', 'eval_ece': '0.07119', 'eval_auroc': '0', 'eval_auprc': '0', 'eval_runtime': '3.921', 'eval_samples_per_second': '79.07', 'eval_steps_per_second': '5.101', 'epoch': '5'}
CustomImageProcessor configuration saved to checkpoints/grid-run_nicme_v3_hybrid_pretty_a0p3_l0p04_lr5e5_s42/checkpoint-80/preprocessor_config.json
{'loss': '0.6966', 'grad_norm': '10.23', 'learning_rate': '4.921e-05', 'epoch': '5.656'}
{'eval_loss': '0.1803', 'eval_accuracy': '0.9613', 'eval_f1': '0.9611', 'eval_balanced_accuracy': '0.9613', 'eval_macro_f1': '0.9611', 'eval_atc': '0.09032', 'eval_normalized_atc': '0.009032', 'eval_target_recall': '0.9032', 'eval_target_recall_macro': '0.9597', 'eval_target_fnr': '0', 'eval_selection_score': '0.009032', 'eval_selection_accuracy_value': '0.9613', 'eval_nll': '0.1551', 'eval_brier': '0.07677', 'eval_ece': '0.05403', 'eval_auroc': '0', 'eval_auprc': '0', 'eval_runtime': '3.942', 'eval_samples_per_second': '78.65', 'eval_steps_per_second': '5.074', 'epoch': '6'}
CustomImageProcessor configuration saved to checkpoints/grid-run_nicme_v3_hybrid_pretty_a0p3_l0p04_lr5e5_s42/checkpoint-96/preprocessor_config.json
{'loss': '0.5077', 'grad_norm': '48.71', 'learning_rate': '4.872e-05', 'epoch': '6.262'}
{'loss': '0.3703', 'grad_norm': '45.73', 'learning_rate': '4.813e-05', 'epoch': '6.918'}
{'eval_loss': '0.1537', 'eval_accuracy': '0.9516', 'eval_f1': '0.9507', 'eval_balanced_accuracy': '0.9516', 'eval_macro_f1': '0.9507', 'eval_atc': '0.07742', 'eval_normalized_atc': '0.007742', 'eval_target_recall': '0.8065', 'eval_target_recall_macro': '0.9516', 'eval_target_fnr': '0', 'eval_selection_score': '0.04275', 'eval_selection_accuracy_value': '0.9516', 'eval_nll': '0.1466', 'eval_brier': '0.07797', 'eval_ece': '0.01411', 'eval_auroc': '0', 'eval_auprc': '0', 'eval_runtime': '3.71', 'eval_samples_per_second': '83.55', 'eval_steps_per_second': '5.39', 'epoch': '7'}
CustomImageProcessor configuration saved to checkpoints/grid-run_nicme_v3_hybrid_pretty_a0p3_l0p04_lr5e5_s42/checkpoint-112/preprocessor_config.json
{'loss': '0.1868', 'grad_norm': '9.601', 'learning_rate': '4.743e-05', 'epoch': '7.525'}
{'eval_loss': '0.06305', 'eval_accuracy': '0.9806', 'eval_f1': '0.9805', 'eval_balanced_accuracy': '0.9806', 'eval_macro_f1': '0.9805', 'eval_atc': '0.01935', 'eval_normalized_atc': '0.001935', 'eval_target_recall': '0.9032', 'eval_target_recall_macro': '0.9758', 'eval_target_fnr': '0', 'eval_selection_score': '0.001935', 'eval_selection_accuracy_value': '0.9806', 'eval_nll': '0.05927', 'eval_brier': '0.02903', 'eval_ece': '0.02495', 'eval_auroc': '0', 'eval_auprc': '0', 'eval_runtime': '3.796', 'eval_samples_per_second': '81.67', 'eval_steps_per_second': '5.269', 'epoch': '8'}
CustomImageProcessor configuration saved to checkpoints/grid-run_nicme_v3_hybrid_pretty_a0p3_l0p04_lr5e5_s42/checkpoint-128/preprocessor_config.json
{'loss': '0.1543', 'grad_norm': '19.56', 'learning_rate': '4.662e-05', 'epoch': '8.131'}
{'loss': '0.2584', 'grad_norm': '49.22', 'learning_rate': '4.572e-05', 'epoch': '8.787'}
{'eval_loss': '0.07416', 'eval_accuracy': '0.9742', 'eval_f1': '0.974', 'eval_balanced_accuracy': '0.9742', 'eval_macro_f1': '0.974', 'eval_atc': '0.02581', 'eval_normalized_atc': '0.002581', 'eval_target_recall': '0.9677', 'eval_target_recall_macro': '0.9919', 'eval_target_fnr': '0', 'eval_selection_score': '0.002581', 'eval_selection_accuracy_value': '0.9742', 'eval_nll': '0.07111', 'eval_brier': '0.03667', 'eval_ece': '0.02571', 'eval_auroc': '0', 'eval_auprc': '0', 'eval_runtime': '3.813', 'eval_samples_per_second': '81.29', 'eval_steps_per_second': '5.245', 'epoch': '9'}
CustomImageProcessor configuration saved to checkpoints/grid-run_nicme_v3_hybrid_pretty_a0p3_l0p04_lr5e5_s42/checkpoint-144/preprocessor_config.json
{'loss': '0.119', 'grad_norm': '27.41', 'learning_rate': '4.471e-05', 'epoch': '9.393'}
{'loss': '0.2075', 'grad_norm': '39.05', 'learning_rate': '4.362e-05', 'epoch': '10'}
{'eval_loss': '0.09363', 'eval_accuracy': '0.971', 'eval_f1': '0.9699', 'eval_balanced_accuracy': '0.971', 'eval_macro_f1': '0.9699', 'eval_atc': '0.0871', 'eval_normalized_atc': '0.00871', 'eval_target_recall': '0.7419', 'eval_target_recall_macro': '0.9274', 'eval_target_fnr': '0', 'eval_selection_score': '0.1086', 'eval_selection_accuracy_value': '0.971', 'eval_nll': '0.08799', 'eval_brier': '0.04517', 'eval_ece': '0.01498', 'eval_auroc': '0', 'eval_auprc': '0', 'eval_runtime': '3.699', 'eval_samples_per_second': '83.81', 'eval_steps_per_second': '5.407', 'epoch': '10'}
CustomImageProcessor configuration saved to checkpoints/grid-run_nicme_v3_hybrid_pretty_a0p3_l0p04_lr5e5_s42/checkpoint-160/preprocessor_config.json
{'loss': '0.1562', 'grad_norm': '26.97', 'learning_rate': '4.243e-05', 'epoch': '10.66'}
{'eval_loss': '0.05263', 'eval_accuracy': '0.9871', 'eval_f1': '0.9868', 'eval_balanced_accuracy': '0.9871', 'eval_macro_f1': '0.9868', 'eval_atc': '0.0129', 'eval_normalized_atc': '0.00129', 'eval_target_recall': '0.871', 'eval_target_recall_macro': '0.9677', 'eval_target_fnr': '0', 'eval_selection_score': '0.004662', 'eval_selection_accuracy_value': '0.9871', 'eval_nll': '0.05186', 'eval_brier': '0.02364', 'eval_ece': '0.008804', 'eval_auroc': '0', 'eval_auprc': '0', 'eval_runtime': '3.957', 'eval_samples_per_second': '78.35', 'eval_steps_per_second': '5.055', 'epoch': '11'}
CustomImageProcessor configuration saved to checkpoints/grid-run_nicme_v3_hybrid_pretty_a0p3_l0p04_lr5e5_s42/checkpoint-176/preprocessor_config.json
{'loss': '0.02826', 'grad_norm': '0.9154', 'learning_rate': '4.117e-05', 'epoch': '11.26'}
{'loss': '0.04102', 'grad_norm': '4.98', 'learning_rate': '3.983e-05', 'epoch': '11.92'}
{'eval_loss': '0.05652', 'eval_accuracy': '0.9871', 'eval_f1': '0.987', 'eval_balanced_accuracy': '0.9871', 'eval_macro_f1': '0.987', 'eval_atc': '0.0129', 'eval_normalized_atc': '0.00129', 'eval_target_recall': '0.9355', 'eval_target_recall_macro': '0.9839', 'eval_target_fnr': '0', 'eval_selection_score': '0.00129', 'eval_selection_accuracy_value': '0.9871', 'eval_nll': '0.05547', 'eval_brier': '0.02679', 'eval_ece': '0.01062', 'eval_auroc': '0', 'eval_auprc': '0', 'eval_runtime': '3.87', 'eval_samples_per_second': '80.11', 'eval_steps_per_second': '5.168', 'epoch': '12'}
CustomImageProcessor configuration saved to checkpoints/grid-run_nicme_v3_hybrid_pretty_a0p3_l0p04_lr5e5_s42/checkpoint-192/preprocessor_config.json
{'loss': '0.04621', 'grad_norm': '2.279', 'learning_rate': '3.842e-05', 'epoch': '12.52'}
{'eval_loss': '0.05046', 'eval_accuracy': '0.9839', 'eval_f1': '0.984', 'eval_balanced_accuracy': '0.9839', 'eval_macro_f1': '0.984', 'eval_atc': '0.01613', 'eval_normalized_atc': '0.001613', 'eval_target_recall': '0.9677', 'eval_target_recall_macro': '0.9839', 'eval_target_fnr': '0', 'eval_selection_score': '0.001613', 'eval_selection_accuracy_value': '0.9839', 'eval_nll': '0.04822', 'eval_brier': '0.02721', 'eval_ece': '0.01238', 'eval_auroc': '0', 'eval_auprc': '0', 'eval_runtime': '4.061', 'eval_samples_per_second': '76.34', 'eval_steps_per_second': '4.925', 'epoch': '13'}
CustomImageProcessor configuration saved to checkpoints/grid-run_nicme_v3_hybrid_pretty_a0p3_l0p04_lr5e5_s42/checkpoint-208/preprocessor_config.json
{'loss': '0.02901', 'grad_norm': '7.251', 'learning_rate': '3.695e-05', 'epoch': '13.13'}
{'loss': '0.01703', 'grad_norm': '0.6247', 'learning_rate': '3.543e-05', 'epoch': '13.79'}
{'eval_loss': '0.04041', 'eval_accuracy': '0.9806', 'eval_f1': '0.9806', 'eval_balanced_accuracy': '0.9806', 'eval_macro_f1': '0.9806', 'eval_atc': '0.01935', 'eval_normalized_atc': '0.001935', 'eval_target_recall': '0.9355', 'eval_target_recall_macro': '0.9839', 'eval_target_fnr': '0', 'eval_selection_score': '0.001935', 'eval_selection_accuracy_value': '0.9806', 'eval_nll': '0.03989', 'eval_brier': '0.02193', 'eval_ece': '0.01239', 'eval_auroc': '0', 'eval_auprc': '0', 'eval_runtime': '3.857', 'eval_samples_per_second': '80.38', 'eval_steps_per_second': '5.186', 'epoch': '14'}
CustomImageProcessor configuration saved to checkpoints/grid-run_nicme_v3_hybrid_pretty_a0p3_l0p04_lr5e5_s42/checkpoint-224/preprocessor_config.json
{'train_runtime': '219.3', 'train_samples_per_second': '141.5', 'train_steps_per_second': '2.335', 'train_loss': '1.612', 'epoch': '14'}
***** train metrics *****
  epoch                    =       14.0
  total_flos               =        0GF
  train_loss               =     1.6123
  train_runtime            = 0:03:39.28
  train_samples_per_second =    141.548
  train_steps_per_second   =      2.335
Using device: cuda

============================================================
PERFORMING COMPREHENSIVE EVALUATION
============================================================
Results will be saved to: results/pmi10_sota_convnext_base_test/grid-run_nicme_v3_hybrid_pretty_a0p3_l0p04_lr5e5_s42_05-03_06-33
Saving run configuration...
Run configuration saved to: results/pmi10_sota_convnext_base_test/grid-run_nicme_v3_hybrid_pretty_a0p3_l0p04_lr5e5_s42_05-03_06-33/run_configuration_20260503_063342.json
Running model evaluation...
Computing detailed metrics...
Saving metrics to files...
Metrics saved to: results/pmi10_sota_convnext_base_test/grid-run_nicme_v3_hybrid_pretty_a0p3_l0p04_lr5e5_s42_05-03_06-33/metrics_20260503_063352_nicme_v3_hybrid.json and results/pmi10_sota_convnext_base_test/grid-run_nicme_v3_hybrid_pretty_a0p3_l0p04_lr5e5_s42_05-03_06-33/metrics_20260503_063352_nicme_v3_hybrid.txt
Using provided class names: ['00378-0208', '00378-3855', '00591-0461', '16729-0020', '50111-0434', '53489-0156', '53746-0544', '62037-0831', '68382-0008', '68382-0227']
Skipping confusion matrix visualizations by configuration.

============================================================
TRAINING COMPLETED - RESULTS SUMMARY
============================================================
Output Directory: results/pmi10_sota_convnext_base_test/grid-run_nicme_v3_hybrid_pretty_a0p3_l0p04_lr5e5_s42_05-03_06-33
Overall Accuracy: 0.9531
Balanced Accuracy: 0.9531
Overall F1 Score: 0.9528
Kappa: 0.9479
AUC: 0.9995
Expected Cost: 0.1031
Loss Function Used: nicme_v3_hybrid
Total Test Samples: 320
Classes: 00378-0208, 00378-3855, 00591-0461, 16729-0020, 50111-0434, 53489-0156, 53746-0544, 62037-0831, 68382-0008, 68382-0227

Detailed metrics saved to: results/pmi10_sota_convnext_base_test/grid-run_nicme_v3_hybrid_pretty_a0p3_l0p04_lr5e5_s42_05-03_06-33
============================================================
