Prepared manifest loaded — Train=970, Val=310, Calibration=0, Test=320
cuda
Using model backend=timm type=pmi10_sota_convnext_base with 10 labels
Early stopping enabled with patience=5
Using device: cuda
{'loss': '9.504', 'grad_norm': '17.15', 'learning_rate': '8.654e-06', 'epoch': '0.6557'}
{'eval_loss': '2.036', 'eval_accuracy': '0.4839', 'eval_f1': '0.4632', 'eval_balanced_accuracy': '0.4839', 'eval_macro_f1': '0.4632', 'eval_atc': '0.8903', 'eval_normalized_atc': '0.08903', 'eval_target_recall': '0.1935', 'eval_target_recall_macro': '0.4758', 'eval_target_fnr': '0.4194', 'eval_selection_score': '2.185', 'eval_selection_accuracy_value': '0.4839', 'eval_nll': '1.976', 'eval_brier': '0.8172', 'eval_ece': '0.3214', 'eval_auroc': '0', 'eval_auprc': '0', 'eval_runtime': '4.729', 'eval_samples_per_second': '65.56', 'eval_steps_per_second': '4.229', 'epoch': '1'}
CustomImageProcessor configuration saved to checkpoints/grid-run_nicme_v3_hybrid_pretty_a0p4_l0p04_lr5e5_s42/checkpoint-16/preprocessor_config.json
{'loss': '7.694', 'grad_norm': '20.93', 'learning_rate': '1.827e-05', 'epoch': '1.262'}
{'loss': '6.279', 'grad_norm': '20.92', 'learning_rate': '2.788e-05', 'epoch': '1.918'}
{'eval_loss': '1.188', 'eval_accuracy': '0.7129', 'eval_f1': '0.7052', 'eval_balanced_accuracy': '0.7129', 'eval_macro_f1': '0.7052', 'eval_atc': '0.5806', 'eval_normalized_atc': '0.05806', 'eval_target_recall': '0.4516', 'eval_target_recall_macro': '0.7581', 'eval_target_fnr': '0.03226', 'eval_selection_score': '0.8699', 'eval_selection_accuracy_value': '0.7129', 'eval_nll': '1.104', 'eval_brier': '0.5319', 'eval_ece': '0.3166', 'eval_auroc': '0', 'eval_auprc': '0', 'eval_runtime': '3.946', 'eval_samples_per_second': '78.56', 'eval_steps_per_second': '5.069', 'epoch': '2'}
CustomImageProcessor configuration saved to checkpoints/grid-run_nicme_v3_hybrid_pretty_a0p4_l0p04_lr5e5_s42/checkpoint-32/preprocessor_config.json
{'loss': '3.751', 'grad_norm': '20.54', 'learning_rate': '3.75e-05', 'epoch': '2.525'}
{'eval_loss': '0.6659', 'eval_accuracy': '0.7258', 'eval_f1': '0.688', 'eval_balanced_accuracy': '0.7258', 'eval_macro_f1': '0.688', 'eval_atc': '0.5065', 'eval_normalized_atc': '0.05065', 'eval_target_recall': '0.8065', 'eval_target_recall_macro': '0.8871', 'eval_target_fnr': '0', 'eval_selection_score': '0.09116', 'eval_selection_accuracy_value': '0.7258', 'eval_nll': '0.5991', 'eval_brier': '0.3371', 'eval_ece': '0.08461', 'eval_auroc': '0', 'eval_auprc': '0', 'eval_runtime': '3.809', 'eval_samples_per_second': '81.38', 'eval_steps_per_second': '5.25', 'epoch': '3'}
CustomImageProcessor configuration saved to checkpoints/grid-run_nicme_v3_hybrid_pretty_a0p4_l0p04_lr5e5_s42/checkpoint-48/preprocessor_config.json
{'loss': '2.554', 'grad_norm': '44.56', 'learning_rate': '4.712e-05', 'epoch': '3.131'}
{'loss': '1.828', 'grad_norm': '76.44', 'learning_rate': '4.997e-05', 'epoch': '3.787'}
{'eval_loss': '0.3736', 'eval_accuracy': '0.8968', 'eval_f1': '0.8944', 'eval_balanced_accuracy': '0.8968', 'eval_macro_f1': '0.8944', 'eval_atc': '0.3581', 'eval_normalized_atc': '0.03581', 'eval_target_recall': '0.6129', 'eval_target_recall_macro': '0.8226', 'eval_target_fnr': '0.03226', 'eval_selection_score': '0.3655', 'eval_selection_accuracy_value': '0.8968', 'eval_nll': '0.3062', 'eval_brier': '0.153', 'eval_ece': '0.0999', 'eval_auroc': '0', 'eval_auprc': '0', 'eval_runtime': '3.925', 'eval_samples_per_second': '78.97', 'eval_steps_per_second': '5.095', 'epoch': '4'}
CustomImageProcessor configuration saved to checkpoints/grid-run_nicme_v3_hybrid_pretty_a0p4_l0p04_lr5e5_s42/checkpoint-64/preprocessor_config.json
{'loss': '1.275', 'grad_norm': '46.82', 'learning_rate': '4.983e-05', 'epoch': '4.393'}
{'loss': '0.962', 'grad_norm': '12.91', 'learning_rate': '4.958e-05', 'epoch': '5'}
{'eval_loss': '0.2139', 'eval_accuracy': '0.9516', 'eval_f1': '0.952', 'eval_balanced_accuracy': '0.9516', 'eval_macro_f1': '0.952', 'eval_atc': '0.07742', 'eval_normalized_atc': '0.007742', 'eval_target_recall': '0.8065', 'eval_target_recall_macro': '0.9435', 'eval_target_fnr': '0', 'eval_selection_score': '0.04275', 'eval_selection_accuracy_value': '0.9516', 'eval_nll': '0.194', 'eval_brier': '0.09335', 'eval_ece': '0.06981', 'eval_auroc': '0', 'eval_auprc': '0', 'eval_runtime': '4.268', 'eval_samples_per_second': '72.63', 'eval_steps_per_second': '4.686', 'epoch': '5'}
CustomImageProcessor configuration saved to checkpoints/grid-run_nicme_v3_hybrid_pretty_a0p4_l0p04_lr5e5_s42/checkpoint-80/preprocessor_config.json
{'loss': '0.7077', 'grad_norm': '10.68', 'learning_rate': '4.921e-05', 'epoch': '5.656'}
{'eval_loss': '0.1805', 'eval_accuracy': '0.9581', 'eval_f1': '0.9576', 'eval_balanced_accuracy': '0.9581', 'eval_macro_f1': '0.9576', 'eval_atc': '0.07097', 'eval_normalized_atc': '0.007097', 'eval_target_recall': '0.871', 'eval_target_recall_macro': '0.9597', 'eval_target_fnr': '0', 'eval_selection_score': '0.01047', 'eval_selection_accuracy_value': '0.9581', 'eval_nll': '0.154', 'eval_brier': '0.07585', 'eval_ece': '0.04808', 'eval_auroc': '0', 'eval_auprc': '0', 'eval_runtime': '3.738', 'eval_samples_per_second': '82.94', 'eval_steps_per_second': '5.351', 'epoch': '6'}
CustomImageProcessor configuration saved to checkpoints/grid-run_nicme_v3_hybrid_pretty_a0p4_l0p04_lr5e5_s42/checkpoint-96/preprocessor_config.json
{'loss': '0.5238', 'grad_norm': '57.6', 'learning_rate': '4.872e-05', 'epoch': '6.262'}
{'loss': '0.3433', 'grad_norm': '24.52', 'learning_rate': '4.813e-05', 'epoch': '6.918'}
{'eval_loss': '0.1433', 'eval_accuracy': '0.9581', 'eval_f1': '0.9572', 'eval_balanced_accuracy': '0.9581', 'eval_macro_f1': '0.9572', 'eval_atc': '0.07097', 'eval_normalized_atc': '0.007097', 'eval_target_recall': '0.8065', 'eval_target_recall_macro': '0.9516', 'eval_target_fnr': '0', 'eval_selection_score': '0.0421', 'eval_selection_accuracy_value': '0.9581', 'eval_nll': '0.1355', 'eval_brier': '0.06986', 'eval_ece': '0.02293', 'eval_auroc': '0', 'eval_auprc': '0', 'eval_runtime': '3.84', 'eval_samples_per_second': '80.72', 'eval_steps_per_second': '5.208', 'epoch': '7'}
CustomImageProcessor configuration saved to checkpoints/grid-run_nicme_v3_hybrid_pretty_a0p4_l0p04_lr5e5_s42/checkpoint-112/preprocessor_config.json
{'loss': '0.1864', 'grad_norm': '19.54', 'learning_rate': '4.743e-05', 'epoch': '7.525'}
{'eval_loss': '0.1759', 'eval_accuracy': '0.9387', 'eval_f1': '0.9383', 'eval_balanced_accuracy': '0.9387', 'eval_macro_f1': '0.9383', 'eval_atc': '0.2871', 'eval_normalized_atc': '0.02871', 'eval_target_recall': '0.6774', 'eval_target_recall_macro': '0.8952', 'eval_target_fnr': '0', 'eval_selection_score': '0.2269', 'eval_selection_accuracy_value': '0.9387', 'eval_nll': '0.1449', 'eval_brier': '0.08258', 'eval_ece': '0.02555', 'eval_auroc': '0', 'eval_auprc': '0', 'eval_runtime': '4.14', 'eval_samples_per_second': '74.89', 'eval_steps_per_second': '4.831', 'epoch': '8'}
CustomImageProcessor configuration saved to checkpoints/grid-run_nicme_v3_hybrid_pretty_a0p4_l0p04_lr5e5_s42/checkpoint-128/preprocessor_config.json
{'loss': '0.2634', 'grad_norm': '26.34', 'learning_rate': '4.662e-05', 'epoch': '8.131'}
{'loss': '0.3245', 'grad_norm': '59.05', 'learning_rate': '4.572e-05', 'epoch': '8.787'}
{'eval_loss': '0.08122', 'eval_accuracy': '0.9774', 'eval_f1': '0.9774', 'eval_balanced_accuracy': '0.9774', 'eval_macro_f1': '0.9774', 'eval_atc': '0.02258', 'eval_normalized_atc': '0.002258', 'eval_target_recall': '0.9355', 'eval_target_recall_macro': '0.9839', 'eval_target_fnr': '0', 'eval_selection_score': '0.002258', 'eval_selection_accuracy_value': '0.9774', 'eval_nll': '0.07754', 'eval_brier': '0.03908', 'eval_ece': '0.01968', 'eval_auroc': '0', 'eval_auprc': '0', 'eval_runtime': '4.127', 'eval_samples_per_second': '75.12', 'eval_steps_per_second': '4.846', 'epoch': '9'}
CustomImageProcessor configuration saved to checkpoints/grid-run_nicme_v3_hybrid_pretty_a0p4_l0p04_lr5e5_s42/checkpoint-144/preprocessor_config.json
{'loss': '0.1122', 'grad_norm': '21.62', 'learning_rate': '4.471e-05', 'epoch': '9.393'}
{'loss': '0.1579', 'grad_norm': '42', 'learning_rate': '4.362e-05', 'epoch': '10'}
{'eval_loss': '0.07313', 'eval_accuracy': '0.9742', 'eval_f1': '0.9738', 'eval_balanced_accuracy': '0.9742', 'eval_macro_f1': '0.9738', 'eval_atc': '0.08387', 'eval_normalized_atc': '0.008387', 'eval_target_recall': '0.8387', 'eval_target_recall_macro': '0.9516', 'eval_target_fnr': '0', 'eval_selection_score': '0.02341', 'eval_selection_accuracy_value': '0.9742', 'eval_nll': '0.06704', 'eval_brier': '0.03867', 'eval_ece': '0.0175', 'eval_auroc': '0', 'eval_auprc': '0', 'eval_runtime': '4.028', 'eval_samples_per_second': '76.96', 'eval_steps_per_second': '4.965', 'epoch': '10'}
CustomImageProcessor configuration saved to checkpoints/grid-run_nicme_v3_hybrid_pretty_a0p4_l0p04_lr5e5_s42/checkpoint-160/preprocessor_config.json
{'loss': '0.08458', 'grad_norm': '38.9', 'learning_rate': '4.243e-05', 'epoch': '10.66'}
{'eval_loss': '0.03762', 'eval_accuracy': '0.9903', 'eval_f1': '0.9902', 'eval_balanced_accuracy': '0.9903', 'eval_macro_f1': '0.9902', 'eval_atc': '0.009677', 'eval_normalized_atc': '0.0009677', 'eval_target_recall': '0.9032', 'eval_target_recall_macro': '0.9758', 'eval_target_fnr': '0', 'eval_selection_score': '0.0009677', 'eval_selection_accuracy_value': '0.9903', 'eval_nll': '0.03214', 'eval_brier': '0.01461', 'eval_ece': '0.01541', 'eval_auroc': '0', 'eval_auprc': '0', 'eval_runtime': '3.689', 'eval_samples_per_second': '84.03', 'eval_steps_per_second': '5.421', 'epoch': '11'}
CustomImageProcessor configuration saved to checkpoints/grid-run_nicme_v3_hybrid_pretty_a0p4_l0p04_lr5e5_s42/checkpoint-176/preprocessor_config.json
{'loss': '0.06376', 'grad_norm': '3.415', 'learning_rate': '4.117e-05', 'epoch': '11.26'}
{'loss': '0.1021', 'grad_norm': '11.18', 'learning_rate': '3.983e-05', 'epoch': '11.92'}
{'eval_loss': '0.04824', 'eval_accuracy': '0.9806', 'eval_f1': '0.9805', 'eval_balanced_accuracy': '0.9806', 'eval_macro_f1': '0.9805', 'eval_atc': '0.04839', 'eval_normalized_atc': '0.004839', 'eval_target_recall': '0.9032', 'eval_target_recall_macro': '0.9677', 'eval_target_fnr': '0.03226', 'eval_selection_score': '0.004839', 'eval_selection_accuracy_value': '0.9806', 'eval_nll': '0.04219', 'eval_brier': '0.02197', 'eval_ece': '0.01584', 'eval_auroc': '0', 'eval_auprc': '0', 'eval_runtime': '3.784', 'eval_samples_per_second': '81.92', 'eval_steps_per_second': '5.285', 'epoch': '12'}
CustomImageProcessor configuration saved to checkpoints/grid-run_nicme_v3_hybrid_pretty_a0p4_l0p04_lr5e5_s42/checkpoint-192/preprocessor_config.json
{'loss': '0.02712', 'grad_norm': '3.447', 'learning_rate': '3.842e-05', 'epoch': '12.52'}
{'eval_loss': '0.06697', 'eval_accuracy': '0.9774', 'eval_f1': '0.9774', 'eval_balanced_accuracy': '0.9774', 'eval_macro_f1': '0.9774', 'eval_atc': '0.05161', 'eval_normalized_atc': '0.005161', 'eval_target_recall': '0.9032', 'eval_target_recall_macro': '0.9677', 'eval_target_fnr': '0', 'eval_selection_score': '0.005161', 'eval_selection_accuracy_value': '0.9774', 'eval_nll': '0.06258', 'eval_brier': '0.03621', 'eval_ece': '0.01388', 'eval_auroc': '0', 'eval_auprc': '0', 'eval_runtime': '3.646', 'eval_samples_per_second': '85.04', 'eval_steps_per_second': '5.486', 'epoch': '13'}
CustomImageProcessor configuration saved to checkpoints/grid-run_nicme_v3_hybrid_pretty_a0p4_l0p04_lr5e5_s42/checkpoint-208/preprocessor_config.json
{'loss': '0.0423', 'grad_norm': '65.84', 'learning_rate': '3.695e-05', 'epoch': '13.13'}
{'loss': '0.01038', 'grad_norm': '1.475', 'learning_rate': '3.543e-05', 'epoch': '13.79'}
{'eval_loss': '0.05388', 'eval_accuracy': '0.9806', 'eval_f1': '0.9807', 'eval_balanced_accuracy': '0.9806', 'eval_macro_f1': '0.9807', 'eval_atc': '0.01935', 'eval_normalized_atc': '0.001935', 'eval_target_recall': '0.9355', 'eval_target_recall_macro': '0.9839', 'eval_target_fnr': '0', 'eval_selection_score': '0.001935', 'eval_selection_accuracy_value': '0.9806', 'eval_nll': '0.05333', 'eval_brier': '0.03054', 'eval_ece': '0.01038', 'eval_auroc': '0', 'eval_auprc': '0', 'eval_runtime': '4.041', 'eval_samples_per_second': '76.72', 'eval_steps_per_second': '4.95', 'epoch': '14'}
CustomImageProcessor configuration saved to checkpoints/grid-run_nicme_v3_hybrid_pretty_a0p4_l0p04_lr5e5_s42/checkpoint-224/preprocessor_config.json
{'train_runtime': '219.2', 'train_samples_per_second': '141.6', 'train_steps_per_second': '2.336', 'train_loss': '1.643', 'epoch': '14'}
***** train metrics *****
  epoch                    =       14.0
  total_flos               =        0GF
  train_loss               =     1.6428
  train_runtime            = 0:03:39.21
  train_samples_per_second =    141.595
  train_steps_per_second   =      2.336
Using device: cuda

============================================================
PERFORMING COMPREHENSIVE EVALUATION
============================================================
Results will be saved to: results/pmi10_sota_convnext_base_test/grid-run_nicme_v3_hybrid_pretty_a0p4_l0p04_lr5e5_s42_05-03_07-17
Saving run configuration...
Run configuration saved to: results/pmi10_sota_convnext_base_test/grid-run_nicme_v3_hybrid_pretty_a0p4_l0p04_lr5e5_s42_05-03_07-17/run_configuration_20260503_071717.json
Running model evaluation...
Computing detailed metrics...
Saving metrics to files...
Metrics saved to: results/pmi10_sota_convnext_base_test/grid-run_nicme_v3_hybrid_pretty_a0p4_l0p04_lr5e5_s42_05-03_07-17/metrics_20260503_071725_nicme_v3_hybrid.json and results/pmi10_sota_convnext_base_test/grid-run_nicme_v3_hybrid_pretty_a0p4_l0p04_lr5e5_s42_05-03_07-17/metrics_20260503_071725_nicme_v3_hybrid.txt
Using provided class names: ['00378-0208', '00378-3855', '00591-0461', '16729-0020', '50111-0434', '53489-0156', '53746-0544', '62037-0831', '68382-0008', '68382-0227']
Skipping confusion matrix visualizations by configuration.

============================================================
TRAINING COMPLETED - RESULTS SUMMARY
============================================================
Output Directory: results/pmi10_sota_convnext_base_test/grid-run_nicme_v3_hybrid_pretty_a0p4_l0p04_lr5e5_s42_05-03_07-17
Overall Accuracy: 0.9688
Balanced Accuracy: 0.9688
Overall F1 Score: 0.9691
Kappa: 0.9653
AUC: 0.9996
Expected Cost: 0.0875
Loss Function Used: nicme_v3_hybrid
Total Test Samples: 320
Classes: 00378-0208, 00378-3855, 00591-0461, 16729-0020, 50111-0434, 53489-0156, 53746-0544, 62037-0831, 68382-0008, 68382-0227

Detailed metrics saved to: results/pmi10_sota_convnext_base_test/grid-run_nicme_v3_hybrid_pretty_a0p4_l0p04_lr5e5_s42_05-03_07-17
============================================================
