Prepared manifest loaded — Train=970, Val=310, Calibration=0, Test=320
cuda
Using model backend=timm type=pmi10_sota_convnext_base with 10 labels
Early stopping enabled with patience=5
Using device: cuda
{'loss': '9.506', 'grad_norm': '17.15', 'learning_rate': '8.654e-06', 'epoch': '0.6557'}
{'eval_loss': '2.038', 'eval_accuracy': '0.4839', 'eval_f1': '0.4632', 'eval_balanced_accuracy': '0.4839', 'eval_macro_f1': '0.4632', 'eval_atc': '0.8903', 'eval_normalized_atc': '0.08903', 'eval_target_recall': '0.1935', 'eval_target_recall_macro': '0.4758', 'eval_target_fnr': '0.4194', 'eval_selection_score': '2.185', 'eval_selection_accuracy_value': '0.4839', 'eval_nll': '1.976', 'eval_brier': '0.8172', 'eval_ece': '0.3214', 'eval_auroc': '0', 'eval_auprc': '0', 'eval_runtime': '4.958', 'eval_samples_per_second': '62.53', 'eval_steps_per_second': '4.034', 'epoch': '1'}
CustomImageProcessor configuration saved to checkpoints/grid-run_nicme_v3_hybrid_pretty_a0p4_l0p07_lr5e5_s42/checkpoint-16/preprocessor_config.json
{'loss': '7.7', 'grad_norm': '20.94', 'learning_rate': '1.827e-05', 'epoch': '1.262'}
{'loss': '6.29', 'grad_norm': '20.93', 'learning_rate': '2.788e-05', 'epoch': '1.918'}
{'eval_loss': '1.191', 'eval_accuracy': '0.7161', 'eval_f1': '0.7091', 'eval_balanced_accuracy': '0.7161', 'eval_macro_f1': '0.7091', 'eval_atc': '0.5774', 'eval_normalized_atc': '0.05774', 'eval_target_recall': '0.4516', 'eval_target_recall_macro': '0.7581', 'eval_target_fnr': '0.03226', 'eval_selection_score': '0.869', 'eval_selection_accuracy_value': '0.7161', 'eval_nll': '1.105', 'eval_brier': '0.532', 'eval_ece': '0.3198', 'eval_auroc': '0', 'eval_auprc': '0', 'eval_runtime': '4.136', 'eval_samples_per_second': '74.96', 'eval_steps_per_second': '4.836', 'epoch': '2'}
CustomImageProcessor configuration saved to checkpoints/grid-run_nicme_v3_hybrid_pretty_a0p4_l0p07_lr5e5_s42/checkpoint-32/preprocessor_config.json
{'loss': '3.763', 'grad_norm': '20.6', 'learning_rate': '3.75e-05', 'epoch': '2.525'}
{'eval_loss': '0.6687', 'eval_accuracy': '0.7258', 'eval_f1': '0.688', 'eval_balanced_accuracy': '0.7258', 'eval_macro_f1': '0.688', 'eval_atc': '0.5065', 'eval_normalized_atc': '0.05065', 'eval_target_recall': '0.8065', 'eval_target_recall_macro': '0.8871', 'eval_target_fnr': '0', 'eval_selection_score': '0.09116', 'eval_selection_accuracy_value': '0.7258', 'eval_nll': '0.5998', 'eval_brier': '0.3375', 'eval_ece': '0.08624', 'eval_auroc': '0', 'eval_auprc': '0', 'eval_runtime': '3.805', 'eval_samples_per_second': '81.48', 'eval_steps_per_second': '5.257', 'epoch': '3'}
CustomImageProcessor configuration saved to checkpoints/grid-run_nicme_v3_hybrid_pretty_a0p4_l0p07_lr5e5_s42/checkpoint-48/preprocessor_config.json
{'loss': '2.565', 'grad_norm': '44.68', 'learning_rate': '4.712e-05', 'epoch': '3.131'}
{'loss': '1.835', 'grad_norm': '77.81', 'learning_rate': '4.997e-05', 'epoch': '3.787'}
{'eval_loss': '0.3761', 'eval_accuracy': '0.8968', 'eval_f1': '0.8947', 'eval_balanced_accuracy': '0.8968', 'eval_macro_f1': '0.8947', 'eval_atc': '0.3355', 'eval_normalized_atc': '0.03355', 'eval_target_recall': '0.6452', 'eval_target_recall_macro': '0.8306', 'eval_target_fnr': '0.03226', 'eval_selection_score': '0.2933', 'eval_selection_accuracy_value': '0.8968', 'eval_nll': '0.307', 'eval_brier': '0.1533', 'eval_ece': '0.09995', 'eval_auroc': '0', 'eval_auprc': '0', 'eval_runtime': '3.808', 'eval_samples_per_second': '81.4', 'eval_steps_per_second': '5.251', 'epoch': '4'}
CustomImageProcessor configuration saved to checkpoints/grid-run_nicme_v3_hybrid_pretty_a0p4_l0p07_lr5e5_s42/checkpoint-64/preprocessor_config.json
{'loss': '1.282', 'grad_norm': '46.97', 'learning_rate': '4.983e-05', 'epoch': '4.393'}
{'loss': '0.9682', 'grad_norm': '12.94', 'learning_rate': '4.958e-05', 'epoch': '5'}
{'eval_loss': '0.2159', 'eval_accuracy': '0.9516', 'eval_f1': '0.952', 'eval_balanced_accuracy': '0.9516', 'eval_macro_f1': '0.952', 'eval_atc': '0.07742', 'eval_normalized_atc': '0.007742', 'eval_target_recall': '0.8065', 'eval_target_recall_macro': '0.9435', 'eval_target_fnr': '0', 'eval_selection_score': '0.04275', 'eval_selection_accuracy_value': '0.9516', 'eval_nll': '0.1951', 'eval_brier': '0.09403', 'eval_ece': '0.07383', 'eval_auroc': '0', 'eval_auprc': '0', 'eval_runtime': '3.753', 'eval_samples_per_second': '82.59', 'eval_steps_per_second': '5.329', 'epoch': '5'}
CustomImageProcessor configuration saved to checkpoints/grid-run_nicme_v3_hybrid_pretty_a0p4_l0p07_lr5e5_s42/checkpoint-80/preprocessor_config.json
{'loss': '0.7107', 'grad_norm': '10.71', 'learning_rate': '4.921e-05', 'epoch': '5.656'}
{'eval_loss': '0.1807', 'eval_accuracy': '0.9581', 'eval_f1': '0.9574', 'eval_balanced_accuracy': '0.9581', 'eval_macro_f1': '0.9574', 'eval_atc': '0.07097', 'eval_normalized_atc': '0.007097', 'eval_target_recall': '0.871', 'eval_target_recall_macro': '0.9597', 'eval_target_fnr': '0', 'eval_selection_score': '0.01047', 'eval_selection_accuracy_value': '0.9581', 'eval_nll': '0.1541', 'eval_brier': '0.07596', 'eval_ece': '0.051', 'eval_auroc': '0', 'eval_auprc': '0', 'eval_runtime': '4.15', 'eval_samples_per_second': '74.7', 'eval_steps_per_second': '4.819', 'epoch': '6'}
CustomImageProcessor configuration saved to checkpoints/grid-run_nicme_v3_hybrid_pretty_a0p4_l0p07_lr5e5_s42/checkpoint-96/preprocessor_config.json
{'loss': '0.5271', 'grad_norm': '58.45', 'learning_rate': '4.872e-05', 'epoch': '6.262'}
{'loss': '0.3397', 'grad_norm': '21.38', 'learning_rate': '4.813e-05', 'epoch': '6.918'}
{'eval_loss': '0.1441', 'eval_accuracy': '0.9581', 'eval_f1': '0.9572', 'eval_balanced_accuracy': '0.9581', 'eval_macro_f1': '0.9572', 'eval_atc': '0.07097', 'eval_normalized_atc': '0.007097', 'eval_target_recall': '0.8065', 'eval_target_recall_macro': '0.9516', 'eval_target_fnr': '0', 'eval_selection_score': '0.0421', 'eval_selection_accuracy_value': '0.9581', 'eval_nll': '0.1359', 'eval_brier': '0.06983', 'eval_ece': '0.02289', 'eval_auroc': '0', 'eval_auprc': '0', 'eval_runtime': '3.893', 'eval_samples_per_second': '79.63', 'eval_steps_per_second': '5.137', 'epoch': '7'}
CustomImageProcessor configuration saved to checkpoints/grid-run_nicme_v3_hybrid_pretty_a0p4_l0p07_lr5e5_s42/checkpoint-112/preprocessor_config.json
{'loss': '0.1938', 'grad_norm': '22.65', 'learning_rate': '4.743e-05', 'epoch': '7.525'}
{'eval_loss': '0.1908', 'eval_accuracy': '0.9355', 'eval_f1': '0.9345', 'eval_balanced_accuracy': '0.9355', 'eval_macro_f1': '0.9345', 'eval_atc': '0.3355', 'eval_normalized_atc': '0.03355', 'eval_target_recall': '0.6129', 'eval_target_recall_macro': '0.8871', 'eval_target_fnr': '0', 'eval_selection_score': '0.3632', 'eval_selection_accuracy_value': '0.9355', 'eval_nll': '0.1561', 'eval_brier': '0.08855', 'eval_ece': '0.02449', 'eval_auroc': '0', 'eval_auprc': '0', 'eval_runtime': '3.777', 'eval_samples_per_second': '82.08', 'eval_steps_per_second': '5.296', 'epoch': '8'}
CustomImageProcessor configuration saved to checkpoints/grid-run_nicme_v3_hybrid_pretty_a0p4_l0p07_lr5e5_s42/checkpoint-128/preprocessor_config.json
{'loss': '0.278', 'grad_norm': '29.72', 'learning_rate': '4.662e-05', 'epoch': '8.131'}
{'loss': '0.3212', 'grad_norm': '59.3', 'learning_rate': '4.572e-05', 'epoch': '8.787'}
{'eval_loss': '0.05838', 'eval_accuracy': '0.9774', 'eval_f1': '0.9772', 'eval_balanced_accuracy': '0.9774', 'eval_macro_f1': '0.9772', 'eval_atc': '0.02258', 'eval_normalized_atc': '0.002258', 'eval_target_recall': '0.871', 'eval_target_recall_macro': '0.9677', 'eval_target_fnr': '0', 'eval_selection_score': '0.00563', 'eval_selection_accuracy_value': '0.9774', 'eval_nll': '0.05491', 'eval_brier': '0.02675', 'eval_ece': '0.02265', 'eval_auroc': '0', 'eval_auprc': '0', 'eval_runtime': '3.63', 'eval_samples_per_second': '85.41', 'eval_steps_per_second': '5.51', 'epoch': '9'}
CustomImageProcessor configuration saved to checkpoints/grid-run_nicme_v3_hybrid_pretty_a0p4_l0p07_lr5e5_s42/checkpoint-144/preprocessor_config.json
{'loss': '0.1098', 'grad_norm': '29.43', 'learning_rate': '4.471e-05', 'epoch': '9.393'}
{'loss': '0.2308', 'grad_norm': '49.88', 'learning_rate': '4.362e-05', 'epoch': '10'}
{'eval_loss': '0.08361', 'eval_accuracy': '0.9677', 'eval_f1': '0.967', 'eval_balanced_accuracy': '0.9677', 'eval_macro_f1': '0.967', 'eval_atc': '0.06129', 'eval_normalized_atc': '0.006129', 'eval_target_recall': '0.7742', 'eval_target_recall_macro': '0.9355', 'eval_target_fnr': '0', 'eval_selection_score': '0.06944', 'eval_selection_accuracy_value': '0.9677', 'eval_nll': '0.07795', 'eval_brier': '0.04454', 'eval_ece': '0.01665', 'eval_auroc': '0', 'eval_auprc': '0', 'eval_runtime': '3.817', 'eval_samples_per_second': '81.23', 'eval_steps_per_second': '5.24', 'epoch': '10'}
CustomImageProcessor configuration saved to checkpoints/grid-run_nicme_v3_hybrid_pretty_a0p4_l0p07_lr5e5_s42/checkpoint-160/preprocessor_config.json
{'loss': '0.04432', 'grad_norm': '6.309', 'learning_rate': '4.243e-05', 'epoch': '10.66'}
{'eval_loss': '0.05853', 'eval_accuracy': '0.9806', 'eval_f1': '0.9803', 'eval_balanced_accuracy': '0.9806', 'eval_macro_f1': '0.9803', 'eval_atc': '0.04194', 'eval_normalized_atc': '0.004194', 'eval_target_recall': '0.871', 'eval_target_recall_macro': '0.9516', 'eval_target_fnr': '0', 'eval_selection_score': '0.007565', 'eval_selection_accuracy_value': '0.9806', 'eval_nll': '0.04965', 'eval_brier': '0.02633', 'eval_ece': '0.01864', 'eval_auroc': '0', 'eval_auprc': '0', 'eval_runtime': '4.007', 'eval_samples_per_second': '77.36', 'eval_steps_per_second': '4.991', 'epoch': '11'}
CustomImageProcessor configuration saved to checkpoints/grid-run_nicme_v3_hybrid_pretty_a0p4_l0p07_lr5e5_s42/checkpoint-176/preprocessor_config.json
{'train_runtime': '174.7', 'train_samples_per_second': '177.6', 'train_steps_per_second': '2.93', 'train_loss': '2.085', 'epoch': '11'}
***** train metrics *****
  epoch                    =       11.0
  total_flos               =        0GF
  train_loss               =     2.0849
  train_runtime            = 0:02:54.73
  train_samples_per_second =    177.645
  train_steps_per_second   =       2.93
Using device: cuda

============================================================
PERFORMING COMPREHENSIVE EVALUATION
============================================================
Results will be saved to: results/pmi10_sota_convnext_base_test/grid-run_nicme_v3_hybrid_pretty_a0p4_l0p07_lr5e5_s42_05-03_07-24
Saving run configuration...
Run configuration saved to: results/pmi10_sota_convnext_base_test/grid-run_nicme_v3_hybrid_pretty_a0p4_l0p07_lr5e5_s42_05-03_07-24/run_configuration_20260503_072443.json
Running model evaluation...
Computing detailed metrics...
Saving metrics to files...
Metrics saved to: results/pmi10_sota_convnext_base_test/grid-run_nicme_v3_hybrid_pretty_a0p4_l0p07_lr5e5_s42_05-03_07-24/metrics_20260503_072453_nicme_v3_hybrid.json and results/pmi10_sota_convnext_base_test/grid-run_nicme_v3_hybrid_pretty_a0p4_l0p07_lr5e5_s42_05-03_07-24/metrics_20260503_072453_nicme_v3_hybrid.txt
Using provided class names: ['00378-0208', '00378-3855', '00591-0461', '16729-0020', '50111-0434', '53489-0156', '53746-0544', '62037-0831', '68382-0008', '68382-0227']
Skipping confusion matrix visualizations by configuration.

============================================================
TRAINING COMPLETED - RESULTS SUMMARY
============================================================
Output Directory: results/pmi10_sota_convnext_base_test/grid-run_nicme_v3_hybrid_pretty_a0p4_l0p07_lr5e5_s42_05-03_07-24
Overall Accuracy: 0.9469
Balanced Accuracy: 0.9469
Overall F1 Score: 0.9472
Kappa: 0.9410
AUC: 0.9980
Expected Cost: 0.1594
Loss Function Used: nicme_v3_hybrid
Total Test Samples: 320
Classes: 00378-0208, 00378-3855, 00591-0461, 16729-0020, 50111-0434, 53489-0156, 53746-0544, 62037-0831, 68382-0008, 68382-0227

Detailed metrics saved to: results/pmi10_sota_convnext_base_test/grid-run_nicme_v3_hybrid_pretty_a0p4_l0p07_lr5e5_s42_05-03_07-24
============================================================
