Prepared manifest loaded — Train=970, Val=310, Calibration=0, Test=320
cuda
Using model backend=timm type=pmi10_sota_convnext_base with 10 labels
Early stopping enabled with patience=5
Using device: cuda
{'loss': '9.522', 'grad_norm': '17.16', 'learning_rate': '8.654e-06', 'epoch': '0.6557'}
{'eval_loss': '2.052', 'eval_accuracy': '0.4839', 'eval_f1': '0.4632', 'eval_balanced_accuracy': '0.4839', 'eval_macro_f1': '0.4632', 'eval_atc': '0.8903', 'eval_normalized_atc': '0.08903', 'eval_target_recall': '0.1935', 'eval_target_recall_macro': '0.4758', 'eval_target_fnr': '0.4194', 'eval_selection_score': '2.185', 'eval_selection_accuracy_value': '0.4839', 'eval_nll': '1.976', 'eval_brier': '0.8172', 'eval_ece': '0.3213', 'eval_auroc': '0', 'eval_auprc': '0', 'eval_runtime': '4.888', 'eval_samples_per_second': '63.42', 'eval_steps_per_second': '4.092', 'epoch': '1'}
CustomImageProcessor configuration saved to checkpoints/grid-run_nicme_v3_hybrid_pretty_a0p4_l0p3_lr5e5_s42/checkpoint-16/preprocessor_config.json
{'loss': '7.747', 'grad_norm': '20.99', 'learning_rate': '1.827e-05', 'epoch': '1.262'}
{'loss': '6.375', 'grad_norm': '21.02', 'learning_rate': '2.788e-05', 'epoch': '1.918'}
{'eval_loss': '1.218', 'eval_accuracy': '0.6968', 'eval_f1': '0.6877', 'eval_balanced_accuracy': '0.6968', 'eval_macro_f1': '0.6877', 'eval_atc': '0.5968', 'eval_normalized_atc': '0.05968', 'eval_target_recall': '0.4194', 'eval_target_recall_macro': '0.75', 'eval_target_fnr': '0.03226', 'eval_selection_score': '0.9944', 'eval_selection_accuracy_value': '0.6968', 'eval_nll': '1.107', 'eval_brier': '0.5329', 'eval_ece': '0.2995', 'eval_auroc': '0', 'eval_auprc': '0', 'eval_runtime': '3.785', 'eval_samples_per_second': '81.89', 'eval_steps_per_second': '5.283', 'epoch': '2'}
CustomImageProcessor configuration saved to checkpoints/grid-run_nicme_v3_hybrid_pretty_a0p4_l0p3_lr5e5_s42/checkpoint-32/preprocessor_config.json
{'loss': '3.858', 'grad_norm': '21.06', 'learning_rate': '3.75e-05', 'epoch': '2.525'}
{'eval_loss': '0.69', 'eval_accuracy': '0.7226', 'eval_f1': '0.6837', 'eval_balanced_accuracy': '0.7226', 'eval_macro_f1': '0.6837', 'eval_atc': '0.5097', 'eval_normalized_atc': '0.05097', 'eval_target_recall': '0.8065', 'eval_target_recall_macro': '0.8871', 'eval_target_fnr': '0', 'eval_selection_score': '0.09197', 'eval_selection_accuracy_value': '0.7226', 'eval_nll': '0.6059', 'eval_brier': '0.3414', 'eval_ece': '0.1065', 'eval_auroc': '0', 'eval_auprc': '0', 'eval_runtime': '3.619', 'eval_samples_per_second': '85.67', 'eval_steps_per_second': '5.527', 'epoch': '3'}
CustomImageProcessor configuration saved to checkpoints/grid-run_nicme_v3_hybrid_pretty_a0p4_l0p3_lr5e5_s42/checkpoint-48/preprocessor_config.json
{'loss': '2.645', 'grad_norm': '46.32', 'learning_rate': '4.712e-05', 'epoch': '3.131'}
{'loss': '1.885', 'grad_norm': '88.8', 'learning_rate': '4.997e-05', 'epoch': '3.787'}
{'eval_loss': '0.3945', 'eval_accuracy': '0.8935', 'eval_f1': '0.8913', 'eval_balanced_accuracy': '0.8935', 'eval_macro_f1': '0.8913', 'eval_atc': '0.3387', 'eval_normalized_atc': '0.03387', 'eval_target_recall': '0.6452', 'eval_target_recall_macro': '0.8226', 'eval_target_fnr': '0.03226', 'eval_selection_score': '0.2936', 'eval_selection_accuracy_value': '0.8935', 'eval_nll': '0.3128', 'eval_brier': '0.156', 'eval_ece': '0.09698', 'eval_auroc': '0', 'eval_auprc': '0', 'eval_runtime': '4.053', 'eval_samples_per_second': '76.49', 'eval_steps_per_second': '4.935', 'epoch': '4'}
CustomImageProcessor configuration saved to checkpoints/grid-run_nicme_v3_hybrid_pretty_a0p4_l0p3_lr5e5_s42/checkpoint-64/preprocessor_config.json
{'loss': '1.336', 'grad_norm': '47.96', 'learning_rate': '4.983e-05', 'epoch': '4.393'}
{'loss': '1.016', 'grad_norm': '13.88', 'learning_rate': '4.958e-05', 'epoch': '5'}
{'eval_loss': '0.2317', 'eval_accuracy': '0.9355', 'eval_f1': '0.9367', 'eval_balanced_accuracy': '0.9355', 'eval_macro_f1': '0.9367', 'eval_atc': '0.09355', 'eval_normalized_atc': '0.009355', 'eval_target_recall': '0.8065', 'eval_target_recall_macro': '0.9355', 'eval_target_fnr': '0', 'eval_selection_score': '0.04436', 'eval_selection_accuracy_value': '0.9355', 'eval_nll': '0.2035', 'eval_brier': '0.09925', 'eval_ece': '0.0643', 'eval_auroc': '0', 'eval_auprc': '0', 'eval_runtime': '3.949', 'eval_samples_per_second': '78.5', 'eval_steps_per_second': '5.064', 'epoch': '5'}
CustomImageProcessor configuration saved to checkpoints/grid-run_nicme_v3_hybrid_pretty_a0p4_l0p3_lr5e5_s42/checkpoint-80/preprocessor_config.json
{'loss': '0.7335', 'grad_norm': '11.34', 'learning_rate': '4.921e-05', 'epoch': '5.656'}
{'eval_loss': '0.1886', 'eval_accuracy': '0.9484', 'eval_f1': '0.9475', 'eval_balanced_accuracy': '0.9484', 'eval_macro_f1': '0.9475', 'eval_atc': '0.1097', 'eval_normalized_atc': '0.01097', 'eval_target_recall': '0.8387', 'eval_target_recall_macro': '0.9435', 'eval_target_fnr': '0', 'eval_selection_score': '0.02599', 'eval_selection_accuracy_value': '0.9484', 'eval_nll': '0.1608', 'eval_brier': '0.0815', 'eval_ece': '0.03337', 'eval_auroc': '0', 'eval_auprc': '0', 'eval_runtime': '3.981', 'eval_samples_per_second': '77.87', 'eval_steps_per_second': '5.024', 'epoch': '6'}
CustomImageProcessor configuration saved to checkpoints/grid-run_nicme_v3_hybrid_pretty_a0p4_l0p3_lr5e5_s42/checkpoint-96/preprocessor_config.json
{'loss': '0.5619', 'grad_norm': '68.18', 'learning_rate': '4.872e-05', 'epoch': '6.262'}
{'loss': '0.3321', 'grad_norm': '8.047', 'learning_rate': '4.813e-05', 'epoch': '6.918'}
{'eval_loss': '0.1501', 'eval_accuracy': '0.9516', 'eval_f1': '0.9508', 'eval_balanced_accuracy': '0.9516', 'eval_macro_f1': '0.9508', 'eval_atc': '0.07742', 'eval_normalized_atc': '0.007742', 'eval_target_recall': '0.8065', 'eval_target_recall_macro': '0.9516', 'eval_target_fnr': '0', 'eval_selection_score': '0.04275', 'eval_selection_accuracy_value': '0.9516', 'eval_nll': '0.1401', 'eval_brier': '0.07222', 'eval_ece': '0.03094', 'eval_auroc': '0', 'eval_auprc': '0', 'eval_runtime': '3.865', 'eval_samples_per_second': '80.21', 'eval_steps_per_second': '5.175', 'epoch': '7'}
CustomImageProcessor configuration saved to checkpoints/grid-run_nicme_v3_hybrid_pretty_a0p4_l0p3_lr5e5_s42/checkpoint-112/preprocessor_config.json
{'loss': '0.2168', 'grad_norm': '29', 'learning_rate': '4.743e-05', 'epoch': '7.525'}
{'eval_loss': '0.1092', 'eval_accuracy': '0.9677', 'eval_f1': '0.9677', 'eval_balanced_accuracy': '0.9677', 'eval_macro_f1': '0.9677', 'eval_atc': '0.05484', 'eval_normalized_atc': '0.005484', 'eval_target_recall': '0.871', 'eval_target_recall_macro': '0.9516', 'eval_target_fnr': '0', 'eval_selection_score': '0.008855', 'eval_selection_accuracy_value': '0.9677', 'eval_nll': '0.0888', 'eval_brier': '0.04566', 'eval_ece': '0.0244', 'eval_auroc': '0', 'eval_auprc': '0', 'eval_runtime': '3.818', 'eval_samples_per_second': '81.19', 'eval_steps_per_second': '5.238', 'epoch': '8'}
CustomImageProcessor configuration saved to checkpoints/grid-run_nicme_v3_hybrid_pretty_a0p4_l0p3_lr5e5_s42/checkpoint-128/preprocessor_config.json
{'loss': '0.2501', 'grad_norm': '37.51', 'learning_rate': '4.662e-05', 'epoch': '8.131'}
{'loss': '0.2302', 'grad_norm': '30.47', 'learning_rate': '4.572e-05', 'epoch': '8.787'}
{'eval_loss': '0.06934', 'eval_accuracy': '0.971', 'eval_f1': '0.9705', 'eval_balanced_accuracy': '0.971', 'eval_macro_f1': '0.9705', 'eval_atc': '0.05806', 'eval_normalized_atc': '0.005806', 'eval_target_recall': '0.8387', 'eval_target_recall_macro': '0.9597', 'eval_target_fnr': '0', 'eval_selection_score': '0.02083', 'eval_selection_accuracy_value': '0.971', 'eval_nll': '0.06217', 'eval_brier': '0.03412', 'eval_ece': '0.02441', 'eval_auroc': '0', 'eval_auprc': '0', 'eval_runtime': '3.912', 'eval_samples_per_second': '79.25', 'eval_steps_per_second': '5.113', 'epoch': '9'}
CustomImageProcessor configuration saved to checkpoints/grid-run_nicme_v3_hybrid_pretty_a0p4_l0p3_lr5e5_s42/checkpoint-144/preprocessor_config.json
{'loss': '0.2073', 'grad_norm': '39.1', 'learning_rate': '4.471e-05', 'epoch': '9.393'}
{'loss': '0.2998', 'grad_norm': '84.56', 'learning_rate': '4.362e-05', 'epoch': '10'}
{'eval_loss': '0.2677', 'eval_accuracy': '0.9194', 'eval_f1': '0.9168', 'eval_balanced_accuracy': '0.9194', 'eval_macro_f1': '0.9168', 'eval_atc': '0.1387', 'eval_normalized_atc': '0.01387', 'eval_target_recall': '0.6129', 'eval_target_recall_macro': '0.879', 'eval_target_fnr': '0', 'eval_selection_score': '0.3436', 'eval_selection_accuracy_value': '0.9194', 'eval_nll': '0.2482', 'eval_brier': '0.1328', 'eval_ece': '0.05411', 'eval_auroc': '0', 'eval_auprc': '0', 'eval_runtime': '3.717', 'eval_samples_per_second': '83.41', 'eval_steps_per_second': '5.381', 'epoch': '10'}
CustomImageProcessor configuration saved to checkpoints/grid-run_nicme_v3_hybrid_pretty_a0p4_l0p3_lr5e5_s42/checkpoint-160/preprocessor_config.json
{'loss': '0.2114', 'grad_norm': '13.74', 'learning_rate': '4.243e-05', 'epoch': '10.66'}
{'eval_loss': '0.08279', 'eval_accuracy': '0.9677', 'eval_f1': '0.9673', 'eval_balanced_accuracy': '0.9677', 'eval_macro_f1': '0.9673', 'eval_atc': '0.129', 'eval_normalized_atc': '0.0129', 'eval_target_recall': '0.8387', 'eval_target_recall_macro': '0.9274', 'eval_target_fnr': '0', 'eval_selection_score': '0.02793', 'eval_selection_accuracy_value': '0.9677', 'eval_nll': '0.06676', 'eval_brier': '0.03561', 'eval_ece': '0.02345', 'eval_auroc': '0', 'eval_auprc': '0', 'eval_runtime': '3.856', 'eval_samples_per_second': '80.4', 'eval_steps_per_second': '5.187', 'epoch': '11'}
CustomImageProcessor configuration saved to checkpoints/grid-run_nicme_v3_hybrid_pretty_a0p4_l0p3_lr5e5_s42/checkpoint-176/preprocessor_config.json
{'loss': '0.1239', 'grad_norm': '25', 'learning_rate': '4.117e-05', 'epoch': '11.26'}
{'loss': '0.05206', 'grad_norm': '8.327', 'learning_rate': '3.983e-05', 'epoch': '11.92'}
{'eval_loss': '0.03162', 'eval_accuracy': '0.9903', 'eval_f1': '0.9903', 'eval_balanced_accuracy': '0.9903', 'eval_macro_f1': '0.9903', 'eval_atc': '0.009677', 'eval_normalized_atc': '0.0009677', 'eval_target_recall': '0.9355', 'eval_target_recall_macro': '0.9839', 'eval_target_fnr': '0', 'eval_selection_score': '0.0009677', 'eval_selection_accuracy_value': '0.9903', 'eval_nll': '0.02954', 'eval_brier': '0.01671', 'eval_ece': '0.01632', 'eval_auroc': '0', 'eval_auprc': '0', 'eval_runtime': '3.899', 'eval_samples_per_second': '79.51', 'eval_steps_per_second': '5.13', 'epoch': '12'}
CustomImageProcessor configuration saved to checkpoints/grid-run_nicme_v3_hybrid_pretty_a0p4_l0p3_lr5e5_s42/checkpoint-192/preprocessor_config.json
{'loss': '0.0351', 'grad_norm': '13.05', 'learning_rate': '3.842e-05', 'epoch': '12.52'}
{'eval_loss': '0.03907', 'eval_accuracy': '0.9806', 'eval_f1': '0.9806', 'eval_balanced_accuracy': '0.9806', 'eval_macro_f1': '0.9806', 'eval_atc': '0.01935', 'eval_normalized_atc': '0.001935', 'eval_target_recall': '0.9355', 'eval_target_recall_macro': '0.9839', 'eval_target_fnr': '0', 'eval_selection_score': '0.001935', 'eval_selection_accuracy_value': '0.9806', 'eval_nll': '0.03662', 'eval_brier': '0.02217', 'eval_ece': '0.01648', 'eval_auroc': '0', 'eval_auprc': '0', 'eval_runtime': '3.515', 'eval_samples_per_second': '88.19', 'eval_steps_per_second': '5.689', 'epoch': '13'}
CustomImageProcessor configuration saved to checkpoints/grid-run_nicme_v3_hybrid_pretty_a0p4_l0p3_lr5e5_s42/checkpoint-208/preprocessor_config.json
{'loss': '0.04021', 'grad_norm': '1.159', 'learning_rate': '3.695e-05', 'epoch': '13.13'}
{'loss': '0.1422', 'grad_norm': '4.091', 'learning_rate': '3.543e-05', 'epoch': '13.79'}
{'eval_loss': '0.07252', 'eval_accuracy': '0.9742', 'eval_f1': '0.9744', 'eval_balanced_accuracy': '0.9742', 'eval_macro_f1': '0.9744', 'eval_atc': '0.02581', 'eval_normalized_atc': '0.002581', 'eval_target_recall': '0.9355', 'eval_target_recall_macro': '0.9839', 'eval_target_fnr': '0', 'eval_selection_score': '0.002581', 'eval_selection_accuracy_value': '0.9742', 'eval_nll': '0.07006', 'eval_brier': '0.04117', 'eval_ece': '0.0181', 'eval_auroc': '0', 'eval_auprc': '0', 'eval_runtime': '3.649', 'eval_samples_per_second': '84.95', 'eval_steps_per_second': '5.481', 'epoch': '14'}
CustomImageProcessor configuration saved to checkpoints/grid-run_nicme_v3_hybrid_pretty_a0p4_l0p3_lr5e5_s42/checkpoint-224/preprocessor_config.json
{'loss': '0.07457', 'grad_norm': '4.662', 'learning_rate': '3.385e-05', 'epoch': '14.39'}
{'loss': '0.01962', 'grad_norm': '0.4088', 'learning_rate': '3.224e-05', 'epoch': '15'}
{'eval_loss': '0.04305', 'eval_accuracy': '0.9806', 'eval_f1': '0.9805', 'eval_balanced_accuracy': '0.9806', 'eval_macro_f1': '0.9805', 'eval_atc': '0.01935', 'eval_normalized_atc': '0.001935', 'eval_target_recall': '0.871', 'eval_target_recall_macro': '0.9677', 'eval_target_fnr': '0', 'eval_selection_score': '0.005307', 'eval_selection_accuracy_value': '0.9806', 'eval_nll': '0.04144', 'eval_brier': '0.02602', 'eval_ece': '0.01598', 'eval_auroc': '0', 'eval_auprc': '0', 'eval_runtime': '4.002', 'eval_samples_per_second': '77.47', 'eval_steps_per_second': '4.998', 'epoch': '15'}
CustomImageProcessor configuration saved to checkpoints/grid-run_nicme_v3_hybrid_pretty_a0p4_l0p3_lr5e5_s42/checkpoint-240/preprocessor_config.json
{'loss': '0.04142', 'grad_norm': '3.825', 'learning_rate': '3.059e-05', 'epoch': '15.66'}
{'eval_loss': '0.05588', 'eval_accuracy': '0.9774', 'eval_f1': '0.9768', 'eval_balanced_accuracy': '0.9774', 'eval_macro_f1': '0.9768', 'eval_atc': '0.08065', 'eval_normalized_atc': '0.008065', 'eval_target_recall': '0.8065', 'eval_target_recall_macro': '0.9516', 'eval_target_fnr': '0', 'eval_selection_score': '0.04307', 'eval_selection_accuracy_value': '0.9774', 'eval_nll': '0.04717', 'eval_brier': '0.03027', 'eval_ece': '0.01915', 'eval_auroc': '0', 'eval_auprc': '0', 'eval_runtime': '4.024', 'eval_samples_per_second': '77.04', 'eval_steps_per_second': '4.97', 'epoch': '16'}
CustomImageProcessor configuration saved to checkpoints/grid-run_nicme_v3_hybrid_pretty_a0p4_l0p3_lr5e5_s42/checkpoint-256/preprocessor_config.json
{'loss': '0.03595', 'grad_norm': '0.9262', 'learning_rate': '2.891e-05', 'epoch': '16.26'}
{'loss': '0.005162', 'grad_norm': '0.1344', 'learning_rate': '2.722e-05', 'epoch': '16.92'}
{'eval_loss': '0.04106', 'eval_accuracy': '0.9839', 'eval_f1': '0.9833', 'eval_balanced_accuracy': '0.9839', 'eval_macro_f1': '0.9833', 'eval_atc': '0.01613', 'eval_normalized_atc': '0.001613', 'eval_target_recall': '0.8387', 'eval_target_recall_macro': '0.9597', 'eval_target_fnr': '0', 'eval_selection_score': '0.01664', 'eval_selection_accuracy_value': '0.9839', 'eval_nll': '0.03661', 'eval_brier': '0.02041', 'eval_ece': '0.008945', 'eval_auroc': '0', 'eval_auprc': '0', 'eval_runtime': '4.142', 'eval_samples_per_second': '74.84', 'eval_steps_per_second': '4.828', 'epoch': '17'}
CustomImageProcessor configuration saved to checkpoints/grid-run_nicme_v3_hybrid_pretty_a0p4_l0p3_lr5e5_s42/checkpoint-272/preprocessor_config.json
{'train_runtime': '266.5', 'train_samples_per_second': '116.5', 'train_steps_per_second': '1.921', 'train_loss': '1.397', 'epoch': '17'}
***** train metrics *****
  epoch                    =       17.0
  total_flos               =        0GF
  train_loss               =      1.397
  train_runtime            = 0:04:26.48
  train_samples_per_second =    116.478
  train_steps_per_second   =      1.921
Using device: cuda

============================================================
PERFORMING COMPREHENSIVE EVALUATION
============================================================
Results will be saved to: results/pmi10_sota_convnext_base_test/grid-run_nicme_v3_hybrid_pretty_a0p4_l0p3_lr5e5_s42_05-03_07-45
Saving run configuration...
Run configuration saved to: results/pmi10_sota_convnext_base_test/grid-run_nicme_v3_hybrid_pretty_a0p4_l0p3_lr5e5_s42_05-03_07-45/run_configuration_20260503_074553.json
Running model evaluation...
Computing detailed metrics...
Saving metrics to files...
Metrics saved to: results/pmi10_sota_convnext_base_test/grid-run_nicme_v3_hybrid_pretty_a0p4_l0p3_lr5e5_s42_05-03_07-45/metrics_20260503_074602_nicme_v3_hybrid.json and results/pmi10_sota_convnext_base_test/grid-run_nicme_v3_hybrid_pretty_a0p4_l0p3_lr5e5_s42_05-03_07-45/metrics_20260503_074602_nicme_v3_hybrid.txt
Using provided class names: ['00378-0208', '00378-3855', '00591-0461', '16729-0020', '50111-0434', '53489-0156', '53746-0544', '62037-0831', '68382-0008', '68382-0227']
Skipping confusion matrix visualizations by configuration.

============================================================
TRAINING COMPLETED - RESULTS SUMMARY
============================================================
Output Directory: results/pmi10_sota_convnext_base_test/grid-run_nicme_v3_hybrid_pretty_a0p4_l0p3_lr5e5_s42_05-03_07-45
Overall Accuracy: 0.9750
Balanced Accuracy: 0.9750
Overall F1 Score: 0.9750
Kappa: 0.9722
AUC: 0.9998
Expected Cost: 0.0813
Loss Function Used: nicme_v3_hybrid
Total Test Samples: 320
Classes: 00378-0208, 00378-3855, 00591-0461, 16729-0020, 50111-0434, 53489-0156, 53746-0544, 62037-0831, 68382-0008, 68382-0227

Detailed metrics saved to: results/pmi10_sota_convnext_base_test/grid-run_nicme_v3_hybrid_pretty_a0p4_l0p3_lr5e5_s42_05-03_07-45
============================================================
