Prepared manifest loaded — Train=1398, Val=200, Calibration=200, Test=200
cuda
Using model backend=hf_auto type=vit with 2 labels
Early stopping enabled with patience=3
Using device: cuda
{'loss': '2.596', 'grad_norm': '4.688', 'learning_rate': '4.091e-05', 'epoch': '0.4545'}
{'loss': '2.009', 'grad_norm': '3.793', 'learning_rate': '8.636e-05', 'epoch': '0.9091'}
{'eval_loss': '0.3944', 'eval_accuracy': '0.755', 'eval_f1': '0.4494', 'eval_balanced_accuracy': '0.51', 'eval_macro_f1': '0.4494', 'eval_atc': '2.45', 'eval_normalized_atc': '0.245', 'eval_target_recall': '0.02', 'eval_target_fnr': '0.98', 'eval_selection_score': '3.762', 'eval_selection_accuracy_value': '0.51', 'eval_nll': '0.3944', 'eval_brier': '0.2532', 'eval_ece': '0.1279', 'eval_auroc': '0.9112', 'eval_auprc': '0.9684', 'eval_runtime': '2.46', 'eval_samples_per_second': '81.29', 'eval_steps_per_second': '5.284', 'epoch': '1'}
CustomImageProcessor configuration saved to checkpoints/stop3b_imbalance_decoupling_spider_target_minority_vit_ce_seed43/checkpoint-22/preprocessor_config.json
{'loss': '1.486', 'grad_norm': '4.761', 'learning_rate': '9.993e-05', 'epoch': '1.364'}
{'loss': '1.167', 'grad_norm': '4.977', 'learning_rate': '9.959e-05', 'epoch': '1.818'}
{'eval_loss': '0.2721', 'eval_accuracy': '0.9', 'eval_f1': '0.8701', 'eval_balanced_accuracy': '0.88', 'eval_macro_f1': '0.8701', 'eval_atc': '0.46', 'eval_normalized_atc': '0.046', 'eval_target_recall': '0.84', 'eval_target_fnr': '0.16', 'eval_selection_score': '0.0944', 'eval_selection_accuracy_value': '0.88', 'eval_nll': '0.2721', 'eval_brier': '0.1586', 'eval_ece': '0.04447', 'eval_auroc': '0.9508', 'eval_auprc': '0.9835', 'eval_runtime': '2.122', 'eval_samples_per_second': '94.23', 'eval_steps_per_second': '6.125', 'epoch': '2'}
CustomImageProcessor configuration saved to checkpoints/stop3b_imbalance_decoupling_spider_target_minority_vit_ce_seed43/checkpoint-44/preprocessor_config.json
{'loss': '0.9232', 'grad_norm': '24.9', 'learning_rate': '9.897e-05', 'epoch': '2.273'}
{'loss': '0.8375', 'grad_norm': '14.08', 'learning_rate': '9.808e-05', 'epoch': '2.727'}
{'eval_loss': '0.2578', 'eval_accuracy': '0.9', 'eval_f1': '0.8629', 'eval_balanced_accuracy': '0.8533', 'eval_macro_f1': '0.8629', 'eval_atc': '0.64', 'eval_normalized_atc': '0.064', 'eval_target_recall': '0.76', 'eval_target_fnr': '0.24', 'eval_selection_score': '0.2084', 'eval_selection_accuracy_value': '0.8533', 'eval_nll': '0.2578', 'eval_brier': '0.149', 'eval_ece': '0.03836', 'eval_auroc': '0.9476', 'eval_auprc': '0.9827', 'eval_runtime': '2.149', 'eval_samples_per_second': '93.08', 'eval_steps_per_second': '6.05', 'epoch': '3'}
CustomImageProcessor configuration saved to checkpoints/stop3b_imbalance_decoupling_spider_target_minority_vit_ce_seed43/checkpoint-66/preprocessor_config.json
{'loss': '1.127', 'grad_norm': '9.246', 'learning_rate': '9.691e-05', 'epoch': '3.182'}
{'loss': '0.8965', 'grad_norm': '5.955', 'learning_rate': '9.548e-05', 'epoch': '3.636'}
{'eval_loss': '0.1817', 'eval_accuracy': '0.93', 'eval_f1': '0.9067', 'eval_balanced_accuracy': '0.9067', 'eval_macro_f1': '0.9067', 'eval_atc': '0.385', 'eval_normalized_atc': '0.0385', 'eval_target_recall': '0.86', 'eval_target_fnr': '0.14', 'eval_selection_score': '0.0709', 'eval_selection_accuracy_value': '0.9067', 'eval_nll': '0.1817', 'eval_brier': '0.09959', 'eval_ece': '0.04666', 'eval_auroc': '0.9761', 'eval_auprc': '0.9912', 'eval_runtime': '2.284', 'eval_samples_per_second': '87.58', 'eval_steps_per_second': '5.693', 'epoch': '4'}
CustomImageProcessor configuration saved to checkpoints/stop3b_imbalance_decoupling_spider_target_minority_vit_ce_seed43/checkpoint-88/preprocessor_config.json
{'loss': '0.7452', 'grad_norm': '4.633', 'learning_rate': '9.379e-05', 'epoch': '4.091'}
{'loss': '0.5566', 'grad_norm': '7.383', 'learning_rate': '9.186e-05', 'epoch': '4.545'}
{'loss': '0.4624', 'grad_norm': '19.24', 'learning_rate': '8.969e-05', 'epoch': '5'}
{'eval_loss': '0.2291', 'eval_accuracy': '0.935', 'eval_f1': '0.9103', 'eval_balanced_accuracy': '0.8967', 'eval_macro_f1': '0.9103', 'eval_atc': '0.47', 'eval_normalized_atc': '0.047', 'eval_target_recall': '0.82', 'eval_target_fnr': '0.18', 'eval_selection_score': '0.1146', 'eval_selection_accuracy_value': '0.8967', 'eval_nll': '0.2291', 'eval_brier': '0.1219', 'eval_ece': '0.04155', 'eval_auroc': '0.9573', 'eval_auprc': '0.9836', 'eval_runtime': '2.399', 'eval_samples_per_second': '83.37', 'eval_steps_per_second': '5.419', 'epoch': '5'}
CustomImageProcessor configuration saved to checkpoints/stop3b_imbalance_decoupling_spider_target_minority_vit_ce_seed43/checkpoint-110/preprocessor_config.json
{'loss': '0.6271', 'grad_norm': '8.306', 'learning_rate': '8.729e-05', 'epoch': '5.455'}
{'loss': '0.4216', 'grad_norm': '5.252', 'learning_rate': '8.468e-05', 'epoch': '5.909'}
{'eval_loss': '0.2265', 'eval_accuracy': '0.915', 'eval_f1': '0.8827', 'eval_balanced_accuracy': '0.87', 'eval_macro_f1': '0.8827', 'eval_atc': '0.58', 'eval_normalized_atc': '0.058', 'eval_target_recall': '0.78', 'eval_target_fnr': '0.22', 'eval_selection_score': '0.1736', 'eval_selection_accuracy_value': '0.87', 'eval_nll': '0.2265', 'eval_brier': '0.1317', 'eval_ece': '0.03983', 'eval_auroc': '0.9621', 'eval_auprc': '0.9862', 'eval_runtime': '2.114', 'eval_samples_per_second': '94.61', 'eval_steps_per_second': '6.15', 'epoch': '6'}
CustomImageProcessor configuration saved to checkpoints/stop3b_imbalance_decoupling_spider_target_minority_vit_ce_seed43/checkpoint-132/preprocessor_config.json
{'loss': '0.5567', 'grad_norm': '4.648', 'learning_rate': '8.188e-05', 'epoch': '6.364'}
{'loss': '0.3566', 'grad_norm': '4.088', 'learning_rate': '7.89e-05', 'epoch': '6.818'}
{'eval_loss': '0.2222', 'eval_accuracy': '0.93', 'eval_f1': '0.9041', 'eval_balanced_accuracy': '0.8933', 'eval_macro_f1': '0.9041', 'eval_atc': '0.475', 'eval_normalized_atc': '0.0475', 'eval_target_recall': '0.82', 'eval_target_fnr': '0.18', 'eval_selection_score': '0.1151', 'eval_selection_accuracy_value': '0.8933', 'eval_nll': '0.2222', 'eval_brier': '0.1236', 'eval_ece': '0.0506', 'eval_auroc': '0.9693', 'eval_auprc': '0.9893', 'eval_runtime': '1.861', 'eval_samples_per_second': '107.5', 'eval_steps_per_second': '6.984', 'epoch': '7'}
CustomImageProcessor configuration saved to checkpoints/stop3b_imbalance_decoupling_spider_target_minority_vit_ce_seed43/checkpoint-154/preprocessor_config.json
{'train_runtime': '65.05', 'train_samples_per_second': '429.8', 'train_steps_per_second': '6.764', 'train_loss': '0.9728', 'epoch': '7'}
***** train metrics *****
  epoch                    =         7.0
  total_flos               = 706256004GF
  train_loss               =      0.9728
  train_runtime            =  0:01:05.04
  train_samples_per_second =     429.847
  train_steps_per_second   =       6.764
Using device: cuda

============================================================
PERFORMING COMPREHENSIVE EVALUATION
============================================================
Results will be saved to: results/vit_test/stop3b_imbalance_decoupling_spider_target_minority_vit_ce_seed43_04-28_16-15
Saving run configuration...
Run configuration saved to: results/vit_test/stop3b_imbalance_decoupling_spider_target_minority_vit_ce_seed43_04-28_16-15/run_configuration_20260428_161520.json
Running model evaluation...
Computing detailed metrics...
Saving metrics to files...
Metrics saved to: results/vit_test/stop3b_imbalance_decoupling_spider_target_minority_vit_ce_seed43_04-28_16-15/metrics_20260428_161527_ce.json and results/vit_test/stop3b_imbalance_decoupling_spider_target_minority_vit_ce_seed43_04-28_16-15/metrics_20260428_161527_ce.txt
Creating confusion matrix visualizations...
Using provided class names: ['black_widow', 'false_widow']
Confusion matrix visualizations (3-panel) saved to: results/vit_test/stop3b_imbalance_decoupling_spider_target_minority_vit_ce_seed43_04-28_16-15/confusion_matrix_20260428_161527_ce.png and results/vit_test/stop3b_imbalance_decoupling_spider_target_minority_vit_ce_seed43_04-28_16-15/confusion_matrix_20260428_161527_ce.pdf
Detailed confusion matrix saved to: results/vit_test/stop3b_imbalance_decoupling_spider_target_minority_vit_ce_seed43_04-28_16-15/confusion_matrix_detailed_20260428_161527_ce.png

============================================================
TRAINING COMPLETED - RESULTS SUMMARY
============================================================
Output Directory: results/vit_test/stop3b_imbalance_decoupling_spider_target_minority_vit_ce_seed43_04-28_16-15
Overall Accuracy: 0.9000
Balanced Accuracy: 0.8467
Overall F1 Score: 0.8609
Kappa: 0.7222
AUC: 0.9640
Expected Cost: 0.6850
Loss Function Used: ce
Total Test Samples: 200
Classes: black_widow, false_widow

Detailed metrics and visualizations saved to: results/vit_test/stop3b_imbalance_decoupling_spider_target_minority_vit_ce_seed43_04-28_16-15
============================================================
