Prepared manifest loaded — Train=1398, Val=200, Calibration=200, Test=200
cuda
Using model backend=hf_auto type=vit with 2 labels
Early stopping enabled with patience=3
Using device: cuda
{'loss': '2.553', 'grad_norm': '4.577', 'learning_rate': '4.091e-05', 'epoch': '0.4545'}
{'loss': '2.005', 'grad_norm': '4.155', 'learning_rate': '8.636e-05', 'epoch': '0.9091'}
{'eval_loss': '0.3757', 'eval_accuracy': '0.77', 'eval_f1': '0.5076', 'eval_balanced_accuracy': '0.54', 'eval_macro_f1': '0.5076', 'eval_atc': '2.3', 'eval_normalized_atc': '0.23', 'eval_target_recall': '0.08', 'eval_target_fnr': '0.92', 'eval_selection_score': '3.302', 'eval_selection_accuracy_value': '0.54', 'eval_nll': '0.3757', 'eval_brier': '0.2376', 'eval_ece': '0.1231', 'eval_auroc': '0.9399', 'eval_auprc': '0.9797', 'eval_runtime': '6.3', 'eval_samples_per_second': '31.75', 'eval_steps_per_second': '2.064', 'epoch': '1'}
CustomImageProcessor configuration saved to checkpoints/stop3b_imbalance_decoupling_spider_target_minority_vit_ce_seed44/checkpoint-22/preprocessor_config.json
{'loss': '1.429', 'grad_norm': '4.648', 'learning_rate': '9.993e-05', 'epoch': '1.364'}
{'loss': '1.026', 'grad_norm': '3.958', 'learning_rate': '9.959e-05', 'epoch': '1.818'}
{'eval_loss': '0.2742', 'eval_accuracy': '0.88', 'eval_f1': '0.8495', 'eval_balanced_accuracy': '0.8733', 'eval_macro_f1': '0.8495', 'eval_atc': '0.435', 'eval_normalized_atc': '0.0435', 'eval_target_recall': '0.86', 'eval_target_fnr': '0.14', 'eval_selection_score': '0.0759', 'eval_selection_accuracy_value': '0.8733', 'eval_nll': '0.2742', 'eval_brier': '0.1671', 'eval_ece': '0.07466', 'eval_auroc': '0.9589', 'eval_auprc': '0.9863', 'eval_runtime': '2.377', 'eval_samples_per_second': '84.14', 'eval_steps_per_second': '5.469', 'epoch': '2'}
CustomImageProcessor configuration saved to checkpoints/stop3b_imbalance_decoupling_spider_target_minority_vit_ce_seed44/checkpoint-44/preprocessor_config.json
{'loss': '0.9978', 'grad_norm': '17.77', 'learning_rate': '9.897e-05', 'epoch': '2.273'}
{'loss': '0.7523', 'grad_norm': '10.25', 'learning_rate': '9.808e-05', 'epoch': '2.727'}
{'eval_loss': '0.1817', 'eval_accuracy': '0.92', 'eval_f1': '0.8947', 'eval_balanced_accuracy': '0.9', 'eval_macro_f1': '0.8947', 'eval_atc': '0.395', 'eval_normalized_atc': '0.0395', 'eval_target_recall': '0.86', 'eval_target_fnr': '0.14', 'eval_selection_score': '0.0719', 'eval_selection_accuracy_value': '0.9', 'eval_nll': '0.1817', 'eval_brier': '0.1073', 'eval_ece': '0.0559', 'eval_auroc': '0.9793', 'eval_auprc': '0.9933', 'eval_runtime': '2.115', 'eval_samples_per_second': '94.55', 'eval_steps_per_second': '6.146', 'epoch': '3'}
CustomImageProcessor configuration saved to checkpoints/stop3b_imbalance_decoupling_spider_target_minority_vit_ce_seed44/checkpoint-66/preprocessor_config.json
{'loss': '0.7444', 'grad_norm': '2.139', 'learning_rate': '9.691e-05', 'epoch': '3.182'}
{'loss': '0.7141', 'grad_norm': '3.853', 'learning_rate': '9.548e-05', 'epoch': '3.636'}
{'eval_loss': '0.2402', 'eval_accuracy': '0.9', 'eval_f1': '0.8773', 'eval_balanced_accuracy': '0.9133', 'eval_macro_f1': '0.8773', 'eval_atc': '0.235', 'eval_normalized_atc': '0.0235', 'eval_target_recall': '0.94', 'eval_target_fnr': '0.06', 'eval_selection_score': '0.0239', 'eval_selection_accuracy_value': '0.9133', 'eval_nll': '0.2402', 'eval_brier': '0.1429', 'eval_ece': '0.03808', 'eval_auroc': '0.9793', 'eval_auprc': '0.9933', 'eval_runtime': '1.877', 'eval_samples_per_second': '106.6', 'eval_steps_per_second': '6.927', 'epoch': '4'}
CustomImageProcessor configuration saved to checkpoints/stop3b_imbalance_decoupling_spider_target_minority_vit_ce_seed44/checkpoint-88/preprocessor_config.json
{'loss': '0.6378', 'grad_norm': '11.95', 'learning_rate': '9.379e-05', 'epoch': '4.091'}
{'loss': '0.4955', 'grad_norm': '8.385', 'learning_rate': '9.186e-05', 'epoch': '4.545'}
{'loss': '0.6021', 'grad_norm': '9.697', 'learning_rate': '8.969e-05', 'epoch': '5'}
{'eval_loss': '0.2131', 'eval_accuracy': '0.91', 'eval_f1': '0.8871', 'eval_balanced_accuracy': '0.9133', 'eval_macro_f1': '0.8871', 'eval_atc': '0.27', 'eval_normalized_atc': '0.027', 'eval_target_recall': '0.92', 'eval_target_fnr': '0.08', 'eval_selection_score': '0.0306', 'eval_selection_accuracy_value': '0.9133', 'eval_nll': '0.2131', 'eval_brier': '0.13', 'eval_ece': '0.04361', 'eval_auroc': '0.9809', 'eval_auprc': '0.9936', 'eval_runtime': '2.48', 'eval_samples_per_second': '80.65', 'eval_steps_per_second': '5.242', 'epoch': '5'}
CustomImageProcessor configuration saved to checkpoints/stop3b_imbalance_decoupling_spider_target_minority_vit_ce_seed44/checkpoint-110/preprocessor_config.json
{'loss': '0.36', 'grad_norm': '3.973', 'learning_rate': '8.729e-05', 'epoch': '5.455'}
{'loss': '0.3648', 'grad_norm': '3.913', 'learning_rate': '8.468e-05', 'epoch': '5.909'}
{'eval_loss': '0.2317', 'eval_accuracy': '0.925', 'eval_f1': '0.8933', 'eval_balanced_accuracy': '0.87', 'eval_macro_f1': '0.8933', 'eval_atc': '0.615', 'eval_normalized_atc': '0.0615', 'eval_target_recall': '0.76', 'eval_target_fnr': '0.24', 'eval_selection_score': '0.2059', 'eval_selection_accuracy_value': '0.87', 'eval_nll': '0.2317', 'eval_brier': '0.1243', 'eval_ece': '0.04725', 'eval_auroc': '0.9671', 'eval_auprc': '0.9868', 'eval_runtime': '2.387', 'eval_samples_per_second': '83.78', 'eval_steps_per_second': '5.446', 'epoch': '6'}
CustomImageProcessor configuration saved to checkpoints/stop3b_imbalance_decoupling_spider_target_minority_vit_ce_seed44/checkpoint-132/preprocessor_config.json
{'loss': '0.4919', 'grad_norm': '8.458', 'learning_rate': '8.188e-05', 'epoch': '6.364'}
{'loss': '0.4585', 'grad_norm': '9.665', 'learning_rate': '7.89e-05', 'epoch': '6.818'}
{'eval_loss': '0.1525', 'eval_accuracy': '0.96', 'eval_f1': '0.9459', 'eval_balanced_accuracy': '0.94', 'eval_macro_f1': '0.9459', 'eval_atc': '0.265', 'eval_normalized_atc': '0.0265', 'eval_target_recall': '0.9', 'eval_target_fnr': '0.1', 'eval_selection_score': '0.0365', 'eval_selection_accuracy_value': '0.94', 'eval_nll': '0.1525', 'eval_brier': '0.07784', 'eval_ece': '0.02189', 'eval_auroc': '0.9799', 'eval_auprc': '0.9929', 'eval_runtime': '2.105', 'eval_samples_per_second': '95.02', 'eval_steps_per_second': '6.176', 'epoch': '7'}
CustomImageProcessor configuration saved to checkpoints/stop3b_imbalance_decoupling_spider_target_minority_vit_ce_seed44/checkpoint-154/preprocessor_config.json
{'train_runtime': '69.3', 'train_samples_per_second': '403.4', 'train_steps_per_second': '6.349', 'train_loss': '0.8946', 'epoch': '7'}
***** train metrics *****
  epoch                    =         7.0
  total_flos               = 706256004GF
  train_loss               =      0.8946
  train_runtime            =  0:01:09.30
  train_samples_per_second =     403.447
  train_steps_per_second   =       6.349
Using device: cuda

============================================================
PERFORMING COMPREHENSIVE EVALUATION
============================================================
Results will be saved to: results/vit_test/stop3b_imbalance_decoupling_spider_target_minority_vit_ce_seed44_04-28_16-22
Saving run configuration...
Run configuration saved to: results/vit_test/stop3b_imbalance_decoupling_spider_target_minority_vit_ce_seed44_04-28_16-22/run_configuration_20260428_162256.json
Running model evaluation...
Computing detailed metrics...
Saving metrics to files...
Metrics saved to: results/vit_test/stop3b_imbalance_decoupling_spider_target_minority_vit_ce_seed44_04-28_16-22/metrics_20260428_162304_ce.json and results/vit_test/stop3b_imbalance_decoupling_spider_target_minority_vit_ce_seed44_04-28_16-22/metrics_20260428_162304_ce.txt
Creating confusion matrix visualizations...
Using provided class names: ['black_widow', 'false_widow']
Confusion matrix visualizations (3-panel) saved to: results/vit_test/stop3b_imbalance_decoupling_spider_target_minority_vit_ce_seed44_04-28_16-22/confusion_matrix_20260428_162304_ce.png and results/vit_test/stop3b_imbalance_decoupling_spider_target_minority_vit_ce_seed44_04-28_16-22/confusion_matrix_20260428_162304_ce.pdf
Detailed confusion matrix saved to: results/vit_test/stop3b_imbalance_decoupling_spider_target_minority_vit_ce_seed44_04-28_16-22/confusion_matrix_detailed_20260428_162304_ce.png

============================================================
TRAINING COMPLETED - RESULTS SUMMARY
============================================================
Output Directory: results/vit_test/stop3b_imbalance_decoupling_spider_target_minority_vit_ce_seed44_04-28_16-22
Overall Accuracy: 0.8850
Balanced Accuracy: 0.8767
Overall F1 Score: 0.8550
Kappa: 0.7107
AUC: 0.9619
Expected Cost: 0.4300
Loss Function Used: ce
Total Test Samples: 200
Classes: black_widow, false_widow

Detailed metrics and visualizations saved to: results/vit_test/stop3b_imbalance_decoupling_spider_target_minority_vit_ce_seed44_04-28_16-22
============================================================
