Prepared manifest loaded — Train=1400, Val=200, Calibration=200, Test=200
cuda
Using model backend=hf_auto type=vit with 2 labels
Early stopping enabled with patience=3
Using device: cuda
{'loss': '2.679', 'grad_norm': '4.195', 'learning_rate': '4.091e-05', 'epoch': '0.4545'}
{'loss': '2.167', 'grad_norm': '3.778', 'learning_rate': '8.636e-05', 'epoch': '0.9091'}
{'eval_loss': '0.4689', 'eval_accuracy': '0.75', 'eval_f1': '0.4286', 'eval_balanced_accuracy': '0.5', 'eval_macro_f1': '0.4286', 'eval_atc': '0.25', 'eval_normalized_atc': '0.025', 'eval_target_recall': '1', 'eval_target_fnr': '0', 'eval_selection_score': '0.0875', 'eval_selection_accuracy_value': '0.5', 'eval_nll': '0.4689', 'eval_brier': '0.3061', 'eval_ece': '0.1075', 'eval_auroc': '0.8296', 'eval_auprc': '0.6744', 'eval_runtime': '2.291', 'eval_samples_per_second': '87.3', 'eval_steps_per_second': '5.674', 'epoch': '1'}
CustomImageProcessor configuration saved to checkpoints/stop3b_imbalance_decoupling_spider_target_majority_vit_ce_seed42/checkpoint-22/preprocessor_config.json
{'loss': '1.728', 'grad_norm': '9.069', 'learning_rate': '9.993e-05', 'epoch': '1.364'}
{'loss': '1.291', 'grad_norm': '4.082', 'learning_rate': '9.959e-05', 'epoch': '1.818'}
{'eval_loss': '0.2442', 'eval_accuracy': '0.91', 'eval_f1': '0.8831', 'eval_balanced_accuracy': '0.8933', 'eval_macro_f1': '0.8831', 'eval_atc': '0.585', 'eval_normalized_atc': '0.0585', 'eval_target_recall': '0.9267', 'eval_target_fnr': '0.07333', 'eval_selection_score': '0.06068', 'eval_selection_accuracy_value': '0.8933', 'eval_nll': '0.2442', 'eval_brier': '0.14', 'eval_ece': '0.09434', 'eval_auroc': '0.9655', 'eval_auprc': '0.9155', 'eval_runtime': '2.293', 'eval_samples_per_second': '87.22', 'eval_steps_per_second': '5.669', 'epoch': '2'}
CustomImageProcessor configuration saved to checkpoints/stop3b_imbalance_decoupling_spider_target_majority_vit_ce_seed42/checkpoint-44/preprocessor_config.json
{'loss': '0.9829', 'grad_norm': '7.309', 'learning_rate': '9.897e-05', 'epoch': '2.273'}
{'loss': '0.8663', 'grad_norm': '7.778', 'learning_rate': '9.808e-05', 'epoch': '2.727'}
{'eval_loss': '0.2703', 'eval_accuracy': '0.89', 'eval_f1': '0.8342', 'eval_balanced_accuracy': '0.8', 'eval_macro_f1': '0.8342', 'eval_atc': '0.245', 'eval_normalized_atc': '0.0245', 'eval_target_recall': '0.98', 'eval_target_fnr': '0.02', 'eval_selection_score': '0.0245', 'eval_selection_accuracy_value': '0.8', 'eval_nll': '0.2703', 'eval_brier': '0.1631', 'eval_ece': '0.04404', 'eval_auroc': '0.9505', 'eval_auprc': '0.8922', 'eval_runtime': '2.15', 'eval_samples_per_second': '93.01', 'eval_steps_per_second': '6.046', 'epoch': '3'}
CustomImageProcessor configuration saved to checkpoints/stop3b_imbalance_decoupling_spider_target_majority_vit_ce_seed42/checkpoint-66/preprocessor_config.json
{'loss': '0.7432', 'grad_norm': '5.91', 'learning_rate': '9.691e-05', 'epoch': '3.182'}
{'loss': '0.676', 'grad_norm': '4.885', 'learning_rate': '9.548e-05', 'epoch': '3.636'}
{'eval_loss': '0.2462', 'eval_accuracy': '0.895', 'eval_f1': '0.8591', 'eval_balanced_accuracy': '0.8567', 'eval_macro_f1': '0.8591', 'eval_atc': '0.555', 'eval_normalized_atc': '0.0555', 'eval_target_recall': '0.9333', 'eval_target_fnr': '0.06667', 'eval_selection_score': '0.05661', 'eval_selection_accuracy_value': '0.8567', 'eval_nll': '0.2462', 'eval_brier': '0.1516', 'eval_ece': '0.05733', 'eval_auroc': '0.9503', 'eval_auprc': '0.9062', 'eval_runtime': '2.346', 'eval_samples_per_second': '85.25', 'eval_steps_per_second': '5.541', 'epoch': '4'}
CustomImageProcessor configuration saved to checkpoints/stop3b_imbalance_decoupling_spider_target_majority_vit_ce_seed42/checkpoint-88/preprocessor_config.json
{'loss': '0.5906', 'grad_norm': '4.754', 'learning_rate': '9.379e-05', 'epoch': '4.091'}
{'loss': '0.5693', 'grad_norm': '11.91', 'learning_rate': '9.186e-05', 'epoch': '4.545'}
{'loss': '0.7774', 'grad_norm': '9.162', 'learning_rate': '8.969e-05', 'epoch': '5'}
{'eval_loss': '0.3833', 'eval_accuracy': '0.87', 'eval_f1': '0.7888', 'eval_balanced_accuracy': '0.7467', 'eval_macro_f1': '0.7888', 'eval_atc': '0.175', 'eval_normalized_atc': '0.0175', 'eval_target_recall': '0.9933', 'eval_target_fnr': '0.006667', 'eval_selection_score': '0.01751', 'eval_selection_accuracy_value': '0.7467', 'eval_nll': '0.3833', 'eval_brier': '0.2121', 'eval_ece': '0.08244', 'eval_auroc': '0.9347', 'eval_auprc': '0.8699', 'eval_runtime': '1.847', 'eval_samples_per_second': '108.3', 'eval_steps_per_second': '7.04', 'epoch': '5'}
CustomImageProcessor configuration saved to checkpoints/stop3b_imbalance_decoupling_spider_target_majority_vit_ce_seed42/checkpoint-110/preprocessor_config.json
{'loss': '0.6498', 'grad_norm': '7.934', 'learning_rate': '8.729e-05', 'epoch': '5.455'}
{'loss': '0.4621', 'grad_norm': '3.485', 'learning_rate': '8.468e-05', 'epoch': '5.909'}
{'eval_loss': '0.2415', 'eval_accuracy': '0.91', 'eval_f1': '0.8858', 'eval_balanced_accuracy': '0.9067', 'eval_macro_f1': '0.8858', 'eval_atc': '0.675', 'eval_normalized_atc': '0.0675', 'eval_target_recall': '0.9133', 'eval_target_fnr': '0.08667', 'eval_selection_score': '0.07288', 'eval_selection_accuracy_value': '0.9067', 'eval_nll': '0.2415', 'eval_brier': '0.1465', 'eval_ece': '0.05547', 'eval_auroc': '0.9629', 'eval_auprc': '0.9344', 'eval_runtime': '2.056', 'eval_samples_per_second': '97.29', 'eval_steps_per_second': '6.324', 'epoch': '6'}
CustomImageProcessor configuration saved to checkpoints/stop3b_imbalance_decoupling_spider_target_majority_vit_ce_seed42/checkpoint-132/preprocessor_config.json
{'loss': '0.387', 'grad_norm': '6.092', 'learning_rate': '8.188e-05', 'epoch': '6.364'}
{'loss': '0.4327', 'grad_norm': '10.77', 'learning_rate': '7.89e-05', 'epoch': '6.818'}
{'eval_loss': '0.3296', 'eval_accuracy': '0.9', 'eval_f1': '0.8519', 'eval_balanced_accuracy': '0.82', 'eval_macro_f1': '0.8519', 'eval_atc': '0.235', 'eval_normalized_atc': '0.0235', 'eval_target_recall': '0.98', 'eval_target_fnr': '0.02', 'eval_selection_score': '0.0235', 'eval_selection_accuracy_value': '0.82', 'eval_nll': '0.3296', 'eval_brier': '0.1793', 'eval_ece': '0.08078', 'eval_auroc': '0.9532', 'eval_auprc': '0.8953', 'eval_runtime': '2.323', 'eval_samples_per_second': '86.1', 'eval_steps_per_second': '5.597', 'epoch': '7'}
CustomImageProcessor configuration saved to checkpoints/stop3b_imbalance_decoupling_spider_target_majority_vit_ce_seed42/checkpoint-154/preprocessor_config.json
{'loss': '0.3362', 'grad_norm': '3.6', 'learning_rate': '7.576e-05', 'epoch': '7.273'}
{'loss': '0.2574', 'grad_norm': '7.178', 'learning_rate': '7.246e-05', 'epoch': '7.727'}
{'eval_loss': '0.2091', 'eval_accuracy': '0.92', 'eval_f1': '0.8985', 'eval_balanced_accuracy': '0.92', 'eval_macro_f1': '0.8985', 'eval_atc': '0.62', 'eval_normalized_atc': '0.062', 'eval_target_recall': '0.92', 'eval_target_fnr': '0.08', 'eval_selection_score': '0.0656', 'eval_selection_accuracy_value': '0.92', 'eval_nll': '0.2091', 'eval_brier': '0.1208', 'eval_ece': '0.04999', 'eval_auroc': '0.9775', 'eval_auprc': '0.9439', 'eval_runtime': '2.308', 'eval_samples_per_second': '86.66', 'eval_steps_per_second': '5.633', 'epoch': '8'}
CustomImageProcessor configuration saved to checkpoints/stop3b_imbalance_decoupling_spider_target_majority_vit_ce_seed42/checkpoint-176/preprocessor_config.json
{'train_runtime': '74.05', 'train_samples_per_second': '378.1', 'train_steps_per_second': '5.942', 'train_loss': '0.8971', 'epoch': '8'}
***** train metrics *****
  epoch                    =         8.0
  total_flos               = 808304439GF
  train_loss               =      0.8971
  train_runtime            =  0:01:14.04
  train_samples_per_second =     378.128
  train_steps_per_second   =       5.942
Using device: cuda

============================================================
PERFORMING COMPREHENSIVE EVALUATION
============================================================
Results will be saved to: results/vit_test/stop3b_imbalance_decoupling_spider_target_majority_vit_ce_seed42_04-28_16-49
Saving run configuration...
Run configuration saved to: results/vit_test/stop3b_imbalance_decoupling_spider_target_majority_vit_ce_seed42_04-28_16-49/run_configuration_20260428_164929.json
Running model evaluation...
Computing detailed metrics...
Saving metrics to files...
Metrics saved to: results/vit_test/stop3b_imbalance_decoupling_spider_target_majority_vit_ce_seed42_04-28_16-49/metrics_20260428_164941_ce.json and results/vit_test/stop3b_imbalance_decoupling_spider_target_majority_vit_ce_seed42_04-28_16-49/metrics_20260428_164941_ce.txt
Creating confusion matrix visualizations...
Using provided class names: ['black_widow', 'false_widow']
Confusion matrix visualizations (3-panel) saved to: results/vit_test/stop3b_imbalance_decoupling_spider_target_majority_vit_ce_seed42_04-28_16-49/confusion_matrix_20260428_164941_ce.png and results/vit_test/stop3b_imbalance_decoupling_spider_target_majority_vit_ce_seed42_04-28_16-49/confusion_matrix_20260428_164941_ce.pdf
Detailed confusion matrix saved to: results/vit_test/stop3b_imbalance_decoupling_spider_target_majority_vit_ce_seed42_04-28_16-49/confusion_matrix_detailed_20260428_164941_ce.png

============================================================
TRAINING COMPLETED - RESULTS SUMMARY
============================================================
Output Directory: results/vit_test/stop3b_imbalance_decoupling_spider_target_majority_vit_ce_seed42_04-28_16-49
Overall Accuracy: 0.8500
Balanced Accuracy: 0.7067
Overall F1 Score: 0.7459
Kappa: 0.5082
AUC: 0.9176
Expected Cost: 0.1950
Loss Function Used: ce
Total Test Samples: 200
Classes: black_widow, false_widow

Detailed metrics and visualizations saved to: results/vit_test/stop3b_imbalance_decoupling_spider_target_majority_vit_ce_seed42_04-28_16-49
============================================================
