Prepared manifest loaded — Train=1400, Val=200, Calibration=200, Test=200
cuda
Using model backend=hf_auto type=vit with 2 labels
Early stopping enabled with patience=3
Using device: cuda
{'loss': '2.198', 'grad_norm': '1.843', 'learning_rate': '4.091e-05', 'epoch': '0.4545'}
{'loss': '2.077', 'grad_norm': '3.364', 'learning_rate': '8.636e-05', 'epoch': '0.9091'}
{'eval_loss': '0.4037', 'eval_accuracy': '0.875', 'eval_f1': '0.8424', 'eval_balanced_accuracy': '0.8633', 'eval_macro_f1': '0.8424', 'eval_atc': '0.89', 'eval_normalized_atc': '0.089', 'eval_target_recall': '0.8867', 'eval_target_fnr': '0.1133', 'eval_selection_score': '0.105', 'eval_selection_accuracy_value': '0.8633', 'eval_nll': '0.4735', 'eval_brier': '0.2925', 'eval_ece': '0.2178', 'eval_auroc': '0.9281', 'eval_auprc': '0.7887', 'eval_runtime': '2.209', 'eval_samples_per_second': '90.55', 'eval_steps_per_second': '5.886', 'epoch': '1'}
CustomImageProcessor configuration saved to checkpoints/stop3b_imbalance_decoupling_spider_target_majority_vit_menon_logit_adjusted_seed42/checkpoint-22/preprocessor_config.json
{'loss': '1.504', 'grad_norm': '9.112', 'learning_rate': '9.993e-05', 'epoch': '1.364'}
{'loss': '1.13', 'grad_norm': '5.342', 'learning_rate': '9.959e-05', 'epoch': '1.818'}
{'eval_loss': '0.22', 'eval_accuracy': '0.895', 'eval_f1': '0.8691', 'eval_balanced_accuracy': '0.8967', 'eval_macro_f1': '0.8691', 'eval_atc': '0.825', 'eval_normalized_atc': '0.0825', 'eval_target_recall': '0.8933', 'eval_target_fnr': '0.1067', 'eval_selection_score': '0.09534', 'eval_selection_accuracy_value': '0.8967', 'eval_nll': '0.2704', 'eval_brier': '0.1522', 'eval_ece': '0.05785', 'eval_auroc': '0.9639', 'eval_auprc': '0.9211', 'eval_runtime': '1.968', 'eval_samples_per_second': '101.6', 'eval_steps_per_second': '6.605', 'epoch': '2'}
CustomImageProcessor configuration saved to checkpoints/stop3b_imbalance_decoupling_spider_target_majority_vit_menon_logit_adjusted_seed42/checkpoint-44/preprocessor_config.json
{'loss': '0.861', 'grad_norm': '8.153', 'learning_rate': '9.897e-05', 'epoch': '2.273'}
{'loss': '0.8615', 'grad_norm': '14.15', 'learning_rate': '9.808e-05', 'epoch': '2.727'}
{'eval_loss': '0.2098', 'eval_accuracy': '0.925', 'eval_f1': '0.9054', 'eval_balanced_accuracy': '0.93', 'eval_macro_f1': '0.9054', 'eval_atc': '0.615', 'eval_normalized_atc': '0.0615', 'eval_target_recall': '0.92', 'eval_target_fnr': '0.08', 'eval_selection_score': '0.0651', 'eval_selection_accuracy_value': '0.93', 'eval_nll': '0.2444', 'eval_brier': '0.1371', 'eval_ece': '0.04993', 'eval_auroc': '0.9637', 'eval_auprc': '0.9019', 'eval_runtime': '1.869', 'eval_samples_per_second': '107', 'eval_steps_per_second': '6.957', 'epoch': '3'}
CustomImageProcessor configuration saved to checkpoints/stop3b_imbalance_decoupling_spider_target_majority_vit_menon_logit_adjusted_seed42/checkpoint-66/preprocessor_config.json
{'loss': '0.6143', 'grad_norm': '4.205', 'learning_rate': '9.691e-05', 'epoch': '3.182'}
{'loss': '0.6077', 'grad_norm': '7.264', 'learning_rate': '9.548e-05', 'epoch': '3.636'}
{'eval_loss': '0.2062', 'eval_accuracy': '0.92', 'eval_f1': '0.8973', 'eval_balanced_accuracy': '0.9133', 'eval_macro_f1': '0.8973', 'eval_atc': '0.575', 'eval_normalized_atc': '0.0575', 'eval_target_recall': '0.9267', 'eval_target_fnr': '0.07333', 'eval_selection_score': '0.05968', 'eval_selection_accuracy_value': '0.9133', 'eval_nll': '0.2445', 'eval_brier': '0.1328', 'eval_ece': '0.03578', 'eval_auroc': '0.9652', 'eval_auprc': '0.9254', 'eval_runtime': '2.192', 'eval_samples_per_second': '91.24', 'eval_steps_per_second': '5.931', 'epoch': '4'}
CustomImageProcessor configuration saved to checkpoints/stop3b_imbalance_decoupling_spider_target_majority_vit_menon_logit_adjusted_seed42/checkpoint-88/preprocessor_config.json
{'loss': '0.5535', 'grad_norm': '6.755', 'learning_rate': '9.379e-05', 'epoch': '4.091'}
{'loss': '0.6023', 'grad_norm': '9.771', 'learning_rate': '9.186e-05', 'epoch': '4.545'}
{'loss': '0.6024', 'grad_norm': '9.1', 'learning_rate': '8.969e-05', 'epoch': '5'}
{'eval_loss': '0.3119', 'eval_accuracy': '0.915', 'eval_f1': '0.8751', 'eval_balanced_accuracy': '0.8433', 'eval_macro_f1': '0.8751', 'eval_atc': '0.175', 'eval_normalized_atc': '0.0175', 'eval_target_recall': '0.9867', 'eval_target_fnr': '0.01333', 'eval_selection_score': '0.0175', 'eval_selection_accuracy_value': '0.8433', 'eval_nll': '0.2363', 'eval_brier': '0.1375', 'eval_ece': '0.04085', 'eval_auroc': '0.9607', 'eval_auprc': '0.9156', 'eval_runtime': '2.224', 'eval_samples_per_second': '89.94', 'eval_steps_per_second': '5.846', 'epoch': '5'}
CustomImageProcessor configuration saved to checkpoints/stop3b_imbalance_decoupling_spider_target_majority_vit_menon_logit_adjusted_seed42/checkpoint-110/preprocessor_config.json
{'loss': '0.4331', 'grad_norm': '3.18', 'learning_rate': '8.729e-05', 'epoch': '5.455'}
{'loss': '0.4241', 'grad_norm': '5.821', 'learning_rate': '8.468e-05', 'epoch': '5.909'}
{'eval_loss': '0.1921', 'eval_accuracy': '0.905', 'eval_f1': '0.8788', 'eval_balanced_accuracy': '0.8967', 'eval_macro_f1': '0.8788', 'eval_atc': '0.68', 'eval_normalized_atc': '0.068', 'eval_target_recall': '0.9133', 'eval_target_fnr': '0.08667', 'eval_selection_score': '0.07338', 'eval_selection_accuracy_value': '0.8967', 'eval_nll': '0.2215', 'eval_brier': '0.1323', 'eval_ece': '0.0593', 'eval_auroc': '0.976', 'eval_auprc': '0.9406', 'eval_runtime': '2.37', 'eval_samples_per_second': '84.37', 'eval_steps_per_second': '5.484', 'epoch': '6'}
CustomImageProcessor configuration saved to checkpoints/stop3b_imbalance_decoupling_spider_target_majority_vit_menon_logit_adjusted_seed42/checkpoint-132/preprocessor_config.json
{'loss': '0.3674', 'grad_norm': '6.826', 'learning_rate': '8.188e-05', 'epoch': '6.364'}
{'loss': '0.3253', 'grad_norm': '11.05', 'learning_rate': '7.89e-05', 'epoch': '6.818'}
{'eval_loss': '0.229', 'eval_accuracy': '0.91', 'eval_f1': '0.8858', 'eval_balanced_accuracy': '0.9067', 'eval_macro_f1': '0.8858', 'eval_atc': '0.675', 'eval_normalized_atc': '0.0675', 'eval_target_recall': '0.9133', 'eval_target_fnr': '0.08667', 'eval_selection_score': '0.07288', 'eval_selection_accuracy_value': '0.9067', 'eval_nll': '0.2648', 'eval_brier': '0.1494', 'eval_ece': '0.0585', 'eval_auroc': '0.9717', 'eval_auprc': '0.9301', 'eval_runtime': '2.694', 'eval_samples_per_second': '74.23', 'eval_steps_per_second': '4.825', 'epoch': '7'}
CustomImageProcessor configuration saved to checkpoints/stop3b_imbalance_decoupling_spider_target_majority_vit_menon_logit_adjusted_seed42/checkpoint-154/preprocessor_config.json
{'loss': '0.3638', 'grad_norm': '10.16', 'learning_rate': '7.576e-05', 'epoch': '7.273'}
{'loss': '0.334', 'grad_norm': '1.279', 'learning_rate': '7.246e-05', 'epoch': '7.727'}
{'eval_loss': '0.2449', 'eval_accuracy': '0.92', 'eval_f1': '0.8997', 'eval_balanced_accuracy': '0.9267', 'eval_macro_f1': '0.8997', 'eval_atc': '0.665', 'eval_normalized_atc': '0.0665', 'eval_target_recall': '0.9133', 'eval_target_fnr': '0.08667', 'eval_selection_score': '0.07188', 'eval_selection_accuracy_value': '0.9267', 'eval_nll': '0.2905', 'eval_brier': '0.1441', 'eval_ece': '0.05479', 'eval_auroc': '0.9701', 'eval_auprc': '0.9152', 'eval_runtime': '2.176', 'eval_samples_per_second': '91.92', 'eval_steps_per_second': '5.975', 'epoch': '8'}
CustomImageProcessor configuration saved to checkpoints/stop3b_imbalance_decoupling_spider_target_majority_vit_menon_logit_adjusted_seed42/checkpoint-176/preprocessor_config.json
{'train_runtime': '73.97', 'train_samples_per_second': '378.5', 'train_steps_per_second': '5.948', 'train_loss': '0.7965', 'epoch': '8'}
***** train metrics *****
  epoch                    =         8.0
  total_flos               = 808304439GF
  train_loss               =      0.7965
  train_runtime            =  0:01:13.97
  train_samples_per_second =     378.524
  train_steps_per_second   =       5.948
Using device: cuda

============================================================
PERFORMING COMPREHENSIVE EVALUATION
============================================================
Results will be saved to: results/vit_test/stop3b_imbalance_decoupling_spider_target_majority_vit_menon_logit_adjusted_seed42_04-28_16-52
Saving run configuration...
Run configuration saved to: results/vit_test/stop3b_imbalance_decoupling_spider_target_majority_vit_menon_logit_adjusted_seed42_04-28_16-52/run_configuration_20260428_165233.json
Running model evaluation...
Computing detailed metrics...
Saving metrics to files...
Metrics saved to: results/vit_test/stop3b_imbalance_decoupling_spider_target_majority_vit_menon_logit_adjusted_seed42_04-28_16-52/metrics_20260428_165241_menon_logit_adjusted.json and results/vit_test/stop3b_imbalance_decoupling_spider_target_majority_vit_menon_logit_adjusted_seed42_04-28_16-52/metrics_20260428_165241_menon_logit_adjusted.txt
Creating confusion matrix visualizations...
Using provided class names: ['black_widow', 'false_widow']
Confusion matrix visualizations (3-panel) saved to: results/vit_test/stop3b_imbalance_decoupling_spider_target_majority_vit_menon_logit_adjusted_seed42_04-28_16-52/confusion_matrix_20260428_165241_menon_logit_adjusted.png and results/vit_test/stop3b_imbalance_decoupling_spider_target_majority_vit_menon_logit_adjusted_seed42_04-28_16-52/confusion_matrix_20260428_165241_menon_logit_adjusted.pdf
Detailed confusion matrix saved to: results/vit_test/stop3b_imbalance_decoupling_spider_target_majority_vit_menon_logit_adjusted_seed42_04-28_16-52/confusion_matrix_detailed_20260428_165241_menon_logit_adjusted.png

============================================================
TRAINING COMPLETED - RESULTS SUMMARY
============================================================
Output Directory: results/vit_test/stop3b_imbalance_decoupling_spider_target_majority_vit_menon_logit_adjusted_seed42_04-28_16-52
Overall Accuracy: 0.9150
Balanced Accuracy: 0.8500
Overall F1 Score: 0.8772
Kappa: 0.7554
AUC: 0.9476
Expected Cost: 0.2200
Loss Function Used: menon_logit_adjusted
Total Test Samples: 200
Classes: black_widow, false_widow

Detailed metrics and visualizations saved to: results/vit_test/stop3b_imbalance_decoupling_spider_target_majority_vit_menon_logit_adjusted_seed42_04-28_16-52
============================================================
