Prepared manifest loaded — Train=1400, Val=200, Calibration=200, Test=200
cuda
Using model backend=hf_auto type=vit with 2 labels
Early stopping enabled with patience=3
Using device: cuda
{'loss': '2.624', 'grad_norm': '4.031', 'learning_rate': '4.091e-05', 'epoch': '0.4545'}
{'loss': '2.098', 'grad_norm': '3.654', 'learning_rate': '8.636e-05', 'epoch': '0.9091'}
{'eval_loss': '0.4132', 'eval_accuracy': '0.755', 'eval_f1': '0.4494', 'eval_balanced_accuracy': '0.51', 'eval_macro_f1': '0.4494', 'eval_atc': '0.245', 'eval_normalized_atc': '0.0245', 'eval_target_recall': '1', 'eval_target_fnr': '0', 'eval_selection_score': '0.0821', 'eval_selection_accuracy_value': '0.51', 'eval_nll': '0.4132', 'eval_brier': '0.2651', 'eval_ece': '0.1166', 'eval_auroc': '0.9036', 'eval_auprc': '0.7972', 'eval_runtime': '2.062', 'eval_samples_per_second': '96.97', 'eval_steps_per_second': '6.303', 'epoch': '1'}
CustomImageProcessor configuration saved to checkpoints/stop3b_imbalance_decoupling_spider_target_majority_vit_ce_seed43/checkpoint-22/preprocessor_config.json
{'loss': '1.656', 'grad_norm': '11.33', 'learning_rate': '9.993e-05', 'epoch': '1.364'}
{'loss': '1.302', 'grad_norm': '6.978', 'learning_rate': '9.959e-05', 'epoch': '1.818'}
{'eval_loss': '0.2503', 'eval_accuracy': '0.91', 'eval_f1': '0.8766', 'eval_balanced_accuracy': '0.8667', 'eval_macro_f1': '0.8766', 'eval_atc': '0.405', 'eval_normalized_atc': '0.0405', 'eval_target_recall': '0.9533', 'eval_target_fnr': '0.04667', 'eval_selection_score': '0.0405', 'eval_selection_accuracy_value': '0.8667', 'eval_nll': '0.2503', 'eval_brier': '0.1401', 'eval_ece': '0.05895', 'eval_auroc': '0.956', 'eval_auprc': '0.912', 'eval_runtime': '2.211', 'eval_samples_per_second': '90.47', 'eval_steps_per_second': '5.88', 'epoch': '2'}
CustomImageProcessor configuration saved to checkpoints/stop3b_imbalance_decoupling_spider_target_majority_vit_ce_seed43/checkpoint-44/preprocessor_config.json
{'loss': '0.926', 'grad_norm': '14.56', 'learning_rate': '9.897e-05', 'epoch': '2.273'}
{'loss': '0.8969', 'grad_norm': '12.8', 'learning_rate': '9.808e-05', 'epoch': '2.727'}
{'eval_loss': '0.3732', 'eval_accuracy': '0.86', 'eval_f1': '0.7726', 'eval_balanced_accuracy': '0.7333', 'eval_macro_f1': '0.7726', 'eval_atc': '0.23', 'eval_normalized_atc': '0.023', 'eval_target_recall': '0.9867', 'eval_target_fnr': '0.01333', 'eval_selection_score': '0.02328', 'eval_selection_accuracy_value': '0.7333', 'eval_nll': '0.3732', 'eval_brier': '0.2256', 'eval_ece': '0.07837', 'eval_auroc': '0.9288', 'eval_auprc': '0.8516', 'eval_runtime': '2.379', 'eval_samples_per_second': '84.08', 'eval_steps_per_second': '5.465', 'epoch': '3'}
CustomImageProcessor configuration saved to checkpoints/stop3b_imbalance_decoupling_spider_target_majority_vit_ce_seed43/checkpoint-66/preprocessor_config.json
{'loss': '0.8186', 'grad_norm': '6.927', 'learning_rate': '9.691e-05', 'epoch': '3.182'}
{'loss': '0.7926', 'grad_norm': '11.73', 'learning_rate': '9.548e-05', 'epoch': '3.636'}
{'eval_loss': '0.3195', 'eval_accuracy': '0.88', 'eval_f1': '0.8222', 'eval_balanced_accuracy': '0.7933', 'eval_macro_f1': '0.8222', 'eval_atc': '0.345', 'eval_normalized_atc': '0.0345', 'eval_target_recall': '0.9667', 'eval_target_fnr': '0.03333', 'eval_selection_score': '0.0345', 'eval_selection_accuracy_value': '0.7933', 'eval_nll': '0.3195', 'eval_brier': '0.188', 'eval_ece': '0.0685', 'eval_auroc': '0.9373', 'eval_auprc': '0.8706', 'eval_runtime': '2.321', 'eval_samples_per_second': '86.17', 'eval_steps_per_second': '5.601', 'epoch': '4'}
CustomImageProcessor configuration saved to checkpoints/stop3b_imbalance_decoupling_spider_target_majority_vit_ce_seed43/checkpoint-88/preprocessor_config.json
{'loss': '0.6776', 'grad_norm': '13.1', 'learning_rate': '9.379e-05', 'epoch': '4.091'}
{'loss': '0.6727', 'grad_norm': '7.537', 'learning_rate': '9.186e-05', 'epoch': '4.545'}
{'loss': '0.713', 'grad_norm': '7.169', 'learning_rate': '8.969e-05', 'epoch': '5'}
{'eval_loss': '0.2553', 'eval_accuracy': '0.915', 'eval_f1': '0.8708', 'eval_balanced_accuracy': '0.83', 'eval_macro_f1': '0.8708', 'eval_atc': '0.085', 'eval_normalized_atc': '0.0085', 'eval_target_recall': '1', 'eval_target_fnr': '0', 'eval_selection_score': '0.0085', 'eval_selection_accuracy_value': '0.83', 'eval_nll': '0.2553', 'eval_brier': '0.1443', 'eval_ece': '0.03569', 'eval_auroc': '0.9575', 'eval_auprc': '0.9203', 'eval_runtime': '2.141', 'eval_samples_per_second': '93.41', 'eval_steps_per_second': '6.072', 'epoch': '5'}
CustomImageProcessor configuration saved to checkpoints/stop3b_imbalance_decoupling_spider_target_majority_vit_ce_seed43/checkpoint-110/preprocessor_config.json
{'loss': '0.6028', 'grad_norm': '5.72', 'learning_rate': '8.729e-05', 'epoch': '5.455'}
{'loss': '0.6418', 'grad_norm': '7.233', 'learning_rate': '8.468e-05', 'epoch': '5.909'}
{'eval_loss': '0.3338', 'eval_accuracy': '0.87', 'eval_f1': '0.8388', 'eval_balanced_accuracy': '0.8667', 'eval_macro_f1': '0.8388', 'eval_atc': '0.985', 'eval_normalized_atc': '0.0985', 'eval_target_recall': '0.8733', 'eval_target_fnr': '0.1267', 'eval_selection_score': '0.122', 'eval_selection_accuracy_value': '0.8667', 'eval_nll': '0.3338', 'eval_brier': '0.2014', 'eval_ece': '0.07085', 'eval_auroc': '0.9559', 'eval_auprc': '0.9081', 'eval_runtime': '2.358', 'eval_samples_per_second': '84.82', 'eval_steps_per_second': '5.513', 'epoch': '6'}
CustomImageProcessor configuration saved to checkpoints/stop3b_imbalance_decoupling_spider_target_majority_vit_ce_seed43/checkpoint-132/preprocessor_config.json
{'loss': '0.5476', 'grad_norm': '8.136', 'learning_rate': '8.188e-05', 'epoch': '6.364'}
{'loss': '0.6046', 'grad_norm': '14.4', 'learning_rate': '7.89e-05', 'epoch': '6.818'}
{'eval_loss': '0.2169', 'eval_accuracy': '0.91', 'eval_f1': '0.8667', 'eval_balanced_accuracy': '0.8333', 'eval_macro_f1': '0.8667', 'eval_atc': '0.18', 'eval_normalized_atc': '0.018', 'eval_target_recall': '0.9867', 'eval_target_fnr': '0.01333', 'eval_selection_score': '0.018', 'eval_selection_accuracy_value': '0.8333', 'eval_nll': '0.2169', 'eval_brier': '0.1256', 'eval_ece': '0.03396', 'eval_auroc': '0.9617', 'eval_auprc': '0.9277', 'eval_runtime': '2.083', 'eval_samples_per_second': '96', 'eval_steps_per_second': '6.24', 'epoch': '7'}
CustomImageProcessor configuration saved to checkpoints/stop3b_imbalance_decoupling_spider_target_majority_vit_ce_seed43/checkpoint-154/preprocessor_config.json
{'loss': '0.349', 'grad_norm': '3.023', 'learning_rate': '7.576e-05', 'epoch': '7.273'}
{'loss': '0.4113', 'grad_norm': '4.583', 'learning_rate': '7.246e-05', 'epoch': '7.727'}
{'eval_loss': '0.2992', 'eval_accuracy': '0.895', 'eval_f1': '0.8431', 'eval_balanced_accuracy': '0.81', 'eval_macro_f1': '0.8431', 'eval_atc': '0.24', 'eval_normalized_atc': '0.024', 'eval_target_recall': '0.98', 'eval_target_fnr': '0.02', 'eval_selection_score': '0.024', 'eval_selection_accuracy_value': '0.81', 'eval_nll': '0.2992', 'eval_brier': '0.1681', 'eval_ece': '0.07', 'eval_auroc': '0.9568', 'eval_auprc': '0.9072', 'eval_runtime': '1.85', 'eval_samples_per_second': '108.1', 'eval_steps_per_second': '7.026', 'epoch': '8'}
CustomImageProcessor configuration saved to checkpoints/stop3b_imbalance_decoupling_spider_target_majority_vit_ce_seed43/checkpoint-176/preprocessor_config.json
{'train_runtime': '73.42', 'train_samples_per_second': '381.4', 'train_steps_per_second': '5.993', 'train_loss': '0.9469', 'epoch': '8'}
***** train metrics *****
  epoch                    =         8.0
  total_flos               = 808304439GF
  train_loss               =      0.9469
  train_runtime            =  0:01:13.41
  train_samples_per_second =     381.385
  train_steps_per_second   =       5.993
Using device: cuda

============================================================
PERFORMING COMPREHENSIVE EVALUATION
============================================================
Results will be saved to: results/vit_test/stop3b_imbalance_decoupling_spider_target_majority_vit_ce_seed43_04-28_16-58
Saving run configuration...
Run configuration saved to: results/vit_test/stop3b_imbalance_decoupling_spider_target_majority_vit_ce_seed43_04-28_16-58/run_configuration_20260428_165845.json
Running model evaluation...
Computing detailed metrics...
Saving metrics to files...
Metrics saved to: results/vit_test/stop3b_imbalance_decoupling_spider_target_majority_vit_ce_seed43_04-28_16-58/metrics_20260428_165853_ce.json and results/vit_test/stop3b_imbalance_decoupling_spider_target_majority_vit_ce_seed43_04-28_16-58/metrics_20260428_165853_ce.txt
Creating confusion matrix visualizations...
Using provided class names: ['black_widow', 'false_widow']
Confusion matrix visualizations (3-panel) saved to: results/vit_test/stop3b_imbalance_decoupling_spider_target_majority_vit_ce_seed43_04-28_16-58/confusion_matrix_20260428_165853_ce.png and results/vit_test/stop3b_imbalance_decoupling_spider_target_majority_vit_ce_seed43_04-28_16-58/confusion_matrix_20260428_165853_ce.pdf
Detailed confusion matrix saved to: results/vit_test/stop3b_imbalance_decoupling_spider_target_majority_vit_ce_seed43_04-28_16-58/confusion_matrix_detailed_20260428_165853_ce.png

============================================================
TRAINING COMPLETED - RESULTS SUMMARY
============================================================
Output Directory: results/vit_test/stop3b_imbalance_decoupling_spider_target_majority_vit_ce_seed43_04-28_16-58
Overall Accuracy: 0.9250
Balanced Accuracy: 0.8700
Overall F1 Score: 0.8933
Kappa: 0.7872
AUC: 0.9552
Expected Cost: 0.2100
Loss Function Used: ce
Total Test Samples: 200
Classes: black_widow, false_widow

Detailed metrics and visualizations saved to: results/vit_test/stop3b_imbalance_decoupling_spider_target_majority_vit_ce_seed43_04-28_16-58
============================================================
