Prepared manifest loaded — Train=1400, Val=200, Calibration=200, Test=200
cuda
Using model backend=hf_auto type=vit with 2 labels
Early stopping enabled with patience=3
Using device: cuda
{'loss': '2.175', 'grad_norm': '1.967', 'learning_rate': '4.091e-05', 'epoch': '0.4545'}
{'loss': '2.001', 'grad_norm': '4.474', 'learning_rate': '8.636e-05', 'epoch': '0.9091'}
{'eval_loss': '0.3866', 'eval_accuracy': '0.87', 'eval_f1': '0.8422', 'eval_balanced_accuracy': '0.88', 'eval_macro_f1': '0.8422', 'eval_atc': '1.075', 'eval_normalized_atc': '0.1075', 'eval_target_recall': '0.86', 'eval_target_fnr': '0.14', 'eval_selection_score': '0.1399', 'eval_selection_accuracy_value': '0.88', 'eval_nll': '0.4781', 'eval_brier': '0.2964', 'eval_ece': '0.2133', 'eval_auroc': '0.9336', 'eval_auprc': '0.8461', 'eval_runtime': '2.176', 'eval_samples_per_second': '91.91', 'eval_steps_per_second': '5.974', 'epoch': '1'}
CustomImageProcessor configuration saved to checkpoints/stop3b_imbalance_decoupling_spider_target_majority_vit_menon_logit_adjusted_seed43/checkpoint-22/preprocessor_config.json
{'loss': '1.528', 'grad_norm': '14.23', 'learning_rate': '9.993e-05', 'epoch': '1.364'}
{'loss': '1.228', 'grad_norm': '7.512', 'learning_rate': '9.959e-05', 'epoch': '1.818'}
{'eval_loss': '0.1842', 'eval_accuracy': '0.94', 'eval_f1': '0.9239', 'eval_balanced_accuracy': '0.9467', 'eval_macro_f1': '0.9239', 'eval_atc': '0.51', 'eval_normalized_atc': '0.051', 'eval_target_recall': '0.9333', 'eval_target_fnr': '0.06667', 'eval_selection_score': '0.05211', 'eval_selection_accuracy_value': '0.9467', 'eval_nll': '0.2403', 'eval_brier': '0.1222', 'eval_ece': '0.09576', 'eval_auroc': '0.9781', 'eval_auprc': '0.9549', 'eval_runtime': '2.089', 'eval_samples_per_second': '95.74', 'eval_steps_per_second': '6.223', 'epoch': '2'}
CustomImageProcessor configuration saved to checkpoints/stop3b_imbalance_decoupling_spider_target_majority_vit_menon_logit_adjusted_seed43/checkpoint-44/preprocessor_config.json
{'loss': '0.8499', 'grad_norm': '5.156', 'learning_rate': '9.897e-05', 'epoch': '2.273'}
{'loss': '0.912', 'grad_norm': '14.68', 'learning_rate': '9.808e-05', 'epoch': '2.727'}
{'eval_loss': '0.174', 'eval_accuracy': '0.94', 'eval_f1': '0.9248', 'eval_balanced_accuracy': '0.9533', 'eval_macro_f1': '0.9248', 'eval_atc': '0.555', 'eval_normalized_atc': '0.0555', 'eval_target_recall': '0.9267', 'eval_target_fnr': '0.07333', 'eval_selection_score': '0.05768', 'eval_selection_accuracy_value': '0.9533', 'eval_nll': '0.2273', 'eval_brier': '0.1197', 'eval_ece': '0.05202', 'eval_auroc': '0.9759', 'eval_auprc': '0.9321', 'eval_runtime': '2.369', 'eval_samples_per_second': '84.44', 'eval_steps_per_second': '5.488', 'epoch': '3'}
CustomImageProcessor configuration saved to checkpoints/stop3b_imbalance_decoupling_spider_target_majority_vit_menon_logit_adjusted_seed43/checkpoint-66/preprocessor_config.json
{'loss': '0.6693', 'grad_norm': '5.188', 'learning_rate': '9.691e-05', 'epoch': '3.182'}
{'loss': '0.6638', 'grad_norm': '9.481', 'learning_rate': '9.548e-05', 'epoch': '3.636'}
{'eval_loss': '0.2324', 'eval_accuracy': '0.915', 'eval_f1': '0.8843', 'eval_balanced_accuracy': '0.8767', 'eval_macro_f1': '0.8843', 'eval_atc': '0.4', 'eval_normalized_atc': '0.04', 'eval_target_recall': '0.9533', 'eval_target_fnr': '0.04667', 'eval_selection_score': '0.04', 'eval_selection_accuracy_value': '0.8767', 'eval_nll': '0.2209', 'eval_brier': '0.131', 'eval_ece': '0.04382', 'eval_auroc': '0.9579', 'eval_auprc': '0.9218', 'eval_runtime': '2.116', 'eval_samples_per_second': '94.5', 'eval_steps_per_second': '6.142', 'epoch': '4'}
CustomImageProcessor configuration saved to checkpoints/stop3b_imbalance_decoupling_spider_target_majority_vit_menon_logit_adjusted_seed43/checkpoint-88/preprocessor_config.json
{'loss': '0.5224', 'grad_norm': '4.975', 'learning_rate': '9.379e-05', 'epoch': '4.091'}
{'loss': '0.5263', 'grad_norm': '8.456', 'learning_rate': '9.186e-05', 'epoch': '4.545'}
{'loss': '0.4708', 'grad_norm': '4.888', 'learning_rate': '8.969e-05', 'epoch': '5'}
{'eval_loss': '0.2431', 'eval_accuracy': '0.92', 'eval_f1': '0.8919', 'eval_balanced_accuracy': '0.8867', 'eval_macro_f1': '0.8919', 'eval_atc': '0.395', 'eval_normalized_atc': '0.0395', 'eval_target_recall': '0.9533', 'eval_target_fnr': '0.04667', 'eval_selection_score': '0.0395', 'eval_selection_accuracy_value': '0.8867', 'eval_nll': '0.2389', 'eval_brier': '0.1352', 'eval_ece': '0.0411', 'eval_auroc': '0.9619', 'eval_auprc': '0.9153', 'eval_runtime': '2.095', 'eval_samples_per_second': '95.44', 'eval_steps_per_second': '6.204', 'epoch': '5'}
CustomImageProcessor configuration saved to checkpoints/stop3b_imbalance_decoupling_spider_target_majority_vit_menon_logit_adjusted_seed43/checkpoint-110/preprocessor_config.json
{'loss': '0.3369', 'grad_norm': '11.58', 'learning_rate': '8.729e-05', 'epoch': '5.455'}
{'loss': '0.4864', 'grad_norm': '12.27', 'learning_rate': '8.468e-05', 'epoch': '5.909'}
{'eval_loss': '0.241', 'eval_accuracy': '0.92', 'eval_f1': '0.8947', 'eval_balanced_accuracy': '0.9', 'eval_macro_f1': '0.8947', 'eval_atc': '0.485', 'eval_normalized_atc': '0.0485', 'eval_target_recall': '0.94', 'eval_target_fnr': '0.06', 'eval_selection_score': '0.0489', 'eval_selection_accuracy_value': '0.9', 'eval_nll': '0.2421', 'eval_brier': '0.1322', 'eval_ece': '0.05138', 'eval_auroc': '0.9663', 'eval_auprc': '0.9287', 'eval_runtime': '2.042', 'eval_samples_per_second': '97.95', 'eval_steps_per_second': '6.367', 'epoch': '6'}
CustomImageProcessor configuration saved to checkpoints/stop3b_imbalance_decoupling_spider_target_majority_vit_menon_logit_adjusted_seed43/checkpoint-132/preprocessor_config.json
{'loss': '0.3901', 'grad_norm': '9.8', 'learning_rate': '8.188e-05', 'epoch': '6.364'}
{'loss': '0.3606', 'grad_norm': '15.27', 'learning_rate': '7.89e-05', 'epoch': '6.818'}
{'eval_loss': '0.2931', 'eval_accuracy': '0.89', 'eval_f1': '0.8621', 'eval_balanced_accuracy': '0.8867', 'eval_macro_f1': '0.8621', 'eval_atc': '0.83', 'eval_normalized_atc': '0.083', 'eval_target_recall': '0.8933', 'eval_target_fnr': '0.1067', 'eval_selection_score': '0.09584', 'eval_selection_accuracy_value': '0.8867', 'eval_nll': '0.3378', 'eval_brier': '0.1744', 'eval_ece': '0.06771', 'eval_auroc': '0.9529', 'eval_auprc': '0.8897', 'eval_runtime': '2.039', 'eval_samples_per_second': '98.08', 'eval_steps_per_second': '6.375', 'epoch': '7'}
CustomImageProcessor configuration saved to checkpoints/stop3b_imbalance_decoupling_spider_target_majority_vit_menon_logit_adjusted_seed43/checkpoint-154/preprocessor_config.json
{'loss': '0.431', 'grad_norm': '8.053', 'learning_rate': '7.576e-05', 'epoch': '7.273'}
{'loss': '0.4679', 'grad_norm': '3.31', 'learning_rate': '7.246e-05', 'epoch': '7.727'}
{'eval_loss': '0.3074', 'eval_accuracy': '0.915', 'eval_f1': '0.8751', 'eval_balanced_accuracy': '0.8433', 'eval_macro_f1': '0.8751', 'eval_atc': '0.175', 'eval_normalized_atc': '0.0175', 'eval_target_recall': '0.9867', 'eval_target_fnr': '0.01333', 'eval_selection_score': '0.0175', 'eval_selection_accuracy_value': '0.8433', 'eval_nll': '0.2347', 'eval_brier': '0.1392', 'eval_ece': '0.06211', 'eval_auroc': '0.9733', 'eval_auprc': '0.9333', 'eval_runtime': '2.087', 'eval_samples_per_second': '95.84', 'eval_steps_per_second': '6.23', 'epoch': '8'}
CustomImageProcessor configuration saved to checkpoints/stop3b_imbalance_decoupling_spider_target_majority_vit_menon_logit_adjusted_seed43/checkpoint-176/preprocessor_config.json
{'loss': '0.4483', 'grad_norm': '5.965', 'learning_rate': '6.905e-05', 'epoch': '8.182'}
{'loss': '0.3389', 'grad_norm': '4.873', 'learning_rate': '6.552e-05', 'epoch': '8.636'}
{'eval_loss': '0.2096', 'eval_accuracy': '0.94', 'eval_f1': '0.9166', 'eval_balanced_accuracy': '0.9', 'eval_macro_f1': '0.9166', 'eval_atc': '0.195', 'eval_normalized_atc': '0.0195', 'eval_target_recall': '0.98', 'eval_target_fnr': '0.02', 'eval_selection_score': '0.0195', 'eval_selection_accuracy_value': '0.9', 'eval_nll': '0.1811', 'eval_brier': '0.1004', 'eval_ece': '0.04481', 'eval_auroc': '0.9751', 'eval_auprc': '0.9472', 'eval_runtime': '1.946', 'eval_samples_per_second': '102.8', 'eval_steps_per_second': '6.68', 'epoch': '9'}
CustomImageProcessor configuration saved to checkpoints/stop3b_imbalance_decoupling_spider_target_majority_vit_menon_logit_adjusted_seed43/checkpoint-198/preprocessor_config.json
{'loss': '0.3909', 'grad_norm': '6.85', 'learning_rate': '6.191e-05', 'epoch': '9.091'}
{'loss': '0.1942', 'grad_norm': '8.164', 'learning_rate': '5.823e-05', 'epoch': '9.545'}
{'loss': '0.345', 'grad_norm': '4.636', 'learning_rate': '5.45e-05', 'epoch': '10'}
{'eval_loss': '0.2463', 'eval_accuracy': '0.92', 'eval_f1': '0.8997', 'eval_balanced_accuracy': '0.9267', 'eval_macro_f1': '0.8997', 'eval_atc': '0.665', 'eval_normalized_atc': '0.0665', 'eval_target_recall': '0.9133', 'eval_target_fnr': '0.08667', 'eval_selection_score': '0.07188', 'eval_selection_accuracy_value': '0.9267', 'eval_nll': '0.2914', 'eval_brier': '0.1446', 'eval_ece': '0.06403', 'eval_auroc': '0.9697', 'eval_auprc': '0.9295', 'eval_runtime': '1.92', 'eval_samples_per_second': '104.1', 'eval_steps_per_second': '6.77', 'epoch': '10'}
CustomImageProcessor configuration saved to checkpoints/stop3b_imbalance_decoupling_spider_target_majority_vit_menon_logit_adjusted_seed43/checkpoint-220/preprocessor_config.json
{'loss': '0.3667', 'grad_norm': '0.9516', 'learning_rate': '5.075e-05', 'epoch': '10.45'}
{'loss': '0.4116', 'grad_norm': '11.39', 'learning_rate': '4.7e-05', 'epoch': '10.91'}
{'eval_loss': '0.1973', 'eval_accuracy': '0.935', 'eval_f1': '0.9127', 'eval_balanced_accuracy': '0.91', 'eval_macro_f1': '0.9127', 'eval_atc': '0.335', 'eval_normalized_atc': '0.0335', 'eval_target_recall': '0.96', 'eval_target_fnr': '0.04', 'eval_selection_score': '0.0335', 'eval_selection_accuracy_value': '0.91', 'eval_nll': '0.1847', 'eval_brier': '0.1027', 'eval_ece': '0.0281', 'eval_auroc': '0.9779', 'eval_auprc': '0.9503', 'eval_runtime': '2.383', 'eval_samples_per_second': '83.92', 'eval_steps_per_second': '5.455', 'epoch': '11'}
CustomImageProcessor configuration saved to checkpoints/stop3b_imbalance_decoupling_spider_target_majority_vit_menon_logit_adjusted_seed43/checkpoint-242/preprocessor_config.json
{'train_runtime': '100.6', 'train_samples_per_second': '278.4', 'train_steps_per_second': '4.375', 'train_loss': '0.6834', 'epoch': '11'}
***** train metrics *****
  epoch                    =         11.0
  total_flos               = 1111418604GF
  train_loss               =       0.6834
  train_runtime            =   0:01:40.58
  train_samples_per_second =      278.381
  train_steps_per_second   =        4.375
Using device: cuda

============================================================
PERFORMING COMPREHENSIVE EVALUATION
============================================================
Results will be saved to: results/vit_test/stop3b_imbalance_decoupling_spider_target_majority_vit_menon_logit_adjusted_seed43_04-28_17-02
Saving run configuration...
Run configuration saved to: results/vit_test/stop3b_imbalance_decoupling_spider_target_majority_vit_menon_logit_adjusted_seed43_04-28_17-02/run_configuration_20260428_170215.json
Running model evaluation...
Computing detailed metrics...
Saving metrics to files...
Metrics saved to: results/vit_test/stop3b_imbalance_decoupling_spider_target_majority_vit_menon_logit_adjusted_seed43_04-28_17-02/metrics_20260428_170222_menon_logit_adjusted.json and results/vit_test/stop3b_imbalance_decoupling_spider_target_majority_vit_menon_logit_adjusted_seed43_04-28_17-02/metrics_20260428_170222_menon_logit_adjusted.txt
Creating confusion matrix visualizations...
Using provided class names: ['black_widow', 'false_widow']
Confusion matrix visualizations (3-panel) saved to: results/vit_test/stop3b_imbalance_decoupling_spider_target_majority_vit_menon_logit_adjusted_seed43_04-28_17-02/confusion_matrix_20260428_170222_menon_logit_adjusted.png and results/vit_test/stop3b_imbalance_decoupling_spider_target_majority_vit_menon_logit_adjusted_seed43_04-28_17-02/confusion_matrix_20260428_170222_menon_logit_adjusted.pdf
Detailed confusion matrix saved to: results/vit_test/stop3b_imbalance_decoupling_spider_target_majority_vit_menon_logit_adjusted_seed43_04-28_17-02/confusion_matrix_detailed_20260428_170222_menon_logit_adjusted.png

============================================================
TRAINING COMPLETED - RESULTS SUMMARY
============================================================
Output Directory: results/vit_test/stop3b_imbalance_decoupling_spider_target_majority_vit_menon_logit_adjusted_seed43_04-28_17-02
Overall Accuracy: 0.9100
Balanced Accuracy: 0.8467
Overall F1 Score: 0.8710
Kappa: 0.7429
AUC: 0.9440
Expected Cost: 0.2700
Loss Function Used: menon_logit_adjusted
Total Test Samples: 200
Classes: black_widow, false_widow

Detailed metrics and visualizations saved to: results/vit_test/stop3b_imbalance_decoupling_spider_target_majority_vit_menon_logit_adjusted_seed43_04-28_17-02
============================================================
