Prepared manifest loaded — Train=1400, Val=200, Calibration=200, Test=200
cuda
Using model backend=hf_auto type=vit with 2 labels
Early stopping enabled with patience=3
Using device: cuda
{'loss': '2.653', 'grad_norm': '4.163', 'learning_rate': '4.091e-05', 'epoch': '0.4545'}
{'loss': '2.156', 'grad_norm': '4.025', 'learning_rate': '8.636e-05', 'epoch': '0.9091'}
{'eval_loss': '0.427', 'eval_accuracy': '0.75', 'eval_f1': '0.4286', 'eval_balanced_accuracy': '0.5', 'eval_macro_f1': '0.4286', 'eval_atc': '0.25', 'eval_normalized_atc': '0.025', 'eval_target_recall': '1', 'eval_target_fnr': '0', 'eval_selection_score': '0.0875', 'eval_selection_accuracy_value': '0.5', 'eval_nll': '0.4145', 'eval_brier': '0.267', 'eval_ece': '0.1184', 'eval_auroc': '0.9041', 'eval_auprc': '0.8038', 'eval_runtime': '2.034', 'eval_samples_per_second': '98.31', 'eval_steps_per_second': '6.39', 'epoch': '1'}
CustomImageProcessor configuration saved to checkpoints/stop3b_imbalance_decoupling_spider_target_majority_vit_cs_regularized_ce_seed43/checkpoint-22/preprocessor_config.json
{'loss': '1.724', 'grad_norm': '12.57', 'learning_rate': '9.993e-05', 'epoch': '1.364'}
{'loss': '1.357', 'grad_norm': '5.782', 'learning_rate': '9.959e-05', 'epoch': '1.818'}
{'eval_loss': '0.275', 'eval_accuracy': '0.905', 'eval_f1': '0.8689', 'eval_balanced_accuracy': '0.8567', 'eval_macro_f1': '0.8689', 'eval_atc': '0.41', 'eval_normalized_atc': '0.041', 'eval_target_recall': '0.9533', 'eval_target_fnr': '0.04667', 'eval_selection_score': '0.041', 'eval_selection_accuracy_value': '0.8567', 'eval_nll': '0.2666', 'eval_brier': '0.1539', 'eval_ece': '0.05001', 'eval_auroc': '0.9505', 'eval_auprc': '0.8997', 'eval_runtime': '1.831', 'eval_samples_per_second': '109.2', 'eval_steps_per_second': '7.1', 'epoch': '2'}
CustomImageProcessor configuration saved to checkpoints/stop3b_imbalance_decoupling_spider_target_majority_vit_cs_regularized_ce_seed43/checkpoint-44/preprocessor_config.json
{'loss': '0.9823', 'grad_norm': '4.274', 'learning_rate': '9.897e-05', 'epoch': '2.273'}
{'loss': '1.024', 'grad_norm': '6.267', 'learning_rate': '9.808e-05', 'epoch': '2.727'}
{'eval_loss': '0.2895', 'eval_accuracy': '0.865', 'eval_f1': '0.8352', 'eval_balanced_accuracy': '0.87', 'eval_macro_f1': '0.8352', 'eval_atc': '1.08', 'eval_normalized_atc': '0.108', 'eval_target_recall': '0.86', 'eval_target_fnr': '0.14', 'eval_selection_score': '0.1404', 'eval_selection_accuracy_value': '0.87', 'eval_nll': '0.2777', 'eval_brier': '0.1761', 'eval_ece': '0.09345', 'eval_auroc': '0.9513', 'eval_auprc': '0.8741', 'eval_runtime': '2.133', 'eval_samples_per_second': '93.77', 'eval_steps_per_second': '6.095', 'epoch': '3'}
CustomImageProcessor configuration saved to checkpoints/stop3b_imbalance_decoupling_spider_target_majority_vit_cs_regularized_ce_seed43/checkpoint-66/preprocessor_config.json
{'loss': '0.905', 'grad_norm': '6.362', 'learning_rate': '9.691e-05', 'epoch': '3.182'}
{'loss': '0.9841', 'grad_norm': '4.213', 'learning_rate': '9.548e-05', 'epoch': '3.636'}
{'eval_loss': '0.2063', 'eval_accuracy': '0.935', 'eval_f1': '0.915', 'eval_balanced_accuracy': '0.9233', 'eval_macro_f1': '0.915', 'eval_atc': '0.425', 'eval_normalized_atc': '0.0425', 'eval_target_recall': '0.9467', 'eval_target_fnr': '0.05333', 'eval_selection_score': '0.04254', 'eval_selection_accuracy_value': '0.9233', 'eval_nll': '0.1987', 'eval_brier': '0.113', 'eval_ece': '0.04855', 'eval_auroc': '0.9712', 'eval_auprc': '0.9234', 'eval_runtime': '2.06', 'eval_samples_per_second': '97.09', 'eval_steps_per_second': '6.311', 'epoch': '4'}
CustomImageProcessor configuration saved to checkpoints/stop3b_imbalance_decoupling_spider_target_majority_vit_cs_regularized_ce_seed43/checkpoint-88/preprocessor_config.json
{'loss': '0.6096', 'grad_norm': '1.911', 'learning_rate': '9.379e-05', 'epoch': '4.091'}
{'loss': '0.7851', 'grad_norm': '3', 'learning_rate': '9.186e-05', 'epoch': '4.545'}
{'loss': '0.6548', 'grad_norm': '19.27', 'learning_rate': '8.969e-05', 'epoch': '5'}
{'eval_loss': '0.2285', 'eval_accuracy': '0.92', 'eval_f1': '0.8871', 'eval_balanced_accuracy': '0.8667', 'eval_macro_f1': '0.8871', 'eval_atc': '0.26', 'eval_normalized_atc': '0.026', 'eval_target_recall': '0.9733', 'eval_target_fnr': '0.02667', 'eval_selection_score': '0.026', 'eval_selection_accuracy_value': '0.8667', 'eval_nll': '0.2223', 'eval_brier': '0.128', 'eval_ece': '0.02013', 'eval_auroc': '0.9532', 'eval_auprc': '0.9168', 'eval_runtime': '2.171', 'eval_samples_per_second': '92.11', 'eval_steps_per_second': '5.987', 'epoch': '5'}
CustomImageProcessor configuration saved to checkpoints/stop3b_imbalance_decoupling_spider_target_majority_vit_cs_regularized_ce_seed43/checkpoint-110/preprocessor_config.json
{'loss': '0.6411', 'grad_norm': '7.002', 'learning_rate': '8.729e-05', 'epoch': '5.455'}
{'loss': '0.6031', 'grad_norm': '3.826', 'learning_rate': '8.468e-05', 'epoch': '5.909'}
{'eval_loss': '0.213', 'eval_accuracy': '0.905', 'eval_f1': '0.8707', 'eval_balanced_accuracy': '0.8633', 'eval_macro_f1': '0.8707', 'eval_atc': '0.455', 'eval_normalized_atc': '0.0455', 'eval_target_recall': '0.9467', 'eval_target_fnr': '0.05333', 'eval_selection_score': '0.04554', 'eval_selection_accuracy_value': '0.8633', 'eval_nll': '0.207', 'eval_brier': '0.1238', 'eval_ece': '0.04313', 'eval_auroc': '0.9651', 'eval_auprc': '0.9306', 'eval_runtime': '2.067', 'eval_samples_per_second': '96.77', 'eval_steps_per_second': '6.29', 'epoch': '6'}
CustomImageProcessor configuration saved to checkpoints/stop3b_imbalance_decoupling_spider_target_majority_vit_cs_regularized_ce_seed43/checkpoint-132/preprocessor_config.json
{'loss': '0.3775', 'grad_norm': '6.737', 'learning_rate': '8.188e-05', 'epoch': '6.364'}
{'loss': '0.4629', 'grad_norm': '7.416', 'learning_rate': '7.89e-05', 'epoch': '6.818'}
{'eval_loss': '0.2273', 'eval_accuracy': '0.92', 'eval_f1': '0.8887', 'eval_balanced_accuracy': '0.8733', 'eval_macro_f1': '0.8887', 'eval_atc': '0.305', 'eval_normalized_atc': '0.0305', 'eval_target_recall': '0.9667', 'eval_target_fnr': '0.03333', 'eval_selection_score': '0.0305', 'eval_selection_accuracy_value': '0.8733', 'eval_nll': '0.2227', 'eval_brier': '0.1279', 'eval_ece': '0.04429', 'eval_auroc': '0.968', 'eval_auprc': '0.9289', 'eval_runtime': '2.38', 'eval_samples_per_second': '84.05', 'eval_steps_per_second': '5.463', 'epoch': '7'}
CustomImageProcessor configuration saved to checkpoints/stop3b_imbalance_decoupling_spider_target_majority_vit_cs_regularized_ce_seed43/checkpoint-154/preprocessor_config.json
{'loss': '0.3878', 'grad_norm': '4.18', 'learning_rate': '7.576e-05', 'epoch': '7.273'}
{'loss': '0.4034', 'grad_norm': '9.28', 'learning_rate': '7.246e-05', 'epoch': '7.727'}
{'eval_loss': '0.2855', 'eval_accuracy': '0.9', 'eval_f1': '0.8684', 'eval_balanced_accuracy': '0.8733', 'eval_macro_f1': '0.8684', 'eval_atc': '0.595', 'eval_normalized_atc': '0.0595', 'eval_target_recall': '0.9267', 'eval_target_fnr': '0.07333', 'eval_selection_score': '0.06168', 'eval_selection_accuracy_value': '0.8733', 'eval_nll': '0.279', 'eval_brier': '0.1609', 'eval_ece': '0.06779', 'eval_auroc': '0.9609', 'eval_auprc': '0.9126', 'eval_runtime': '2.281', 'eval_samples_per_second': '87.69', 'eval_steps_per_second': '5.7', 'epoch': '8'}
CustomImageProcessor configuration saved to checkpoints/stop3b_imbalance_decoupling_spider_target_majority_vit_cs_regularized_ce_seed43/checkpoint-176/preprocessor_config.json
{'train_runtime': '73.79', 'train_samples_per_second': '379.4', 'train_steps_per_second': '5.963', 'train_loss': '0.9617', 'epoch': '8'}
***** train metrics *****
  epoch                    =         8.0
  total_flos               = 808304439GF
  train_loss               =      0.9617
  train_runtime            =  0:01:13.79
  train_samples_per_second =     379.437
  train_steps_per_second   =       5.963
Using device: cuda

============================================================
PERFORMING COMPREHENSIVE EVALUATION
============================================================
Results will be saved to: results/vit_test/stop3b_imbalance_decoupling_spider_target_majority_vit_cs_regularized_ce_seed43_04-28_17-03
Saving run configuration...
Run configuration saved to: results/vit_test/stop3b_imbalance_decoupling_spider_target_majority_vit_cs_regularized_ce_seed43_04-28_17-03/run_configuration_20260428_170343.json
Running model evaluation...
Computing detailed metrics...
Saving metrics to files...
Metrics saved to: results/vit_test/stop3b_imbalance_decoupling_spider_target_majority_vit_cs_regularized_ce_seed43_04-28_17-03/metrics_20260428_170350_cs_regularized_ce.json and results/vit_test/stop3b_imbalance_decoupling_spider_target_majority_vit_cs_regularized_ce_seed43_04-28_17-03/metrics_20260428_170350_cs_regularized_ce.txt
Creating confusion matrix visualizations...
Using provided class names: ['black_widow', 'false_widow']
Confusion matrix visualizations (3-panel) saved to: results/vit_test/stop3b_imbalance_decoupling_spider_target_majority_vit_cs_regularized_ce_seed43_04-28_17-03/confusion_matrix_20260428_170350_cs_regularized_ce.png and results/vit_test/stop3b_imbalance_decoupling_spider_target_majority_vit_cs_regularized_ce_seed43_04-28_17-03/confusion_matrix_20260428_170350_cs_regularized_ce.pdf
Detailed confusion matrix saved to: results/vit_test/stop3b_imbalance_decoupling_spider_target_majority_vit_cs_regularized_ce_seed43_04-28_17-03/confusion_matrix_detailed_20260428_170350_cs_regularized_ce.png

============================================================
TRAINING COMPLETED - RESULTS SUMMARY
============================================================
Output Directory: results/vit_test/stop3b_imbalance_decoupling_spider_target_majority_vit_cs_regularized_ce_seed43_04-28_17-03
Overall Accuracy: 0.9200
Balanced Accuracy: 0.8800
Overall F1 Score: 0.8904
Kappa: 0.7808
AUC: 0.9627
Expected Cost: 0.3500
Loss Function Used: cs_regularized_ce
Total Test Samples: 200
Classes: black_widow, false_widow

Detailed metrics and visualizations saved to: results/vit_test/stop3b_imbalance_decoupling_spider_target_majority_vit_cs_regularized_ce_seed43_04-28_17-03
============================================================
