Prepared manifest loaded — Train=1400, Val=200, Calibration=200, Test=200
cuda
Using model backend=hf_auto type=vit with 2 labels
Early stopping enabled with patience=3
Using device: cuda
{'loss': '2.775', 'grad_norm': '3.457', 'learning_rate': '4.091e-05', 'epoch': '0.4545'}
{'loss': '2.357', 'grad_norm': '5.001', 'learning_rate': '8.636e-05', 'epoch': '0.9091'}
{'eval_loss': '0.4643', 'eval_accuracy': '0.815', 'eval_f1': '0.6515', 'eval_balanced_accuracy': '0.63', 'eval_macro_f1': '0.6515', 'eval_atc': '0.185', 'eval_normalized_atc': '0.0185', 'eval_target_recall': '1', 'eval_target_fnr': '0', 'eval_selection_score': '0.0329', 'eval_selection_accuracy_value': '0.63', 'eval_nll': '0.4291', 'eval_brier': '0.2666', 'eval_ece': '0.1143', 'eval_auroc': '0.904', 'eval_auprc': '0.7881', 'eval_runtime': '2.178', 'eval_samples_per_second': '91.84', 'eval_steps_per_second': '5.97', 'epoch': '1'}
CustomImageProcessor configuration saved to checkpoints/stop3b_imbalance_decoupling_spider_target_majority_vit_nicme_logit_adjustment_seed43/checkpoint-22/preprocessor_config.json
{'loss': '1.829', 'grad_norm': '14.64', 'learning_rate': '9.993e-05', 'epoch': '1.364'}
{'loss': '1.478', 'grad_norm': '5.858', 'learning_rate': '9.959e-05', 'epoch': '1.818'}
{'eval_loss': '0.3198', 'eval_accuracy': '0.885', 'eval_f1': '0.8186', 'eval_balanced_accuracy': '0.7767', 'eval_macro_f1': '0.8186', 'eval_atc': '0.16', 'eval_normalized_atc': '0.016', 'eval_target_recall': '0.9933', 'eval_target_fnr': '0.006667', 'eval_selection_score': '0.016', 'eval_selection_accuracy_value': '0.7767', 'eval_nll': '0.2851', 'eval_brier': '0.1756', 'eval_ece': '0.07964', 'eval_auroc': '0.9657', 'eval_auprc': '0.937', 'eval_runtime': '1.875', 'eval_samples_per_second': '106.6', 'eval_steps_per_second': '6.932', 'epoch': '2'}
CustomImageProcessor configuration saved to checkpoints/stop3b_imbalance_decoupling_spider_target_majority_vit_nicme_logit_adjustment_seed43/checkpoint-44/preprocessor_config.json
{'loss': '1.174', 'grad_norm': '8.194', 'learning_rate': '9.897e-05', 'epoch': '2.273'}
{'loss': '1.375', 'grad_norm': '15.69', 'learning_rate': '9.808e-05', 'epoch': '2.727'}
{'eval_loss': '0.465', 'eval_accuracy': '0.91', 'eval_f1': '0.8907', 'eval_balanced_accuracy': '0.9333', 'eval_macro_f1': '0.8907', 'eval_atc': '0.855', 'eval_normalized_atc': '0.0855', 'eval_target_recall': '0.8867', 'eval_target_fnr': '0.1133', 'eval_selection_score': '0.1015', 'eval_selection_accuracy_value': '0.9333', 'eval_nll': '0.2652', 'eval_brier': '0.1514', 'eval_ece': '0.09543', 'eval_auroc': '0.9745', 'eval_auprc': '0.9417', 'eval_runtime': '2.067', 'eval_samples_per_second': '96.74', 'eval_steps_per_second': '6.288', 'epoch': '3'}
CustomImageProcessor configuration saved to checkpoints/stop3b_imbalance_decoupling_spider_target_majority_vit_nicme_logit_adjustment_seed43/checkpoint-66/preprocessor_config.json
{'loss': '1.169', 'grad_norm': '3.749', 'learning_rate': '9.691e-05', 'epoch': '3.182'}
{'loss': '1.2', 'grad_norm': '16.82', 'learning_rate': '9.548e-05', 'epoch': '3.636'}
{'eval_loss': '0.3067', 'eval_accuracy': '0.93', 'eval_f1': '0.9079', 'eval_balanced_accuracy': '0.9133', 'eval_macro_f1': '0.9079', 'eval_atc': '0.43', 'eval_normalized_atc': '0.043', 'eval_target_recall': '0.9467', 'eval_target_fnr': '0.05333', 'eval_selection_score': '0.04304', 'eval_selection_accuracy_value': '0.9133', 'eval_nll': '0.232', 'eval_brier': '0.1295', 'eval_ece': '0.08796', 'eval_auroc': '0.9728', 'eval_auprc': '0.9343', 'eval_runtime': '2.089', 'eval_samples_per_second': '95.74', 'eval_steps_per_second': '6.223', 'epoch': '4'}
CustomImageProcessor configuration saved to checkpoints/stop3b_imbalance_decoupling_spider_target_majority_vit_nicme_logit_adjustment_seed43/checkpoint-88/preprocessor_config.json
{'loss': '1.112', 'grad_norm': '18.43', 'learning_rate': '9.379e-05', 'epoch': '4.091'}
{'loss': '0.8433', 'grad_norm': '5.222', 'learning_rate': '9.186e-05', 'epoch': '4.545'}
{'loss': '0.9196', 'grad_norm': '7.426', 'learning_rate': '8.969e-05', 'epoch': '5'}
{'eval_loss': '0.3689', 'eval_accuracy': '0.89', 'eval_f1': '0.8397', 'eval_balanced_accuracy': '0.8133', 'eval_macro_f1': '0.8397', 'eval_atc': '0.335', 'eval_normalized_atc': '0.0335', 'eval_target_recall': '0.9667', 'eval_target_fnr': '0.03333', 'eval_selection_score': '0.0335', 'eval_selection_accuracy_value': '0.8133', 'eval_nll': '0.263', 'eval_brier': '0.1565', 'eval_ece': '0.01821', 'eval_auroc': '0.9495', 'eval_auprc': '0.892', 'eval_runtime': '2.452', 'eval_samples_per_second': '81.58', 'eval_steps_per_second': '5.302', 'epoch': '5'}
CustomImageProcessor configuration saved to checkpoints/stop3b_imbalance_decoupling_spider_target_majority_vit_nicme_logit_adjustment_seed43/checkpoint-110/preprocessor_config.json
{'train_runtime': '46.51', 'train_samples_per_second': '602.1', 'train_steps_per_second': '9.461', 'train_loss': '1.476', 'epoch': '5'}
***** train metrics *****
  epoch                    =         5.0
  total_flos               = 505190274GF
  train_loss               =      1.4756
  train_runtime            =  0:00:46.50
  train_samples_per_second =     602.062
  train_steps_per_second   =       9.461
Using device: cuda

============================================================
PERFORMING COMPREHENSIVE EVALUATION
============================================================
Results will be saved to: results/vit_test/stop3b_imbalance_decoupling_spider_target_majority_vit_nicme_logit_adjustment_seed43_04-28_17-04
Saving run configuration...
Run configuration saved to: results/vit_test/stop3b_imbalance_decoupling_spider_target_majority_vit_nicme_logit_adjustment_seed43_04-28_17-04/run_configuration_20260428_170443.json
Running model evaluation...
Computing detailed metrics...
Saving metrics to files...
Metrics saved to: results/vit_test/stop3b_imbalance_decoupling_spider_target_majority_vit_nicme_logit_adjustment_seed43_04-28_17-04/metrics_20260428_170451_nicme_logit_adjustment.json and results/vit_test/stop3b_imbalance_decoupling_spider_target_majority_vit_nicme_logit_adjustment_seed43_04-28_17-04/metrics_20260428_170451_nicme_logit_adjustment.txt
Creating confusion matrix visualizations...
Using provided class names: ['black_widow', 'false_widow']
Confusion matrix visualizations (3-panel) saved to: results/vit_test/stop3b_imbalance_decoupling_spider_target_majority_vit_nicme_logit_adjustment_seed43_04-28_17-04/confusion_matrix_20260428_170451_nicme_logit_adjustment.png and results/vit_test/stop3b_imbalance_decoupling_spider_target_majority_vit_nicme_logit_adjustment_seed43_04-28_17-04/confusion_matrix_20260428_170451_nicme_logit_adjustment.pdf
Detailed confusion matrix saved to: results/vit_test/stop3b_imbalance_decoupling_spider_target_majority_vit_nicme_logit_adjustment_seed43_04-28_17-04/confusion_matrix_detailed_20260428_170451_nicme_logit_adjustment.png

============================================================
TRAINING COMPLETED - RESULTS SUMMARY
============================================================
Output Directory: results/vit_test/stop3b_imbalance_decoupling_spider_target_majority_vit_nicme_logit_adjustment_seed43_04-28_17-04
Overall Accuracy: 0.8750
Balanced Accuracy: 0.7500
Overall F1 Score: 0.7949
Kappa: 0.6000
AUC: 0.9471
Expected Cost: 0.1250
Loss Function Used: nicme_logit_adjustment
Total Test Samples: 200
Classes: black_widow, false_widow

Detailed metrics and visualizations saved to: results/vit_test/stop3b_imbalance_decoupling_spider_target_majority_vit_nicme_logit_adjustment_seed43_04-28_17-04
============================================================
