Prepared manifest loaded — Train=1400, Val=200, Calibration=200, Test=200
cuda
Using model backend=hf_auto type=vit with 2 labels
Early stopping enabled with patience=3
Using device: cuda
{'loss': '3.233', 'grad_norm': '3.474', 'learning_rate': '4.091e-05', 'epoch': '0.4545'}
{'loss': '2.618', 'grad_norm': '4.743', 'learning_rate': '8.636e-05', 'epoch': '0.9091'}
{'eval_loss': '0.5379', 'eval_accuracy': '0.82', 'eval_f1': '0.6951', 'eval_balanced_accuracy': '0.6667', 'eval_macro_f1': '0.6951', 'eval_atc': '0.36', 'eval_normalized_atc': '0.036', 'eval_target_recall': '0.9733', 'eval_target_fnr': '0.02667', 'eval_selection_score': '0.04294', 'eval_selection_accuracy_value': '0.6667', 'eval_nll': '0.4646', 'eval_brier': '0.2882', 'eval_ece': '0.1771', 'eval_auroc': '0.9071', 'eval_auprc': '0.7797', 'eval_runtime': '2.141', 'eval_samples_per_second': '93.43', 'eval_steps_per_second': '6.073', 'epoch': '1'}
CustomImageProcessor configuration saved to checkpoints/stop3b_imbalance_decoupling_spider_target_majority_vit_nicme_hybrid_seed44/checkpoint-22/preprocessor_config.json
{'loss': '2.055', 'grad_norm': '9.347', 'learning_rate': '9.993e-05', 'epoch': '1.364'}
{'loss': '1.653', 'grad_norm': '10.94', 'learning_rate': '9.959e-05', 'epoch': '1.818'}
{'eval_loss': '0.3741', 'eval_accuracy': '0.95', 'eval_f1': '0.9333', 'eval_balanced_accuracy': '0.9333', 'eval_macro_f1': '0.9333', 'eval_atc': '0.275', 'eval_normalized_atc': '0.0275', 'eval_target_recall': '0.9667', 'eval_target_fnr': '0.03333', 'eval_selection_score': '0.0275', 'eval_selection_accuracy_value': '0.9333', 'eval_nll': '0.3008', 'eval_brier': '0.169', 'eval_ece': '0.1723', 'eval_auroc': '0.97', 'eval_auprc': '0.944', 'eval_runtime': '2.034', 'eval_samples_per_second': '98.32', 'eval_steps_per_second': '6.391', 'epoch': '2'}
CustomImageProcessor configuration saved to checkpoints/stop3b_imbalance_decoupling_spider_target_majority_vit_nicme_hybrid_seed44/checkpoint-44/preprocessor_config.json
{'loss': '1.451', 'grad_norm': '14.09', 'learning_rate': '9.897e-05', 'epoch': '2.273'}
{'loss': '1.433', 'grad_norm': '17.79', 'learning_rate': '9.808e-05', 'epoch': '2.727'}
{'eval_loss': '0.3903', 'eval_accuracy': '0.91', 'eval_f1': '0.873', 'eval_balanced_accuracy': '0.8533', 'eval_macro_f1': '0.873', 'eval_atc': '0.315', 'eval_normalized_atc': '0.0315', 'eval_target_recall': '0.9667', 'eval_target_fnr': '0.03333', 'eval_selection_score': '0.0315', 'eval_selection_accuracy_value': '0.8533', 'eval_nll': '0.2669', 'eval_brier': '0.1566', 'eval_ece': '0.08214', 'eval_auroc': '0.9581', 'eval_auprc': '0.9127', 'eval_runtime': '2.109', 'eval_samples_per_second': '94.83', 'eval_steps_per_second': '6.164', 'epoch': '3'}
CustomImageProcessor configuration saved to checkpoints/stop3b_imbalance_decoupling_spider_target_majority_vit_nicme_hybrid_seed44/checkpoint-66/preprocessor_config.json
{'loss': '1.292', 'grad_norm': '4.839', 'learning_rate': '9.691e-05', 'epoch': '3.182'}
{'loss': '1.164', 'grad_norm': '16.93', 'learning_rate': '9.548e-05', 'epoch': '3.636'}
{'eval_loss': '0.4068', 'eval_accuracy': '0.9', 'eval_f1': '0.8466', 'eval_balanced_accuracy': '0.8067', 'eval_macro_f1': '0.8466', 'eval_atc': '0.145', 'eval_normalized_atc': '0.0145', 'eval_target_recall': '0.9933', 'eval_target_fnr': '0.006667', 'eval_selection_score': '0.0145', 'eval_selection_accuracy_value': '0.8067', 'eval_nll': '0.2743', 'eval_brier': '0.1608', 'eval_ece': '0.06298', 'eval_auroc': '0.9529', 'eval_auprc': '0.9155', 'eval_runtime': '2.316', 'eval_samples_per_second': '86.36', 'eval_steps_per_second': '5.614', 'epoch': '4'}
CustomImageProcessor configuration saved to checkpoints/stop3b_imbalance_decoupling_spider_target_majority_vit_nicme_hybrid_seed44/checkpoint-88/preprocessor_config.json
{'loss': '1.012', 'grad_norm': '10.61', 'learning_rate': '9.379e-05', 'epoch': '4.091'}
{'loss': '0.9953', 'grad_norm': '4.096', 'learning_rate': '9.186e-05', 'epoch': '4.545'}
{'loss': '0.903', 'grad_norm': '16.95', 'learning_rate': '8.969e-05', 'epoch': '5'}
{'eval_loss': '0.4656', 'eval_accuracy': '0.905', 'eval_f1': '0.8649', 'eval_balanced_accuracy': '0.8433', 'eval_macro_f1': '0.8649', 'eval_atc': '0.32', 'eval_normalized_atc': '0.032', 'eval_target_recall': '0.9667', 'eval_target_fnr': '0.03333', 'eval_selection_score': '0.032', 'eval_selection_accuracy_value': '0.8433', 'eval_nll': '0.2227', 'eval_brier': '0.1321', 'eval_ece': '0.03667', 'eval_auroc': '0.9703', 'eval_auprc': '0.9272', 'eval_runtime': '2.211', 'eval_samples_per_second': '90.47', 'eval_steps_per_second': '5.881', 'epoch': '5'}
CustomImageProcessor configuration saved to checkpoints/stop3b_imbalance_decoupling_spider_target_majority_vit_nicme_hybrid_seed44/checkpoint-110/preprocessor_config.json
{'loss': '0.8631', 'grad_norm': '8.532', 'learning_rate': '8.729e-05', 'epoch': '5.455'}
{'loss': '1.15', 'grad_norm': '28.11', 'learning_rate': '8.468e-05', 'epoch': '5.909'}
{'eval_loss': '0.722', 'eval_accuracy': '0.885', 'eval_f1': '0.8477', 'eval_balanced_accuracy': '0.85', 'eval_macro_f1': '0.8477', 'eval_atc': '0.655', 'eval_normalized_atc': '0.0655', 'eval_target_recall': '0.92', 'eval_target_fnr': '0.08', 'eval_selection_score': '0.0691', 'eval_selection_accuracy_value': '0.85', 'eval_nll': '0.2241', 'eval_brier': '0.1396', 'eval_ece': '0.05082', 'eval_auroc': '0.9655', 'eval_auprc': '0.9154', 'eval_runtime': '2.142', 'eval_samples_per_second': '93.38', 'eval_steps_per_second': '6.07', 'epoch': '6'}
CustomImageProcessor configuration saved to checkpoints/stop3b_imbalance_decoupling_spider_target_majority_vit_nicme_hybrid_seed44/checkpoint-132/preprocessor_config.json
{'loss': '1.484', 'grad_norm': '40.72', 'learning_rate': '8.188e-05', 'epoch': '6.364'}
{'loss': '0.7309', 'grad_norm': '11.37', 'learning_rate': '7.89e-05', 'epoch': '6.818'}
{'eval_loss': '0.4354', 'eval_accuracy': '0.925', 'eval_f1': '0.8949', 'eval_balanced_accuracy': '0.8767', 'eval_macro_f1': '0.8949', 'eval_atc': '0.255', 'eval_normalized_atc': '0.0255', 'eval_target_recall': '0.9733', 'eval_target_fnr': '0.02667', 'eval_selection_score': '0.0255', 'eval_selection_accuracy_value': '0.8767', 'eval_nll': '0.207', 'eval_brier': '0.1192', 'eval_ece': '0.01987', 'eval_auroc': '0.9708', 'eval_auprc': '0.9323', 'eval_runtime': '1.848', 'eval_samples_per_second': '108.2', 'eval_steps_per_second': '7.035', 'epoch': '7'}
CustomImageProcessor configuration saved to checkpoints/stop3b_imbalance_decoupling_spider_target_majority_vit_nicme_hybrid_seed44/checkpoint-154/preprocessor_config.json
{'train_runtime': '64.91', 'train_samples_per_second': '431.4', 'train_steps_per_second': '6.779', 'train_loss': '1.45', 'epoch': '7'}
***** train metrics *****
  epoch                    =         7.0
  total_flos               = 707266384GF
  train_loss               =      1.4504
  train_runtime            =  0:01:04.90
  train_samples_per_second =     431.373
  train_steps_per_second   =       6.779
Using device: cuda

============================================================
PERFORMING COMPREHENSIVE EVALUATION
============================================================
Results will be saved to: results/vit_test/stop3b_imbalance_decoupling_spider_target_majority_vit_nicme_hybrid_seed44_04-28_17-12
Saving run configuration...
Run configuration saved to: results/vit_test/stop3b_imbalance_decoupling_spider_target_majority_vit_nicme_hybrid_seed44_04-28_17-12/run_configuration_20260428_171208.json
Running model evaluation...
Computing detailed metrics...
Saving metrics to files...
Metrics saved to: results/vit_test/stop3b_imbalance_decoupling_spider_target_majority_vit_nicme_hybrid_seed44_04-28_17-12/metrics_20260428_171215_nicme_hybrid.json and results/vit_test/stop3b_imbalance_decoupling_spider_target_majority_vit_nicme_hybrid_seed44_04-28_17-12/metrics_20260428_171215_nicme_hybrid.txt
Creating confusion matrix visualizations...
Using provided class names: ['black_widow', 'false_widow']
Confusion matrix visualizations (3-panel) saved to: results/vit_test/stop3b_imbalance_decoupling_spider_target_majority_vit_nicme_hybrid_seed44_04-28_17-12/confusion_matrix_20260428_171215_nicme_hybrid.png and results/vit_test/stop3b_imbalance_decoupling_spider_target_majority_vit_nicme_hybrid_seed44_04-28_17-12/confusion_matrix_20260428_171215_nicme_hybrid.pdf
Detailed confusion matrix saved to: results/vit_test/stop3b_imbalance_decoupling_spider_target_majority_vit_nicme_hybrid_seed44_04-28_17-12/confusion_matrix_detailed_20260428_171215_nicme_hybrid.png

============================================================
TRAINING COMPLETED - RESULTS SUMMARY
============================================================
Output Directory: results/vit_test/stop3b_imbalance_decoupling_spider_target_majority_vit_nicme_hybrid_seed44_04-28_17-12
Overall Accuracy: 0.9050
Balanced Accuracy: 0.8233
Overall F1 Score: 0.8581
Kappa: 0.7185
AUC: 0.9580
Expected Cost: 0.1850
Loss Function Used: nicme_hybrid
Total Test Samples: 200
Classes: black_widow, false_widow

Detailed metrics and visualizations saved to: results/vit_test/stop3b_imbalance_decoupling_spider_target_majority_vit_nicme_hybrid_seed44_04-28_17-12
============================================================
