Prepared manifest loaded — Train=1400, Val=200, Calibration=200, Test=200
cuda
Using model backend=timm type=timm_dinov3_vit_lora with 2 labels
Early stopping enabled with patience=3
Using device: cuda
{'loss': '2.765', 'grad_norm': '8.738', 'learning_rate': '4.091e-05', 'epoch': '0.4545'}
{'loss': '2.716', 'grad_norm': '6.566', 'learning_rate': '8.636e-05', 'epoch': '0.9091'}
{'eval_loss': '0.6615', 'eval_accuracy': '0.75', 'eval_f1': '0.4286', 'eval_balanced_accuracy': '0.5', 'eval_macro_f1': '0.4286', 'eval_atc': '0.25', 'eval_normalized_atc': '0.025', 'eval_target_recall': '1', 'eval_target_fnr': '0', 'eval_selection_score': '0.0875', 'eval_selection_accuracy_value': '0.5', 'eval_nll': '0.6615', 'eval_brier': '0.4684', 'eval_ece': '0.2178', 'eval_auroc': '0.6411', 'eval_auprc': '0.3444', 'eval_runtime': '2.166', 'eval_samples_per_second': '92.32', 'eval_steps_per_second': '6.001', 'epoch': '1'}
CustomImageProcessor configuration saved to checkpoints/stop3b_imbalance_decoupling_spider_target_majority_timm_dinov3_vit_lora_ce_calibrated_cost_min_seed42/checkpoint-22/preprocessor_config.json
{'loss': '2.626', 'grad_norm': '2.805', 'learning_rate': '9.993e-05', 'epoch': '1.364'}
{'loss': '2.504', 'grad_norm': '4.746', 'learning_rate': '9.959e-05', 'epoch': '1.818'}
{'eval_loss': '0.6045', 'eval_accuracy': '0.75', 'eval_f1': '0.4286', 'eval_balanced_accuracy': '0.5', 'eval_macro_f1': '0.4286', 'eval_atc': '0.25', 'eval_normalized_atc': '0.025', 'eval_target_recall': '1', 'eval_target_fnr': '0', 'eval_selection_score': '0.0875', 'eval_selection_accuracy_value': '0.5', 'eval_nll': '0.6045', 'eval_brier': '0.4127', 'eval_ece': '0.1467', 'eval_auroc': '0.6501', 'eval_auprc': '0.3488', 'eval_runtime': '2.119', 'eval_samples_per_second': '94.39', 'eval_steps_per_second': '6.136', 'epoch': '2'}
CustomImageProcessor configuration saved to checkpoints/stop3b_imbalance_decoupling_spider_target_majority_timm_dinov3_vit_lora_ce_calibrated_cost_min_seed42/checkpoint-44/preprocessor_config.json
{'loss': '2.391', 'grad_norm': '4.185', 'learning_rate': '9.897e-05', 'epoch': '2.273'}
{'loss': '2.352', 'grad_norm': '2.367', 'learning_rate': '9.808e-05', 'epoch': '2.727'}
{'eval_loss': '0.5615', 'eval_accuracy': '0.75', 'eval_f1': '0.4286', 'eval_balanced_accuracy': '0.5', 'eval_macro_f1': '0.4286', 'eval_atc': '0.25', 'eval_normalized_atc': '0.025', 'eval_target_recall': '1', 'eval_target_fnr': '0', 'eval_selection_score': '0.0875', 'eval_selection_accuracy_value': '0.5', 'eval_nll': '0.5615', 'eval_brier': '0.374', 'eval_ece': '0.1001', 'eval_auroc': '0.6776', 'eval_auprc': '0.3746', 'eval_runtime': '2.224', 'eval_samples_per_second': '89.93', 'eval_steps_per_second': '5.846', 'epoch': '3'}
CustomImageProcessor configuration saved to checkpoints/stop3b_imbalance_decoupling_spider_target_majority_timm_dinov3_vit_lora_ce_calibrated_cost_min_seed42/checkpoint-66/preprocessor_config.json
{'loss': '2.212', 'grad_norm': '3.347', 'learning_rate': '9.691e-05', 'epoch': '3.182'}
{'loss': '2.146', 'grad_norm': '4.625', 'learning_rate': '9.548e-05', 'epoch': '3.636'}
{'eval_loss': '0.5393', 'eval_accuracy': '0.75', 'eval_f1': '0.4286', 'eval_balanced_accuracy': '0.5', 'eval_macro_f1': '0.4286', 'eval_atc': '0.25', 'eval_normalized_atc': '0.025', 'eval_target_recall': '1', 'eval_target_fnr': '0', 'eval_selection_score': '0.0875', 'eval_selection_accuracy_value': '0.5', 'eval_nll': '0.5393', 'eval_brier': '0.3574', 'eval_ece': '0.09244', 'eval_auroc': '0.7047', 'eval_auprc': '0.4006', 'eval_runtime': '1.981', 'eval_samples_per_second': '100.9', 'eval_steps_per_second': '6.561', 'epoch': '4'}
CustomImageProcessor configuration saved to checkpoints/stop3b_imbalance_decoupling_spider_target_majority_timm_dinov3_vit_lora_ce_calibrated_cost_min_seed42/checkpoint-88/preprocessor_config.json
{'train_runtime': '26.07', 'train_samples_per_second': '1074', 'train_steps_per_second': '16.88', 'train_loss': '2.439', 'epoch': '4'}
***** train metrics *****
  epoch                    =        4.0
  total_flos               =        0GF
  train_loss               =     2.4388
  train_runtime            = 0:00:26.07
  train_samples_per_second =    1074.03
  train_steps_per_second   =     16.878
Using device: cuda

============================================================
PERFORMING COMPREHENSIVE EVALUATION
============================================================
Results will be saved to: results/timm_dinov3_vit_lora_test/stop3b_imbalance_decoupling_spider_target_majority_timm_dinov3_vit_lora_ce_calibrated_cost_min_seed42_04-28_17-13
Saving run configuration...
Run configuration saved to: results/timm_dinov3_vit_lora_test/stop3b_imbalance_decoupling_spider_target_majority_timm_dinov3_vit_lora_ce_calibrated_cost_min_seed42_04-28_17-13/run_configuration_20260428_171335.json
Running model evaluation...
Computing detailed metrics...
Saving metrics to files...
Metrics saved to: results/timm_dinov3_vit_lora_test/stop3b_imbalance_decoupling_spider_target_majority_timm_dinov3_vit_lora_ce_calibrated_cost_min_seed42_04-28_17-13/metrics_20260428_171342_ce_calibrated_cost_min.json and results/timm_dinov3_vit_lora_test/stop3b_imbalance_decoupling_spider_target_majority_timm_dinov3_vit_lora_ce_calibrated_cost_min_seed42_04-28_17-13/metrics_20260428_171342_ce_calibrated_cost_min.txt
Creating confusion matrix visualizations...
Using provided class names: ['black_widow', 'false_widow']
Confusion matrix visualizations (3-panel) saved to: results/timm_dinov3_vit_lora_test/stop3b_imbalance_decoupling_spider_target_majority_timm_dinov3_vit_lora_ce_calibrated_cost_min_seed42_04-28_17-13/confusion_matrix_20260428_171342_ce_calibrated_cost_min.png and results/timm_dinov3_vit_lora_test/stop3b_imbalance_decoupling_spider_target_majority_timm_dinov3_vit_lora_ce_calibrated_cost_min_seed42_04-28_17-13/confusion_matrix_20260428_171342_ce_calibrated_cost_min.pdf
Detailed confusion matrix saved to: results/timm_dinov3_vit_lora_test/stop3b_imbalance_decoupling_spider_target_majority_timm_dinov3_vit_lora_ce_calibrated_cost_min_seed42_04-28_17-13/confusion_matrix_detailed_20260428_171342_ce_calibrated_cost_min.png

============================================================
TRAINING COMPLETED - RESULTS SUMMARY
============================================================
Output Directory: results/timm_dinov3_vit_lora_test/stop3b_imbalance_decoupling_spider_target_majority_timm_dinov3_vit_lora_ce_calibrated_cost_min_seed42_04-28_17-13
Overall Accuracy: 0.7500
Balanced Accuracy: 0.5000
Overall F1 Score: 0.4286
Kappa: 0.0000
AUC: 0.5623
Expected Cost: 0.2500
Loss Function Used: ce_calibrated_cost_min
Total Test Samples: 200
Classes: black_widow, false_widow

Detailed metrics and visualizations saved to: results/timm_dinov3_vit_lora_test/stop3b_imbalance_decoupling_spider_target_majority_timm_dinov3_vit_lora_ce_calibrated_cost_min_seed42_04-28_17-13
============================================================
