Prepared manifest loaded — Train=1400, Val=200, Calibration=200, Test=200
cuda
Using model backend=timm type=timm_dinov3_vit_lora with 2 labels
Early stopping enabled with patience=3
Using device: cuda
{'loss': '2.801', 'grad_norm': '5.768', 'learning_rate': '4.091e-05', 'epoch': '0.4545'}
{'loss': '2.845', 'grad_norm': '3.723', 'learning_rate': '8.636e-05', 'epoch': '0.9091'}
{'eval_loss': '0.7166', 'eval_accuracy': '0.75', 'eval_f1': '0.4286', 'eval_balanced_accuracy': '0.5', 'eval_macro_f1': '0.4286', 'eval_atc': '0.25', 'eval_normalized_atc': '0.025', 'eval_target_recall': '1', 'eval_target_fnr': '0', 'eval_selection_score': '0.0875', 'eval_selection_accuracy_value': '0.5', 'eval_nll': '0.6692', 'eval_brier': '0.4761', 'eval_ece': '0.2279', 'eval_auroc': '0.6977', 'eval_auprc': '0.3888', 'eval_runtime': '2.097', 'eval_samples_per_second': '95.39', 'eval_steps_per_second': '6.2', 'epoch': '1'}
CustomImageProcessor configuration saved to checkpoints/stop3b_imbalance_decoupling_spider_target_majority_timm_dinov3_vit_lora_nicme_hybrid_seed43/checkpoint-22/preprocessor_config.json
{'loss': '2.851', 'grad_norm': '5.898', 'learning_rate': '9.993e-05', 'epoch': '1.364'}
{'loss': '2.793', 'grad_norm': '2.923', 'learning_rate': '9.959e-05', 'epoch': '1.818'}
{'eval_loss': '0.6932', 'eval_accuracy': '0.75', 'eval_f1': '0.4286', 'eval_balanced_accuracy': '0.5', 'eval_macro_f1': '0.4286', 'eval_atc': '0.25', 'eval_normalized_atc': '0.025', 'eval_target_recall': '1', 'eval_target_fnr': '0', 'eval_selection_score': '0.0875', 'eval_selection_accuracy_value': '0.5', 'eval_nll': '0.6278', 'eval_brier': '0.4352', 'eval_ece': '0.1864', 'eval_auroc': '0.7101', 'eval_auprc': '0.3985', 'eval_runtime': '2.091', 'eval_samples_per_second': '95.63', 'eval_steps_per_second': '6.216', 'epoch': '2'}
CustomImageProcessor configuration saved to checkpoints/stop3b_imbalance_decoupling_spider_target_majority_timm_dinov3_vit_lora_nicme_hybrid_seed43/checkpoint-44/preprocessor_config.json
{'loss': '2.74', 'grad_norm': '3.106', 'learning_rate': '9.897e-05', 'epoch': '2.273'}
{'loss': '2.739', 'grad_norm': '4.899', 'learning_rate': '9.808e-05', 'epoch': '2.727'}
{'eval_loss': '0.6768', 'eval_accuracy': '0.75', 'eval_f1': '0.4286', 'eval_balanced_accuracy': '0.5', 'eval_macro_f1': '0.4286', 'eval_atc': '0.25', 'eval_normalized_atc': '0.025', 'eval_target_recall': '1', 'eval_target_fnr': '0', 'eval_selection_score': '0.0875', 'eval_selection_accuracy_value': '0.5', 'eval_nll': '0.6029', 'eval_brier': '0.4113', 'eval_ece': '0.1631', 'eval_auroc': '0.7244', 'eval_auprc': '0.4167', 'eval_runtime': '2.016', 'eval_samples_per_second': '99.21', 'eval_steps_per_second': '6.449', 'epoch': '3'}
CustomImageProcessor configuration saved to checkpoints/stop3b_imbalance_decoupling_spider_target_majority_timm_dinov3_vit_lora_nicme_hybrid_seed43/checkpoint-66/preprocessor_config.json
{'loss': '2.638', 'grad_norm': '3.968', 'learning_rate': '9.691e-05', 'epoch': '3.182'}
{'loss': '2.617', 'grad_norm': '5.869', 'learning_rate': '9.548e-05', 'epoch': '3.636'}
{'eval_loss': '0.6605', 'eval_accuracy': '0.74', 'eval_f1': '0.4253', 'eval_balanced_accuracy': '0.4933', 'eval_macro_f1': '0.4253', 'eval_atc': '0.35', 'eval_normalized_atc': '0.035', 'eval_target_recall': '0.9867', 'eval_target_fnr': '0.01333', 'eval_selection_score': '0.1009', 'eval_selection_accuracy_value': '0.4933', 'eval_nll': '0.5843', 'eval_brier': '0.3942', 'eval_ece': '0.1743', 'eval_auroc': '0.7305', 'eval_auprc': '0.4269', 'eval_runtime': '1.958', 'eval_samples_per_second': '102.1', 'eval_steps_per_second': '6.639', 'epoch': '4'}
CustomImageProcessor configuration saved to checkpoints/stop3b_imbalance_decoupling_spider_target_majority_timm_dinov3_vit_lora_nicme_hybrid_seed43/checkpoint-88/preprocessor_config.json
{'train_runtime': '26.3', 'train_samples_per_second': '1065', 'train_steps_per_second': '16.73', 'train_loss': '2.74', 'epoch': '4'}
***** train metrics *****
  epoch                    =        4.0
  total_flos               =        0GF
  train_loss               =     2.7403
  train_runtime            = 0:00:26.29
  train_samples_per_second =   1064.739
  train_steps_per_second   =     16.732
Using device: cuda

============================================================
PERFORMING COMPREHENSIVE EVALUATION
============================================================
Results will be saved to: results/timm_dinov3_vit_lora_test/stop3b_imbalance_decoupling_spider_target_majority_timm_dinov3_vit_lora_nicme_hybrid_seed43_04-28_17-20
Saving run configuration...
Run configuration saved to: results/timm_dinov3_vit_lora_test/stop3b_imbalance_decoupling_spider_target_majority_timm_dinov3_vit_lora_nicme_hybrid_seed43_04-28_17-20/run_configuration_20260428_172022.json
Running model evaluation...
Computing detailed metrics...
Saving metrics to files...
Metrics saved to: results/timm_dinov3_vit_lora_test/stop3b_imbalance_decoupling_spider_target_majority_timm_dinov3_vit_lora_nicme_hybrid_seed43_04-28_17-20/metrics_20260428_172029_nicme_hybrid.json and results/timm_dinov3_vit_lora_test/stop3b_imbalance_decoupling_spider_target_majority_timm_dinov3_vit_lora_nicme_hybrid_seed43_04-28_17-20/metrics_20260428_172029_nicme_hybrid.txt
Creating confusion matrix visualizations...
Using provided class names: ['black_widow', 'false_widow']
Confusion matrix visualizations (3-panel) saved to: results/timm_dinov3_vit_lora_test/stop3b_imbalance_decoupling_spider_target_majority_timm_dinov3_vit_lora_nicme_hybrid_seed43_04-28_17-20/confusion_matrix_20260428_172029_nicme_hybrid.png and results/timm_dinov3_vit_lora_test/stop3b_imbalance_decoupling_spider_target_majority_timm_dinov3_vit_lora_nicme_hybrid_seed43_04-28_17-20/confusion_matrix_20260428_172029_nicme_hybrid.pdf
Detailed confusion matrix saved to: results/timm_dinov3_vit_lora_test/stop3b_imbalance_decoupling_spider_target_majority_timm_dinov3_vit_lora_nicme_hybrid_seed43_04-28_17-20/confusion_matrix_detailed_20260428_172029_nicme_hybrid.png

============================================================
TRAINING COMPLETED - RESULTS SUMMARY
============================================================
Output Directory: results/timm_dinov3_vit_lora_test/stop3b_imbalance_decoupling_spider_target_majority_timm_dinov3_vit_lora_nicme_hybrid_seed43_04-28_17-20
Overall Accuracy: 0.7500
Balanced Accuracy: 0.5000
Overall F1 Score: 0.4286
Kappa: 0.0000
AUC: 0.7159
Expected Cost: 0.2500
Loss Function Used: nicme_hybrid
Total Test Samples: 200
Classes: black_widow, false_widow

Detailed metrics and visualizations saved to: results/timm_dinov3_vit_lora_test/stop3b_imbalance_decoupling_spider_target_majority_timm_dinov3_vit_lora_nicme_hybrid_seed43_04-28_17-20
============================================================
