Prepared manifest loaded — Train=5616, Val=768, Calibration=815, Test=710
cuda
Using model backend=hf_auto type=vit with 2 labels
Early stopping enabled with patience=3
Using device: cuda
{'loss': '2.459', 'grad_norm': '2.382', 'learning_rate': '1.023e-05', 'epoch': '0.114'}
{'loss': '2.287', 'grad_norm': '5.026', 'learning_rate': '2.159e-05', 'epoch': '0.2279'}
{'loss': '1.962', 'grad_norm': '3.134', 'learning_rate': '3.295e-05', 'epoch': '0.3419'}
{'loss': '1.598', 'grad_norm': '15.35', 'learning_rate': '4.432e-05', 'epoch': '0.4558'}
{'loss': '1.071', 'grad_norm': '8.693', 'learning_rate': '5.568e-05', 'epoch': '0.5698'}
{'loss': '0.924', 'grad_norm': '6.126', 'learning_rate': '6.705e-05', 'epoch': '0.6838'}
{'loss': '1.292', 'grad_norm': '53.93', 'learning_rate': '7.841e-05', 'epoch': '0.7977'}
{'loss': '0.8939', 'grad_norm': '5.77', 'learning_rate': '8.977e-05', 'epoch': '0.9117'}
{'eval_loss': '0.4133', 'eval_accuracy': '0.8945', 'eval_f1': '0.8473', 'eval_balanced_accuracy': '0.8117', 'eval_macro_f1': '0.8473', 'eval_atc': '0.1758', 'eval_normalized_atc': '0.01758', 'eval_target_recall': '0.9893', 'eval_target_fnr': '0.01066', 'eval_selection_score': '0.01758', 'eval_selection_accuracy_value': '0.8117', 'eval_nll': '0.3465', 'eval_brier': '0.1905', 'eval_ece': '0.04773', 'eval_auroc': '0.8596', 'eval_auprc': '0.9254', 'eval_runtime': '7.349', 'eval_samples_per_second': '104.5', 'eval_steps_per_second': '6.531', 'epoch': '1'}
CustomImageProcessor configuration saved to checkpoints/stop3b_imbalance_decoupling_breakhis_natural_vit_menon_logit_adjusted_seed42/checkpoint-88/preprocessor_config.json
{'loss': '0.7567', 'grad_norm': '21.5', 'learning_rate': '0.0001', 'epoch': '1.023'}
{'loss': '0.7347', 'grad_norm': '16.43', 'learning_rate': '9.999e-05', 'epoch': '1.137'}
{'loss': '0.5772', 'grad_norm': '9.741', 'learning_rate': '9.996e-05', 'epoch': '1.251'}
{'loss': '0.4546', 'grad_norm': '6.493', 'learning_rate': '9.992e-05', 'epoch': '1.365'}
{'loss': '0.4451', 'grad_norm': '5.522', 'learning_rate': '9.985e-05', 'epoch': '1.479'}
{'loss': '0.5672', 'grad_norm': '18.54', 'learning_rate': '9.977e-05', 'epoch': '1.593'}
{'loss': '0.3743', 'grad_norm': '13.38', 'learning_rate': '9.967e-05', 'epoch': '1.707'}
{'loss': '0.7148', 'grad_norm': '24', 'learning_rate': '9.956e-05', 'epoch': '1.821'}
{'loss': '0.4554', 'grad_norm': '12.2', 'learning_rate': '9.942e-05', 'epoch': '1.934'}
{'eval_loss': '0.6991', 'eval_accuracy': '0.8021', 'eval_f1': '0.7538', 'eval_balanced_accuracy': '0.7611', 'eval_macro_f1': '0.7538', 'eval_atc': '1.194', 'eval_normalized_atc': '0.1194', 'eval_target_recall': '0.849', 'eval_target_fnr': '0.151', 'eval_selection_score': '0.1795', 'eval_selection_accuracy_value': '0.7611', 'eval_nll': '0.7192', 'eval_brier': '0.3633', 'eval_ece': '0.164', 'eval_auroc': '0.7953', 'eval_auprc': '0.869', 'eval_runtime': '7.156', 'eval_samples_per_second': '107.3', 'eval_steps_per_second': '6.708', 'epoch': '2'}
CustomImageProcessor configuration saved to checkpoints/stop3b_imbalance_decoupling_breakhis_natural_vit_menon_logit_adjusted_seed42/checkpoint-176/preprocessor_config.json
{'loss': '0.2284', 'grad_norm': '11.23', 'learning_rate': '9.927e-05', 'epoch': '2.046'}
{'loss': '0.6465', 'grad_norm': '16.62', 'learning_rate': '9.91e-05', 'epoch': '2.16'}
{'loss': '0.588', 'grad_norm': '8.838', 'learning_rate': '9.892e-05', 'epoch': '2.274'}
{'loss': '0.3206', 'grad_norm': '13.53', 'learning_rate': '9.871e-05', 'epoch': '2.387'}
{'loss': '0.2961', 'grad_norm': '9.156', 'learning_rate': '9.849e-05', 'epoch': '2.501'}
{'loss': '0.4773', 'grad_norm': '14.05', 'learning_rate': '9.826e-05', 'epoch': '2.615'}
{'loss': '0.498', 'grad_norm': '29.2', 'learning_rate': '9.8e-05', 'epoch': '2.729'}
{'loss': '0.4856', 'grad_norm': '9.64', 'learning_rate': '9.773e-05', 'epoch': '2.843'}
{'loss': '0.5607', 'grad_norm': '5.776', 'learning_rate': '9.744e-05', 'epoch': '2.957'}
{'eval_loss': '0.5077', 'eval_accuracy': '0.8958', 'eval_f1': '0.8489', 'eval_balanced_accuracy': '0.8126', 'eval_macro_f1': '0.8489', 'eval_atc': '0.1628', 'eval_normalized_atc': '0.01628', 'eval_target_recall': '0.9911', 'eval_target_fnr': '0.008881', 'eval_selection_score': '0.01628', 'eval_selection_accuracy_value': '0.8126', 'eval_nll': '0.4375', 'eval_brier': '0.1928', 'eval_ece': '0.08528', 'eval_auroc': '0.8636', 'eval_auprc': '0.924', 'eval_runtime': '7.312', 'eval_samples_per_second': '105', 'eval_steps_per_second': '6.564', 'epoch': '3'}
CustomImageProcessor configuration saved to checkpoints/stop3b_imbalance_decoupling_breakhis_natural_vit_menon_logit_adjusted_seed42/checkpoint-264/preprocessor_config.json
{'loss': '0.2683', 'grad_norm': '11.94', 'learning_rate': '9.714e-05', 'epoch': '3.068'}
{'loss': '0.1678', 'grad_norm': '3.731', 'learning_rate': '9.681e-05', 'epoch': '3.182'}
{'loss': '0.7021', 'grad_norm': '0.6365', 'learning_rate': '9.648e-05', 'epoch': '3.296'}
{'loss': '0.3206', 'grad_norm': '7.138', 'learning_rate': '9.612e-05', 'epoch': '3.41'}
{'loss': '0.4101', 'grad_norm': '11.18', 'learning_rate': '9.575e-05', 'epoch': '3.524'}
{'loss': '0.2032', 'grad_norm': '2.882', 'learning_rate': '9.536e-05', 'epoch': '3.638'}
{'loss': '0.2239', 'grad_norm': '9.623', 'learning_rate': '9.496e-05', 'epoch': '3.752'}
{'loss': '0.3533', 'grad_norm': '4.53', 'learning_rate': '9.454e-05', 'epoch': '3.866'}
{'loss': '0.661', 'grad_norm': '7.661', 'learning_rate': '9.411e-05', 'epoch': '3.98'}
{'eval_loss': '0.4495', 'eval_accuracy': '0.9128', 'eval_f1': '0.8763', 'eval_balanced_accuracy': '0.8428', 'eval_macro_f1': '0.8763', 'eval_atc': '0.1341', 'eval_normalized_atc': '0.01341', 'eval_target_recall': '0.9929', 'eval_target_fnr': '0.007105', 'eval_selection_score': '0.01341', 'eval_selection_accuracy_value': '0.8428', 'eval_nll': '0.3886', 'eval_brier': '0.1629', 'eval_ece': '0.07531', 'eval_auroc': '0.865', 'eval_auprc': '0.9134', 'eval_runtime': '7.083', 'eval_samples_per_second': '108.4', 'eval_steps_per_second': '6.777', 'epoch': '4'}
CustomImageProcessor configuration saved to checkpoints/stop3b_imbalance_decoupling_breakhis_natural_vit_menon_logit_adjusted_seed42/checkpoint-352/preprocessor_config.json
{'loss': '0.3487', 'grad_norm': '16.03', 'learning_rate': '9.366e-05', 'epoch': '4.091'}
{'loss': '0.248', 'grad_norm': '9.092', 'learning_rate': '9.319e-05', 'epoch': '4.205'}
{'loss': '0.3613', 'grad_norm': '8.747', 'learning_rate': '9.271e-05', 'epoch': '4.319'}
{'loss': '0.2224', 'grad_norm': '8.815', 'learning_rate': '9.221e-05', 'epoch': '4.433'}
{'loss': '0.2937', 'grad_norm': '54.85', 'learning_rate': '9.17e-05', 'epoch': '4.547'}
{'loss': '0.2831', 'grad_norm': '9.905', 'learning_rate': '9.118e-05', 'epoch': '4.661'}
{'loss': '0.3213', 'grad_norm': '8.199', 'learning_rate': '9.064e-05', 'epoch': '4.775'}
{'loss': '0.2294', 'grad_norm': '10.12', 'learning_rate': '9.008e-05', 'epoch': '4.889'}
{'loss': '0.3829', 'grad_norm': '4.85', 'learning_rate': '8.951e-05', 'epoch': '5'}
{'eval_loss': '0.5632', 'eval_accuracy': '0.888', 'eval_f1': '0.844', 'eval_balanced_accuracy': '0.8182', 'eval_macro_f1': '0.844', 'eval_atc': '0.3229', 'eval_normalized_atc': '0.03229', 'eval_target_recall': '0.968', 'eval_target_fnr': '0.03197', 'eval_selection_score': '0.03231', 'eval_selection_accuracy_value': '0.8182', 'eval_nll': '0.5144', 'eval_brier': '0.2168', 'eval_ece': '0.09995', 'eval_auroc': '0.8378', 'eval_auprc': '0.92', 'eval_runtime': '7.331', 'eval_samples_per_second': '104.8', 'eval_steps_per_second': '6.548', 'epoch': '5'}
CustomImageProcessor configuration saved to checkpoints/stop3b_imbalance_decoupling_breakhis_natural_vit_menon_logit_adjusted_seed42/checkpoint-440/preprocessor_config.json
{'loss': '0.2944', 'grad_norm': '3.972', 'learning_rate': '8.893e-05', 'epoch': '5.114'}
{'loss': '0.2103', 'grad_norm': '0.4604', 'learning_rate': '8.834e-05', 'epoch': '5.228'}
{'loss': '0.322', 'grad_norm': '18.14', 'learning_rate': '8.773e-05', 'epoch': '5.342'}
{'loss': '0.1316', 'grad_norm': '4.692', 'learning_rate': '8.71e-05', 'epoch': '5.456'}
{'loss': '0.08618', 'grad_norm': '0.5054', 'learning_rate': '8.647e-05', 'epoch': '5.57'}
{'loss': '0.1181', 'grad_norm': '7.916', 'learning_rate': '8.582e-05', 'epoch': '5.684'}
{'loss': '0.2215', 'grad_norm': '0.8873', 'learning_rate': '8.516e-05', 'epoch': '5.798'}
{'loss': '0.2413', 'grad_norm': '8.941', 'learning_rate': '8.448e-05', 'epoch': '5.912'}
{'eval_loss': '0.5798', 'eval_accuracy': '0.9089', 'eval_f1': '0.8689', 'eval_balanced_accuracy': '0.8324', 'eval_macro_f1': '0.8689', 'eval_atc': '0.1146', 'eval_normalized_atc': '0.01146', 'eval_target_recall': '0.9964', 'eval_target_fnr': '0.003552', 'eval_selection_score': '0.01146', 'eval_selection_accuracy_value': '0.8324', 'eval_nll': '0.5089', 'eval_brier': '0.1796', 'eval_ece': '0.08774', 'eval_auroc': '0.7781', 'eval_auprc': '0.86', 'eval_runtime': '6.852', 'eval_samples_per_second': '112.1', 'eval_steps_per_second': '7.005', 'epoch': '6'}
CustomImageProcessor configuration saved to checkpoints/stop3b_imbalance_decoupling_breakhis_natural_vit_menon_logit_adjusted_seed42/checkpoint-528/preprocessor_config.json
{'loss': '0.1358', 'grad_norm': '14.76', 'learning_rate': '8.379e-05', 'epoch': '6.023'}
{'loss': '0.2224', 'grad_norm': '7.608', 'learning_rate': '8.31e-05', 'epoch': '6.137'}
{'loss': '0.2322', 'grad_norm': '1.383', 'learning_rate': '8.239e-05', 'epoch': '6.251'}
{'loss': '0.2606', 'grad_norm': '16.08', 'learning_rate': '8.167e-05', 'epoch': '6.365'}
{'loss': '0.1199', 'grad_norm': '0.1733', 'learning_rate': '8.093e-05', 'epoch': '6.479'}
{'loss': '0.1551', 'grad_norm': '0.1599', 'learning_rate': '8.019e-05', 'epoch': '6.593'}
{'loss': '0.1973', 'grad_norm': '1.767', 'learning_rate': '7.943e-05', 'epoch': '6.707'}
{'loss': '0.2195', 'grad_norm': '0.7424', 'learning_rate': '7.867e-05', 'epoch': '6.821'}
{'loss': '0.1779', 'grad_norm': '0.483', 'learning_rate': '7.79e-05', 'epoch': '6.934'}
{'eval_loss': '0.6545', 'eval_accuracy': '0.8932', 'eval_f1': '0.8483', 'eval_balanced_accuracy': '0.8171', 'eval_macro_f1': '0.8483', 'eval_atc': '0.2357', 'eval_normalized_atc': '0.02357', 'eval_target_recall': '0.9805', 'eval_target_fnr': '0.01954', 'eval_selection_score': '0.02357', 'eval_selection_accuracy_value': '0.8171', 'eval_nll': '0.5914', 'eval_brier': '0.2091', 'eval_ece': '0.1014', 'eval_auroc': '0.8543', 'eval_auprc': '0.9297', 'eval_runtime': '6.965', 'eval_samples_per_second': '110.3', 'eval_steps_per_second': '6.892', 'epoch': '7'}
CustomImageProcessor configuration saved to checkpoints/stop3b_imbalance_decoupling_breakhis_natural_vit_menon_logit_adjusted_seed42/checkpoint-616/preprocessor_config.json
{'loss': '0.1626', 'grad_norm': '0.1331', 'learning_rate': '7.711e-05', 'epoch': '7.046'}
{'loss': '0.3016', 'grad_norm': '23.9', 'learning_rate': '7.632e-05', 'epoch': '7.16'}
{'loss': '0.1598', 'grad_norm': '5.104', 'learning_rate': '7.551e-05', 'epoch': '7.274'}
{'loss': '0.1793', 'grad_norm': '0.106', 'learning_rate': '7.47e-05', 'epoch': '7.387'}
{'loss': '0.18', 'grad_norm': '4.28', 'learning_rate': '7.388e-05', 'epoch': '7.501'}
{'loss': '0.2825', 'grad_norm': '7.359', 'learning_rate': '7.305e-05', 'epoch': '7.615'}
{'loss': '0.09551', 'grad_norm': '16.13', 'learning_rate': '7.221e-05', 'epoch': '7.729'}
{'loss': '0.1755', 'grad_norm': '0.4943', 'learning_rate': '7.137e-05', 'epoch': '7.843'}
{'loss': '0.1805', 'grad_norm': '1.015', 'learning_rate': '7.051e-05', 'epoch': '7.957'}
{'eval_loss': '0.7459', 'eval_accuracy': '0.875', 'eval_f1': '0.8291', 'eval_balanced_accuracy': '0.8093', 'eval_macro_f1': '0.8291', 'eval_atc': '0.4531', 'eval_normalized_atc': '0.04531', 'eval_target_recall': '0.9503', 'eval_target_fnr': '0.04973', 'eval_selection_score': '0.04687', 'eval_selection_accuracy_value': '0.8093', 'eval_nll': '0.7039', 'eval_brier': '0.2436', 'eval_ece': '0.1211', 'eval_auroc': '0.853', 'eval_auprc': '0.9298', 'eval_runtime': '6.99', 'eval_samples_per_second': '109.9', 'eval_steps_per_second': '6.867', 'epoch': '8'}
CustomImageProcessor configuration saved to checkpoints/stop3b_imbalance_decoupling_breakhis_natural_vit_menon_logit_adjusted_seed42/checkpoint-704/preprocessor_config.json
{'loss': '0.1055', 'grad_norm': '0.08756', 'learning_rate': '6.965e-05', 'epoch': '8.068'}
{'loss': '0.1429', 'grad_norm': '5.601', 'learning_rate': '6.879e-05', 'epoch': '8.182'}
{'loss': '0.1732', 'grad_norm': '8.697', 'learning_rate': '6.791e-05', 'epoch': '8.296'}
{'loss': '0.2401', 'grad_norm': '0.09345', 'learning_rate': '6.703e-05', 'epoch': '8.41'}
{'loss': '0.1927', 'grad_norm': '0.09345', 'learning_rate': '6.615e-05', 'epoch': '8.524'}
{'loss': '0.1981', 'grad_norm': '0.3683', 'learning_rate': '6.525e-05', 'epoch': '8.638'}
{'loss': '0.1368', 'grad_norm': '3.785', 'learning_rate': '6.436e-05', 'epoch': '8.752'}
{'loss': '0.1047', 'grad_norm': '0.1197', 'learning_rate': '6.345e-05', 'epoch': '8.866'}
{'loss': '0.1322', 'grad_norm': '14.79', 'learning_rate': '6.255e-05', 'epoch': '8.98'}
{'eval_loss': '0.6624', 'eval_accuracy': '0.8932', 'eval_f1': '0.8501', 'eval_balanced_accuracy': '0.8217', 'eval_macro_f1': '0.8501', 'eval_atc': '0.2708', 'eval_normalized_atc': '0.02708', 'eval_target_recall': '0.9751', 'eval_target_fnr': '0.02487', 'eval_selection_score': '0.02708', 'eval_selection_accuracy_value': '0.8217', 'eval_nll': '0.6047', 'eval_brier': '0.2069', 'eval_ece': '0.1025', 'eval_auroc': '0.8039', 'eval_auprc': '0.8725', 'eval_runtime': '7.306', 'eval_samples_per_second': '105.1', 'eval_steps_per_second': '6.57', 'epoch': '9'}
CustomImageProcessor configuration saved to checkpoints/stop3b_imbalance_decoupling_breakhis_natural_vit_menon_logit_adjusted_seed42/checkpoint-792/preprocessor_config.json
{'train_runtime': '504.1', 'train_samples_per_second': '222.8', 'train_steps_per_second': '3.491', 'train_loss': '0.4317', 'epoch': '9'}
***** train metrics *****
  epoch                    =          9.0
  total_flos               = 3647762465GF
  train_loss               =       0.4317
  train_runtime            =   0:08:24.09
  train_samples_per_second =      222.815
  train_steps_per_second   =        3.491
Using device: cuda

============================================================
PERFORMING COMPREHENSIVE EVALUATION
============================================================
Results will be saved to: results/vit_test/stop3b_imbalance_decoupling_breakhis_natural_vit_menon_logit_adjusted_seed42_04-28_18-06
Saving run configuration...
Run configuration saved to: results/vit_test/stop3b_imbalance_decoupling_breakhis_natural_vit_menon_logit_adjusted_seed42_04-28_18-06/run_configuration_20260428_180644.json
Running model evaluation...
Computing detailed metrics...
Saving metrics to files...
Metrics saved to: results/vit_test/stop3b_imbalance_decoupling_breakhis_natural_vit_menon_logit_adjusted_seed42_04-28_18-06/metrics_20260428_180708_menon_logit_adjusted.json and results/vit_test/stop3b_imbalance_decoupling_breakhis_natural_vit_menon_logit_adjusted_seed42_04-28_18-06/metrics_20260428_180708_menon_logit_adjusted.txt
Creating confusion matrix visualizations...
Using provided class names: ['benign', 'malignant']
Confusion matrix visualizations (3-panel) saved to: results/vit_test/stop3b_imbalance_decoupling_breakhis_natural_vit_menon_logit_adjusted_seed42_04-28_18-06/confusion_matrix_20260428_180708_menon_logit_adjusted.png and results/vit_test/stop3b_imbalance_decoupling_breakhis_natural_vit_menon_logit_adjusted_seed42_04-28_18-06/confusion_matrix_20260428_180708_menon_logit_adjusted.pdf
Detailed confusion matrix saved to: results/vit_test/stop3b_imbalance_decoupling_breakhis_natural_vit_menon_logit_adjusted_seed42_04-28_18-06/confusion_matrix_detailed_20260428_180708_menon_logit_adjusted.png

============================================================
TRAINING COMPLETED - RESULTS SUMMARY
============================================================
Output Directory: results/vit_test/stop3b_imbalance_decoupling_breakhis_natural_vit_menon_logit_adjusted_seed42_04-28_18-06
Overall Accuracy: 0.8718
Balanced Accuracy: 0.8429
Overall F1 Score: 0.8578
Kappa: 0.7193
AUC: 0.9164
Expected Cost: 0.2169
Loss Function Used: menon_logit_adjusted
Total Test Samples: 710
Classes: benign, malignant

Detailed metrics and visualizations saved to: results/vit_test/stop3b_imbalance_decoupling_breakhis_natural_vit_menon_logit_adjusted_seed42_04-28_18-06
============================================================
