Prepared manifest loaded — Train=5616, Val=768, Calibration=815, Test=710
cuda
Using model backend=hf_auto type=vit with 2 labels
Early stopping enabled with patience=3
Using device: cuda
{'loss': '2.793', 'grad_norm': '4.51', 'learning_rate': '1.023e-05', 'epoch': '0.114'}
{'loss': '2.522', 'grad_norm': '6.265', 'learning_rate': '2.159e-05', 'epoch': '0.2279'}
{'loss': '2.183', 'grad_norm': '3.842', 'learning_rate': '3.295e-05', 'epoch': '0.3419'}
{'loss': '1.872', 'grad_norm': '17.01', 'learning_rate': '4.432e-05', 'epoch': '0.4558'}
{'loss': '1.438', 'grad_norm': '10.87', 'learning_rate': '5.568e-05', 'epoch': '0.5698'}
{'loss': '1.125', 'grad_norm': '8.048', 'learning_rate': '6.705e-05', 'epoch': '0.6838'}
{'loss': '1.51', 'grad_norm': '17.83', 'learning_rate': '7.841e-05', 'epoch': '0.7977'}
{'loss': '1.167', 'grad_norm': '11.01', 'learning_rate': '8.977e-05', 'epoch': '0.9117'}
{'eval_loss': '0.4849', 'eval_accuracy': '0.875', 'eval_f1': '0.8259', 'eval_balanced_accuracy': '0.8015', 'eval_macro_f1': '0.8259', 'eval_atc': '0.3945', 'eval_normalized_atc': '0.03945', 'eval_target_recall': '0.9591', 'eval_target_fnr': '0.04085', 'eval_selection_score': '0.03992', 'eval_selection_accuracy_value': '0.8015', 'eval_nll': '0.3673', 'eval_brier': '0.2083', 'eval_ece': '0.04916', 'eval_auroc': '0.891', 'eval_auprc': '0.9514', 'eval_runtime': '7.471', 'eval_samples_per_second': '102.8', 'eval_steps_per_second': '6.424', 'epoch': '1'}
CustomImageProcessor configuration saved to checkpoints/stop3b_imbalance_decoupling_breakhis_natural_vit_nicme_logit_adjustment_seed42/checkpoint-88/preprocessor_config.json
{'loss': '1.01', 'grad_norm': '4.612', 'learning_rate': '0.0001', 'epoch': '1.023'}
{'loss': '0.771', 'grad_norm': '8.156', 'learning_rate': '9.999e-05', 'epoch': '1.137'}
{'loss': '1.066', 'grad_norm': '64.97', 'learning_rate': '9.996e-05', 'epoch': '1.251'}
{'loss': '2.002', 'grad_norm': '2.921', 'learning_rate': '9.992e-05', 'epoch': '1.365'}
{'loss': '0.7389', 'grad_norm': '10.11', 'learning_rate': '9.985e-05', 'epoch': '1.479'}
{'loss': '0.9046', 'grad_norm': '53.71', 'learning_rate': '9.977e-05', 'epoch': '1.593'}
{'loss': '0.9549', 'grad_norm': '22.59', 'learning_rate': '9.967e-05', 'epoch': '1.707'}
{'loss': '0.8081', 'grad_norm': '26.19', 'learning_rate': '9.956e-05', 'epoch': '1.821'}
{'loss': '0.7532', 'grad_norm': '18.71', 'learning_rate': '9.942e-05', 'epoch': '1.934'}
{'eval_loss': '0.538', 'eval_accuracy': '0.901', 'eval_f1': '0.8627', 'eval_balanced_accuracy': '0.8363', 'eval_macro_f1': '0.8627', 'eval_atc': '0.263', 'eval_normalized_atc': '0.0263', 'eval_target_recall': '0.9751', 'eval_target_fnr': '0.02487', 'eval_selection_score': '0.0263', 'eval_selection_accuracy_value': '0.8363', 'eval_nll': '0.3619', 'eval_brier': '0.1801', 'eval_ece': '0.06663', 'eval_auroc': '0.8348', 'eval_auprc': '0.874', 'eval_runtime': '7.353', 'eval_samples_per_second': '104.4', 'eval_steps_per_second': '6.528', 'epoch': '2'}
CustomImageProcessor configuration saved to checkpoints/stop3b_imbalance_decoupling_breakhis_natural_vit_nicme_logit_adjustment_seed42/checkpoint-176/preprocessor_config.json
{'loss': '0.6019', 'grad_norm': '9.874', 'learning_rate': '9.927e-05', 'epoch': '2.046'}
{'loss': '0.7725', 'grad_norm': '23.7', 'learning_rate': '9.91e-05', 'epoch': '2.16'}
{'loss': '0.8326', 'grad_norm': '8.501', 'learning_rate': '9.892e-05', 'epoch': '2.274'}
{'loss': '0.9999', 'grad_norm': '8.811', 'learning_rate': '9.871e-05', 'epoch': '2.387'}
{'loss': '0.7226', 'grad_norm': '7.099', 'learning_rate': '9.849e-05', 'epoch': '2.501'}
{'loss': '0.6254', 'grad_norm': '14.37', 'learning_rate': '9.826e-05', 'epoch': '2.615'}
{'loss': '0.4058', 'grad_norm': '4.951', 'learning_rate': '9.8e-05', 'epoch': '2.729'}
{'loss': '0.6516', 'grad_norm': '6.525', 'learning_rate': '9.773e-05', 'epoch': '2.843'}
{'loss': '0.6244', 'grad_norm': '17.83', 'learning_rate': '9.744e-05', 'epoch': '2.957'}
{'eval_loss': '0.5979', 'eval_accuracy': '0.8932', 'eval_f1': '0.8418', 'eval_balanced_accuracy': '0.8016', 'eval_macro_f1': '0.8418', 'eval_atc': '0.1185', 'eval_normalized_atc': '0.01185', 'eval_target_recall': '0.9982', 'eval_target_fnr': '0.001776', 'eval_selection_score': '0.01185', 'eval_selection_accuracy_value': '0.8016', 'eval_nll': '0.4647', 'eval_brier': '0.1979', 'eval_ece': '0.09122', 'eval_auroc': '0.9131', 'eval_auprc': '0.9616', 'eval_runtime': '6.926', 'eval_samples_per_second': '110.9', 'eval_steps_per_second': '6.931', 'epoch': '3'}
CustomImageProcessor configuration saved to checkpoints/stop3b_imbalance_decoupling_breakhis_natural_vit_nicme_logit_adjustment_seed42/checkpoint-264/preprocessor_config.json
{'loss': '0.8518', 'grad_norm': '84.49', 'learning_rate': '9.714e-05', 'epoch': '3.068'}
{'loss': '0.5876', 'grad_norm': '12.41', 'learning_rate': '9.681e-05', 'epoch': '3.182'}
{'loss': '0.4049', 'grad_norm': '5.827', 'learning_rate': '9.648e-05', 'epoch': '3.296'}
{'loss': '0.72', 'grad_norm': '0.5645', 'learning_rate': '9.612e-05', 'epoch': '3.41'}
{'loss': '0.5428', 'grad_norm': '78.6', 'learning_rate': '9.575e-05', 'epoch': '3.524'}
{'loss': '0.5804', 'grad_norm': '2.504', 'learning_rate': '9.536e-05', 'epoch': '3.638'}
{'loss': '0.6767', 'grad_norm': '26.5', 'learning_rate': '9.496e-05', 'epoch': '3.752'}
{'loss': '0.4357', 'grad_norm': '5.487', 'learning_rate': '9.454e-05', 'epoch': '3.866'}
{'loss': '0.2461', 'grad_norm': '5.169', 'learning_rate': '9.411e-05', 'epoch': '3.98'}
{'eval_loss': '0.7311', 'eval_accuracy': '0.888', 'eval_f1': '0.8409', 'eval_balanced_accuracy': '0.8104', 'eval_macro_f1': '0.8409', 'eval_atc': '0.2643', 'eval_normalized_atc': '0.02643', 'eval_target_recall': '0.9769', 'eval_target_fnr': '0.02309', 'eval_selection_score': '0.02643', 'eval_selection_accuracy_value': '0.8104', 'eval_nll': '0.5064', 'eval_brier': '0.2091', 'eval_ece': '0.09327', 'eval_auroc': '0.8743', 'eval_auprc': '0.9436', 'eval_runtime': '7.044', 'eval_samples_per_second': '109', 'eval_steps_per_second': '6.814', 'epoch': '4'}
CustomImageProcessor configuration saved to checkpoints/stop3b_imbalance_decoupling_breakhis_natural_vit_nicme_logit_adjustment_seed42/checkpoint-352/preprocessor_config.json
{'loss': '0.5258', 'grad_norm': '23.67', 'learning_rate': '9.366e-05', 'epoch': '4.091'}
{'loss': '0.2876', 'grad_norm': '1.49', 'learning_rate': '9.319e-05', 'epoch': '4.205'}
{'loss': '0.5818', 'grad_norm': '8.526', 'learning_rate': '9.271e-05', 'epoch': '4.319'}
{'loss': '0.4046', 'grad_norm': '5.413', 'learning_rate': '9.221e-05', 'epoch': '4.433'}
{'loss': '0.673', 'grad_norm': '252.8', 'learning_rate': '9.17e-05', 'epoch': '4.547'}
{'loss': '1.292', 'grad_norm': '5.803', 'learning_rate': '9.118e-05', 'epoch': '4.661'}
{'loss': '0.5495', 'grad_norm': '3.608', 'learning_rate': '9.064e-05', 'epoch': '4.775'}
{'loss': '0.464', 'grad_norm': '76.37', 'learning_rate': '9.008e-05', 'epoch': '4.889'}
{'loss': '0.9617', 'grad_norm': '7.698', 'learning_rate': '8.951e-05', 'epoch': '5'}
{'eval_loss': '0.764', 'eval_accuracy': '0.8828', 'eval_f1': '0.8328', 'eval_balanced_accuracy': '0.8022', 'eval_macro_f1': '0.8328', 'eval_atc': '0.2812', 'eval_normalized_atc': '0.02813', 'eval_target_recall': '0.9751', 'eval_target_fnr': '0.02487', 'eval_selection_score': '0.02813', 'eval_selection_accuracy_value': '0.8022', 'eval_nll': '0.5372', 'eval_brier': '0.218', 'eval_ece': '0.0992', 'eval_auroc': '0.8754', 'eval_auprc': '0.9454', 'eval_runtime': '7.27', 'eval_samples_per_second': '105.6', 'eval_steps_per_second': '6.602', 'epoch': '5'}
CustomImageProcessor configuration saved to checkpoints/stop3b_imbalance_decoupling_breakhis_natural_vit_nicme_logit_adjustment_seed42/checkpoint-440/preprocessor_config.json
{'loss': '0.5062', 'grad_norm': '38.14', 'learning_rate': '8.893e-05', 'epoch': '5.114'}
{'loss': '0.391', 'grad_norm': '1.175', 'learning_rate': '8.834e-05', 'epoch': '5.228'}
{'loss': '0.368', 'grad_norm': '2.716', 'learning_rate': '8.773e-05', 'epoch': '5.342'}
{'loss': '0.153', 'grad_norm': '2.738', 'learning_rate': '8.71e-05', 'epoch': '5.456'}
{'loss': '0.3625', 'grad_norm': '31.59', 'learning_rate': '8.647e-05', 'epoch': '5.57'}
{'loss': '0.4773', 'grad_norm': '52.81', 'learning_rate': '8.582e-05', 'epoch': '5.684'}
{'loss': '0.7385', 'grad_norm': '123.2', 'learning_rate': '8.516e-05', 'epoch': '5.798'}
{'loss': '0.5373', 'grad_norm': '35.73', 'learning_rate': '8.448e-05', 'epoch': '5.912'}
{'eval_loss': '0.7295', 'eval_accuracy': '0.8971', 'eval_f1': '0.8511', 'eval_balanced_accuracy': '0.8151', 'eval_macro_f1': '0.8511', 'eval_atc': '0.1615', 'eval_normalized_atc': '0.01615', 'eval_target_recall': '0.9911', 'eval_target_fnr': '0.008881', 'eval_selection_score': '0.01615', 'eval_selection_accuracy_value': '0.8151', 'eval_nll': '0.5422', 'eval_brier': '0.2004', 'eval_ece': '0.08969', 'eval_auroc': '0.8599', 'eval_auprc': '0.9363', 'eval_runtime': '7.232', 'eval_samples_per_second': '106.2', 'eval_steps_per_second': '6.637', 'epoch': '6'}
CustomImageProcessor configuration saved to checkpoints/stop3b_imbalance_decoupling_breakhis_natural_vit_nicme_logit_adjustment_seed42/checkpoint-528/preprocessor_config.json
{'train_runtime': '338.5', 'train_samples_per_second': '331.8', 'train_steps_per_second': '5.199', 'train_loss': '0.8421', 'epoch': '6'}
***** train metrics *****
  epoch                    =          6.0
  total_flos               = 2431841643GF
  train_loss               =       0.8421
  train_runtime            =   0:05:38.50
  train_samples_per_second =      331.816
  train_steps_per_second   =        5.199
Using device: cuda

============================================================
PERFORMING COMPREHENSIVE EVALUATION
============================================================
Results will be saved to: results/vit_test/stop3b_imbalance_decoupling_breakhis_natural_vit_nicme_logit_adjustment_seed42_04-28_18-25
Saving run configuration...
Run configuration saved to: results/vit_test/stop3b_imbalance_decoupling_breakhis_natural_vit_nicme_logit_adjustment_seed42_04-28_18-25/run_configuration_20260428_182547.json
Running model evaluation...
Computing detailed metrics...
Saving metrics to files...
Metrics saved to: results/vit_test/stop3b_imbalance_decoupling_breakhis_natural_vit_nicme_logit_adjustment_seed42_04-28_18-25/metrics_20260428_182610_nicme_logit_adjustment.json and results/vit_test/stop3b_imbalance_decoupling_breakhis_natural_vit_nicme_logit_adjustment_seed42_04-28_18-25/metrics_20260428_182610_nicme_logit_adjustment.txt
Creating confusion matrix visualizations...
Using provided class names: ['benign', 'malignant']
Confusion matrix visualizations (3-panel) saved to: results/vit_test/stop3b_imbalance_decoupling_breakhis_natural_vit_nicme_logit_adjustment_seed42_04-28_18-25/confusion_matrix_20260428_182610_nicme_logit_adjustment.png and results/vit_test/stop3b_imbalance_decoupling_breakhis_natural_vit_nicme_logit_adjustment_seed42_04-28_18-25/confusion_matrix_20260428_182610_nicme_logit_adjustment.pdf
Detailed confusion matrix saved to: results/vit_test/stop3b_imbalance_decoupling_breakhis_natural_vit_nicme_logit_adjustment_seed42_04-28_18-25/confusion_matrix_detailed_20260428_182610_nicme_logit_adjustment.png

============================================================
TRAINING COMPLETED - RESULTS SUMMARY
============================================================
Output Directory: results/vit_test/stop3b_imbalance_decoupling_breakhis_natural_vit_nicme_logit_adjustment_seed42_04-28_18-25
Overall Accuracy: 0.8662
Balanced Accuracy: 0.8346
Overall F1 Score: 0.8504
Kappa: 0.7054
AUC: 0.9762
Expected Cost: 0.1972
Loss Function Used: nicme_logit_adjustment
Total Test Samples: 710
Classes: benign, malignant

Detailed metrics and visualizations saved to: results/vit_test/stop3b_imbalance_decoupling_breakhis_natural_vit_nicme_logit_adjustment_seed42_04-28_18-25
============================================================
