Prepared manifest loaded — Train=5616, Val=768, Calibration=815, Test=710
cuda
Using model backend=hf_auto type=vit with 2 labels
Early stopping enabled with patience=3
Using device: cuda
{'loss': '2.454', 'grad_norm': '2.488', 'learning_rate': '1.023e-05', 'epoch': '0.114'}
{'loss': '2.282', 'grad_norm': '5.27', 'learning_rate': '2.159e-05', 'epoch': '0.2279'}
{'loss': '1.973', 'grad_norm': '2.735', 'learning_rate': '3.295e-05', 'epoch': '0.3419'}
{'loss': '1.656', 'grad_norm': '8.039', 'learning_rate': '4.432e-05', 'epoch': '0.4558'}
{'loss': '1.115', 'grad_norm': '6.142', 'learning_rate': '5.568e-05', 'epoch': '0.5698'}
{'loss': '0.8166', 'grad_norm': '7.692', 'learning_rate': '6.705e-05', 'epoch': '0.6838'}
{'loss': '1.231', 'grad_norm': '49.61', 'learning_rate': '7.841e-05', 'epoch': '0.7977'}
{'loss': '1.229', 'grad_norm': '10.67', 'learning_rate': '8.977e-05', 'epoch': '0.9117'}
{'eval_loss': '0.4285', 'eval_accuracy': '0.8724', 'eval_f1': '0.8157', 'eval_balanced_accuracy': '0.7842', 'eval_macro_f1': '0.8157', 'eval_atc': '0.3034', 'eval_normalized_atc': '0.03034', 'eval_target_recall': '0.9734', 'eval_target_fnr': '0.02664', 'eval_selection_score': '0.03059', 'eval_selection_accuracy_value': '0.7842', 'eval_nll': '0.3634', 'eval_brier': '0.2088', 'eval_ece': '0.05803', 'eval_auroc': '0.8684', 'eval_auprc': '0.9293', 'eval_runtime': '7.006', 'eval_samples_per_second': '109.6', 'eval_steps_per_second': '6.852', 'epoch': '1'}
CustomImageProcessor configuration saved to checkpoints/stop3b_imbalance_decoupling_breakhis_natural_vit_menon_logit_adjusted_seed43/checkpoint-88/preprocessor_config.json
{'loss': '0.8612', 'grad_norm': '22.13', 'learning_rate': '0.0001', 'epoch': '1.023'}
{'loss': '0.5527', 'grad_norm': '18.05', 'learning_rate': '9.999e-05', 'epoch': '1.137'}
{'loss': '0.7484', 'grad_norm': '20.92', 'learning_rate': '9.996e-05', 'epoch': '1.251'}
{'loss': '0.6024', 'grad_norm': '3.534', 'learning_rate': '9.992e-05', 'epoch': '1.365'}
{'loss': '0.4621', 'grad_norm': '10.1', 'learning_rate': '9.985e-05', 'epoch': '1.479'}
{'loss': '0.8384', 'grad_norm': '17.31', 'learning_rate': '9.977e-05', 'epoch': '1.593'}
{'loss': '0.496', 'grad_norm': '4.22', 'learning_rate': '9.967e-05', 'epoch': '1.707'}
{'loss': '0.4686', 'grad_norm': '8.336', 'learning_rate': '9.956e-05', 'epoch': '1.821'}
{'loss': '0.3778', 'grad_norm': '7.06', 'learning_rate': '9.942e-05', 'epoch': '1.934'}
{'eval_loss': '0.5167', 'eval_accuracy': '0.8789', 'eval_f1': '0.8335', 'eval_balanced_accuracy': '0.8119', 'eval_macro_f1': '0.8335', 'eval_atc': '0.4141', 'eval_normalized_atc': '0.04141', 'eval_target_recall': '0.9556', 'eval_target_fnr': '0.0444', 'eval_selection_score': '0.04224', 'eval_selection_accuracy_value': '0.8119', 'eval_nll': '0.4747', 'eval_brier': '0.2271', 'eval_ece': '0.09779', 'eval_auroc': '0.8112', 'eval_auprc': '0.8958', 'eval_runtime': '6.981', 'eval_samples_per_second': '110', 'eval_steps_per_second': '6.875', 'epoch': '2'}
CustomImageProcessor configuration saved to checkpoints/stop3b_imbalance_decoupling_breakhis_natural_vit_menon_logit_adjusted_seed43/checkpoint-176/preprocessor_config.json
{'loss': '0.287', 'grad_norm': '12.78', 'learning_rate': '9.927e-05', 'epoch': '2.046'}
{'loss': '0.7025', 'grad_norm': '14.81', 'learning_rate': '9.91e-05', 'epoch': '2.16'}
{'loss': '0.3815', 'grad_norm': '9.391', 'learning_rate': '9.892e-05', 'epoch': '2.274'}
{'loss': '0.2609', 'grad_norm': '7.549', 'learning_rate': '9.871e-05', 'epoch': '2.387'}
{'loss': '0.6694', 'grad_norm': '10.97', 'learning_rate': '9.849e-05', 'epoch': '2.501'}
{'loss': '0.4535', 'grad_norm': '9.719', 'learning_rate': '9.826e-05', 'epoch': '2.615'}
{'loss': '0.4053', 'grad_norm': '3.611', 'learning_rate': '9.8e-05', 'epoch': '2.729'}
{'loss': '0.3862', 'grad_norm': '6.344', 'learning_rate': '9.773e-05', 'epoch': '2.843'}
{'loss': '0.4638', 'grad_norm': '37.14', 'learning_rate': '9.744e-05', 'epoch': '2.957'}
{'eval_loss': '0.9025', 'eval_accuracy': '0.7148', 'eval_f1': '0.6756', 'eval_balanced_accuracy': '0.7062', 'eval_macro_f1': '0.6756', 'eval_atc': '2.102', 'eval_normalized_atc': '0.2102', 'eval_target_recall': '0.7247', 'eval_target_fnr': '0.2753', 'eval_selection_score': '0.4597', 'eval_selection_accuracy_value': '0.7062', 'eval_nll': '0.9888', 'eval_brier': '0.5005', 'eval_ece': '0.2411', 'eval_auroc': '0.7862', 'eval_auprc': '0.8725', 'eval_runtime': '7.178', 'eval_samples_per_second': '107', 'eval_steps_per_second': '6.687', 'epoch': '3'}
CustomImageProcessor configuration saved to checkpoints/stop3b_imbalance_decoupling_breakhis_natural_vit_menon_logit_adjusted_seed43/checkpoint-264/preprocessor_config.json
{'loss': '0.9311', 'grad_norm': '44.51', 'learning_rate': '9.714e-05', 'epoch': '3.068'}
{'loss': '0.5308', 'grad_norm': '2.793', 'learning_rate': '9.681e-05', 'epoch': '3.182'}
{'loss': '0.3535', 'grad_norm': '2.184', 'learning_rate': '9.648e-05', 'epoch': '3.296'}
{'loss': '0.258', 'grad_norm': '4.212', 'learning_rate': '9.612e-05', 'epoch': '3.41'}
{'loss': '0.4435', 'grad_norm': '4.501', 'learning_rate': '9.575e-05', 'epoch': '3.524'}
{'loss': '0.2808', 'grad_norm': '3.342', 'learning_rate': '9.536e-05', 'epoch': '3.638'}
{'loss': '0.2946', 'grad_norm': '10.15', 'learning_rate': '9.496e-05', 'epoch': '3.752'}
{'loss': '0.2926', 'grad_norm': '6.781', 'learning_rate': '9.454e-05', 'epoch': '3.866'}
{'loss': '0.5624', 'grad_norm': '5.432', 'learning_rate': '9.411e-05', 'epoch': '3.98'}
{'eval_loss': '0.4071', 'eval_accuracy': '0.9154', 'eval_f1': '0.8795', 'eval_balanced_accuracy': '0.8446', 'eval_macro_f1': '0.8795', 'eval_atc': '0.1081', 'eval_normalized_atc': '0.01081', 'eval_target_recall': '0.9964', 'eval_target_fnr': '0.003552', 'eval_selection_score': '0.01081', 'eval_selection_accuracy_value': '0.8446', 'eval_nll': '0.3492', 'eval_brier': '0.1594', 'eval_ece': '0.07095', 'eval_auroc': '0.8915', 'eval_auprc': '0.9378', 'eval_runtime': '7.112', 'eval_samples_per_second': '108', 'eval_steps_per_second': '6.749', 'epoch': '4'}
CustomImageProcessor configuration saved to checkpoints/stop3b_imbalance_decoupling_breakhis_natural_vit_menon_logit_adjusted_seed43/checkpoint-352/preprocessor_config.json
{'loss': '0.3482', 'grad_norm': '9.683', 'learning_rate': '9.366e-05', 'epoch': '4.091'}
{'loss': '0.1276', 'grad_norm': '4.895', 'learning_rate': '9.319e-05', 'epoch': '4.205'}
{'loss': '0.5212', 'grad_norm': '23.06', 'learning_rate': '9.271e-05', 'epoch': '4.319'}
{'loss': '0.2203', 'grad_norm': '2.395', 'learning_rate': '9.221e-05', 'epoch': '4.433'}
{'loss': '0.1215', 'grad_norm': '8.402', 'learning_rate': '9.17e-05', 'epoch': '4.547'}
{'loss': '0.2766', 'grad_norm': '16.27', 'learning_rate': '9.118e-05', 'epoch': '4.661'}
{'loss': '0.2004', 'grad_norm': '5.744', 'learning_rate': '9.064e-05', 'epoch': '4.775'}
{'loss': '0.1235', 'grad_norm': '9.491', 'learning_rate': '9.008e-05', 'epoch': '4.889'}
{'loss': '0.4325', 'grad_norm': '0.1877', 'learning_rate': '8.951e-05', 'epoch': '5'}
{'eval_loss': '0.612', 'eval_accuracy': '0.8828', 'eval_f1': '0.8386', 'eval_balanced_accuracy': '0.8162', 'eval_macro_f1': '0.8386', 'eval_atc': '0.3867', 'eval_normalized_atc': '0.03867', 'eval_target_recall': '0.9591', 'eval_target_fnr': '0.04085', 'eval_selection_score': '0.03914', 'eval_selection_accuracy_value': '0.8162', 'eval_nll': '0.5653', 'eval_brier': '0.2234', 'eval_ece': '0.1065', 'eval_auroc': '0.8191', 'eval_auprc': '0.8833', 'eval_runtime': '7.165', 'eval_samples_per_second': '107.2', 'eval_steps_per_second': '6.699', 'epoch': '5'}
CustomImageProcessor configuration saved to checkpoints/stop3b_imbalance_decoupling_breakhis_natural_vit_menon_logit_adjusted_seed43/checkpoint-440/preprocessor_config.json
{'loss': '0.199', 'grad_norm': '3.963', 'learning_rate': '8.893e-05', 'epoch': '5.114'}
{'loss': '0.1175', 'grad_norm': '3.663', 'learning_rate': '8.834e-05', 'epoch': '5.228'}
{'loss': '0.1717', 'grad_norm': '9.025', 'learning_rate': '8.773e-05', 'epoch': '5.342'}
{'loss': '0.1899', 'grad_norm': '4.192', 'learning_rate': '8.71e-05', 'epoch': '5.456'}
{'loss': '0.2065', 'grad_norm': '8.274', 'learning_rate': '8.647e-05', 'epoch': '5.57'}
{'loss': '0.2809', 'grad_norm': '0.7637', 'learning_rate': '8.582e-05', 'epoch': '5.684'}
{'loss': '0.1612', 'grad_norm': '0.5195', 'learning_rate': '8.516e-05', 'epoch': '5.798'}
{'loss': '0.2869', 'grad_norm': '15.79', 'learning_rate': '8.448e-05', 'epoch': '5.912'}
{'eval_loss': '0.6809', 'eval_accuracy': '0.8724', 'eval_f1': '0.8242', 'eval_balanced_accuracy': '0.8029', 'eval_macro_f1': '0.8242', 'eval_atc': '0.444', 'eval_normalized_atc': '0.0444', 'eval_target_recall': '0.952', 'eval_target_fnr': '0.04796', 'eval_selection_score': '0.04569', 'eval_selection_accuracy_value': '0.8029', 'eval_nll': '0.6368', 'eval_brier': '0.2459', 'eval_ece': '0.1142', 'eval_auroc': '0.7746', 'eval_auprc': '0.8302', 'eval_runtime': '7.147', 'eval_samples_per_second': '107.5', 'eval_steps_per_second': '6.716', 'epoch': '6'}
CustomImageProcessor configuration saved to checkpoints/stop3b_imbalance_decoupling_breakhis_natural_vit_menon_logit_adjusted_seed43/checkpoint-528/preprocessor_config.json
{'loss': '0.1486', 'grad_norm': '0.3401', 'learning_rate': '8.379e-05', 'epoch': '6.023'}
{'loss': '0.155', 'grad_norm': '8.492', 'learning_rate': '8.31e-05', 'epoch': '6.137'}
{'loss': '0.1668', 'grad_norm': '10.49', 'learning_rate': '8.239e-05', 'epoch': '6.251'}
{'loss': '0.2352', 'grad_norm': '4.423', 'learning_rate': '8.167e-05', 'epoch': '6.365'}
{'loss': '0.1143', 'grad_norm': '1.01', 'learning_rate': '8.093e-05', 'epoch': '6.479'}
{'loss': '0.152', 'grad_norm': '6.091', 'learning_rate': '8.019e-05', 'epoch': '6.593'}
{'loss': '0.2161', 'grad_norm': '6.573', 'learning_rate': '7.943e-05', 'epoch': '6.707'}
{'loss': '0.2932', 'grad_norm': '6.308', 'learning_rate': '7.867e-05', 'epoch': '6.821'}
{'loss': '0.2183', 'grad_norm': '3.825', 'learning_rate': '7.79e-05', 'epoch': '6.934'}
{'eval_loss': '0.7321', 'eval_accuracy': '0.8242', 'eval_f1': '0.7636', 'eval_balanced_accuracy': '0.7514', 'eval_macro_f1': '0.7636', 'eval_atc': '0.7852', 'eval_normalized_atc': '0.07852', 'eval_target_recall': '0.9076', 'eval_target_fnr': '0.09236', 'eval_selection_score': '0.09644', 'eval_selection_accuracy_value': '0.7514', 'eval_nll': '0.6936', 'eval_brier': '0.305', 'eval_ece': '0.1433', 'eval_auroc': '0.8172', 'eval_auprc': '0.9138', 'eval_runtime': '7.108', 'eval_samples_per_second': '108', 'eval_steps_per_second': '6.753', 'epoch': '7'}
CustomImageProcessor configuration saved to checkpoints/stop3b_imbalance_decoupling_breakhis_natural_vit_menon_logit_adjusted_seed43/checkpoint-616/preprocessor_config.json
{'train_runtime': '392.6', 'train_samples_per_second': '286.1', 'train_steps_per_second': '4.482', 'train_loss': '0.5185', 'epoch': '7'}
***** train metrics *****
  epoch                    =          7.0
  total_flos               = 2837148584GF
  train_loss               =       0.5185
  train_runtime            =   0:06:32.64
  train_samples_per_second =      286.058
  train_steps_per_second   =        4.482
Using device: cuda

============================================================
PERFORMING COMPREHENSIVE EVALUATION
============================================================
Results will be saved to: results/vit_test/stop3b_imbalance_decoupling_breakhis_natural_vit_menon_logit_adjusted_seed43_04-28_18-54
Saving run configuration...
Run configuration saved to: results/vit_test/stop3b_imbalance_decoupling_breakhis_natural_vit_menon_logit_adjusted_seed43_04-28_18-54/run_configuration_20260428_185446.json
Running model evaluation...
Computing detailed metrics...
Saving metrics to files...
Metrics saved to: results/vit_test/stop3b_imbalance_decoupling_breakhis_natural_vit_menon_logit_adjusted_seed43_04-28_18-54/metrics_20260428_185509_menon_logit_adjusted.json and results/vit_test/stop3b_imbalance_decoupling_breakhis_natural_vit_menon_logit_adjusted_seed43_04-28_18-54/metrics_20260428_185509_menon_logit_adjusted.txt
Creating confusion matrix visualizations...
Using provided class names: ['benign', 'malignant']
Confusion matrix visualizations (3-panel) saved to: results/vit_test/stop3b_imbalance_decoupling_breakhis_natural_vit_menon_logit_adjusted_seed43_04-28_18-54/confusion_matrix_20260428_185509_menon_logit_adjusted.png and results/vit_test/stop3b_imbalance_decoupling_breakhis_natural_vit_menon_logit_adjusted_seed43_04-28_18-54/confusion_matrix_20260428_185509_menon_logit_adjusted.pdf
Detailed confusion matrix saved to: results/vit_test/stop3b_imbalance_decoupling_breakhis_natural_vit_menon_logit_adjusted_seed43_04-28_18-54/confusion_matrix_detailed_20260428_185509_menon_logit_adjusted.png

============================================================
TRAINING COMPLETED - RESULTS SUMMARY
============================================================
Output Directory: results/vit_test/stop3b_imbalance_decoupling_breakhis_natural_vit_menon_logit_adjusted_seed43_04-28_18-54
Overall Accuracy: 0.9239
Balanced Accuracy: 0.9260
Overall F1 Score: 0.9214
Kappa: 0.8429
AUC: 0.9760
Expected Cost: 0.5324
Loss Function Used: menon_logit_adjusted
Total Test Samples: 710
Classes: benign, malignant

Detailed metrics and visualizations saved to: results/vit_test/stop3b_imbalance_decoupling_breakhis_natural_vit_menon_logit_adjusted_seed43_04-28_18-54
============================================================
