Prepared manifest loaded — Train=5616, Val=768, Calibration=815, Test=710
cuda
Using model backend=hf_auto type=vit with 2 labels
Early stopping enabled with patience=3
Using device: cuda
{'loss': '2.741', 'grad_norm': '6.118', 'learning_rate': '1.023e-05', 'epoch': '0.114'}
{'loss': '2.442', 'grad_norm': '5.04', 'learning_rate': '2.159e-05', 'epoch': '0.2279'}
{'loss': '2.106', 'grad_norm': '4.358', 'learning_rate': '3.295e-05', 'epoch': '0.3419'}
{'loss': '1.847', 'grad_norm': '5.027', 'learning_rate': '4.432e-05', 'epoch': '0.4558'}
{'loss': '1.422', 'grad_norm': '5.391', 'learning_rate': '5.568e-05', 'epoch': '0.5698'}
{'loss': '1.08', 'grad_norm': '25.21', 'learning_rate': '6.705e-05', 'epoch': '0.6838'}
{'loss': '1.242', 'grad_norm': '3.636', 'learning_rate': '7.841e-05', 'epoch': '0.7977'}
{'loss': '0.9727', 'grad_norm': '3.235', 'learning_rate': '8.977e-05', 'epoch': '0.9117'}
{'eval_loss': '0.5474', 'eval_accuracy': '0.7839', 'eval_f1': '0.7288', 'eval_balanced_accuracy': '0.7332', 'eval_macro_f1': '0.7288', 'eval_atc': '1.259', 'eval_normalized_atc': '0.1259', 'eval_target_recall': '0.8419', 'eval_target_fnr': '0.1581', 'eval_selection_score': '0.196', 'eval_selection_accuracy_value': '0.7332', 'eval_nll': '0.5146', 'eval_brier': '0.3111', 'eval_ece': '0.1229', 'eval_auroc': '0.797', 'eval_auprc': '0.8761', 'eval_runtime': '6.933', 'eval_samples_per_second': '110.8', 'eval_steps_per_second': '6.924', 'epoch': '1'}
CustomImageProcessor configuration saved to checkpoints/stop3b_imbalance_decoupling_breakhis_natural_vit_cs_regularized_ce_seed43/checkpoint-88/preprocessor_config.json
{'loss': '0.9103', 'grad_norm': '5.392', 'learning_rate': '0.0001', 'epoch': '1.023'}
{'loss': '0.6956', 'grad_norm': '20.06', 'learning_rate': '9.999e-05', 'epoch': '1.137'}
{'loss': '0.8789', 'grad_norm': '15.12', 'learning_rate': '9.996e-05', 'epoch': '1.251'}
{'loss': '0.5379', 'grad_norm': '1.751', 'learning_rate': '9.992e-05', 'epoch': '1.365'}
{'loss': '1.005', 'grad_norm': '40.39', 'learning_rate': '9.985e-05', 'epoch': '1.479'}
{'loss': '1.146', 'grad_norm': '18.71', 'learning_rate': '9.977e-05', 'epoch': '1.593'}
{'loss': '0.7623', 'grad_norm': '9.502', 'learning_rate': '9.967e-05', 'epoch': '1.707'}
{'loss': '0.4711', 'grad_norm': '9.073', 'learning_rate': '9.956e-05', 'epoch': '1.821'}
{'loss': '0.5453', 'grad_norm': '7.914', 'learning_rate': '9.942e-05', 'epoch': '1.934'}
{'eval_loss': '0.4299', 'eval_accuracy': '0.9049', 'eval_f1': '0.8618', 'eval_balanced_accuracy': '0.8235', 'eval_macro_f1': '0.8618', 'eval_atc': '0.1068', 'eval_normalized_atc': '0.01068', 'eval_target_recall': '0.9982', 'eval_target_fnr': '0.001776', 'eval_selection_score': '0.01068', 'eval_selection_accuracy_value': '0.8235', 'eval_nll': '0.4241', 'eval_brier': '0.186', 'eval_ece': '0.0823', 'eval_auroc': '0.8225', 'eval_auprc': '0.8881', 'eval_runtime': '7.004', 'eval_samples_per_second': '109.7', 'eval_steps_per_second': '6.853', 'epoch': '2'}
CustomImageProcessor configuration saved to checkpoints/stop3b_imbalance_decoupling_breakhis_natural_vit_cs_regularized_ce_seed43/checkpoint-176/preprocessor_config.json
{'loss': '0.2834', 'grad_norm': '22.8', 'learning_rate': '9.927e-05', 'epoch': '2.046'}
{'loss': '0.6364', 'grad_norm': '20.24', 'learning_rate': '9.91e-05', 'epoch': '2.16'}
{'loss': '0.7023', 'grad_norm': '5.107', 'learning_rate': '9.892e-05', 'epoch': '2.274'}
{'loss': '0.3876', 'grad_norm': '4.066', 'learning_rate': '9.871e-05', 'epoch': '2.387'}
{'loss': '0.4898', 'grad_norm': '34.55', 'learning_rate': '9.849e-05', 'epoch': '2.501'}
{'loss': '0.6922', 'grad_norm': '3.324', 'learning_rate': '9.826e-05', 'epoch': '2.615'}
{'loss': '0.484', 'grad_norm': '1.061', 'learning_rate': '9.8e-05', 'epoch': '2.729'}
{'loss': '0.4758', 'grad_norm': '10.79', 'learning_rate': '9.773e-05', 'epoch': '2.843'}
{'loss': '0.6515', 'grad_norm': '9.039', 'learning_rate': '9.744e-05', 'epoch': '2.957'}
{'eval_loss': '0.4527', 'eval_accuracy': '0.9076', 'eval_f1': '0.8673', 'eval_balanced_accuracy': '0.8315', 'eval_macro_f1': '0.8673', 'eval_atc': '0.1276', 'eval_normalized_atc': '0.01276', 'eval_target_recall': '0.9947', 'eval_target_fnr': '0.005329', 'eval_selection_score': '0.01276', 'eval_selection_accuracy_value': '0.8315', 'eval_nll': '0.4471', 'eval_brier': '0.1815', 'eval_ece': '0.0843', 'eval_auroc': '0.8638', 'eval_auprc': '0.9223', 'eval_runtime': '7.206', 'eval_samples_per_second': '106.6', 'eval_steps_per_second': '6.661', 'epoch': '3'}
CustomImageProcessor configuration saved to checkpoints/stop3b_imbalance_decoupling_breakhis_natural_vit_cs_regularized_ce_seed43/checkpoint-264/preprocessor_config.json
{'loss': '0.4166', 'grad_norm': '19.23', 'learning_rate': '9.714e-05', 'epoch': '3.068'}
{'loss': '0.3183', 'grad_norm': '4.463', 'learning_rate': '9.681e-05', 'epoch': '3.182'}
{'loss': '0.2697', 'grad_norm': '21.08', 'learning_rate': '9.648e-05', 'epoch': '3.296'}
{'loss': '0.4', 'grad_norm': '14.45', 'learning_rate': '9.612e-05', 'epoch': '3.41'}
{'loss': '0.3872', 'grad_norm': '4.747', 'learning_rate': '9.575e-05', 'epoch': '3.524'}
{'loss': '0.2474', 'grad_norm': '20', 'learning_rate': '9.536e-05', 'epoch': '3.638'}
{'loss': '0.3322', 'grad_norm': '11.75', 'learning_rate': '9.496e-05', 'epoch': '3.752'}
{'loss': '0.7025', 'grad_norm': '32.44', 'learning_rate': '9.454e-05', 'epoch': '3.866'}
{'loss': '0.3915', 'grad_norm': '0.8854', 'learning_rate': '9.411e-05', 'epoch': '3.98'}
{'eval_loss': '0.5266', 'eval_accuracy': '0.8984', 'eval_f1': '0.8501', 'eval_balanced_accuracy': '0.8098', 'eval_macro_f1': '0.8501', 'eval_atc': '0.1016', 'eval_normalized_atc': '0.01016', 'eval_target_recall': '1', 'eval_target_fnr': '0', 'eval_selection_score': '0.01016', 'eval_selection_accuracy_value': '0.8098', 'eval_nll': '0.5227', 'eval_brier': '0.1971', 'eval_ece': '0.09269', 'eval_auroc': '0.8498', 'eval_auprc': '0.9157', 'eval_runtime': '7.042', 'eval_samples_per_second': '109.1', 'eval_steps_per_second': '6.816', 'epoch': '4'}
CustomImageProcessor configuration saved to checkpoints/stop3b_imbalance_decoupling_breakhis_natural_vit_cs_regularized_ce_seed43/checkpoint-352/preprocessor_config.json
{'loss': '0.2897', 'grad_norm': '17.4', 'learning_rate': '9.366e-05', 'epoch': '4.091'}
{'loss': '0.2874', 'grad_norm': '12.41', 'learning_rate': '9.319e-05', 'epoch': '4.205'}
{'loss': '0.3009', 'grad_norm': '2.837', 'learning_rate': '9.271e-05', 'epoch': '4.319'}
{'loss': '0.2571', 'grad_norm': '12.66', 'learning_rate': '9.221e-05', 'epoch': '4.433'}
{'loss': '0.5101', 'grad_norm': '42.86', 'learning_rate': '9.17e-05', 'epoch': '4.547'}
{'loss': '0.5398', 'grad_norm': '7.076', 'learning_rate': '9.118e-05', 'epoch': '4.661'}
{'loss': '0.3985', 'grad_norm': '9.612', 'learning_rate': '9.064e-05', 'epoch': '4.775'}
{'loss': '0.3903', 'grad_norm': '11.76', 'learning_rate': '9.008e-05', 'epoch': '4.889'}
{'loss': '0.3061', 'grad_norm': '2.102', 'learning_rate': '8.951e-05', 'epoch': '5'}
{'eval_loss': '0.5455', 'eval_accuracy': '0.888', 'eval_f1': '0.844', 'eval_balanced_accuracy': '0.8182', 'eval_macro_f1': '0.844', 'eval_atc': '0.3229', 'eval_normalized_atc': '0.03229', 'eval_target_recall': '0.968', 'eval_target_fnr': '0.03197', 'eval_selection_score': '0.03231', 'eval_selection_accuracy_value': '0.8182', 'eval_nll': '0.536', 'eval_brier': '0.2102', 'eval_ece': '0.1006', 'eval_auroc': '0.8459', 'eval_auprc': '0.9243', 'eval_runtime': '7.249', 'eval_samples_per_second': '106', 'eval_steps_per_second': '6.622', 'epoch': '5'}
CustomImageProcessor configuration saved to checkpoints/stop3b_imbalance_decoupling_breakhis_natural_vit_cs_regularized_ce_seed43/checkpoint-440/preprocessor_config.json
{'loss': '0.2309', 'grad_norm': '8.037', 'learning_rate': '8.893e-05', 'epoch': '5.114'}
{'loss': '0.2631', 'grad_norm': '0.6456', 'learning_rate': '8.834e-05', 'epoch': '5.228'}
{'loss': '0.366', 'grad_norm': '8.043', 'learning_rate': '8.773e-05', 'epoch': '5.342'}
{'loss': '0.1781', 'grad_norm': '5.424', 'learning_rate': '8.71e-05', 'epoch': '5.456'}
{'loss': '0.1319', 'grad_norm': '7.775', 'learning_rate': '8.647e-05', 'epoch': '5.57'}
{'loss': '0.3459', 'grad_norm': '5.428', 'learning_rate': '8.582e-05', 'epoch': '5.684'}
{'loss': '0.1756', 'grad_norm': '7.96', 'learning_rate': '8.516e-05', 'epoch': '5.798'}
{'loss': '0.2305', 'grad_norm': '4.261', 'learning_rate': '8.448e-05', 'epoch': '5.912'}
{'eval_loss': '0.6797', 'eval_accuracy': '0.8594', 'eval_f1': '0.8105', 'eval_balanced_accuracy': '0.7955', 'eval_macro_f1': '0.8105', 'eval_atc': '0.5859', 'eval_normalized_atc': '0.05859', 'eval_target_recall': '0.9325', 'eval_target_fnr': '0.0675', 'eval_selection_score': '0.06424', 'eval_selection_accuracy_value': '0.7955', 'eval_nll': '0.6654', 'eval_brier': '0.2577', 'eval_ece': '0.1293', 'eval_auroc': '0.8521', 'eval_auprc': '0.9308', 'eval_runtime': '7.004', 'eval_samples_per_second': '109.7', 'eval_steps_per_second': '6.853', 'epoch': '6'}
CustomImageProcessor configuration saved to checkpoints/stop3b_imbalance_decoupling_breakhis_natural_vit_cs_regularized_ce_seed43/checkpoint-528/preprocessor_config.json
{'loss': '0.1481', 'grad_norm': '6.371', 'learning_rate': '8.379e-05', 'epoch': '6.023'}
{'loss': '0.3327', 'grad_norm': '3.549', 'learning_rate': '8.31e-05', 'epoch': '6.137'}
{'loss': '0.2035', 'grad_norm': '1.328', 'learning_rate': '8.239e-05', 'epoch': '6.251'}
{'loss': '0.2539', 'grad_norm': '8.675', 'learning_rate': '8.167e-05', 'epoch': '6.365'}
{'loss': '0.3687', 'grad_norm': '1.655', 'learning_rate': '8.093e-05', 'epoch': '6.479'}
{'loss': '0.2505', 'grad_norm': '0.6903', 'learning_rate': '8.019e-05', 'epoch': '6.593'}
{'loss': '0.2096', 'grad_norm': '12.43', 'learning_rate': '7.943e-05', 'epoch': '6.707'}
{'loss': '0.1299', 'grad_norm': '4.15', 'learning_rate': '7.867e-05', 'epoch': '6.821'}
{'loss': '0.1701', 'grad_norm': '0.7427', 'learning_rate': '7.79e-05', 'epoch': '6.934'}
{'eval_loss': '0.6304', 'eval_accuracy': '0.8841', 'eval_f1': '0.8389', 'eval_balanced_accuracy': '0.8139', 'eval_macro_f1': '0.8389', 'eval_atc': '0.3503', 'eval_normalized_atc': '0.03503', 'eval_target_recall': '0.9645', 'eval_target_fnr': '0.03552', 'eval_selection_score': '0.03515', 'eval_selection_accuracy_value': '0.8139', 'eval_nll': '0.6204', 'eval_brier': '0.2199', 'eval_ece': '0.1052', 'eval_auroc': '0.8333', 'eval_auprc': '0.9208', 'eval_runtime': '7.062', 'eval_samples_per_second': '108.8', 'eval_steps_per_second': '6.797', 'epoch': '7'}
CustomImageProcessor configuration saved to checkpoints/stop3b_imbalance_decoupling_breakhis_natural_vit_cs_regularized_ce_seed43/checkpoint-616/preprocessor_config.json
{'train_runtime': '388.2', 'train_samples_per_second': '289.3', 'train_steps_per_second': '4.533', 'train_loss': '0.5912', 'epoch': '7'}
***** train metrics *****
  epoch                    =          7.0
  total_flos               = 2837148584GF
  train_loss               =       0.5912
  train_runtime            =   0:06:28.24
  train_samples_per_second =      289.299
  train_steps_per_second   =        4.533
Using device: cuda

============================================================
PERFORMING COMPREHENSIVE EVALUATION
============================================================
Results will be saved to: results/vit_test/stop3b_imbalance_decoupling_breakhis_natural_vit_cs_regularized_ce_seed43_04-28_19-02
Saving run configuration...
Run configuration saved to: results/vit_test/stop3b_imbalance_decoupling_breakhis_natural_vit_cs_regularized_ce_seed43_04-28_19-02/run_configuration_20260428_190216.json
Running model evaluation...
Computing detailed metrics...
Saving metrics to files...
Metrics saved to: results/vit_test/stop3b_imbalance_decoupling_breakhis_natural_vit_cs_regularized_ce_seed43_04-28_19-02/metrics_20260428_190239_cs_regularized_ce.json and results/vit_test/stop3b_imbalance_decoupling_breakhis_natural_vit_cs_regularized_ce_seed43_04-28_19-02/metrics_20260428_190239_cs_regularized_ce.txt
Creating confusion matrix visualizations...
Using provided class names: ['benign', 'malignant']
Confusion matrix visualizations (3-panel) saved to: results/vit_test/stop3b_imbalance_decoupling_breakhis_natural_vit_cs_regularized_ce_seed43_04-28_19-02/confusion_matrix_20260428_190239_cs_regularized_ce.png and results/vit_test/stop3b_imbalance_decoupling_breakhis_natural_vit_cs_regularized_ce_seed43_04-28_19-02/confusion_matrix_20260428_190239_cs_regularized_ce.pdf
Detailed confusion matrix saved to: results/vit_test/stop3b_imbalance_decoupling_breakhis_natural_vit_cs_regularized_ce_seed43_04-28_19-02/confusion_matrix_detailed_20260428_190239_cs_regularized_ce.png

============================================================
TRAINING COMPLETED - RESULTS SUMMARY
============================================================
Output Directory: results/vit_test/stop3b_imbalance_decoupling_breakhis_natural_vit_cs_regularized_ce_seed43_04-28_19-02
Overall Accuracy: 0.8437
Balanced Accuracy: 0.8092
Overall F1 Score: 0.8241
Kappa: 0.6545
AUC: 0.9622
Expected Cost: 0.2831
Loss Function Used: cs_regularized_ce
Total Test Samples: 710
Classes: benign, malignant

Detailed metrics and visualizations saved to: results/vit_test/stop3b_imbalance_decoupling_breakhis_natural_vit_cs_regularized_ce_seed43_04-28_19-02
============================================================
