Prepared manifest loaded — Train=5616, Val=768, Calibration=815, Test=710
cuda
Using model backend=hf_auto type=vit with 2 labels
Early stopping enabled with patience=3
Using device: cuda
{'loss': '2.724', 'grad_norm': '6.003', 'learning_rate': '1.023e-05', 'epoch': '0.114'}
{'loss': '2.366', 'grad_norm': '5.609', 'learning_rate': '2.159e-05', 'epoch': '0.2279'}
{'loss': '1.97', 'grad_norm': '3.734', 'learning_rate': '3.295e-05', 'epoch': '0.3419'}
{'loss': '1.68', 'grad_norm': '6.216', 'learning_rate': '4.432e-05', 'epoch': '0.4558'}
{'loss': '1.179', 'grad_norm': '3.842', 'learning_rate': '5.568e-05', 'epoch': '0.5698'}
{'loss': '0.8785', 'grad_norm': '10.78', 'learning_rate': '6.705e-05', 'epoch': '0.6838'}
{'loss': '1.165', 'grad_norm': '7.18', 'learning_rate': '7.841e-05', 'epoch': '0.7977'}
{'loss': '0.9469', 'grad_norm': '4.023', 'learning_rate': '8.977e-05', 'epoch': '0.9117'}
{'eval_loss': '0.4344', 'eval_accuracy': '0.8542', 'eval_f1': '0.8069', 'eval_balanced_accuracy': '0.7966', 'eval_macro_f1': '0.8069', 'eval_atc': '0.6732', 'eval_normalized_atc': '0.06732', 'eval_target_recall': '0.9201', 'eval_target_fnr': '0.07993', 'eval_selection_score': '0.0773', 'eval_selection_accuracy_value': '0.7966', 'eval_nll': '0.4344', 'eval_brier': '0.2423', 'eval_ece': '0.0864', 'eval_auroc': '0.8037', 'eval_auprc': '0.8828', 'eval_runtime': '7.14', 'eval_samples_per_second': '107.6', 'eval_steps_per_second': '6.723', 'epoch': '1'}
CustomImageProcessor configuration saved to checkpoints/stop3b_imbalance_decoupling_breakhis_natural_vit_ce_seed44/checkpoint-88/preprocessor_config.json
{'loss': '0.7158', 'grad_norm': '10.19', 'learning_rate': '0.0001', 'epoch': '1.023'}
{'loss': '0.6404', 'grad_norm': '9.132', 'learning_rate': '9.999e-05', 'epoch': '1.137'}
{'loss': '0.7489', 'grad_norm': '11.1', 'learning_rate': '9.996e-05', 'epoch': '1.251'}
{'loss': '0.5323', 'grad_norm': '2.538', 'learning_rate': '9.992e-05', 'epoch': '1.365'}
{'loss': '0.5554', 'grad_norm': '6.908', 'learning_rate': '9.985e-05', 'epoch': '1.479'}
{'loss': '0.4816', 'grad_norm': '8.526', 'learning_rate': '9.977e-05', 'epoch': '1.593'}
{'loss': '0.3912', 'grad_norm': '18.78', 'learning_rate': '9.967e-05', 'epoch': '1.707'}
{'loss': '0.5664', 'grad_norm': '9.012', 'learning_rate': '9.956e-05', 'epoch': '1.821'}
{'loss': '0.3211', 'grad_norm': '15.41', 'learning_rate': '9.942e-05', 'epoch': '1.934'}
{'eval_loss': '0.4176', 'eval_accuracy': '0.9089', 'eval_f1': '0.8678', 'eval_balanced_accuracy': '0.8293', 'eval_macro_f1': '0.8678', 'eval_atc': '0.09115', 'eval_normalized_atc': '0.009115', 'eval_target_recall': '1', 'eval_target_fnr': '0', 'eval_selection_score': '0.009115', 'eval_selection_accuracy_value': '0.8293', 'eval_nll': '0.4176', 'eval_brier': '0.1773', 'eval_ece': '0.07816', 'eval_auroc': '0.8595', 'eval_auprc': '0.9047', 'eval_runtime': '7.32', 'eval_samples_per_second': '104.9', 'eval_steps_per_second': '6.558', 'epoch': '2'}
CustomImageProcessor configuration saved to checkpoints/stop3b_imbalance_decoupling_breakhis_natural_vit_ce_seed44/checkpoint-176/preprocessor_config.json
{'loss': '0.4671', 'grad_norm': '22.5', 'learning_rate': '9.927e-05', 'epoch': '2.046'}
{'loss': '0.5873', 'grad_norm': '7.848', 'learning_rate': '9.91e-05', 'epoch': '2.16'}
{'loss': '0.4239', 'grad_norm': '5.041', 'learning_rate': '9.892e-05', 'epoch': '2.274'}
{'loss': '0.3162', 'grad_norm': '9.48', 'learning_rate': '9.871e-05', 'epoch': '2.387'}
{'loss': '0.5815', 'grad_norm': '31.17', 'learning_rate': '9.849e-05', 'epoch': '2.501'}
{'loss': '0.4707', 'grad_norm': '16.22', 'learning_rate': '9.826e-05', 'epoch': '2.615'}
{'loss': '0.3541', 'grad_norm': '3.285', 'learning_rate': '9.8e-05', 'epoch': '2.729'}
{'loss': '0.4355', 'grad_norm': '6.661', 'learning_rate': '9.773e-05', 'epoch': '2.843'}
{'loss': '0.4966', 'grad_norm': '18.14', 'learning_rate': '9.744e-05', 'epoch': '2.957'}
{'eval_loss': '0.6332', 'eval_accuracy': '0.8359', 'eval_f1': '0.7891', 'eval_balanced_accuracy': '0.7873', 'eval_macro_f1': '0.7891', 'eval_atc': '0.8789', 'eval_normalized_atc': '0.08789', 'eval_target_recall': '0.8917', 'eval_target_fnr': '0.1083', 'eval_selection_score': '0.1126', 'eval_selection_accuracy_value': '0.7873', 'eval_nll': '0.6332', 'eval_brier': '0.2954', 'eval_ece': '0.1422', 'eval_auroc': '0.8382', 'eval_auprc': '0.9144', 'eval_runtime': '7.287', 'eval_samples_per_second': '105.4', 'eval_steps_per_second': '6.587', 'epoch': '3'}
CustomImageProcessor configuration saved to checkpoints/stop3b_imbalance_decoupling_breakhis_natural_vit_ce_seed44/checkpoint-264/preprocessor_config.json
{'loss': '0.4891', 'grad_norm': '44.91', 'learning_rate': '9.714e-05', 'epoch': '3.068'}
{'loss': '0.2362', 'grad_norm': '6.817', 'learning_rate': '9.681e-05', 'epoch': '3.182'}
{'loss': '0.4167', 'grad_norm': '6.015', 'learning_rate': '9.648e-05', 'epoch': '3.296'}
{'loss': '0.1831', 'grad_norm': '0.6205', 'learning_rate': '9.612e-05', 'epoch': '3.41'}
{'loss': '0.3477', 'grad_norm': '15.24', 'learning_rate': '9.575e-05', 'epoch': '3.524'}
{'loss': '0.3637', 'grad_norm': '7.577', 'learning_rate': '9.536e-05', 'epoch': '3.638'}
{'loss': '0.4003', 'grad_norm': '3.964', 'learning_rate': '9.496e-05', 'epoch': '3.752'}
{'loss': '0.3418', 'grad_norm': '3.309', 'learning_rate': '9.454e-05', 'epoch': '3.866'}
{'loss': '0.4597', 'grad_norm': '3.854', 'learning_rate': '9.411e-05', 'epoch': '3.98'}
{'eval_loss': '0.4431', 'eval_accuracy': '0.9036', 'eval_f1': '0.8625', 'eval_balanced_accuracy': '0.8288', 'eval_macro_f1': '0.8625', 'eval_atc': '0.1667', 'eval_normalized_atc': '0.01667', 'eval_target_recall': '0.9893', 'eval_target_fnr': '0.01066', 'eval_selection_score': '0.01667', 'eval_selection_accuracy_value': '0.8288', 'eval_nll': '0.4431', 'eval_brier': '0.1827', 'eval_ece': '0.08187', 'eval_auroc': '0.8162', 'eval_auprc': '0.8649', 'eval_runtime': '7.298', 'eval_samples_per_second': '105.2', 'eval_steps_per_second': '6.577', 'epoch': '4'}
CustomImageProcessor configuration saved to checkpoints/stop3b_imbalance_decoupling_breakhis_natural_vit_ce_seed44/checkpoint-352/preprocessor_config.json
{'loss': '0.3618', 'grad_norm': '3.827', 'learning_rate': '9.366e-05', 'epoch': '4.091'}
{'loss': '0.1014', 'grad_norm': '0.6835', 'learning_rate': '9.319e-05', 'epoch': '4.205'}
{'loss': '0.4082', 'grad_norm': '48.05', 'learning_rate': '9.271e-05', 'epoch': '4.319'}
{'loss': '0.3172', 'grad_norm': '2.721', 'learning_rate': '9.221e-05', 'epoch': '4.433'}
{'loss': '0.2951', 'grad_norm': '1.894', 'learning_rate': '9.17e-05', 'epoch': '4.547'}
{'loss': '0.1867', 'grad_norm': '6.71', 'learning_rate': '9.118e-05', 'epoch': '4.661'}
{'loss': '0.3252', 'grad_norm': '13.86', 'learning_rate': '9.064e-05', 'epoch': '4.775'}
{'loss': '0.3549', 'grad_norm': '20.92', 'learning_rate': '9.008e-05', 'epoch': '4.889'}
{'loss': '0.3952', 'grad_norm': '2.564', 'learning_rate': '8.951e-05', 'epoch': '5'}
{'eval_loss': '0.5394', 'eval_accuracy': '0.8854', 'eval_f1': '0.8391', 'eval_balanced_accuracy': '0.8117', 'eval_macro_f1': '0.8391', 'eval_atc': '0.3138', 'eval_normalized_atc': '0.03138', 'eval_target_recall': '0.9698', 'eval_target_fnr': '0.0302', 'eval_selection_score': '0.03138', 'eval_selection_accuracy_value': '0.8117', 'eval_nll': '0.5394', 'eval_brier': '0.2114', 'eval_ece': '0.09887', 'eval_auroc': '0.8197', 'eval_auprc': '0.9008', 'eval_runtime': '7.35', 'eval_samples_per_second': '104.5', 'eval_steps_per_second': '6.531', 'epoch': '5'}
CustomImageProcessor configuration saved to checkpoints/stop3b_imbalance_decoupling_breakhis_natural_vit_ce_seed44/checkpoint-440/preprocessor_config.json
{'train_runtime': '281.7', 'train_samples_per_second': '398.7', 'train_steps_per_second': '6.248', 'train_loss': '0.6359', 'epoch': '5'}
***** train metrics *****
  epoch                    =          5.0
  total_flos               = 2026534702GF
  train_loss               =       0.6359
  train_runtime            =   0:04:41.70
  train_samples_per_second =      398.715
  train_steps_per_second   =        6.248
Using device: cuda

============================================================
PERFORMING COMPREHENSIVE EVALUATION
============================================================
Results will be saved to: results/vit_test/stop3b_imbalance_decoupling_breakhis_natural_vit_ce_seed44_04-28_19-22
Saving run configuration...
Run configuration saved to: results/vit_test/stop3b_imbalance_decoupling_breakhis_natural_vit_ce_seed44_04-28_19-22/run_configuration_20260428_192234.json
Running model evaluation...
Computing detailed metrics...
Saving metrics to files...
Metrics saved to: results/vit_test/stop3b_imbalance_decoupling_breakhis_natural_vit_ce_seed44_04-28_19-22/metrics_20260428_192257_ce.json and results/vit_test/stop3b_imbalance_decoupling_breakhis_natural_vit_ce_seed44_04-28_19-22/metrics_20260428_192257_ce.txt
Creating confusion matrix visualizations...
Using provided class names: ['benign', 'malignant']
Confusion matrix visualizations (3-panel) saved to: results/vit_test/stop3b_imbalance_decoupling_breakhis_natural_vit_ce_seed44_04-28_19-22/confusion_matrix_20260428_192257_ce.png and results/vit_test/stop3b_imbalance_decoupling_breakhis_natural_vit_ce_seed44_04-28_19-22/confusion_matrix_20260428_192257_ce.pdf
Detailed confusion matrix saved to: results/vit_test/stop3b_imbalance_decoupling_breakhis_natural_vit_ce_seed44_04-28_19-22/confusion_matrix_detailed_20260428_192257_ce.png

============================================================
TRAINING COMPLETED - RESULTS SUMMARY
============================================================
Output Directory: results/vit_test/stop3b_imbalance_decoupling_breakhis_natural_vit_ce_seed44_04-28_19-22
Overall Accuracy: 0.9141
Balanced Accuracy: 0.8955
Overall F1 Score: 0.9071
Kappa: 0.8151
AUC: 0.9899
Expected Cost: 0.1620
Loss Function Used: ce
Total Test Samples: 710
Classes: benign, malignant

Detailed metrics and visualizations saved to: results/vit_test/stop3b_imbalance_decoupling_breakhis_natural_vit_ce_seed44_04-28_19-22
============================================================
