Prepared manifest loaded — Train=5616, Val=768, Calibration=815, Test=710
cuda
Using model backend=timm type=timm_dinov3_vit_lora with 2 labels
Early stopping enabled with patience=3
Using device: cuda
{'loss': '2.771', 'grad_norm': '9.07', 'learning_rate': '1.023e-05', 'epoch': '0.114'}
{'loss': '2.759', 'grad_norm': '3.371', 'learning_rate': '2.159e-05', 'epoch': '0.2279'}
{'loss': '2.73', 'grad_norm': '9.287', 'learning_rate': '3.295e-05', 'epoch': '0.3419'}
{'loss': '2.698', 'grad_norm': '1.678', 'learning_rate': '4.432e-05', 'epoch': '0.4558'}
{'loss': '2.661', 'grad_norm': '2.996', 'learning_rate': '5.568e-05', 'epoch': '0.5698'}
{'loss': '2.588', 'grad_norm': '2.728', 'learning_rate': '6.705e-05', 'epoch': '0.6838'}
{'loss': '2.54', 'grad_norm': '5.641', 'learning_rate': '7.841e-05', 'epoch': '0.7977'}
{'loss': '2.486', 'grad_norm': '1.57', 'learning_rate': '8.977e-05', 'epoch': '0.9117'}
{'eval_loss': '0.5652', 'eval_accuracy': '0.7331', 'eval_f1': '0.423', 'eval_balanced_accuracy': '0.5', 'eval_macro_f1': '0.423', 'eval_atc': '0.2669', 'eval_normalized_atc': '0.02669', 'eval_target_recall': '1', 'eval_target_fnr': '0', 'eval_selection_score': '0.1167', 'eval_selection_accuracy_value': '0.5', 'eval_nll': '0.5652', 'eval_brier': '0.3777', 'eval_ece': '0.242', 'eval_auroc': '0.8316', 'eval_auprc': '0.904', 'eval_runtime': '6.653', 'eval_samples_per_second': '115.4', 'eval_steps_per_second': '7.215', 'epoch': '1'}
CustomImageProcessor configuration saved to checkpoints/stop3b_imbalance_decoupling_breakhis_natural_timm_dinov3_vit_lora_ce_calibrated_cost_min_seed42/checkpoint-88/preprocessor_config.json
{'loss': '2.38', 'grad_norm': '2.141', 'learning_rate': '0.0001', 'epoch': '1.023'}
{'loss': '2.346', 'grad_norm': '2.392', 'learning_rate': '9.999e-05', 'epoch': '1.137'}
{'loss': '2.374', 'grad_norm': '1.91', 'learning_rate': '9.996e-05', 'epoch': '1.251'}
{'loss': '2.236', 'grad_norm': '3.024', 'learning_rate': '9.992e-05', 'epoch': '1.365'}
{'loss': '2.131', 'grad_norm': '5.224', 'learning_rate': '9.985e-05', 'epoch': '1.479'}
{'loss': '1.911', 'grad_norm': '4.751', 'learning_rate': '9.977e-05', 'epoch': '1.593'}
{'loss': '1.79', 'grad_norm': '4.047', 'learning_rate': '9.967e-05', 'epoch': '1.707'}
{'loss': '1.643', 'grad_norm': '4.403', 'learning_rate': '9.956e-05', 'epoch': '1.821'}
{'loss': '1.577', 'grad_norm': '9.571', 'learning_rate': '9.942e-05', 'epoch': '1.934'}
{'eval_loss': '0.3411', 'eval_accuracy': '0.9036', 'eval_f1': '0.859', 'eval_balanced_accuracy': '0.8195', 'eval_macro_f1': '0.859', 'eval_atc': '0.09635', 'eval_normalized_atc': '0.009635', 'eval_target_recall': '1', 'eval_target_fnr': '0', 'eval_selection_score': '0.009635', 'eval_selection_accuracy_value': '0.8195', 'eval_nll': '0.3411', 'eval_brier': '0.1976', 'eval_ece': '0.08768', 'eval_auroc': '0.8828', 'eval_auprc': '0.924', 'eval_runtime': '6.371', 'eval_samples_per_second': '120.5', 'eval_steps_per_second': '7.534', 'epoch': '2'}
CustomImageProcessor configuration saved to checkpoints/stop3b_imbalance_decoupling_breakhis_natural_timm_dinov3_vit_lora_ce_calibrated_cost_min_seed42/checkpoint-176/preprocessor_config.json
{'loss': '1.358', 'grad_norm': '4.126', 'learning_rate': '9.927e-05', 'epoch': '2.046'}
{'loss': '1.607', 'grad_norm': '7.742', 'learning_rate': '9.91e-05', 'epoch': '2.16'}
{'loss': '1.372', 'grad_norm': '7.636', 'learning_rate': '9.892e-05', 'epoch': '2.274'}
{'loss': '1.273', 'grad_norm': '3.924', 'learning_rate': '9.871e-05', 'epoch': '2.387'}
{'loss': '1.32', 'grad_norm': '12.8', 'learning_rate': '9.849e-05', 'epoch': '2.501'}
{'loss': '1.238', 'grad_norm': '11.1', 'learning_rate': '9.826e-05', 'epoch': '2.615'}
{'loss': '1.235', 'grad_norm': '3.359', 'learning_rate': '9.8e-05', 'epoch': '2.729'}
{'loss': '1.083', 'grad_norm': '9.786', 'learning_rate': '9.773e-05', 'epoch': '2.843'}
{'loss': '1.182', 'grad_norm': '5.265', 'learning_rate': '9.744e-05', 'epoch': '2.957'}
{'eval_loss': '0.3557', 'eval_accuracy': '0.8919', 'eval_f1': '0.8395', 'eval_balanced_accuracy': '0.7991', 'eval_macro_f1': '0.8395', 'eval_atc': '0.1198', 'eval_normalized_atc': '0.01198', 'eval_target_recall': '0.9982', 'eval_target_fnr': '0.001776', 'eval_selection_score': '0.01198', 'eval_selection_accuracy_value': '0.7991', 'eval_nll': '0.3557', 'eval_brier': '0.1928', 'eval_ece': '0.06818', 'eval_auroc': '0.8675', 'eval_auprc': '0.9114', 'eval_runtime': '6.326', 'eval_samples_per_second': '121.4', 'eval_steps_per_second': '7.587', 'epoch': '3'}
CustomImageProcessor configuration saved to checkpoints/stop3b_imbalance_decoupling_breakhis_natural_timm_dinov3_vit_lora_ce_calibrated_cost_min_seed42/checkpoint-264/preprocessor_config.json
{'loss': '1.078', 'grad_norm': '10.47', 'learning_rate': '9.714e-05', 'epoch': '3.068'}
{'loss': '1.124', 'grad_norm': '9.811', 'learning_rate': '9.681e-05', 'epoch': '3.182'}
{'loss': '1.047', 'grad_norm': '16.79', 'learning_rate': '9.648e-05', 'epoch': '3.296'}
{'loss': '0.9232', 'grad_norm': '10.47', 'learning_rate': '9.612e-05', 'epoch': '3.41'}
{'loss': '1.057', 'grad_norm': '4.165', 'learning_rate': '9.575e-05', 'epoch': '3.524'}
{'loss': '1.069', 'grad_norm': '15.5', 'learning_rate': '9.536e-05', 'epoch': '3.638'}
{'loss': '0.9585', 'grad_norm': '4.435', 'learning_rate': '9.496e-05', 'epoch': '3.752'}
{'loss': '0.8871', 'grad_norm': '8.586', 'learning_rate': '9.454e-05', 'epoch': '3.866'}
{'loss': '0.7716', 'grad_norm': '7.922', 'learning_rate': '9.411e-05', 'epoch': '3.98'}
{'eval_loss': '0.3712', 'eval_accuracy': '0.8997', 'eval_f1': '0.8549', 'eval_balanced_accuracy': '0.8184', 'eval_macro_f1': '0.8549', 'eval_atc': '0.1471', 'eval_normalized_atc': '0.01471', 'eval_target_recall': '0.9929', 'eval_target_fnr': '0.007105', 'eval_selection_score': '0.01471', 'eval_selection_accuracy_value': '0.8184', 'eval_nll': '0.3712', 'eval_brier': '0.1882', 'eval_ece': '0.07058', 'eval_auroc': '0.8542', 'eval_auprc': '0.8994', 'eval_runtime': '6.442', 'eval_samples_per_second': '119.2', 'eval_steps_per_second': '7.451', 'epoch': '4'}
CustomImageProcessor configuration saved to checkpoints/stop3b_imbalance_decoupling_breakhis_natural_timm_dinov3_vit_lora_ce_calibrated_cost_min_seed42/checkpoint-352/preprocessor_config.json
{'loss': '0.9008', 'grad_norm': '5.776', 'learning_rate': '9.366e-05', 'epoch': '4.091'}
{'loss': '0.8169', 'grad_norm': '7.603', 'learning_rate': '9.319e-05', 'epoch': '4.205'}
{'loss': '1.032', 'grad_norm': '16.73', 'learning_rate': '9.271e-05', 'epoch': '4.319'}
{'loss': '0.8859', 'grad_norm': '4.202', 'learning_rate': '9.221e-05', 'epoch': '4.433'}
{'loss': '0.7867', 'grad_norm': '13.64', 'learning_rate': '9.17e-05', 'epoch': '4.547'}
{'loss': '0.7826', 'grad_norm': '13.71', 'learning_rate': '9.118e-05', 'epoch': '4.661'}
{'loss': '0.7232', 'grad_norm': '14.6', 'learning_rate': '9.064e-05', 'epoch': '4.775'}
{'loss': '0.6845', 'grad_norm': '6.332', 'learning_rate': '9.008e-05', 'epoch': '4.889'}
{'loss': '0.8157', 'grad_norm': '11.63', 'learning_rate': '8.951e-05', 'epoch': '5'}
{'eval_loss': '0.3724', 'eval_accuracy': '0.8893', 'eval_f1': '0.8461', 'eval_balanced_accuracy': '0.8206', 'eval_macro_f1': '0.8461', 'eval_atc': '0.3216', 'eval_normalized_atc': '0.03216', 'eval_target_recall': '0.968', 'eval_target_fnr': '0.03197', 'eval_selection_score': '0.03218', 'eval_selection_accuracy_value': '0.8206', 'eval_nll': '0.3724', 'eval_brier': '0.1885', 'eval_ece': '0.05544', 'eval_auroc': '0.8494', 'eval_auprc': '0.8979', 'eval_runtime': '6.507', 'eval_samples_per_second': '118', 'eval_steps_per_second': '7.376', 'epoch': '5'}
CustomImageProcessor configuration saved to checkpoints/stop3b_imbalance_decoupling_breakhis_natural_timm_dinov3_vit_lora_ce_calibrated_cost_min_seed42/checkpoint-440/preprocessor_config.json
{'train_runtime': '223.5', 'train_samples_per_second': '502.5', 'train_steps_per_second': '7.873', 'train_loss': '1.537', 'epoch': '5'}
***** train metrics *****
  epoch                    =        5.0
  total_flos               =        0GF
  train_loss               =     1.5371
  train_runtime            = 0:03:43.53
  train_samples_per_second =    502.466
  train_steps_per_second   =      7.873
Using device: cuda

============================================================
PERFORMING COMPREHENSIVE EVALUATION
============================================================
Results will be saved to: results/timm_dinov3_vit_lora_test/stop3b_imbalance_decoupling_breakhis_natural_timm_dinov3_vit_lora_ce_calibrated_cost_min_seed42_04-28_20-03
Saving run configuration...
Run configuration saved to: results/timm_dinov3_vit_lora_test/stop3b_imbalance_decoupling_breakhis_natural_timm_dinov3_vit_lora_ce_calibrated_cost_min_seed42_04-28_20-03/run_configuration_20260428_200349.json
Running model evaluation...
Computing detailed metrics...
Saving metrics to files...
Metrics saved to: results/timm_dinov3_vit_lora_test/stop3b_imbalance_decoupling_breakhis_natural_timm_dinov3_vit_lora_ce_calibrated_cost_min_seed42_04-28_20-03/metrics_20260428_200410_ce_calibrated_cost_min.json and results/timm_dinov3_vit_lora_test/stop3b_imbalance_decoupling_breakhis_natural_timm_dinov3_vit_lora_ce_calibrated_cost_min_seed42_04-28_20-03/metrics_20260428_200410_ce_calibrated_cost_min.txt
Creating confusion matrix visualizations...
Using provided class names: ['benign', 'malignant']
Confusion matrix visualizations (3-panel) saved to: results/timm_dinov3_vit_lora_test/stop3b_imbalance_decoupling_breakhis_natural_timm_dinov3_vit_lora_ce_calibrated_cost_min_seed42_04-28_20-03/confusion_matrix_20260428_200410_ce_calibrated_cost_min.png and results/timm_dinov3_vit_lora_test/stop3b_imbalance_decoupling_breakhis_natural_timm_dinov3_vit_lora_ce_calibrated_cost_min_seed42_04-28_20-03/confusion_matrix_20260428_200410_ce_calibrated_cost_min.pdf
Detailed confusion matrix saved to: results/timm_dinov3_vit_lora_test/stop3b_imbalance_decoupling_breakhis_natural_timm_dinov3_vit_lora_ce_calibrated_cost_min_seed42_04-28_20-03/confusion_matrix_detailed_20260428_200410_ce_calibrated_cost_min.png

============================================================
TRAINING COMPLETED - RESULTS SUMMARY
============================================================
Output Directory: results/timm_dinov3_vit_lora_test/stop3b_imbalance_decoupling_breakhis_natural_timm_dinov3_vit_lora_ce_calibrated_cost_min_seed42_04-28_20-03
Overall Accuracy: 0.8915
Balanced Accuracy: 0.8992
Overall F1 Score: 0.8891
Kappa: 0.7790
AUC: 0.9642
Expected Cost: 0.8563
Loss Function Used: ce_calibrated_cost_min
Total Test Samples: 710
Classes: benign, malignant

Detailed metrics and visualizations saved to: results/timm_dinov3_vit_lora_test/stop3b_imbalance_decoupling_breakhis_natural_timm_dinov3_vit_lora_ce_calibrated_cost_min_seed42_04-28_20-03
============================================================
