Prepared manifest loaded — Train=5616, Val=768, Calibration=815, Test=710
cuda
Using model backend=timm type=timm_dinov3_vit_lora with 2 labels
Early stopping enabled with patience=3
Using device: cuda
{'loss': '2.474', 'grad_norm': '2.648', 'learning_rate': '1.023e-05', 'epoch': '0.114'}
{'loss': '2.432', 'grad_norm': '3.837', 'learning_rate': '2.159e-05', 'epoch': '0.2279'}
{'loss': '2.414', 'grad_norm': '3.127', 'learning_rate': '3.295e-05', 'epoch': '0.3419'}
{'loss': '2.472', 'grad_norm': '5.864', 'learning_rate': '4.432e-05', 'epoch': '0.4558'}
{'loss': '2.493', 'grad_norm': '3.09', 'learning_rate': '5.568e-05', 'epoch': '0.5698'}
{'loss': '2.418', 'grad_norm': '2.588', 'learning_rate': '6.705e-05', 'epoch': '0.6838'}
{'loss': '2.45', 'grad_norm': '2.594', 'learning_rate': '7.841e-05', 'epoch': '0.7977'}
{'loss': '2.436', 'grad_norm': '3.041', 'learning_rate': '8.977e-05', 'epoch': '0.9117'}
{'eval_loss': '0.5545', 'eval_accuracy': '0.8854', 'eval_f1': '0.8279', 'eval_balanced_accuracy': '0.7869', 'eval_macro_f1': '0.8279', 'eval_atc': '0.1263', 'eval_normalized_atc': '0.01263', 'eval_target_recall': '0.9982', 'eval_target_fnr': '0.001776', 'eval_selection_score': '0.0128', 'eval_selection_accuracy_value': '0.7869', 'eval_nll': '0.6433', 'eval_brier': '0.4503', 'eval_ece': '0.3538', 'eval_auroc': '0.8876', 'eval_auprc': '0.938', 'eval_runtime': '6.76', 'eval_samples_per_second': '113.6', 'eval_steps_per_second': '7.1', 'epoch': '1'}
CustomImageProcessor configuration saved to checkpoints/stop3b_imbalance_decoupling_breakhis_natural_timm_dinov3_vit_lora_menon_logit_adjusted_seed42/checkpoint-88/preprocessor_config.json
{'loss': '2.35', 'grad_norm': '2.433', 'learning_rate': '0.0001', 'epoch': '1.023'}
{'loss': '2.307', 'grad_norm': '2.532', 'learning_rate': '9.999e-05', 'epoch': '1.137'}
{'loss': '2.33', 'grad_norm': '2.53', 'learning_rate': '9.996e-05', 'epoch': '1.251'}
{'loss': '2.147', 'grad_norm': '3.658', 'learning_rate': '9.992e-05', 'epoch': '1.365'}
{'loss': '2.048', 'grad_norm': '5.806', 'learning_rate': '9.985e-05', 'epoch': '1.479'}
{'loss': '1.825', 'grad_norm': '5.05', 'learning_rate': '9.977e-05', 'epoch': '1.593'}
{'loss': '1.675', 'grad_norm': '4.699', 'learning_rate': '9.967e-05', 'epoch': '1.707'}
{'loss': '1.508', 'grad_norm': '3.881', 'learning_rate': '9.956e-05', 'epoch': '1.821'}
{'loss': '1.467', 'grad_norm': '10.22', 'learning_rate': '9.942e-05', 'epoch': '1.934'}
{'eval_loss': '0.3082', 'eval_accuracy': '0.9258', 'eval_f1': '0.896', 'eval_balanced_accuracy': '0.8641', 'eval_macro_f1': '0.896', 'eval_atc': '0.09766', 'eval_normalized_atc': '0.009766', 'eval_target_recall': '0.9964', 'eval_target_fnr': '0.003552', 'eval_selection_score': '0.009766', 'eval_selection_accuracy_value': '0.8641', 'eval_nll': '0.2928', 'eval_brier': '0.1504', 'eval_ece': '0.09974', 'eval_auroc': '0.9011', 'eval_auprc': '0.9397', 'eval_runtime': '6.512', 'eval_samples_per_second': '117.9', 'eval_steps_per_second': '7.371', 'epoch': '2'}
CustomImageProcessor configuration saved to checkpoints/stop3b_imbalance_decoupling_breakhis_natural_timm_dinov3_vit_lora_menon_logit_adjusted_seed42/checkpoint-176/preprocessor_config.json
{'loss': '1.216', 'grad_norm': '4.203', 'learning_rate': '9.927e-05', 'epoch': '2.046'}
{'loss': '1.408', 'grad_norm': '4.808', 'learning_rate': '9.91e-05', 'epoch': '2.16'}
{'loss': '1.243', 'grad_norm': '17.25', 'learning_rate': '9.892e-05', 'epoch': '2.274'}
{'loss': '1.162', 'grad_norm': '3.688', 'learning_rate': '9.871e-05', 'epoch': '2.387'}
{'loss': '1.087', 'grad_norm': '15.4', 'learning_rate': '9.849e-05', 'epoch': '2.501'}
{'loss': '1.159', 'grad_norm': '5.596', 'learning_rate': '9.826e-05', 'epoch': '2.615'}
{'loss': '1.049', 'grad_norm': '4.324', 'learning_rate': '9.8e-05', 'epoch': '2.729'}
{'loss': '0.9607', 'grad_norm': '6.017', 'learning_rate': '9.773e-05', 'epoch': '2.843'}
{'loss': '1.016', 'grad_norm': '4.202', 'learning_rate': '9.744e-05', 'epoch': '2.957'}
{'eval_loss': '0.3259', 'eval_accuracy': '0.8958', 'eval_f1': '0.8526', 'eval_balanced_accuracy': '0.8219', 'eval_macro_f1': '0.8526', 'eval_atc': '0.2331', 'eval_normalized_atc': '0.02331', 'eval_target_recall': '0.9805', 'eval_target_fnr': '0.01954', 'eval_selection_score': '0.02331', 'eval_selection_accuracy_value': '0.8219', 'eval_nll': '0.2922', 'eval_brier': '0.1625', 'eval_ece': '0.03996', 'eval_auroc': '0.8753', 'eval_auprc': '0.9222', 'eval_runtime': '6.365', 'eval_samples_per_second': '120.7', 'eval_steps_per_second': '7.541', 'epoch': '3'}
CustomImageProcessor configuration saved to checkpoints/stop3b_imbalance_decoupling_breakhis_natural_timm_dinov3_vit_lora_menon_logit_adjusted_seed42/checkpoint-264/preprocessor_config.json
{'loss': '0.9508', 'grad_norm': '5.073', 'learning_rate': '9.714e-05', 'epoch': '3.068'}
{'loss': '1.04', 'grad_norm': '13.02', 'learning_rate': '9.681e-05', 'epoch': '3.182'}
{'loss': '1.027', 'grad_norm': '15.74', 'learning_rate': '9.648e-05', 'epoch': '3.296'}
{'loss': '0.9132', 'grad_norm': '12.25', 'learning_rate': '9.612e-05', 'epoch': '3.41'}
{'loss': '1.013', 'grad_norm': '7.999', 'learning_rate': '9.575e-05', 'epoch': '3.524'}
{'loss': '0.9901', 'grad_norm': '14.65', 'learning_rate': '9.536e-05', 'epoch': '3.638'}
{'loss': '0.8496', 'grad_norm': '6.362', 'learning_rate': '9.496e-05', 'epoch': '3.752'}
{'loss': '0.8524', 'grad_norm': '17.71', 'learning_rate': '9.454e-05', 'epoch': '3.866'}
{'loss': '0.7488', 'grad_norm': '7.943', 'learning_rate': '9.411e-05', 'epoch': '3.98'}
{'eval_loss': '0.354', 'eval_accuracy': '0.8984', 'eval_f1': '0.8545', 'eval_balanced_accuracy': '0.8206', 'eval_macro_f1': '0.8545', 'eval_atc': '0.1836', 'eval_normalized_atc': '0.01836', 'eval_target_recall': '0.9876', 'eval_target_fnr': '0.01243', 'eval_selection_score': '0.01836', 'eval_selection_accuracy_value': '0.8206', 'eval_nll': '0.3045', 'eval_brier': '0.1676', 'eval_ece': '0.02493', 'eval_auroc': '0.8625', 'eval_auprc': '0.9075', 'eval_runtime': '6.482', 'eval_samples_per_second': '118.5', 'eval_steps_per_second': '7.405', 'epoch': '4'}
CustomImageProcessor configuration saved to checkpoints/stop3b_imbalance_decoupling_breakhis_natural_timm_dinov3_vit_lora_menon_logit_adjusted_seed42/checkpoint-352/preprocessor_config.json
{'loss': '0.7606', 'grad_norm': '7.146', 'learning_rate': '9.366e-05', 'epoch': '4.091'}
{'loss': '0.7176', 'grad_norm': '7.188', 'learning_rate': '9.319e-05', 'epoch': '4.205'}
{'loss': '1.006', 'grad_norm': '18.78', 'learning_rate': '9.271e-05', 'epoch': '4.319'}
{'loss': '0.8958', 'grad_norm': '17', 'learning_rate': '9.221e-05', 'epoch': '4.433'}
{'loss': '0.7645', 'grad_norm': '13.3', 'learning_rate': '9.17e-05', 'epoch': '4.547'}
{'loss': '0.7234', 'grad_norm': '8.119', 'learning_rate': '9.118e-05', 'epoch': '4.661'}
{'loss': '0.7051', 'grad_norm': '9.127', 'learning_rate': '9.064e-05', 'epoch': '4.775'}
{'loss': '0.6562', 'grad_norm': '5.092', 'learning_rate': '9.008e-05', 'epoch': '4.889'}
{'loss': '0.7303', 'grad_norm': '7.503', 'learning_rate': '8.951e-05', 'epoch': '5'}
{'eval_loss': '0.3724', 'eval_accuracy': '0.8776', 'eval_f1': '0.8314', 'eval_balanced_accuracy': '0.8095', 'eval_macro_f1': '0.8314', 'eval_atc': '0.4154', 'eval_normalized_atc': '0.04154', 'eval_target_recall': '0.9556', 'eval_target_fnr': '0.0444', 'eval_selection_score': '0.04237', 'eval_selection_accuracy_value': '0.8095', 'eval_nll': '0.3417', 'eval_brier': '0.1913', 'eval_ece': '0.04566', 'eval_auroc': '0.8464', 'eval_auprc': '0.8965', 'eval_runtime': '6.576', 'eval_samples_per_second': '116.8', 'eval_steps_per_second': '7.299', 'epoch': '5'}
CustomImageProcessor configuration saved to checkpoints/stop3b_imbalance_decoupling_breakhis_natural_timm_dinov3_vit_lora_menon_logit_adjusted_seed42/checkpoint-440/preprocessor_config.json
{'train_runtime': '224.6', 'train_samples_per_second': '500.1', 'train_steps_per_second': '7.837', 'train_loss': '1.429', 'epoch': '5'}
***** train metrics *****
  epoch                    =        5.0
  total_flos               =        0GF
  train_loss               =     1.4294
  train_runtime            = 0:03:44.58
  train_samples_per_second =    500.131
  train_steps_per_second   =      7.837
Using device: cuda

============================================================
PERFORMING COMPREHENSIVE EVALUATION
============================================================
Results will be saved to: results/timm_dinov3_vit_lora_test/stop3b_imbalance_decoupling_breakhis_natural_timm_dinov3_vit_lora_menon_logit_adjusted_seed42_04-28_20-08
Saving run configuration...
Run configuration saved to: results/timm_dinov3_vit_lora_test/stop3b_imbalance_decoupling_breakhis_natural_timm_dinov3_vit_lora_menon_logit_adjusted_seed42_04-28_20-08/run_configuration_20260428_200835.json
Running model evaluation...
Computing detailed metrics...
Saving metrics to files...
Metrics saved to: results/timm_dinov3_vit_lora_test/stop3b_imbalance_decoupling_breakhis_natural_timm_dinov3_vit_lora_menon_logit_adjusted_seed42_04-28_20-08/metrics_20260428_200856_menon_logit_adjusted.json and results/timm_dinov3_vit_lora_test/stop3b_imbalance_decoupling_breakhis_natural_timm_dinov3_vit_lora_menon_logit_adjusted_seed42_04-28_20-08/metrics_20260428_200856_menon_logit_adjusted.txt
Creating confusion matrix visualizations...
Using provided class names: ['benign', 'malignant']
Confusion matrix visualizations (3-panel) saved to: results/timm_dinov3_vit_lora_test/stop3b_imbalance_decoupling_breakhis_natural_timm_dinov3_vit_lora_menon_logit_adjusted_seed42_04-28_20-08/confusion_matrix_20260428_200856_menon_logit_adjusted.png and results/timm_dinov3_vit_lora_test/stop3b_imbalance_decoupling_breakhis_natural_timm_dinov3_vit_lora_menon_logit_adjusted_seed42_04-28_20-08/confusion_matrix_20260428_200856_menon_logit_adjusted.pdf
Detailed confusion matrix saved to: results/timm_dinov3_vit_lora_test/stop3b_imbalance_decoupling_breakhis_natural_timm_dinov3_vit_lora_menon_logit_adjusted_seed42_04-28_20-08/confusion_matrix_detailed_20260428_200856_menon_logit_adjusted.png

============================================================
TRAINING COMPLETED - RESULTS SUMMARY
============================================================
Output Directory: results/timm_dinov3_vit_lora_test/stop3b_imbalance_decoupling_breakhis_natural_timm_dinov3_vit_lora_menon_logit_adjusted_seed42_04-28_20-08
Overall Accuracy: 0.8662
Balanced Accuracy: 0.8866
Overall F1 Score: 0.8653
Kappa: 0.7345
AUC: 0.9731
Expected Cost: 1.2873
Loss Function Used: menon_logit_adjusted
Total Test Samples: 710
Classes: benign, malignant

Detailed metrics and visualizations saved to: results/timm_dinov3_vit_lora_test/stop3b_imbalance_decoupling_breakhis_natural_timm_dinov3_vit_lora_menon_logit_adjusted_seed42_04-28_20-08
============================================================
