Prepared manifest loaded — Train=5616, Val=768, Calibration=815, Test=710
cuda
Using model backend=timm type=timm_dinov3_vit_lora with 2 labels
Early stopping enabled with patience=3
Using device: cuda
{'loss': '2.474', 'grad_norm': '2.646', 'learning_rate': '1.023e-05', 'epoch': '0.114'}
{'loss': '2.432', 'grad_norm': '3.839', 'learning_rate': '2.159e-05', 'epoch': '0.2279'}
{'loss': '2.414', 'grad_norm': '3.126', 'learning_rate': '3.295e-05', 'epoch': '0.3419'}
{'loss': '2.472', 'grad_norm': '5.865', 'learning_rate': '4.432e-05', 'epoch': '0.4558'}
{'loss': '2.493', 'grad_norm': '3.089', 'learning_rate': '5.568e-05', 'epoch': '0.5698'}
{'loss': '2.418', 'grad_norm': '2.581', 'learning_rate': '6.705e-05', 'epoch': '0.6838'}
{'loss': '2.45', 'grad_norm': '2.592', 'learning_rate': '7.841e-05', 'epoch': '0.7977'}
{'loss': '2.437', 'grad_norm': '3.011', 'learning_rate': '8.977e-05', 'epoch': '0.9117'}
{'eval_loss': '0.5553', 'eval_accuracy': '0.8906', 'eval_f1': '0.8372', 'eval_balanced_accuracy': '0.7967', 'eval_macro_f1': '0.8372', 'eval_atc': '0.1211', 'eval_normalized_atc': '0.01211', 'eval_target_recall': '0.9982', 'eval_target_fnr': '0.001776', 'eval_selection_score': '0.01212', 'eval_selection_accuracy_value': '0.7967', 'eval_nll': '0.6458', 'eval_brier': '0.4528', 'eval_ece': '0.3609', 'eval_auroc': '0.8901', 'eval_auprc': '0.9408', 'eval_runtime': '6.546', 'eval_samples_per_second': '117.3', 'eval_steps_per_second': '7.332', 'epoch': '1'}
CustomImageProcessor configuration saved to checkpoints/stop3b_imbalance_decoupling_breakhis_natural_timm_dinov3_vit_lora_menon_logit_adjusted_seed43/checkpoint-88/preprocessor_config.json
{'loss': '2.351', 'grad_norm': '2.42', 'learning_rate': '0.0001', 'epoch': '1.023'}
{'loss': '2.31', 'grad_norm': '2.503', 'learning_rate': '9.999e-05', 'epoch': '1.137'}
{'loss': '2.334', 'grad_norm': '2.46', 'learning_rate': '9.996e-05', 'epoch': '1.251'}
{'loss': '2.15', 'grad_norm': '3.635', 'learning_rate': '9.992e-05', 'epoch': '1.365'}
{'loss': '2.05', 'grad_norm': '5.675', 'learning_rate': '9.985e-05', 'epoch': '1.479'}
{'loss': '1.828', 'grad_norm': '5.1', 'learning_rate': '9.977e-05', 'epoch': '1.593'}
{'loss': '1.674', 'grad_norm': '4.518', 'learning_rate': '9.967e-05', 'epoch': '1.707'}
{'loss': '1.512', 'grad_norm': '3.246', 'learning_rate': '9.956e-05', 'epoch': '1.821'}
{'loss': '1.48', 'grad_norm': '10.22', 'learning_rate': '9.942e-05', 'epoch': '1.934'}
{'eval_loss': '0.3124', 'eval_accuracy': '0.9219', 'eval_f1': '0.8899', 'eval_balanced_accuracy': '0.8568', 'eval_macro_f1': '0.8899', 'eval_atc': '0.1016', 'eval_normalized_atc': '0.01016', 'eval_target_recall': '0.9964', 'eval_target_fnr': '0.003552', 'eval_selection_score': '0.01016', 'eval_selection_accuracy_value': '0.8568', 'eval_nll': '0.2969', 'eval_brier': '0.1536', 'eval_ece': '0.0972', 'eval_auroc': '0.8958', 'eval_auprc': '0.9355', 'eval_runtime': '6.696', 'eval_samples_per_second': '114.7', 'eval_steps_per_second': '7.169', 'epoch': '2'}
CustomImageProcessor configuration saved to checkpoints/stop3b_imbalance_decoupling_breakhis_natural_timm_dinov3_vit_lora_menon_logit_adjusted_seed43/checkpoint-176/preprocessor_config.json
{'loss': '1.206', 'grad_norm': '3.794', 'learning_rate': '9.927e-05', 'epoch': '2.046'}
{'loss': '1.396', 'grad_norm': '4.592', 'learning_rate': '9.91e-05', 'epoch': '2.16'}
{'loss': '1.208', 'grad_norm': '15.83', 'learning_rate': '9.892e-05', 'epoch': '2.274'}
{'loss': '1.151', 'grad_norm': '3.433', 'learning_rate': '9.871e-05', 'epoch': '2.387'}
{'loss': '1.053', 'grad_norm': '13.03', 'learning_rate': '9.849e-05', 'epoch': '2.501'}
{'loss': '1.159', 'grad_norm': '5.945', 'learning_rate': '9.826e-05', 'epoch': '2.615'}
{'loss': '1.04', 'grad_norm': '3.458', 'learning_rate': '9.8e-05', 'epoch': '2.729'}
{'loss': '0.9749', 'grad_norm': '6.027', 'learning_rate': '9.773e-05', 'epoch': '2.843'}
{'loss': '1.026', 'grad_norm': '3.348', 'learning_rate': '9.744e-05', 'epoch': '2.957'}
{'eval_loss': '0.3397', 'eval_accuracy': '0.9036', 'eval_f1': '0.8608', 'eval_balanced_accuracy': '0.8242', 'eval_macro_f1': '0.8608', 'eval_atc': '0.1315', 'eval_normalized_atc': '0.01315', 'eval_target_recall': '0.9947', 'eval_target_fnr': '0.005329', 'eval_selection_score': '0.01315', 'eval_selection_accuracy_value': '0.8242', 'eval_nll': '0.2937', 'eval_brier': '0.1632', 'eval_ece': '0.02638', 'eval_auroc': '0.8713', 'eval_auprc': '0.9139', 'eval_runtime': '6.63', 'eval_samples_per_second': '115.8', 'eval_steps_per_second': '7.24', 'epoch': '3'}
CustomImageProcessor configuration saved to checkpoints/stop3b_imbalance_decoupling_breakhis_natural_timm_dinov3_vit_lora_menon_logit_adjusted_seed43/checkpoint-264/preprocessor_config.json
{'loss': '0.9641', 'grad_norm': '8.286', 'learning_rate': '9.714e-05', 'epoch': '3.068'}
{'loss': '1.07', 'grad_norm': '15.16', 'learning_rate': '9.681e-05', 'epoch': '3.182'}
{'loss': '1.018', 'grad_norm': '13.09', 'learning_rate': '9.648e-05', 'epoch': '3.296'}
{'loss': '0.9138', 'grad_norm': '10.16', 'learning_rate': '9.612e-05', 'epoch': '3.41'}
{'loss': '1.021', 'grad_norm': '7.555', 'learning_rate': '9.575e-05', 'epoch': '3.524'}
{'loss': '0.9795', 'grad_norm': '14.43', 'learning_rate': '9.536e-05', 'epoch': '3.638'}
{'loss': '0.8434', 'grad_norm': '7.139', 'learning_rate': '9.496e-05', 'epoch': '3.752'}
{'loss': '0.866', 'grad_norm': '10.67', 'learning_rate': '9.454e-05', 'epoch': '3.866'}
{'loss': '0.7203', 'grad_norm': '8.033', 'learning_rate': '9.411e-05', 'epoch': '3.98'}
{'eval_loss': '0.3497', 'eval_accuracy': '0.8997', 'eval_f1': '0.8573', 'eval_balanced_accuracy': '0.8246', 'eval_macro_f1': '0.8573', 'eval_atc': '0.194', 'eval_normalized_atc': '0.0194', 'eval_target_recall': '0.9858', 'eval_target_fnr': '0.01421', 'eval_selection_score': '0.0194', 'eval_selection_accuracy_value': '0.8246', 'eval_nll': '0.3056', 'eval_brier': '0.167', 'eval_ece': '0.02433', 'eval_auroc': '0.8555', 'eval_auprc': '0.899', 'eval_runtime': '6.789', 'eval_samples_per_second': '113.1', 'eval_steps_per_second': '7.07', 'epoch': '4'}
CustomImageProcessor configuration saved to checkpoints/stop3b_imbalance_decoupling_breakhis_natural_timm_dinov3_vit_lora_menon_logit_adjusted_seed43/checkpoint-352/preprocessor_config.json
{'loss': '0.7692', 'grad_norm': '9.039', 'learning_rate': '9.366e-05', 'epoch': '4.091'}
{'loss': '0.7171', 'grad_norm': '5.899', 'learning_rate': '9.319e-05', 'epoch': '4.205'}
{'loss': '0.9864', 'grad_norm': '9.255', 'learning_rate': '9.271e-05', 'epoch': '4.319'}
{'loss': '0.9051', 'grad_norm': '14.85', 'learning_rate': '9.221e-05', 'epoch': '4.433'}
{'loss': '0.7392', 'grad_norm': '7.725', 'learning_rate': '9.17e-05', 'epoch': '4.547'}
{'loss': '0.7144', 'grad_norm': '4.714', 'learning_rate': '9.118e-05', 'epoch': '4.661'}
{'loss': '0.7112', 'grad_norm': '7.637', 'learning_rate': '9.064e-05', 'epoch': '4.775'}
{'loss': '0.6872', 'grad_norm': '5.438', 'learning_rate': '9.008e-05', 'epoch': '4.889'}
{'loss': '0.7644', 'grad_norm': '6.999', 'learning_rate': '8.951e-05', 'epoch': '5'}
{'eval_loss': '0.3655', 'eval_accuracy': '0.8828', 'eval_f1': '0.8392', 'eval_balanced_accuracy': '0.8177', 'eval_macro_f1': '0.8392', 'eval_atc': '0.3984', 'eval_normalized_atc': '0.03984', 'eval_target_recall': '0.9574', 'eval_target_fnr': '0.04263', 'eval_selection_score': '0.04048', 'eval_selection_accuracy_value': '0.8177', 'eval_nll': '0.3433', 'eval_brier': '0.1916', 'eval_ece': '0.03237', 'eval_auroc': '0.8429', 'eval_auprc': '0.893', 'eval_runtime': '6.835', 'eval_samples_per_second': '112.4', 'eval_steps_per_second': '7.023', 'epoch': '5'}
CustomImageProcessor configuration saved to checkpoints/stop3b_imbalance_decoupling_breakhis_natural_timm_dinov3_vit_lora_menon_logit_adjusted_seed43/checkpoint-440/preprocessor_config.json
{'train_runtime': '224.7', 'train_samples_per_second': '499.8', 'train_steps_per_second': '7.832', 'train_loss': '1.429', 'epoch': '5'}
***** train metrics *****
  epoch                    =        5.0
  total_flos               =        0GF
  train_loss               =     1.4292
  train_runtime            = 0:03:44.72
  train_samples_per_second =    499.809
  train_steps_per_second   =      7.832
Using device: cuda

============================================================
PERFORMING COMPREHENSIVE EVALUATION
============================================================
Results will be saved to: results/timm_dinov3_vit_lora_test/stop3b_imbalance_decoupling_breakhis_natural_timm_dinov3_vit_lora_menon_logit_adjusted_seed43_04-28_20-43
Saving run configuration...
Run configuration saved to: results/timm_dinov3_vit_lora_test/stop3b_imbalance_decoupling_breakhis_natural_timm_dinov3_vit_lora_menon_logit_adjusted_seed43_04-28_20-43/run_configuration_20260428_204330.json
Running model evaluation...
Computing detailed metrics...
Saving metrics to files...
Metrics saved to: results/timm_dinov3_vit_lora_test/stop3b_imbalance_decoupling_breakhis_natural_timm_dinov3_vit_lora_menon_logit_adjusted_seed43_04-28_20-43/metrics_20260428_204351_menon_logit_adjusted.json and results/timm_dinov3_vit_lora_test/stop3b_imbalance_decoupling_breakhis_natural_timm_dinov3_vit_lora_menon_logit_adjusted_seed43_04-28_20-43/metrics_20260428_204351_menon_logit_adjusted.txt
Creating confusion matrix visualizations...
Using provided class names: ['benign', 'malignant']
Confusion matrix visualizations (3-panel) saved to: results/timm_dinov3_vit_lora_test/stop3b_imbalance_decoupling_breakhis_natural_timm_dinov3_vit_lora_menon_logit_adjusted_seed43_04-28_20-43/confusion_matrix_20260428_204351_menon_logit_adjusted.png and results/timm_dinov3_vit_lora_test/stop3b_imbalance_decoupling_breakhis_natural_timm_dinov3_vit_lora_menon_logit_adjusted_seed43_04-28_20-43/confusion_matrix_20260428_204351_menon_logit_adjusted.pdf
Detailed confusion matrix saved to: results/timm_dinov3_vit_lora_test/stop3b_imbalance_decoupling_breakhis_natural_timm_dinov3_vit_lora_menon_logit_adjusted_seed43_04-28_20-43/confusion_matrix_detailed_20260428_204351_menon_logit_adjusted.png

============================================================
TRAINING COMPLETED - RESULTS SUMMARY
============================================================
Output Directory: results/timm_dinov3_vit_lora_test/stop3b_imbalance_decoupling_breakhis_natural_timm_dinov3_vit_lora_menon_logit_adjusted_seed43_04-28_20-43
Overall Accuracy: 0.8915
Balanced Accuracy: 0.9094
Overall F1 Score: 0.8905
Kappa: 0.7833
AUC: 0.9792
Expected Cost: 1.0718
Loss Function Used: menon_logit_adjusted
Total Test Samples: 710
Classes: benign, malignant

Detailed metrics and visualizations saved to: results/timm_dinov3_vit_lora_test/stop3b_imbalance_decoupling_breakhis_natural_timm_dinov3_vit_lora_menon_logit_adjusted_seed43_04-28_20-43
============================================================
