Prepared manifest loaded — Train=5616, Val=768, Calibration=815, Test=710
cuda
Using model backend=timm type=timm_dinov3_vit_lora with 2 labels
Early stopping enabled with patience=3
Using device: cuda
{'loss': '2.789', 'grad_norm': '9.233', 'learning_rate': '1.023e-05', 'epoch': '0.114'}
{'loss': '2.818', 'grad_norm': '3.616', 'learning_rate': '2.159e-05', 'epoch': '0.2279'}
{'loss': '2.83', 'grad_norm': '9.836', 'learning_rate': '3.295e-05', 'epoch': '0.3419'}
{'loss': '2.832', 'grad_norm': '1.853', 'learning_rate': '4.432e-05', 'epoch': '0.4558'}
{'loss': '2.826', 'grad_norm': '3.631', 'learning_rate': '5.568e-05', 'epoch': '0.5698'}
{'loss': '2.786', 'grad_norm': '3.505', 'learning_rate': '6.705e-05', 'epoch': '0.6838'}
{'loss': '2.757', 'grad_norm': '6.732', 'learning_rate': '7.841e-05', 'epoch': '0.7977'}
{'loss': '2.717', 'grad_norm': '1.838', 'learning_rate': '8.977e-05', 'epoch': '0.9117'}
{'eval_loss': '0.6259', 'eval_accuracy': '0.7331', 'eval_f1': '0.423', 'eval_balanced_accuracy': '0.5', 'eval_macro_f1': '0.423', 'eval_atc': '0.2669', 'eval_normalized_atc': '0.02669', 'eval_target_recall': '1', 'eval_target_fnr': '0', 'eval_selection_score': '0.1167', 'eval_selection_accuracy_value': '0.5', 'eval_nll': '0.565', 'eval_brier': '0.3778', 'eval_ece': '0.207', 'eval_auroc': '0.8243', 'eval_auprc': '0.9012', 'eval_runtime': '6.771', 'eval_samples_per_second': '113.4', 'eval_steps_per_second': '7.089', 'epoch': '1'}
CustomImageProcessor configuration saved to checkpoints/stop3b_imbalance_decoupling_breakhis_natural_timm_dinov3_vit_lora_cs_regularized_ce_seed43/checkpoint-88/preprocessor_config.json
{'loss': '2.614', 'grad_norm': '2.668', 'learning_rate': '0.0001', 'epoch': '1.023'}
{'loss': '2.582', 'grad_norm': '2.787', 'learning_rate': '9.999e-05', 'epoch': '1.137'}
{'loss': '2.615', 'grad_norm': '1.868', 'learning_rate': '9.996e-05', 'epoch': '1.251'}
{'loss': '2.475', 'grad_norm': '3.064', 'learning_rate': '9.992e-05', 'epoch': '1.365'}
{'loss': '2.368', 'grad_norm': '5.062', 'learning_rate': '9.985e-05', 'epoch': '1.479'}
{'loss': '2.133', 'grad_norm': '4.861', 'learning_rate': '9.977e-05', 'epoch': '1.593'}
{'loss': '1.998', 'grad_norm': '4.166', 'learning_rate': '9.967e-05', 'epoch': '1.707'}
{'loss': '1.833', 'grad_norm': '3.924', 'learning_rate': '9.956e-05', 'epoch': '1.821'}
{'loss': '1.763', 'grad_norm': '11.08', 'learning_rate': '9.942e-05', 'epoch': '1.934'}
{'eval_loss': '0.376', 'eval_accuracy': '0.8893', 'eval_f1': '0.8341', 'eval_balanced_accuracy': '0.7927', 'eval_macro_f1': '0.8341', 'eval_atc': '0.1107', 'eval_normalized_atc': '0.01107', 'eval_target_recall': '1', 'eval_target_fnr': '0', 'eval_selection_score': '0.01112', 'eval_selection_accuracy_value': '0.7927', 'eval_nll': '0.3577', 'eval_brier': '0.2115', 'eval_ece': '0.08391', 'eval_auroc': '0.8812', 'eval_auprc': '0.9248', 'eval_runtime': '6.899', 'eval_samples_per_second': '111.3', 'eval_steps_per_second': '6.957', 'epoch': '2'}
CustomImageProcessor configuration saved to checkpoints/stop3b_imbalance_decoupling_breakhis_natural_timm_dinov3_vit_lora_cs_regularized_ce_seed43/checkpoint-176/preprocessor_config.json
{'loss': '1.508', 'grad_norm': '4.307', 'learning_rate': '9.927e-05', 'epoch': '2.046'}
{'loss': '1.772', 'grad_norm': '9.938', 'learning_rate': '9.91e-05', 'epoch': '2.16'}
{'loss': '1.552', 'grad_norm': '5.7', 'learning_rate': '9.892e-05', 'epoch': '2.274'}
{'loss': '1.436', 'grad_norm': '5.761', 'learning_rate': '9.871e-05', 'epoch': '2.387'}
{'loss': '1.507', 'grad_norm': '14.13', 'learning_rate': '9.849e-05', 'epoch': '2.501'}
{'loss': '1.388', 'grad_norm': '10.29', 'learning_rate': '9.826e-05', 'epoch': '2.615'}
{'loss': '1.37', 'grad_norm': '3.048', 'learning_rate': '9.8e-05', 'epoch': '2.729'}
{'loss': '1.215', 'grad_norm': '9.61', 'learning_rate': '9.773e-05', 'epoch': '2.843'}
{'loss': '1.34', 'grad_norm': '4.266', 'learning_rate': '9.744e-05', 'epoch': '2.957'}
{'eval_loss': '0.3807', 'eval_accuracy': '0.8893', 'eval_f1': '0.8349', 'eval_balanced_accuracy': '0.7942', 'eval_macro_f1': '0.8349', 'eval_atc': '0.1224', 'eval_normalized_atc': '0.01224', 'eval_target_recall': '0.9982', 'eval_target_fnr': '0.001776', 'eval_selection_score': '0.01227', 'eval_selection_accuracy_value': '0.7942', 'eval_nll': '0.3688', 'eval_brier': '0.1997', 'eval_ece': '0.06394', 'eval_auroc': '0.8553', 'eval_auprc': '0.8955', 'eval_runtime': '6.841', 'eval_samples_per_second': '112.3', 'eval_steps_per_second': '7.016', 'epoch': '3'}
CustomImageProcessor configuration saved to checkpoints/stop3b_imbalance_decoupling_breakhis_natural_timm_dinov3_vit_lora_cs_regularized_ce_seed43/checkpoint-264/preprocessor_config.json
{'loss': '1.199', 'grad_norm': '8.214', 'learning_rate': '9.714e-05', 'epoch': '3.068'}
{'loss': '1.238', 'grad_norm': '9.151', 'learning_rate': '9.681e-05', 'epoch': '3.182'}
{'loss': '1.19', 'grad_norm': '21.56', 'learning_rate': '9.648e-05', 'epoch': '3.296'}
{'loss': '1.035', 'grad_norm': '12.21', 'learning_rate': '9.612e-05', 'epoch': '3.41'}
{'loss': '1.185', 'grad_norm': '4.227', 'learning_rate': '9.575e-05', 'epoch': '3.524'}
{'loss': '1.197', 'grad_norm': '16.05', 'learning_rate': '9.536e-05', 'epoch': '3.638'}
{'loss': '1.083', 'grad_norm': '6.545', 'learning_rate': '9.496e-05', 'epoch': '3.752'}
{'loss': '0.9889', 'grad_norm': '7.161', 'learning_rate': '9.454e-05', 'epoch': '3.866'}
{'loss': '0.8574', 'grad_norm': '11.66', 'learning_rate': '9.411e-05', 'epoch': '3.98'}
{'eval_loss': '0.4013', 'eval_accuracy': '0.888', 'eval_f1': '0.8362', 'eval_balanced_accuracy': '0.7995', 'eval_macro_f1': '0.8362', 'eval_atc': '0.1823', 'eval_normalized_atc': '0.01823', 'eval_target_recall': '0.9893', 'eval_target_fnr': '0.01066', 'eval_selection_score': '0.01823', 'eval_selection_accuracy_value': '0.7995', 'eval_nll': '0.3913', 'eval_brier': '0.1983', 'eval_ece': '0.06282', 'eval_auroc': '0.8478', 'eval_auprc': '0.8899', 'eval_runtime': '6.774', 'eval_samples_per_second': '113.4', 'eval_steps_per_second': '7.086', 'epoch': '4'}
CustomImageProcessor configuration saved to checkpoints/stop3b_imbalance_decoupling_breakhis_natural_timm_dinov3_vit_lora_cs_regularized_ce_seed43/checkpoint-352/preprocessor_config.json
{'loss': '0.9835', 'grad_norm': '10.75', 'learning_rate': '9.366e-05', 'epoch': '4.091'}
{'loss': '0.928', 'grad_norm': '4.74', 'learning_rate': '9.319e-05', 'epoch': '4.205'}
{'loss': '1.129', 'grad_norm': '16.3', 'learning_rate': '9.271e-05', 'epoch': '4.319'}
{'loss': '0.9901', 'grad_norm': '6.682', 'learning_rate': '9.221e-05', 'epoch': '4.433'}
{'loss': '0.899', 'grad_norm': '9.384', 'learning_rate': '9.17e-05', 'epoch': '4.547'}
{'loss': '0.832', 'grad_norm': '10.59', 'learning_rate': '9.118e-05', 'epoch': '4.661'}
{'loss': '0.7825', 'grad_norm': '11.89', 'learning_rate': '9.064e-05', 'epoch': '4.775'}
{'loss': '0.7563', 'grad_norm': '5.767', 'learning_rate': '9.008e-05', 'epoch': '4.889'}
{'loss': '0.9357', 'grad_norm': '14.67', 'learning_rate': '8.951e-05', 'epoch': '5'}
{'eval_loss': '0.4343', 'eval_accuracy': '0.8672', 'eval_f1': '0.8197', 'eval_balanced_accuracy': '0.8024', 'eval_macro_f1': '0.8197', 'eval_atc': '0.5195', 'eval_normalized_atc': '0.05195', 'eval_target_recall': '0.9414', 'eval_target_fnr': '0.05861', 'eval_selection_score': '0.05523', 'eval_selection_accuracy_value': '0.8024', 'eval_nll': '0.4152', 'eval_brier': '0.2159', 'eval_ece': '0.06068', 'eval_auroc': '0.8296', 'eval_auprc': '0.8769', 'eval_runtime': '6.594', 'eval_samples_per_second': '116.5', 'eval_steps_per_second': '7.28', 'epoch': '5'}
CustomImageProcessor configuration saved to checkpoints/stop3b_imbalance_decoupling_breakhis_natural_timm_dinov3_vit_lora_cs_regularized_ce_seed43/checkpoint-440/preprocessor_config.json
{'train_runtime': '226.6', 'train_samples_per_second': '495.7', 'train_steps_per_second': '7.767', 'train_loss': '1.683', 'epoch': '5'}
***** train metrics *****
  epoch                    =        5.0
  total_flos               =        0GF
  train_loss               =     1.6825
  train_runtime            = 0:03:46.60
  train_samples_per_second =    495.666
  train_steps_per_second   =      7.767
Using device: cuda

============================================================
PERFORMING COMPREHENSIVE EVALUATION
============================================================
Results will be saved to: results/timm_dinov3_vit_lora_test/stop3b_imbalance_decoupling_breakhis_natural_timm_dinov3_vit_lora_cs_regularized_ce_seed43_04-28_20-48
Saving run configuration...
Run configuration saved to: results/timm_dinov3_vit_lora_test/stop3b_imbalance_decoupling_breakhis_natural_timm_dinov3_vit_lora_cs_regularized_ce_seed43_04-28_20-48/run_configuration_20260428_204817.json
Running model evaluation...
Computing detailed metrics...
Saving metrics to files...
Metrics saved to: results/timm_dinov3_vit_lora_test/stop3b_imbalance_decoupling_breakhis_natural_timm_dinov3_vit_lora_cs_regularized_ce_seed43_04-28_20-48/metrics_20260428_204839_cs_regularized_ce.json and results/timm_dinov3_vit_lora_test/stop3b_imbalance_decoupling_breakhis_natural_timm_dinov3_vit_lora_cs_regularized_ce_seed43_04-28_20-48/metrics_20260428_204839_cs_regularized_ce.txt
Creating confusion matrix visualizations...
Using provided class names: ['benign', 'malignant']
Confusion matrix visualizations (3-panel) saved to: results/timm_dinov3_vit_lora_test/stop3b_imbalance_decoupling_breakhis_natural_timm_dinov3_vit_lora_cs_regularized_ce_seed43_04-28_20-48/confusion_matrix_20260428_204839_cs_regularized_ce.png and results/timm_dinov3_vit_lora_test/stop3b_imbalance_decoupling_breakhis_natural_timm_dinov3_vit_lora_cs_regularized_ce_seed43_04-28_20-48/confusion_matrix_20260428_204839_cs_regularized_ce.pdf
Detailed confusion matrix saved to: results/timm_dinov3_vit_lora_test/stop3b_imbalance_decoupling_breakhis_natural_timm_dinov3_vit_lora_cs_regularized_ce_seed43_04-28_20-48/confusion_matrix_detailed_20260428_204839_cs_regularized_ce.png

============================================================
TRAINING COMPLETED - RESULTS SUMMARY
============================================================
Output Directory: results/timm_dinov3_vit_lora_test/stop3b_imbalance_decoupling_breakhis_natural_timm_dinov3_vit_lora_cs_regularized_ce_seed43_04-28_20-48
Overall Accuracy: 0.9056
Balanced Accuracy: 0.9042
Overall F1 Score: 0.9020
Kappa: 0.8040
AUC: 0.9620
Expected Cost: 0.5761
Loss Function Used: cs_regularized_ce
Total Test Samples: 710
Classes: benign, malignant

Detailed metrics and visualizations saved to: results/timm_dinov3_vit_lora_test/stop3b_imbalance_decoupling_breakhis_natural_timm_dinov3_vit_lora_cs_regularized_ce_seed43_04-28_20-48
============================================================
