Prepared manifest loaded — Train=5616, Val=768, Calibration=815, Test=710
cuda
Using model backend=timm type=timm_dinov3_vit_lora with 2 labels
Early stopping enabled with patience=3
Using device: cuda
{'loss': '2.789', 'grad_norm': '9.232', 'learning_rate': '1.023e-05', 'epoch': '0.114'}
{'loss': '2.818', 'grad_norm': '3.615', 'learning_rate': '2.159e-05', 'epoch': '0.2279'}
{'loss': '2.83', 'grad_norm': '9.832', 'learning_rate': '3.295e-05', 'epoch': '0.3419'}
{'loss': '2.832', 'grad_norm': '1.854', 'learning_rate': '4.432e-05', 'epoch': '0.4558'}
{'loss': '2.826', 'grad_norm': '3.629', 'learning_rate': '5.568e-05', 'epoch': '0.5698'}
{'loss': '2.786', 'grad_norm': '3.513', 'learning_rate': '6.705e-05', 'epoch': '0.6838'}
{'loss': '2.758', 'grad_norm': '6.723', 'learning_rate': '7.841e-05', 'epoch': '0.7977'}
{'loss': '2.718', 'grad_norm': '1.846', 'learning_rate': '8.977e-05', 'epoch': '0.9117'}
{'eval_loss': '0.6263', 'eval_accuracy': '0.7331', 'eval_f1': '0.423', 'eval_balanced_accuracy': '0.5', 'eval_macro_f1': '0.423', 'eval_atc': '0.2669', 'eval_normalized_atc': '0.02669', 'eval_target_recall': '1', 'eval_target_fnr': '0', 'eval_selection_score': '0.1167', 'eval_selection_accuracy_value': '0.5', 'eval_nll': '0.5651', 'eval_brier': '0.3779', 'eval_ece': '0.2095', 'eval_auroc': '0.8246', 'eval_auprc': '0.9013', 'eval_runtime': '6.806', 'eval_samples_per_second': '112.8', 'eval_steps_per_second': '7.052', 'epoch': '1'}
CustomImageProcessor configuration saved to checkpoints/stop3b_imbalance_decoupling_breakhis_natural_timm_dinov3_vit_lora_cs_regularized_ce_seed44/checkpoint-88/preprocessor_config.json
{'loss': '2.616', 'grad_norm': '2.691', 'learning_rate': '0.0001', 'epoch': '1.023'}
{'loss': '2.582', 'grad_norm': '2.824', 'learning_rate': '9.999e-05', 'epoch': '1.137'}
{'loss': '2.614', 'grad_norm': '1.884', 'learning_rate': '9.996e-05', 'epoch': '1.251'}
{'loss': '2.473', 'grad_norm': '3.112', 'learning_rate': '9.992e-05', 'epoch': '1.365'}
{'loss': '2.358', 'grad_norm': '5.086', 'learning_rate': '9.985e-05', 'epoch': '1.479'}
{'loss': '2.115', 'grad_norm': '5.203', 'learning_rate': '9.977e-05', 'epoch': '1.593'}
{'loss': '1.991', 'grad_norm': '4.357', 'learning_rate': '9.967e-05', 'epoch': '1.707'}
{'loss': '1.828', 'grad_norm': '4.327', 'learning_rate': '9.956e-05', 'epoch': '1.821'}
{'loss': '1.765', 'grad_norm': '13.23', 'learning_rate': '9.942e-05', 'epoch': '1.934'}
{'eval_loss': '0.3743', 'eval_accuracy': '0.8906', 'eval_f1': '0.8365', 'eval_balanced_accuracy': '0.7951', 'eval_macro_f1': '0.8365', 'eval_atc': '0.1094', 'eval_normalized_atc': '0.01094', 'eval_target_recall': '1', 'eval_target_fnr': '0', 'eval_selection_score': '0.01096', 'eval_selection_accuracy_value': '0.7951', 'eval_nll': '0.3562', 'eval_brier': '0.211', 'eval_ece': '0.07952', 'eval_auroc': '0.8854', 'eval_auprc': '0.9277', 'eval_runtime': '6.323', 'eval_samples_per_second': '121.5', 'eval_steps_per_second': '7.591', 'epoch': '2'}
CustomImageProcessor configuration saved to checkpoints/stop3b_imbalance_decoupling_breakhis_natural_timm_dinov3_vit_lora_cs_regularized_ce_seed44/checkpoint-176/preprocessor_config.json
{'loss': '1.511', 'grad_norm': '4.76', 'learning_rate': '9.927e-05', 'epoch': '2.046'}
{'loss': '1.762', 'grad_norm': '11.36', 'learning_rate': '9.91e-05', 'epoch': '2.16'}
{'loss': '1.554', 'grad_norm': '8.833', 'learning_rate': '9.892e-05', 'epoch': '2.274'}
{'loss': '1.441', 'grad_norm': '4.598', 'learning_rate': '9.871e-05', 'epoch': '2.387'}
{'loss': '1.491', 'grad_norm': '15.86', 'learning_rate': '9.849e-05', 'epoch': '2.501'}
{'loss': '1.383', 'grad_norm': '13.21', 'learning_rate': '9.826e-05', 'epoch': '2.615'}
{'loss': '1.362', 'grad_norm': '4.797', 'learning_rate': '9.8e-05', 'epoch': '2.729'}
{'loss': '1.211', 'grad_norm': '11.34', 'learning_rate': '9.773e-05', 'epoch': '2.843'}
{'loss': '1.369', 'grad_norm': '5.964', 'learning_rate': '9.744e-05', 'epoch': '2.957'}
{'eval_loss': '0.3767', 'eval_accuracy': '0.8919', 'eval_f1': '0.8402', 'eval_balanced_accuracy': '0.8007', 'eval_macro_f1': '0.8402', 'eval_atc': '0.1315', 'eval_normalized_atc': '0.01315', 'eval_target_recall': '0.9964', 'eval_target_fnr': '0.003552', 'eval_selection_score': '0.01315', 'eval_selection_accuracy_value': '0.8007', 'eval_nll': '0.3648', 'eval_brier': '0.1986', 'eval_ece': '0.06761', 'eval_auroc': '0.8644', 'eval_auprc': '0.9082', 'eval_runtime': '6.924', 'eval_samples_per_second': '110.9', 'eval_steps_per_second': '6.932', 'epoch': '3'}
CustomImageProcessor configuration saved to checkpoints/stop3b_imbalance_decoupling_breakhis_natural_timm_dinov3_vit_lora_cs_regularized_ce_seed44/checkpoint-264/preprocessor_config.json
{'loss': '1.203', 'grad_norm': '9.825', 'learning_rate': '9.714e-05', 'epoch': '3.068'}
{'loss': '1.257', 'grad_norm': '11.18', 'learning_rate': '9.681e-05', 'epoch': '3.182'}
{'loss': '1.173', 'grad_norm': '16.87', 'learning_rate': '9.648e-05', 'epoch': '3.296'}
{'loss': '1.062', 'grad_norm': '14.24', 'learning_rate': '9.612e-05', 'epoch': '3.41'}
{'loss': '1.216', 'grad_norm': '4.227', 'learning_rate': '9.575e-05', 'epoch': '3.524'}
{'loss': '1.168', 'grad_norm': '8.575', 'learning_rate': '9.536e-05', 'epoch': '3.638'}
{'loss': '1.112', 'grad_norm': '4.242', 'learning_rate': '9.496e-05', 'epoch': '3.752'}
{'loss': '0.9714', 'grad_norm': '9.68', 'learning_rate': '9.454e-05', 'epoch': '3.866'}
{'loss': '0.8809', 'grad_norm': '12.72', 'learning_rate': '9.411e-05', 'epoch': '3.98'}
{'eval_loss': '0.387', 'eval_accuracy': '0.8958', 'eval_f1': '0.8476', 'eval_balanced_accuracy': '0.8095', 'eval_macro_f1': '0.8476', 'eval_atc': '0.1393', 'eval_normalized_atc': '0.01393', 'eval_target_recall': '0.9947', 'eval_target_fnr': '0.005329', 'eval_selection_score': '0.01393', 'eval_selection_accuracy_value': '0.8095', 'eval_nll': '0.3779', 'eval_brier': '0.1917', 'eval_ece': '0.07037', 'eval_auroc': '0.8592', 'eval_auprc': '0.9035', 'eval_runtime': '6.754', 'eval_samples_per_second': '113.7', 'eval_steps_per_second': '7.106', 'epoch': '4'}
CustomImageProcessor configuration saved to checkpoints/stop3b_imbalance_decoupling_breakhis_natural_timm_dinov3_vit_lora_cs_regularized_ce_seed44/checkpoint-352/preprocessor_config.json
{'loss': '0.9996', 'grad_norm': '5.511', 'learning_rate': '9.366e-05', 'epoch': '4.091'}
{'loss': '0.9327', 'grad_norm': '11.15', 'learning_rate': '9.319e-05', 'epoch': '4.205'}
{'loss': '1.146', 'grad_norm': '15.74', 'learning_rate': '9.271e-05', 'epoch': '4.319'}
{'loss': '0.9622', 'grad_norm': '3.952', 'learning_rate': '9.221e-05', 'epoch': '4.433'}
{'loss': '0.9129', 'grad_norm': '21.08', 'learning_rate': '9.17e-05', 'epoch': '4.547'}
{'loss': '0.8922', 'grad_norm': '17.79', 'learning_rate': '9.118e-05', 'epoch': '4.661'}
{'loss': '0.8449', 'grad_norm': '24.03', 'learning_rate': '9.064e-05', 'epoch': '4.775'}
{'loss': '0.8098', 'grad_norm': '6.069', 'learning_rate': '9.008e-05', 'epoch': '4.889'}
{'loss': '0.9665', 'grad_norm': '15.75', 'learning_rate': '8.951e-05', 'epoch': '5'}
{'eval_loss': '0.3843', 'eval_accuracy': '0.8932', 'eval_f1': '0.8529', 'eval_balanced_accuracy': '0.8295', 'eval_macro_f1': '0.8529', 'eval_atc': '0.3294', 'eval_normalized_atc': '0.03294', 'eval_target_recall': '0.9663', 'eval_target_fnr': '0.03375', 'eval_selection_score': '0.033', 'eval_selection_accuracy_value': '0.8295', 'eval_nll': '0.3685', 'eval_brier': '0.186', 'eval_ece': '0.04722', 'eval_auroc': '0.8503', 'eval_auprc': '0.8983', 'eval_runtime': '6.694', 'eval_samples_per_second': '114.7', 'eval_steps_per_second': '7.171', 'epoch': '5'}
CustomImageProcessor configuration saved to checkpoints/stop3b_imbalance_decoupling_breakhis_natural_timm_dinov3_vit_lora_cs_regularized_ce_seed44/checkpoint-440/preprocessor_config.json
{'train_runtime': '227.2', 'train_samples_per_second': '494.4', 'train_steps_per_second': '7.747', 'train_loss': '1.688', 'epoch': '5'}
***** train metrics *****
  epoch                    =        5.0
  total_flos               =        0GF
  train_loss               =     1.6885
  train_runtime            = 0:03:47.17
  train_samples_per_second =    494.427
  train_steps_per_second   =      7.747
Using device: cuda

============================================================
PERFORMING COMPREHENSIVE EVALUATION
============================================================
Results will be saved to: results/timm_dinov3_vit_lora_test/stop3b_imbalance_decoupling_breakhis_natural_timm_dinov3_vit_lora_cs_regularized_ce_seed44_04-28_21-29
Saving run configuration...
Run configuration saved to: results/timm_dinov3_vit_lora_test/stop3b_imbalance_decoupling_breakhis_natural_timm_dinov3_vit_lora_cs_regularized_ce_seed44_04-28_21-29/run_configuration_20260428_212903.json
Running model evaluation...
Computing detailed metrics...
Saving metrics to files...
Metrics saved to: results/timm_dinov3_vit_lora_test/stop3b_imbalance_decoupling_breakhis_natural_timm_dinov3_vit_lora_cs_regularized_ce_seed44_04-28_21-29/metrics_20260428_212925_cs_regularized_ce.json and results/timm_dinov3_vit_lora_test/stop3b_imbalance_decoupling_breakhis_natural_timm_dinov3_vit_lora_cs_regularized_ce_seed44_04-28_21-29/metrics_20260428_212925_cs_regularized_ce.txt
Creating confusion matrix visualizations...
Using provided class names: ['benign', 'malignant']
Confusion matrix visualizations (3-panel) saved to: results/timm_dinov3_vit_lora_test/stop3b_imbalance_decoupling_breakhis_natural_timm_dinov3_vit_lora_cs_regularized_ce_seed44_04-28_21-29/confusion_matrix_20260428_212925_cs_regularized_ce.png and results/timm_dinov3_vit_lora_test/stop3b_imbalance_decoupling_breakhis_natural_timm_dinov3_vit_lora_cs_regularized_ce_seed44_04-28_21-29/confusion_matrix_20260428_212925_cs_regularized_ce.pdf
Detailed confusion matrix saved to: results/timm_dinov3_vit_lora_test/stop3b_imbalance_decoupling_breakhis_natural_timm_dinov3_vit_lora_cs_regularized_ce_seed44_04-28_21-29/confusion_matrix_detailed_20260428_212925_cs_regularized_ce.png

============================================================
TRAINING COMPLETED - RESULTS SUMMARY
============================================================
Output Directory: results/timm_dinov3_vit_lora_test/stop3b_imbalance_decoupling_breakhis_natural_timm_dinov3_vit_lora_cs_regularized_ce_seed44_04-28_21-29
Overall Accuracy: 0.8958
Balanced Accuracy: 0.8960
Overall F1 Score: 0.8922
Kappa: 0.7844
AUC: 0.9585
Expected Cost: 0.6746
Loss Function Used: cs_regularized_ce
Total Test Samples: 710
Classes: benign, malignant

Detailed metrics and visualizations saved to: results/timm_dinov3_vit_lora_test/stop3b_imbalance_decoupling_breakhis_natural_timm_dinov3_vit_lora_cs_regularized_ce_seed44_04-28_21-29
============================================================
