Prepared manifest loaded — Train=5616, Val=768, Calibration=815, Test=710
cuda
Using model backend=timm type=timm_dinov3_vit_lora with 2 labels
Early stopping enabled with patience=3
Using device: cuda
{'loss': '2.771', 'grad_norm': '7.822', 'learning_rate': '1.023e-05', 'epoch': '0.114'}
{'loss': '2.763', 'grad_norm': '1.886', 'learning_rate': '2.159e-05', 'epoch': '0.2279'}
{'loss': '2.741', 'grad_norm': '8.124', 'learning_rate': '3.295e-05', 'epoch': '0.3419'}
{'loss': '2.721', 'grad_norm': '3.074', 'learning_rate': '4.432e-05', 'epoch': '0.4558'}
{'loss': '2.7', 'grad_norm': '1.838', 'learning_rate': '5.568e-05', 'epoch': '0.5698'}
{'loss': '2.651', 'grad_norm': '1.722', 'learning_rate': '6.705e-05', 'epoch': '0.6838'}
{'loss': '2.627', 'grad_norm': '4.891', 'learning_rate': '7.841e-05', 'epoch': '0.7977'}
{'loss': '2.594', 'grad_norm': '2.411', 'learning_rate': '8.977e-05', 'epoch': '0.9117'}
{'eval_loss': '0.6024', 'eval_accuracy': '0.7331', 'eval_f1': '0.423', 'eval_balanced_accuracy': '0.5', 'eval_macro_f1': '0.423', 'eval_atc': '0.2669', 'eval_normalized_atc': '0.02669', 'eval_target_recall': '1', 'eval_target_fnr': '0', 'eval_selection_score': '0.1167', 'eval_selection_accuracy_value': '0.5', 'eval_nll': '0.5817', 'eval_brier': '0.3914', 'eval_ece': '0.2622', 'eval_auroc': '0.8551', 'eval_auprc': '0.9184', 'eval_runtime': '6.43', 'eval_samples_per_second': '119.4', 'eval_steps_per_second': '7.465', 'epoch': '1'}
CustomImageProcessor configuration saved to checkpoints/stop3b_imbalance_decoupling_breakhis_natural_timm_dinov3_vit_lora_nicme_logit_adjustment_seed44/checkpoint-88/preprocessor_config.json
{'loss': '2.499', 'grad_norm': '2.544', 'learning_rate': '0.0001', 'epoch': '1.023'}
{'loss': '2.473', 'grad_norm': '2.903', 'learning_rate': '9.999e-05', 'epoch': '1.137'}
{'loss': '2.463', 'grad_norm': '2.562', 'learning_rate': '9.996e-05', 'epoch': '1.251'}
{'loss': '2.306', 'grad_norm': '3.942', 'learning_rate': '9.992e-05', 'epoch': '1.365'}
{'loss': '2.177', 'grad_norm': '6.331', 'learning_rate': '9.985e-05', 'epoch': '1.479'}
{'loss': '1.98', 'grad_norm': '6.943', 'learning_rate': '9.977e-05', 'epoch': '1.593'}
{'loss': '1.861', 'grad_norm': '4.014', 'learning_rate': '9.967e-05', 'epoch': '1.707'}
{'loss': '1.76', 'grad_norm': '4.505', 'learning_rate': '9.956e-05', 'epoch': '1.821'}
{'loss': '1.711', 'grad_norm': '12.61', 'learning_rate': '9.942e-05', 'epoch': '1.934'}
{'eval_loss': '0.4026', 'eval_accuracy': '0.8789', 'eval_f1': '0.8152', 'eval_balanced_accuracy': '0.7732', 'eval_macro_f1': '0.8152', 'eval_atc': '0.1211', 'eval_normalized_atc': '0.01211', 'eval_target_recall': '1', 'eval_target_fnr': '0', 'eval_selection_score': '0.01283', 'eval_selection_accuracy_value': '0.7732', 'eval_nll': '0.3611', 'eval_brier': '0.2136', 'eval_ece': '0.06606', 'eval_auroc': '0.8823', 'eval_auprc': '0.9208', 'eval_runtime': '6.764', 'eval_samples_per_second': '113.5', 'eval_steps_per_second': '7.097', 'epoch': '2'}
CustomImageProcessor configuration saved to checkpoints/stop3b_imbalance_decoupling_breakhis_natural_timm_dinov3_vit_lora_nicme_logit_adjustment_seed44/checkpoint-176/preprocessor_config.json
{'loss': '1.521', 'grad_norm': '5.349', 'learning_rate': '9.927e-05', 'epoch': '2.046'}
{'loss': '1.814', 'grad_norm': '7.807', 'learning_rate': '9.91e-05', 'epoch': '2.16'}
{'loss': '1.595', 'grad_norm': '6.002', 'learning_rate': '9.892e-05', 'epoch': '2.274'}
{'loss': '1.474', 'grad_norm': '4.292', 'learning_rate': '9.871e-05', 'epoch': '2.387'}
{'loss': '1.555', 'grad_norm': '13.92', 'learning_rate': '9.849e-05', 'epoch': '2.501'}
{'loss': '1.487', 'grad_norm': '11.53', 'learning_rate': '9.826e-05', 'epoch': '2.615'}
{'loss': '1.478', 'grad_norm': '4.084', 'learning_rate': '9.8e-05', 'epoch': '2.729'}
{'loss': '1.337', 'grad_norm': '8.17', 'learning_rate': '9.773e-05', 'epoch': '2.843'}
{'loss': '1.445', 'grad_norm': '3.699', 'learning_rate': '9.744e-05', 'epoch': '2.957'}
{'eval_loss': '0.4375', 'eval_accuracy': '0.8763', 'eval_f1': '0.8112', 'eval_balanced_accuracy': '0.7698', 'eval_macro_f1': '0.8112', 'eval_atc': '0.1354', 'eval_normalized_atc': '0.01354', 'eval_target_recall': '0.9982', 'eval_target_fnr': '0.001776', 'eval_selection_score': '0.01445', 'eval_selection_accuracy_value': '0.7698', 'eval_nll': '0.3718', 'eval_brier': '0.2153', 'eval_ece': '0.06716', 'eval_auroc': '0.874', 'eval_auprc': '0.9154', 'eval_runtime': '6.344', 'eval_samples_per_second': '121.1', 'eval_steps_per_second': '7.566', 'epoch': '3'}
CustomImageProcessor configuration saved to checkpoints/stop3b_imbalance_decoupling_breakhis_natural_timm_dinov3_vit_lora_nicme_logit_adjustment_seed44/checkpoint-264/preprocessor_config.json
{'loss': '1.323', 'grad_norm': '11.54', 'learning_rate': '9.714e-05', 'epoch': '3.068'}
{'loss': '1.448', 'grad_norm': '10.09', 'learning_rate': '9.681e-05', 'epoch': '3.182'}
{'loss': '1.319', 'grad_norm': '12.24', 'learning_rate': '9.648e-05', 'epoch': '3.296'}
{'loss': '1.205', 'grad_norm': '10.69', 'learning_rate': '9.612e-05', 'epoch': '3.41'}
{'loss': '1.397', 'grad_norm': '9.181', 'learning_rate': '9.575e-05', 'epoch': '3.524'}
{'loss': '1.351', 'grad_norm': '14.93', 'learning_rate': '9.536e-05', 'epoch': '3.638'}
{'loss': '1.284', 'grad_norm': '5.215', 'learning_rate': '9.496e-05', 'epoch': '3.752'}
{'loss': '1.193', 'grad_norm': '9.681', 'learning_rate': '9.454e-05', 'epoch': '3.866'}
{'loss': '1.052', 'grad_norm': '6.15', 'learning_rate': '9.411e-05', 'epoch': '3.98'}
{'eval_loss': '0.4553', 'eval_accuracy': '0.8854', 'eval_f1': '0.8287', 'eval_balanced_accuracy': '0.7885', 'eval_macro_f1': '0.8287', 'eval_atc': '0.138', 'eval_normalized_atc': '0.0138', 'eval_target_recall': '0.9964', 'eval_target_fnr': '0.003552', 'eval_selection_score': '0.01394', 'eval_selection_accuracy_value': '0.7885', 'eval_nll': '0.3789', 'eval_brier': '0.2048', 'eval_ece': '0.07954', 'eval_auroc': '0.8627', 'eval_auprc': '0.9007', 'eval_runtime': '6.309', 'eval_samples_per_second': '121.7', 'eval_steps_per_second': '7.609', 'epoch': '4'}
CustomImageProcessor configuration saved to checkpoints/stop3b_imbalance_decoupling_breakhis_natural_timm_dinov3_vit_lora_nicme_logit_adjustment_seed44/checkpoint-352/preprocessor_config.json
{'loss': '1.166', 'grad_norm': '5.341', 'learning_rate': '9.366e-05', 'epoch': '4.091'}
{'loss': '1.103', 'grad_norm': '4.397', 'learning_rate': '9.319e-05', 'epoch': '4.205'}
{'loss': '1.322', 'grad_norm': '12.12', 'learning_rate': '9.271e-05', 'epoch': '4.319'}
{'loss': '1.144', 'grad_norm': '6.658', 'learning_rate': '9.221e-05', 'epoch': '4.433'}
{'loss': '1.082', 'grad_norm': '17.06', 'learning_rate': '9.17e-05', 'epoch': '4.547'}
{'loss': '1.033', 'grad_norm': '12.07', 'learning_rate': '9.118e-05', 'epoch': '4.661'}
{'loss': '0.9744', 'grad_norm': '7.237', 'learning_rate': '9.064e-05', 'epoch': '4.775'}
{'loss': '0.9596', 'grad_norm': '9.811', 'learning_rate': '9.008e-05', 'epoch': '4.889'}
{'loss': '1.104', 'grad_norm': '23.37', 'learning_rate': '8.951e-05', 'epoch': '5'}
{'eval_loss': '0.4686', 'eval_accuracy': '0.8932', 'eval_f1': '0.847', 'eval_balanced_accuracy': '0.814', 'eval_macro_f1': '0.847', 'eval_atc': '0.2122', 'eval_normalized_atc': '0.02122', 'eval_target_recall': '0.984', 'eval_target_fnr': '0.01599', 'eval_selection_score': '0.02122', 'eval_selection_accuracy_value': '0.814', 'eval_nll': '0.3804', 'eval_brier': '0.1933', 'eval_ece': '0.07712', 'eval_auroc': '0.852', 'eval_auprc': '0.8925', 'eval_runtime': '6.74', 'eval_samples_per_second': '113.9', 'eval_steps_per_second': '7.121', 'epoch': '5'}
CustomImageProcessor configuration saved to checkpoints/stop3b_imbalance_decoupling_breakhis_natural_timm_dinov3_vit_lora_nicme_logit_adjustment_seed44/checkpoint-440/preprocessor_config.json
{'train_runtime': '225', 'train_samples_per_second': '499.1', 'train_steps_per_second': '7.821', 'train_loss': '1.726', 'epoch': '5'}
***** train metrics *****
  epoch                    =        5.0
  total_flos               =        0GF
  train_loss               =     1.7265
  train_runtime            = 0:03:45.03
  train_samples_per_second =    499.121
  train_steps_per_second   =      7.821
Using device: cuda

============================================================
PERFORMING COMPREHENSIVE EVALUATION
============================================================
Results will be saved to: results/timm_dinov3_vit_lora_test/stop3b_imbalance_decoupling_breakhis_natural_timm_dinov3_vit_lora_nicme_logit_adjustment_seed44_04-28_21-33
Saving run configuration...
Run configuration saved to: results/timm_dinov3_vit_lora_test/stop3b_imbalance_decoupling_breakhis_natural_timm_dinov3_vit_lora_nicme_logit_adjustment_seed44_04-28_21-33/run_configuration_20260428_213351.json
Running model evaluation...
Computing detailed metrics...
Saving metrics to files...
Metrics saved to: results/timm_dinov3_vit_lora_test/stop3b_imbalance_decoupling_breakhis_natural_timm_dinov3_vit_lora_nicme_logit_adjustment_seed44_04-28_21-33/metrics_20260428_213413_nicme_logit_adjustment.json and results/timm_dinov3_vit_lora_test/stop3b_imbalance_decoupling_breakhis_natural_timm_dinov3_vit_lora_nicme_logit_adjustment_seed44_04-28_21-33/metrics_20260428_213413_nicme_logit_adjustment.txt
Creating confusion matrix visualizations...
Using provided class names: ['benign', 'malignant']
Confusion matrix visualizations (3-panel) saved to: results/timm_dinov3_vit_lora_test/stop3b_imbalance_decoupling_breakhis_natural_timm_dinov3_vit_lora_nicme_logit_adjustment_seed44_04-28_21-33/confusion_matrix_20260428_213413_nicme_logit_adjustment.png and results/timm_dinov3_vit_lora_test/stop3b_imbalance_decoupling_breakhis_natural_timm_dinov3_vit_lora_nicme_logit_adjustment_seed44_04-28_21-33/confusion_matrix_20260428_213413_nicme_logit_adjustment.pdf
Detailed confusion matrix saved to: results/timm_dinov3_vit_lora_test/stop3b_imbalance_decoupling_breakhis_natural_timm_dinov3_vit_lora_nicme_logit_adjustment_seed44_04-28_21-33/confusion_matrix_detailed_20260428_213413_nicme_logit_adjustment.png

============================================================
TRAINING COMPLETED - RESULTS SUMMARY
============================================================
Output Directory: results/timm_dinov3_vit_lora_test/stop3b_imbalance_decoupling_breakhis_natural_timm_dinov3_vit_lora_nicme_logit_adjustment_seed44_04-28_21-33
Overall Accuracy: 0.8958
Balanced Accuracy: 0.8924
Overall F1 Score: 0.8914
Kappa: 0.7829
AUC: 0.9627
Expected Cost: 0.5986
Loss Function Used: nicme_logit_adjustment
Total Test Samples: 710
Classes: benign, malignant

Detailed metrics and visualizations saved to: results/timm_dinov3_vit_lora_test/stop3b_imbalance_decoupling_breakhis_natural_timm_dinov3_vit_lora_nicme_logit_adjustment_seed44_04-28_21-33
============================================================
