Prepared manifest loaded — Train=2485, Val=335, Calibration=350, Test=370
cuda
Using model backend=dinov3_feature type=facebook_dinov3_vit_lora with 5 labels
Early stopping enabled with patience=3
Using device: cuda
{'eval_loss': '3.636', 'eval_accuracy': '0.1625', 'eval_f1': '0.08662', 'eval_balanced_accuracy': '0.1563', 'eval_macro_f1': '0.08662', 'eval_atc': '7.412', 'eval_normalized_atc': '0.4633', 'eval_target_recall': '0.5758', 'eval_target_recall_macro': '0.5758', 'eval_target_fnr': '0.4242', 'eval_selection_score': '1.039', 'eval_selection_accuracy_value': '0.1563', 'eval_nll': '1.653', 'eval_brier': '0.8192', 'eval_ece': '0.1143', 'eval_auroc': '0', 'eval_auprc': '0', 'eval_runtime': '7.941', 'eval_samples_per_second': '20.15', 'eval_steps_per_second': '1.259', 'epoch': '1'}
CustomImageProcessor configuration saved to checkpoints/mc1_eyepacs_dr_balanced_fb_d3vit_lora_nicme_hybrid_s42_multiclass_mc_fb1_official_smoke_20260501_mc1_a1_7e711e4d/checkpoint-5/preprocessor_config.json
{'train_runtime': '18.26', 'train_samples_per_second': '17.52', 'train_steps_per_second': '0.274', 'train_loss': '14.23', 'epoch': '1'}
***** train metrics *****
  epoch                    =        1.0
  total_flos               =        0GF
  train_loss               =    14.2343
  train_runtime            = 0:00:18.26
  train_samples_per_second =     17.522
  train_steps_per_second   =      0.274
Using device: cuda

============================================================
PERFORMING COMPREHENSIVE EVALUATION
============================================================
Results will be saved to: results/facebook_dinov3_vit_lora_test/mc1_eyepacs_dr_balanced_fb_d3vit_lora_nicme_hybrid_s42_multiclass_mc_fb1_official_smoke_20260501_mc1_a1_7e711e4d_04-30_23-31
Saving run configuration...
Run configuration saved to: results/facebook_dinov3_vit_lora_test/mc1_eyepacs_dr_balanced_fb_d3vit_lora_nicme_hybrid_s42_multiclass_mc_fb1_official_smoke_20260501_mc1_a1_7e711e4d_04-30_23-31/run_configuration_20260430_233122.json
Running model evaluation...
Computing detailed metrics...
Saving metrics to files...
Metrics saved to: results/facebook_dinov3_vit_lora_test/mc1_eyepacs_dr_balanced_fb_d3vit_lora_nicme_hybrid_s42_multiclass_mc_fb1_official_smoke_20260501_mc1_a1_7e711e4d_04-30_23-31/metrics_20260430_233145_nicme_hybrid.json and results/facebook_dinov3_vit_lora_test/mc1_eyepacs_dr_balanced_fb_d3vit_lora_nicme_hybrid_s42_multiclass_mc_fb1_official_smoke_20260501_mc1_a1_7e711e4d_04-30_23-31/metrics_20260430_233145_nicme_hybrid.txt
Using provided class names: ['DR0', 'DR1', 'DR2', 'DR3', 'DR4']
Skipping confusion matrix visualizations by configuration.

============================================================
TRAINING COMPLETED - RESULTS SUMMARY
============================================================
Output Directory: results/facebook_dinov3_vit_lora_test/mc1_eyepacs_dr_balanced_fb_d3vit_lora_nicme_hybrid_s42_multiclass_mc_fb1_official_smoke_20260501_mc1_a1_7e711e4d_04-30_23-31
Overall Accuracy: 0.1437
Balanced Accuracy: 0.1476
Overall F1 Score: 0.0770
Kappa: -0.0649
AUC: 0.4725
Expected Cost: 7.6937
Loss Function Used: nicme_hybrid
Total Test Samples: 160
Classes: DR0, DR1, DR2, DR3, DR4

Detailed metrics saved to: results/facebook_dinov3_vit_lora_test/mc1_eyepacs_dr_balanced_fb_d3vit_lora_nicme_hybrid_s42_multiclass_mc_fb1_official_smoke_20260501_mc1_a1_7e711e4d_04-30_23-31
============================================================
