Prepared manifest loaded — Train=2485, Val=335, Calibration=350, Test=370
cuda
Using model backend=dinov3_feature type=facebook_dinov3_convnext_lora with 5 labels
Early stopping enabled with patience=3
Using device: cuda
{'eval_loss': '1.822', 'eval_accuracy': '0.2125', 'eval_f1': '0.1365', 'eval_balanced_accuracy': '0.2167', 'eval_macro_f1': '0.1365', 'eval_atc': '3.231', 'eval_normalized_atc': '0.202', 'eval_target_recall': '0.06061', 'eval_target_recall_macro': '0.06061', 'eval_target_fnr': '0.9394', 'eval_selection_score': '3.131', 'eval_selection_accuracy_value': '0.2167', 'eval_nll': '1.822', 'eval_brier': '0.8859', 'eval_ece': '0.2017', 'eval_auroc': '0', 'eval_auprc': '0', 'eval_runtime': '7.528', 'eval_samples_per_second': '21.25', 'eval_steps_per_second': '1.328', 'epoch': '1'}
CustomImageProcessor configuration saved to checkpoints/mc1_eyepacs_dr_balanced_fb_d3cnx_lora_ce_s42_multiclass_mc_fb1_official_smoke_20260501_mc1_a1_537cb0f5/checkpoint-5/preprocessor_config.json
{'train_runtime': '19.42', 'train_samples_per_second': '16.48', 'train_steps_per_second': '0.257', 'train_loss': '8.079', 'epoch': '1'}
***** train metrics *****
  epoch                    =        1.0
  total_flos               =        0GF
  train_loss               =     8.0794
  train_runtime            = 0:00:19.41
  train_samples_per_second =     16.479
  train_steps_per_second   =      0.257
Using device: cuda

============================================================
PERFORMING COMPREHENSIVE EVALUATION
============================================================
Results will be saved to: results/facebook_dinov3_convnext_lora_test/mc1_eyepacs_dr_balanced_fb_d3cnx_lora_ce_s42_multiclass_mc_fb1_official_smoke_20260501_mc1_a1_537cb0f5_04-30_23-32
Saving run configuration...
Run configuration saved to: results/facebook_dinov3_convnext_lora_test/mc1_eyepacs_dr_balanced_fb_d3cnx_lora_ce_s42_multiclass_mc_fb1_official_smoke_20260501_mc1_a1_537cb0f5_04-30_23-32/run_configuration_20260430_233222.json
Running model evaluation...
Computing detailed metrics...
Saving metrics to files...
Metrics saved to: results/facebook_dinov3_convnext_lora_test/mc1_eyepacs_dr_balanced_fb_d3cnx_lora_ce_s42_multiclass_mc_fb1_official_smoke_20260501_mc1_a1_537cb0f5_04-30_23-32/metrics_20260430_233244_ce.json and results/facebook_dinov3_convnext_lora_test/mc1_eyepacs_dr_balanced_fb_d3cnx_lora_ce_s42_multiclass_mc_fb1_official_smoke_20260501_mc1_a1_537cb0f5_04-30_23-32/metrics_20260430_233244_ce.txt
Using provided class names: ['DR0', 'DR1', 'DR2', 'DR3', 'DR4']
Skipping confusion matrix visualizations by configuration.

============================================================
TRAINING COMPLETED - RESULTS SUMMARY
============================================================
Output Directory: results/facebook_dinov3_convnext_lora_test/mc1_eyepacs_dr_balanced_fb_d3cnx_lora_ce_s42_multiclass_mc_fb1_official_smoke_20260501_mc1_a1_537cb0f5_04-30_23-32
Overall Accuracy: 0.1812
Balanced Accuracy: 0.1906
Overall F1 Score: 0.1106
Kappa: -0.0131
AUC: 0.5267
Expected Cost: 3.1063
Loss Function Used: ce
Total Test Samples: 160
Classes: DR0, DR1, DR2, DR3, DR4

Detailed metrics saved to: results/facebook_dinov3_convnext_lora_test/mc1_eyepacs_dr_balanced_fb_d3cnx_lora_ce_s42_multiclass_mc_fb1_official_smoke_20260501_mc1_a1_537cb0f5_04-30_23-32
============================================================
