Prepared manifest loaded — Train=1940, Val=320, Calibration=300, Test=640
cuda
Using model backend=dinov3_feature type=facebook_dinov3_vit_lora with 20 labels
Early stopping enabled with patience=3
Using device: cuda
{'eval_loss': '3.1', 'eval_accuracy': '0.075', 'eval_f1': '0.01585', 'eval_balanced_accuracy': '0.06818', 'eval_macro_f1': '0.01585', 'eval_atc': '0.925', 'eval_normalized_atc': '0.0925', 'eval_target_recall': '0', 'eval_target_recall_macro': '0', 'eval_target_fnr': '1', 'eval_selection_score': '3.868', 'eval_selection_accuracy_value': '0.06818', 'eval_nll': '3.028', 'eval_brier': '0.9524', 'eval_ece': '0.007867', 'eval_auroc': '0', 'eval_auprc': '0', 'eval_runtime': '2.358', 'eval_samples_per_second': '67.86', 'eval_steps_per_second': '4.241', 'epoch': '1'}
CustomImageProcessor configuration saved to checkpoints/mc1_pmi_pills_balanced_fb_d3vit_lora_nicme_hybrid_s42_multiclass_mc_fb1_official_smoke_20260501_mc1_a1_e07be8c6/checkpoint-5/preprocessor_config.json
{'train_runtime': '4.449', 'train_samples_per_second': '71.93', 'train_steps_per_second': '1.124', 'train_loss': '12.55', 'epoch': '1'}
***** train metrics *****
  epoch                    =        1.0
  total_flos               =        0GF
  train_loss               =    12.5466
  train_runtime            = 0:00:04.44
  train_samples_per_second =     71.931
  train_steps_per_second   =      1.124
Using device: cuda

============================================================
PERFORMING COMPREHENSIVE EVALUATION
============================================================
Results will be saved to: results/facebook_dinov3_vit_lora_test/mc1_pmi_pills_balanced_fb_d3vit_lora_nicme_hybrid_s42_multiclass_mc_fb1_official_smoke_20260501_mc1_a1_e07be8c6_04-30_23-35
Saving run configuration...
Run configuration saved to: results/facebook_dinov3_vit_lora_test/mc1_pmi_pills_balanced_fb_d3vit_lora_nicme_hybrid_s42_multiclass_mc_fb1_official_smoke_20260501_mc1_a1_e07be8c6_04-30_23-35/run_configuration_20260430_233537.json
Running model evaluation...
Computing detailed metrics...
Saving metrics to files...
Metrics saved to: results/facebook_dinov3_vit_lora_test/mc1_pmi_pills_balanced_fb_d3vit_lora_nicme_hybrid_s42_multiclass_mc_fb1_official_smoke_20260501_mc1_a1_e07be8c6_04-30_23-35/metrics_20260430_233545_nicme_hybrid.json and results/facebook_dinov3_vit_lora_test/mc1_pmi_pills_balanced_fb_d3vit_lora_nicme_hybrid_s42_multiclass_mc_fb1_official_smoke_20260501_mc1_a1_e07be8c6_04-30_23-35/metrics_20260430_233545_nicme_hybrid.txt
Using provided class names: ['00378-0208', '00378-3855', '00591-0461', '16729-0020', '16729-0168', '50111-0434', '53489-0156', '53746-0544', '57664-0377', '62037-0831', '62037-0832', '64380-0803', '65162-0253', '67253-0901', '68382-0008', '68382-0227', '69097-0127', '69097-0128', '69315-0904', '69315-0905']
Skipping confusion matrix visualizations by configuration.

============================================================
TRAINING COMPLETED - RESULTS SUMMARY
============================================================
Output Directory: results/facebook_dinov3_vit_lora_test/mc1_pmi_pills_balanced_fb_d3vit_lora_nicme_hybrid_s42_multiclass_mc_fb1_official_smoke_20260501_mc1_a1_e07be8c6_04-30_23-35
Overall Accuracy: 0.0125
Balanced Accuracy: 0.0500
Overall F1 Score: 0.0036
Kappa: -0.0348
AUC: 0.4012
Expected Cost: 0.9875
Loss Function Used: nicme_hybrid
Total Test Samples: 160
Classes: 00378-0208, 00378-3855, 00591-0461, 16729-0020, 16729-0168, 50111-0434, 53489-0156, 53746-0544, 57664-0377, 62037-0831, 62037-0832, 64380-0803, 65162-0253, 67253-0901, 68382-0008, 68382-0227, 69097-0127, 69097-0128, 69315-0904, 69315-0905

Detailed metrics saved to: results/facebook_dinov3_vit_lora_test/mc1_pmi_pills_balanced_fb_d3vit_lora_nicme_hybrid_s42_multiclass_mc_fb1_official_smoke_20260501_mc1_a1_e07be8c6_04-30_23-35
============================================================
