Prepared manifest loaded — Train=3578, Val=1181, Calibration=0, Test=1186
cuda
Using model backend=timm type=pmi10_convnext_base_fb_in22k_ft_in1k with 10 labels
Early stopping enabled with patience=4
Using device: cuda
{'loss': '9.613', 'grad_norm': '33.54', 'learning_rate': '2.146e-06', 'epoch': '0.1786'}
{'loss': '9.16', 'grad_norm': '24.83', 'learning_rate': '4.53e-06', 'epoch': '0.3571'}
{'loss': '8.568', 'grad_norm': '14.95', 'learning_rate': '6.914e-06', 'epoch': '0.5357'}
{'loss': '7.976', 'grad_norm': '26.7', 'learning_rate': '9.298e-06', 'epoch': '0.7143'}
{'loss': '7.115', 'grad_norm': '26.26', 'learning_rate': '1.168e-05', 'epoch': '0.8929'}
{'eval_loss': '1.478', 'eval_accuracy': '0.6833', 'eval_f1': '0.4837', 'eval_balanced_accuracy': '0.5416', 'eval_macro_f1': '0.4837', 'eval_atc': '0.4649', 'eval_normalized_atc': '0.04649', 'eval_target_recall': '0', 'eval_target_recall_macro': '0.4811', 'eval_target_fnr': '0.1156', 'eval_selection_score': '3.33', 'eval_selection_accuracy_value': '0.5416', 'eval_nll': '1.399', 'eval_brier': '0.6329', 'eval_ece': '0.3583', 'eval_auroc': '0', 'eval_auprc': '0', 'eval_runtime': '11.7', 'eval_samples_per_second': '100.9', 'eval_steps_per_second': '6.323', 'epoch': '1'}
CustomImageProcessor configuration saved to checkpoints/hpo-nicme_convnext_base_fb_in22k_ft_in1k_nicme_hybrid_s42_trial0003/checkpoint-56/preprocessor_config.json
{'loss': '6.015', 'grad_norm': '28.58', 'learning_rate': '1.407e-05', 'epoch': '1.071'}
{'loss': '4.48', 'grad_norm': '36.44', 'learning_rate': '1.645e-05', 'epoch': '1.25'}
{'loss': '4.065', 'grad_norm': '47.49', 'learning_rate': '1.883e-05', 'epoch': '1.429'}
{'loss': '3.258', 'grad_norm': '61.38', 'learning_rate': '1.979e-05', 'epoch': '1.607'}
{'loss': '2.618', 'grad_norm': '34.88', 'learning_rate': '1.978e-05', 'epoch': '1.786'}
{'loss': '2.474', 'grad_norm': '54.14', 'learning_rate': '1.977e-05', 'epoch': '1.964'}
{'eval_loss': '0.4374', 'eval_accuracy': '0.9077', 'eval_f1': '0.8799', 'eval_balanced_accuracy': '0.8849', 'eval_macro_f1': '0.8799', 'eval_atc': '0.2235', 'eval_normalized_atc': '0.02235', 'eval_target_recall': '0.765', 'eval_target_recall_macro': '0.8586', 'eval_target_fnr': '0.03518', 'eval_selection_score': '0.09525', 'eval_selection_accuracy_value': '0.8849', 'eval_nll': '0.4112', 'eval_brier': '0.1996', 'eval_ece': '0.1836', 'eval_auroc': '0', 'eval_auprc': '0', 'eval_runtime': '10.7', 'eval_samples_per_second': '110.4', 'eval_steps_per_second': '6.916', 'epoch': '2'}
CustomImageProcessor configuration saved to checkpoints/hpo-nicme_convnext_base_fb_in22k_ft_in1k_nicme_hybrid_s42_trial0003/checkpoint-112/preprocessor_config.json
{'loss': '2.044', 'grad_norm': '49.56', 'learning_rate': '1.975e-05', 'epoch': '2.143'}
{'loss': '1.797', 'grad_norm': '42.6', 'learning_rate': '1.972e-05', 'epoch': '2.321'}
{'loss': '1.417', 'grad_norm': '37.91', 'learning_rate': '1.969e-05', 'epoch': '2.5'}
{'loss': '1.44', 'grad_norm': '28.06', 'learning_rate': '1.965e-05', 'epoch': '2.679'}
{'loss': '1.108', 'grad_norm': '55.4', 'learning_rate': '1.961e-05', 'epoch': '2.857'}
{'eval_loss': '0.2063', 'eval_accuracy': '0.9543', 'eval_f1': '0.9387', 'eval_balanced_accuracy': '0.9329', 'eval_macro_f1': '0.9387', 'eval_atc': '0.149', 'eval_normalized_atc': '0.0149', 'eval_target_recall': '0.871', 'eval_target_recall_macro': '0.9285', 'eval_target_fnr': '0.005025', 'eval_selection_score': '0.01827', 'eval_selection_accuracy_value': '0.9329', 'eval_nll': '0.1866', 'eval_brier': '0.08403', 'eval_ece': '0.08667', 'eval_auroc': '0', 'eval_auprc': '0', 'eval_runtime': '10.28', 'eval_samples_per_second': '114.9', 'eval_steps_per_second': '7.201', 'epoch': '3'}
CustomImageProcessor configuration saved to checkpoints/hpo-nicme_convnext_base_fb_in22k_ft_in1k_nicme_hybrid_s42_trial0003/checkpoint-168/preprocessor_config.json
{'loss': '1.052', 'grad_norm': '58.56', 'learning_rate': '1.956e-05', 'epoch': '3.036'}
{'loss': '0.9567', 'grad_norm': '25.15', 'learning_rate': '1.951e-05', 'epoch': '3.214'}
{'loss': '0.8496', 'grad_norm': '22.35', 'learning_rate': '1.944e-05', 'epoch': '3.393'}
{'loss': '0.7982', 'grad_norm': '17.54', 'learning_rate': '1.938e-05', 'epoch': '3.571'}
{'loss': '0.7165', 'grad_norm': '55.46', 'learning_rate': '1.93e-05', 'epoch': '3.75'}
{'loss': '0.8952', 'grad_norm': '102.4', 'learning_rate': '1.922e-05', 'epoch': '3.929'}
{'eval_loss': '0.209', 'eval_accuracy': '0.9577', 'eval_f1': '0.9261', 'eval_balanced_accuracy': '0.915', 'eval_macro_f1': '0.9261', 'eval_atc': '0.2235', 'eval_normalized_atc': '0.02235', 'eval_target_recall': '0.4839', 'eval_target_recall_macro': '0.8395', 'eval_target_fnr': '0.01005', 'eval_selection_score': '0.715', 'eval_selection_accuracy_value': '0.915', 'eval_nll': '0.136', 'eval_brier': '0.06853', 'eval_ece': '0.04401', 'eval_auroc': '0', 'eval_auprc': '0', 'eval_runtime': '11.03', 'eval_samples_per_second': '107.1', 'eval_steps_per_second': '6.711', 'epoch': '4'}
CustomImageProcessor configuration saved to checkpoints/hpo-nicme_convnext_base_fb_in22k_ft_in1k_nicme_hybrid_s42_trial0003/checkpoint-224/preprocessor_config.json
{'loss': '0.9331', 'grad_norm': '23.5', 'learning_rate': '1.914e-05', 'epoch': '4.107'}
{'loss': '0.735', 'grad_norm': '55.67', 'learning_rate': '1.905e-05', 'epoch': '4.286'}
{'loss': '0.5463', 'grad_norm': '67.6', 'learning_rate': '1.895e-05', 'epoch': '4.464'}
{'loss': '0.6677', 'grad_norm': '22.45', 'learning_rate': '1.885e-05', 'epoch': '4.643'}
{'loss': '0.8538', 'grad_norm': '37.11', 'learning_rate': '1.874e-05', 'epoch': '4.821'}
{'loss': '0.7741', 'grad_norm': '215.4', 'learning_rate': '1.863e-05', 'epoch': '5'}
{'eval_loss': '0.1088', 'eval_accuracy': '0.9831', 'eval_f1': '0.9764', 'eval_balanced_accuracy': '0.9758', 'eval_macro_f1': '0.9764', 'eval_atc': '0.06181', 'eval_normalized_atc': '0.006181', 'eval_target_recall': '0.8462', 'eval_target_recall_macro': '0.9515', 'eval_target_fnr': '0.01005', 'eval_selection_score': '0.01778', 'eval_selection_accuracy_value': '0.9758', 'eval_nll': '0.08087', 'eval_brier': '0.03358', 'eval_ece': '0.03828', 'eval_auroc': '0', 'eval_auprc': '0', 'eval_runtime': '10.97', 'eval_samples_per_second': '107.7', 'eval_steps_per_second': '6.746', 'epoch': '5'}
CustomImageProcessor configuration saved to checkpoints/hpo-nicme_convnext_base_fb_in22k_ft_in1k_nicme_hybrid_s42_trial0003/checkpoint-280/preprocessor_config.json
{'loss': '0.4041', 'grad_norm': '69.48', 'learning_rate': '1.851e-05', 'epoch': '5.179'}
{'loss': '0.387', 'grad_norm': '56.74', 'learning_rate': '1.839e-05', 'epoch': '5.357'}
{'loss': '0.5265', 'grad_norm': '22.67', 'learning_rate': '1.826e-05', 'epoch': '5.536'}
{'loss': '0.5264', 'grad_norm': '66.35', 'learning_rate': '1.813e-05', 'epoch': '5.714'}
{'loss': '0.3196', 'grad_norm': '16.72', 'learning_rate': '1.799e-05', 'epoch': '5.893'}
{'eval_loss': '0.09418', 'eval_accuracy': '0.978', 'eval_f1': '0.9658', 'eval_balanced_accuracy': '0.9582', 'eval_macro_f1': '0.9658', 'eval_atc': '0.09992', 'eval_normalized_atc': '0.009992', 'eval_target_recall': '0.7692', 'eval_target_recall_macro': '0.9187', 'eval_target_fnr': '0.01005', 'eval_selection_score': '0.07839', 'eval_selection_accuracy_value': '0.9582', 'eval_nll': '0.06612', 'eval_brier': '0.03182', 'eval_ece': '0.01959', 'eval_auroc': '0', 'eval_auprc': '0', 'eval_runtime': '10.5', 'eval_samples_per_second': '112.5', 'eval_steps_per_second': '7.048', 'epoch': '6'}
CustomImageProcessor configuration saved to checkpoints/hpo-nicme_convnext_base_fb_in22k_ft_in1k_nicme_hybrid_s42_trial0003/checkpoint-336/preprocessor_config.json
{'loss': '0.3409', 'grad_norm': '40.08', 'learning_rate': '1.784e-05', 'epoch': '6.071'}
{'loss': '0.3827', 'grad_norm': '72.6', 'learning_rate': '1.769e-05', 'epoch': '6.25'}
{'loss': '0.3558', 'grad_norm': '18.33', 'learning_rate': '1.754e-05', 'epoch': '6.429'}
{'loss': '0.3407', 'grad_norm': '95.03', 'learning_rate': '1.738e-05', 'epoch': '6.607'}
{'loss': '0.5083', 'grad_norm': '230.4', 'learning_rate': '1.722e-05', 'epoch': '6.786'}
{'loss': '0.3865', 'grad_norm': '11.05', 'learning_rate': '1.705e-05', 'epoch': '6.964'}
{'eval_loss': '0.07104', 'eval_accuracy': '0.9831', 'eval_f1': '0.9795', 'eval_balanced_accuracy': '0.9854', 'eval_macro_f1': '0.9795', 'eval_atc': '0.05504', 'eval_normalized_atc': '0.005504', 'eval_target_recall': '0.945', 'eval_target_recall_macro': '0.9837', 'eval_target_fnr': '0.01005', 'eval_selection_score': '0.005504', 'eval_selection_accuracy_value': '0.9854', 'eval_nll': '0.05218', 'eval_brier': '0.02502', 'eval_ece': '0.01053', 'eval_auroc': '0', 'eval_auprc': '0', 'eval_runtime': '11.09', 'eval_samples_per_second': '106.5', 'eval_steps_per_second': '6.67', 'epoch': '7'}
CustomImageProcessor configuration saved to checkpoints/hpo-nicme_convnext_base_fb_in22k_ft_in1k_nicme_hybrid_s42_trial0003/checkpoint-392/preprocessor_config.json
{'loss': '0.3714', 'grad_norm': '86.53', 'learning_rate': '1.688e-05', 'epoch': '7.143'}
{'loss': '0.4063', 'grad_norm': '78.74', 'learning_rate': '1.67e-05', 'epoch': '7.321'}
{'loss': '0.3729', 'grad_norm': '20.9', 'learning_rate': '1.652e-05', 'epoch': '7.5'}
{'loss': '0.2314', 'grad_norm': '19.37', 'learning_rate': '1.633e-05', 'epoch': '7.679'}
{'loss': '0.4093', 'grad_norm': '30.35', 'learning_rate': '1.614e-05', 'epoch': '7.857'}
{'eval_loss': '0.08541', 'eval_accuracy': '0.9848', 'eval_f1': '0.9786', 'eval_balanced_accuracy': '0.9864', 'eval_macro_f1': '0.9786', 'eval_atc': '0.06859', 'eval_normalized_atc': '0.006859', 'eval_target_recall': '0.94', 'eval_target_recall_macro': '0.9825', 'eval_target_fnr': '0.01005', 'eval_selection_score': '0.006859', 'eval_selection_accuracy_value': '0.9864', 'eval_nll': '0.0523', 'eval_brier': '0.02521', 'eval_ece': '0.01115', 'eval_auroc': '0', 'eval_auprc': '0', 'eval_runtime': '10.95', 'eval_samples_per_second': '107.9', 'eval_steps_per_second': '6.761', 'epoch': '8'}
CustomImageProcessor configuration saved to checkpoints/hpo-nicme_convnext_base_fb_in22k_ft_in1k_nicme_hybrid_s42_trial0003/checkpoint-448/preprocessor_config.json
{'loss': '0.2266', 'grad_norm': '19.13', 'learning_rate': '1.595e-05', 'epoch': '8.036'}
{'loss': '0.2726', 'grad_norm': '79.01', 'learning_rate': '1.575e-05', 'epoch': '8.214'}
{'loss': '0.4616', 'grad_norm': '30.16', 'learning_rate': '1.555e-05', 'epoch': '8.393'}
{'loss': '0.2267', 'grad_norm': '5.856', 'learning_rate': '1.535e-05', 'epoch': '8.571'}
{'loss': '0.2222', 'grad_norm': '11.42', 'learning_rate': '1.514e-05', 'epoch': '8.75'}
{'loss': '0.3355', 'grad_norm': '90.36', 'learning_rate': '1.493e-05', 'epoch': '8.929'}
{'eval_loss': '0.1177', 'eval_accuracy': '0.9729', 'eval_f1': '0.9668', 'eval_balanced_accuracy': '0.9747', 'eval_macro_f1': '0.9668', 'eval_atc': '0.1185', 'eval_normalized_atc': '0.01185', 'eval_target_recall': '0.89', 'eval_target_recall_macro': '0.9539', 'eval_target_fnr': '0.01005', 'eval_selection_score': '0.01225', 'eval_selection_accuracy_value': '0.9747', 'eval_nll': '0.06724', 'eval_brier': '0.03655', 'eval_ece': '0.01092', 'eval_auroc': '0', 'eval_auprc': '0', 'eval_runtime': '11.07', 'eval_samples_per_second': '106.7', 'eval_steps_per_second': '6.686', 'epoch': '9'}
CustomImageProcessor configuration saved to checkpoints/hpo-nicme_convnext_base_fb_in22k_ft_in1k_nicme_hybrid_s42_trial0003/checkpoint-504/preprocessor_config.json
{'loss': '0.1981', 'grad_norm': '81.92', 'learning_rate': '1.472e-05', 'epoch': '9.107'}
{'loss': '0.2708', 'grad_norm': '10.94', 'learning_rate': '1.45e-05', 'epoch': '9.286'}
{'loss': '0.2742', 'grad_norm': '214.5', 'learning_rate': '1.428e-05', 'epoch': '9.464'}
{'loss': '0.3705', 'grad_norm': '157.7', 'learning_rate': '1.406e-05', 'epoch': '9.643'}
{'loss': '0.1998', 'grad_norm': '31.61', 'learning_rate': '1.384e-05', 'epoch': '9.821'}
{'loss': '0.3499', 'grad_norm': '45.43', 'learning_rate': '1.361e-05', 'epoch': '10'}
{'eval_loss': '0.1094', 'eval_accuracy': '0.9839', 'eval_f1': '0.9742', 'eval_balanced_accuracy': '0.9686', 'eval_macro_f1': '0.9742', 'eval_atc': '0.09568', 'eval_normalized_atc': '0.009568', 'eval_target_recall': '0.8205', 'eval_target_recall_macro': '0.9327', 'eval_target_fnr': '0.01508', 'eval_selection_score': '0.03484', 'eval_selection_accuracy_value': '0.9686', 'eval_nll': '0.05106', 'eval_brier': '0.02568', 'eval_ece': '0.005276', 'eval_auroc': '0', 'eval_auprc': '0', 'eval_runtime': '10.65', 'eval_samples_per_second': '110.9', 'eval_steps_per_second': '6.946', 'epoch': '10'}
CustomImageProcessor configuration saved to checkpoints/hpo-nicme_convnext_base_fb_in22k_ft_in1k_nicme_hybrid_s42_trial0003/checkpoint-560/preprocessor_config.json
{'loss': '0.2255', 'grad_norm': '52.75', 'learning_rate': '1.338e-05', 'epoch': '10.18'}
{'loss': '0.3153', 'grad_norm': '12.93', 'learning_rate': '1.315e-05', 'epoch': '10.36'}
{'loss': '0.105', 'grad_norm': '68.06', 'learning_rate': '1.291e-05', 'epoch': '10.54'}
{'loss': '0.1866', 'grad_norm': '89.39', 'learning_rate': '1.268e-05', 'epoch': '10.71'}
{'loss': '0.2886', 'grad_norm': '103.7', 'learning_rate': '1.244e-05', 'epoch': '10.89'}
{'eval_loss': '0.08579', 'eval_accuracy': '0.9865', 'eval_f1': '0.98', 'eval_balanced_accuracy': '0.9778', 'eval_macro_f1': '0.98', 'eval_atc': '0.06181', 'eval_normalized_atc': '0.006181', 'eval_target_recall': '0.9231', 'eval_target_recall_macro': '0.9571', 'eval_target_fnr': '0.01005', 'eval_selection_score': '0.006181', 'eval_selection_accuracy_value': '0.9778', 'eval_nll': '0.04598', 'eval_brier': '0.02169', 'eval_ece': '0.007274', 'eval_auroc': '0', 'eval_auprc': '0', 'eval_runtime': '11.12', 'eval_samples_per_second': '106.2', 'eval_steps_per_second': '6.655', 'epoch': '11'}
CustomImageProcessor configuration saved to checkpoints/hpo-nicme_convnext_base_fb_in22k_ft_in1k_nicme_hybrid_s42_trial0003/checkpoint-616/preprocessor_config.json
{'train_runtime': '515.4', 'train_samples_per_second': '166.6', 'train_steps_per_second': '2.608', 'train_loss': '1.522', 'epoch': '11'}
***** train metrics *****
  epoch                    =       11.0
  total_flos               =        0GF
  train_loss               =     1.5224
  train_runtime            = 0:08:35.37
  train_samples_per_second =     166.62
  train_steps_per_second   =      2.608
Using device: cuda

============================================================
PERFORMING COMPREHENSIVE EVALUATION
============================================================
Results will be saved to: results/pmi10_convnext_base_fb_in22k_ft_in1k_test/hpo-nicme_convnext_base_fb_in22k_ft_in1k_nicme_hybrid_s42_trial0003_05-01_23-56
Saving run configuration...
Run configuration saved to: results/pmi10_convnext_base_fb_in22k_ft_in1k_test/hpo-nicme_convnext_base_fb_in22k_ft_in1k_nicme_hybrid_s42_trial0003_05-01_23-56/run_configuration_20260501_235606.json
Running model evaluation...
Computing detailed metrics...
Saving metrics to files...
Metrics saved to: results/pmi10_convnext_base_fb_in22k_ft_in1k_test/hpo-nicme_convnext_base_fb_in22k_ft_in1k_nicme_hybrid_s42_trial0003_05-01_23-56/metrics_20260501_235628_nicme_hybrid.json and results/pmi10_convnext_base_fb_in22k_ft_in1k_test/hpo-nicme_convnext_base_fb_in22k_ft_in1k_nicme_hybrid_s42_trial0003_05-01_23-56/metrics_20260501_235628_nicme_hybrid.txt
Using provided class names: ['00378-0208', '00378-3855', '00591-0461', '16729-0020', '50111-0434', '53489-0156', '53746-0544', '62037-0831', '68382-0008', '68382-0227']
Skipping confusion matrix visualizations by configuration.

============================================================
TRAINING COMPLETED - RESULTS SUMMARY
============================================================
Output Directory: results/pmi10_convnext_base_fb_in22k_ft_in1k_test/hpo-nicme_convnext_base_fb_in22k_ft_in1k_nicme_hybrid_s42_trial0003_05-01_23-56
Overall Accuracy: 0.9890
Balanced Accuracy: 0.9917
Overall F1 Score: 0.9857
Kappa: 0.9873
AUC: 1.0000
Expected Cost: 0.0489
Loss Function Used: nicme_hybrid
Total Test Samples: 1186
Classes: 00378-0208, 00378-3855, 00591-0461, 16729-0020, 50111-0434, 53489-0156, 53746-0544, 62037-0831, 68382-0008, 68382-0227

Detailed metrics saved to: results/pmi10_convnext_base_fb_in22k_ft_in1k_test/hpo-nicme_convnext_base_fb_in22k_ft_in1k_nicme_hybrid_s42_trial0003_05-01_23-56
============================================================
