Prepared manifest loaded — Train=3578, Val=1181, Calibration=0, Test=1186
cuda
Using model backend=timm type=pmi10_convnext_base_fb_in22k_ft_in1k with 10 labels
Early stopping enabled with patience=4
Using device: cuda
{'loss': '9.194', 'grad_norm': '25.7', 'learning_rate': '1.397e-05', 'epoch': '0.1786'}
{'loss': '7.774', 'grad_norm': '23.56', 'learning_rate': '2.949e-05', 'epoch': '0.3571'}
{'loss': '5.728', 'grad_norm': '31.09', 'learning_rate': '4.501e-05', 'epoch': '0.5357'}
{'loss': '3.523', 'grad_norm': '73.26', 'learning_rate': '6.053e-05', 'epoch': '0.7143'}
{'loss': '2.319', 'grad_norm': '37.93', 'learning_rate': '7.605e-05', 'epoch': '0.8929'}
{'eval_loss': '0.4153', 'eval_accuracy': '0.8467', 'eval_f1': '0.7749', 'eval_balanced_accuracy': '0.7988', 'eval_macro_f1': '0.7749', 'eval_atc': '0.2896', 'eval_normalized_atc': '0.02896', 'eval_target_recall': '0.7949', 'eval_target_recall_macro': '0.9013', 'eval_target_fnr': '0.07035', 'eval_selection_score': '0.07317', 'eval_selection_accuracy_value': '0.7988', 'eval_nll': '0.3894', 'eval_brier': '0.2143', 'eval_ece': '0.06294', 'eval_auroc': '0', 'eval_auprc': '0', 'eval_runtime': '11.3', 'eval_samples_per_second': '104.5', 'eval_steps_per_second': '6.549', 'epoch': '1'}
CustomImageProcessor configuration saved to checkpoints/hpo-nicme_convnext_base_fb_in22k_ft_in1k_nicme_hybrid_s42_trial0009/checkpoint-56/preprocessor_config.json
{'loss': '1.839', 'grad_norm': '65.15', 'learning_rate': '8.07e-05', 'epoch': '1.071'}
{'loss': '1.287', 'grad_norm': '107.5', 'learning_rate': '8.067e-05', 'epoch': '1.25'}
{'loss': '1.017', 'grad_norm': '38.06', 'learning_rate': '8.061e-05', 'epoch': '1.429'}
{'loss': '0.9143', 'grad_norm': '56.87', 'learning_rate': '8.054e-05', 'epoch': '1.607'}
{'loss': '0.9113', 'grad_norm': '63.65', 'learning_rate': '8.044e-05', 'epoch': '1.786'}
{'loss': '0.6851', 'grad_norm': '25.23', 'learning_rate': '8.031e-05', 'epoch': '1.964'}
{'eval_loss': '0.1273', 'eval_accuracy': '0.9644', 'eval_f1': '0.9486', 'eval_balanced_accuracy': '0.9501', 'eval_macro_f1': '0.9486', 'eval_atc': '0.171', 'eval_normalized_atc': '0.0171', 'eval_target_recall': '0.8387', 'eval_target_recall_macro': '0.9206', 'eval_target_fnr': '0.03518', 'eval_selection_score': '0.03213', 'eval_selection_accuracy_value': '0.9501', 'eval_nll': '0.104', 'eval_brier': '0.05012', 'eval_ece': '0.03193', 'eval_auroc': '0', 'eval_auprc': '0', 'eval_runtime': '10.48', 'eval_samples_per_second': '112.7', 'eval_steps_per_second': '7.059', 'epoch': '2'}
CustomImageProcessor configuration saved to checkpoints/hpo-nicme_convnext_base_fb_in22k_ft_in1k_nicme_hybrid_s42_trial0009/checkpoint-112/preprocessor_config.json
{'loss': '0.6237', 'grad_norm': '55.46', 'learning_rate': '8.017e-05', 'epoch': '2.143'}
{'loss': '0.6952', 'grad_norm': '44.8', 'learning_rate': '8e-05', 'epoch': '2.321'}
{'loss': '0.4127', 'grad_norm': '14.97', 'learning_rate': '7.98e-05', 'epoch': '2.5'}
{'loss': '0.6115', 'grad_norm': '55.2', 'learning_rate': '7.958e-05', 'epoch': '2.679'}
{'loss': '0.4303', 'grad_norm': '49.85', 'learning_rate': '7.934e-05', 'epoch': '2.857'}
{'eval_loss': '0.06763', 'eval_accuracy': '0.9822', 'eval_f1': '0.9739', 'eval_balanced_accuracy': '0.9779', 'eval_macro_f1': '0.9739', 'eval_atc': '0.1092', 'eval_normalized_atc': '0.01092', 'eval_target_recall': '0.871', 'eval_target_recall_macro': '0.9502', 'eval_target_fnr': '0.005025', 'eval_selection_score': '0.01429', 'eval_selection_accuracy_value': '0.9779', 'eval_nll': '0.05092', 'eval_brier': '0.02542', 'eval_ece': '0.01343', 'eval_auroc': '0', 'eval_auprc': '0', 'eval_runtime': '10.95', 'eval_samples_per_second': '107.9', 'eval_steps_per_second': '6.76', 'epoch': '3'}
CustomImageProcessor configuration saved to checkpoints/hpo-nicme_convnext_base_fb_in22k_ft_in1k_nicme_hybrid_s42_trial0009/checkpoint-168/preprocessor_config.json
{'loss': '0.5215', 'grad_norm': '61.02', 'learning_rate': '7.908e-05', 'epoch': '3.036'}
{'loss': '0.4814', 'grad_norm': '5.733', 'learning_rate': '7.879e-05', 'epoch': '3.214'}
{'loss': '0.4271', 'grad_norm': '22.02', 'learning_rate': '7.848e-05', 'epoch': '3.393'}
{'loss': '0.6757', 'grad_norm': '38.02', 'learning_rate': '7.815e-05', 'epoch': '3.571'}
{'loss': '0.5539', 'grad_norm': '57.19', 'learning_rate': '7.78e-05', 'epoch': '3.75'}
{'loss': '0.4246', 'grad_norm': '11.91', 'learning_rate': '7.742e-05', 'epoch': '3.929'}
{'eval_loss': '0.05301', 'eval_accuracy': '0.9822', 'eval_f1': '0.9787', 'eval_balanced_accuracy': '0.9826', 'eval_macro_f1': '0.9787', 'eval_atc': '0.06605', 'eval_normalized_atc': '0.006605', 'eval_target_recall': '0.9231', 'eval_target_recall_macro': '0.9658', 'eval_target_fnr': '0.01508', 'eval_selection_score': '0.006605', 'eval_selection_accuracy_value': '0.9826', 'eval_nll': '0.04585', 'eval_brier': '0.02467', 'eval_ece': '0.007491', 'eval_auroc': '0', 'eval_auprc': '0', 'eval_runtime': '14.77', 'eval_samples_per_second': '79.94', 'eval_steps_per_second': '5.009', 'epoch': '4'}
CustomImageProcessor configuration saved to checkpoints/hpo-nicme_convnext_base_fb_in22k_ft_in1k_nicme_hybrid_s42_trial0009/checkpoint-224/preprocessor_config.json
{'loss': '0.3262', 'grad_norm': '27.68', 'learning_rate': '7.702e-05', 'epoch': '4.107'}
{'loss': '0.3717', 'grad_norm': '34.8', 'learning_rate': '7.66e-05', 'epoch': '4.286'}
{'loss': '0.3413', 'grad_norm': '93.31', 'learning_rate': '7.616e-05', 'epoch': '4.464'}
{'loss': '0.1857', 'grad_norm': '6.53', 'learning_rate': '7.57e-05', 'epoch': '4.643'}
{'loss': '0.5045', 'grad_norm': '22.89', 'learning_rate': '7.521e-05', 'epoch': '4.821'}
{'loss': '0.4491', 'grad_norm': '129.2', 'learning_rate': '7.471e-05', 'epoch': '5'}
{'eval_loss': '0.06653', 'eval_accuracy': '0.9788', 'eval_f1': '0.9665', 'eval_balanced_accuracy': '0.954', 'eval_macro_f1': '0.9665', 'eval_atc': '0.05843', 'eval_normalized_atc': '0.005843', 'eval_target_recall': '0.8718', 'eval_target_recall_macro': '0.9524', 'eval_target_fnr': '0', 'eval_selection_score': '0.009025', 'eval_selection_accuracy_value': '0.954', 'eval_nll': '0.05607', 'eval_brier': '0.03023', 'eval_ece': '0.005412', 'eval_auroc': '0', 'eval_auprc': '0', 'eval_runtime': '10.73', 'eval_samples_per_second': '110.1', 'eval_steps_per_second': '6.897', 'epoch': '5'}
CustomImageProcessor configuration saved to checkpoints/hpo-nicme_convnext_base_fb_in22k_ft_in1k_nicme_hybrid_s42_trial0009/checkpoint-280/preprocessor_config.json
{'loss': '0.2247', 'grad_norm': '34.32', 'learning_rate': '7.418e-05', 'epoch': '5.179'}
{'loss': '0.2389', 'grad_norm': '9.271', 'learning_rate': '7.364e-05', 'epoch': '5.357'}
{'loss': '0.4537', 'grad_norm': '29.83', 'learning_rate': '7.308e-05', 'epoch': '5.536'}
{'loss': '0.3844', 'grad_norm': '29.5', 'learning_rate': '7.249e-05', 'epoch': '5.714'}
{'loss': '0.3356', 'grad_norm': '25.98', 'learning_rate': '7.189e-05', 'epoch': '5.893'}
{'eval_loss': '0.1129', 'eval_accuracy': '0.9704', 'eval_f1': '0.9582', 'eval_balanced_accuracy': '0.9625', 'eval_macro_f1': '0.9582', 'eval_atc': '0.1008', 'eval_normalized_atc': '0.01008', 'eval_target_recall': '0.8718', 'eval_target_recall_macro': '0.9504', 'eval_target_fnr': '0.03518', 'eval_selection_score': '0.01326', 'eval_selection_accuracy_value': '0.9625', 'eval_nll': '0.08874', 'eval_brier': '0.04136', 'eval_ece': '0.01495', 'eval_auroc': '0', 'eval_auprc': '0', 'eval_runtime': '10.32', 'eval_samples_per_second': '114.5', 'eval_steps_per_second': '7.173', 'epoch': '6'}
CustomImageProcessor configuration saved to checkpoints/hpo-nicme_convnext_base_fb_in22k_ft_in1k_nicme_hybrid_s42_trial0009/checkpoint-336/preprocessor_config.json
{'loss': '0.3848', 'grad_norm': '26.82', 'learning_rate': '7.127e-05', 'epoch': '6.071'}
{'loss': '0.3262', 'grad_norm': '17.08', 'learning_rate': '7.063e-05', 'epoch': '6.25'}
{'loss': '0.3669', 'grad_norm': '6.787', 'learning_rate': '6.997e-05', 'epoch': '6.429'}
{'loss': '0.2696', 'grad_norm': '93.35', 'learning_rate': '6.93e-05', 'epoch': '6.607'}
{'loss': '0.5543', 'grad_norm': '273.8', 'learning_rate': '6.86e-05', 'epoch': '6.786'}
{'loss': '0.4508', 'grad_norm': '67.66', 'learning_rate': '6.79e-05', 'epoch': '6.964'}
{'eval_loss': '0.03658', 'eval_accuracy': '0.9907', 'eval_f1': '0.9853', 'eval_balanced_accuracy': '0.9875', 'eval_macro_f1': '0.9853', 'eval_atc': '0.03218', 'eval_normalized_atc': '0.003218', 'eval_target_recall': '0.985', 'eval_target_recall_macro': '0.995', 'eval_target_fnr': '0.005025', 'eval_selection_score': '0.003218', 'eval_selection_accuracy_value': '0.9875', 'eval_nll': '0.03085', 'eval_brier': '0.01456', 'eval_ece': '0.002907', 'eval_auroc': '0', 'eval_auprc': '0', 'eval_runtime': '10.45', 'eval_samples_per_second': '113', 'eval_steps_per_second': '7.079', 'epoch': '7'}
CustomImageProcessor configuration saved to checkpoints/hpo-nicme_convnext_base_fb_in22k_ft_in1k_nicme_hybrid_s42_trial0009/checkpoint-392/preprocessor_config.json
{'loss': '0.2816', 'grad_norm': '68.62', 'learning_rate': '6.717e-05', 'epoch': '7.143'}
{'loss': '0.2041', 'grad_norm': '14.28', 'learning_rate': '6.643e-05', 'epoch': '7.321'}
{'loss': '0.1906', 'grad_norm': '4.02', 'learning_rate': '6.567e-05', 'epoch': '7.5'}
{'loss': '0.1775', 'grad_norm': '30.23', 'learning_rate': '6.49e-05', 'epoch': '7.679'}
{'loss': '0.2995', 'grad_norm': '21.2', 'learning_rate': '6.412e-05', 'epoch': '7.857'}
{'eval_loss': '0.08449', 'eval_accuracy': '0.9797', 'eval_f1': '0.9736', 'eval_balanced_accuracy': '0.9679', 'eval_macro_f1': '0.9736', 'eval_atc': '0.0508', 'eval_normalized_atc': '0.00508', 'eval_target_recall': '0.9032', 'eval_target_recall_macro': '0.9733', 'eval_target_fnr': '0.005025', 'eval_selection_score': '0.00508', 'eval_selection_accuracy_value': '0.9679', 'eval_nll': '0.06656', 'eval_brier': '0.03199', 'eval_ece': '0.007924', 'eval_auroc': '0', 'eval_auprc': '0', 'eval_runtime': '11.03', 'eval_samples_per_second': '107.1', 'eval_steps_per_second': '6.71', 'epoch': '8'}
CustomImageProcessor configuration saved to checkpoints/hpo-nicme_convnext_base_fb_in22k_ft_in1k_nicme_hybrid_s42_trial0009/checkpoint-448/preprocessor_config.json
{'loss': '0.2616', 'grad_norm': '3.321', 'learning_rate': '6.332e-05', 'epoch': '8.036'}
{'loss': '0.1792', 'grad_norm': '38.93', 'learning_rate': '6.25e-05', 'epoch': '8.214'}
{'loss': '0.2581', 'grad_norm': '37.59', 'learning_rate': '6.168e-05', 'epoch': '8.393'}
{'loss': '0.3301', 'grad_norm': '8.675', 'learning_rate': '6.084e-05', 'epoch': '8.571'}
{'loss': '0.1981', 'grad_norm': '0.9238', 'learning_rate': '5.999e-05', 'epoch': '8.75'}
{'loss': '0.3829', 'grad_norm': '7.02', 'learning_rate': '5.912e-05', 'epoch': '8.929'}
{'eval_loss': '0.1258', 'eval_accuracy': '0.9712', 'eval_f1': '0.9648', 'eval_balanced_accuracy': '0.9693', 'eval_macro_f1': '0.9648', 'eval_atc': '0.08213', 'eval_normalized_atc': '0.008213', 'eval_target_recall': '0.915', 'eval_target_recall_macro': '0.9614', 'eval_target_fnr': '0.005025', 'eval_selection_score': '0.008213', 'eval_selection_accuracy_value': '0.9693', 'eval_nll': '0.09307', 'eval_brier': '0.04733', 'eval_ece': '0.02038', 'eval_auroc': '0', 'eval_auprc': '0', 'eval_runtime': '10.3', 'eval_samples_per_second': '114.7', 'eval_steps_per_second': '7.187', 'epoch': '9'}
CustomImageProcessor configuration saved to checkpoints/hpo-nicme_convnext_base_fb_in22k_ft_in1k_nicme_hybrid_s42_trial0009/checkpoint-504/preprocessor_config.json
{'loss': '0.1415', 'grad_norm': '17.59', 'learning_rate': '5.825e-05', 'epoch': '9.107'}
{'loss': '0.1131', 'grad_norm': '8.978', 'learning_rate': '5.736e-05', 'epoch': '9.286'}
{'loss': '0.1825', 'grad_norm': '4.01', 'learning_rate': '5.647e-05', 'epoch': '9.464'}
{'loss': '0.09618', 'grad_norm': '6.022', 'learning_rate': '5.557e-05', 'epoch': '9.643'}
{'loss': '0.2984', 'grad_norm': '39.61', 'learning_rate': '5.465e-05', 'epoch': '9.821'}
{'loss': '0.3326', 'grad_norm': '31.52', 'learning_rate': '5.373e-05', 'epoch': '10'}
{'eval_loss': '0.07041', 'eval_accuracy': '0.9881', 'eval_f1': '0.9807', 'eval_balanced_accuracy': '0.9832', 'eval_macro_f1': '0.9807', 'eval_atc': '0.07113', 'eval_normalized_atc': '0.007113', 'eval_target_recall': '0.9355', 'eval_target_recall_macro': '0.9687', 'eval_target_fnr': '0.01508', 'eval_selection_score': '0.007113', 'eval_selection_accuracy_value': '0.9832', 'eval_nll': '0.04563', 'eval_brier': '0.02059', 'eval_ece': '0.0071', 'eval_auroc': '0', 'eval_auprc': '0', 'eval_runtime': '10.35', 'eval_samples_per_second': '114.1', 'eval_steps_per_second': '7.152', 'epoch': '10'}
CustomImageProcessor configuration saved to checkpoints/hpo-nicme_convnext_base_fb_in22k_ft_in1k_nicme_hybrid_s42_trial0009/checkpoint-560/preprocessor_config.json
{'loss': '0.258', 'grad_norm': '33.82', 'learning_rate': '5.28e-05', 'epoch': '10.18'}
{'loss': '0.09394', 'grad_norm': '3.411', 'learning_rate': '5.186e-05', 'epoch': '10.36'}
{'loss': '0.2925', 'grad_norm': '42.67', 'learning_rate': '5.092e-05', 'epoch': '10.54'}
{'loss': '0.1077', 'grad_norm': '24.91', 'learning_rate': '4.997e-05', 'epoch': '10.71'}
{'loss': '0.2444', 'grad_norm': '3.918', 'learning_rate': '4.901e-05', 'epoch': '10.89'}
{'eval_loss': '0.03293', 'eval_accuracy': '0.9949', 'eval_f1': '0.9932', 'eval_balanced_accuracy': '0.9936', 'eval_macro_f1': '0.9932', 'eval_atc': '0.02032', 'eval_normalized_atc': '0.002032', 'eval_target_recall': '0.9677', 'eval_target_recall_macro': '0.9869', 'eval_target_fnr': '0.005025', 'eval_selection_score': '0.002032', 'eval_selection_accuracy_value': '0.9936', 'eval_nll': '0.02395', 'eval_brier': '0.009219', 'eval_ece': '0.003112', 'eval_auroc': '0', 'eval_auprc': '0', 'eval_runtime': '10.57', 'eval_samples_per_second': '111.7', 'eval_steps_per_second': '7', 'epoch': '11'}
CustomImageProcessor configuration saved to checkpoints/hpo-nicme_convnext_base_fb_in22k_ft_in1k_nicme_hybrid_s42_trial0009/checkpoint-616/preprocessor_config.json
{'train_runtime': '514.8', 'train_samples_per_second': '166.8', 'train_steps_per_second': '2.611', 'train_loss': '0.8469', 'epoch': '11'}
***** train metrics *****
  epoch                    =       11.0
  total_flos               =        0GF
  train_loss               =     0.8469
  train_runtime            = 0:08:34.83
  train_samples_per_second =    166.795
  train_steps_per_second   =      2.611
Using device: cuda

============================================================
PERFORMING COMPREHENSIVE EVALUATION
============================================================
Results will be saved to: results/pmi10_convnext_base_fb_in22k_ft_in1k_test/hpo-nicme_convnext_base_fb_in22k_ft_in1k_nicme_hybrid_s42_trial0009_05-02_00-57
Saving run configuration...
Run configuration saved to: results/pmi10_convnext_base_fb_in22k_ft_in1k_test/hpo-nicme_convnext_base_fb_in22k_ft_in1k_nicme_hybrid_s42_trial0009_05-02_00-57/run_configuration_20260502_005740.json
Running model evaluation...
Computing detailed metrics...
Saving metrics to files...
Metrics saved to: results/pmi10_convnext_base_fb_in22k_ft_in1k_test/hpo-nicme_convnext_base_fb_in22k_ft_in1k_nicme_hybrid_s42_trial0009_05-02_00-57/metrics_20260502_005803_nicme_hybrid.json and results/pmi10_convnext_base_fb_in22k_ft_in1k_test/hpo-nicme_convnext_base_fb_in22k_ft_in1k_nicme_hybrid_s42_trial0009_05-02_00-57/metrics_20260502_005803_nicme_hybrid.txt
Using provided class names: ['00378-0208', '00378-3855', '00591-0461', '16729-0020', '50111-0434', '53489-0156', '53746-0544', '62037-0831', '68382-0008', '68382-0227']
Skipping confusion matrix visualizations by configuration.

============================================================
TRAINING COMPLETED - RESULTS SUMMARY
============================================================
Output Directory: results/pmi10_convnext_base_fb_in22k_ft_in1k_test/hpo-nicme_convnext_base_fb_in22k_ft_in1k_nicme_hybrid_s42_trial0009_05-02_00-57
Overall Accuracy: 0.9924
Balanced Accuracy: 0.9884
Overall F1 Score: 0.9896
Kappa: 0.9912
AUC: 1.0000
Expected Cost: 0.0228
Loss Function Used: nicme_hybrid
Total Test Samples: 1186
Classes: 00378-0208, 00378-3855, 00591-0461, 16729-0020, 50111-0434, 53489-0156, 53746-0544, 62037-0831, 68382-0008, 68382-0227

Detailed metrics saved to: results/pmi10_convnext_base_fb_in22k_ft_in1k_test/hpo-nicme_convnext_base_fb_in22k_ft_in1k_nicme_hybrid_s42_trial0009_05-02_00-57
============================================================
