Prepared manifest loaded — Train=970, Val=310, Calibration=0, Test=320
cuda
Using model backend=timm type=pmi10_sota_convnext_base with 10 labels
Early stopping enabled with patience=5
Using device: cuda
{'loss': '7.976', 'grad_norm': '23.82', 'learning_rate': '2.5e-05', 'epoch': '0.6557'}
{'eval_loss': '1.295', 'eval_accuracy': '0.4839', 'eval_f1': '0.3843', 'eval_balanced_accuracy': '0.4839', 'eval_macro_f1': '0.3843', 'eval_atc': '0.8677', 'eval_normalized_atc': '0.08677', 'eval_target_recall': '0.7419', 'eval_target_recall_macro': '0.8548', 'eval_target_fnr': '0.06452', 'eval_selection_score': '0.2866', 'eval_selection_accuracy_value': '0.4839', 'eval_nll': '1.434', 'eval_brier': '0.663', 'eval_ece': '0.156', 'eval_auroc': '0', 'eval_auprc': '0', 'eval_runtime': '4.666', 'eval_samples_per_second': '66.44', 'eval_steps_per_second': '4.286', 'epoch': '1'}
CustomImageProcessor configuration saved to checkpoints/camera_ready_smoke_cost_weighted_ce_lr5e5_s43/checkpoint-16/preprocessor_config.json
{'train_runtime': '18.84', 'train_samples_per_second': '51.49', 'train_steps_per_second': '0.849', 'train_loss': '6.766', 'epoch': '1'}
***** train metrics *****
  epoch                    =        1.0
  total_flos               =        0GF
  train_loss               =     6.7657
  train_runtime            = 0:00:18.83
  train_samples_per_second =     51.491
  train_steps_per_second   =      0.849
Using device: cuda

============================================================
PERFORMING COMPREHENSIVE EVALUATION
============================================================
Results will be saved to: results/pmi10_sota_convnext_base_test/camera_ready_smoke_cost_weighted_ce_lr5e5_s43_05-03_20-38
Saving run configuration...
Run configuration saved to: results/pmi10_sota_convnext_base_test/camera_ready_smoke_cost_weighted_ce_lr5e5_s43_05-03_20-38/run_configuration_20260503_203805.json
Running model evaluation...
Computing detailed metrics...
Saving metrics to files...
Metrics saved to: results/pmi10_sota_convnext_base_test/camera_ready_smoke_cost_weighted_ce_lr5e5_s43_05-03_20-38/metrics_20260503_203814_cost_weighted_ce.json and results/pmi10_sota_convnext_base_test/camera_ready_smoke_cost_weighted_ce_lr5e5_s43_05-03_20-38/metrics_20260503_203814_cost_weighted_ce.txt
Using provided class names: ['00378-0208', '00378-3855', '00591-0461', '16729-0020', '50111-0434', '53489-0156', '53746-0544', '62037-0831', '68382-0008', '68382-0227']
Skipping confusion matrix visualizations by configuration.

============================================================
TRAINING COMPLETED - RESULTS SUMMARY
============================================================
Output Directory: results/pmi10_sota_convnext_base_test/camera_ready_smoke_cost_weighted_ce_lr5e5_s43_05-03_20-38
Overall Accuracy: 0.5094
Balanced Accuracy: 0.5094
Overall F1 Score: 0.4154
Kappa: 0.4549
AUC: 0.9613
Expected Cost: 0.7812
Loss Function Used: cost_weighted_ce
Total Test Samples: 320
Classes: 00378-0208, 00378-3855, 00591-0461, 16729-0020, 50111-0434, 53489-0156, 53746-0544, 62037-0831, 68382-0008, 68382-0227

Detailed metrics saved to: results/pmi10_sota_convnext_base_test/camera_ready_smoke_cost_weighted_ce_lr5e5_s43_05-03_20-38
============================================================
