Prepared manifest loaded — Train=970, Val=310, Calibration=0, Test=320
cuda
Using model backend=timm type=pmi10_sota_convnext_base with 10 labels
Loaded initial checkpoint: checkpoints/camera_ready_smoke_ce_anchor_pretty_lr5e5_s43/checkpoint-16/model.safetensors
Early stopping enabled with patience=3
Using device: cuda
{'loss': '36.96', 'grad_norm': '198.2', 'learning_rate': '5e-06', 'epoch': '0.6557'}
{'eval_loss': '1.468', 'eval_accuracy': '0.4774', 'eval_f1': '0.3902', 'eval_balanced_accuracy': '0.4774', 'eval_macro_f1': '0.3902', 'eval_atc': '0.9', 'eval_normalized_atc': '0.09', 'eval_target_recall': '0.4839', 'eval_target_recall_macro': '0.7984', 'eval_target_fnr': '0.03226', 'eval_selection_score': '0.8867', 'eval_selection_accuracy_value': '0.4774', 'eval_nll': '1.468', 'eval_brier': '0.6756', 'eval_ece': '0.1604', 'eval_auroc': '0', 'eval_auprc': '0', 'eval_runtime': '4.59', 'eval_samples_per_second': '67.54', 'eval_steps_per_second': '4.358', 'epoch': '1'}
CustomImageProcessor configuration saved to checkpoints/camera_ready_smoke_csada_lr5e5_s43/checkpoint-16/preprocessor_config.json
{'train_runtime': '31.88', 'train_samples_per_second': '30.43', 'train_steps_per_second': '0.502', 'train_loss': '33.23', 'epoch': '1'}
***** train metrics *****
  epoch                    =        1.0
  total_flos               =        0GF
  train_loss               =    33.2291
  train_runtime            = 0:00:31.87
  train_samples_per_second =     30.428
  train_steps_per_second   =      0.502
Using device: cuda

============================================================
PERFORMING COMPREHENSIVE EVALUATION
============================================================
Results will be saved to: results/pmi10_sota_convnext_base_test/camera_ready_smoke_csada_lr5e5_s43_05-03_20-43
Saving run configuration...
Run configuration saved to: results/pmi10_sota_convnext_base_test/camera_ready_smoke_csada_lr5e5_s43_05-03_20-43/run_configuration_20260503_204348.json
Running model evaluation...
Computing detailed metrics...
Saving metrics to files...
Metrics saved to: results/pmi10_sota_convnext_base_test/camera_ready_smoke_csada_lr5e5_s43_05-03_20-43/metrics_20260503_204357_csada.json and results/pmi10_sota_convnext_base_test/camera_ready_smoke_csada_lr5e5_s43_05-03_20-43/metrics_20260503_204357_csada.txt
Using provided class names: ['00378-0208', '00378-3855', '00591-0461', '16729-0020', '50111-0434', '53489-0156', '53746-0544', '62037-0831', '68382-0008', '68382-0227']
Skipping confusion matrix visualizations by configuration.

============================================================
TRAINING COMPLETED - RESULTS SUMMARY
============================================================
Output Directory: results/pmi10_sota_convnext_base_test/camera_ready_smoke_csada_lr5e5_s43_05-03_20-43
Overall Accuracy: 0.5125
Balanced Accuracy: 0.5125
Overall F1 Score: 0.4251
Kappa: 0.4583
AUC: 0.9559
Expected Cost: 0.9375
Loss Function Used: csada
Total Test Samples: 320
Classes: 00378-0208, 00378-3855, 00591-0461, 16729-0020, 50111-0434, 53489-0156, 53746-0544, 62037-0831, 68382-0008, 68382-0227

Detailed metrics saved to: results/pmi10_sota_convnext_base_test/camera_ready_smoke_csada_lr5e5_s43_05-03_20-43
============================================================
