cuDNN disabled for this run
Prepared manifest loaded — Train=2485, Val=335, Calibration=350, Test=370
cuda
Using model backend=hf_auto type=convnext with 5 labels
Early stopping enabled with patience=3
Using device: cuda
{'eval_loss': '1.588', 'eval_accuracy': '0.275', 'eval_f1': '0.1993', 'eval_balanced_accuracy': '0.264', 'eval_macro_f1': '0.1993', 'eval_atc': '4.213', 'eval_normalized_atc': '0.2633', 'eval_target_recall': '0.09091', 'eval_target_recall_macro': '0.09091', 'eval_target_fnr': '0.9091', 'eval_selection_score': '2.964', 'eval_selection_accuracy_value': '0.264', 'eval_nll': '1.588', 'eval_brier': '0.7906', 'eval_ece': '0.03306', 'eval_auroc': '0', 'eval_auprc': '0', 'eval_runtime': '9.025', 'eval_samples_per_second': '17.73', 'eval_steps_per_second': '1.108', 'epoch': '1'}
CustomImageProcessor configuration saved to checkpoints/mc1_eyepacs_dr_balanced_cnx_ce_s42/checkpoint-5/preprocessor_config.json
{'train_runtime': '20.58', 'train_samples_per_second': '15.55', 'train_steps_per_second': '0.243', 'train_loss': '1.588', 'epoch': '1'}
***** train metrics *****
  epoch                    =        1.0
  total_flos               =  7489240GF
  train_loss               =     1.5882
  train_runtime            = 0:00:20.57
  train_samples_per_second =     15.551
  train_steps_per_second   =      0.243
Using device: cuda

============================================================
PERFORMING COMPREHENSIVE EVALUATION
============================================================
Results will be saved to: results/convnext_test/mc1_eyepacs_dr_balanced_cnx_ce_s42_04-30_12-22
Saving run configuration...
Run configuration saved to: results/convnext_test/mc1_eyepacs_dr_balanced_cnx_ce_s42_04-30_12-22/run_configuration_20260430_122203.json
Running model evaluation...
Computing detailed metrics...
Saving metrics to files...
Metrics saved to: results/convnext_test/mc1_eyepacs_dr_balanced_cnx_ce_s42_04-30_12-22/metrics_20260430_122229_ce.json and results/convnext_test/mc1_eyepacs_dr_balanced_cnx_ce_s42_04-30_12-22/metrics_20260430_122229_ce.txt
Creating confusion matrix visualizations...
Using provided class names: ['DR0', 'DR1', 'DR2', 'DR3', 'DR4']
Confusion matrix visualizations (3-panel) saved to: results/convnext_test/mc1_eyepacs_dr_balanced_cnx_ce_s42_04-30_12-22/confusion_matrix_20260430_122229_ce.png and results/convnext_test/mc1_eyepacs_dr_balanced_cnx_ce_s42_04-30_12-22/confusion_matrix_20260430_122229_ce.pdf
Detailed confusion matrix saved to: results/convnext_test/mc1_eyepacs_dr_balanced_cnx_ce_s42_04-30_12-22/confusion_matrix_detailed_20260430_122229_ce.png

============================================================
TRAINING COMPLETED - RESULTS SUMMARY
============================================================
Output Directory: results/convnext_test/mc1_eyepacs_dr_balanced_cnx_ce_s42_04-30_12-22
Overall Accuracy: 0.2625
Balanced Accuracy: 0.2538
Overall F1 Score: 0.2146
Kappa: 0.0658
AUC: 0.6432
Expected Cost: 4.4813
Loss Function Used: ce
Total Test Samples: 160
Classes: DR0, DR1, DR2, DR3, DR4

Detailed metrics and visualizations saved to: results/convnext_test/mc1_eyepacs_dr_balanced_cnx_ce_s42_04-30_12-22
============================================================
