Prepared manifest loaded — Train=1940, Val=320, Calibration=300, Test=640
cuda
Using model backend=timm type=pmi20_sota_convnext_base with 20 labels
Loaded initial checkpoint: checkpoints/pmi20_run_ce_anchor_pmi20_lr5e5_s43/checkpoint-279/model.safetensors
Early stopping enabled with patience=3
Using device: cuda
{'loss': '0.1875', 'grad_norm': '36.11', 'learning_rate': '2.903e-06', 'epoch': '0.3279'}
{'loss': '0.09469', 'grad_norm': '19.95', 'learning_rate': '6.129e-06', 'epoch': '0.6557'}
{'loss': '0.141', 'grad_norm': '3.691', 'learning_rate': '9.355e-06', 'epoch': '0.9836'}
{'eval_loss': '0.07993', 'eval_accuracy': '0.9812', 'eval_f1': '0.9811', 'eval_balanced_accuracy': '0.9812', 'eval_macro_f1': '0.9811', 'eval_atc': '0.01875', 'eval_normalized_atc': '0.001875', 'eval_target_recall': '0.9375', 'eval_target_recall_macro': '0.9844', 'eval_target_fnr': '0', 'eval_selection_score': '0.001875', 'eval_selection_accuracy_value': '0.9812', 'eval_nll': '0.05856', 'eval_brier': '0.02789', 'eval_ece': '0.01246', 'eval_auroc': '0', 'eval_auprc': '0', 'eval_runtime': '9.17', 'eval_samples_per_second': '34.9', 'eval_steps_per_second': '2.181', 'epoch': '1'}
CustomImageProcessor configuration saved to checkpoints/pmi20_run_ap_csada_lr5e5_s43/checkpoint-31/preprocessor_config.json
{'loss': '0.09708', 'grad_norm': '21.83', 'learning_rate': '9.98e-06', 'epoch': '1.295'}
{'loss': '0.08336', 'grad_norm': '3.849', 'learning_rate': '9.898e-06', 'epoch': '1.623'}
{'loss': '0.07881', 'grad_norm': '3.927', 'learning_rate': '9.754e-06', 'epoch': '1.951'}
{'eval_loss': '0.08886', 'eval_accuracy': '0.975', 'eval_f1': '0.9747', 'eval_balanced_accuracy': '0.975', 'eval_macro_f1': '0.9747', 'eval_atc': '0.025', 'eval_normalized_atc': '0.0025', 'eval_target_recall': '1', 'eval_target_recall_macro': '1', 'eval_target_fnr': '0', 'eval_selection_score': '0.0025', 'eval_selection_accuracy_value': '0.975', 'eval_nll': '0.06325', 'eval_brier': '0.03102', 'eval_ece': '0.01592', 'eval_auroc': '0', 'eval_auprc': '0', 'eval_runtime': '4.065', 'eval_samples_per_second': '78.72', 'eval_steps_per_second': '4.92', 'epoch': '2'}
CustomImageProcessor configuration saved to checkpoints/pmi20_run_ap_csada_lr5e5_s43/checkpoint-62/preprocessor_config.json
{'loss': '0.09325', 'grad_norm': '2.308', 'learning_rate': '9.549e-06', 'epoch': '2.262'}
{'loss': '0.06692', 'grad_norm': '48.18', 'learning_rate': '9.287e-06', 'epoch': '2.59'}
{'loss': '0.0272', 'grad_norm': '1.68', 'learning_rate': '8.971e-06', 'epoch': '2.918'}
{'eval_loss': '0.07549', 'eval_accuracy': '0.9781', 'eval_f1': '0.9782', 'eval_balanced_accuracy': '0.9781', 'eval_macro_f1': '0.9782', 'eval_atc': '0.02187', 'eval_normalized_atc': '0.002187', 'eval_target_recall': '0.9375', 'eval_target_recall_macro': '0.9844', 'eval_target_fnr': '0', 'eval_selection_score': '0.002187', 'eval_selection_accuracy_value': '0.9781', 'eval_nll': '0.05436', 'eval_brier': '0.02658', 'eval_ece': '0.0126', 'eval_auroc': '0', 'eval_auprc': '0', 'eval_runtime': '4.117', 'eval_samples_per_second': '77.73', 'eval_steps_per_second': '4.858', 'epoch': '3'}
CustomImageProcessor configuration saved to checkpoints/pmi20_run_ap_csada_lr5e5_s43/checkpoint-93/preprocessor_config.json
{'loss': '0.01627', 'grad_norm': '1.482', 'learning_rate': '8.605e-06', 'epoch': '3.23'}
{'loss': '0.05435', 'grad_norm': '28.56', 'learning_rate': '8.192e-06', 'epoch': '3.557'}
{'loss': '0.01442', 'grad_norm': '0.9105', 'learning_rate': '7.74e-06', 'epoch': '3.885'}
{'eval_loss': '0.05224', 'eval_accuracy': '0.9875', 'eval_f1': '0.9872', 'eval_balanced_accuracy': '0.9875', 'eval_macro_f1': '0.9872', 'eval_atc': '0.04063', 'eval_normalized_atc': '0.004063', 'eval_target_recall': '0.8125', 'eval_target_recall_macro': '0.9531', 'eval_target_fnr': '0', 'eval_selection_score': '0.03469', 'eval_selection_accuracy_value': '0.9875', 'eval_nll': '0.03478', 'eval_brier': '0.01725', 'eval_ece': '0.008287', 'eval_auroc': '0', 'eval_auprc': '0', 'eval_runtime': '9.315', 'eval_samples_per_second': '34.35', 'eval_steps_per_second': '2.147', 'epoch': '4'}
CustomImageProcessor configuration saved to checkpoints/pmi20_run_ap_csada_lr5e5_s43/checkpoint-124/preprocessor_config.json
{'loss': '0.03169', 'grad_norm': '0.8037', 'learning_rate': '7.252e-06', 'epoch': '4.197'}
{'loss': '0.01527', 'grad_norm': '10.71', 'learning_rate': '6.737e-06', 'epoch': '4.525'}
{'loss': '0.0155', 'grad_norm': '0.619', 'learning_rate': '6.199e-06', 'epoch': '4.852'}
{'eval_loss': '0.07215', 'eval_accuracy': '0.9844', 'eval_f1': '0.9841', 'eval_balanced_accuracy': '0.9844', 'eval_macro_f1': '0.9841', 'eval_atc': '0.04375', 'eval_normalized_atc': '0.004375', 'eval_target_recall': '0.8125', 'eval_target_recall_macro': '0.9531', 'eval_target_fnr': '0', 'eval_selection_score': '0.035', 'eval_selection_accuracy_value': '0.9844', 'eval_nll': '0.04732', 'eval_brier': '0.02369', 'eval_ece': '0.008893', 'eval_auroc': '0', 'eval_auprc': '0', 'eval_runtime': '4.217', 'eval_samples_per_second': '75.89', 'eval_steps_per_second': '4.743', 'epoch': '5'}
CustomImageProcessor configuration saved to checkpoints/pmi20_run_ap_csada_lr5e5_s43/checkpoint-155/preprocessor_config.json
{'train_runtime': '146.2', 'train_samples_per_second': '132.7', 'train_steps_per_second': '2.12', 'train_loss': '0.06632', 'epoch': '5'}
***** train metrics *****
  epoch                    =        5.0
  total_flos               =        0GF
  train_loss               =     0.0663
  train_runtime            = 0:02:26.21
  train_samples_per_second =    132.685
  train_steps_per_second   =       2.12
Using device: cuda

============================================================
PERFORMING COMPREHENSIVE EVALUATION
============================================================
Results will be saved to: results/pmi20_sota_convnext_base_test/pmi20_run_ap_csada_lr5e5_s43_05-04_09-58
Saving run configuration...
Run configuration saved to: results/pmi20_sota_convnext_base_test/pmi20_run_ap_csada_lr5e5_s43_05-04_09-58/run_configuration_20260504_095818.json
Running model evaluation...
Computing detailed metrics...
Saving metrics to files...
Metrics saved to: results/pmi20_sota_convnext_base_test/pmi20_run_ap_csada_lr5e5_s43_05-04_09-58/metrics_20260504_095832_ap_csada.json and results/pmi20_sota_convnext_base_test/pmi20_run_ap_csada_lr5e5_s43_05-04_09-58/metrics_20260504_095832_ap_csada.txt
Using provided class names: ['00378-0208', '00378-3855', '00591-0461', '16729-0020', '16729-0168', '50111-0434', '53489-0156', '53746-0544', '57664-0377', '62037-0831', '62037-0832', '64380-0803', '65162-0253', '67253-0901', '68382-0008', '68382-0227', '69097-0127', '69097-0128', '69315-0904', '69315-0905']
Skipping confusion matrix visualizations by configuration.

============================================================
TRAINING COMPLETED - RESULTS SUMMARY
============================================================
Output Directory: results/pmi20_sota_convnext_base_test/pmi20_run_ap_csada_lr5e5_s43_05-04_09-58
Overall Accuracy: 0.9766
Balanced Accuracy: 0.9766
Overall F1 Score: 0.9767
Kappa: 0.9753
AUC: 0.9998
Expected Cost: 0.0625
Loss Function Used: ap_csada
Total Test Samples: 640
Classes: 00378-0208, 00378-3855, 00591-0461, 16729-0020, 16729-0168, 50111-0434, 53489-0156, 53746-0544, 57664-0377, 62037-0831, 62037-0832, 64380-0803, 65162-0253, 67253-0901, 68382-0008, 68382-0227, 69097-0127, 69097-0128, 69315-0904, 69315-0905

Detailed metrics saved to: results/pmi20_sota_convnext_base_test/pmi20_run_ap_csada_lr5e5_s43_05-04_09-58
============================================================
