Prepared manifest loaded — Train=2098, Val=300, Calibration=300, Test=300
cuda
Using model backend=timm type=binary_sota_convnext_base with 2 labels
Early stopping enabled with patience=5
Using device: cuda
{'loss': '2.444', 'grad_norm': '21.86', 'learning_rate': '4.642e-05', 'epoch': '0.303'}
{'loss': '1.481', 'grad_norm': '48.83', 'learning_rate': '2.365e-05', 'epoch': '0.6061'}
{'loss': '1.394', 'grad_norm': '15.54', 'learning_rate': '2.311e-06', 'epoch': '0.9091'}
{'eval_loss': '0.2702', 'eval_accuracy': '0.89', 'eval_f1': '0.89', 'eval_balanced_accuracy': '0.89', 'eval_macro_f1': '0.89', 'eval_atc': '0.5067', 'eval_normalized_atc': '0.06333', 'eval_target_recall': '0.8867', 'eval_target_recall_macro': '0.8867', 'eval_target_fnr': '0.1133', 'eval_selection_score': '0.07938', 'eval_selection_accuracy_value': '0.89', 'eval_nll': '0.2702', 'eval_brier': '0.1629', 'eval_ece': '0.03042', 'eval_auroc': '0.9608', 'eval_auprc': '0.965', 'eval_runtime': '3.387', 'eval_samples_per_second': '88.57', 'eval_steps_per_second': '5.609', 'epoch': '1'}
CustomImageProcessor configuration saved to checkpoints/binary_spider_smoke_menon_logit_adjusted_lr5e5_s42/checkpoint-33/preprocessor_config.json
{'train_runtime': '20.68', 'train_samples_per_second': '101.4', 'train_steps_per_second': '1.596', 'train_loss': '1.707', 'epoch': '1'}
***** train metrics *****
  epoch                    =        1.0
  total_flos               =        0GF
  train_loss               =     1.7072
  train_runtime            = 0:00:20.68
  train_samples_per_second =    101.443
  train_steps_per_second   =      1.596
Using device: cuda

============================================================
PERFORMING COMPREHENSIVE EVALUATION
============================================================
Results will be saved to: results/binary_sota_convnext_base_test/binary_spider_smoke_menon_logit_adjusted_lr5e5_s42_05-05_01-15
Saving run configuration...
Run configuration saved to: results/binary_sota_convnext_base_test/binary_spider_smoke_menon_logit_adjusted_lr5e5_s42_05-05_01-15/run_configuration_20260505_011543.json
Running model evaluation...
Computing detailed metrics...
Saving metrics to files...
Metrics saved to: results/binary_sota_convnext_base_test/binary_spider_smoke_menon_logit_adjusted_lr5e5_s42_05-05_01-15/metrics_20260505_011549_menon_logit_adjusted.json and results/binary_sota_convnext_base_test/binary_spider_smoke_menon_logit_adjusted_lr5e5_s42_05-05_01-15/metrics_20260505_011549_menon_logit_adjusted.txt
Using provided class names: ['black_widow', 'false_widow']
Skipping confusion matrix visualizations by configuration.

============================================================
TRAINING COMPLETED - RESULTS SUMMARY
============================================================
Output Directory: results/binary_sota_convnext_base_test/binary_spider_smoke_menon_logit_adjusted_lr5e5_s42_05-05_01-15
Overall Accuracy: 0.9067
Balanced Accuracy: 0.9067
Overall F1 Score: 0.9066
Kappa: 0.8133
AUC: 0.9661
Expected Cost: 0.5367
Loss Function Used: menon_logit_adjusted
Total Test Samples: 300
Classes: black_widow, false_widow

Detailed metrics saved to: results/binary_sota_convnext_base_test/binary_spider_smoke_menon_logit_adjusted_lr5e5_s42_05-05_01-15
============================================================
