Prepared manifest loaded — Train=256, Val=64, Calibration=64, Test=64
cuda
Using model backend=hf_auto type=vit with 2 labels
Early stopping enabled with patience=2
Using device: cuda
{'eval_loss': '0.7478', 'eval_accuracy': '0.5', 'eval_f1': '0.3333', 'eval_balanced_accuracy': '0.5', 'eval_macro_f1': '0.3333', 'eval_atc': '0.5', 'eval_normalized_atc': '0.05', 'eval_target_recall': '1', 'eval_target_fnr': '0', 'eval_selection_score': '0.14', 'eval_selection_accuracy_value': '0.5', 'eval_nll': '0.6871', 'eval_brier': '0.4942', 'eval_ece': '0.05816', 'eval_auroc': '0.665', 'eval_auprc': '0.6158', 'eval_runtime': '1.823', 'eval_samples_per_second': '35.11', 'eval_steps_per_second': '2.195', 'epoch': '1'}
CustomImageProcessor configuration saved to checkpoints/stop2c_frontier_spider_vit_logit_s1/checkpoint-4/preprocessor_config.json
{'eval_loss': '0.8472', 'eval_accuracy': '0.6875', 'eval_f1': '0.6718', 'eval_balanced_accuracy': '0.6875', 'eval_macro_f1': '0.6718', 'eval_atc': '2.703', 'eval_normalized_atc': '0.2703', 'eval_target_recall': '0.4688', 'eval_target_fnr': '0.5312', 'eval_selection_score': '1.209', 'eval_selection_accuracy_value': '0.6875', 'eval_nll': '0.6569', 'eval_brier': '0.4639', 'eval_ece': '0.1521', 'eval_auroc': '0.8096', 'eval_auprc': '0.7731', 'eval_runtime': '1.639', 'eval_samples_per_second': '39.05', 'eval_steps_per_second': '2.441', 'epoch': '2'}
CustomImageProcessor configuration saved to checkpoints/stop2c_frontier_spider_vit_logit_s1/checkpoint-8/preprocessor_config.json
{'loss': '2.975', 'grad_norm': '12.17', 'learning_rate': '6.227e-05', 'epoch': '2.5'}
{'eval_loss': '0.6846', 'eval_accuracy': '0.75', 'eval_f1': '0.7498', 'eval_balanced_accuracy': '0.75', 'eval_macro_f1': '0.7498', 'eval_atc': '1.234', 'eval_normalized_atc': '0.1234', 'eval_target_recall': '0.7812', 'eval_target_fnr': '0.2188', 'eval_selection_score': '0.2398', 'eval_selection_accuracy_value': '0.75', 'eval_nll': '0.6437', 'eval_brier': '0.4509', 'eval_ece': '0.2116', 'eval_auroc': '0.8408', 'eval_auprc': '0.8488', 'eval_runtime': '1.733', 'eval_samples_per_second': '36.94', 'eval_steps_per_second': '2.309', 'epoch': '3'}
CustomImageProcessor configuration saved to checkpoints/stop2c_frontier_spider_vit_logit_s1/checkpoint-12/preprocessor_config.json
{'train_runtime': '10.56', 'train_samples_per_second': '121.2', 'train_steps_per_second': '1.893', 'train_loss': '2.9', 'epoch': '3'}
***** train metrics *****
  epoch                    =        3.0
  total_flos               = 55426590GF
  train_loss               =     2.9004
  train_runtime            = 0:00:10.56
  train_samples_per_second =    121.183
  train_steps_per_second   =      1.893
Using device: cuda

============================================================
PERFORMING COMPREHENSIVE EVALUATION
============================================================
Results will be saved to: results/vit_test/stop2c_frontier_spider_vit_logit_s1_04-28_07-29
Saving run configuration...
Run configuration saved to: results/vit_test/stop2c_frontier_spider_vit_logit_s1_04-28_07-29/run_configuration_20260428_072956.json
Running model evaluation...
Computing detailed metrics...
Saving metrics to files...
Metrics saved to: results/vit_test/stop2c_frontier_spider_vit_logit_s1_04-28_07-29/metrics_20260428_073002_nicme_logit_adjustment.json and results/vit_test/stop2c_frontier_spider_vit_logit_s1_04-28_07-29/metrics_20260428_073002_nicme_logit_adjustment.txt
Creating confusion matrix visualizations...
Using provided class names: ['black_widow', 'false_widow']
Confusion matrix visualizations (3-panel) saved to: results/vit_test/stop2c_frontier_spider_vit_logit_s1_04-28_07-29/confusion_matrix_20260428_073002_nicme_logit_adjustment.png and results/vit_test/stop2c_frontier_spider_vit_logit_s1_04-28_07-29/confusion_matrix_20260428_073002_nicme_logit_adjustment.pdf
Detailed confusion matrix saved to: results/vit_test/stop2c_frontier_spider_vit_logit_s1_04-28_07-29/confusion_matrix_detailed_20260428_073002_nicme_logit_adjustment.png

============================================================
TRAINING COMPLETED - RESULTS SUMMARY
============================================================
Output Directory: results/vit_test/stop2c_frontier_spider_vit_logit_s1_04-28_07-29
Overall Accuracy: 0.4844
Balanced Accuracy: 0.4844
Overall F1 Score: 0.3263
Kappa: -0.0312
AUC: 0.7031
Expected Cost: 0.6562
Loss Function Used: nicme_logit_adjustment
Total Test Samples: 64
Classes: black_widow, false_widow

Detailed metrics and visualizations saved to: results/vit_test/stop2c_frontier_spider_vit_logit_s1_04-28_07-29
============================================================
