Prepared manifest loaded — Train=256, Val=64, Calibration=64, Test=64
cuda
Using model backend=hf_auto type=vit with 2 labels
Early stopping enabled with patience=2
Using device: cuda
{'eval_loss': '0.7825', 'eval_accuracy': '0.5', 'eval_f1': '0.3333', 'eval_balanced_accuracy': '0.5', 'eval_macro_f1': '0.3333', 'eval_atc': '0.5', 'eval_normalized_atc': '0.05', 'eval_target_recall': '1', 'eval_target_fnr': '0', 'eval_selection_score': '0.1725', 'eval_selection_accuracy_value': '0.5', 'eval_nll': '0.6738', 'eval_brier': '0.481', 'eval_ece': '0.1118', 'eval_auroc': '0.8818', 'eval_auprc': '0.8902', 'eval_runtime': '1.932', 'eval_samples_per_second': '33.13', 'eval_steps_per_second': '2.071', 'epoch': '1'}
CustomImageProcessor configuration saved to checkpoints/stop2c_frontier_breakhis_vit_hybrid_s0.5_l0.25/checkpoint-4/preprocessor_config.json
{'eval_loss': '0.7335', 'eval_accuracy': '0.75', 'eval_f1': '0.7333', 'eval_balanced_accuracy': '0.75', 'eval_macro_f1': '0.7333', 'eval_atc': '0.25', 'eval_normalized_atc': '0.025', 'eval_target_recall': '1', 'eval_target_fnr': '0', 'eval_selection_score': '0.035', 'eval_selection_accuracy_value': '0.75', 'eval_nll': '0.6541', 'eval_brier': '0.4611', 'eval_ece': '0.2138', 'eval_auroc': '0.8779', 'eval_auprc': '0.8332', 'eval_runtime': '2.123', 'eval_samples_per_second': '30.15', 'eval_steps_per_second': '1.884', 'epoch': '2'}
CustomImageProcessor configuration saved to checkpoints/stop2c_frontier_breakhis_vit_hybrid_s0.5_l0.25/checkpoint-8/preprocessor_config.json
{'loss': '3.146', 'grad_norm': '4.972', 'learning_rate': '8.716e-05', 'epoch': '2.5'}
{'eval_loss': '0.6726', 'eval_accuracy': '0.8594', 'eval_f1': '0.8565', 'eval_balanced_accuracy': '0.8594', 'eval_macro_f1': '0.8565', 'eval_atc': '0.1406', 'eval_normalized_atc': '0.01406', 'eval_target_recall': '1', 'eval_target_fnr': '0', 'eval_selection_score': '0.01406', 'eval_selection_accuracy_value': '0.8594', 'eval_nll': '0.5801', 'eval_brier': '0.3886', 'eval_ece': '0.2655', 'eval_auroc': '0.874', 'eval_auprc': '0.8171', 'eval_runtime': '2.08', 'eval_samples_per_second': '30.77', 'eval_steps_per_second': '1.923', 'epoch': '3'}
CustomImageProcessor configuration saved to checkpoints/stop2c_frontier_breakhis_vit_hybrid_s0.5_l0.25/checkpoint-12/preprocessor_config.json
{'eval_loss': '0.6811', 'eval_accuracy': '0.8594', 'eval_f1': '0.8565', 'eval_balanced_accuracy': '0.8594', 'eval_macro_f1': '0.8565', 'eval_atc': '0.1406', 'eval_normalized_atc': '0.01406', 'eval_target_recall': '1', 'eval_target_fnr': '0', 'eval_selection_score': '0.01406', 'eval_selection_accuracy_value': '0.8594', 'eval_nll': '0.5439', 'eval_brier': '0.356', 'eval_ece': '0.2025', 'eval_auroc': '0.875', 'eval_auprc': '0.8419', 'eval_runtime': '2.239', 'eval_samples_per_second': '28.58', 'eval_steps_per_second': '1.786', 'epoch': '4'}
CustomImageProcessor configuration saved to checkpoints/stop2c_frontier_breakhis_vit_hybrid_s0.5_l0.25/checkpoint-16/preprocessor_config.json
{'loss': '2.542', 'grad_norm': '8.387', 'learning_rate': '3.96e-05', 'epoch': '5'}
{'eval_loss': '0.696', 'eval_accuracy': '0.8594', 'eval_f1': '0.8565', 'eval_balanced_accuracy': '0.8594', 'eval_macro_f1': '0.8565', 'eval_atc': '0.1406', 'eval_normalized_atc': '0.01406', 'eval_target_recall': '1', 'eval_target_fnr': '0', 'eval_selection_score': '0.01406', 'eval_selection_accuracy_value': '0.8594', 'eval_nll': '0.5323', 'eval_brier': '0.345', 'eval_ece': '0.2133', 'eval_auroc': '0.874', 'eval_auprc': '0.8438', 'eval_runtime': '1.703', 'eval_samples_per_second': '37.57', 'eval_steps_per_second': '2.348', 'epoch': '5'}
CustomImageProcessor configuration saved to checkpoints/stop2c_frontier_breakhis_vit_hybrid_s0.5_l0.25/checkpoint-20/preprocessor_config.json
{'train_runtime': '23.48', 'train_samples_per_second': '87.22', 'train_steps_per_second': '1.363', 'train_loss': '2.844', 'epoch': '5'}
***** train metrics *****
  epoch                    =        5.0
  total_flos               = 92377650GF
  train_loss               =      2.844
  train_runtime            = 0:00:23.48
  train_samples_per_second =     87.218
  train_steps_per_second   =      1.363
Using device: cuda

============================================================
PERFORMING COMPREHENSIVE EVALUATION
============================================================
Results will be saved to: results/vit_test/stop2c_frontier_breakhis_vit_hybrid_s0.5_l0.25_04-28_07-32
Saving run configuration...
Run configuration saved to: results/vit_test/stop2c_frontier_breakhis_vit_hybrid_s0.5_l0.25_04-28_07-32/run_configuration_20260428_073254.json
Running model evaluation...
Computing detailed metrics...
Saving metrics to files...
Metrics saved to: results/vit_test/stop2c_frontier_breakhis_vit_hybrid_s0.5_l0.25_04-28_07-32/metrics_20260428_073301_nicme_hybrid.json and results/vit_test/stop2c_frontier_breakhis_vit_hybrid_s0.5_l0.25_04-28_07-32/metrics_20260428_073301_nicme_hybrid.txt
Creating confusion matrix visualizations...
Using provided class names: ['benign', 'malignant']
Confusion matrix visualizations (3-panel) saved to: results/vit_test/stop2c_frontier_breakhis_vit_hybrid_s0.5_l0.25_04-28_07-32/confusion_matrix_20260428_073301_nicme_hybrid.png and results/vit_test/stop2c_frontier_breakhis_vit_hybrid_s0.5_l0.25_04-28_07-32/confusion_matrix_20260428_073301_nicme_hybrid.pdf
Detailed confusion matrix saved to: results/vit_test/stop2c_frontier_breakhis_vit_hybrid_s0.5_l0.25_04-28_07-32/confusion_matrix_detailed_20260428_073301_nicme_hybrid.png

============================================================
TRAINING COMPLETED - RESULTS SUMMARY
============================================================
Output Directory: results/vit_test/stop2c_frontier_breakhis_vit_hybrid_s0.5_l0.25_04-28_07-32
Overall Accuracy: 0.9531
Balanced Accuracy: 0.9531
Overall F1 Score: 0.9531
Kappa: 0.9062
AUC: 0.9570
Expected Cost: 0.1875
Loss Function Used: nicme_hybrid
Total Test Samples: 64
Classes: benign, malignant

Detailed metrics and visualizations saved to: results/vit_test/stop2c_frontier_breakhis_vit_hybrid_s0.5_l0.25_04-28_07-32
============================================================
