Prepared manifest loaded — Train=256, Val=64, Calibration=64, Test=64
cuda
Using model backend=hf_auto type=vit with 2 labels
Early stopping enabled with patience=2
Using device: cuda
{'eval_loss': '0.7037', 'eval_accuracy': '0.5', 'eval_f1': '0.3333', 'eval_balanced_accuracy': '0.5', 'eval_macro_f1': '0.3333', 'eval_atc': '0.5', 'eval_normalized_atc': '0.05', 'eval_target_recall': '1', 'eval_target_fnr': '0', 'eval_selection_score': '0.1725', 'eval_selection_accuracy_value': '0.5', 'eval_nll': '0.6708', 'eval_brier': '0.4779', 'eval_ece': '0.1617', 'eval_auroc': '0.8896', 'eval_auprc': '0.894', 'eval_runtime': '1.954', 'eval_samples_per_second': '32.74', 'eval_steps_per_second': '2.047', 'epoch': '1'}
CustomImageProcessor configuration saved to checkpoints/stop2c_frontier_breakhis_vit_logit_s0.75/checkpoint-4/preprocessor_config.json
{'eval_loss': '0.6636', 'eval_accuracy': '0.7031', 'eval_f1': '0.6744', 'eval_balanced_accuracy': '0.7031', 'eval_macro_f1': '0.6744', 'eval_atc': '0.2969', 'eval_normalized_atc': '0.02969', 'eval_target_recall': '1', 'eval_target_fnr': '0', 'eval_selection_score': '0.05126', 'eval_selection_accuracy_value': '0.7031', 'eval_nll': '0.6451', 'eval_brier': '0.4523', 'eval_ece': '0.1549', 'eval_auroc': '0.8828', 'eval_auprc': '0.8519', 'eval_runtime': '2.096', 'eval_samples_per_second': '30.54', 'eval_steps_per_second': '1.908', 'epoch': '2'}
CustomImageProcessor configuration saved to checkpoints/stop2c_frontier_breakhis_vit_logit_s0.75/checkpoint-8/preprocessor_config.json
{'loss': '2.871', 'grad_norm': '5.036', 'learning_rate': '8.716e-05', 'epoch': '2.5'}
{'eval_loss': '0.6037', 'eval_accuracy': '0.8594', 'eval_f1': '0.8565', 'eval_balanced_accuracy': '0.8594', 'eval_macro_f1': '0.8565', 'eval_atc': '0.1406', 'eval_normalized_atc': '0.01406', 'eval_target_recall': '1', 'eval_target_fnr': '0', 'eval_selection_score': '0.01406', 'eval_selection_accuracy_value': '0.8594', 'eval_nll': '0.5749', 'eval_brier': '0.3835', 'eval_ece': '0.2789', 'eval_auroc': '0.8643', 'eval_auprc': '0.8041', 'eval_runtime': '1.836', 'eval_samples_per_second': '34.85', 'eval_steps_per_second': '2.178', 'epoch': '3'}
CustomImageProcessor configuration saved to checkpoints/stop2c_frontier_breakhis_vit_logit_s0.75/checkpoint-12/preprocessor_config.json
{'eval_loss': '0.6409', 'eval_accuracy': '0.8438', 'eval_f1': '0.8398', 'eval_balanced_accuracy': '0.8438', 'eval_macro_f1': '0.8398', 'eval_atc': '0.1562', 'eval_normalized_atc': '0.01562', 'eval_target_recall': '1', 'eval_target_fnr': '0', 'eval_selection_score': '0.01566', 'eval_selection_accuracy_value': '0.8438', 'eval_nll': '0.5435', 'eval_brier': '0.3567', 'eval_ece': '0.1623', 'eval_auroc': '0.8594', 'eval_auprc': '0.8008', 'eval_runtime': '1.892', 'eval_samples_per_second': '33.83', 'eval_steps_per_second': '2.114', 'epoch': '4'}
CustomImageProcessor configuration saved to checkpoints/stop2c_frontier_breakhis_vit_logit_s0.75/checkpoint-16/preprocessor_config.json
{'loss': '2.271', 'grad_norm': '10.95', 'learning_rate': '3.96e-05', 'epoch': '5'}
{'eval_loss': '0.5973', 'eval_accuracy': '0.8594', 'eval_f1': '0.8565', 'eval_balanced_accuracy': '0.8594', 'eval_macro_f1': '0.8565', 'eval_atc': '0.1406', 'eval_normalized_atc': '0.01406', 'eval_target_recall': '1', 'eval_target_fnr': '0', 'eval_selection_score': '0.01406', 'eval_selection_accuracy_value': '0.8594', 'eval_nll': '0.5182', 'eval_brier': '0.3306', 'eval_ece': '0.1995', 'eval_auroc': '0.8584', 'eval_auprc': '0.7914', 'eval_runtime': '1.683', 'eval_samples_per_second': '38.03', 'eval_steps_per_second': '2.377', 'epoch': '5'}
CustomImageProcessor configuration saved to checkpoints/stop2c_frontier_breakhis_vit_logit_s0.75/checkpoint-20/preprocessor_config.json
{'train_runtime': '22.92', 'train_samples_per_second': '89.35', 'train_steps_per_second': '1.396', 'train_loss': '2.571', 'epoch': '5'}
***** train metrics *****
  epoch                    =        5.0
  total_flos               = 92377650GF
  train_loss               =      2.571
  train_runtime            = 0:00:22.92
  train_samples_per_second =     89.348
  train_steps_per_second   =      1.396
Using device: cuda

============================================================
PERFORMING COMPREHENSIVE EVALUATION
============================================================
Results will be saved to: results/vit_test/stop2c_frontier_breakhis_vit_logit_s0.75_04-28_07-37
Saving run configuration...
Run configuration saved to: results/vit_test/stop2c_frontier_breakhis_vit_logit_s0.75_04-28_07-37/run_configuration_20260428_073744.json
Running model evaluation...
Computing detailed metrics...
Saving metrics to files...
Metrics saved to: results/vit_test/stop2c_frontier_breakhis_vit_logit_s0.75_04-28_07-37/metrics_20260428_073751_nicme_logit_adjustment.json and results/vit_test/stop2c_frontier_breakhis_vit_logit_s0.75_04-28_07-37/metrics_20260428_073751_nicme_logit_adjustment.txt
Creating confusion matrix visualizations...
Using provided class names: ['benign', 'malignant']
Confusion matrix visualizations (3-panel) saved to: results/vit_test/stop2c_frontier_breakhis_vit_logit_s0.75_04-28_07-37/confusion_matrix_20260428_073751_nicme_logit_adjustment.png and results/vit_test/stop2c_frontier_breakhis_vit_logit_s0.75_04-28_07-37/confusion_matrix_20260428_073751_nicme_logit_adjustment.pdf
Detailed confusion matrix saved to: results/vit_test/stop2c_frontier_breakhis_vit_logit_s0.75_04-28_07-37/confusion_matrix_detailed_20260428_073751_nicme_logit_adjustment.png

============================================================
TRAINING COMPLETED - RESULTS SUMMARY
============================================================
Output Directory: results/vit_test/stop2c_frontier_breakhis_vit_logit_s0.75_04-28_07-37
Overall Accuracy: 0.9219
Balanced Accuracy: 0.9219
Overall F1 Score: 0.9217
Kappa: 0.8438
AUC: 0.9580
Expected Cost: 0.6406
Loss Function Used: nicme_logit_adjustment
Total Test Samples: 64
Classes: benign, malignant

Detailed metrics and visualizations saved to: results/vit_test/stop2c_frontier_breakhis_vit_logit_s0.75_04-28_07-37
============================================================
