Prepared manifest loaded — Train=970, Val=310, Calibration=0, Test=320
cuda
Using model backend=timm type=pmi10_sota_convnext_base with 10 labels
Early stopping enabled with patience=5
Using device: cuda
{'loss': '7.552', 'grad_norm': '55.18', 'learning_rate': '5e-05', 'epoch': '0.6557'}
{'eval_loss': '1.144', 'eval_accuracy': '0.6839', 'eval_f1': '0.6425', 'eval_balanced_accuracy': '0.6839', 'eval_macro_f1': '0.6425', 'eval_atc': '0.5484', 'eval_normalized_atc': '0.05484', 'eval_target_recall': '0.6129', 'eval_target_recall_macro': '0.8387', 'eval_target_fnr': '0.09677', 'eval_selection_score': '0.398', 'eval_selection_accuracy_value': '0.6839', 'eval_nll': '1.053', 'eval_brier': '0.5123', 'eval_ece': '0.2128', 'eval_auroc': '0', 'eval_auprc': '0', 'eval_runtime': '4.254', 'eval_samples_per_second': '72.88', 'eval_steps_per_second': '4.702', 'epoch': '1'}
CustomImageProcessor configuration saved to checkpoints/smoke_nicme_v3_hybrid_pretty_lr1e4_s42/checkpoint-16/preprocessor_config.json
{'train_runtime': '18.59', 'train_samples_per_second': '52.17', 'train_steps_per_second': '0.861', 'train_loss': '6.284', 'epoch': '1'}
***** train metrics *****
  epoch                    =        1.0
  total_flos               =        0GF
  train_loss               =     6.2842
  train_runtime            = 0:00:18.59
  train_samples_per_second =     52.169
  train_steps_per_second   =      0.861
Using device: cuda

============================================================
PERFORMING COMPREHENSIVE EVALUATION
============================================================
Results will be saved to: results/pmi10_sota_convnext_base_test/smoke_nicme_v3_hybrid_pretty_lr1e4_s42_05-02_18-21
Saving run configuration...
Run configuration saved to: results/pmi10_sota_convnext_base_test/smoke_nicme_v3_hybrid_pretty_lr1e4_s42_05-02_18-21/run_configuration_20260502_182138.json
Running model evaluation...
Computing detailed metrics...
Saving metrics to files...
Metrics saved to: results/pmi10_sota_convnext_base_test/smoke_nicme_v3_hybrid_pretty_lr1e4_s42_05-02_18-21/metrics_20260502_182147_nicme_v3_hybrid.json and results/pmi10_sota_convnext_base_test/smoke_nicme_v3_hybrid_pretty_lr1e4_s42_05-02_18-21/metrics_20260502_182147_nicme_v3_hybrid.txt
Using provided class names: ['00378-0208', '00378-3855', '00591-0461', '16729-0020', '50111-0434', '53489-0156', '53746-0544', '62037-0831', '68382-0008', '68382-0227']
Skipping confusion matrix visualizations by configuration.

============================================================
TRAINING COMPLETED - RESULTS SUMMARY
============================================================
Output Directory: results/pmi10_sota_convnext_base_test/smoke_nicme_v3_hybrid_pretty_lr1e4_s42_05-02_18-21
Overall Accuracy: 0.7219
Balanced Accuracy: 0.7219
Overall F1 Score: 0.6861
Kappa: 0.6910
AUC: 0.9713
Expected Cost: 0.3844
Loss Function Used: nicme_v3_hybrid
Total Test Samples: 320
Classes: 00378-0208, 00378-3855, 00591-0461, 16729-0020, 50111-0434, 53489-0156, 53746-0544, 62037-0831, 68382-0008, 68382-0227

Detailed metrics saved to: results/pmi10_sota_convnext_base_test/smoke_nicme_v3_hybrid_pretty_lr1e4_s42_05-02_18-21
============================================================
