Prepared manifest loaded — Train=970, Val=310, Calibration=0, Test=320
cuda
Using model backend=timm type=pmi10_sota_convnext_base with 10 labels
Loaded initial checkpoint: checkpoints/smoke_ce_anchor_pretty_lr1e4_s42/checkpoint-16/model.safetensors
Early stopping enabled with patience=3
Using device: cuda
{'loss': '5.738', 'grad_norm': '40.24', 'learning_rate': '5e-06', 'epoch': '0.6557'}
{'eval_loss': '1.391', 'eval_accuracy': '0.6226', 'eval_f1': '0.5646', 'eval_balanced_accuracy': '0.6226', 'eval_macro_f1': '0.5646', 'eval_atc': '0.4355', 'eval_normalized_atc': '0.04355', 'eval_target_recall': '0.3871', 'eval_target_recall_macro': '0.7903', 'eval_target_fnr': '0', 'eval_selection_score': '1.127', 'eval_selection_accuracy_value': '0.6226', 'eval_nll': '0.9485', 'eval_brier': '0.4884', 'eval_ece': '0.1084', 'eval_auroc': '0', 'eval_auprc': '0', 'eval_runtime': '4.48', 'eval_samples_per_second': '69.2', 'eval_steps_per_second': '4.464', 'epoch': '1'}
CustomImageProcessor configuration saved to checkpoints/smoke_ap_csada_lr1e4_s42/checkpoint-16/preprocessor_config.json
{'train_runtime': '18.83', 'train_samples_per_second': '51.51', 'train_steps_per_second': '0.85', 'train_loss': '5.361', 'epoch': '1'}
***** train metrics *****
  epoch                    =        1.0
  total_flos               =        0GF
  train_loss               =      5.361
  train_runtime            = 0:00:18.83
  train_samples_per_second =     51.508
  train_steps_per_second   =       0.85
Using device: cuda

============================================================
PERFORMING COMPREHENSIVE EVALUATION
============================================================
Results will be saved to: results/pmi10_sota_convnext_base_test/smoke_ap_csada_lr1e4_s42_05-02_18-26
Saving run configuration...
Run configuration saved to: results/pmi10_sota_convnext_base_test/smoke_ap_csada_lr1e4_s42_05-02_18-26/run_configuration_20260502_182658.json
Running model evaluation...
Computing detailed metrics...
Saving metrics to files...
Metrics saved to: results/pmi10_sota_convnext_base_test/smoke_ap_csada_lr1e4_s42_05-02_18-26/metrics_20260502_182707_ap_csada.json and results/pmi10_sota_convnext_base_test/smoke_ap_csada_lr1e4_s42_05-02_18-26/metrics_20260502_182707_ap_csada.txt
Using provided class names: ['00378-0208', '00378-3855', '00591-0461', '16729-0020', '50111-0434', '53489-0156', '53746-0544', '62037-0831', '68382-0008', '68382-0227']
Skipping confusion matrix visualizations by configuration.

============================================================
TRAINING COMPLETED - RESULTS SUMMARY
============================================================
Output Directory: results/pmi10_sota_convnext_base_test/smoke_ap_csada_lr1e4_s42_05-02_18-26
Overall Accuracy: 0.6656
Balanced Accuracy: 0.6656
Overall F1 Score: 0.6291
Kappa: 0.6285
AUC: 0.9744
Expected Cost: 0.4406
Loss Function Used: ap_csada
Total Test Samples: 320
Classes: 00378-0208, 00378-3855, 00591-0461, 16729-0020, 50111-0434, 53489-0156, 53746-0544, 62037-0831, 68382-0008, 68382-0227

Detailed metrics saved to: results/pmi10_sota_convnext_base_test/smoke_ap_csada_lr1e4_s42_05-02_18-26
============================================================
