Prepared manifest loaded — Train=1940, Val=320, Calibration=300, Test=640
cuda
Using model backend=timm type=pmi20_sota_convnext_base with 20 labels
Early stopping enabled with patience=5
Using device: cuda
{'loss': '12.19', 'grad_norm': '19.35', 'learning_rate': '4.5e-06', 'epoch': '0.3279'}
{'loss': '11.75', 'grad_norm': '17.46', 'learning_rate': '9.5e-06', 'epoch': '0.6557'}
{'loss': '10.54', 'grad_norm': '26.24', 'learning_rate': '1.45e-05', 'epoch': '0.9836'}
{'eval_loss': '2.407', 'eval_accuracy': '0.2531', 'eval_f1': '0.2025', 'eval_balanced_accuracy': '0.2531', 'eval_macro_f1': '0.2025', 'eval_atc': '1.084', 'eval_normalized_atc': '0.1084', 'eval_target_recall': '0', 'eval_target_recall_macro': '0.4375', 'eval_target_fnr': '0.4375', 'eval_selection_score': '3.648', 'eval_selection_accuracy_value': '0.2531', 'eval_nll': '2.432', 'eval_brier': '0.8702', 'eval_ece': '0.1063', 'eval_auroc': '0', 'eval_auprc': '0', 'eval_runtime': '4.122', 'eval_samples_per_second': '77.63', 'eval_steps_per_second': '4.852', 'epoch': '1'}
CustomImageProcessor configuration saved to checkpoints/pmi20_run_cost_weighted_ce_lr5e5_s44/checkpoint-31/preprocessor_config.json
{'loss': '8.493', 'grad_norm': '30.18', 'learning_rate': '1.95e-05', 'epoch': '1.295'}
{'loss': '6.697', 'grad_norm': '31.28', 'learning_rate': '2.45e-05', 'epoch': '1.623'}
{'loss': '4.67', 'grad_norm': '27.82', 'learning_rate': '2.95e-05', 'epoch': '1.951'}
{'eval_loss': '0.8616', 'eval_accuracy': '0.7438', 'eval_f1': '0.7212', 'eval_balanced_accuracy': '0.7438', 'eval_macro_f1': '0.7212', 'eval_atc': '0.3406', 'eval_normalized_atc': '0.03406', 'eval_target_recall': '0.125', 'eval_target_recall_macro': '0.7344', 'eval_target_fnr': '0', 'eval_selection_score': '2.44', 'eval_selection_accuracy_value': '0.7438', 'eval_nll': '0.8559', 'eval_brier': '0.3996', 'eval_ece': '0.202', 'eval_auroc': '0', 'eval_auprc': '0', 'eval_runtime': '3.933', 'eval_samples_per_second': '81.37', 'eval_steps_per_second': '5.086', 'epoch': '2'}
CustomImageProcessor configuration saved to checkpoints/pmi20_run_cost_weighted_ce_lr5e5_s44/checkpoint-62/preprocessor_config.json
{'loss': '2.903', 'grad_norm': '33.95', 'learning_rate': '3.45e-05', 'epoch': '2.262'}
{'loss': '2.345', 'grad_norm': '33.07', 'learning_rate': '3.95e-05', 'epoch': '2.59'}
{'loss': '1.878', 'grad_norm': '52.24', 'learning_rate': '4.45e-05', 'epoch': '2.918'}
{'eval_loss': '0.3846', 'eval_accuracy': '0.8719', 'eval_f1': '0.8654', 'eval_balanced_accuracy': '0.8719', 'eval_macro_f1': '0.8654', 'eval_atc': '0.15', 'eval_normalized_atc': '0.015', 'eval_target_recall': '0.8125', 'eval_target_recall_macro': '0.9375', 'eval_target_fnr': '0', 'eval_selection_score': '0.04563', 'eval_selection_accuracy_value': '0.8719', 'eval_nll': '0.3928', 'eval_brier': '0.2015', 'eval_ece': '0.1189', 'eval_auroc': '0', 'eval_auprc': '0', 'eval_runtime': '4.199', 'eval_samples_per_second': '76.21', 'eval_steps_per_second': '4.763', 'epoch': '3'}
CustomImageProcessor configuration saved to checkpoints/pmi20_run_cost_weighted_ce_lr5e5_s44/checkpoint-93/preprocessor_config.json
{'loss': '1.483', 'grad_norm': '48.62', 'learning_rate': '4.95e-05', 'epoch': '3.23'}
{'loss': '1.333', 'grad_norm': '36.52', 'learning_rate': '4.999e-05', 'epoch': '3.557'}
{'loss': '1.171', 'grad_norm': '29.47', 'learning_rate': '4.994e-05', 'epoch': '3.885'}
{'eval_loss': '0.3545', 'eval_accuracy': '0.8469', 'eval_f1': '0.8137', 'eval_balanced_accuracy': '0.8469', 'eval_macro_f1': '0.8137', 'eval_atc': '0.4344', 'eval_normalized_atc': '0.04344', 'eval_target_recall': '0.125', 'eval_target_recall_macro': '0.7031', 'eval_target_fnr': '0', 'eval_selection_score': '2.446', 'eval_selection_accuracy_value': '0.8469', 'eval_nll': '0.3321', 'eval_brier': '0.185', 'eval_ece': '0.05966', 'eval_auroc': '0', 'eval_auprc': '0', 'eval_runtime': '4.198', 'eval_samples_per_second': '76.23', 'eval_steps_per_second': '4.764', 'epoch': '4'}
CustomImageProcessor configuration saved to checkpoints/pmi20_run_cost_weighted_ce_lr5e5_s44/checkpoint-124/preprocessor_config.json
{'loss': '0.8966', 'grad_norm': '52.18', 'learning_rate': '4.987e-05', 'epoch': '4.197'}
{'loss': '0.8778', 'grad_norm': '42.13', 'learning_rate': '4.976e-05', 'epoch': '4.525'}
{'loss': '0.7112', 'grad_norm': '22.54', 'learning_rate': '4.963e-05', 'epoch': '4.852'}
{'eval_loss': '0.1998', 'eval_accuracy': '0.9437', 'eval_f1': '0.9419', 'eval_balanced_accuracy': '0.9437', 'eval_macro_f1': '0.9419', 'eval_atc': '0.1688', 'eval_normalized_atc': '0.01688', 'eval_target_recall': '0.6875', 'eval_target_recall_macro': '0.9219', 'eval_target_fnr': '0', 'eval_selection_score': '0.1975', 'eval_selection_accuracy_value': '0.9437', 'eval_nll': '0.1955', 'eval_brier': '0.09537', 'eval_ece': '0.05586', 'eval_auroc': '0', 'eval_auprc': '0', 'eval_runtime': '3.748', 'eval_samples_per_second': '85.39', 'eval_steps_per_second': '5.337', 'epoch': '5'}
CustomImageProcessor configuration saved to checkpoints/pmi20_run_cost_weighted_ce_lr5e5_s44/checkpoint-155/preprocessor_config.json
{'loss': '0.5796', 'grad_norm': '28.45', 'learning_rate': '4.946e-05', 'epoch': '5.164'}
{'loss': '0.413', 'grad_norm': '11.66', 'learning_rate': '4.927e-05', 'epoch': '5.492'}
{'loss': '0.5197', 'grad_norm': '42.24', 'learning_rate': '4.904e-05', 'epoch': '5.82'}
{'eval_loss': '0.1329', 'eval_accuracy': '0.9531', 'eval_f1': '0.9501', 'eval_balanced_accuracy': '0.9531', 'eval_macro_f1': '0.9501', 'eval_atc': '0.04688', 'eval_normalized_atc': '0.004687', 'eval_target_recall': '1', 'eval_target_recall_macro': '1', 'eval_target_fnr': '0', 'eval_selection_score': '0.004687', 'eval_selection_accuracy_value': '0.9531', 'eval_nll': '0.1383', 'eval_brier': '0.07452', 'eval_ece': '0.04104', 'eval_auroc': '0', 'eval_auprc': '0', 'eval_runtime': '3.95', 'eval_samples_per_second': '81.01', 'eval_steps_per_second': '5.063', 'epoch': '6'}
CustomImageProcessor configuration saved to checkpoints/pmi20_run_cost_weighted_ce_lr5e5_s44/checkpoint-186/preprocessor_config.json
{'loss': '0.4656', 'grad_norm': '21.86', 'learning_rate': '4.878e-05', 'epoch': '6.131'}
{'loss': '0.3619', 'grad_norm': '36.44', 'learning_rate': '4.85e-05', 'epoch': '6.459'}
{'loss': '0.2896', 'grad_norm': '37.83', 'learning_rate': '4.818e-05', 'epoch': '6.787'}
{'eval_loss': '0.1065', 'eval_accuracy': '0.9625', 'eval_f1': '0.9622', 'eval_balanced_accuracy': '0.9625', 'eval_macro_f1': '0.9622', 'eval_atc': '0.09375', 'eval_normalized_atc': '0.009375', 'eval_target_recall': '0.875', 'eval_target_recall_macro': '0.9688', 'eval_target_fnr': '0', 'eval_selection_score': '0.01188', 'eval_selection_accuracy_value': '0.9625', 'eval_nll': '0.1101', 'eval_brier': '0.05981', 'eval_ece': '0.01919', 'eval_auroc': '0', 'eval_auprc': '0', 'eval_runtime': '3.53', 'eval_samples_per_second': '90.64', 'eval_steps_per_second': '5.665', 'epoch': '7'}
CustomImageProcessor configuration saved to checkpoints/pmi20_run_cost_weighted_ce_lr5e5_s44/checkpoint-217/preprocessor_config.json
{'loss': '0.1832', 'grad_norm': '11.54', 'learning_rate': '4.784e-05', 'epoch': '7.098'}
{'loss': '0.1819', 'grad_norm': '18.09', 'learning_rate': '4.746e-05', 'epoch': '7.426'}
{'loss': '0.201', 'grad_norm': '12.43', 'learning_rate': '4.706e-05', 'epoch': '7.754'}
{'eval_loss': '0.08542', 'eval_accuracy': '0.9719', 'eval_f1': '0.9717', 'eval_balanced_accuracy': '0.9719', 'eval_macro_f1': '0.9717', 'eval_atc': '0.1125', 'eval_normalized_atc': '0.01125', 'eval_target_recall': '0.875', 'eval_target_recall_macro': '0.9531', 'eval_target_fnr': '0', 'eval_selection_score': '0.01375', 'eval_selection_accuracy_value': '0.9719', 'eval_nll': '0.08353', 'eval_brier': '0.0428', 'eval_ece': '0.01144', 'eval_auroc': '0', 'eval_auprc': '0', 'eval_runtime': '4.061', 'eval_samples_per_second': '78.8', 'eval_steps_per_second': '4.925', 'epoch': '8'}
CustomImageProcessor configuration saved to checkpoints/pmi20_run_cost_weighted_ce_lr5e5_s44/checkpoint-248/preprocessor_config.json
{'loss': '0.1366', 'grad_norm': '3.692', 'learning_rate': '4.664e-05', 'epoch': '8.066'}
{'loss': '0.1854', 'grad_norm': '39.08', 'learning_rate': '4.618e-05', 'epoch': '8.393'}
{'loss': '0.261', 'grad_norm': '60.2', 'learning_rate': '4.57e-05', 'epoch': '8.721'}
{'eval_loss': '0.09051', 'eval_accuracy': '0.9594', 'eval_f1': '0.9591', 'eval_balanced_accuracy': '0.9594', 'eval_macro_f1': '0.9591', 'eval_atc': '0.1531', 'eval_normalized_atc': '0.01531', 'eval_target_recall': '0.875', 'eval_target_recall_macro': '0.9375', 'eval_target_fnr': '0.125', 'eval_selection_score': '0.01781', 'eval_selection_accuracy_value': '0.9594', 'eval_nll': '0.08557', 'eval_brier': '0.05171', 'eval_ece': '0.02237', 'eval_auroc': '0', 'eval_auprc': '0', 'eval_runtime': '3.88', 'eval_samples_per_second': '82.47', 'eval_steps_per_second': '5.155', 'epoch': '9'}
CustomImageProcessor configuration saved to checkpoints/pmi20_run_cost_weighted_ce_lr5e5_s44/checkpoint-279/preprocessor_config.json
{'loss': '0.1792', 'grad_norm': '34.41', 'learning_rate': '4.519e-05', 'epoch': '9.033'}
{'loss': '0.06882', 'grad_norm': '3.208', 'learning_rate': '4.466e-05', 'epoch': '9.361'}
{'loss': '0.06122', 'grad_norm': '38.43', 'learning_rate': '4.411e-05', 'epoch': '9.689'}
{'loss': '0.1535', 'grad_norm': '0.5881', 'learning_rate': '4.353e-05', 'epoch': '10'}
{'eval_loss': '0.07006', 'eval_accuracy': '0.9812', 'eval_f1': '0.9812', 'eval_balanced_accuracy': '0.9812', 'eval_macro_f1': '0.9812', 'eval_atc': '0.075', 'eval_normalized_atc': '0.0075', 'eval_target_recall': '0.875', 'eval_target_recall_macro': '0.9688', 'eval_target_fnr': '0', 'eval_selection_score': '0.01', 'eval_selection_accuracy_value': '0.9812', 'eval_nll': '0.0669', 'eval_brier': '0.03297', 'eval_ece': '0.01381', 'eval_auroc': '0', 'eval_auprc': '0', 'eval_runtime': '4.072', 'eval_samples_per_second': '78.58', 'eval_steps_per_second': '4.912', 'epoch': '10'}
CustomImageProcessor configuration saved to checkpoints/pmi20_run_cost_weighted_ce_lr5e5_s44/checkpoint-310/preprocessor_config.json
{'loss': '0.06449', 'grad_norm': '22', 'learning_rate': '4.292e-05', 'epoch': '10.33'}
{'loss': '0.09349', 'grad_norm': '21.96', 'learning_rate': '4.23e-05', 'epoch': '10.66'}
{'loss': '0.1129', 'grad_norm': '5.691', 'learning_rate': '4.165e-05', 'epoch': '10.98'}
{'eval_loss': '0.08635', 'eval_accuracy': '0.975', 'eval_f1': '0.9746', 'eval_balanced_accuracy': '0.975', 'eval_macro_f1': '0.9746', 'eval_atc': '0.08125', 'eval_normalized_atc': '0.008125', 'eval_target_recall': '0.875', 'eval_target_recall_macro': '0.9688', 'eval_target_fnr': '0', 'eval_selection_score': '0.01063', 'eval_selection_accuracy_value': '0.975', 'eval_nll': '0.09047', 'eval_brier': '0.03973', 'eval_ece': '0.02216', 'eval_auroc': '0', 'eval_auprc': '0', 'eval_runtime': '9.044', 'eval_samples_per_second': '35.38', 'eval_steps_per_second': '2.211', 'epoch': '11'}
CustomImageProcessor configuration saved to checkpoints/pmi20_run_cost_weighted_ce_lr5e5_s44/checkpoint-341/preprocessor_config.json
{'train_runtime': '297.8', 'train_samples_per_second': '208.4', 'train_steps_per_second': '3.331', 'train_loss': '2.125', 'epoch': '11'}
***** train metrics *****
  epoch                    =       11.0
  total_flos               =        0GF
  train_loss               =     2.1247
  train_runtime            = 0:04:57.84
  train_samples_per_second =    208.427
  train_steps_per_second   =      3.331
Using device: cuda

============================================================
PERFORMING COMPREHENSIVE EVALUATION
============================================================
Results will be saved to: results/pmi20_sota_convnext_base_test/pmi20_run_cost_weighted_ce_lr5e5_s44_05-04_10-25
Saving run configuration...
Run configuration saved to: results/pmi20_sota_convnext_base_test/pmi20_run_cost_weighted_ce_lr5e5_s44_05-04_10-25/run_configuration_20260504_102534.json
Running model evaluation...
Computing detailed metrics...
Saving metrics to files...
Metrics saved to: results/pmi20_sota_convnext_base_test/pmi20_run_cost_weighted_ce_lr5e5_s44_05-04_10-25/metrics_20260504_102547_cost_weighted_ce.json and results/pmi20_sota_convnext_base_test/pmi20_run_cost_weighted_ce_lr5e5_s44_05-04_10-25/metrics_20260504_102547_cost_weighted_ce.txt
Using provided class names: ['00378-0208', '00378-3855', '00591-0461', '16729-0020', '16729-0168', '50111-0434', '53489-0156', '53746-0544', '57664-0377', '62037-0831', '62037-0832', '64380-0803', '65162-0253', '67253-0901', '68382-0008', '68382-0227', '69097-0127', '69097-0128', '69315-0904', '69315-0905']
Skipping confusion matrix visualizations by configuration.

============================================================
TRAINING COMPLETED - RESULTS SUMMARY
============================================================
Output Directory: results/pmi20_sota_convnext_base_test/pmi20_run_cost_weighted_ce_lr5e5_s44_05-04_10-25
Overall Accuracy: 0.9469
Balanced Accuracy: 0.9469
Overall F1 Score: 0.9445
Kappa: 0.9441
AUC: 0.9995
Expected Cost: 0.0813
Loss Function Used: cost_weighted_ce
Total Test Samples: 640
Classes: 00378-0208, 00378-3855, 00591-0461, 16729-0020, 16729-0168, 50111-0434, 53489-0156, 53746-0544, 57664-0377, 62037-0831, 62037-0832, 64380-0803, 65162-0253, 67253-0901, 68382-0008, 68382-0227, 69097-0127, 69097-0128, 69315-0904, 69315-0905

Detailed metrics saved to: results/pmi20_sota_convnext_base_test/pmi20_run_cost_weighted_ce_lr5e5_s44_05-04_10-25
============================================================
