
[2026-05-05T01:30:38-07:00] START gpu-check
[2026-05-05T01:30:38-07:00] CMD nvidia-smi
Tue May  5 01:30:38 2026       
+-----------------------------------------------------------------------------------------+
| NVIDIA-SMI 580.126.09             Driver Version: 580.126.09     CUDA Version: 13.0     |
+-----------------------------------------+------------------------+----------------------+
| GPU  Name                 Persistence-M | Bus-Id          Disp.A | Volatile Uncorr. ECC |
| Fan  Temp   Perf          Pwr:Usage/Cap |           Memory-Usage | GPU-Util  Compute M. |
|                                         |                        |               MIG M. |
|=========================================+========================+======================|
|   0  NVIDIA GeForce RTX 5090        Off |   00000000:01:00.0 Off |                  N/A |
|  0%   40C    P8              3W /  575W |     107MiB /  32607MiB |      0%      Default |
|                                         |                        |                  N/A |
+-----------------------------------------+------------------------+----------------------+

+-----------------------------------------------------------------------------------------+
| Processes:                                                                              |
|  GPU   GI   CI              PID   Type   Process name                        GPU Memory |
|        ID   ID                                                               Usage      |
|=========================================================================================|
|    0   N/A  N/A            2237      G   /usr/lib/xorg/Xorg                       65MiB |
|    0   N/A  N/A            2568      G   /usr/bin/gnome-shell                     11MiB |
+-----------------------------------------------------------------------------------------+
[2026-05-05T01:30:38-07:00] DONE gpu-check

[2026-05-05T01:30:38-07:00] START unit-tests
[2026-05-05T01:30:38-07:00] CMD micromamba run -n ml pytest -q tests/test_loss_functions.py tests/test_costs.py tests/test_dataset_profiles.py tests/test_sota_baselines_runner.py tests/test_pmi20_camera_ready_runner.py tests/test_binary_camera_ready_runner.py
.................................................................        [100%]
65 passed in 3.15s
[2026-05-05T01:30:42-07:00] DONE unit-tests

[2026-05-05T01:30:42-07:00] START preflight
[2026-05-05T01:30:42-07:00] CMD runner_cmd preflight
Binary camera-ready preflight passed
[2026-05-05T01:30:42-07:00] DONE preflight

[2026-05-05T01:30:42-07:00] START dry-run
[2026-05-05T01:30:42-07:00] CMD runner_cmd dry-run
Wrote 36 dry-run training configs under /mnt/storage/github/NICME/results/binary_camera_ready_cost8_7_lr5e5_multiseed_20260505
[2026-05-05T01:30:43-07:00] DONE dry-run

[2026-05-05T01:30:43-07:00] START smoke
[2026-05-05T01:30:43-07:00] CMD runner_cmd smoke --per-run-timeout-minutes 240
Completed 36 smoke training runs
[2026-05-05T02:14:45-07:00] DONE smoke

[2026-05-05T02:14:45-07:00] START long-binary-camera-ready-chain
[2026-05-05T02:14:45-07:00] CMD runner_cmd run --per-run-timeout-minutes 960
Completed 36 long training runs
[2026-05-05T04:48:28-07:00] DONE long-binary-camera-ready-chain

[2026-05-05T04:48:28-07:00] START analysis
[2026-05-05T04:48:28-07:00] CMD runner_cmd analyze
Wrote binary camera-ready analysis under /mnt/storage/github/NICME/results/binary_camera_ready_cost8_7_lr5e5_multiseed_20260505/analysis
[2026-05-05T04:48:28-07:00] DONE analysis
