Prepared manifest loaded — Train=2098, Val=300, Calibration=300, Test=300
cuda
Using model backend=timm type=binary_sota_convnext_base with 2 labels
Early stopping enabled with patience=5
Using device: cuda
{'loss': '3.188', 'grad_norm': '57.68', 'learning_rate': '4.245e-06', 'epoch': '0.303'}
{'loss': '2.021', 'grad_norm': '15.34', 'learning_rate': '8.962e-06', 'epoch': '0.6061'}
{'loss': '1.418', 'grad_norm': '10.56', 'learning_rate': '1.368e-05', 'epoch': '0.9091'}
{'eval_loss': '0.315', 'eval_accuracy': '0.5', 'eval_f1': '0.3333', 'eval_balanced_accuracy': '0.5', 'eval_macro_f1': '0.3333', 'eval_atc': '0.5', 'eval_normalized_atc': '0.0625', 'eval_target_recall': '1', 'eval_target_recall_macro': '1', 'eval_target_fnr': '0', 'eval_selection_score': '0.1525', 'eval_selection_accuracy_value': '0.5', 'eval_nll': '1.112', 'eval_brier': '0.7625', 'eval_ece': '0.3915', 'eval_auroc': '0.7481', 'eval_auprc': '0.7578', 'eval_runtime': '3.261', 'eval_samples_per_second': '92', 'eval_steps_per_second': '5.826', 'epoch': '1'}
CustomImageProcessor configuration saved to checkpoints/binary_camera_ready_cost8_7_lr5e5_multiseed_20260505/binary_spider_run_cost_weighted_ce_lr5e5_s42/checkpoint-33/preprocessor_config.json
{'loss': '1.206', 'grad_norm': '8.317', 'learning_rate': '1.84e-05', 'epoch': '1.212'}
{'loss': '0.9032', 'grad_norm': '6.127', 'learning_rate': '2.311e-05', 'epoch': '1.515'}
{'loss': '0.7383', 'grad_norm': '8.957', 'learning_rate': '2.783e-05', 'epoch': '1.818'}
{'eval_loss': '0.1172', 'eval_accuracy': '0.8367', 'eval_f1': '0.8322', 'eval_balanced_accuracy': '0.8367', 'eval_macro_f1': '0.8322', 'eval_atc': '0.1633', 'eval_normalized_atc': '0.02042', 'eval_target_recall': '1', 'eval_target_recall_macro': '1', 'eval_target_fnr': '0', 'eval_selection_score': '0.02042', 'eval_selection_accuracy_value': '0.8367', 'eval_nll': '0.3997', 'eval_brier': '0.2431', 'eval_ece': '0.06515', 'eval_auroc': '0.9755', 'eval_auprc': '0.9786', 'eval_runtime': '2.477', 'eval_samples_per_second': '121.1', 'eval_steps_per_second': '7.669', 'epoch': '2'}
CustomImageProcessor configuration saved to checkpoints/binary_camera_ready_cost8_7_lr5e5_multiseed_20260505/binary_spider_run_cost_weighted_ce_lr5e5_s42/checkpoint-66/preprocessor_config.json
{'loss': '0.4753', 'grad_norm': '14.75', 'learning_rate': '3.255e-05', 'epoch': '2.121'}
{'loss': '0.3993', 'grad_norm': '7.736', 'learning_rate': '3.726e-05', 'epoch': '2.424'}
{'loss': '0.3218', 'grad_norm': '16.54', 'learning_rate': '4.198e-05', 'epoch': '2.727'}
{'eval_loss': '0.1008', 'eval_accuracy': '0.9367', 'eval_f1': '0.9366', 'eval_balanced_accuracy': '0.9367', 'eval_macro_f1': '0.9366', 'eval_atc': '0.2267', 'eval_normalized_atc': '0.02833', 'eval_target_recall': '0.9533', 'eval_target_recall_macro': '0.9533', 'eval_target_fnr': '0.04667', 'eval_selection_score': '0.02833', 'eval_selection_accuracy_value': '0.9367', 'eval_nll': '0.1718', 'eval_brier': '0.09639', 'eval_ece': '0.02796', 'eval_auroc': '0.9881', 'eval_auprc': '0.9887', 'eval_runtime': '2.553', 'eval_samples_per_second': '117.5', 'eval_steps_per_second': '7.442', 'epoch': '3'}
CustomImageProcessor configuration saved to checkpoints/binary_camera_ready_cost8_7_lr5e5_multiseed_20260505/binary_spider_run_cost_weighted_ce_lr5e5_s42/checkpoint-99/preprocessor_config.json
{'loss': '0.4015', 'grad_norm': '31.85', 'learning_rate': '4.67e-05', 'epoch': '3.03'}
{'loss': '0.2227', 'grad_norm': '8.95', 'learning_rate': '5e-05', 'epoch': '3.333'}
{'loss': '0.2193', 'grad_norm': '12.77', 'learning_rate': '4.998e-05', 'epoch': '3.636'}
{'loss': '0.2638', 'grad_norm': '20.47', 'learning_rate': '4.993e-05', 'epoch': '3.939'}
{'eval_loss': '0.1083', 'eval_accuracy': '0.92', 'eval_f1': '0.9198', 'eval_balanced_accuracy': '0.92', 'eval_macro_f1': '0.9198', 'eval_atc': '0.1733', 'eval_normalized_atc': '0.02167', 'eval_target_recall': '0.9733', 'eval_target_recall_macro': '0.9733', 'eval_target_fnr': '0.02667', 'eval_selection_score': '0.02167', 'eval_selection_accuracy_value': '0.92', 'eval_nll': '0.2293', 'eval_brier': '0.1306', 'eval_ece': '0.052', 'eval_auroc': '0.9836', 'eval_auprc': '0.9841', 'eval_runtime': '2.171', 'eval_samples_per_second': '138.2', 'eval_steps_per_second': '8.751', 'epoch': '4'}
CustomImageProcessor configuration saved to checkpoints/binary_camera_ready_cost8_7_lr5e5_multiseed_20260505/binary_spider_run_cost_weighted_ce_lr5e5_s42/checkpoint-132/preprocessor_config.json
{'loss': '0.06655', 'grad_norm': '4.333', 'learning_rate': '4.985e-05', 'epoch': '4.242'}
{'loss': '0.0938', 'grad_norm': '17.98', 'learning_rate': '4.975e-05', 'epoch': '4.545'}
{'loss': '0.1894', 'grad_norm': '7.249', 'learning_rate': '4.962e-05', 'epoch': '4.848'}
{'eval_loss': '0.0694', 'eval_accuracy': '0.9133', 'eval_f1': '0.9129', 'eval_balanced_accuracy': '0.9133', 'eval_macro_f1': '0.9129', 'eval_atc': '0.1333', 'eval_normalized_atc': '0.01667', 'eval_target_recall': '0.9867', 'eval_target_recall_macro': '0.9867', 'eval_target_fnr': '0.01333', 'eval_selection_score': '0.01667', 'eval_selection_accuracy_value': '0.9133', 'eval_nll': '0.2176', 'eval_brier': '0.1322', 'eval_ece': '0.0653', 'eval_auroc': '0.9914', 'eval_auprc': '0.9914', 'eval_runtime': '2.368', 'eval_samples_per_second': '126.7', 'eval_steps_per_second': '8.024', 'epoch': '5'}
CustomImageProcessor configuration saved to checkpoints/binary_camera_ready_cost8_7_lr5e5_multiseed_20260505/binary_spider_run_cost_weighted_ce_lr5e5_s42/checkpoint-165/preprocessor_config.json
{'loss': '0.08959', 'grad_norm': '8.086', 'learning_rate': '4.946e-05', 'epoch': '5.152'}
{'loss': '0.1109', 'grad_norm': '10.19', 'learning_rate': '4.928e-05', 'epoch': '5.455'}
{'loss': '0.1635', 'grad_norm': '12.09', 'learning_rate': '4.906e-05', 'epoch': '5.758'}
{'eval_loss': '0.07276', 'eval_accuracy': '0.9233', 'eval_f1': '0.9231', 'eval_balanced_accuracy': '0.9233', 'eval_macro_f1': '0.9231', 'eval_atc': '0.17', 'eval_normalized_atc': '0.02125', 'eval_target_recall': '0.9733', 'eval_target_recall_macro': '0.9733', 'eval_target_fnr': '0.02667', 'eval_selection_score': '0.02125', 'eval_selection_accuracy_value': '0.9233', 'eval_nll': '0.2054', 'eval_brier': '0.1159', 'eval_ece': '0.05207', 'eval_auroc': '0.9925', 'eval_auprc': '0.9927', 'eval_runtime': '2.113', 'eval_samples_per_second': '142', 'eval_steps_per_second': '8.993', 'epoch': '6'}
CustomImageProcessor configuration saved to checkpoints/binary_camera_ready_cost8_7_lr5e5_multiseed_20260505/binary_spider_run_cost_weighted_ce_lr5e5_s42/checkpoint-198/preprocessor_config.json
{'train_runtime': '103.2', 'train_samples_per_second': '650.8', 'train_steps_per_second': '10.24', 'train_loss': '0.6375', 'epoch': '6'}
***** train metrics *****
  epoch                    =        6.0
  total_flos               =        0GF
  train_loss               =     0.6375
  train_runtime            = 0:01:43.16
  train_samples_per_second =    650.764
  train_steps_per_second   =     10.236
Using device: cuda

============================================================
PERFORMING COMPREHENSIVE EVALUATION
============================================================
Results will be saved to: results/binary_sota_convnext_base_test/binary_spider_run_cost_weighted_ce_lr5e5_s42_05-05_02-27
Saving run configuration...
Run configuration saved to: results/binary_sota_convnext_base_test/binary_spider_run_cost_weighted_ce_lr5e5_s42_05-05_02-27/run_configuration_20260505_022714.json
Running model evaluation...
Computing detailed metrics...
Saving metrics to files...
Metrics saved to: results/binary_sota_convnext_base_test/binary_spider_run_cost_weighted_ce_lr5e5_s42_05-05_02-27/metrics_20260505_022719_cost_weighted_ce.json and results/binary_sota_convnext_base_test/binary_spider_run_cost_weighted_ce_lr5e5_s42_05-05_02-27/metrics_20260505_022719_cost_weighted_ce.txt
Using provided class names: ['black_widow', 'false_widow']
Skipping confusion matrix visualizations by configuration.

============================================================
TRAINING COMPLETED - RESULTS SUMMARY
============================================================
Output Directory: results/binary_sota_convnext_base_test/binary_spider_run_cost_weighted_ce_lr5e5_s42_05-05_02-27
Overall Accuracy: 0.5000
Balanced Accuracy: 0.5000
Overall F1 Score: 0.3333
Kappa: 0.0000
AUC: 0.8070
Expected Cost: 0.5000
Loss Function Used: cost_weighted_ce
Total Test Samples: 300
Classes: black_widow, false_widow

Detailed metrics saved to: results/binary_sota_convnext_base_test/binary_spider_run_cost_weighted_ce_lr5e5_s42_05-05_02-27
============================================================
