Prepared manifest loaded — Train=1940, Val=320, Calibration=300, Test=640
cuda
Using model backend=timm type=pmi20_sota_convnext_base with 20 labels
Early stopping enabled with patience=5
Using device: cuda
{'loss': '12.13', 'grad_norm': '19.15', 'learning_rate': '4.5e-06', 'epoch': '0.3279'}
{'loss': '11.73', 'grad_norm': '18.81', 'learning_rate': '9.5e-06', 'epoch': '0.6557'}
{'loss': '10.61', 'grad_norm': '27.66', 'learning_rate': '1.45e-05', 'epoch': '0.9836'}
{'eval_loss': '2.405', 'eval_accuracy': '0.3344', 'eval_f1': '0.2608', 'eval_balanced_accuracy': '0.3344', 'eval_macro_f1': '0.2608', 'eval_atc': '1.2', 'eval_normalized_atc': '0.12', 'eval_target_recall': '0', 'eval_target_recall_macro': '0.2969', 'eval_target_fnr': '1', 'eval_selection_score': '3.577', 'eval_selection_accuracy_value': '0.3344', 'eval_nll': '2.398', 'eval_brier': '0.864', 'eval_ece': '0.1991', 'eval_auroc': '0', 'eval_auprc': '0', 'eval_runtime': '4.265', 'eval_samples_per_second': '75.03', 'eval_steps_per_second': '4.69', 'epoch': '1'}
CustomImageProcessor configuration saved to checkpoints/pmi20_alpha_lambda6_run_nicme_v3_run50_a0p09_l0p07_pmi20_lr5e5_s44/checkpoint-31/preprocessor_config.json
{'loss': '8.512', 'grad_norm': '28.6', 'learning_rate': '1.95e-05', 'epoch': '1.295'}
{'loss': '6.681', 'grad_norm': '31.7', 'learning_rate': '2.45e-05', 'epoch': '1.623'}
{'loss': '4.664', 'grad_norm': '33.61', 'learning_rate': '2.95e-05', 'epoch': '1.951'}
{'eval_loss': '0.8364', 'eval_accuracy': '0.7625', 'eval_f1': '0.7426', 'eval_balanced_accuracy': '0.7625', 'eval_macro_f1': '0.7426', 'eval_atc': '0.4062', 'eval_normalized_atc': '0.04063', 'eval_target_recall': '0.0625', 'eval_target_recall_macro': '0.6406', 'eval_target_fnr': '0.125', 'eval_selection_score': '2.848', 'eval_selection_accuracy_value': '0.7625', 'eval_nll': '0.8251', 'eval_brier': '0.3847', 'eval_ece': '0.2114', 'eval_auroc': '0', 'eval_auprc': '0', 'eval_runtime': '4.052', 'eval_samples_per_second': '78.97', 'eval_steps_per_second': '4.936', 'epoch': '2'}
CustomImageProcessor configuration saved to checkpoints/pmi20_alpha_lambda6_run_nicme_v3_run50_a0p09_l0p07_pmi20_lr5e5_s44/checkpoint-62/preprocessor_config.json
{'loss': '2.932', 'grad_norm': '33.92', 'learning_rate': '3.45e-05', 'epoch': '2.262'}
{'loss': '2.358', 'grad_norm': '33.86', 'learning_rate': '3.95e-05', 'epoch': '2.59'}
{'loss': '1.86', 'grad_norm': '45.84', 'learning_rate': '4.45e-05', 'epoch': '2.918'}
{'eval_loss': '0.3817', 'eval_accuracy': '0.8781', 'eval_f1': '0.8758', 'eval_balanced_accuracy': '0.8781', 'eval_macro_f1': '0.8758', 'eval_atc': '0.1437', 'eval_normalized_atc': '0.01437', 'eval_target_recall': '0.8125', 'eval_target_recall_macro': '0.9375', 'eval_target_fnr': '0', 'eval_selection_score': '0.045', 'eval_selection_accuracy_value': '0.8781', 'eval_nll': '0.3736', 'eval_brier': '0.1929', 'eval_ece': '0.1262', 'eval_auroc': '0', 'eval_auprc': '0', 'eval_runtime': '4.219', 'eval_samples_per_second': '75.84', 'eval_steps_per_second': '4.74', 'epoch': '3'}
CustomImageProcessor configuration saved to checkpoints/pmi20_alpha_lambda6_run_nicme_v3_run50_a0p09_l0p07_pmi20_lr5e5_s44/checkpoint-93/preprocessor_config.json
{'loss': '1.489', 'grad_norm': '38.2', 'learning_rate': '4.95e-05', 'epoch': '3.23'}
{'loss': '1.288', 'grad_norm': '35.11', 'learning_rate': '4.999e-05', 'epoch': '3.557'}
{'loss': '1.095', 'grad_norm': '22.57', 'learning_rate': '4.994e-05', 'epoch': '3.885'}
{'eval_loss': '0.3282', 'eval_accuracy': '0.8562', 'eval_f1': '0.8235', 'eval_balanced_accuracy': '0.8562', 'eval_macro_f1': '0.8235', 'eval_atc': '0.3406', 'eval_normalized_atc': '0.03406', 'eval_target_recall': '0.125', 'eval_target_recall_macro': '0.75', 'eval_target_fnr': '0', 'eval_selection_score': '2.437', 'eval_selection_accuracy_value': '0.8562', 'eval_nll': '0.3207', 'eval_brier': '0.1837', 'eval_ece': '0.05533', 'eval_auroc': '0', 'eval_auprc': '0', 'eval_runtime': '3.848', 'eval_samples_per_second': '83.16', 'eval_steps_per_second': '5.198', 'epoch': '4'}
CustomImageProcessor configuration saved to checkpoints/pmi20_alpha_lambda6_run_nicme_v3_run50_a0p09_l0p07_pmi20_lr5e5_s44/checkpoint-124/preprocessor_config.json
{'loss': '0.9082', 'grad_norm': '72.58', 'learning_rate': '4.987e-05', 'epoch': '4.197'}
{'loss': '0.7852', 'grad_norm': '21.06', 'learning_rate': '4.976e-05', 'epoch': '4.525'}
{'loss': '0.659', 'grad_norm': '23.96', 'learning_rate': '4.963e-05', 'epoch': '4.852'}
{'eval_loss': '0.1889', 'eval_accuracy': '0.9344', 'eval_f1': '0.9307', 'eval_balanced_accuracy': '0.9344', 'eval_macro_f1': '0.9307', 'eval_atc': '0.15', 'eval_normalized_atc': '0.015', 'eval_target_recall': '0.5', 'eval_target_recall_macro': '0.875', 'eval_target_fnr': '0', 'eval_selection_score': '0.655', 'eval_selection_accuracy_value': '0.9344', 'eval_nll': '0.1844', 'eval_brier': '0.09211', 'eval_ece': '0.04723', 'eval_auroc': '0', 'eval_auprc': '0', 'eval_runtime': '4.183', 'eval_samples_per_second': '76.5', 'eval_steps_per_second': '4.781', 'epoch': '5'}
CustomImageProcessor configuration saved to checkpoints/pmi20_alpha_lambda6_run_nicme_v3_run50_a0p09_l0p07_pmi20_lr5e5_s44/checkpoint-155/preprocessor_config.json
{'loss': '0.5498', 'grad_norm': '25.8', 'learning_rate': '4.946e-05', 'epoch': '5.164'}
{'loss': '0.5316', 'grad_norm': '23.34', 'learning_rate': '4.927e-05', 'epoch': '5.492'}
{'loss': '0.3452', 'grad_norm': '9.823', 'learning_rate': '4.904e-05', 'epoch': '5.82'}
{'eval_loss': '0.1236', 'eval_accuracy': '0.9625', 'eval_f1': '0.9624', 'eval_balanced_accuracy': '0.9625', 'eval_macro_f1': '0.9624', 'eval_atc': '0.0375', 'eval_normalized_atc': '0.00375', 'eval_target_recall': '0.9375', 'eval_target_recall_macro': '0.9688', 'eval_target_fnr': '0', 'eval_selection_score': '0.00375', 'eval_selection_accuracy_value': '0.9625', 'eval_nll': '0.1212', 'eval_brier': '0.05705', 'eval_ece': '0.04658', 'eval_auroc': '0', 'eval_auprc': '0', 'eval_runtime': '3.864', 'eval_samples_per_second': '82.81', 'eval_steps_per_second': '5.175', 'epoch': '6'}
CustomImageProcessor configuration saved to checkpoints/pmi20_alpha_lambda6_run_nicme_v3_run50_a0p09_l0p07_pmi20_lr5e5_s44/checkpoint-186/preprocessor_config.json
{'loss': '0.367', 'grad_norm': '18.4', 'learning_rate': '4.878e-05', 'epoch': '6.131'}
{'loss': '0.2996', 'grad_norm': '33.37', 'learning_rate': '4.85e-05', 'epoch': '6.459'}
{'loss': '0.3542', 'grad_norm': '42.37', 'learning_rate': '4.818e-05', 'epoch': '6.787'}
{'eval_loss': '0.08318', 'eval_accuracy': '0.9719', 'eval_f1': '0.9718', 'eval_balanced_accuracy': '0.9719', 'eval_macro_f1': '0.9718', 'eval_atc': '0.08438', 'eval_normalized_atc': '0.008438', 'eval_target_recall': '0.875', 'eval_target_recall_macro': '0.9688', 'eval_target_fnr': '0', 'eval_selection_score': '0.01094', 'eval_selection_accuracy_value': '0.9719', 'eval_nll': '0.08141', 'eval_brier': '0.04463', 'eval_ece': '0.03113', 'eval_auroc': '0', 'eval_auprc': '0', 'eval_runtime': '3.885', 'eval_samples_per_second': '82.37', 'eval_steps_per_second': '5.148', 'epoch': '7'}
CustomImageProcessor configuration saved to checkpoints/pmi20_alpha_lambda6_run_nicme_v3_run50_a0p09_l0p07_pmi20_lr5e5_s44/checkpoint-217/preprocessor_config.json
{'loss': '0.2905', 'grad_norm': '23.98', 'learning_rate': '4.784e-05', 'epoch': '7.098'}
{'loss': '0.2176', 'grad_norm': '32.36', 'learning_rate': '4.746e-05', 'epoch': '7.426'}
{'loss': '0.2274', 'grad_norm': '22.1', 'learning_rate': '4.706e-05', 'epoch': '7.754'}
{'eval_loss': '0.1213', 'eval_accuracy': '0.9625', 'eval_f1': '0.9618', 'eval_balanced_accuracy': '0.9625', 'eval_macro_f1': '0.9618', 'eval_atc': '0.0875', 'eval_normalized_atc': '0.00875', 'eval_target_recall': '0.9375', 'eval_target_recall_macro': '0.9688', 'eval_target_fnr': '0', 'eval_selection_score': '0.00875', 'eval_selection_accuracy_value': '0.9625', 'eval_nll': '0.1184', 'eval_brier': '0.06111', 'eval_ece': '0.02708', 'eval_auroc': '0', 'eval_auprc': '0', 'eval_runtime': '3.986', 'eval_samples_per_second': '80.28', 'eval_steps_per_second': '5.018', 'epoch': '8'}
CustomImageProcessor configuration saved to checkpoints/pmi20_alpha_lambda6_run_nicme_v3_run50_a0p09_l0p07_pmi20_lr5e5_s44/checkpoint-248/preprocessor_config.json
{'loss': '0.2145', 'grad_norm': '22.06', 'learning_rate': '4.664e-05', 'epoch': '8.066'}
{'loss': '0.1239', 'grad_norm': '14.32', 'learning_rate': '4.618e-05', 'epoch': '8.393'}
{'loss': '0.1555', 'grad_norm': '28.89', 'learning_rate': '4.57e-05', 'epoch': '8.721'}
{'eval_loss': '0.06037', 'eval_accuracy': '0.9719', 'eval_f1': '0.9717', 'eval_balanced_accuracy': '0.9719', 'eval_macro_f1': '0.9717', 'eval_atc': '0.08438', 'eval_normalized_atc': '0.008438', 'eval_target_recall': '0.875', 'eval_target_recall_macro': '0.9531', 'eval_target_fnr': '0', 'eval_selection_score': '0.01094', 'eval_selection_accuracy_value': '0.9719', 'eval_nll': '0.0571', 'eval_brier': '0.03222', 'eval_ece': '0.02142', 'eval_auroc': '0', 'eval_auprc': '0', 'eval_runtime': '3.751', 'eval_samples_per_second': '85.31', 'eval_steps_per_second': '5.332', 'epoch': '9'}
CustomImageProcessor configuration saved to checkpoints/pmi20_alpha_lambda6_run_nicme_v3_run50_a0p09_l0p07_pmi20_lr5e5_s44/checkpoint-279/preprocessor_config.json
{'loss': '0.2183', 'grad_norm': '48.77', 'learning_rate': '4.519e-05', 'epoch': '9.033'}
{'loss': '0.1779', 'grad_norm': '15.42', 'learning_rate': '4.466e-05', 'epoch': '9.361'}
{'loss': '0.1252', 'grad_norm': '48.7', 'learning_rate': '4.411e-05', 'epoch': '9.689'}
{'loss': '0.2448', 'grad_norm': '5.376', 'learning_rate': '4.353e-05', 'epoch': '10'}
{'eval_loss': '0.1287', 'eval_accuracy': '0.9594', 'eval_f1': '0.9567', 'eval_balanced_accuracy': '0.9594', 'eval_macro_f1': '0.9567', 'eval_atc': '0.1531', 'eval_normalized_atc': '0.01531', 'eval_target_recall': '0.5', 'eval_target_recall_macro': '0.8594', 'eval_target_fnr': '0', 'eval_selection_score': '0.6553', 'eval_selection_accuracy_value': '0.9594', 'eval_nll': '0.125', 'eval_brier': '0.06243', 'eval_ece': '0.02593', 'eval_auroc': '0', 'eval_auprc': '0', 'eval_runtime': '4.103', 'eval_samples_per_second': '77.99', 'eval_steps_per_second': '4.874', 'epoch': '10'}
CustomImageProcessor configuration saved to checkpoints/pmi20_alpha_lambda6_run_nicme_v3_run50_a0p09_l0p07_pmi20_lr5e5_s44/checkpoint-310/preprocessor_config.json
{'loss': '0.1209', 'grad_norm': '8.327', 'learning_rate': '4.292e-05', 'epoch': '10.33'}
{'loss': '0.0998', 'grad_norm': '29.85', 'learning_rate': '4.23e-05', 'epoch': '10.66'}
{'loss': '0.0834', 'grad_norm': '4.083', 'learning_rate': '4.165e-05', 'epoch': '10.98'}
{'eval_loss': '0.07412', 'eval_accuracy': '0.9781', 'eval_f1': '0.978', 'eval_balanced_accuracy': '0.9781', 'eval_macro_f1': '0.978', 'eval_atc': '0.04375', 'eval_normalized_atc': '0.004375', 'eval_target_recall': '0.9375', 'eval_target_recall_macro': '0.9844', 'eval_target_fnr': '0', 'eval_selection_score': '0.004375', 'eval_selection_accuracy_value': '0.9781', 'eval_nll': '0.07199', 'eval_brier': '0.03712', 'eval_ece': '0.02207', 'eval_auroc': '0', 'eval_auprc': '0', 'eval_runtime': '4.326', 'eval_samples_per_second': '73.97', 'eval_steps_per_second': '4.623', 'epoch': '11'}
CustomImageProcessor configuration saved to checkpoints/pmi20_alpha_lambda6_run_nicme_v3_run50_a0p09_l0p07_pmi20_lr5e5_s44/checkpoint-341/preprocessor_config.json
{'train_runtime': '294.2', 'train_samples_per_second': '211', 'train_steps_per_second': '3.372', 'train_loss': '2.125', 'epoch': '11'}
***** train metrics *****
  epoch                    =       11.0
  total_flos               =        0GF
  train_loss               =     2.1247
  train_runtime            = 0:04:54.18
  train_samples_per_second =    211.022
  train_steps_per_second   =      3.372
Using device: cuda

============================================================
PERFORMING COMPREHENSIVE EVALUATION
============================================================
Results will be saved to: results/pmi20_sota_convnext_base_test/pmi20_alpha_lambda6_run_nicme_v3_run50_a0p09_l0p07_pmi20_lr5e5_s44_05-04_15-51
Saving run configuration...
Run configuration saved to: results/pmi20_sota_convnext_base_test/pmi20_alpha_lambda6_run_nicme_v3_run50_a0p09_l0p07_pmi20_lr5e5_s44_05-04_15-51/run_configuration_20260504_155110.json
Running model evaluation...
Computing detailed metrics...
Saving metrics to files...
Metrics saved to: results/pmi20_sota_convnext_base_test/pmi20_alpha_lambda6_run_nicme_v3_run50_a0p09_l0p07_pmi20_lr5e5_s44_05-04_15-51/metrics_20260504_155124_nicme_v3_hybrid.json and results/pmi20_sota_convnext_base_test/pmi20_alpha_lambda6_run_nicme_v3_run50_a0p09_l0p07_pmi20_lr5e5_s44_05-04_15-51/metrics_20260504_155124_nicme_v3_hybrid.txt
Using provided class names: ['00378-0208', '00378-3855', '00591-0461', '16729-0020', '16729-0168', '50111-0434', '53489-0156', '53746-0544', '57664-0377', '62037-0831', '62037-0832', '64380-0803', '65162-0253', '67253-0901', '68382-0008', '68382-0227', '69097-0127', '69097-0128', '69315-0904', '69315-0905']
Skipping confusion matrix visualizations by configuration.

============================================================
TRAINING COMPLETED - RESULTS SUMMARY
============================================================
Output Directory: results/pmi20_sota_convnext_base_test/pmi20_alpha_lambda6_run_nicme_v3_run50_a0p09_l0p07_pmi20_lr5e5_s44_05-04_15-51
Overall Accuracy: 0.9641
Balanced Accuracy: 0.9641
Overall F1 Score: 0.9638
Kappa: 0.9622
AUC: 0.9996
Expected Cost: 0.0500
Loss Function Used: nicme_v3_hybrid
Total Test Samples: 640
Classes: 00378-0208, 00378-3855, 00591-0461, 16729-0020, 16729-0168, 50111-0434, 53489-0156, 53746-0544, 57664-0377, 62037-0831, 62037-0832, 64380-0803, 65162-0253, 67253-0901, 68382-0008, 68382-0227, 69097-0127, 69097-0128, 69315-0904, 69315-0905

Detailed metrics saved to: results/pmi20_sota_convnext_base_test/pmi20_alpha_lambda6_run_nicme_v3_run50_a0p09_l0p07_pmi20_lr5e5_s44_05-04_15-51
============================================================
