Prepared manifest loaded — Train=1940, Val=320, Calibration=300, Test=640
cuda
Using model backend=timm type=pmi20_sota_convnext_base with 20 labels
Early stopping enabled with patience=5
Using device: cuda
{'loss': '12.14', 'grad_norm': '19.15', 'learning_rate': '4.5e-06', 'epoch': '0.3279'}
{'loss': '11.74', 'grad_norm': '18.82', 'learning_rate': '9.5e-06', 'epoch': '0.6557'}
{'loss': '10.63', 'grad_norm': '27.6', 'learning_rate': '1.45e-05', 'epoch': '0.9836'}
{'eval_loss': '2.411', 'eval_accuracy': '0.3344', 'eval_f1': '0.2625', 'eval_balanced_accuracy': '0.3344', 'eval_macro_f1': '0.2625', 'eval_atc': '1.2', 'eval_normalized_atc': '0.12', 'eval_target_recall': '0', 'eval_target_recall_macro': '0.2656', 'eval_target_fnr': '1', 'eval_selection_score': '3.577', 'eval_selection_accuracy_value': '0.3344', 'eval_nll': '2.398', 'eval_brier': '0.8639', 'eval_ece': '0.1994', 'eval_auroc': '0', 'eval_auprc': '0', 'eval_runtime': '3.759', 'eval_samples_per_second': '85.13', 'eval_steps_per_second': '5.321', 'epoch': '1'}
CustomImageProcessor configuration saved to checkpoints/pmi20_alpha_lambda6_run_nicme_v3_run69_a0p2_l0p09_pmi20_lr5e5_s44/checkpoint-31/preprocessor_config.json
{'loss': '8.543', 'grad_norm': '28.53', 'learning_rate': '1.95e-05', 'epoch': '1.295'}
{'loss': '6.724', 'grad_norm': '32.07', 'learning_rate': '2.45e-05', 'epoch': '1.623'}
{'loss': '4.717', 'grad_norm': '33.44', 'learning_rate': '2.95e-05', 'epoch': '1.951'}
{'eval_loss': '0.8491', 'eval_accuracy': '0.7531', 'eval_f1': '0.7347', 'eval_balanced_accuracy': '0.7531', 'eval_macro_f1': '0.7347', 'eval_atc': '0.3875', 'eval_normalized_atc': '0.03875', 'eval_target_recall': '0.0625', 'eval_target_recall_macro': '0.6406', 'eval_target_fnr': '0.0625', 'eval_selection_score': '2.847', 'eval_selection_accuracy_value': '0.7531', 'eval_nll': '0.8288', 'eval_brier': '0.3859', 'eval_ece': '0.2067', 'eval_auroc': '0', 'eval_auprc': '0', 'eval_runtime': '4.104', 'eval_samples_per_second': '77.96', 'eval_steps_per_second': '4.873', 'epoch': '2'}
CustomImageProcessor configuration saved to checkpoints/pmi20_alpha_lambda6_run_nicme_v3_run69_a0p2_l0p09_pmi20_lr5e5_s44/checkpoint-62/preprocessor_config.json
{'loss': '2.985', 'grad_norm': '34.47', 'learning_rate': '3.45e-05', 'epoch': '2.262'}
{'loss': '2.418', 'grad_norm': '34.4', 'learning_rate': '3.95e-05', 'epoch': '2.59'}
{'loss': '1.918', 'grad_norm': '41.46', 'learning_rate': '4.45e-05', 'epoch': '2.918'}
{'eval_loss': '0.3943', 'eval_accuracy': '0.8781', 'eval_f1': '0.8758', 'eval_balanced_accuracy': '0.8781', 'eval_macro_f1': '0.8758', 'eval_atc': '0.1437', 'eval_normalized_atc': '0.01437', 'eval_target_recall': '0.8125', 'eval_target_recall_macro': '0.9375', 'eval_target_fnr': '0', 'eval_selection_score': '0.045', 'eval_selection_accuracy_value': '0.8781', 'eval_nll': '0.3791', 'eval_brier': '0.196', 'eval_ece': '0.1287', 'eval_auroc': '0', 'eval_auprc': '0', 'eval_runtime': '3.884', 'eval_samples_per_second': '82.38', 'eval_steps_per_second': '5.149', 'epoch': '3'}
CustomImageProcessor configuration saved to checkpoints/pmi20_alpha_lambda6_run_nicme_v3_run69_a0p2_l0p09_pmi20_lr5e5_s44/checkpoint-93/preprocessor_config.json
{'loss': '1.537', 'grad_norm': '38.81', 'learning_rate': '4.95e-05', 'epoch': '3.23'}
{'loss': '1.311', 'grad_norm': '34.07', 'learning_rate': '4.999e-05', 'epoch': '3.557'}
{'loss': '1.103', 'grad_norm': '20.83', 'learning_rate': '4.994e-05', 'epoch': '3.885'}
{'eval_loss': '0.3306', 'eval_accuracy': '0.85', 'eval_f1': '0.8207', 'eval_balanced_accuracy': '0.85', 'eval_macro_f1': '0.8207', 'eval_atc': '0.3469', 'eval_normalized_atc': '0.03469', 'eval_target_recall': '0.1875', 'eval_target_recall_macro': '0.75', 'eval_target_fnr': '0', 'eval_selection_score': '2.065', 'eval_selection_accuracy_value': '0.85', 'eval_nll': '0.3162', 'eval_brier': '0.1802', 'eval_ece': '0.06182', 'eval_auroc': '0', 'eval_auprc': '0', 'eval_runtime': '3.775', 'eval_samples_per_second': '84.78', 'eval_steps_per_second': '5.299', 'epoch': '4'}
CustomImageProcessor configuration saved to checkpoints/pmi20_alpha_lambda6_run_nicme_v3_run69_a0p2_l0p09_pmi20_lr5e5_s44/checkpoint-124/preprocessor_config.json
{'loss': '0.9091', 'grad_norm': '71.5', 'learning_rate': '4.987e-05', 'epoch': '4.197'}
{'loss': '0.7571', 'grad_norm': '19.42', 'learning_rate': '4.976e-05', 'epoch': '4.525'}
{'loss': '0.6742', 'grad_norm': '24.4', 'learning_rate': '4.963e-05', 'epoch': '4.852'}
{'eval_loss': '0.2406', 'eval_accuracy': '0.9156', 'eval_f1': '0.9087', 'eval_balanced_accuracy': '0.9156', 'eval_macro_f1': '0.9087', 'eval_atc': '0.1406', 'eval_normalized_atc': '0.01406', 'eval_target_recall': '0.6875', 'eval_target_recall_macro': '0.9062', 'eval_target_fnr': '0', 'eval_selection_score': '0.1947', 'eval_selection_accuracy_value': '0.9156', 'eval_nll': '0.2335', 'eval_brier': '0.121', 'eval_ece': '0.04891', 'eval_auroc': '0', 'eval_auprc': '0', 'eval_runtime': '3.871', 'eval_samples_per_second': '82.67', 'eval_steps_per_second': '5.167', 'epoch': '5'}
CustomImageProcessor configuration saved to checkpoints/pmi20_alpha_lambda6_run_nicme_v3_run69_a0p2_l0p09_pmi20_lr5e5_s44/checkpoint-155/preprocessor_config.json
{'loss': '0.6346', 'grad_norm': '31.25', 'learning_rate': '4.946e-05', 'epoch': '5.164'}
{'loss': '0.5244', 'grad_norm': '20.07', 'learning_rate': '4.927e-05', 'epoch': '5.492'}
{'loss': '0.3647', 'grad_norm': '17.44', 'learning_rate': '4.904e-05', 'epoch': '5.82'}
{'eval_loss': '0.104', 'eval_accuracy': '0.9781', 'eval_f1': '0.9782', 'eval_balanced_accuracy': '0.9781', 'eval_macro_f1': '0.9782', 'eval_atc': '0.04375', 'eval_normalized_atc': '0.004375', 'eval_target_recall': '0.9375', 'eval_target_recall_macro': '0.9844', 'eval_target_fnr': '0', 'eval_selection_score': '0.004375', 'eval_selection_accuracy_value': '0.9781', 'eval_nll': '0.09973', 'eval_brier': '0.04521', 'eval_ece': '0.04767', 'eval_auroc': '0', 'eval_auprc': '0', 'eval_runtime': '4.066', 'eval_samples_per_second': '78.7', 'eval_steps_per_second': '4.918', 'epoch': '6'}
CustomImageProcessor configuration saved to checkpoints/pmi20_alpha_lambda6_run_nicme_v3_run69_a0p2_l0p09_pmi20_lr5e5_s44/checkpoint-186/preprocessor_config.json
{'loss': '0.2849', 'grad_norm': '11.07', 'learning_rate': '4.878e-05', 'epoch': '6.131'}
{'loss': '0.2854', 'grad_norm': '40.62', 'learning_rate': '4.85e-05', 'epoch': '6.459'}
{'loss': '0.2597', 'grad_norm': '39.18', 'learning_rate': '4.818e-05', 'epoch': '6.787'}
{'eval_loss': '0.09601', 'eval_accuracy': '0.9656', 'eval_f1': '0.9652', 'eval_balanced_accuracy': '0.9656', 'eval_macro_f1': '0.9652', 'eval_atc': '0.09062', 'eval_normalized_atc': '0.009062', 'eval_target_recall': '0.875', 'eval_target_recall_macro': '0.9688', 'eval_target_fnr': '0', 'eval_selection_score': '0.01156', 'eval_selection_accuracy_value': '0.9656', 'eval_nll': '0.092', 'eval_brier': '0.05087', 'eval_ece': '0.03046', 'eval_auroc': '0', 'eval_auprc': '0', 'eval_runtime': '4.16', 'eval_samples_per_second': '76.92', 'eval_steps_per_second': '4.808', 'epoch': '7'}
CustomImageProcessor configuration saved to checkpoints/pmi20_alpha_lambda6_run_nicme_v3_run69_a0p2_l0p09_pmi20_lr5e5_s44/checkpoint-217/preprocessor_config.json
{'loss': '0.174', 'grad_norm': '22.56', 'learning_rate': '4.784e-05', 'epoch': '7.098'}
{'loss': '0.2015', 'grad_norm': '27.29', 'learning_rate': '4.746e-05', 'epoch': '7.426'}
{'loss': '0.3102', 'grad_norm': '10.92', 'learning_rate': '4.706e-05', 'epoch': '7.754'}
{'eval_loss': '0.1524', 'eval_accuracy': '0.9531', 'eval_f1': '0.952', 'eval_balanced_accuracy': '0.9531', 'eval_macro_f1': '0.952', 'eval_atc': '0.1313', 'eval_normalized_atc': '0.01313', 'eval_target_recall': '0.875', 'eval_target_recall_macro': '0.9531', 'eval_target_fnr': '0', 'eval_selection_score': '0.01563', 'eval_selection_accuracy_value': '0.9531', 'eval_nll': '0.1481', 'eval_brier': '0.0761', 'eval_ece': '0.02945', 'eval_auroc': '0', 'eval_auprc': '0', 'eval_runtime': '4.048', 'eval_samples_per_second': '79.04', 'eval_steps_per_second': '4.94', 'epoch': '8'}
CustomImageProcessor configuration saved to checkpoints/pmi20_alpha_lambda6_run_nicme_v3_run69_a0p2_l0p09_pmi20_lr5e5_s44/checkpoint-248/preprocessor_config.json
{'loss': '0.2913', 'grad_norm': '22.77', 'learning_rate': '4.664e-05', 'epoch': '8.066'}
{'loss': '0.2199', 'grad_norm': '28.15', 'learning_rate': '4.618e-05', 'epoch': '8.393'}
{'loss': '0.2338', 'grad_norm': '44.17', 'learning_rate': '4.57e-05', 'epoch': '8.721'}
{'eval_loss': '0.06394', 'eval_accuracy': '0.975', 'eval_f1': '0.9748', 'eval_balanced_accuracy': '0.975', 'eval_macro_f1': '0.9748', 'eval_atc': '0.1094', 'eval_normalized_atc': '0.01094', 'eval_target_recall': '0.8125', 'eval_target_recall_macro': '0.9219', 'eval_target_fnr': '0.0625', 'eval_selection_score': '0.04156', 'eval_selection_accuracy_value': '0.975', 'eval_nll': '0.05775', 'eval_brier': '0.03243', 'eval_ece': '0.01386', 'eval_auroc': '0', 'eval_auprc': '0', 'eval_runtime': '4.298', 'eval_samples_per_second': '74.45', 'eval_steps_per_second': '4.653', 'epoch': '9'}
CustomImageProcessor configuration saved to checkpoints/pmi20_alpha_lambda6_run_nicme_v3_run69_a0p2_l0p09_pmi20_lr5e5_s44/checkpoint-279/preprocessor_config.json
{'loss': '0.1526', 'grad_norm': '6.745', 'learning_rate': '4.519e-05', 'epoch': '9.033'}
{'loss': '0.08536', 'grad_norm': '20.87', 'learning_rate': '4.466e-05', 'epoch': '9.361'}
{'loss': '0.07637', 'grad_norm': '37.88', 'learning_rate': '4.411e-05', 'epoch': '9.689'}
{'loss': '0.2128', 'grad_norm': '4.831', 'learning_rate': '4.353e-05', 'epoch': '10'}
{'eval_loss': '0.07298', 'eval_accuracy': '0.9656', 'eval_f1': '0.9651', 'eval_balanced_accuracy': '0.9656', 'eval_macro_f1': '0.9651', 'eval_atc': '0.1187', 'eval_normalized_atc': '0.01188', 'eval_target_recall': '0.75', 'eval_target_recall_macro': '0.9375', 'eval_target_fnr': '0', 'eval_selection_score': '0.1019', 'eval_selection_accuracy_value': '0.9656', 'eval_nll': '0.06809', 'eval_brier': '0.04127', 'eval_ece': '0.02476', 'eval_auroc': '0', 'eval_auprc': '0', 'eval_runtime': '4.161', 'eval_samples_per_second': '76.9', 'eval_steps_per_second': '4.806', 'epoch': '10'}
CustomImageProcessor configuration saved to checkpoints/pmi20_alpha_lambda6_run_nicme_v3_run69_a0p2_l0p09_pmi20_lr5e5_s44/checkpoint-310/preprocessor_config.json
{'loss': '0.149', 'grad_norm': '6.476', 'learning_rate': '4.292e-05', 'epoch': '10.33'}
{'loss': '0.109', 'grad_norm': '41.21', 'learning_rate': '4.23e-05', 'epoch': '10.66'}
{'loss': '0.03647', 'grad_norm': '5.781', 'learning_rate': '4.165e-05', 'epoch': '10.98'}
{'eval_loss': '0.109', 'eval_accuracy': '0.9656', 'eval_f1': '0.965', 'eval_balanced_accuracy': '0.9656', 'eval_macro_f1': '0.965', 'eval_atc': '0.09062', 'eval_normalized_atc': '0.009062', 'eval_target_recall': '0.8125', 'eval_target_recall_macro': '0.9531', 'eval_target_fnr': '0', 'eval_selection_score': '0.03969', 'eval_selection_accuracy_value': '0.9656', 'eval_nll': '0.1048', 'eval_brier': '0.05168', 'eval_ece': '0.01635', 'eval_auroc': '0', 'eval_auprc': '0', 'eval_runtime': '4.059', 'eval_samples_per_second': '78.84', 'eval_steps_per_second': '4.928', 'epoch': '11'}
CustomImageProcessor configuration saved to checkpoints/pmi20_alpha_lambda6_run_nicme_v3_run69_a0p2_l0p09_pmi20_lr5e5_s44/checkpoint-341/preprocessor_config.json
{'train_runtime': '293.4', 'train_samples_per_second': '211.6', 'train_steps_per_second': '3.381', 'train_loss': '2.133', 'epoch': '11'}
***** train metrics *****
  epoch                    =       11.0
  total_flos               =        0GF
  train_loss               =     2.1326
  train_runtime            = 0:04:53.41
  train_samples_per_second =    211.576
  train_steps_per_second   =      3.381
Using device: cuda

============================================================
PERFORMING COMPREHENSIVE EVALUATION
============================================================
Results will be saved to: results/pmi20_sota_convnext_base_test/pmi20_alpha_lambda6_run_nicme_v3_run69_a0p2_l0p09_pmi20_lr5e5_s44_05-04_16-03
Saving run configuration...
Run configuration saved to: results/pmi20_sota_convnext_base_test/pmi20_alpha_lambda6_run_nicme_v3_run69_a0p2_l0p09_pmi20_lr5e5_s44_05-04_16-03/run_configuration_20260504_160309.json
Running model evaluation...
Computing detailed metrics...
Saving metrics to files...
Metrics saved to: results/pmi20_sota_convnext_base_test/pmi20_alpha_lambda6_run_nicme_v3_run69_a0p2_l0p09_pmi20_lr5e5_s44_05-04_16-03/metrics_20260504_160323_nicme_v3_hybrid.json and results/pmi20_sota_convnext_base_test/pmi20_alpha_lambda6_run_nicme_v3_run69_a0p2_l0p09_pmi20_lr5e5_s44_05-04_16-03/metrics_20260504_160323_nicme_v3_hybrid.txt
Using provided class names: ['00378-0208', '00378-3855', '00591-0461', '16729-0020', '16729-0168', '50111-0434', '53489-0156', '53746-0544', '57664-0377', '62037-0831', '62037-0832', '64380-0803', '65162-0253', '67253-0901', '68382-0008', '68382-0227', '69097-0127', '69097-0128', '69315-0904', '69315-0905']
Skipping confusion matrix visualizations by configuration.

============================================================
TRAINING COMPLETED - RESULTS SUMMARY
============================================================
Output Directory: results/pmi20_sota_convnext_base_test/pmi20_alpha_lambda6_run_nicme_v3_run69_a0p2_l0p09_pmi20_lr5e5_s44_05-04_16-03
Overall Accuracy: 0.9719
Balanced Accuracy: 0.9719
Overall F1 Score: 0.9720
Kappa: 0.9704
AUC: 0.9998
Expected Cost: 0.0531
Loss Function Used: nicme_v3_hybrid
Total Test Samples: 640
Classes: 00378-0208, 00378-3855, 00591-0461, 16729-0020, 16729-0168, 50111-0434, 53489-0156, 53746-0544, 57664-0377, 62037-0831, 62037-0832, 64380-0803, 65162-0253, 67253-0901, 68382-0008, 68382-0227, 69097-0127, 69097-0128, 69315-0904, 69315-0905

Detailed metrics saved to: results/pmi20_sota_convnext_base_test/pmi20_alpha_lambda6_run_nicme_v3_run69_a0p2_l0p09_pmi20_lr5e5_s44_05-04_16-03
============================================================
