Prepared manifest loaded — Train=1940, Val=320, Calibration=300, Test=640
cuda
Using model backend=timm type=pmi20_sota_convnext_base with 20 labels
Early stopping enabled with patience=5
Using device: cuda
{'loss': '12.7', 'grad_norm': '18.06', 'learning_rate': '4.5e-06', 'epoch': '0.3279'}
{'loss': '12.13', 'grad_norm': '18.69', 'learning_rate': '9.5e-06', 'epoch': '0.6557'}
{'loss': '10.97', 'grad_norm': '27.46', 'learning_rate': '1.45e-05', 'epoch': '0.9836'}
{'eval_loss': '2.488', 'eval_accuracy': '0.2812', 'eval_f1': '0.2463', 'eval_balanced_accuracy': '0.2812', 'eval_macro_f1': '0.2463', 'eval_atc': '0.8594', 'eval_normalized_atc': '0.08594', 'eval_target_recall': '0', 'eval_target_recall_macro': '0.2656', 'eval_target_fnr': '0.8125', 'eval_selection_score': '3.595', 'eval_selection_accuracy_value': '0.2812', 'eval_nll': '2.476', 'eval_brier': '0.8806', 'eval_ece': '0.1622', 'eval_auroc': '0', 'eval_auprc': '0', 'eval_runtime': '3.935', 'eval_samples_per_second': '81.33', 'eval_steps_per_second': '5.083', 'epoch': '1'}
CustomImageProcessor configuration saved to checkpoints/pmi20_alpha_lambda6_run_nicme_v3_run69_a0p2_l0p09_pmi20_lr5e5_s42/checkpoint-31/preprocessor_config.json
{'loss': '8.787', 'grad_norm': '29.12', 'learning_rate': '1.95e-05', 'epoch': '1.295'}
{'loss': '6.881', 'grad_norm': '30.28', 'learning_rate': '2.45e-05', 'epoch': '1.623'}
{'loss': '4.823', 'grad_norm': '29.79', 'learning_rate': '2.95e-05', 'epoch': '1.951'}
{'eval_loss': '0.8344', 'eval_accuracy': '0.8', 'eval_f1': '0.7826', 'eval_balanced_accuracy': '0.8', 'eval_macro_f1': '0.7826', 'eval_atc': '0.3688', 'eval_normalized_atc': '0.03688', 'eval_target_recall': '0.0625', 'eval_target_recall_macro': '0.7031', 'eval_target_fnr': '0.125', 'eval_selection_score': '2.843', 'eval_selection_accuracy_value': '0.8', 'eval_nll': '0.8144', 'eval_brier': '0.3745', 'eval_ece': '0.2696', 'eval_auroc': '0', 'eval_auprc': '0', 'eval_runtime': '4.063', 'eval_samples_per_second': '78.77', 'eval_steps_per_second': '4.923', 'epoch': '2'}
CustomImageProcessor configuration saved to checkpoints/pmi20_alpha_lambda6_run_nicme_v3_run69_a0p2_l0p09_pmi20_lr5e5_s42/checkpoint-62/preprocessor_config.json
{'loss': '3.002', 'grad_norm': '27.65', 'learning_rate': '3.45e-05', 'epoch': '2.262'}
{'loss': '2.329', 'grad_norm': '25.45', 'learning_rate': '3.95e-05', 'epoch': '2.59'}
{'loss': '1.731', 'grad_norm': '30.51', 'learning_rate': '4.45e-05', 'epoch': '2.918'}
{'eval_loss': '0.3553', 'eval_accuracy': '0.8812', 'eval_f1': '0.879', 'eval_balanced_accuracy': '0.8812', 'eval_macro_f1': '0.879', 'eval_atc': '0.1406', 'eval_normalized_atc': '0.01406', 'eval_target_recall': '0.75', 'eval_target_recall_macro': '0.9062', 'eval_target_fnr': '0', 'eval_selection_score': '0.1041', 'eval_selection_accuracy_value': '0.8812', 'eval_nll': '0.3419', 'eval_brier': '0.1707', 'eval_ece': '0.09582', 'eval_auroc': '0', 'eval_auprc': '0', 'eval_runtime': '4.131', 'eval_samples_per_second': '77.46', 'eval_steps_per_second': '4.841', 'epoch': '3'}
CustomImageProcessor configuration saved to checkpoints/pmi20_alpha_lambda6_run_nicme_v3_run69_a0p2_l0p09_pmi20_lr5e5_s42/checkpoint-93/preprocessor_config.json
{'loss': '1.272', 'grad_norm': '26.9', 'learning_rate': '4.95e-05', 'epoch': '3.23'}
{'loss': '0.9017', 'grad_norm': '34.06', 'learning_rate': '4.999e-05', 'epoch': '3.557'}
{'loss': '0.8011', 'grad_norm': '15.57', 'learning_rate': '4.994e-05', 'epoch': '3.885'}
{'eval_loss': '0.2023', 'eval_accuracy': '0.9375', 'eval_f1': '0.9361', 'eval_balanced_accuracy': '0.9375', 'eval_macro_f1': '0.9361', 'eval_atc': '0.175', 'eval_normalized_atc': '0.0175', 'eval_target_recall': '0.75', 'eval_target_recall_macro': '0.9219', 'eval_target_fnr': '0', 'eval_selection_score': '0.1075', 'eval_selection_accuracy_value': '0.9375', 'eval_nll': '0.1922', 'eval_brier': '0.09649', 'eval_ece': '0.0635', 'eval_auroc': '0', 'eval_auprc': '0', 'eval_runtime': '4.019', 'eval_samples_per_second': '79.61', 'eval_steps_per_second': '4.976', 'epoch': '4'}
CustomImageProcessor configuration saved to checkpoints/pmi20_alpha_lambda6_run_nicme_v3_run69_a0p2_l0p09_pmi20_lr5e5_s42/checkpoint-124/preprocessor_config.json
{'loss': '0.6798', 'grad_norm': '42.77', 'learning_rate': '4.987e-05', 'epoch': '4.197'}
{'loss': '0.7654', 'grad_norm': '45.7', 'learning_rate': '4.976e-05', 'epoch': '4.525'}
{'loss': '0.6335', 'grad_norm': '35.2', 'learning_rate': '4.963e-05', 'epoch': '4.852'}
{'eval_loss': '0.1448', 'eval_accuracy': '0.9656', 'eval_f1': '0.9656', 'eval_balanced_accuracy': '0.9656', 'eval_macro_f1': '0.9656', 'eval_atc': '0.03438', 'eval_normalized_atc': '0.003438', 'eval_target_recall': '1', 'eval_target_recall_macro': '1', 'eval_target_fnr': '0', 'eval_selection_score': '0.003438', 'eval_selection_accuracy_value': '0.9656', 'eval_nll': '0.1411', 'eval_brier': '0.06918', 'eval_ece': '0.04957', 'eval_auroc': '0', 'eval_auprc': '0', 'eval_runtime': '3.922', 'eval_samples_per_second': '81.59', 'eval_steps_per_second': '5.099', 'epoch': '5'}
CustomImageProcessor configuration saved to checkpoints/pmi20_alpha_lambda6_run_nicme_v3_run69_a0p2_l0p09_pmi20_lr5e5_s42/checkpoint-155/preprocessor_config.json
{'loss': '0.3822', 'grad_norm': '42.98', 'learning_rate': '4.946e-05', 'epoch': '5.164'}
{'loss': '0.4781', 'grad_norm': '28.16', 'learning_rate': '4.927e-05', 'epoch': '5.492'}
{'loss': '0.4718', 'grad_norm': '14.48', 'learning_rate': '4.904e-05', 'epoch': '5.82'}
{'eval_loss': '0.1431', 'eval_accuracy': '0.9563', 'eval_f1': '0.9556', 'eval_balanced_accuracy': '0.9563', 'eval_macro_f1': '0.9556', 'eval_atc': '0.06563', 'eval_normalized_atc': '0.006563', 'eval_target_recall': '0.9375', 'eval_target_recall_macro': '0.9844', 'eval_target_fnr': '0', 'eval_selection_score': '0.006563', 'eval_selection_accuracy_value': '0.9563', 'eval_nll': '0.1351', 'eval_brier': '0.06857', 'eval_ece': '0.03348', 'eval_auroc': '0', 'eval_auprc': '0', 'eval_runtime': '3.834', 'eval_samples_per_second': '83.46', 'eval_steps_per_second': '5.216', 'epoch': '6'}
CustomImageProcessor configuration saved to checkpoints/pmi20_alpha_lambda6_run_nicme_v3_run69_a0p2_l0p09_pmi20_lr5e5_s42/checkpoint-186/preprocessor_config.json
{'loss': '0.2203', 'grad_norm': '7.312', 'learning_rate': '4.878e-05', 'epoch': '6.131'}
{'loss': '0.53', 'grad_norm': '62.09', 'learning_rate': '4.85e-05', 'epoch': '6.459'}
{'loss': '0.4842', 'grad_norm': '34.52', 'learning_rate': '4.818e-05', 'epoch': '6.787'}
{'eval_loss': '0.09682', 'eval_accuracy': '0.9781', 'eval_f1': '0.9779', 'eval_balanced_accuracy': '0.9781', 'eval_macro_f1': '0.9779', 'eval_atc': '0.05', 'eval_normalized_atc': '0.005', 'eval_target_recall': '0.9375', 'eval_target_recall_macro': '0.9844', 'eval_target_fnr': '0', 'eval_selection_score': '0.005', 'eval_selection_accuracy_value': '0.9781', 'eval_nll': '0.09167', 'eval_brier': '0.04667', 'eval_ece': '0.03516', 'eval_auroc': '0', 'eval_auprc': '0', 'eval_runtime': '3.945', 'eval_samples_per_second': '81.12', 'eval_steps_per_second': '5.07', 'epoch': '7'}
CustomImageProcessor configuration saved to checkpoints/pmi20_alpha_lambda6_run_nicme_v3_run69_a0p2_l0p09_pmi20_lr5e5_s42/checkpoint-217/preprocessor_config.json
{'loss': '0.4167', 'grad_norm': '39.77', 'learning_rate': '4.784e-05', 'epoch': '7.098'}
{'loss': '0.4157', 'grad_norm': '51.56', 'learning_rate': '4.746e-05', 'epoch': '7.426'}
{'loss': '0.4867', 'grad_norm': '18.91', 'learning_rate': '4.706e-05', 'epoch': '7.754'}
{'eval_loss': '0.0993', 'eval_accuracy': '0.9656', 'eval_f1': '0.9655', 'eval_balanced_accuracy': '0.9656', 'eval_macro_f1': '0.9655', 'eval_atc': '0.03438', 'eval_normalized_atc': '0.003438', 'eval_target_recall': '1', 'eval_target_recall_macro': '1', 'eval_target_fnr': '0', 'eval_selection_score': '0.003438', 'eval_selection_accuracy_value': '0.9656', 'eval_nll': '0.09583', 'eval_brier': '0.0526', 'eval_ece': '0.0228', 'eval_auroc': '0', 'eval_auprc': '0', 'eval_runtime': '3.751', 'eval_samples_per_second': '85.32', 'eval_steps_per_second': '5.332', 'epoch': '8'}
CustomImageProcessor configuration saved to checkpoints/pmi20_alpha_lambda6_run_nicme_v3_run69_a0p2_l0p09_pmi20_lr5e5_s42/checkpoint-248/preprocessor_config.json
{'loss': '0.1897', 'grad_norm': '22.77', 'learning_rate': '4.664e-05', 'epoch': '8.066'}
{'loss': '0.1465', 'grad_norm': '20.89', 'learning_rate': '4.618e-05', 'epoch': '8.393'}
{'loss': '0.1197', 'grad_norm': '11.68', 'learning_rate': '4.57e-05', 'epoch': '8.721'}
{'eval_loss': '0.06722', 'eval_accuracy': '0.9812', 'eval_f1': '0.9812', 'eval_balanced_accuracy': '0.9812', 'eval_macro_f1': '0.9812', 'eval_atc': '0.04688', 'eval_normalized_atc': '0.004687', 'eval_target_recall': '0.875', 'eval_target_recall_macro': '0.9531', 'eval_target_fnr': '0', 'eval_selection_score': '0.007188', 'eval_selection_accuracy_value': '0.9812', 'eval_nll': '0.06258', 'eval_brier': '0.0324', 'eval_ece': '0.02091', 'eval_auroc': '0', 'eval_auprc': '0', 'eval_runtime': '3.882', 'eval_samples_per_second': '82.42', 'eval_steps_per_second': '5.152', 'epoch': '9'}
CustomImageProcessor configuration saved to checkpoints/pmi20_alpha_lambda6_run_nicme_v3_run69_a0p2_l0p09_pmi20_lr5e5_s42/checkpoint-279/preprocessor_config.json
{'loss': '0.1632', 'grad_norm': '15.84', 'learning_rate': '4.519e-05', 'epoch': '9.033'}
{'loss': '0.1728', 'grad_norm': '25.8', 'learning_rate': '4.466e-05', 'epoch': '9.361'}
{'loss': '0.1243', 'grad_norm': '49.49', 'learning_rate': '4.411e-05', 'epoch': '9.689'}
{'loss': '0.1252', 'grad_norm': '4.498', 'learning_rate': '4.353e-05', 'epoch': '10'}
{'eval_loss': '0.04889', 'eval_accuracy': '0.9844', 'eval_f1': '0.9844', 'eval_balanced_accuracy': '0.9844', 'eval_macro_f1': '0.9844', 'eval_atc': '0.07187', 'eval_normalized_atc': '0.007187', 'eval_target_recall': '0.9375', 'eval_target_recall_macro': '0.9688', 'eval_target_fnr': '0.0625', 'eval_selection_score': '0.007187', 'eval_selection_accuracy_value': '0.9844', 'eval_nll': '0.0441', 'eval_brier': '0.02128', 'eval_ece': '0.02376', 'eval_auroc': '0', 'eval_auprc': '0', 'eval_runtime': '3.942', 'eval_samples_per_second': '81.18', 'eval_steps_per_second': '5.073', 'epoch': '10'}
CustomImageProcessor configuration saved to checkpoints/pmi20_alpha_lambda6_run_nicme_v3_run69_a0p2_l0p09_pmi20_lr5e5_s42/checkpoint-310/preprocessor_config.json
{'train_runtime': '266.9', 'train_samples_per_second': '232.6', 'train_steps_per_second': '3.717', 'train_loss': '2.365', 'epoch': '10'}
***** train metrics *****
  epoch                    =       10.0
  total_flos               =        0GF
  train_loss               =     2.3655
  train_runtime            = 0:04:26.91
  train_samples_per_second =    232.581
  train_steps_per_second   =      3.717
Using device: cuda

============================================================
PERFORMING COMPREHENSIVE EVALUATION
============================================================
Results will be saved to: results/pmi20_sota_convnext_base_test/pmi20_alpha_lambda6_run_nicme_v3_run69_a0p2_l0p09_pmi20_lr5e5_s42_05-04_14-44
Saving run configuration...
Run configuration saved to: results/pmi20_sota_convnext_base_test/pmi20_alpha_lambda6_run_nicme_v3_run69_a0p2_l0p09_pmi20_lr5e5_s42_05-04_14-44/run_configuration_20260504_144403.json
Running model evaluation...
Computing detailed metrics...
Saving metrics to files...
Metrics saved to: results/pmi20_sota_convnext_base_test/pmi20_alpha_lambda6_run_nicme_v3_run69_a0p2_l0p09_pmi20_lr5e5_s42_05-04_14-44/metrics_20260504_144416_nicme_v3_hybrid.json and results/pmi20_sota_convnext_base_test/pmi20_alpha_lambda6_run_nicme_v3_run69_a0p2_l0p09_pmi20_lr5e5_s42_05-04_14-44/metrics_20260504_144416_nicme_v3_hybrid.txt
Using provided class names: ['00378-0208', '00378-3855', '00591-0461', '16729-0020', '16729-0168', '50111-0434', '53489-0156', '53746-0544', '57664-0377', '62037-0831', '62037-0832', '64380-0803', '65162-0253', '67253-0901', '68382-0008', '68382-0227', '69097-0127', '69097-0128', '69315-0904', '69315-0905']
Skipping confusion matrix visualizations by configuration.

============================================================
TRAINING COMPLETED - RESULTS SUMMARY
============================================================
Output Directory: results/pmi20_sota_convnext_base_test/pmi20_alpha_lambda6_run_nicme_v3_run69_a0p2_l0p09_pmi20_lr5e5_s42_05-04_14-44
Overall Accuracy: 0.9578
Balanced Accuracy: 0.9578
Overall F1 Score: 0.9581
Kappa: 0.9556
AUC: 0.9994
Expected Cost: 0.0844
Loss Function Used: nicme_v3_hybrid
Total Test Samples: 640
Classes: 00378-0208, 00378-3855, 00591-0461, 16729-0020, 16729-0168, 50111-0434, 53489-0156, 53746-0544, 57664-0377, 62037-0831, 62037-0832, 64380-0803, 65162-0253, 67253-0901, 68382-0008, 68382-0227, 69097-0127, 69097-0128, 69315-0904, 69315-0905

Detailed metrics saved to: results/pmi20_sota_convnext_base_test/pmi20_alpha_lambda6_run_nicme_v3_run69_a0p2_l0p09_pmi20_lr5e5_s42_05-04_14-44
============================================================
