Prepared manifest loaded — Train=970, Val=310, Calibration=0, Test=320
cuda
Using model backend=timm type=pmi10_sota_convnext_base with 10 labels
Early stopping enabled with patience=5
Using device: cuda
{'loss': '8.173', 'grad_norm': '29.46', 'learning_rate': '2.5e-05', 'epoch': '0.6557'}
{'eval_loss': '1.365', 'eval_accuracy': '0.6871', 'eval_f1': '0.657', 'eval_balanced_accuracy': '0.6871', 'eval_macro_f1': '0.657', 'eval_atc': '0.6323', 'eval_normalized_atc': '0.06323', 'eval_target_recall': '0.1935', 'eval_target_recall_macro': '0.7581', 'eval_target_fnr': '0', 'eval_selection_score': '2.072', 'eval_selection_accuracy_value': '0.6871', 'eval_nll': '1.265', 'eval_brier': '0.5868', 'eval_ece': '0.3081', 'eval_auroc': '0', 'eval_auprc': '0', 'eval_runtime': '4.454', 'eval_samples_per_second': '69.61', 'eval_steps_per_second': '4.491', 'epoch': '1'}
CustomImageProcessor configuration saved to checkpoints/camera_ready_smoke_nicme_v3_hybrid_pretty_a0p5_l0p07_lr5e5_s44/checkpoint-16/preprocessor_config.json
{'train_runtime': '18.92', 'train_samples_per_second': '51.27', 'train_steps_per_second': '0.846', 'train_loss': '6.953', 'epoch': '1'}
***** train metrics *****
  epoch                    =        1.0
  total_flos               =        0GF
  train_loss               =     6.9526
  train_runtime            = 0:00:18.92
  train_samples_per_second =     51.266
  train_steps_per_second   =      0.846
Using device: cuda

============================================================
PERFORMING COMPREHENSIVE EVALUATION
============================================================
Results will be saved to: results/pmi10_sota_convnext_base_test/camera_ready_smoke_nicme_v3_hybrid_pretty_a0p5_l0p07_lr5e5_s44_05-03_20-45
Saving run configuration...
Run configuration saved to: results/pmi10_sota_convnext_base_test/camera_ready_smoke_nicme_v3_hybrid_pretty_a0p5_l0p07_lr5e5_s44_05-03_20-45/run_configuration_20260503_204519.json
Running model evaluation...
Computing detailed metrics...
Saving metrics to files...
Metrics saved to: results/pmi10_sota_convnext_base_test/camera_ready_smoke_nicme_v3_hybrid_pretty_a0p5_l0p07_lr5e5_s44_05-03_20-45/metrics_20260503_204529_nicme_v3_hybrid.json and results/pmi10_sota_convnext_base_test/camera_ready_smoke_nicme_v3_hybrid_pretty_a0p5_l0p07_lr5e5_s44_05-03_20-45/metrics_20260503_204529_nicme_v3_hybrid.txt
Using provided class names: ['00378-0208', '00378-3855', '00591-0461', '16729-0020', '50111-0434', '53489-0156', '53746-0544', '62037-0831', '68382-0008', '68382-0227']
Skipping confusion matrix visualizations by configuration.

============================================================
TRAINING COMPLETED - RESULTS SUMMARY
============================================================
Output Directory: results/pmi10_sota_convnext_base_test/camera_ready_smoke_nicme_v3_hybrid_pretty_a0p5_l0p07_lr5e5_s44_05-03_20-45
Overall Accuracy: 0.7094
Balanced Accuracy: 0.7094
Overall F1 Score: 0.6847
Kappa: 0.6771
AUC: 0.9792
Expected Cost: 0.4875
Loss Function Used: nicme_v3_hybrid
Total Test Samples: 320
Classes: 00378-0208, 00378-3855, 00591-0461, 16729-0020, 50111-0434, 53489-0156, 53746-0544, 62037-0831, 68382-0008, 68382-0227

Detailed metrics saved to: results/pmi10_sota_convnext_base_test/camera_ready_smoke_nicme_v3_hybrid_pretty_a0p5_l0p07_lr5e5_s44_05-03_20-45
============================================================
