Prepared manifest loaded — Train=970, Val=310, Calibration=0, Test=320
cuda
Using model backend=timm type=pmi10_sota_convnext_base with 10 labels
Loaded initial checkpoint: checkpoints/camera_ready_smoke_ce_anchor_pretty_lr5e5_s44/checkpoint-16/model.safetensors
Early stopping enabled with patience=3
Using device: cuda
{'loss': '36.62', 'grad_norm': '193', 'learning_rate': '5e-06', 'epoch': '0.6557'}
{'eval_loss': '1.336', 'eval_accuracy': '0.5548', 'eval_f1': '0.4455', 'eval_balanced_accuracy': '0.5548', 'eval_macro_f1': '0.4455', 'eval_atc': '0.7355', 'eval_normalized_atc': '0.07355', 'eval_target_recall': '0.1613', 'eval_target_recall_macro': '0.7742', 'eval_target_fnr': '0', 'eval_selection_score': '2.316', 'eval_selection_accuracy_value': '0.5548', 'eval_nll': '1.336', 'eval_brier': '0.6195', 'eval_ece': '0.1688', 'eval_auroc': '0', 'eval_auprc': '0', 'eval_runtime': '4.368', 'eval_samples_per_second': '70.97', 'eval_steps_per_second': '4.578', 'epoch': '1'}
CustomImageProcessor configuration saved to checkpoints/camera_ready_smoke_csada_lr5e5_s44/checkpoint-16/preprocessor_config.json
{'train_runtime': '31.67', 'train_samples_per_second': '30.63', 'train_steps_per_second': '0.505', 'train_loss': '32.64', 'epoch': '1'}
***** train metrics *****
  epoch                    =        1.0
  total_flos               =        0GF
  train_loss               =    32.6387
  train_runtime            = 0:00:31.66
  train_samples_per_second =     30.629
  train_steps_per_second   =      0.505
Using device: cuda

============================================================
PERFORMING COMPREHENSIVE EVALUATION
============================================================
Results will be saved to: results/pmi10_sota_convnext_base_test/camera_ready_smoke_csada_lr5e5_s44_05-03_20-52
Saving run configuration...
Run configuration saved to: results/pmi10_sota_convnext_base_test/camera_ready_smoke_csada_lr5e5_s44_05-03_20-52/run_configuration_20260503_205227.json
Running model evaluation...
Computing detailed metrics...
Saving metrics to files...
Metrics saved to: results/pmi10_sota_convnext_base_test/camera_ready_smoke_csada_lr5e5_s44_05-03_20-52/metrics_20260503_205236_csada.json and results/pmi10_sota_convnext_base_test/camera_ready_smoke_csada_lr5e5_s44_05-03_20-52/metrics_20260503_205236_csada.txt
Using provided class names: ['00378-0208', '00378-3855', '00591-0461', '16729-0020', '50111-0434', '53489-0156', '53746-0544', '62037-0831', '68382-0008', '68382-0227']
Skipping confusion matrix visualizations by configuration.

============================================================
TRAINING COMPLETED - RESULTS SUMMARY
============================================================
Output Directory: results/pmi10_sota_convnext_base_test/camera_ready_smoke_csada_lr5e5_s44_05-03_20-52
Overall Accuracy: 0.5625
Balanced Accuracy: 0.5625
Overall F1 Score: 0.4488
Kappa: 0.5139
AUC: 0.9780
Expected Cost: 0.7750
Loss Function Used: csada
Total Test Samples: 320
Classes: 00378-0208, 00378-3855, 00591-0461, 16729-0020, 50111-0434, 53489-0156, 53746-0544, 62037-0831, 68382-0008, 68382-0227

Detailed metrics saved to: results/pmi10_sota_convnext_base_test/camera_ready_smoke_csada_lr5e5_s44_05-03_20-52
============================================================
