Prepared manifest loaded — Train=96, Val=24, Calibration=24, Test=24
cuda
Using model backend=timm type=timm_dinov3_convnext_lora with 2 labels
Using device: cuda
{'eval_loss': '3.212', 'eval_accuracy': '0.5417', 'eval_f1': '0.5209', 'eval_balanced_accuracy': '0.5417', 'eval_macro_f1': '0.5209', 'eval_atc': '1.583', 'eval_normalized_atc': '0.1583', 'eval_target_recall': '0.75', 'eval_target_fnr': '0.25', 'eval_selection_score': '0.3851', 'eval_selection_accuracy_value': '0.5417', 'eval_nll': '0.6772', 'eval_brier': '0.4885', 'eval_ece': '0.2018', 'eval_auroc': '0.6736', 'eval_auprc': '0.6055', 'eval_runtime': '1.762', 'eval_samples_per_second': '13.62', 'eval_steps_per_second': '1.703', 'epoch': '1'}
CustomImageProcessor configuration saved to checkpoints/stop1_smoke_timm_lora_spider_balanced_smoke_timm_dinov3_convnext_lora_nicme_hybrid/checkpoint-3/preprocessor_config.json
{'train_runtime': '3.652', 'train_samples_per_second': '26.29', 'train_steps_per_second': '0.821', 'train_loss': '8.347', 'epoch': '1'}
***** train metrics *****
  epoch                    =        1.0
  total_flos               =        0GF
  train_loss               =     8.3474
  train_runtime            = 0:00:03.65
  train_samples_per_second =     26.285
  train_steps_per_second   =      0.821
Using device: cuda

============================================================
PERFORMING COMPREHENSIVE EVALUATION
============================================================
Results will be saved to: results/timm_dinov3_convnext_lora_test/stop1_smoke_timm_lora_spider_balanced_smoke_timm_dinov3_convnext_lora_nicme_hybrid_04-28_05-00
Saving run configuration...
Run configuration saved to: results/timm_dinov3_convnext_lora_test/stop1_smoke_timm_lora_spider_balanced_smoke_timm_dinov3_convnext_lora_nicme_hybrid_04-28_05-00/run_configuration_20260428_050025.json
Running model evaluation...
Computing detailed metrics...
Saving metrics to files...
Metrics saved to: results/timm_dinov3_convnext_lora_test/stop1_smoke_timm_lora_spider_balanced_smoke_timm_dinov3_convnext_lora_nicme_hybrid_04-28_05-00/metrics_20260428_050030_nicme_hybrid.json and results/timm_dinov3_convnext_lora_test/stop1_smoke_timm_lora_spider_balanced_smoke_timm_dinov3_convnext_lora_nicme_hybrid_04-28_05-00/metrics_20260428_050030_nicme_hybrid.txt
Creating confusion matrix visualizations...
Using provided class names: ['black_widow', 'false_widow']
Confusion matrix visualizations (3-panel) saved to: results/timm_dinov3_convnext_lora_test/stop1_smoke_timm_lora_spider_balanced_smoke_timm_dinov3_convnext_lora_nicme_hybrid_04-28_05-00/confusion_matrix_20260428_050030_nicme_hybrid.png and results/timm_dinov3_convnext_lora_test/stop1_smoke_timm_lora_spider_balanced_smoke_timm_dinov3_convnext_lora_nicme_hybrid_04-28_05-00/confusion_matrix_20260428_050030_nicme_hybrid.pdf
Detailed confusion matrix saved to: results/timm_dinov3_convnext_lora_test/stop1_smoke_timm_lora_spider_balanced_smoke_timm_dinov3_convnext_lora_nicme_hybrid_04-28_05-00/confusion_matrix_detailed_20260428_050030_nicme_hybrid.png

============================================================
TRAINING COMPLETED - RESULTS SUMMARY
============================================================
Output Directory: results/timm_dinov3_convnext_lora_test/stop1_smoke_timm_lora_spider_balanced_smoke_timm_dinov3_convnext_lora_nicme_hybrid_04-28_05-00
Overall Accuracy: 0.5000
Balanced Accuracy: 0.5000
Overall F1 Score: 0.4667
Kappa: 0.0000
AUC: 0.5069
Expected Cost: 1.6250
Loss Function Used: nicme_hybrid
Total Test Samples: 24
Classes: black_widow, false_widow

Detailed metrics and visualizations saved to: results/timm_dinov3_convnext_lora_test/stop1_smoke_timm_lora_spider_balanced_smoke_timm_dinov3_convnext_lora_nicme_hybrid_04-28_05-00
============================================================
