Prepared manifest loaded — Train=96, Val=24, Calibration=24, Test=24
cuda
Using model backend=timm type=timm_dinov3_vit_lora with 2 labels
Using device: cuda
{'eval_loss': '0.6924', 'eval_accuracy': '0.5', 'eval_f1': '0.3333', 'eval_balanced_accuracy': '0.5', 'eval_macro_f1': '0.3333', 'eval_atc': '0.5', 'eval_normalized_atc': '0.05', 'eval_target_recall': '1', 'eval_target_fnr': '0', 'eval_selection_score': '0.1725', 'eval_selection_accuracy_value': '0.5', 'eval_nll': '0.6924', 'eval_brier': '0.4993', 'eval_ece': '0.001605', 'eval_auroc': '0.8472', 'eval_auprc': '0.8861', 'eval_runtime': '1.937', 'eval_samples_per_second': '12.39', 'eval_steps_per_second': '1.549', 'epoch': '1'}
CustomImageProcessor configuration saved to checkpoints/stop1_smoke_timm_lora_breakhis_balanced_smoke_timm_dinov3_vit_lora_ce/checkpoint-3/preprocessor_config.json
{'train_runtime': '2.851', 'train_samples_per_second': '33.68', 'train_steps_per_second': '1.052', 'train_loss': '2.773', 'epoch': '1'}
***** train metrics *****
  epoch                    =        1.0
  total_flos               =        0GF
  train_loss               =     2.7729
  train_runtime            = 0:00:02.85
  train_samples_per_second =     33.678
  train_steps_per_second   =      1.052
Using device: cuda

============================================================
PERFORMING COMPREHENSIVE EVALUATION
============================================================
Results will be saved to: results/timm_dinov3_vit_lora_test/stop1_smoke_timm_lora_breakhis_balanced_smoke_timm_dinov3_vit_lora_ce_04-28_05-00
Saving run configuration...
Run configuration saved to: results/timm_dinov3_vit_lora_test/stop1_smoke_timm_lora_breakhis_balanced_smoke_timm_dinov3_vit_lora_ce_04-28_05-00/run_configuration_20260428_050038.json
Running model evaluation...
Computing detailed metrics...
Saving metrics to files...
Metrics saved to: results/timm_dinov3_vit_lora_test/stop1_smoke_timm_lora_breakhis_balanced_smoke_timm_dinov3_vit_lora_ce_04-28_05-00/metrics_20260428_050044_ce.json and results/timm_dinov3_vit_lora_test/stop1_smoke_timm_lora_breakhis_balanced_smoke_timm_dinov3_vit_lora_ce_04-28_05-00/metrics_20260428_050044_ce.txt
Creating confusion matrix visualizations...
Using provided class names: ['benign', 'malignant']
Confusion matrix visualizations (3-panel) saved to: results/timm_dinov3_vit_lora_test/stop1_smoke_timm_lora_breakhis_balanced_smoke_timm_dinov3_vit_lora_ce_04-28_05-00/confusion_matrix_20260428_050044_ce.png and results/timm_dinov3_vit_lora_test/stop1_smoke_timm_lora_breakhis_balanced_smoke_timm_dinov3_vit_lora_ce_04-28_05-00/confusion_matrix_20260428_050044_ce.pdf
Detailed confusion matrix saved to: results/timm_dinov3_vit_lora_test/stop1_smoke_timm_lora_breakhis_balanced_smoke_timm_dinov3_vit_lora_ce_04-28_05-00/confusion_matrix_detailed_20260428_050044_ce.png

============================================================
TRAINING COMPLETED - RESULTS SUMMARY
============================================================
Output Directory: results/timm_dinov3_vit_lora_test/stop1_smoke_timm_lora_breakhis_balanced_smoke_timm_dinov3_vit_lora_ce_04-28_05-00
Overall Accuracy: 0.5000
Balanced Accuracy: 0.5000
Overall F1 Score: 0.3333
Kappa: 0.0000
AUC: 0.7708
Expected Cost: 0.5000
Loss Function Used: ce
Total Test Samples: 24
Classes: benign, malignant

Detailed metrics and visualizations saved to: results/timm_dinov3_vit_lora_test/stop1_smoke_timm_lora_breakhis_balanced_smoke_timm_dinov3_vit_lora_ce_04-28_05-00
============================================================
