Prepared manifest loaded — Train=256, Val=64, Calibration=64, Test=64
cuda
Using model backend=timm type=timm_dinov3_vit_lora with 2 labels
Early stopping enabled with patience=2
Using device: cuda
{'eval_loss': '0.6917', 'eval_accuracy': '0.6562', 'eval_f1': '0.6102', 'eval_balanced_accuracy': '0.6562', 'eval_macro_f1': '0.6102', 'eval_atc': '0.3438', 'eval_normalized_atc': '0.03438', 'eval_target_recall': '1', 'eval_target_fnr': '0', 'eval_selection_score': '0.07191', 'eval_selection_accuracy_value': '0.6562', 'eval_nll': '0.6917', 'eval_brier': '0.4986', 'eval_ece': '0.155', 'eval_auroc': '0.9268', 'eval_auprc': '0.9284', 'eval_runtime': '1.99', 'eval_samples_per_second': '32.15', 'eval_steps_per_second': '2.01', 'epoch': '1'}
CustomImageProcessor configuration saved to checkpoints/stop2_prototype_breakhis_balanced_prototype_timm_dinov3_vit_lora_ce_calibrated_cost_min/checkpoint-4/preprocessor_config.json
{'eval_loss': '0.6896', 'eval_accuracy': '0.8594', 'eval_f1': '0.8593', 'eval_balanced_accuracy': '0.8594', 'eval_macro_f1': '0.8593', 'eval_atc': '0.7031', 'eval_normalized_atc': '0.07031', 'eval_target_recall': '0.875', 'eval_target_fnr': '0.125', 'eval_selection_score': '0.1064', 'eval_selection_accuracy_value': '0.8594', 'eval_nll': '0.6896', 'eval_brier': '0.4964', 'eval_ece': '0.3574', 'eval_auroc': '0.9355', 'eval_auprc': '0.9378', 'eval_runtime': '1.683', 'eval_samples_per_second': '38.03', 'eval_steps_per_second': '2.377', 'epoch': '2'}
CustomImageProcessor configuration saved to checkpoints/stop2_prototype_breakhis_balanced_prototype_timm_dinov3_vit_lora_ce_calibrated_cost_min/checkpoint-8/preprocessor_config.json
{'loss': '2.767', 'grad_norm': '1.883', 'learning_rate': '8.716e-05', 'epoch': '2.5'}
{'eval_loss': '0.6876', 'eval_accuracy': '0.8438', 'eval_f1': '0.8413', 'eval_balanced_accuracy': '0.8438', 'eval_macro_f1': '0.8413', 'eval_atc': '0.2969', 'eval_normalized_atc': '0.02969', 'eval_target_recall': '0.9688', 'eval_target_fnr': '0.03125', 'eval_selection_score': '0.02973', 'eval_selection_accuracy_value': '0.8438', 'eval_nll': '0.6876', 'eval_brier': '0.4944', 'eval_ece': '0.3405', 'eval_auroc': '0.9463', 'eval_auprc': '0.9422', 'eval_runtime': '1.875', 'eval_samples_per_second': '34.13', 'eval_steps_per_second': '2.133', 'epoch': '3'}
CustomImageProcessor configuration saved to checkpoints/stop2_prototype_breakhis_balanced_prototype_timm_dinov3_vit_lora_ce_calibrated_cost_min/checkpoint-12/preprocessor_config.json
{'eval_loss': '0.6859', 'eval_accuracy': '0.8281', 'eval_f1': '0.8247', 'eval_balanced_accuracy': '0.8281', 'eval_macro_f1': '0.8247', 'eval_atc': '0.3125', 'eval_normalized_atc': '0.03125', 'eval_target_recall': '0.9688', 'eval_target_fnr': '0.03125', 'eval_selection_score': '0.03173', 'eval_selection_accuracy_value': '0.8281', 'eval_nll': '0.6859', 'eval_brier': '0.4927', 'eval_ece': '0.3234', 'eval_auroc': '0.9473', 'eval_auprc': '0.9405', 'eval_runtime': '2.215', 'eval_samples_per_second': '28.9', 'eval_steps_per_second': '1.806', 'epoch': '4'}
CustomImageProcessor configuration saved to checkpoints/stop2_prototype_breakhis_balanced_prototype_timm_dinov3_vit_lora_ce_calibrated_cost_min/checkpoint-16/preprocessor_config.json
{'loss': '2.751', 'grad_norm': '2.884', 'learning_rate': '3.96e-05', 'epoch': '5'}
{'eval_loss': '0.6848', 'eval_accuracy': '0.8281', 'eval_f1': '0.8247', 'eval_balanced_accuracy': '0.8281', 'eval_macro_f1': '0.8247', 'eval_atc': '0.3125', 'eval_normalized_atc': '0.03125', 'eval_target_recall': '0.9688', 'eval_target_fnr': '0.03125', 'eval_selection_score': '0.03173', 'eval_selection_accuracy_value': '0.8281', 'eval_nll': '0.6848', 'eval_brier': '0.4916', 'eval_ece': '0.3227', 'eval_auroc': '0.9473', 'eval_auprc': '0.9389', 'eval_runtime': '1.661', 'eval_samples_per_second': '38.53', 'eval_steps_per_second': '2.408', 'epoch': '5'}
CustomImageProcessor configuration saved to checkpoints/stop2_prototype_breakhis_balanced_prototype_timm_dinov3_vit_lora_ce_calibrated_cost_min/checkpoint-20/preprocessor_config.json
{'train_runtime': '18.89', 'train_samples_per_second': '108.4', 'train_steps_per_second': '1.694', 'train_loss': '2.759', 'epoch': '5'}
***** train metrics *****
  epoch                    =        5.0
  total_flos               =        0GF
  train_loss               =     2.7592
  train_runtime            = 0:00:18.88
  train_samples_per_second =     108.42
  train_steps_per_second   =      1.694
Using device: cuda

============================================================
PERFORMING COMPREHENSIVE EVALUATION
============================================================
Results will be saved to: results/timm_dinov3_vit_lora_test/stop2_prototype_breakhis_balanced_prototype_timm_dinov3_vit_lora_ce_calibrated_cost_min_04-28_05-35
Saving run configuration...
Run configuration saved to: results/timm_dinov3_vit_lora_test/stop2_prototype_breakhis_balanced_prototype_timm_dinov3_vit_lora_ce_calibrated_cost_min_04-28_05-35/run_configuration_20260428_053531.json
Running model evaluation...
Computing detailed metrics...
Saving metrics to files...
Metrics saved to: results/timm_dinov3_vit_lora_test/stop2_prototype_breakhis_balanced_prototype_timm_dinov3_vit_lora_ce_calibrated_cost_min_04-28_05-35/metrics_20260428_053538_ce_calibrated_cost_min.json and results/timm_dinov3_vit_lora_test/stop2_prototype_breakhis_balanced_prototype_timm_dinov3_vit_lora_ce_calibrated_cost_min_04-28_05-35/metrics_20260428_053538_ce_calibrated_cost_min.txt
Creating confusion matrix visualizations...
Using provided class names: ['benign', 'malignant']
Confusion matrix visualizations (3-panel) saved to: results/timm_dinov3_vit_lora_test/stop2_prototype_breakhis_balanced_prototype_timm_dinov3_vit_lora_ce_calibrated_cost_min_04-28_05-35/confusion_matrix_20260428_053538_ce_calibrated_cost_min.png and results/timm_dinov3_vit_lora_test/stop2_prototype_breakhis_balanced_prototype_timm_dinov3_vit_lora_ce_calibrated_cost_min_04-28_05-35/confusion_matrix_20260428_053538_ce_calibrated_cost_min.pdf
Detailed confusion matrix saved to: results/timm_dinov3_vit_lora_test/stop2_prototype_breakhis_balanced_prototype_timm_dinov3_vit_lora_ce_calibrated_cost_min_04-28_05-35/confusion_matrix_detailed_20260428_053538_ce_calibrated_cost_min.png

============================================================
TRAINING COMPLETED - RESULTS SUMMARY
============================================================
Output Directory: results/timm_dinov3_vit_lora_test/stop2_prototype_breakhis_balanced_prototype_timm_dinov3_vit_lora_ce_calibrated_cost_min_04-28_05-35
Overall Accuracy: 0.7344
Balanced Accuracy: 0.7344
Overall F1 Score: 0.7338
Kappa: 0.4688
AUC: 0.8135
Expected Cost: 1.6719
Loss Function Used: ce_calibrated_cost_min
Total Test Samples: 64
Classes: benign, malignant

Detailed metrics and visualizations saved to: results/timm_dinov3_vit_lora_test/stop2_prototype_breakhis_balanced_prototype_timm_dinov3_vit_lora_ce_calibrated_cost_min_04-28_05-35
============================================================
