Prepared manifest loaded — Train=256, Val=64, Calibration=64, Test=64
cuda
Using model backend=timm type=timm_dinov3_convnext_lora with 2 labels
Early stopping enabled with patience=2
Using device: cuda
{'eval_loss': '0.6612', 'eval_accuracy': '0.7031', 'eval_f1': '0.7025', 'eval_balanced_accuracy': '0.7031', 'eval_macro_f1': '0.7025', 'eval_atc': '1.422', 'eval_normalized_atc': '0.1422', 'eval_target_recall': '0.75', 'eval_target_fnr': '0.25', 'eval_selection_score': '0.3574', 'eval_selection_accuracy_value': '0.7031', 'eval_nll': '0.6612', 'eval_brier': '0.4667', 'eval_ece': '0.1739', 'eval_auroc': '0.7002', 'eval_auprc': '0.6524', 'eval_runtime': '1.893', 'eval_samples_per_second': '33.81', 'eval_steps_per_second': '2.113', 'epoch': '1'}
CustomImageProcessor configuration saved to checkpoints/stop2_prototype_breakhis_balanced_prototype_timm_dinov3_convnext_lora_ce_calibrated_cost_min/checkpoint-4/preprocessor_config.json
{'eval_loss': '0.6395', 'eval_accuracy': '0.6562', 'eval_f1': '0.6267', 'eval_balanced_accuracy': '0.6562', 'eval_macro_f1': '0.6267', 'eval_atc': '3.156', 'eval_normalized_atc': '0.3156', 'eval_target_recall': '0.375', 'eval_target_fnr': '0.625', 'eval_selection_score': '1.769', 'eval_selection_accuracy_value': '0.6562', 'eval_nll': '0.6395', 'eval_brier': '0.4481', 'eval_ece': '0.06032', 'eval_auroc': '0.7559', 'eval_auprc': '0.7085', 'eval_runtime': '1.893', 'eval_samples_per_second': '33.82', 'eval_steps_per_second': '2.113', 'epoch': '2'}
CustomImageProcessor configuration saved to checkpoints/stop2_prototype_breakhis_balanced_prototype_timm_dinov3_convnext_lora_ce_calibrated_cost_min/checkpoint-8/preprocessor_config.json
{'loss': '2.877', 'grad_norm': '36.91', 'learning_rate': '8.716e-05', 'epoch': '2.5'}
{'eval_loss': '0.5949', 'eval_accuracy': '0.6562', 'eval_f1': '0.639', 'eval_balanced_accuracy': '0.6562', 'eval_macro_f1': '0.639', 'eval_atc': '0.9062', 'eval_normalized_atc': '0.09062', 'eval_target_recall': '0.875', 'eval_target_fnr': '0.125', 'eval_selection_score': '0.1643', 'eval_selection_accuracy_value': '0.6562', 'eval_nll': '0.5949', 'eval_brier': '0.4068', 'eval_ece': '0.1653', 'eval_auroc': '0.835', 'eval_auprc': '0.8199', 'eval_runtime': '1.854', 'eval_samples_per_second': '34.52', 'eval_steps_per_second': '2.157', 'epoch': '3'}
CustomImageProcessor configuration saved to checkpoints/stop2_prototype_breakhis_balanced_prototype_timm_dinov3_convnext_lora_ce_calibrated_cost_min/checkpoint-12/preprocessor_config.json
{'eval_loss': '0.5979', 'eval_accuracy': '0.6406', 'eval_f1': '0.5873', 'eval_balanced_accuracy': '0.6406', 'eval_macro_f1': '0.5873', 'eval_atc': '0.3594', 'eval_normalized_atc': '0.03594', 'eval_target_recall': '1', 'eval_target_fnr': '0', 'eval_selection_score': '0.07978', 'eval_selection_accuracy_value': '0.6406', 'eval_nll': '0.5979', 'eval_brier': '0.4188', 'eval_ece': '0.1687', 'eval_auroc': '0.8643', 'eval_auprc': '0.8661', 'eval_runtime': '2.061', 'eval_samples_per_second': '31.05', 'eval_steps_per_second': '1.941', 'epoch': '4'}
CustomImageProcessor configuration saved to checkpoints/stop2_prototype_breakhis_balanced_prototype_timm_dinov3_convnext_lora_ce_calibrated_cost_min/checkpoint-16/preprocessor_config.json
{'loss': '2.353', 'grad_norm': '14.8', 'learning_rate': '3.96e-05', 'epoch': '5'}
{'eval_loss': '0.5394', 'eval_accuracy': '0.7188', 'eval_f1': '0.6946', 'eval_balanced_accuracy': '0.7188', 'eval_macro_f1': '0.6946', 'eval_atc': '0.2812', 'eval_normalized_atc': '0.02813', 'eval_target_recall': '1', 'eval_target_fnr': '0', 'eval_selection_score': '0.04535', 'eval_selection_accuracy_value': '0.7188', 'eval_nll': '0.5394', 'eval_brier': '0.3642', 'eval_ece': '0.04974', 'eval_auroc': '0.8994', 'eval_auprc': '0.89', 'eval_runtime': '7.152', 'eval_samples_per_second': '8.949', 'eval_steps_per_second': '0.559', 'epoch': '5'}
CustomImageProcessor configuration saved to checkpoints/stop2_prototype_breakhis_balanced_prototype_timm_dinov3_convnext_lora_ce_calibrated_cost_min/checkpoint-20/preprocessor_config.json
{'eval_loss': '0.4876', 'eval_accuracy': '0.8281', 'eval_f1': '0.8247', 'eval_balanced_accuracy': '0.8281', 'eval_macro_f1': '0.8247', 'eval_atc': '0.3125', 'eval_normalized_atc': '0.03125', 'eval_target_recall': '0.9688', 'eval_target_fnr': '0.03125', 'eval_selection_score': '0.03173', 'eval_selection_accuracy_value': '0.8281', 'eval_nll': '0.4876', 'eval_brier': '0.3142', 'eval_ece': '0.1389', 'eval_auroc': '0.9102', 'eval_auprc': '0.8973', 'eval_runtime': '1.839', 'eval_samples_per_second': '34.8', 'eval_steps_per_second': '2.175', 'epoch': '6'}
CustomImageProcessor configuration saved to checkpoints/stop2_prototype_breakhis_balanced_prototype_timm_dinov3_convnext_lora_ce_calibrated_cost_min/checkpoint-24/preprocessor_config.json
{'eval_loss': '0.4721', 'eval_accuracy': '0.8281', 'eval_f1': '0.8247', 'eval_balanced_accuracy': '0.8281', 'eval_macro_f1': '0.8247', 'eval_atc': '0.3125', 'eval_normalized_atc': '0.03125', 'eval_target_recall': '0.9688', 'eval_target_fnr': '0.03125', 'eval_selection_score': '0.03173', 'eval_selection_accuracy_value': '0.8281', 'eval_nll': '0.4721', 'eval_brier': '0.3001', 'eval_ece': '0.1333', 'eval_auroc': '0.916', 'eval_auprc': '0.902', 'eval_runtime': '1.718', 'eval_samples_per_second': '37.25', 'eval_steps_per_second': '2.328', 'epoch': '7'}
CustomImageProcessor configuration saved to checkpoints/stop2_prototype_breakhis_balanced_prototype_timm_dinov3_convnext_lora_ce_calibrated_cost_min/checkpoint-28/preprocessor_config.json
{'loss': '2.019', 'grad_norm': '25.82', 'learning_rate': '2.447e-06', 'epoch': '7.5'}
{'eval_loss': '0.4701', 'eval_accuracy': '0.8281', 'eval_f1': '0.8247', 'eval_balanced_accuracy': '0.8281', 'eval_macro_f1': '0.8247', 'eval_atc': '0.3125', 'eval_normalized_atc': '0.03125', 'eval_target_recall': '0.9688', 'eval_target_fnr': '0.03125', 'eval_selection_score': '0.03173', 'eval_selection_accuracy_value': '0.8281', 'eval_nll': '0.4701', 'eval_brier': '0.2985', 'eval_ece': '0.1317', 'eval_auroc': '0.916', 'eval_auprc': '0.902', 'eval_runtime': '2.171', 'eval_samples_per_second': '29.48', 'eval_steps_per_second': '1.842', 'epoch': '8'}
CustomImageProcessor configuration saved to checkpoints/stop2_prototype_breakhis_balanced_prototype_timm_dinov3_convnext_lora_ce_calibrated_cost_min/checkpoint-32/preprocessor_config.json
{'train_runtime': '36.49', 'train_samples_per_second': '56.13', 'train_steps_per_second': '0.877', 'train_loss': '2.379', 'epoch': '8'}
***** train metrics *****
  epoch                    =        8.0
  total_flos               =        0GF
  train_loss               =     2.3789
  train_runtime            = 0:00:36.48
  train_samples_per_second =     56.131
  train_steps_per_second   =      0.877
Using device: cuda

============================================================
PERFORMING COMPREHENSIVE EVALUATION
============================================================
Results will be saved to: results/timm_dinov3_convnext_lora_test/stop2_prototype_breakhis_balanced_prototype_timm_dinov3_convnext_lora_ce_calibrated_cost_min_04-28_05-38
Saving run configuration...
Run configuration saved to: results/timm_dinov3_convnext_lora_test/stop2_prototype_breakhis_balanced_prototype_timm_dinov3_convnext_lora_ce_calibrated_cost_min_04-28_05-38/run_configuration_20260428_053801.json
Running model evaluation...
Computing detailed metrics...
Saving metrics to files...
Metrics saved to: results/timm_dinov3_convnext_lora_test/stop2_prototype_breakhis_balanced_prototype_timm_dinov3_convnext_lora_ce_calibrated_cost_min_04-28_05-38/metrics_20260428_053811_ce_calibrated_cost_min.json and results/timm_dinov3_convnext_lora_test/stop2_prototype_breakhis_balanced_prototype_timm_dinov3_convnext_lora_ce_calibrated_cost_min_04-28_05-38/metrics_20260428_053811_ce_calibrated_cost_min.txt
Creating confusion matrix visualizations...
Using provided class names: ['benign', 'malignant']
Confusion matrix visualizations (3-panel) saved to: results/timm_dinov3_convnext_lora_test/stop2_prototype_breakhis_balanced_prototype_timm_dinov3_convnext_lora_ce_calibrated_cost_min_04-28_05-38/confusion_matrix_20260428_053811_ce_calibrated_cost_min.png and results/timm_dinov3_convnext_lora_test/stop2_prototype_breakhis_balanced_prototype_timm_dinov3_convnext_lora_ce_calibrated_cost_min_04-28_05-38/confusion_matrix_20260428_053811_ce_calibrated_cost_min.pdf
Detailed confusion matrix saved to: results/timm_dinov3_convnext_lora_test/stop2_prototype_breakhis_balanced_prototype_timm_dinov3_convnext_lora_ce_calibrated_cost_min_04-28_05-38/confusion_matrix_detailed_20260428_053811_ce_calibrated_cost_min.png

============================================================
TRAINING COMPLETED - RESULTS SUMMARY
============================================================
Output Directory: results/timm_dinov3_convnext_lora_test/stop2_prototype_breakhis_balanced_prototype_timm_dinov3_convnext_lora_ce_calibrated_cost_min_04-28_05-38
Overall Accuracy: 0.7656
Balanced Accuracy: 0.7656
Overall F1 Score: 0.7656
Kappa: 0.5312
AUC: 0.8271
Expected Cost: 1.3594
Loss Function Used: ce_calibrated_cost_min
Total Test Samples: 64
Classes: benign, malignant

Detailed metrics and visualizations saved to: results/timm_dinov3_convnext_lora_test/stop2_prototype_breakhis_balanced_prototype_timm_dinov3_convnext_lora_ce_calibrated_cost_min_04-28_05-38
============================================================
