Prepared manifest loaded — Train=3578, Val=1181, Calibration=0, Test=1186
cuda
Using model backend=timm type=pmi10_convnext_base_fb_in22k_ft_in1k with 10 labels
Early stopping enabled with patience=5
Using device: cuda
{'loss': '9.264', 'grad_norm': '25.88', 'learning_rate': '8.036e-06', 'epoch': '0.1786'}
{'loss': '8.209', 'grad_norm': '19.76', 'learning_rate': '1.696e-05', 'epoch': '0.3571'}
{'loss': '6.66', 'grad_norm': '21.98', 'learning_rate': '2.589e-05', 'epoch': '0.5357'}
{'loss': '4.373', 'grad_norm': '52.23', 'learning_rate': '3.482e-05', 'epoch': '0.7143'}
{'loss': '3.049', 'grad_norm': '57.01', 'learning_rate': '4.375e-05', 'epoch': '0.8929'}
{'eval_loss': '0.473', 'eval_accuracy': '0.8196', 'eval_f1': '0.726', 'eval_balanced_accuracy': '0.7067', 'eval_macro_f1': '0.726', 'eval_atc': '0.4657', 'eval_normalized_atc': '0.04657', 'eval_target_recall': '0.3077', 'eval_target_recall_macro': '0.7006', 'eval_target_fnr': '0.06533', 'eval_selection_score': '1.452', 'eval_selection_accuracy_value': '0.7067', 'eval_nll': '0.473', 'eval_brier': '0.2498', 'eval_ece': '0.1006', 'eval_auroc': '0', 'eval_auprc': '0', 'eval_runtime': '10.88', 'eval_samples_per_second': '108.6', 'eval_steps_per_second': '6.802', 'epoch': '1'}
CustomImageProcessor configuration saved to checkpoints/screen_convnext_base_fb_in22k_ft_in1k_ce_s42/checkpoint-56/preprocessor_config.json
{'loss': '2.254', 'grad_norm': '32.24', 'learning_rate': '5e-05', 'epoch': '1.071'}
{'loss': '1.342', 'grad_norm': '78.61', 'learning_rate': '4.998e-05', 'epoch': '1.25'}
{'loss': '1.327', 'grad_norm': '35.39', 'learning_rate': '4.994e-05', 'epoch': '1.429'}
{'loss': '0.9642', 'grad_norm': '52.14', 'learning_rate': '4.988e-05', 'epoch': '1.607'}
{'loss': '0.7668', 'grad_norm': '55.89', 'learning_rate': '4.98e-05', 'epoch': '1.786'}
{'loss': '0.7223', 'grad_norm': '18.84', 'learning_rate': '4.969e-05', 'epoch': '1.964'}
{'eval_loss': '0.1521', 'eval_accuracy': '0.9492', 'eval_f1': '0.9212', 'eval_balanced_accuracy': '0.9221', 'eval_macro_f1': '0.9212', 'eval_atc': '0.2769', 'eval_normalized_atc': '0.02769', 'eval_target_recall': '0.7949', 'eval_target_recall_macro': '0.8869', 'eval_target_fnr': '0.1005', 'eval_selection_score': '0.0719', 'eval_selection_accuracy_value': '0.9221', 'eval_nll': '0.1521', 'eval_brier': '0.0786', 'eval_ece': '0.03694', 'eval_auroc': '0', 'eval_auprc': '0', 'eval_runtime': '10.28', 'eval_samples_per_second': '114.9', 'eval_steps_per_second': '7.202', 'epoch': '2'}
CustomImageProcessor configuration saved to checkpoints/screen_convnext_base_fb_in22k_ft_in1k_ce_s42/checkpoint-112/preprocessor_config.json
{'loss': '0.6027', 'grad_norm': '21.73', 'learning_rate': '4.957e-05', 'epoch': '2.143'}
{'loss': '0.4871', 'grad_norm': '30.14', 'learning_rate': '4.942e-05', 'epoch': '2.321'}
{'loss': '0.3572', 'grad_norm': '37.43', 'learning_rate': '4.925e-05', 'epoch': '2.5'}
{'loss': '0.4629', 'grad_norm': '48.39', 'learning_rate': '4.906e-05', 'epoch': '2.679'}
{'loss': '0.4196', 'grad_norm': '24.35', 'learning_rate': '4.885e-05', 'epoch': '2.857'}
{'eval_loss': '0.08167', 'eval_accuracy': '0.9644', 'eval_f1': '0.9461', 'eval_balanced_accuracy': '0.9422', 'eval_macro_f1': '0.9461', 'eval_atc': '0.1804', 'eval_normalized_atc': '0.01804', 'eval_target_recall': '0.7097', 'eval_target_recall_macro': '0.891', 'eval_target_fnr': '0.005025', 'eval_selection_score': '0.1629', 'eval_selection_accuracy_value': '0.9422', 'eval_nll': '0.08167', 'eval_brier': '0.04531', 'eval_ece': '0.01445', 'eval_auroc': '0', 'eval_auprc': '0', 'eval_runtime': '11', 'eval_samples_per_second': '107.4', 'eval_steps_per_second': '6.73', 'epoch': '3'}
CustomImageProcessor configuration saved to checkpoints/screen_convnext_base_fb_in22k_ft_in1k_ce_s42/checkpoint-168/preprocessor_config.json
{'loss': '0.5214', 'grad_norm': '19.54', 'learning_rate': '4.862e-05', 'epoch': '3.036'}
{'loss': '0.3833', 'grad_norm': '11.19', 'learning_rate': '4.837e-05', 'epoch': '3.214'}
{'loss': '0.3155', 'grad_norm': '34.46', 'learning_rate': '4.81e-05', 'epoch': '3.393'}
{'loss': '0.268', 'grad_norm': '26.06', 'learning_rate': '4.78e-05', 'epoch': '3.571'}
{'loss': '0.3025', 'grad_norm': '29.18', 'learning_rate': '4.749e-05', 'epoch': '3.75'}
{'loss': '0.3803', 'grad_norm': '26.51', 'learning_rate': '4.716e-05', 'epoch': '3.929'}
{'eval_loss': '0.05213', 'eval_accuracy': '0.9805', 'eval_f1': '0.9629', 'eval_balanced_accuracy': '0.9529', 'eval_macro_f1': '0.9629', 'eval_atc': '0.1075', 'eval_normalized_atc': '0.01075', 'eval_target_recall': '0.7419', 'eval_target_recall_macro': '0.91', 'eval_target_fnr': '0.01005', 'eval_selection_score': '0.1107', 'eval_selection_accuracy_value': '0.9529', 'eval_nll': '0.05213', 'eval_brier': '0.02853', 'eval_ece': '0.009368', 'eval_auroc': '0', 'eval_auprc': '0', 'eval_runtime': '10.06', 'eval_samples_per_second': '117.4', 'eval_steps_per_second': '7.356', 'epoch': '4'}
CustomImageProcessor configuration saved to checkpoints/screen_convnext_base_fb_in22k_ft_in1k_ce_s42/checkpoint-224/preprocessor_config.json
{'loss': '0.2639', 'grad_norm': '16.41', 'learning_rate': '4.681e-05', 'epoch': '4.107'}
{'loss': '0.2609', 'grad_norm': '18.76', 'learning_rate': '4.644e-05', 'epoch': '4.286'}
{'loss': '0.1741', 'grad_norm': '30.41', 'learning_rate': '4.605e-05', 'epoch': '4.464'}
{'loss': '0.1885', 'grad_norm': '6.16', 'learning_rate': '4.564e-05', 'epoch': '4.643'}
{'loss': '0.3623', 'grad_norm': '11.05', 'learning_rate': '4.522e-05', 'epoch': '4.821'}
{'loss': '0.2952', 'grad_norm': '67.08', 'learning_rate': '4.477e-05', 'epoch': '5'}
{'eval_loss': '0.04415', 'eval_accuracy': '0.9856', 'eval_f1': '0.9768', 'eval_balanced_accuracy': '0.9791', 'eval_macro_f1': '0.9768', 'eval_atc': '0.05927', 'eval_normalized_atc': '0.005927', 'eval_target_recall': '0.8718', 'eval_target_recall_macro': '0.9592', 'eval_target_fnr': '0.01005', 'eval_selection_score': '0.009109', 'eval_selection_accuracy_value': '0.9791', 'eval_nll': '0.04415', 'eval_brier': '0.02216', 'eval_ece': '0.008112', 'eval_auroc': '0', 'eval_auprc': '0', 'eval_runtime': '10.44', 'eval_samples_per_second': '113.2', 'eval_steps_per_second': '7.091', 'epoch': '5'}
CustomImageProcessor configuration saved to checkpoints/screen_convnext_base_fb_in22k_ft_in1k_ce_s42/checkpoint-280/preprocessor_config.json
{'loss': '0.1854', 'grad_norm': '35.62', 'learning_rate': '4.431e-05', 'epoch': '5.179'}
{'loss': '0.1758', 'grad_norm': '9.744', 'learning_rate': '4.384e-05', 'epoch': '5.357'}
{'loss': '0.4931', 'grad_norm': '39.16', 'learning_rate': '4.334e-05', 'epoch': '5.536'}
{'loss': '0.3982', 'grad_norm': '9.58', 'learning_rate': '4.283e-05', 'epoch': '5.714'}
{'loss': '0.1728', 'grad_norm': '16.13', 'learning_rate': '4.231e-05', 'epoch': '5.893'}
{'eval_loss': '0.04525', 'eval_accuracy': '0.9848', 'eval_f1': '0.9834', 'eval_balanced_accuracy': '0.9873', 'eval_macro_f1': '0.9834', 'eval_atc': '0.03048', 'eval_normalized_atc': '0.003048', 'eval_target_recall': '0.945', 'eval_target_recall_macro': '0.985', 'eval_target_fnr': '0.005025', 'eval_selection_score': '0.003048', 'eval_selection_accuracy_value': '0.9873', 'eval_nll': '0.04525', 'eval_brier': '0.02362', 'eval_ece': '0.006047', 'eval_auroc': '0', 'eval_auprc': '0', 'eval_runtime': '10.25', 'eval_samples_per_second': '115.2', 'eval_steps_per_second': '7.216', 'epoch': '6'}
CustomImageProcessor configuration saved to checkpoints/screen_convnext_base_fb_in22k_ft_in1k_ce_s42/checkpoint-336/preprocessor_config.json
{'loss': '0.1591', 'grad_norm': '44.06', 'learning_rate': '4.177e-05', 'epoch': '6.071'}
{'loss': '0.2778', 'grad_norm': '41.62', 'learning_rate': '4.121e-05', 'epoch': '6.25'}
{'loss': '0.2616', 'grad_norm': '46.53', 'learning_rate': '4.064e-05', 'epoch': '6.429'}
{'loss': '0.1704', 'grad_norm': '27.36', 'learning_rate': '4.006e-05', 'epoch': '6.607'}
{'loss': '0.4138', 'grad_norm': '16.29', 'learning_rate': '3.947e-05', 'epoch': '6.786'}
{'loss': '0.2403', 'grad_norm': '20.64', 'learning_rate': '3.886e-05', 'epoch': '6.964'}
{'eval_loss': '0.03355', 'eval_accuracy': '0.9915', 'eval_f1': '0.9883', 'eval_balanced_accuracy': '0.9929', 'eval_macro_f1': '0.9883', 'eval_atc': '0.03133', 'eval_normalized_atc': '0.003133', 'eval_target_recall': '0.975', 'eval_target_recall_macro': '0.9912', 'eval_target_fnr': '0.01005', 'eval_selection_score': '0.003133', 'eval_selection_accuracy_value': '0.9929', 'eval_nll': '0.03355', 'eval_brier': '0.01467', 'eval_ece': '0.003469', 'eval_auroc': '0', 'eval_auprc': '0', 'eval_runtime': '10.09', 'eval_samples_per_second': '117', 'eval_steps_per_second': '7.333', 'epoch': '7'}
CustomImageProcessor configuration saved to checkpoints/screen_convnext_base_fb_in22k_ft_in1k_ce_s42/checkpoint-392/preprocessor_config.json
{'loss': '0.1675', 'grad_norm': '13.07', 'learning_rate': '3.824e-05', 'epoch': '7.143'}
{'loss': '0.1662', 'grad_norm': '14.94', 'learning_rate': '3.761e-05', 'epoch': '7.321'}
{'loss': '0.2223', 'grad_norm': '21.47', 'learning_rate': '3.696e-05', 'epoch': '7.5'}
{'loss': '0.1085', 'grad_norm': '27.09', 'learning_rate': '3.631e-05', 'epoch': '7.679'}
{'loss': '0.1875', 'grad_norm': '21.75', 'learning_rate': '3.565e-05', 'epoch': '7.857'}
{'eval_loss': '0.02951', 'eval_accuracy': '0.9924', 'eval_f1': '0.9879', 'eval_balanced_accuracy': '0.9941', 'eval_macro_f1': '0.9879', 'eval_atc': '0.0381', 'eval_normalized_atc': '0.00381', 'eval_target_recall': '0.98', 'eval_target_recall_macro': '0.9925', 'eval_target_fnr': '0.01005', 'eval_selection_score': '0.00381', 'eval_selection_accuracy_value': '0.9941', 'eval_nll': '0.02951', 'eval_brier': '0.01361', 'eval_ece': '0.005348', 'eval_auroc': '0', 'eval_auprc': '0', 'eval_runtime': '10.89', 'eval_samples_per_second': '108.4', 'eval_steps_per_second': '6.792', 'epoch': '8'}
CustomImageProcessor configuration saved to checkpoints/screen_convnext_base_fb_in22k_ft_in1k_ce_s42/checkpoint-448/preprocessor_config.json
{'loss': '0.134', 'grad_norm': '2.562', 'learning_rate': '3.497e-05', 'epoch': '8.036'}
{'loss': '0.1295', 'grad_norm': '16.54', 'learning_rate': '3.429e-05', 'epoch': '8.214'}
{'loss': '0.1867', 'grad_norm': '5.703', 'learning_rate': '3.36e-05', 'epoch': '8.393'}
{'loss': '0.1788', 'grad_norm': '18.71', 'learning_rate': '3.291e-05', 'epoch': '8.571'}
{'loss': '0.09613', 'grad_norm': '2.617', 'learning_rate': '3.22e-05', 'epoch': '8.75'}
{'loss': '0.3031', 'grad_norm': '6.807', 'learning_rate': '3.149e-05', 'epoch': '8.929'}
{'eval_loss': '0.04089', 'eval_accuracy': '0.989', 'eval_f1': '0.9864', 'eval_balanced_accuracy': '0.9907', 'eval_macro_f1': '0.9864', 'eval_atc': '0.04742', 'eval_normalized_atc': '0.004742', 'eval_target_recall': '0.965', 'eval_target_recall_macro': '0.9823', 'eval_target_fnr': '0.01005', 'eval_selection_score': '0.004742', 'eval_selection_accuracy_value': '0.9907', 'eval_nll': '0.04089', 'eval_brier': '0.01883', 'eval_ece': '0.004587', 'eval_auroc': '0', 'eval_auprc': '0', 'eval_runtime': '10.54', 'eval_samples_per_second': '112.1', 'eval_steps_per_second': '7.022', 'epoch': '9'}
CustomImageProcessor configuration saved to checkpoints/screen_convnext_base_fb_in22k_ft_in1k_ce_s42/checkpoint-504/preprocessor_config.json
{'loss': '0.08805', 'grad_norm': '20.31', 'learning_rate': '3.078e-05', 'epoch': '9.107'}
{'loss': '0.08845', 'grad_norm': '0.4205', 'learning_rate': '3.006e-05', 'epoch': '9.286'}
{'loss': '0.08931', 'grad_norm': '9.811', 'learning_rate': '2.933e-05', 'epoch': '9.464'}
{'loss': '0.1203', 'grad_norm': '24.13', 'learning_rate': '2.86e-05', 'epoch': '9.643'}
{'loss': '0.07728', 'grad_norm': '13.58', 'learning_rate': '2.787e-05', 'epoch': '9.821'}
{'loss': '0.2597', 'grad_norm': '28.69', 'learning_rate': '2.714e-05', 'epoch': '10'}
{'eval_loss': '0.08839', 'eval_accuracy': '0.9738', 'eval_f1': '0.9556', 'eval_balanced_accuracy': '0.9551', 'eval_macro_f1': '0.9556', 'eval_atc': '0.1948', 'eval_normalized_atc': '0.01948', 'eval_target_recall': '0.6667', 'eval_target_recall_macro': '0.9003', 'eval_target_fnr': '0.0603', 'eval_selection_score': '0.2373', 'eval_selection_accuracy_value': '0.9551', 'eval_nll': '0.08839', 'eval_brier': '0.04159', 'eval_ece': '0.01698', 'eval_auroc': '0', 'eval_auprc': '0', 'eval_runtime': '10.24', 'eval_samples_per_second': '115.3', 'eval_steps_per_second': '7.225', 'epoch': '10'}
CustomImageProcessor configuration saved to checkpoints/screen_convnext_base_fb_in22k_ft_in1k_ce_s42/checkpoint-560/preprocessor_config.json
{'loss': '0.1785', 'grad_norm': '39.72', 'learning_rate': '2.64e-05', 'epoch': '10.18'}
{'loss': '0.1238', 'grad_norm': '0.4003', 'learning_rate': '2.566e-05', 'epoch': '10.36'}
{'loss': '0.1063', 'grad_norm': '21.79', 'learning_rate': '2.493e-05', 'epoch': '10.54'}
{'loss': '0.112', 'grad_norm': '13.28', 'learning_rate': '2.419e-05', 'epoch': '10.71'}
{'loss': '0.1228', 'grad_norm': '23.15', 'learning_rate': '2.345e-05', 'epoch': '10.89'}
{'eval_loss': '0.01987', 'eval_accuracy': '0.9915', 'eval_f1': '0.9879', 'eval_balanced_accuracy': '0.989', 'eval_macro_f1': '0.9879', 'eval_atc': '0.02371', 'eval_normalized_atc': '0.002371', 'eval_target_recall': '0.98', 'eval_target_recall_macro': '0.9937', 'eval_target_fnr': '0.005025', 'eval_selection_score': '0.002371', 'eval_selection_accuracy_value': '0.989', 'eval_nll': '0.01987', 'eval_brier': '0.01169', 'eval_ece': '0.002803', 'eval_auroc': '0', 'eval_auprc': '0', 'eval_runtime': '10.28', 'eval_samples_per_second': '114.8', 'eval_steps_per_second': '7.196', 'epoch': '11'}
CustomImageProcessor configuration saved to checkpoints/screen_convnext_base_fb_in22k_ft_in1k_ce_s42/checkpoint-616/preprocessor_config.json
{'loss': '0.08617', 'grad_norm': '0.3673', 'learning_rate': '2.271e-05', 'epoch': '11.07'}
{'loss': '0.1019', 'grad_norm': '0.6654', 'learning_rate': '2.198e-05', 'epoch': '11.25'}
{'loss': '0.06041', 'grad_norm': '12.61', 'learning_rate': '2.125e-05', 'epoch': '11.43'}
{'loss': '0.1125', 'grad_norm': '0.8598', 'learning_rate': '2.052e-05', 'epoch': '11.61'}
{'loss': '0.118', 'grad_norm': '14.01', 'learning_rate': '1.98e-05', 'epoch': '11.79'}
{'loss': '0.03698', 'grad_norm': '5.515', 'learning_rate': '1.908e-05', 'epoch': '11.96'}
{'eval_loss': '0.03367', 'eval_accuracy': '0.9881', 'eval_f1': '0.9822', 'eval_balanced_accuracy': '0.9774', 'eval_macro_f1': '0.9822', 'eval_atc': '0.03133', 'eval_normalized_atc': '0.003133', 'eval_target_recall': '0.9487', 'eval_target_recall_macro': '0.9847', 'eval_target_fnr': '0', 'eval_selection_score': '0.003133', 'eval_selection_accuracy_value': '0.9774', 'eval_nll': '0.03367', 'eval_brier': '0.01828', 'eval_ece': '0.008573', 'eval_auroc': '0', 'eval_auprc': '0', 'eval_runtime': '10.93', 'eval_samples_per_second': '108', 'eval_steps_per_second': '6.768', 'epoch': '12'}
CustomImageProcessor configuration saved to checkpoints/screen_convnext_base_fb_in22k_ft_in1k_ce_s42/checkpoint-672/preprocessor_config.json
{'loss': '0.1484', 'grad_norm': '6.279', 'learning_rate': '1.836e-05', 'epoch': '12.14'}
{'loss': '0.08276', 'grad_norm': '3.924', 'learning_rate': '1.765e-05', 'epoch': '12.32'}
{'loss': '0.04947', 'grad_norm': '5.79', 'learning_rate': '1.695e-05', 'epoch': '12.5'}
{'loss': '0.08441', 'grad_norm': '85.13', 'learning_rate': '1.626e-05', 'epoch': '12.68'}
{'loss': '0.06986', 'grad_norm': '1.63', 'learning_rate': '1.557e-05', 'epoch': '12.86'}
{'eval_loss': '0.02669', 'eval_accuracy': '0.9932', 'eval_f1': '0.9898', 'eval_balanced_accuracy': '0.9935', 'eval_macro_f1': '0.9898', 'eval_atc': '0.03726', 'eval_normalized_atc': '0.003726', 'eval_target_recall': '0.975', 'eval_target_recall_macro': '0.9938', 'eval_target_fnr': '0', 'eval_selection_score': '0.003726', 'eval_selection_accuracy_value': '0.9935', 'eval_nll': '0.02669', 'eval_brier': '0.01115', 'eval_ece': '0.005583', 'eval_auroc': '0', 'eval_auprc': '0', 'eval_runtime': '10.24', 'eval_samples_per_second': '115.3', 'eval_steps_per_second': '7.226', 'epoch': '13'}
CustomImageProcessor configuration saved to checkpoints/screen_convnext_base_fb_in22k_ft_in1k_ce_s42/checkpoint-728/preprocessor_config.json
{'train_runtime': '597.1', 'train_samples_per_second': '119.8', 'train_steps_per_second': '1.876', 'train_loss': '0.7178', 'epoch': '13'}
***** train metrics *****
  epoch                    =       13.0
  total_flos               =        0GF
  train_loss               =     0.7178
  train_runtime            = 0:09:57.09
  train_samples_per_second =    119.846
  train_steps_per_second   =      1.876
Using device: cuda

============================================================
PERFORMING COMPREHENSIVE EVALUATION
============================================================
Results will be saved to: results/pmi10_convnext_base_fb_in22k_ft_in1k_test/screen_convnext_base_fb_in22k_ft_in1k_ce_s42_05-01_13-26
Saving run configuration...
Run configuration saved to: results/pmi10_convnext_base_fb_in22k_ft_in1k_test/screen_convnext_base_fb_in22k_ft_in1k_ce_s42_05-01_13-26/run_configuration_20260501_132608.json
Running model evaluation...
Computing detailed metrics...
Saving metrics to files...
Metrics saved to: results/pmi10_convnext_base_fb_in22k_ft_in1k_test/screen_convnext_base_fb_in22k_ft_in1k_ce_s42_05-01_13-26/metrics_20260501_132631_cross_entropy.json and results/pmi10_convnext_base_fb_in22k_ft_in1k_test/screen_convnext_base_fb_in22k_ft_in1k_ce_s42_05-01_13-26/metrics_20260501_132631_cross_entropy.txt
Using provided class names: ['00378-0208', '00378-3855', '00591-0461', '16729-0020', '50111-0434', '53489-0156', '53746-0544', '62037-0831', '68382-0008', '68382-0227']
Skipping confusion matrix visualizations by configuration.

============================================================
TRAINING COMPLETED - RESULTS SUMMARY
============================================================
Output Directory: results/pmi10_convnext_base_fb_in22k_ft_in1k_test/screen_convnext_base_fb_in22k_ft_in1k_ce_s42_05-01_13-26
Overall Accuracy: 0.9933
Balanced Accuracy: 0.9949
Overall F1 Score: 0.9900
Kappa: 0.9922
AUC: 1.0000
Expected Cost: 0.0143
Loss Function Used: cross_entropy
Total Test Samples: 1186
Classes: 00378-0208, 00378-3855, 00591-0461, 16729-0020, 50111-0434, 53489-0156, 53746-0544, 62037-0831, 68382-0008, 68382-0227

Detailed metrics saved to: results/pmi10_convnext_base_fb_in22k_ft_in1k_test/screen_convnext_base_fb_in22k_ft_in1k_ce_s42_05-01_13-26
============================================================
