Prepared manifest loaded — Train=3578, Val=1181, Calibration=0, Test=1186
cuda
Using model backend=timm type=pmi10_convnext_small_dinov3_lvd1689m with 10 labels
Early stopping enabled with patience=5
Using device: cuda
{'loss': '10.04', 'grad_norm': '465.7', 'learning_rate': '8.036e-06', 'epoch': '0.1786'}
{'loss': '5.375', 'grad_norm': '433.3', 'learning_rate': '1.696e-05', 'epoch': '0.3571'}
{'loss': '3.253', 'grad_norm': '678', 'learning_rate': '2.589e-05', 'epoch': '0.5357'}
{'loss': '2.088', 'grad_norm': '538.7', 'learning_rate': '3.482e-05', 'epoch': '0.7143'}
{'loss': '1.588', 'grad_norm': '377.7', 'learning_rate': '4.375e-05', 'epoch': '0.8929'}
{'eval_loss': '0.8185', 'eval_accuracy': '0.7942', 'eval_f1': '0.7352', 'eval_balanced_accuracy': '0.815', 'eval_macro_f1': '0.7352', 'eval_atc': '0.6859', 'eval_normalized_atc': '0.06859', 'eval_target_recall': '0.435', 'eval_target_recall_macro': '0.7206', 'eval_target_fnr': '0.07035', 'eval_selection_score': '0.9335', 'eval_selection_accuracy_value': '0.815', 'eval_nll': '0.6458', 'eval_brier': '0.2994', 'eval_ece': '0.03879', 'eval_auroc': '0', 'eval_auprc': '0', 'eval_runtime': '11.14', 'eval_samples_per_second': '106', 'eval_steps_per_second': '6.643', 'epoch': '1'}
CustomImageProcessor configuration saved to checkpoints/screen_convnext_small_dinov3_lvd1689m_nicme_hybrid_s42/checkpoint-56/preprocessor_config.json
{'loss': '1.795', 'grad_norm': '368.6', 'learning_rate': '5e-05', 'epoch': '1.071'}
{'loss': '1.685', 'grad_norm': '829.4', 'learning_rate': '4.998e-05', 'epoch': '1.25'}
{'loss': '1.602', 'grad_norm': '775.5', 'learning_rate': '4.994e-05', 'epoch': '1.429'}
{'loss': '1.974', 'grad_norm': '404.4', 'learning_rate': '4.988e-05', 'epoch': '1.607'}
{'loss': '1.505', 'grad_norm': '512.5', 'learning_rate': '4.98e-05', 'epoch': '1.786'}
{'loss': '1.048', 'grad_norm': '428.5', 'learning_rate': '4.969e-05', 'epoch': '1.964'}
{'eval_loss': '0.2725', 'eval_accuracy': '0.9255', 'eval_f1': '0.8647', 'eval_balanced_accuracy': '0.8458', 'eval_macro_f1': '0.8647', 'eval_atc': '0.2456', 'eval_normalized_atc': '0.02456', 'eval_target_recall': '0.5897', 'eval_target_recall_macro': '0.8551', 'eval_target_fnr': '0.03015', 'eval_selection_score': '0.4096', 'eval_selection_accuracy_value': '0.8458', 'eval_nll': '0.2032', 'eval_brier': '0.1103', 'eval_ece': '0.01221', 'eval_auroc': '0', 'eval_auprc': '0', 'eval_runtime': '9.947', 'eval_samples_per_second': '118.7', 'eval_steps_per_second': '7.44', 'epoch': '2'}
CustomImageProcessor configuration saved to checkpoints/screen_convnext_small_dinov3_lvd1689m_nicme_hybrid_s42/checkpoint-112/preprocessor_config.json
{'loss': '1.197', 'grad_norm': '320.2', 'learning_rate': '4.957e-05', 'epoch': '2.143'}
{'loss': '1.101', 'grad_norm': '541.5', 'learning_rate': '4.942e-05', 'epoch': '2.321'}
{'loss': '0.7565', 'grad_norm': '184.5', 'learning_rate': '4.925e-05', 'epoch': '2.5'}
{'loss': '0.8969', 'grad_norm': '266.5', 'learning_rate': '4.906e-05', 'epoch': '2.679'}
{'loss': '0.7639', 'grad_norm': '428.6', 'learning_rate': '4.885e-05', 'epoch': '2.857'}
{'eval_loss': '0.1978', 'eval_accuracy': '0.9272', 'eval_f1': '0.8973', 'eval_balanced_accuracy': '0.8868', 'eval_macro_f1': '0.8973', 'eval_atc': '0.1516', 'eval_normalized_atc': '0.01516', 'eval_target_recall': '0.845', 'eval_target_recall_macro': '0.9098', 'eval_target_fnr': '0', 'eval_selection_score': '0.02726', 'eval_selection_accuracy_value': '0.8868', 'eval_nll': '0.1729', 'eval_brier': '0.1004', 'eval_ece': '0.01803', 'eval_auroc': '0', 'eval_auprc': '0', 'eval_runtime': '10.63', 'eval_samples_per_second': '111.1', 'eval_steps_per_second': '6.963', 'epoch': '3'}
CustomImageProcessor configuration saved to checkpoints/screen_convnext_small_dinov3_lvd1689m_nicme_hybrid_s42/checkpoint-168/preprocessor_config.json
{'loss': '1.223', 'grad_norm': '187', 'learning_rate': '4.862e-05', 'epoch': '3.036'}
{'loss': '0.9286', 'grad_norm': '137.6', 'learning_rate': '4.837e-05', 'epoch': '3.214'}
{'loss': '0.8254', 'grad_norm': '732.4', 'learning_rate': '4.81e-05', 'epoch': '3.393'}
{'loss': '0.7448', 'grad_norm': '106.8', 'learning_rate': '4.78e-05', 'epoch': '3.571'}
{'loss': '0.6448', 'grad_norm': '665.8', 'learning_rate': '4.749e-05', 'epoch': '3.75'}
{'loss': '1.634', 'grad_norm': '234.4', 'learning_rate': '4.716e-05', 'epoch': '3.929'}
{'eval_loss': '0.1716', 'eval_accuracy': '0.9577', 'eval_f1': '0.9397', 'eval_balanced_accuracy': '0.9312', 'eval_macro_f1': '0.9397', 'eval_atc': '0.1609', 'eval_normalized_atc': '0.01609', 'eval_target_recall': '0.7742', 'eval_target_recall_macro': '0.8995', 'eval_target_fnr': '0.01005', 'eval_selection_score': '0.0794', 'eval_selection_accuracy_value': '0.9312', 'eval_nll': '0.1413', 'eval_brier': '0.07106', 'eval_ece': '0.03713', 'eval_auroc': '0', 'eval_auprc': '0', 'eval_runtime': '10.05', 'eval_samples_per_second': '117.5', 'eval_steps_per_second': '7.364', 'epoch': '4'}
CustomImageProcessor configuration saved to checkpoints/screen_convnext_small_dinov3_lvd1689m_nicme_hybrid_s42/checkpoint-224/preprocessor_config.json
{'loss': '1.079', 'grad_norm': '534.5', 'learning_rate': '4.681e-05', 'epoch': '4.107'}
{'loss': '0.9672', 'grad_norm': '106.9', 'learning_rate': '4.644e-05', 'epoch': '4.286'}
{'loss': '0.6661', 'grad_norm': '242.3', 'learning_rate': '4.605e-05', 'epoch': '4.464'}
{'loss': '0.6016', 'grad_norm': '170', 'learning_rate': '4.564e-05', 'epoch': '4.643'}
{'loss': '0.7544', 'grad_norm': '238.7', 'learning_rate': '4.522e-05', 'epoch': '4.821'}
{'loss': '0.8681', 'grad_norm': '1198', 'learning_rate': '4.477e-05', 'epoch': '5'}
{'eval_loss': '0.168', 'eval_accuracy': '0.9534', 'eval_f1': '0.941', 'eval_balanced_accuracy': '0.9411', 'eval_macro_f1': '0.941', 'eval_atc': '0.1008', 'eval_normalized_atc': '0.01008', 'eval_target_recall': '0.871', 'eval_target_recall_macro': '0.9108', 'eval_target_fnr': '0.005025', 'eval_selection_score': '0.01345', 'eval_selection_accuracy_value': '0.9411', 'eval_nll': '0.1312', 'eval_brier': '0.07117', 'eval_ece': '0.0151', 'eval_auroc': '0', 'eval_auprc': '0', 'eval_runtime': '10.53', 'eval_samples_per_second': '112.2', 'eval_steps_per_second': '7.031', 'epoch': '5'}
CustomImageProcessor configuration saved to checkpoints/screen_convnext_small_dinov3_lvd1689m_nicme_hybrid_s42/checkpoint-280/preprocessor_config.json
{'loss': '0.5983', 'grad_norm': '716.7', 'learning_rate': '4.431e-05', 'epoch': '5.179'}
{'loss': '0.8571', 'grad_norm': '412.3', 'learning_rate': '4.384e-05', 'epoch': '5.357'}
{'loss': '0.5181', 'grad_norm': '243', 'learning_rate': '4.334e-05', 'epoch': '5.536'}
{'loss': '0.7482', 'grad_norm': '134.1', 'learning_rate': '4.283e-05', 'epoch': '5.714'}
{'loss': '0.76', 'grad_norm': '337.4', 'learning_rate': '4.231e-05', 'epoch': '5.893'}
{'eval_loss': '0.3745', 'eval_accuracy': '0.9179', 'eval_f1': '0.8401', 'eval_balanced_accuracy': '0.8765', 'eval_macro_f1': '0.8401', 'eval_atc': '0.1473', 'eval_normalized_atc': '0.01473', 'eval_target_recall': '0.8065', 'eval_target_recall_macro': '0.9313', 'eval_target_fnr': '0.0201', 'eval_selection_score': '0.04974', 'eval_selection_accuracy_value': '0.8765', 'eval_nll': '0.3043', 'eval_brier': '0.1428', 'eval_ece': '0.05843', 'eval_auroc': '0', 'eval_auprc': '0', 'eval_runtime': '9.722', 'eval_samples_per_second': '121.5', 'eval_steps_per_second': '7.612', 'epoch': '6'}
CustomImageProcessor configuration saved to checkpoints/screen_convnext_small_dinov3_lvd1689m_nicme_hybrid_s42/checkpoint-336/preprocessor_config.json
{'loss': '0.8428', 'grad_norm': '134.9', 'learning_rate': '4.177e-05', 'epoch': '6.071'}
{'loss': '0.6177', 'grad_norm': '79.88', 'learning_rate': '4.121e-05', 'epoch': '6.25'}
{'loss': '0.8618', 'grad_norm': '361.6', 'learning_rate': '4.064e-05', 'epoch': '6.429'}
{'loss': '0.5181', 'grad_norm': '564.5', 'learning_rate': '4.006e-05', 'epoch': '6.607'}
{'loss': '0.9071', 'grad_norm': '312.1', 'learning_rate': '3.947e-05', 'epoch': '6.786'}
{'loss': '0.6781', 'grad_norm': '240.2', 'learning_rate': '3.886e-05', 'epoch': '6.964'}
{'eval_loss': '0.128', 'eval_accuracy': '0.9619', 'eval_f1': '0.9482', 'eval_balanced_accuracy': '0.9466', 'eval_macro_f1': '0.9482', 'eval_atc': '0.1296', 'eval_normalized_atc': '0.01296', 'eval_target_recall': '0.8065', 'eval_target_recall_macro': '0.9229', 'eval_target_fnr': '0.005025', 'eval_selection_score': '0.04796', 'eval_selection_accuracy_value': '0.9466', 'eval_nll': '0.09865', 'eval_brier': '0.05263', 'eval_ece': '0.02417', 'eval_auroc': '0', 'eval_auprc': '0', 'eval_runtime': '10.21', 'eval_samples_per_second': '115.6', 'eval_steps_per_second': '7.245', 'epoch': '7'}
CustomImageProcessor configuration saved to checkpoints/screen_convnext_small_dinov3_lvd1689m_nicme_hybrid_s42/checkpoint-392/preprocessor_config.json
{'loss': '0.5539', 'grad_norm': '395.3', 'learning_rate': '3.824e-05', 'epoch': '7.143'}
{'loss': '0.2818', 'grad_norm': '128.4', 'learning_rate': '3.761e-05', 'epoch': '7.321'}
{'loss': '0.4733', 'grad_norm': '213.9', 'learning_rate': '3.696e-05', 'epoch': '7.5'}
{'loss': '0.6765', 'grad_norm': '173.9', 'learning_rate': '3.631e-05', 'epoch': '7.679'}
{'loss': '0.6699', 'grad_norm': '177.3', 'learning_rate': '3.565e-05', 'epoch': '7.857'}
{'eval_loss': '0.0596', 'eval_accuracy': '0.9924', 'eval_f1': '0.9888', 'eval_balanced_accuracy': '0.9903', 'eval_macro_f1': '0.9888', 'eval_atc': '0.03641', 'eval_normalized_atc': '0.003641', 'eval_target_recall': '0.9677', 'eval_target_recall_macro': '0.983', 'eval_target_fnr': '0', 'eval_selection_score': '0.003641', 'eval_selection_accuracy_value': '0.9903', 'eval_nll': '0.04471', 'eval_brier': '0.02015', 'eval_ece': '0.01372', 'eval_auroc': '0', 'eval_auprc': '0', 'eval_runtime': '10.18', 'eval_samples_per_second': '116', 'eval_steps_per_second': '7.271', 'epoch': '8'}
CustomImageProcessor configuration saved to checkpoints/screen_convnext_small_dinov3_lvd1689m_nicme_hybrid_s42/checkpoint-448/preprocessor_config.json
{'loss': '0.3932', 'grad_norm': '641.1', 'learning_rate': '3.497e-05', 'epoch': '8.036'}
{'loss': '0.5632', 'grad_norm': '31.03', 'learning_rate': '3.429e-05', 'epoch': '8.214'}
{'loss': '0.3659', 'grad_norm': '850.3', 'learning_rate': '3.36e-05', 'epoch': '8.393'}
{'loss': '0.5064', 'grad_norm': '334.6', 'learning_rate': '3.291e-05', 'epoch': '8.571'}
{'loss': '0.4873', 'grad_norm': '243.6', 'learning_rate': '3.22e-05', 'epoch': '8.75'}
{'loss': '0.5713', 'grad_norm': '219.7', 'learning_rate': '3.149e-05', 'epoch': '8.929'}
{'eval_loss': '0.09534', 'eval_accuracy': '0.9763', 'eval_f1': '0.9628', 'eval_balanced_accuracy': '0.9501', 'eval_macro_f1': '0.9628', 'eval_atc': '0.08891', 'eval_normalized_atc': '0.008891', 'eval_target_recall': '0.7179', 'eval_target_recall_macro': '0.9295', 'eval_target_fnr': '0', 'eval_selection_score': '0.1415', 'eval_selection_accuracy_value': '0.9501', 'eval_nll': '0.06404', 'eval_brier': '0.03607', 'eval_ece': '0.008838', 'eval_auroc': '0', 'eval_auprc': '0', 'eval_runtime': '10.84', 'eval_samples_per_second': '109', 'eval_steps_per_second': '6.829', 'epoch': '9'}
CustomImageProcessor configuration saved to checkpoints/screen_convnext_small_dinov3_lvd1689m_nicme_hybrid_s42/checkpoint-504/preprocessor_config.json
{'loss': '0.3706', 'grad_norm': '93.12', 'learning_rate': '3.078e-05', 'epoch': '9.107'}
{'loss': '0.1905', 'grad_norm': '306.8', 'learning_rate': '3.006e-05', 'epoch': '9.286'}
{'loss': '0.433', 'grad_norm': '763.1', 'learning_rate': '2.933e-05', 'epoch': '9.464'}
{'loss': '0.5835', 'grad_norm': '435.8', 'learning_rate': '2.86e-05', 'epoch': '9.643'}
{'loss': '0.6355', 'grad_norm': '420.5', 'learning_rate': '2.787e-05', 'epoch': '9.821'}
{'loss': '0.4577', 'grad_norm': '130.4', 'learning_rate': '2.714e-05', 'epoch': '10'}
{'eval_loss': '0.09694', 'eval_accuracy': '0.9822', 'eval_f1': '0.9695', 'eval_balanced_accuracy': '0.9709', 'eval_macro_f1': '0.9695', 'eval_atc': '0.07959', 'eval_normalized_atc': '0.007959', 'eval_target_recall': '0.8974', 'eval_target_recall_macro': '0.9482', 'eval_target_fnr': '0.0201', 'eval_selection_score': '0.007986', 'eval_selection_accuracy_value': '0.9709', 'eval_nll': '0.06877', 'eval_brier': '0.03209', 'eval_ece': '0.007389', 'eval_auroc': '0', 'eval_auprc': '0', 'eval_runtime': '10.23', 'eval_samples_per_second': '115.5', 'eval_steps_per_second': '7.236', 'epoch': '10'}
CustomImageProcessor configuration saved to checkpoints/screen_convnext_small_dinov3_lvd1689m_nicme_hybrid_s42/checkpoint-560/preprocessor_config.json
{'loss': '0.3564', 'grad_norm': '386.3', 'learning_rate': '2.64e-05', 'epoch': '10.18'}
{'loss': '0.2267', 'grad_norm': '31.51', 'learning_rate': '2.566e-05', 'epoch': '10.36'}
{'loss': '0.3824', 'grad_norm': '231.3', 'learning_rate': '2.493e-05', 'epoch': '10.54'}
{'loss': '0.4549', 'grad_norm': '259.2', 'learning_rate': '2.419e-05', 'epoch': '10.71'}
{'loss': '0.3155', 'grad_norm': '152.7', 'learning_rate': '2.345e-05', 'epoch': '10.89'}
{'eval_loss': '0.2533', 'eval_accuracy': '0.9534', 'eval_f1': '0.9385', 'eval_balanced_accuracy': '0.9188', 'eval_macro_f1': '0.9385', 'eval_atc': '0.166', 'eval_normalized_atc': '0.0166', 'eval_target_recall': '0.6154', 'eval_target_recall_macro': '0.861', 'eval_target_fnr': '0.01005', 'eval_selection_score': '0.3406', 'eval_selection_accuracy_value': '0.9188', 'eval_nll': '0.1465', 'eval_brier': '0.07204', 'eval_ece': '0.03065', 'eval_auroc': '0', 'eval_auprc': '0', 'eval_runtime': '10.08', 'eval_samples_per_second': '117.1', 'eval_steps_per_second': '7.339', 'epoch': '11'}
CustomImageProcessor configuration saved to checkpoints/screen_convnext_small_dinov3_lvd1689m_nicme_hybrid_s42/checkpoint-616/preprocessor_config.json
{'loss': '0.601', 'grad_norm': '714.4', 'learning_rate': '2.271e-05', 'epoch': '11.07'}
{'loss': '0.3031', 'grad_norm': '25.78', 'learning_rate': '2.198e-05', 'epoch': '11.25'}
{'loss': '0.3235', 'grad_norm': '539.6', 'learning_rate': '2.125e-05', 'epoch': '11.43'}
{'loss': '0.3735', 'grad_norm': '432.8', 'learning_rate': '2.052e-05', 'epoch': '11.61'}
{'loss': '0.4816', 'grad_norm': '381.5', 'learning_rate': '1.98e-05', 'epoch': '11.79'}
{'loss': '0.1548', 'grad_norm': '83.69', 'learning_rate': '1.908e-05', 'epoch': '11.96'}
{'eval_loss': '0.08464', 'eval_accuracy': '0.9814', 'eval_f1': '0.9805', 'eval_balanced_accuracy': '0.9863', 'eval_macro_f1': '0.9805', 'eval_atc': '0.07197', 'eval_normalized_atc': '0.007197', 'eval_target_recall': '0.915', 'eval_target_recall_macro': '0.9669', 'eval_target_fnr': '0.01508', 'eval_selection_score': '0.007197', 'eval_selection_accuracy_value': '0.9863', 'eval_nll': '0.05856', 'eval_brier': '0.0304', 'eval_ece': '0.01056', 'eval_auroc': '0', 'eval_auprc': '0', 'eval_runtime': '10.17', 'eval_samples_per_second': '116.1', 'eval_steps_per_second': '7.274', 'epoch': '12'}
CustomImageProcessor configuration saved to checkpoints/screen_convnext_small_dinov3_lvd1689m_nicme_hybrid_s42/checkpoint-672/preprocessor_config.json
{'loss': '0.1763', 'grad_norm': '72.66', 'learning_rate': '1.836e-05', 'epoch': '12.14'}
{'loss': '0.5337', 'grad_norm': '668.2', 'learning_rate': '1.765e-05', 'epoch': '12.32'}
{'loss': '0.334', 'grad_norm': '198.2', 'learning_rate': '1.695e-05', 'epoch': '12.5'}
{'loss': '0.3559', 'grad_norm': '265.6', 'learning_rate': '1.626e-05', 'epoch': '12.68'}
{'loss': '0.2925', 'grad_norm': '23.39', 'learning_rate': '1.557e-05', 'epoch': '12.86'}
{'eval_loss': '0.03638', 'eval_accuracy': '0.9907', 'eval_f1': '0.9859', 'eval_balanced_accuracy': '0.9902', 'eval_macro_f1': '0.9859', 'eval_atc': '0.0398', 'eval_normalized_atc': '0.00398', 'eval_target_recall': '0.9677', 'eval_target_recall_macro': '0.9869', 'eval_target_fnr': '0', 'eval_selection_score': '0.00398', 'eval_selection_accuracy_value': '0.9902', 'eval_nll': '0.0242', 'eval_brier': '0.01398', 'eval_ece': '0.003742', 'eval_auroc': '0', 'eval_auprc': '0', 'eval_runtime': '10.5', 'eval_samples_per_second': '112.5', 'eval_steps_per_second': '7.05', 'epoch': '13'}
CustomImageProcessor configuration saved to checkpoints/screen_convnext_small_dinov3_lvd1689m_nicme_hybrid_s42/checkpoint-728/preprocessor_config.json
{'train_runtime': '531.2', 'train_samples_per_second': '134.7', 'train_steps_per_second': '2.108', 'train_loss': '0.9547', 'epoch': '13'}
***** train metrics *****
  epoch                    =       13.0
  total_flos               =        0GF
  train_loss               =     0.9547
  train_runtime            = 0:08:51.18
  train_samples_per_second =    134.717
  train_steps_per_second   =      2.108
Using device: cuda

============================================================
PERFORMING COMPREHENSIVE EVALUATION
============================================================
Results will be saved to: results/pmi10_convnext_small_dinov3_lvd1689m_test/screen_convnext_small_dinov3_lvd1689m_nicme_hybrid_s42_05-01_14-11
Saving run configuration...
Run configuration saved to: results/pmi10_convnext_small_dinov3_lvd1689m_test/screen_convnext_small_dinov3_lvd1689m_nicme_hybrid_s42_05-01_14-11/run_configuration_20260501_141158.json
Running model evaluation...
Computing detailed metrics...
Saving metrics to files...
Metrics saved to: results/pmi10_convnext_small_dinov3_lvd1689m_test/screen_convnext_small_dinov3_lvd1689m_nicme_hybrid_s42_05-01_14-11/metrics_20260501_141220_nicme_hybrid.json and results/pmi10_convnext_small_dinov3_lvd1689m_test/screen_convnext_small_dinov3_lvd1689m_nicme_hybrid_s42_05-01_14-11/metrics_20260501_141220_nicme_hybrid.txt
Using provided class names: ['00378-0208', '00378-3855', '00591-0461', '16729-0020', '50111-0434', '53489-0156', '53746-0544', '62037-0831', '68382-0008', '68382-0227']
Skipping confusion matrix visualizations by configuration.

============================================================
TRAINING COMPLETED - RESULTS SUMMARY
============================================================
Output Directory: results/pmi10_convnext_small_dinov3_lvd1689m_test/screen_convnext_small_dinov3_lvd1689m_nicme_hybrid_s42_05-01_14-11
Overall Accuracy: 0.9798
Balanced Accuracy: 0.9773
Overall F1 Score: 0.9703
Kappa: 0.9766
AUC: 0.9996
Expected Cost: 0.1121
Loss Function Used: nicme_hybrid
Total Test Samples: 1186
Classes: 00378-0208, 00378-3855, 00591-0461, 16729-0020, 50111-0434, 53489-0156, 53746-0544, 62037-0831, 68382-0008, 68382-0227

Detailed metrics saved to: results/pmi10_convnext_small_dinov3_lvd1689m_test/screen_convnext_small_dinov3_lvd1689m_nicme_hybrid_s42_05-01_14-11
============================================================
