Prepared manifest loaded — Train=3578, Val=1181, Calibration=0, Test=1186
cuda
Using model backend=timm type=pmi10_vit_small_patch16_dinov3_lvd1689m with 10 labels
Early stopping enabled with patience=5
Using device: cuda
{'loss': '9.208', 'grad_norm': '5.657', 'learning_rate': '8.036e-06', 'epoch': '0.1786'}
{'loss': '9.19', 'grad_norm': '6.501', 'learning_rate': '1.696e-05', 'epoch': '0.3571'}
{'loss': '9.139', 'grad_norm': '7.018', 'learning_rate': '2.589e-05', 'epoch': '0.5357'}
{'loss': '9.019', 'grad_norm': '8.782', 'learning_rate': '3.482e-05', 'epoch': '0.7143'}
{'loss': '8.846', 'grad_norm': '9.698', 'learning_rate': '4.375e-05', 'epoch': '0.8929'}
{'eval_loss': '2.128', 'eval_accuracy': '0.6427', 'eval_f1': '0.3695', 'eval_balanced_accuracy': '0.4385', 'eval_macro_f1': '0.3695', 'eval_atc': '0.7417', 'eval_normalized_atc': '0.07417', 'eval_target_recall': '0', 'eval_target_recall_macro': '0.4737', 'eval_target_fnr': '0.01508', 'eval_selection_score': '3.411', 'eval_selection_accuracy_value': '0.4385', 'eval_nll': '2.128', 'eval_brier': '0.863', 'eval_ece': '0.5173', 'eval_auroc': '0', 'eval_auprc': '0', 'eval_runtime': '14.08', 'eval_samples_per_second': '83.85', 'eval_steps_per_second': '5.254', 'epoch': '1'}
CustomImageProcessor configuration saved to checkpoints/screen_vit_small_patch16_dinov3_lvd1689m_ce_s42/checkpoint-56/preprocessor_config.json
{'loss': '8.564', 'grad_norm': '12.64', 'learning_rate': '5e-05', 'epoch': '1.071'}
{'loss': '8.194', 'grad_norm': '13.76', 'learning_rate': '4.998e-05', 'epoch': '1.25'}
{'loss': '7.93', 'grad_norm': '12.93', 'learning_rate': '4.994e-05', 'epoch': '1.429'}
{'loss': '7.574', 'grad_norm': '11.94', 'learning_rate': '4.988e-05', 'epoch': '1.607'}
{'loss': '7.33', 'grad_norm': '11.63', 'learning_rate': '4.98e-05', 'epoch': '1.786'}
{'loss': '6.933', 'grad_norm': '13.97', 'learning_rate': '4.969e-05', 'epoch': '1.964'}
{'eval_loss': '1.673', 'eval_accuracy': '0.7019', 'eval_f1': '0.404', 'eval_balanced_accuracy': '0.4734', 'eval_macro_f1': '0.404', 'eval_atc': '0.7155', 'eval_normalized_atc': '0.07155', 'eval_target_recall': '0', 'eval_target_recall_macro': '0.4749', 'eval_target_fnr': '0.05528', 'eval_selection_score': '3.388', 'eval_selection_accuracy_value': '0.4734', 'eval_nll': '1.673', 'eval_brier': '0.7415', 'eval_ece': '0.4954', 'eval_auroc': '0', 'eval_auprc': '0', 'eval_runtime': '9.51', 'eval_samples_per_second': '124.2', 'eval_steps_per_second': '7.781', 'epoch': '2'}
CustomImageProcessor configuration saved to checkpoints/screen_vit_small_patch16_dinov3_lvd1689m_ce_s42/checkpoint-112/preprocessor_config.json
{'loss': '6.583', 'grad_norm': '13.7', 'learning_rate': '4.957e-05', 'epoch': '2.143'}
{'loss': '6.318', 'grad_norm': '12.61', 'learning_rate': '4.942e-05', 'epoch': '2.321'}
{'loss': '6.069', 'grad_norm': '13.95', 'learning_rate': '4.925e-05', 'epoch': '2.5'}
{'loss': '5.878', 'grad_norm': '12.42', 'learning_rate': '4.906e-05', 'epoch': '2.679'}
{'loss': '5.532', 'grad_norm': '13.47', 'learning_rate': '4.885e-05', 'epoch': '2.857'}
{'eval_loss': '1.303', 'eval_accuracy': '0.7197', 'eval_f1': '0.4132', 'eval_balanced_accuracy': '0.484', 'eval_macro_f1': '0.4132', 'eval_atc': '0.5834', 'eval_normalized_atc': '0.05834', 'eval_target_recall': '0', 'eval_target_recall_macro': '0.4812', 'eval_target_fnr': '0.03015', 'eval_selection_score': '3.369', 'eval_selection_accuracy_value': '0.484', 'eval_nll': '1.303', 'eval_brier': '0.6133', 'eval_ece': '0.4124', 'eval_auroc': '0', 'eval_auprc': '0', 'eval_runtime': '9.113', 'eval_samples_per_second': '129.6', 'eval_steps_per_second': '8.12', 'epoch': '3'}
CustomImageProcessor configuration saved to checkpoints/screen_vit_small_patch16_dinov3_lvd1689m_ce_s42/checkpoint-168/preprocessor_config.json
{'loss': '5.333', 'grad_norm': '12.25', 'learning_rate': '4.862e-05', 'epoch': '3.036'}
{'loss': '5.138', 'grad_norm': '10.5', 'learning_rate': '4.837e-05', 'epoch': '3.214'}
{'loss': '4.84', 'grad_norm': '10.64', 'learning_rate': '4.81e-05', 'epoch': '3.393'}
{'loss': '4.544', 'grad_norm': '13.91', 'learning_rate': '4.78e-05', 'epoch': '3.571'}
{'loss': '4.493', 'grad_norm': '13.62', 'learning_rate': '4.749e-05', 'epoch': '3.75'}
{'loss': '4.343', 'grad_norm': '16.62', 'learning_rate': '4.716e-05', 'epoch': '3.929'}
{'eval_loss': '1.014', 'eval_accuracy': '0.7417', 'eval_f1': '0.438', 'eval_balanced_accuracy': '0.5013', 'eval_macro_f1': '0.438', 'eval_atc': '0.6266', 'eval_normalized_atc': '0.06266', 'eval_target_recall': '0', 'eval_target_recall_macro': '0.4988', 'eval_target_fnr': '0', 'eval_selection_score': '3.365', 'eval_selection_accuracy_value': '0.5013', 'eval_nll': '1.014', 'eval_brier': '0.4773', 'eval_ece': '0.3673', 'eval_auroc': '0', 'eval_auprc': '0', 'eval_runtime': '9.235', 'eval_samples_per_second': '127.9', 'eval_steps_per_second': '8.013', 'epoch': '4'}
CustomImageProcessor configuration saved to checkpoints/screen_vit_small_patch16_dinov3_lvd1689m_ce_s42/checkpoint-224/preprocessor_config.json
{'loss': '4.062', 'grad_norm': '15.04', 'learning_rate': '4.681e-05', 'epoch': '4.107'}
{'loss': '3.907', 'grad_norm': '14.25', 'learning_rate': '4.644e-05', 'epoch': '4.286'}
{'loss': '3.656', 'grad_norm': '12.79', 'learning_rate': '4.605e-05', 'epoch': '4.464'}
{'loss': '3.559', 'grad_norm': '16.75', 'learning_rate': '4.564e-05', 'epoch': '4.643'}
{'loss': '3.43', 'grad_norm': '17.11', 'learning_rate': '4.522e-05', 'epoch': '4.821'}
{'loss': '3.362', 'grad_norm': '17.43', 'learning_rate': '4.477e-05', 'epoch': '5'}
{'eval_loss': '0.7816', 'eval_accuracy': '0.8772', 'eval_f1': '0.6856', 'eval_balanced_accuracy': '0.6903', 'eval_macro_f1': '0.6856', 'eval_atc': '0.2235', 'eval_normalized_atc': '0.02235', 'eval_target_recall': '0.03226', 'eval_target_recall_macro': '0.6249', 'eval_target_fnr': '0', 'eval_selection_score': '3.038', 'eval_selection_accuracy_value': '0.6903', 'eval_nll': '0.7816', 'eval_brier': '0.349', 'eval_ece': '0.3684', 'eval_auroc': '0', 'eval_auprc': '0', 'eval_runtime': '9.805', 'eval_samples_per_second': '120.4', 'eval_steps_per_second': '7.547', 'epoch': '5'}
CustomImageProcessor configuration saved to checkpoints/screen_vit_small_patch16_dinov3_lvd1689m_ce_s42/checkpoint-280/preprocessor_config.json
{'loss': '3.121', 'grad_norm': '13.59', 'learning_rate': '4.431e-05', 'epoch': '5.179'}
{'loss': '2.99', 'grad_norm': '17.86', 'learning_rate': '4.384e-05', 'epoch': '5.357'}
{'loss': '2.907', 'grad_norm': '12.6', 'learning_rate': '4.334e-05', 'epoch': '5.536'}
{'loss': '2.683', 'grad_norm': '11.46', 'learning_rate': '4.283e-05', 'epoch': '5.714'}
{'loss': '2.604', 'grad_norm': '12.08', 'learning_rate': '4.231e-05', 'epoch': '5.893'}
{'eval_loss': '0.6009', 'eval_accuracy': '0.9128', 'eval_f1': '0.7748', 'eval_balanced_accuracy': '0.7736', 'eval_macro_f1': '0.7748', 'eval_atc': '0.2566', 'eval_normalized_atc': '0.02566', 'eval_target_recall': '0.2564', 'eval_target_recall_macro': '0.7315', 'eval_target_fnr': '0', 'eval_selection_score': '1.682', 'eval_selection_accuracy_value': '0.7736', 'eval_nll': '0.6009', 'eval_brier': '0.2523', 'eval_ece': '0.309', 'eval_auroc': '0', 'eval_auprc': '0', 'eval_runtime': '9.135', 'eval_samples_per_second': '129.3', 'eval_steps_per_second': '8.101', 'epoch': '6'}
CustomImageProcessor configuration saved to checkpoints/screen_vit_small_patch16_dinov3_lvd1689m_ce_s42/checkpoint-336/preprocessor_config.json
{'loss': '2.454', 'grad_norm': '15.62', 'learning_rate': '4.177e-05', 'epoch': '6.071'}
{'loss': '2.485', 'grad_norm': '11.66', 'learning_rate': '4.121e-05', 'epoch': '6.25'}
{'loss': '2.403', 'grad_norm': '13.93', 'learning_rate': '4.064e-05', 'epoch': '6.429'}
{'loss': '2.033', 'grad_norm': '17.37', 'learning_rate': '4.006e-05', 'epoch': '6.607'}
{'loss': '2.144', 'grad_norm': '18.65', 'learning_rate': '3.947e-05', 'epoch': '6.786'}
{'loss': '2.141', 'grad_norm': '23.23', 'learning_rate': '3.886e-05', 'epoch': '6.964'}
{'eval_loss': '0.4996', 'eval_accuracy': '0.9272', 'eval_f1': '0.8307', 'eval_balanced_accuracy': '0.8372', 'eval_macro_f1': '0.8307', 'eval_atc': '0.1753', 'eval_normalized_atc': '0.01753', 'eval_target_recall': '0.7436', 'eval_target_recall_macro': '0.8613', 'eval_target_fnr': '0', 'eval_selection_score': '0.1154', 'eval_selection_accuracy_value': '0.8372', 'eval_nll': '0.4996', 'eval_brier': '0.2055', 'eval_ece': '0.2701', 'eval_auroc': '0', 'eval_auprc': '0', 'eval_runtime': '10.42', 'eval_samples_per_second': '113.4', 'eval_steps_per_second': '7.102', 'epoch': '7'}
CustomImageProcessor configuration saved to checkpoints/screen_vit_small_patch16_dinov3_lvd1689m_ce_s42/checkpoint-392/preprocessor_config.json
{'loss': '1.981', 'grad_norm': '13.22', 'learning_rate': '3.824e-05', 'epoch': '7.143'}
{'loss': '1.95', 'grad_norm': '13.1', 'learning_rate': '3.761e-05', 'epoch': '7.321'}
{'loss': '1.887', 'grad_norm': '30.41', 'learning_rate': '3.696e-05', 'epoch': '7.5'}
{'loss': '1.774', 'grad_norm': '12.36', 'learning_rate': '3.631e-05', 'epoch': '7.679'}
{'loss': '1.864', 'grad_norm': '17.77', 'learning_rate': '3.565e-05', 'epoch': '7.857'}
{'eval_loss': '0.4029', 'eval_accuracy': '0.934', 'eval_f1': '0.8357', 'eval_balanced_accuracy': '0.8344', 'eval_macro_f1': '0.8357', 'eval_atc': '0.1948', 'eval_normalized_atc': '0.01948', 'eval_target_recall': '0.641', 'eval_target_recall_macro': '0.8624', 'eval_target_fnr': '0', 'eval_selection_score': '0.2877', 'eval_selection_accuracy_value': '0.8344', 'eval_nll': '0.4029', 'eval_brier': '0.1565', 'eval_ece': '0.217', 'eval_auroc': '0', 'eval_auprc': '0', 'eval_runtime': '9.823', 'eval_samples_per_second': '120.2', 'eval_steps_per_second': '7.533', 'epoch': '8'}
CustomImageProcessor configuration saved to checkpoints/screen_vit_small_patch16_dinov3_lvd1689m_ce_s42/checkpoint-448/preprocessor_config.json
{'loss': '1.724', 'grad_norm': '10.13', 'learning_rate': '3.497e-05', 'epoch': '8.036'}
{'loss': '1.584', 'grad_norm': '11.08', 'learning_rate': '3.429e-05', 'epoch': '8.214'}
{'loss': '1.605', 'grad_norm': '17.08', 'learning_rate': '3.36e-05', 'epoch': '8.393'}
{'loss': '1.659', 'grad_norm': '10.36', 'learning_rate': '3.291e-05', 'epoch': '8.571'}
{'loss': '1.47', 'grad_norm': '14.99', 'learning_rate': '3.22e-05', 'epoch': '8.75'}
{'loss': '1.518', 'grad_norm': '21.23', 'learning_rate': '3.149e-05', 'epoch': '8.929'}
{'eval_loss': '0.3611', 'eval_accuracy': '0.9314', 'eval_f1': '0.8305', 'eval_balanced_accuracy': '0.8319', 'eval_macro_f1': '0.8305', 'eval_atc': '0.1964', 'eval_normalized_atc': '0.01964', 'eval_target_recall': '0.5128', 'eval_target_recall_macro': '0.8583', 'eval_target_fnr': '0', 'eval_selection_score': '0.6193', 'eval_selection_accuracy_value': '0.8319', 'eval_nll': '0.3611', 'eval_brier': '0.1431', 'eval_ece': '0.1801', 'eval_auroc': '0', 'eval_auprc': '0', 'eval_runtime': '9.22', 'eval_samples_per_second': '128.1', 'eval_steps_per_second': '8.026', 'epoch': '9'}
CustomImageProcessor configuration saved to checkpoints/screen_vit_small_patch16_dinov3_lvd1689m_ce_s42/checkpoint-504/preprocessor_config.json
{'loss': '1.344', 'grad_norm': '17.09', 'learning_rate': '3.078e-05', 'epoch': '9.107'}
{'loss': '1.416', 'grad_norm': '17.82', 'learning_rate': '3.006e-05', 'epoch': '9.286'}
{'loss': '1.414', 'grad_norm': '14.56', 'learning_rate': '2.933e-05', 'epoch': '9.464'}
{'loss': '1.272', 'grad_norm': '9.608', 'learning_rate': '2.86e-05', 'epoch': '9.643'}
{'loss': '1.313', 'grad_norm': '8.394', 'learning_rate': '2.787e-05', 'epoch': '9.821'}
{'loss': '1.371', 'grad_norm': '11.9', 'learning_rate': '2.714e-05', 'epoch': '10'}
{'eval_loss': '0.3174', 'eval_accuracy': '0.9424', 'eval_f1': '0.8605', 'eval_balanced_accuracy': '0.8805', 'eval_macro_f1': '0.8605', 'eval_atc': '0.1533', 'eval_normalized_atc': '0.01533', 'eval_target_recall': '0.93', 'eval_target_recall_macro': '0.9473', 'eval_target_fnr': '0.02513', 'eval_selection_score': '0.01533', 'eval_selection_accuracy_value': '0.8805', 'eval_nll': '0.3174', 'eval_brier': '0.1206', 'eval_ece': '0.1788', 'eval_auroc': '0', 'eval_auprc': '0', 'eval_runtime': '8.993', 'eval_samples_per_second': '131.3', 'eval_steps_per_second': '8.228', 'epoch': '10'}
CustomImageProcessor configuration saved to checkpoints/screen_vit_small_patch16_dinov3_lvd1689m_ce_s42/checkpoint-560/preprocessor_config.json
{'loss': '1.238', 'grad_norm': '20.03', 'learning_rate': '2.64e-05', 'epoch': '10.18'}
{'loss': '1.255', 'grad_norm': '6.723', 'learning_rate': '2.566e-05', 'epoch': '10.36'}
{'loss': '1.12', 'grad_norm': '10.47', 'learning_rate': '2.493e-05', 'epoch': '10.54'}
{'loss': '1.257', 'grad_norm': '34.15', 'learning_rate': '2.419e-05', 'epoch': '10.71'}
{'loss': '1.096', 'grad_norm': '11.14', 'learning_rate': '2.345e-05', 'epoch': '10.89'}
{'eval_loss': '0.2888', 'eval_accuracy': '0.9577', 'eval_f1': '0.9357', 'eval_balanced_accuracy': '0.9268', 'eval_macro_f1': '0.9357', 'eval_atc': '0.127', 'eval_normalized_atc': '0.0127', 'eval_target_recall': '0.871', 'eval_target_recall_macro': '0.9109', 'eval_target_fnr': '0', 'eval_selection_score': '0.01607', 'eval_selection_accuracy_value': '0.9268', 'eval_nll': '0.2888', 'eval_brier': '0.1103', 'eval_ece': '0.1578', 'eval_auroc': '0', 'eval_auprc': '0', 'eval_runtime': '9.836', 'eval_samples_per_second': '120.1', 'eval_steps_per_second': '7.523', 'epoch': '11'}
CustomImageProcessor configuration saved to checkpoints/screen_vit_small_patch16_dinov3_lvd1689m_ce_s42/checkpoint-616/preprocessor_config.json
{'loss': '1.087', 'grad_norm': '19.75', 'learning_rate': '2.271e-05', 'epoch': '11.07'}
{'loss': '1.161', 'grad_norm': '24.41', 'learning_rate': '2.198e-05', 'epoch': '11.25'}
{'loss': '1.156', 'grad_norm': '13.47', 'learning_rate': '2.125e-05', 'epoch': '11.43'}
{'loss': '0.9961', 'grad_norm': '11.68', 'learning_rate': '2.052e-05', 'epoch': '11.61'}
{'loss': '1.085', 'grad_norm': '10.66', 'learning_rate': '1.98e-05', 'epoch': '11.79'}
{'loss': '1.033', 'grad_norm': '8.894', 'learning_rate': '1.908e-05', 'epoch': '11.96'}
{'eval_loss': '0.2582', 'eval_accuracy': '0.9517', 'eval_f1': '0.885', 'eval_balanced_accuracy': '0.8848', 'eval_macro_f1': '0.885', 'eval_atc': '0.1228', 'eval_normalized_atc': '0.01228', 'eval_target_recall': '0.8065', 'eval_target_recall_macro': '0.9302', 'eval_target_fnr': '0', 'eval_selection_score': '0.04728', 'eval_selection_accuracy_value': '0.8848', 'eval_nll': '0.2582', 'eval_brier': '0.09811', 'eval_ece': '0.1366', 'eval_auroc': '0', 'eval_auprc': '0', 'eval_runtime': '9.129', 'eval_samples_per_second': '129.4', 'eval_steps_per_second': '8.107', 'epoch': '12'}
CustomImageProcessor configuration saved to checkpoints/screen_vit_small_patch16_dinov3_lvd1689m_ce_s42/checkpoint-672/preprocessor_config.json
{'loss': '0.9981', 'grad_norm': '11.24', 'learning_rate': '1.836e-05', 'epoch': '12.14'}
{'loss': '1.011', 'grad_norm': '21.01', 'learning_rate': '1.765e-05', 'epoch': '12.32'}
{'loss': '0.9261', 'grad_norm': '8.169', 'learning_rate': '1.695e-05', 'epoch': '12.5'}
{'loss': '0.9302', 'grad_norm': '15.81', 'learning_rate': '1.626e-05', 'epoch': '12.68'}
{'loss': '0.9727', 'grad_norm': '7.427', 'learning_rate': '1.557e-05', 'epoch': '12.86'}
{'eval_loss': '0.2306', 'eval_accuracy': '0.9805', 'eval_f1': '0.9708', 'eval_balanced_accuracy': '0.9663', 'eval_macro_f1': '0.9708', 'eval_atc': '0.05419', 'eval_normalized_atc': '0.005419', 'eval_target_recall': '0.9355', 'eval_target_recall_macro': '0.9573', 'eval_target_fnr': '0', 'eval_selection_score': '0.005419', 'eval_selection_accuracy_value': '0.9663', 'eval_nll': '0.2306', 'eval_brier': '0.08126', 'eval_ece': '0.1479', 'eval_auroc': '0', 'eval_auprc': '0', 'eval_runtime': '9.602', 'eval_samples_per_second': '123', 'eval_steps_per_second': '7.707', 'epoch': '13'}
CustomImageProcessor configuration saved to checkpoints/screen_vit_small_patch16_dinov3_lvd1689m_ce_s42/checkpoint-728/preprocessor_config.json
{'loss': '0.9095', 'grad_norm': '21.07', 'learning_rate': '1.489e-05', 'epoch': '13.04'}
{'loss': '0.8568', 'grad_norm': '11.08', 'learning_rate': '1.422e-05', 'epoch': '13.21'}
{'loss': '0.8792', 'grad_norm': '14.49', 'learning_rate': '1.356e-05', 'epoch': '13.39'}
{'loss': '0.8418', 'grad_norm': '7.402', 'learning_rate': '1.291e-05', 'epoch': '13.57'}
{'loss': '0.8956', 'grad_norm': '18.05', 'learning_rate': '1.227e-05', 'epoch': '13.75'}
{'loss': '0.8833', 'grad_norm': '6.48', 'learning_rate': '1.164e-05', 'epoch': '13.93'}
{'eval_loss': '0.2104', 'eval_accuracy': '0.9729', 'eval_f1': '0.946', 'eval_balanced_accuracy': '0.9406', 'eval_macro_f1': '0.946', 'eval_atc': '0.08044', 'eval_normalized_atc': '0.008044', 'eval_target_recall': '0.9032', 'eval_target_recall_macro': '0.9683', 'eval_target_fnr': '0.005025', 'eval_selection_score': '0.008044', 'eval_selection_accuracy_value': '0.9406', 'eval_nll': '0.2104', 'eval_brier': '0.07354', 'eval_ece': '0.1283', 'eval_auroc': '0', 'eval_auprc': '0', 'eval_runtime': '9.358', 'eval_samples_per_second': '126.2', 'eval_steps_per_second': '7.907', 'epoch': '14'}
CustomImageProcessor configuration saved to checkpoints/screen_vit_small_patch16_dinov3_lvd1689m_ce_s42/checkpoint-784/preprocessor_config.json
{'loss': '0.8221', 'grad_norm': '12.25', 'learning_rate': '1.102e-05', 'epoch': '14.11'}
{'loss': '0.7969', 'grad_norm': '15.3', 'learning_rate': '1.041e-05', 'epoch': '14.29'}
{'loss': '0.7751', 'grad_norm': '17.16', 'learning_rate': '9.82e-06', 'epoch': '14.46'}
{'loss': '0.7905', 'grad_norm': '4.155', 'learning_rate': '9.24e-06', 'epoch': '14.64'}
{'loss': '0.8416', 'grad_norm': '8.317', 'learning_rate': '8.674e-06', 'epoch': '14.82'}
{'loss': '0.854', 'grad_norm': '10.03', 'learning_rate': '8.122e-06', 'epoch': '15'}
{'eval_loss': '0.1976', 'eval_accuracy': '0.9797', 'eval_f1': '0.9651', 'eval_balanced_accuracy': '0.961', 'eval_macro_f1': '0.9651', 'eval_atc': '0.05843', 'eval_normalized_atc': '0.005843', 'eval_target_recall': '0.9355', 'eval_target_recall_macro': '0.9751', 'eval_target_fnr': '0', 'eval_selection_score': '0.005843', 'eval_selection_accuracy_value': '0.961', 'eval_nll': '0.1976', 'eval_brier': '0.06733', 'eval_ece': '0.1272', 'eval_auroc': '0', 'eval_auprc': '0', 'eval_runtime': '9.54', 'eval_samples_per_second': '123.8', 'eval_steps_per_second': '7.757', 'epoch': '15'}
CustomImageProcessor configuration saved to checkpoints/screen_vit_small_patch16_dinov3_lvd1689m_ce_s42/checkpoint-840/preprocessor_config.json
{'loss': '0.8995', 'grad_norm': '17.87', 'learning_rate': '7.585e-06', 'epoch': '15.18'}
{'loss': '0.7571', 'grad_norm': '6.181', 'learning_rate': '7.063e-06', 'epoch': '15.36'}
{'loss': '0.7394', 'grad_norm': '8.685', 'learning_rate': '6.557e-06', 'epoch': '15.54'}
{'loss': '0.74', 'grad_norm': '10.54', 'learning_rate': '6.067e-06', 'epoch': '15.71'}
{'loss': '0.7788', 'grad_norm': '21.4', 'learning_rate': '5.593e-06', 'epoch': '15.89'}
{'eval_loss': '0.1886', 'eval_accuracy': '0.9839', 'eval_f1': '0.9751', 'eval_balanced_accuracy': '0.9741', 'eval_macro_f1': '0.9751', 'eval_atc': '0.05419', 'eval_normalized_atc': '0.005419', 'eval_target_recall': '0.9355', 'eval_target_recall_macro': '0.9751', 'eval_target_fnr': '0', 'eval_selection_score': '0.005419', 'eval_selection_accuracy_value': '0.9741', 'eval_nll': '0.1886', 'eval_brier': '0.06232', 'eval_ece': '0.127', 'eval_auroc': '0', 'eval_auprc': '0', 'eval_runtime': '9.75', 'eval_samples_per_second': '121.1', 'eval_steps_per_second': '7.589', 'epoch': '16'}
CustomImageProcessor configuration saved to checkpoints/screen_vit_small_patch16_dinov3_lvd1689m_ce_s42/checkpoint-896/preprocessor_config.json
{'loss': '0.7838', 'grad_norm': '5.661', 'learning_rate': '5.136e-06', 'epoch': '16.07'}
{'loss': '0.6921', 'grad_norm': '5.462', 'learning_rate': '4.697e-06', 'epoch': '16.25'}
{'loss': '0.7157', 'grad_norm': '9.296', 'learning_rate': '4.275e-06', 'epoch': '16.43'}
{'loss': '0.7057', 'grad_norm': '7.602', 'learning_rate': '3.871e-06', 'epoch': '16.61'}
{'loss': '0.7479', 'grad_norm': '7.677', 'learning_rate': '3.486e-06', 'epoch': '16.79'}
{'loss': '0.7192', 'grad_norm': '17.08', 'learning_rate': '3.119e-06', 'epoch': '16.96'}
{'eval_loss': '0.1836', 'eval_accuracy': '0.9839', 'eval_f1': '0.9762', 'eval_balanced_accuracy': '0.9757', 'eval_macro_f1': '0.9762', 'eval_atc': '0.05419', 'eval_normalized_atc': '0.005419', 'eval_target_recall': '0.9355', 'eval_target_recall_macro': '0.9726', 'eval_target_fnr': '0.005025', 'eval_selection_score': '0.005419', 'eval_selection_accuracy_value': '0.9757', 'eval_nll': '0.1836', 'eval_brier': '0.06033', 'eval_ece': '0.1238', 'eval_auroc': '0', 'eval_auprc': '0', 'eval_runtime': '9.556', 'eval_samples_per_second': '123.6', 'eval_steps_per_second': '7.744', 'epoch': '17'}
CustomImageProcessor configuration saved to checkpoints/screen_vit_small_patch16_dinov3_lvd1689m_ce_s42/checkpoint-952/preprocessor_config.json
{'loss': '0.71', 'grad_norm': '22.21', 'learning_rate': '2.772e-06', 'epoch': '17.14'}
{'loss': '0.7385', 'grad_norm': '13.41', 'learning_rate': '2.444e-06', 'epoch': '17.32'}
{'loss': '0.6588', 'grad_norm': '20.5', 'learning_rate': '2.135e-06', 'epoch': '17.5'}
{'loss': '0.7867', 'grad_norm': '5.768', 'learning_rate': '1.847e-06', 'epoch': '17.68'}
{'loss': '0.7129', 'grad_norm': '3.957', 'learning_rate': '1.579e-06', 'epoch': '17.86'}
{'eval_loss': '0.1843', 'eval_accuracy': '0.9822', 'eval_f1': '0.9754', 'eval_balanced_accuracy': '0.9727', 'eval_macro_f1': '0.9754', 'eval_atc': '0.05588', 'eval_normalized_atc': '0.005588', 'eval_target_recall': '0.9032', 'eval_target_recall_macro': '0.9621', 'eval_target_fnr': '0', 'eval_selection_score': '0.005588', 'eval_selection_accuracy_value': '0.9727', 'eval_nll': '0.1843', 'eval_brier': '0.06158', 'eval_ece': '0.1196', 'eval_auroc': '0', 'eval_auprc': '0', 'eval_runtime': '9.248', 'eval_samples_per_second': '127.7', 'eval_steps_per_second': '8.002', 'epoch': '18'}
CustomImageProcessor configuration saved to checkpoints/screen_vit_small_patch16_dinov3_lvd1689m_ce_s42/checkpoint-1008/preprocessor_config.json
{'train_runtime': '557.3', 'train_samples_per_second': '128.4', 'train_steps_per_second': '2.01', 'train_loss': '2.659', 'epoch': '18'}
***** train metrics *****
  epoch                    =       18.0
  total_flos               =        0GF
  train_loss               =     2.6589
  train_runtime            = 0:09:17.29
  train_samples_per_second =    128.407
  train_steps_per_second   =       2.01
Using device: cuda

============================================================
PERFORMING COMPREHENSIVE EVALUATION
============================================================
Results will be saved to: results/pmi10_vit_small_patch16_dinov3_lvd1689m_test/screen_vit_small_patch16_dinov3_lvd1689m_ce_s42_05-01_14-22
Saving run configuration...
Run configuration saved to: results/pmi10_vit_small_patch16_dinov3_lvd1689m_test/screen_vit_small_patch16_dinov3_lvd1689m_ce_s42_05-01_14-22/run_configuration_20260501_142222.json
Running model evaluation...
Computing detailed metrics...
Saving metrics to files...
Metrics saved to: results/pmi10_vit_small_patch16_dinov3_lvd1689m_test/screen_vit_small_patch16_dinov3_lvd1689m_ce_s42_05-01_14-22/metrics_20260501_142241_cross_entropy.json and results/pmi10_vit_small_patch16_dinov3_lvd1689m_test/screen_vit_small_patch16_dinov3_lvd1689m_ce_s42_05-01_14-22/metrics_20260501_142241_cross_entropy.txt
Using provided class names: ['00378-0208', '00378-3855', '00591-0461', '16729-0020', '50111-0434', '53489-0156', '53746-0544', '62037-0831', '68382-0008', '68382-0227']
Skipping confusion matrix visualizations by configuration.

============================================================
TRAINING COMPLETED - RESULTS SUMMARY
============================================================
Output Directory: results/pmi10_vit_small_patch16_dinov3_lvd1689m_test/screen_vit_small_patch16_dinov3_lvd1689m_ce_s42_05-01_14-22
Overall Accuracy: 0.9815
Balanced Accuracy: 0.9723
Overall F1 Score: 0.9745
Kappa: 0.9785
AUC: 0.9995
Expected Cost: 0.0607
Loss Function Used: cross_entropy
Total Test Samples: 1186
Classes: 00378-0208, 00378-3855, 00591-0461, 16729-0020, 50111-0434, 53489-0156, 53746-0544, 62037-0831, 68382-0008, 68382-0227

Detailed metrics saved to: results/pmi10_vit_small_patch16_dinov3_lvd1689m_test/screen_vit_small_patch16_dinov3_lvd1689m_ce_s42_05-01_14-22
============================================================
