Prepared manifest loaded — Train=3578, Val=1181, Calibration=0, Test=1186
cuda
Using model backend=timm type=pmi10_efficientnet_b5_sw_in12k_ft_in1k with 10 labels
Early stopping enabled with patience=5
Using device: cuda
{'loss': '22.79', 'grad_norm': '1039', 'learning_rate': '8.036e-06', 'epoch': '0.1786'}
{'loss': '15.33', 'grad_norm': '626.9', 'learning_rate': '1.696e-05', 'epoch': '0.3571'}
{'loss': '8.287', 'grad_norm': '455.1', 'learning_rate': '2.589e-05', 'epoch': '0.5357'}
{'loss': '4.719', 'grad_norm': '394.5', 'learning_rate': '3.482e-05', 'epoch': '0.7143'}
{'loss': '3.644', 'grad_norm': '197.3', 'learning_rate': '4.375e-05', 'epoch': '0.8929'}
{'eval_loss': '0.6714', 'eval_accuracy': '0.7671', 'eval_f1': '0.6541', 'eval_balanced_accuracy': '0.6889', 'eval_macro_f1': '0.6541', 'eval_atc': '0.7163', 'eval_normalized_atc': '0.07163', 'eval_target_recall': '0.4359', 'eval_target_recall_macro': '0.6535', 'eval_target_fnr': '0.3065', 'eval_selection_score': '0.9369', 'eval_selection_accuracy_value': '0.6889', 'eval_nll': '0.6714', 'eval_brier': '0.3257', 'eval_ece': '0.07686', 'eval_auroc': '0', 'eval_auprc': '0', 'eval_runtime': '9.846', 'eval_samples_per_second': '119.9', 'eval_steps_per_second': '7.516', 'epoch': '1'}
CustomImageProcessor configuration saved to checkpoints/screen_efficientnet_b5_sw_in12k_ft_in1k_ce_s42/checkpoint-56/preprocessor_config.json
{'loss': '2.617', 'grad_norm': '234.7', 'learning_rate': '5e-05', 'epoch': '1.071'}
{'loss': '1.97', 'grad_norm': '310.5', 'learning_rate': '4.998e-05', 'epoch': '1.25'}
{'loss': '2.027', 'grad_norm': '262.1', 'learning_rate': '4.994e-05', 'epoch': '1.429'}
{'loss': '1.699', 'grad_norm': '297.7', 'learning_rate': '4.988e-05', 'epoch': '1.607'}
{'loss': '1.675', 'grad_norm': '177.2', 'learning_rate': '4.98e-05', 'epoch': '1.786'}
{'loss': '1.523', 'grad_norm': '93.15', 'learning_rate': '4.969e-05', 'epoch': '1.964'}
{'eval_loss': '0.2167', 'eval_accuracy': '0.9238', 'eval_f1': '0.8919', 'eval_balanced_accuracy': '0.8876', 'eval_macro_f1': '0.8919', 'eval_atc': '0.3285', 'eval_normalized_atc': '0.03285', 'eval_target_recall': '0.641', 'eval_target_recall_macro': '0.7851', 'eval_target_fnr': '0.08543', 'eval_selection_score': '0.3011', 'eval_selection_accuracy_value': '0.8876', 'eval_nll': '0.2167', 'eval_brier': '0.1138', 'eval_ece': '0.0148', 'eval_auroc': '0', 'eval_auprc': '0', 'eval_runtime': '10.02', 'eval_samples_per_second': '117.9', 'eval_steps_per_second': '7.388', 'epoch': '2'}
CustomImageProcessor configuration saved to checkpoints/screen_efficientnet_b5_sw_in12k_ft_in1k_ce_s42/checkpoint-112/preprocessor_config.json
{'loss': '1.118', 'grad_norm': '99.37', 'learning_rate': '4.957e-05', 'epoch': '2.143'}
{'loss': '1.191', 'grad_norm': '150.4', 'learning_rate': '4.942e-05', 'epoch': '2.321'}
{'loss': '1.176', 'grad_norm': '110.9', 'learning_rate': '4.925e-05', 'epoch': '2.5'}
{'loss': '1.086', 'grad_norm': '83.54', 'learning_rate': '4.906e-05', 'epoch': '2.679'}
{'loss': '0.8411', 'grad_norm': '121.4', 'learning_rate': '4.885e-05', 'epoch': '2.857'}
{'eval_loss': '0.1376', 'eval_accuracy': '0.9543', 'eval_f1': '0.9422', 'eval_balanced_accuracy': '0.9383', 'eval_macro_f1': '0.9422', 'eval_atc': '0.1355', 'eval_normalized_atc': '0.01355', 'eval_target_recall': '0.8387', 'eval_target_recall_macro': '0.9181', 'eval_target_fnr': '0.01005', 'eval_selection_score': '0.02857', 'eval_selection_accuracy_value': '0.9383', 'eval_nll': '0.1376', 'eval_brier': '0.06916', 'eval_ece': '0.01869', 'eval_auroc': '0', 'eval_auprc': '0', 'eval_runtime': '9.207', 'eval_samples_per_second': '128.3', 'eval_steps_per_second': '8.037', 'epoch': '3'}
CustomImageProcessor configuration saved to checkpoints/screen_efficientnet_b5_sw_in12k_ft_in1k_ce_s42/checkpoint-168/preprocessor_config.json
{'loss': '0.7793', 'grad_norm': '54.56', 'learning_rate': '4.862e-05', 'epoch': '3.036'}
{'loss': '1.003', 'grad_norm': '90.56', 'learning_rate': '4.837e-05', 'epoch': '3.214'}
{'loss': '1.031', 'grad_norm': '78.97', 'learning_rate': '4.81e-05', 'epoch': '3.393'}
{'loss': '0.8035', 'grad_norm': '70.99', 'learning_rate': '4.78e-05', 'epoch': '3.571'}
{'loss': '0.7089', 'grad_norm': '123.8', 'learning_rate': '4.749e-05', 'epoch': '3.75'}
{'loss': '0.6288', 'grad_norm': '146.2', 'learning_rate': '4.716e-05', 'epoch': '3.929'}
{'eval_loss': '0.1271', 'eval_accuracy': '0.9619', 'eval_f1': '0.9434', 'eval_balanced_accuracy': '0.9314', 'eval_macro_f1': '0.9434', 'eval_atc': '0.1609', 'eval_normalized_atc': '0.01609', 'eval_target_recall': '0.7742', 'eval_target_recall_macro': '0.8941', 'eval_target_fnr': '0.0201', 'eval_selection_score': '0.0794', 'eval_selection_accuracy_value': '0.9314', 'eval_nll': '0.1271', 'eval_brier': '0.05858', 'eval_ece': '0.01552', 'eval_auroc': '0', 'eval_auprc': '0', 'eval_runtime': '9.759', 'eval_samples_per_second': '121', 'eval_steps_per_second': '7.583', 'epoch': '4'}
CustomImageProcessor configuration saved to checkpoints/screen_efficientnet_b5_sw_in12k_ft_in1k_ce_s42/checkpoint-224/preprocessor_config.json
{'loss': '0.6555', 'grad_norm': '58.71', 'learning_rate': '4.681e-05', 'epoch': '4.107'}
{'loss': '0.8626', 'grad_norm': '127.9', 'learning_rate': '4.644e-05', 'epoch': '4.286'}
{'loss': '0.5758', 'grad_norm': '130.7', 'learning_rate': '4.605e-05', 'epoch': '4.464'}
{'loss': '0.3795', 'grad_norm': '35.91', 'learning_rate': '4.564e-05', 'epoch': '4.643'}
{'loss': '0.6387', 'grad_norm': '92.2', 'learning_rate': '4.522e-05', 'epoch': '4.821'}
{'loss': '0.6931', 'grad_norm': '83.74', 'learning_rate': '4.477e-05', 'epoch': '5'}
{'eval_loss': '0.06594', 'eval_accuracy': '0.9754', 'eval_f1': '0.9684', 'eval_balanced_accuracy': '0.9738', 'eval_macro_f1': '0.9684', 'eval_atc': '0.105', 'eval_normalized_atc': '0.0105', 'eval_target_recall': '0.9487', 'eval_target_recall_macro': '0.9578', 'eval_target_fnr': '0.04523', 'eval_selection_score': '0.0105', 'eval_selection_accuracy_value': '0.9738', 'eval_nll': '0.06594', 'eval_brier': '0.03376', 'eval_ece': '0.008063', 'eval_auroc': '0', 'eval_auprc': '0', 'eval_runtime': '9.265', 'eval_samples_per_second': '127.5', 'eval_steps_per_second': '7.987', 'epoch': '5'}
CustomImageProcessor configuration saved to checkpoints/screen_efficientnet_b5_sw_in12k_ft_in1k_ce_s42/checkpoint-280/preprocessor_config.json
{'loss': '0.2897', 'grad_norm': '96.86', 'learning_rate': '4.431e-05', 'epoch': '5.179'}
{'loss': '0.5736', 'grad_norm': '86.66', 'learning_rate': '4.384e-05', 'epoch': '5.357'}
{'loss': '0.6612', 'grad_norm': '80.64', 'learning_rate': '4.334e-05', 'epoch': '5.536'}
{'loss': '0.5611', 'grad_norm': '29.18', 'learning_rate': '4.283e-05', 'epoch': '5.714'}
{'loss': '0.4724', 'grad_norm': '92.87', 'learning_rate': '4.231e-05', 'epoch': '5.893'}
{'eval_loss': '0.07599', 'eval_accuracy': '0.9763', 'eval_f1': '0.9687', 'eval_balanced_accuracy': '0.9757', 'eval_macro_f1': '0.9687', 'eval_atc': '0.09653', 'eval_normalized_atc': '0.009653', 'eval_target_recall': '0.93', 'eval_target_recall_macro': '0.9541', 'eval_target_fnr': '0.03015', 'eval_selection_score': '0.009653', 'eval_selection_accuracy_value': '0.9757', 'eval_nll': '0.07599', 'eval_brier': '0.03714', 'eval_ece': '0.01236', 'eval_auroc': '0', 'eval_auprc': '0', 'eval_runtime': '9.929', 'eval_samples_per_second': '118.9', 'eval_steps_per_second': '7.453', 'epoch': '6'}
CustomImageProcessor configuration saved to checkpoints/screen_efficientnet_b5_sw_in12k_ft_in1k_ce_s42/checkpoint-336/preprocessor_config.json
{'loss': '0.537', 'grad_norm': '35.66', 'learning_rate': '4.177e-05', 'epoch': '6.071'}
{'loss': '0.4047', 'grad_norm': '74.85', 'learning_rate': '4.121e-05', 'epoch': '6.25'}
{'loss': '0.5527', 'grad_norm': '70.66', 'learning_rate': '4.064e-05', 'epoch': '6.429'}
{'loss': '0.3824', 'grad_norm': '63.76', 'learning_rate': '4.006e-05', 'epoch': '6.607'}
{'loss': '0.5272', 'grad_norm': '89.42', 'learning_rate': '3.947e-05', 'epoch': '6.786'}
{'loss': '0.539', 'grad_norm': '58.92', 'learning_rate': '3.886e-05', 'epoch': '6.964'}
{'eval_loss': '0.08137', 'eval_accuracy': '0.9729', 'eval_f1': '0.9656', 'eval_balanced_accuracy': '0.9654', 'eval_macro_f1': '0.9656', 'eval_atc': '0.08298', 'eval_normalized_atc': '0.008298', 'eval_target_recall': '0.9231', 'eval_target_recall_macro': '0.9571', 'eval_target_fnr': '0.01005', 'eval_selection_score': '0.008298', 'eval_selection_accuracy_value': '0.9654', 'eval_nll': '0.08137', 'eval_brier': '0.0424', 'eval_ece': '0.01803', 'eval_auroc': '0', 'eval_auprc': '0', 'eval_runtime': '9.483', 'eval_samples_per_second': '124.5', 'eval_steps_per_second': '7.803', 'epoch': '7'}
CustomImageProcessor configuration saved to checkpoints/screen_efficientnet_b5_sw_in12k_ft_in1k_ce_s42/checkpoint-392/preprocessor_config.json
{'loss': '0.519', 'grad_norm': '24.12', 'learning_rate': '3.824e-05', 'epoch': '7.143'}
{'loss': '0.3414', 'grad_norm': '23.14', 'learning_rate': '3.761e-05', 'epoch': '7.321'}
{'loss': '0.3824', 'grad_norm': '67.05', 'learning_rate': '3.696e-05', 'epoch': '7.5'}
{'loss': '0.3641', 'grad_norm': '25.66', 'learning_rate': '3.631e-05', 'epoch': '7.679'}
{'loss': '0.5558', 'grad_norm': '105.3', 'learning_rate': '3.565e-05', 'epoch': '7.857'}
{'eval_loss': '0.09446', 'eval_accuracy': '0.9746', 'eval_f1': '0.9629', 'eval_balanced_accuracy': '0.9758', 'eval_macro_f1': '0.9629', 'eval_atc': '0.09653', 'eval_normalized_atc': '0.009653', 'eval_target_recall': '0.9231', 'eval_target_recall_macro': '0.9632', 'eval_target_fnr': '0.0402', 'eval_selection_score': '0.009653', 'eval_selection_accuracy_value': '0.9758', 'eval_nll': '0.09446', 'eval_brier': '0.04385', 'eval_ece': '0.01417', 'eval_auroc': '0', 'eval_auprc': '0', 'eval_runtime': '10.13', 'eval_samples_per_second': '116.6', 'eval_steps_per_second': '7.306', 'epoch': '8'}
CustomImageProcessor configuration saved to checkpoints/screen_efficientnet_b5_sw_in12k_ft_in1k_ce_s42/checkpoint-448/preprocessor_config.json
{'loss': '0.2971', 'grad_norm': '50.56', 'learning_rate': '3.497e-05', 'epoch': '8.036'}
{'loss': '0.286', 'grad_norm': '20.95', 'learning_rate': '3.429e-05', 'epoch': '8.214'}
{'loss': '0.3593', 'grad_norm': '81.02', 'learning_rate': '3.36e-05', 'epoch': '8.393'}
{'loss': '0.3923', 'grad_norm': '72.06', 'learning_rate': '3.291e-05', 'epoch': '8.571'}
{'loss': '0.3261', 'grad_norm': '98.36', 'learning_rate': '3.22e-05', 'epoch': '8.75'}
{'loss': '0.2878', 'grad_norm': '56.13', 'learning_rate': '3.149e-05', 'epoch': '8.929'}
{'eval_loss': '0.1009', 'eval_accuracy': '0.978', 'eval_f1': '0.9692', 'eval_balanced_accuracy': '0.9697', 'eval_macro_f1': '0.9692', 'eval_atc': '0.08129', 'eval_normalized_atc': '0.008129', 'eval_target_recall': '0.871', 'eval_target_recall_macro': '0.9438', 'eval_target_fnr': '0.01005', 'eval_selection_score': '0.0115', 'eval_selection_accuracy_value': '0.9697', 'eval_nll': '0.1009', 'eval_brier': '0.03827', 'eval_ece': '0.01435', 'eval_auroc': '0', 'eval_auprc': '0', 'eval_runtime': '9.864', 'eval_samples_per_second': '119.7', 'eval_steps_per_second': '7.502', 'epoch': '9'}
CustomImageProcessor configuration saved to checkpoints/screen_efficientnet_b5_sw_in12k_ft_in1k_ce_s42/checkpoint-504/preprocessor_config.json
{'loss': '0.2777', 'grad_norm': '11.08', 'learning_rate': '3.078e-05', 'epoch': '9.107'}
{'loss': '0.215', 'grad_norm': '34.4', 'learning_rate': '3.006e-05', 'epoch': '9.286'}
{'loss': '0.2679', 'grad_norm': '88.08', 'learning_rate': '2.933e-05', 'epoch': '9.464'}
{'loss': '0.1821', 'grad_norm': '66', 'learning_rate': '2.86e-05', 'epoch': '9.643'}
{'loss': '0.2464', 'grad_norm': '144.8', 'learning_rate': '2.787e-05', 'epoch': '9.821'}
{'loss': '0.3829', 'grad_norm': '90.88', 'learning_rate': '2.714e-05', 'epoch': '10'}
{'eval_loss': '0.08635', 'eval_accuracy': '0.9814', 'eval_f1': '0.9726', 'eval_balanced_accuracy': '0.9774', 'eval_macro_f1': '0.9726', 'eval_atc': '0.09483', 'eval_normalized_atc': '0.009483', 'eval_target_recall': '0.9032', 'eval_target_recall_macro': '0.9608', 'eval_target_fnr': '0.01508', 'eval_selection_score': '0.009483', 'eval_selection_accuracy_value': '0.9774', 'eval_nll': '0.08635', 'eval_brier': '0.03024', 'eval_ece': '0.01253', 'eval_auroc': '0', 'eval_auprc': '0', 'eval_runtime': '9.899', 'eval_samples_per_second': '119.3', 'eval_steps_per_second': '7.476', 'epoch': '10'}
CustomImageProcessor configuration saved to checkpoints/screen_efficientnet_b5_sw_in12k_ft_in1k_ce_s42/checkpoint-560/preprocessor_config.json
{'train_runtime': '346', 'train_samples_per_second': '206.8', 'train_steps_per_second': '3.237', 'train_loss': '1.636', 'epoch': '10'}
***** train metrics *****
  epoch                    =       10.0
  total_flos               =        0GF
  train_loss               =     1.6363
  train_runtime            = 0:05:45.95
  train_samples_per_second =    206.848
  train_steps_per_second   =      3.237
Using device: cuda

============================================================
PERFORMING COMPREHENSIVE EVALUATION
============================================================
Results will be saved to: results/pmi10_efficientnet_b5_sw_in12k_ft_in1k_test/screen_efficientnet_b5_sw_in12k_ft_in1k_ce_s42_05-01_16-49
Saving run configuration...
Run configuration saved to: results/pmi10_efficientnet_b5_sw_in12k_ft_in1k_test/screen_efficientnet_b5_sw_in12k_ft_in1k_ce_s42_05-01_16-49/run_configuration_20260501_164952.json
Running model evaluation...
Computing detailed metrics...
Saving metrics to files...
Metrics saved to: results/pmi10_efficientnet_b5_sw_in12k_ft_in1k_test/screen_efficientnet_b5_sw_in12k_ft_in1k_ce_s42_05-01_16-49/metrics_20260501_165013_cross_entropy.json and results/pmi10_efficientnet_b5_sw_in12k_ft_in1k_test/screen_efficientnet_b5_sw_in12k_ft_in1k_ce_s42_05-01_16-49/metrics_20260501_165013_cross_entropy.txt
Using provided class names: ['00378-0208', '00378-3855', '00591-0461', '16729-0020', '50111-0434', '53489-0156', '53746-0544', '62037-0831', '68382-0008', '68382-0227']
Skipping confusion matrix visualizations by configuration.

============================================================
TRAINING COMPLETED - RESULTS SUMMARY
============================================================
Output Directory: results/pmi10_efficientnet_b5_sw_in12k_ft_in1k_test/screen_efficientnet_b5_sw_in12k_ft_in1k_ce_s42_05-01_16-49
Overall Accuracy: 0.9739
Balanced Accuracy: 0.9742
Overall F1 Score: 0.9661
Kappa: 0.9697
AUC: 0.9997
Expected Cost: 0.0927
Loss Function Used: cross_entropy
Total Test Samples: 1186
Classes: 00378-0208, 00378-3855, 00591-0461, 16729-0020, 50111-0434, 53489-0156, 53746-0544, 62037-0831, 68382-0008, 68382-0227

Detailed metrics saved to: results/pmi10_efficientnet_b5_sw_in12k_ft_in1k_test/screen_efficientnet_b5_sw_in12k_ft_in1k_ce_s42_05-01_16-49
============================================================
