Prepared manifest loaded — Train=96, Val=24, Calibration=24, Test=24
cuda
Using model backend=timm type=timm_dinov3_vit with 2 labels
Using device: cuda
{'eval_loss': '3.436', 'eval_accuracy': '0.7917', 'eval_f1': '0.7884', 'eval_balanced_accuracy': '0.7917', 'eval_macro_f1': '0.7884', 'eval_atc': '0.5833', 'eval_normalized_atc': '0.05833', 'eval_target_recall': '0.9167', 'eval_target_fnr': '0.08333', 'eval_selection_score': '0.06285', 'eval_selection_accuracy_value': '0.7917', 'eval_nll': '0.692', 'eval_brier': '0.4989', 'eval_ece': '0.2909', 'eval_auroc': '0.8611', 'eval_auprc': '0.8161', 'eval_runtime': '1.798', 'eval_samples_per_second': '13.35', 'eval_steps_per_second': '1.669', 'epoch': '1'}
CustomImageProcessor configuration saved to checkpoints/stop1_smoke_timm_spider_balanced_smoke_timm_dinov3_vit_nicme_hybrid/checkpoint-3/preprocessor_config.json
{'train_runtime': '2.531', 'train_samples_per_second': '37.93', 'train_steps_per_second': '1.185', 'train_loss': '6.816', 'epoch': '1'}
***** train metrics *****
  epoch                    =        1.0
  total_flos               =        0GF
  train_loss               =     6.8157
  train_runtime            = 0:00:02.53
  train_samples_per_second =     37.932
  train_steps_per_second   =      1.185
Using device: cuda

============================================================
PERFORMING COMPREHENSIVE EVALUATION
============================================================
Results will be saved to: results/timm_dinov3_vit_test/stop1_smoke_timm_spider_balanced_smoke_timm_dinov3_vit_nicme_hybrid_04-28_04-45
Saving run configuration...
Run configuration saved to: results/timm_dinov3_vit_test/stop1_smoke_timm_spider_balanced_smoke_timm_dinov3_vit_nicme_hybrid_04-28_04-45/run_configuration_20260428_044531.json
Running model evaluation...
Computing detailed metrics...
Saving metrics to files...
Metrics saved to: results/timm_dinov3_vit_test/stop1_smoke_timm_spider_balanced_smoke_timm_dinov3_vit_nicme_hybrid_04-28_04-45/metrics_20260428_044537_nicme_hybrid.json and results/timm_dinov3_vit_test/stop1_smoke_timm_spider_balanced_smoke_timm_dinov3_vit_nicme_hybrid_04-28_04-45/metrics_20260428_044537_nicme_hybrid.txt
Creating confusion matrix visualizations...
Using provided class names: ['black_widow', 'false_widow']
Confusion matrix visualizations (3-panel) saved to: results/timm_dinov3_vit_test/stop1_smoke_timm_spider_balanced_smoke_timm_dinov3_vit_nicme_hybrid_04-28_04-45/confusion_matrix_20260428_044537_nicme_hybrid.png and results/timm_dinov3_vit_test/stop1_smoke_timm_spider_balanced_smoke_timm_dinov3_vit_nicme_hybrid_04-28_04-45/confusion_matrix_20260428_044537_nicme_hybrid.pdf
Detailed confusion matrix saved to: results/timm_dinov3_vit_test/stop1_smoke_timm_spider_balanced_smoke_timm_dinov3_vit_nicme_hybrid_04-28_04-45/confusion_matrix_detailed_20260428_044537_nicme_hybrid.png

============================================================
TRAINING COMPLETED - RESULTS SUMMARY
============================================================
Output Directory: results/timm_dinov3_vit_test/stop1_smoke_timm_spider_balanced_smoke_timm_dinov3_vit_nicme_hybrid_04-28_04-45
Overall Accuracy: 0.7083
Balanced Accuracy: 0.7083
Overall F1 Score: 0.6812
Kappa: 0.4167
AUC: 0.8889
Expected Cost: 0.2917
Loss Function Used: nicme_hybrid
Total Test Samples: 24
Classes: black_widow, false_widow

Detailed metrics and visualizations saved to: results/timm_dinov3_vit_test/stop1_smoke_timm_spider_balanced_smoke_timm_dinov3_vit_nicme_hybrid_04-28_04-45
============================================================
