Prepared manifest loaded — Train=96, Val=24, Calibration=24, Test=24
cuda
Using model backend=timm type=timm_dinov3_convnext with 2 labels
Using device: cuda
{'eval_loss': '1.149', 'eval_accuracy': '0.5', 'eval_f1': '0.3333', 'eval_balanced_accuracy': '0.5', 'eval_macro_f1': '0.3333', 'eval_atc': '5', 'eval_normalized_atc': '0.5', 'eval_target_recall': '0', 'eval_target_fnr': '1', 'eval_selection_score': '4.386', 'eval_selection_accuracy_value': '0.5', 'eval_nll': '1.149', 'eval_brier': '0.798', 'eval_ece': '0.3773', 'eval_auroc': '0.25', 'eval_auprc': '0.4081', 'eval_runtime': '1.544', 'eval_samples_per_second': '15.54', 'eval_steps_per_second': '1.942', 'epoch': '1'}
CustomImageProcessor configuration saved to checkpoints/stop1_smoke_timm_breakhis_balanced_smoke_timm_dinov3_convnext_ce/checkpoint-3/preprocessor_config.json
{'train_runtime': '4.005', 'train_samples_per_second': '23.97', 'train_steps_per_second': '0.749', 'train_loss': '5.158', 'epoch': '1'}
***** train metrics *****
  epoch                    =        1.0
  total_flos               =        0GF
  train_loss               =     5.1579
  train_runtime            = 0:00:04.00
  train_samples_per_second =      23.97
  train_steps_per_second   =      0.749
Using device: cuda

============================================================
PERFORMING COMPREHENSIVE EVALUATION
============================================================
Results will be saved to: results/timm_dinov3_convnext_test/stop1_smoke_timm_breakhis_balanced_smoke_timm_dinov3_convnext_ce_04-28_04-44
Saving run configuration...
Run configuration saved to: results/timm_dinov3_convnext_test/stop1_smoke_timm_breakhis_balanced_smoke_timm_dinov3_convnext_ce_04-28_04-44/run_configuration_20260428_044434.json
Running model evaluation...
Computing detailed metrics...
Saving metrics to files...
Metrics saved to: results/timm_dinov3_convnext_test/stop1_smoke_timm_breakhis_balanced_smoke_timm_dinov3_convnext_ce_04-28_04-44/metrics_20260428_044440_ce.json and results/timm_dinov3_convnext_test/stop1_smoke_timm_breakhis_balanced_smoke_timm_dinov3_convnext_ce_04-28_04-44/metrics_20260428_044440_ce.txt
Creating confusion matrix visualizations...
Using provided class names: ['benign', 'malignant']
Confusion matrix visualizations (3-panel) saved to: results/timm_dinov3_convnext_test/stop1_smoke_timm_breakhis_balanced_smoke_timm_dinov3_convnext_ce_04-28_04-44/confusion_matrix_20260428_044440_ce.png and results/timm_dinov3_convnext_test/stop1_smoke_timm_breakhis_balanced_smoke_timm_dinov3_convnext_ce_04-28_04-44/confusion_matrix_20260428_044440_ce.pdf
Detailed confusion matrix saved to: results/timm_dinov3_convnext_test/stop1_smoke_timm_breakhis_balanced_smoke_timm_dinov3_convnext_ce_04-28_04-44/confusion_matrix_detailed_20260428_044440_ce.png

============================================================
TRAINING COMPLETED - RESULTS SUMMARY
============================================================
Output Directory: results/timm_dinov3_convnext_test/stop1_smoke_timm_breakhis_balanced_smoke_timm_dinov3_convnext_ce_04-28_04-44
Overall Accuracy: 0.5000
Balanced Accuracy: 0.5000
Overall F1 Score: 0.3333
Kappa: 0.0000
AUC: 0.1806
Expected Cost: 5.0000
Loss Function Used: ce
Total Test Samples: 24
Classes: benign, malignant

Detailed metrics and visualizations saved to: results/timm_dinov3_convnext_test/stop1_smoke_timm_breakhis_balanced_smoke_timm_dinov3_convnext_ce_04-28_04-44
============================================================
