Prepared manifest loaded — Train=1940, Val=320, Calibration=300, Test=640
cuda
Using model backend=timm type=timm_dinov3_vit_lora with 20 labels
Early stopping enabled with patience=3
Using device: cuda
{'eval_loss': '2.995', 'eval_accuracy': '0.15', 'eval_f1': '0.07777', 'eval_balanced_accuracy': '0.1637', 'eval_macro_f1': '0.07777', 'eval_atc': '1.131', 'eval_normalized_atc': '0.1131', 'eval_target_recall': '0', 'eval_target_recall_macro': '0.2917', 'eval_target_fnr': '1', 'eval_selection_score': '3.758', 'eval_selection_accuracy_value': '0.1637', 'eval_nll': '2.995', 'eval_brier': '0.9499', 'eval_ece': '0.09972', 'eval_auroc': '0', 'eval_auprc': '0', 'eval_runtime': '2.835', 'eval_samples_per_second': '56.43', 'eval_steps_per_second': '3.527', 'epoch': '1'}
CustomImageProcessor configuration saved to checkpoints/mc1_pmi_pills_balanced_d3vit_lora_ce_s42_multiclass_mc1_pmi_hardened_v2_20260430_mc1_a2_f3eccd62/checkpoint-5/preprocessor_config.json
{'train_runtime': '5.043', 'train_samples_per_second': '63.45', 'train_steps_per_second': '0.991', 'train_loss': '11.98', 'epoch': '1'}
***** train metrics *****
  epoch                    =        1.0
  total_flos               =        0GF
  train_loss               =    11.9801
  train_runtime            = 0:00:05.04
  train_samples_per_second =     63.451
  train_steps_per_second   =      0.991
Using device: cuda

============================================================
PERFORMING COMPREHENSIVE EVALUATION
============================================================
Results will be saved to: results/timm_dinov3_vit_lora_test/mc1_pmi_pills_balanced_d3vit_lora_ce_s42_multiclass_mc1_pmi_hardened_v2_20260430_mc1_a2_f3eccd62_04-30_15-58
Saving run configuration...
Run configuration saved to: results/timm_dinov3_vit_lora_test/mc1_pmi_pills_balanced_d3vit_lora_ce_s42_multiclass_mc1_pmi_hardened_v2_20260430_mc1_a2_f3eccd62_04-30_15-58/run_configuration_20260430_155810.json
Running model evaluation...
Computing detailed metrics...
Saving metrics to files...
Metrics saved to: results/timm_dinov3_vit_lora_test/mc1_pmi_pills_balanced_d3vit_lora_ce_s42_multiclass_mc1_pmi_hardened_v2_20260430_mc1_a2_f3eccd62_04-30_15-58/metrics_20260430_155818_ce.json and results/timm_dinov3_vit_lora_test/mc1_pmi_pills_balanced_d3vit_lora_ce_s42_multiclass_mc1_pmi_hardened_v2_20260430_mc1_a2_f3eccd62_04-30_15-58/metrics_20260430_155818_ce.txt
Using provided class names: ['00378-0208', '00378-3855', '00591-0461', '16729-0020', '16729-0168', '50111-0434', '53489-0156', '53746-0544', '57664-0377', '62037-0831', '62037-0832', '64380-0803', '65162-0253', '67253-0901', '68382-0008', '68382-0227', '69097-0127', '69097-0128', '69315-0904', '69315-0905']
Skipping confusion matrix visualizations by configuration.

============================================================
TRAINING COMPLETED - RESULTS SUMMARY
============================================================
Output Directory: results/timm_dinov3_vit_lora_test/mc1_pmi_pills_balanced_d3vit_lora_ce_s42_multiclass_mc1_pmi_hardened_v2_20260430_mc1_a2_f3eccd62_04-30_15-58
Overall Accuracy: 0.1688
Balanced Accuracy: 0.1792
Overall F1 Score: 0.0972
Kappa: 0.1243
AUC: 0.9476
Expected Cost: 1.1125
Loss Function Used: ce
Total Test Samples: 160
Classes: 00378-0208, 00378-3855, 00591-0461, 16729-0020, 16729-0168, 50111-0434, 53489-0156, 53746-0544, 57664-0377, 62037-0831, 62037-0832, 64380-0803, 65162-0253, 67253-0901, 68382-0008, 68382-0227, 69097-0127, 69097-0128, 69315-0904, 69315-0905

Detailed metrics saved to: results/timm_dinov3_vit_lora_test/mc1_pmi_pills_balanced_d3vit_lora_ce_s42_multiclass_mc1_pmi_hardened_v2_20260430_mc1_a2_f3eccd62_04-30_15-58
============================================================
