Prepared manifest loaded — Train=1940, Val=320, Calibration=300, Test=640
cuda
Using model backend=timm type=timm_dinov3_convnext_lora with 20 labels
Early stopping enabled with patience=3
Using device: cuda
{'eval_loss': '3.857', 'eval_accuracy': '0.04375', 'eval_f1': '0.02198', 'eval_balanced_accuracy': '0.04911', 'eval_macro_f1': '0.02198', 'eval_atc': '0.9563', 'eval_normalized_atc': '0.09563', 'eval_target_recall': '0', 'eval_target_recall_macro': '0', 'eval_target_fnr': '1', 'eval_selection_score': '3.899', 'eval_selection_accuracy_value': '0.04911', 'eval_nll': '3.373', 'eval_brier': '0.9864', 'eval_ece': '0.1041', 'eval_auroc': '0', 'eval_auprc': '0', 'eval_runtime': '2.694', 'eval_samples_per_second': '59.38', 'eval_steps_per_second': '3.711', 'epoch': '1'}
CustomImageProcessor configuration saved to checkpoints/mc1_pmi_pills_balanced_d3cnx_lora_nicme_hybrid_s42_multiclass_mc1_pmi_hardened_v2_20260430_mc1_a2_6705d4b3/checkpoint-5/preprocessor_config.json
{'train_runtime': '6.335', 'train_samples_per_second': '50.51', 'train_steps_per_second': '0.789', 'train_loss': '16.25', 'epoch': '1'}
***** train metrics *****
  epoch                    =        1.0
  total_flos               =        0GF
  train_loss               =    16.2466
  train_runtime            = 0:00:06.33
  train_samples_per_second =     50.514
  train_steps_per_second   =      0.789
Using device: cuda

============================================================
PERFORMING COMPREHENSIVE EVALUATION
============================================================
Results will be saved to: results/timm_dinov3_convnext_lora_test/mc1_pmi_pills_balanced_d3cnx_lora_nicme_hybrid_s42_multiclass_mc1_pmi_hardened_v2_20260430_mc1_a2_6705d4b3_04-30_16-04
Saving run configuration...
Run configuration saved to: results/timm_dinov3_convnext_lora_test/mc1_pmi_pills_balanced_d3cnx_lora_nicme_hybrid_s42_multiclass_mc1_pmi_hardened_v2_20260430_mc1_a2_6705d4b3_04-30_16-04/run_configuration_20260430_160413.json
Running model evaluation...
Computing detailed metrics...
Saving metrics to files...
Metrics saved to: results/timm_dinov3_convnext_lora_test/mc1_pmi_pills_balanced_d3cnx_lora_nicme_hybrid_s42_multiclass_mc1_pmi_hardened_v2_20260430_mc1_a2_6705d4b3_04-30_16-04/metrics_20260430_160421_nicme_hybrid.json and results/timm_dinov3_convnext_lora_test/mc1_pmi_pills_balanced_d3cnx_lora_nicme_hybrid_s42_multiclass_mc1_pmi_hardened_v2_20260430_mc1_a2_6705d4b3_04-30_16-04/metrics_20260430_160421_nicme_hybrid.txt
Using provided class names: ['00378-0208', '00378-3855', '00591-0461', '16729-0020', '16729-0168', '50111-0434', '53489-0156', '53746-0544', '57664-0377', '62037-0831', '62037-0832', '64380-0803', '65162-0253', '67253-0901', '68382-0008', '68382-0227', '69097-0127', '69097-0128', '69315-0904', '69315-0905']
Skipping confusion matrix visualizations by configuration.

============================================================
TRAINING COMPLETED - RESULTS SUMMARY
============================================================
Output Directory: results/timm_dinov3_convnext_lora_test/mc1_pmi_pills_balanced_d3cnx_lora_nicme_hybrid_s42_multiclass_mc1_pmi_hardened_v2_20260430_mc1_a2_6705d4b3_04-30_16-04
Overall Accuracy: 0.0375
Balanced Accuracy: 0.0379
Overall F1 Score: 0.0228
Kappa: -0.0371
AUC: 0.4646
Expected Cost: 0.9625
Loss Function Used: nicme_hybrid
Total Test Samples: 160
Classes: 00378-0208, 00378-3855, 00591-0461, 16729-0020, 16729-0168, 50111-0434, 53489-0156, 53746-0544, 57664-0377, 62037-0831, 62037-0832, 64380-0803, 65162-0253, 67253-0901, 68382-0008, 68382-0227, 69097-0127, 69097-0128, 69315-0904, 69315-0905

Detailed metrics saved to: results/timm_dinov3_convnext_lora_test/mc1_pmi_pills_balanced_d3cnx_lora_nicme_hybrid_s42_multiclass_mc1_pmi_hardened_v2_20260430_mc1_a2_6705d4b3_04-30_16-04
============================================================
