Prepared manifest loaded — Train=970, Val=310, Calibration=0, Test=320
cuda
Using model backend=timm type=pmi10_sota_convnext_base with 10 labels
Early stopping enabled with patience=5
Using device: cuda
{'loss': '8.065', 'grad_norm': '30.39', 'learning_rate': '2.5e-05', 'epoch': '0.6557'}
{'eval_loss': '1.423', 'eval_accuracy': '0.5032', 'eval_f1': '0.4426', 'eval_balanced_accuracy': '0.5032', 'eval_macro_f1': '0.4426', 'eval_atc': '1.252', 'eval_normalized_atc': '0.1252', 'eval_target_recall': '0.1935', 'eval_target_recall_macro': '0.5645', 'eval_target_fnr': '0.6774', 'eval_selection_score': '2.21', 'eval_selection_accuracy_value': '0.5032', 'eval_nll': '1.423', 'eval_brier': '0.6407', 'eval_ece': '0.1494', 'eval_auroc': '0', 'eval_auprc': '0', 'eval_runtime': '4.973', 'eval_samples_per_second': '62.34', 'eval_steps_per_second': '4.022', 'epoch': '1'}
CustomImageProcessor configuration saved to checkpoints/camera_ready_smoke_menon_logit_adjusted_lr5e5_s42/checkpoint-16/preprocessor_config.json
{'train_runtime': '19.49', 'train_samples_per_second': '49.76', 'train_steps_per_second': '0.821', 'train_loss': '6.933', 'epoch': '1'}
***** train metrics *****
  epoch                    =        1.0
  total_flos               =        0GF
  train_loss               =     6.9326
  train_runtime            = 0:00:19.49
  train_samples_per_second =     49.758
  train_steps_per_second   =      0.821
Using device: cuda

============================================================
PERFORMING COMPREHENSIVE EVALUATION
============================================================
Results will be saved to: results/pmi10_sota_convnext_base_test/camera_ready_smoke_menon_logit_adjusted_lr5e5_s42_05-03_20-30
Saving run configuration...
Run configuration saved to: results/pmi10_sota_convnext_base_test/camera_ready_smoke_menon_logit_adjusted_lr5e5_s42_05-03_20-30/run_configuration_20260503_203017.json
Running model evaluation...
Computing detailed metrics...
Saving metrics to files...
Metrics saved to: results/pmi10_sota_convnext_base_test/camera_ready_smoke_menon_logit_adjusted_lr5e5_s42_05-03_20-30/metrics_20260503_203026_menon_logit_adjusted.json and results/pmi10_sota_convnext_base_test/camera_ready_smoke_menon_logit_adjusted_lr5e5_s42_05-03_20-30/metrics_20260503_203026_menon_logit_adjusted.txt
Using provided class names: ['00378-0208', '00378-3855', '00591-0461', '16729-0020', '50111-0434', '53489-0156', '53746-0544', '62037-0831', '68382-0008', '68382-0227']
Skipping confusion matrix visualizations by configuration.

============================================================
TRAINING COMPLETED - RESULTS SUMMARY
============================================================
Output Directory: results/pmi10_sota_convnext_base_test/camera_ready_smoke_menon_logit_adjusted_lr5e5_s42_05-03_20-30
Overall Accuracy: 0.5250
Balanced Accuracy: 0.5250
Overall F1 Score: 0.4584
Kappa: 0.4722
AUC: 0.9462
Expected Cost: 1.4875
Loss Function Used: menon_logit_adjusted
Total Test Samples: 320
Classes: 00378-0208, 00378-3855, 00591-0461, 16729-0020, 50111-0434, 53489-0156, 53746-0544, 62037-0831, 68382-0008, 68382-0227

Detailed metrics saved to: results/pmi10_sota_convnext_base_test/camera_ready_smoke_menon_logit_adjusted_lr5e5_s42_05-03_20-30
============================================================
