Prepared manifest loaded — Train=970, Val=310, Calibration=0, Test=320
cuda
Using model backend=timm type=pmi10_sota_convnext_base with 10 labels
Early stopping enabled with patience=5
Using device: cuda
{'loss': '96.34', 'grad_norm': '1299', 'learning_rate': '2.5e-05', 'epoch': '0.6557'}
{'eval_loss': '15.12', 'eval_accuracy': '0.5194', 'eval_f1': '0.4655', 'eval_balanced_accuracy': '0.5194', 'eval_macro_f1': '0.4655', 'eval_atc': '1.032', 'eval_normalized_atc': '0.1032', 'eval_target_recall': '0.1613', 'eval_target_recall_macro': '0.4274', 'eval_target_fnr': '0.6774', 'eval_selection_score': '2.365', 'eval_selection_accuracy_value': '0.5194', 'eval_nll': '2.063', 'eval_brier': '0.8453', 'eval_ece': '0.3789', 'eval_auroc': '0', 'eval_auprc': '0', 'eval_runtime': '4.433', 'eval_samples_per_second': '69.92', 'eval_steps_per_second': '4.511', 'epoch': '1'}
CustomImageProcessor configuration saved to checkpoints/camera_ready_smoke_ldam_drw_lr5e5_s42/checkpoint-16/preprocessor_config.json
{'train_runtime': '18.75', 'train_samples_per_second': '51.74', 'train_steps_per_second': '0.853', 'train_loss': '80.96', 'epoch': '1'}
***** train metrics *****
  epoch                    =        1.0
  total_flos               =        0GF
  train_loss               =    80.9607
  train_runtime            = 0:00:18.74
  train_samples_per_second =     51.741
  train_steps_per_second   =      0.853
Using device: cuda

============================================================
PERFORMING COMPREHENSIVE EVALUATION
============================================================
Results will be saved to: results/pmi10_sota_convnext_base_test/camera_ready_smoke_ldam_drw_lr5e5_s42_05-03_20-32
Saving run configuration...
Run configuration saved to: results/pmi10_sota_convnext_base_test/camera_ready_smoke_ldam_drw_lr5e5_s42_05-03_20-32/run_configuration_20260503_203234.json
Running model evaluation...
Computing detailed metrics...
Saving metrics to files...
Metrics saved to: results/pmi10_sota_convnext_base_test/camera_ready_smoke_ldam_drw_lr5e5_s42_05-03_20-32/metrics_20260503_203243_ldam_drw.json and results/pmi10_sota_convnext_base_test/camera_ready_smoke_ldam_drw_lr5e5_s42_05-03_20-32/metrics_20260503_203243_ldam_drw.txt
Using provided class names: ['00378-0208', '00378-3855', '00591-0461', '16729-0020', '50111-0434', '53489-0156', '53746-0544', '62037-0831', '68382-0008', '68382-0227']
Skipping confusion matrix visualizations by configuration.

============================================================
TRAINING COMPLETED - RESULTS SUMMARY
============================================================
Output Directory: results/pmi10_sota_convnext_base_test/camera_ready_smoke_ldam_drw_lr5e5_s42_05-03_20-32
Overall Accuracy: 0.5406
Balanced Accuracy: 0.5406
Overall F1 Score: 0.4840
Kappa: 0.4896
AUC: 0.9206
Expected Cost: 1.1344
Loss Function Used: ldam_drw
Total Test Samples: 320
Classes: 00378-0208, 00378-3855, 00591-0461, 16729-0020, 50111-0434, 53489-0156, 53746-0544, 62037-0831, 68382-0008, 68382-0227

Detailed metrics saved to: results/pmi10_sota_convnext_base_test/camera_ready_smoke_ldam_drw_lr5e5_s42_05-03_20-32
============================================================
