Prepared manifest loaded — Train=3448, Val=410, Calibration=538, Test=564
cuda
Using model backend=timm type=binary_sota_convnext_base with 2 labels
Early stopping enabled with patience=5
Using device: cuda
{'loss': '3.506', 'grad_norm': '38.08', 'learning_rate': '4.952e-05', 'epoch': '0.1852'}
{'loss': '2.031', 'grad_norm': '66.55', 'learning_rate': '4.148e-05', 'epoch': '0.3704'}
{'loss': '1.735', 'grad_norm': '72.61', 'learning_rate': '2.664e-05', 'epoch': '0.5556'}
{'loss': '1.411', 'grad_norm': '31.87', 'learning_rate': '1.111e-05', 'epoch': '0.7407'}
{'loss': '1.016', 'grad_norm': '35.15', 'learning_rate': '1.327e-06', 'epoch': '0.9259'}
{'eval_loss': '0.6383', 'eval_accuracy': '0.8415', 'eval_f1': '0.8374', 'eval_balanced_accuracy': '0.8415', 'eval_macro_f1': '0.8374', 'eval_atc': '0.1585', 'eval_normalized_atc': '0.02265', 'eval_target_recall': '1', 'eval_target_recall_macro': '1', 'eval_target_fnr': '0', 'eval_selection_score': '0.02272', 'eval_selection_accuracy_value': '0.8415', 'eval_nll': '0.6194', 'eval_brier': '0.2797', 'eval_ece': '0.1136', 'eval_auroc': '0.8956', 'eval_auprc': '0.8512', 'eval_runtime': '5.322', 'eval_samples_per_second': '77.03', 'eval_steps_per_second': '4.885', 'epoch': '1'}
CustomImageProcessor configuration saved to checkpoints/binary_camera_ready_cost8_7_lr5e5_multiseed_20260505/binary_breakhis_smoke_nicme_a0p5_l0p1_binary_lr5e5_s43/checkpoint-54/preprocessor_config.json
{'train_runtime': '45.55', 'train_samples_per_second': '75.7', 'train_steps_per_second': '1.186', 'train_loss': '1.871', 'epoch': '1'}
***** train metrics *****
  epoch                    =        1.0
  total_flos               =        0GF
  train_loss               =     1.8714
  train_runtime            = 0:00:45.54
  train_samples_per_second =     75.699
  train_steps_per_second   =      1.186
Using device: cuda

============================================================
PERFORMING COMPREHENSIVE EVALUATION
============================================================
Results will be saved to: results/binary_sota_convnext_base_test/binary_breakhis_smoke_nicme_a0p5_l0p1_binary_lr5e5_s43_05-05_01-57
Saving run configuration...
Run configuration saved to: results/binary_sota_convnext_base_test/binary_breakhis_smoke_nicme_a0p5_l0p1_binary_lr5e5_s43_05-05_01-57/run_configuration_20260505_015721.json
Running model evaluation...
Computing detailed metrics...
Saving metrics to files...
Metrics saved to: results/binary_sota_convnext_base_test/binary_breakhis_smoke_nicme_a0p5_l0p1_binary_lr5e5_s43_05-05_01-57/metrics_20260505_015733_nicme_hybrid.json and results/binary_sota_convnext_base_test/binary_breakhis_smoke_nicme_a0p5_l0p1_binary_lr5e5_s43_05-05_01-57/metrics_20260505_015733_nicme_hybrid.txt
Using provided class names: ['benign', 'malignant']
Skipping confusion matrix visualizations by configuration.

============================================================
TRAINING COMPLETED - RESULTS SUMMARY
============================================================
Output Directory: results/binary_sota_convnext_base_test/binary_breakhis_smoke_nicme_a0p5_l0p1_binary_lr5e5_s43_05-05_01-57
Overall Accuracy: 0.9468
Balanced Accuracy: 0.9468
Overall F1 Score: 0.9468
Kappa: 0.8936
AUC: 0.9834
Expected Cost: 0.1277
Loss Function Used: nicme_hybrid
Total Test Samples: 564
Classes: benign, malignant

Detailed metrics saved to: results/binary_sota_convnext_base_test/binary_breakhis_smoke_nicme_a0p5_l0p1_binary_lr5e5_s43_05-05_01-57
============================================================
