Prepared manifest loaded — Train=3448, Val=410, Calibration=538, Test=564
cuda
Using model backend=timm type=binary_sota_convnext_base with 2 labels
Loaded initial checkpoint: checkpoints/binary_camera_ready_cost8_7_lr5e5_multiseed_20260505/binary_breakhis_smoke_ce_anchor_binary_lr5e5_s43/checkpoint-54/model.safetensors
Early stopping enabled with patience=3
Using device: cuda
{'loss': '1.347', 'grad_norm': '78.04', 'learning_rate': '9.904e-06', 'epoch': '0.1852'}
{'loss': '1.036', 'grad_norm': '46.18', 'learning_rate': '8.297e-06', 'epoch': '0.3704'}
{'loss': '1.263', 'grad_norm': '48.26', 'learning_rate': '5.327e-06', 'epoch': '0.5556'}
{'loss': '1.495', 'grad_norm': '77.74', 'learning_rate': '2.222e-06', 'epoch': '0.7407'}
{'loss': '1.237', 'grad_norm': '62.58', 'learning_rate': '2.653e-07', 'epoch': '0.9259'}
{'eval_loss': '0.9576', 'eval_accuracy': '0.8293', 'eval_f1': '0.8241', 'eval_balanced_accuracy': '0.8293', 'eval_macro_f1': '0.8241', 'eval_atc': '0.1707', 'eval_normalized_atc': '0.02439', 'eval_target_recall': '1', 'eval_target_recall_macro': '1', 'eval_target_fnr': '0', 'eval_selection_score': '0.02482', 'eval_selection_accuracy_value': '0.8293', 'eval_nll': '0.788', 'eval_brier': '0.3016', 'eval_ece': '0.1354', 'eval_auroc': '0.8752', 'eval_auprc': '0.8273', 'eval_runtime': '5.048', 'eval_samples_per_second': '81.22', 'eval_steps_per_second': '5.15', 'epoch': '1'}
CustomImageProcessor configuration saved to checkpoints/binary_camera_ready_cost8_7_lr5e5_multiseed_20260505/binary_breakhis_smoke_cost_sensitive_regularized_ce_lr5e5_s43/checkpoint-54/preprocessor_config.json
{'train_runtime': '45.28', 'train_samples_per_second': '76.15', 'train_steps_per_second': '1.193', 'train_loss': '1.295', 'epoch': '1'}
***** train metrics *****
  epoch                    =        1.0
  total_flos               =        0GF
  train_loss               =     1.2954
  train_runtime            = 0:00:45.27
  train_samples_per_second =     76.151
  train_steps_per_second   =      1.193
Using device: cuda

============================================================
PERFORMING COMPREHENSIVE EVALUATION
============================================================
Results will be saved to: results/binary_sota_convnext_base_test/binary_breakhis_smoke_cost_sensitive_regularized_ce_lr5e5_s43_05-05_02-02
Saving run configuration...
Run configuration saved to: results/binary_sota_convnext_base_test/binary_breakhis_smoke_cost_sensitive_regularized_ce_lr5e5_s43_05-05_02-02/run_configuration_20260505_020203.json
Running model evaluation...
Computing detailed metrics...
Saving metrics to files...
Metrics saved to: results/binary_sota_convnext_base_test/binary_breakhis_smoke_cost_sensitive_regularized_ce_lr5e5_s43_05-05_02-02/metrics_20260505_020215_cost_sensitive_regularized_ce.json and results/binary_sota_convnext_base_test/binary_breakhis_smoke_cost_sensitive_regularized_ce_lr5e5_s43_05-05_02-02/metrics_20260505_020215_cost_sensitive_regularized_ce.txt
Using provided class names: ['benign', 'malignant']
Skipping confusion matrix visualizations by configuration.

============================================================
TRAINING COMPLETED - RESULTS SUMMARY
============================================================
Output Directory: results/binary_sota_convnext_base_test/binary_breakhis_smoke_cost_sensitive_regularized_ce_lr5e5_s43_05-05_02-02
Overall Accuracy: 0.9131
Balanced Accuracy: 0.9131
Overall F1 Score: 0.9129
Kappa: 0.8262
AUC: 0.9776
Expected Cost: 0.2039
Loss Function Used: cost_sensitive_regularized_ce
Total Test Samples: 564
Classes: benign, malignant

Detailed metrics saved to: results/binary_sota_convnext_base_test/binary_breakhis_smoke_cost_sensitive_regularized_ce_lr5e5_s43_05-05_02-02
============================================================
