Prepared manifest loaded — Train=1940, Val=320, Calibration=300, Test=640
cuda
Using model backend=timm type=pmi20_sota_convnext_base with 20 labels
Early stopping enabled with patience=5
Using device: cuda
{'loss': '11.27', 'grad_norm': '23.46', 'learning_rate': '4.589e-05', 'epoch': '0.3279'}
{'loss': '7.997', 'grad_norm': '63.46', 'learning_rate': '2.066e-05', 'epoch': '0.6557'}
{'loss': '6.152', 'grad_norm': '35.44', 'learning_rate': '6.739e-07', 'epoch': '0.9836'}
{'eval_loss': '1.417', 'eval_accuracy': '0.6781', 'eval_f1': '0.6359', 'eval_balanced_accuracy': '0.6781', 'eval_macro_f1': '0.6359', 'eval_atc': '0.4625', 'eval_normalized_atc': '0.04625', 'eval_target_recall': '0', 'eval_target_recall_macro': '0.6719', 'eval_target_fnr': '0', 'eval_selection_score': '3.301', 'eval_selection_accuracy_value': '0.6781', 'eval_nll': '1.374', 'eval_brier': '0.5935', 'eval_ece': '0.3417', 'eval_auroc': '0', 'eval_auprc': '0', 'eval_runtime': '4.243', 'eval_samples_per_second': '75.42', 'eval_steps_per_second': '4.714', 'epoch': '1'}
CustomImageProcessor configuration saved to checkpoints/pmi20_alpha_lambda6_smoke_nicme_v3_extra_a0p5_l0p1_pmi20_lr5e5_s44/checkpoint-31/preprocessor_config.json
{'train_runtime': '29.87', 'train_samples_per_second': '64.95', 'train_steps_per_second': '1.038', 'train_loss': '8.275', 'epoch': '1'}
***** train metrics *****
  epoch                    =        1.0
  total_flos               =        0GF
  train_loss               =     8.2754
  train_runtime            = 0:00:29.87
  train_samples_per_second =     64.948
  train_steps_per_second   =      1.038
Using device: cuda

============================================================
PERFORMING COMPREHENSIVE EVALUATION
============================================================
Results will be saved to: results/pmi20_sota_convnext_base_test/pmi20_alpha_lambda6_smoke_nicme_v3_extra_a0p5_l0p1_pmi20_lr5e5_s44_05-04_14-17
Saving run configuration...
Run configuration saved to: results/pmi20_sota_convnext_base_test/pmi20_alpha_lambda6_smoke_nicme_v3_extra_a0p5_l0p1_pmi20_lr5e5_s44_05-04_14-17/run_configuration_20260504_141744.json
Running model evaluation...
Computing detailed metrics...
Saving metrics to files...
Metrics saved to: results/pmi20_sota_convnext_base_test/pmi20_alpha_lambda6_smoke_nicme_v3_extra_a0p5_l0p1_pmi20_lr5e5_s44_05-04_14-17/metrics_20260504_141802_nicme_v3_hybrid.json and results/pmi20_sota_convnext_base_test/pmi20_alpha_lambda6_smoke_nicme_v3_extra_a0p5_l0p1_pmi20_lr5e5_s44_05-04_14-17/metrics_20260504_141802_nicme_v3_hybrid.txt
Using provided class names: ['00378-0208', '00378-3855', '00591-0461', '16729-0020', '16729-0168', '50111-0434', '53489-0156', '53746-0544', '57664-0377', '62037-0831', '62037-0832', '64380-0803', '65162-0253', '67253-0901', '68382-0008', '68382-0227', '69097-0127', '69097-0128', '69315-0904', '69315-0905']
Skipping confusion matrix visualizations by configuration.

============================================================
TRAINING COMPLETED - RESULTS SUMMARY
============================================================
Output Directory: results/pmi20_sota_convnext_base_test/pmi20_alpha_lambda6_smoke_nicme_v3_extra_a0p5_l0p1_pmi20_lr5e5_s44_05-04_14-17
Overall Accuracy: 0.6844
Balanced Accuracy: 0.6844
Overall F1 Score: 0.6423
Kappa: 0.6678
AUC: 0.9801
Expected Cost: 0.5266
Loss Function Used: nicme_v3_hybrid
Total Test Samples: 640
Classes: 00378-0208, 00378-3855, 00591-0461, 16729-0020, 16729-0168, 50111-0434, 53489-0156, 53746-0544, 57664-0377, 62037-0831, 62037-0832, 64380-0803, 65162-0253, 67253-0901, 68382-0008, 68382-0227, 69097-0127, 69097-0128, 69315-0904, 69315-0905

Detailed metrics saved to: results/pmi20_sota_convnext_base_test/pmi20_alpha_lambda6_smoke_nicme_v3_extra_a0p5_l0p1_pmi20_lr5e5_s44_05-04_14-17
============================================================
