Prepared manifest loaded — Train=970, Val=310, Calibration=0, Test=320
cuda
Using model backend=timm type=pmi10_sota_convnext_base with 10 labels
Early stopping enabled with patience=5
Using device: cuda
{'loss': '9.265', 'grad_norm': '17.28', 'learning_rate': '5e-06', 'epoch': '0.6557'}
{'eval_loss': '2.16', 'eval_accuracy': '0.3806', 'eval_f1': '0.3539', 'eval_balanced_accuracy': '0.3806', 'eval_macro_f1': '0.3539', 'eval_atc': '1.242', 'eval_normalized_atc': '0.1242', 'eval_target_recall': '0.06452', 'eval_target_recall_macro': '0.3306', 'eval_target_fnr': '0.7419', 'eval_selection_score': '3.092', 'eval_selection_accuracy_value': '0.3806', 'eval_nll': '2.088', 'eval_brier': '0.8521', 'eval_ece': '0.2383', 'eval_auroc': '0', 'eval_auprc': '0', 'eval_runtime': '4.72', 'eval_samples_per_second': '65.68', 'eval_steps_per_second': '4.237', 'epoch': '1'}
CustomImageProcessor configuration saved to checkpoints/smoke_nicme_v3_hybrid_pretty_lr1e5_s42/checkpoint-16/preprocessor_config.json
{'train_runtime': '19.23', 'train_samples_per_second': '50.44', 'train_steps_per_second': '0.832', 'train_loss': '8.61', 'epoch': '1'}
***** train metrics *****
  epoch                    =        1.0
  total_flos               =        0GF
  train_loss               =     8.6098
  train_runtime            = 0:00:19.23
  train_samples_per_second =     50.441
  train_steps_per_second   =      0.832
Using device: cuda

============================================================
PERFORMING COMPREHENSIVE EVALUATION
============================================================
Results will be saved to: results/pmi10_sota_convnext_base_test/smoke_nicme_v3_hybrid_pretty_lr1e5_s42_05-02_21-52
Saving run configuration...
Run configuration saved to: results/pmi10_sota_convnext_base_test/smoke_nicme_v3_hybrid_pretty_lr1e5_s42_05-02_21-52/run_configuration_20260502_215220.json
Running model evaluation...
Computing detailed metrics...
Saving metrics to files...
Metrics saved to: results/pmi10_sota_convnext_base_test/smoke_nicme_v3_hybrid_pretty_lr1e5_s42_05-02_21-52/metrics_20260502_215228_nicme_v3_hybrid.json and results/pmi10_sota_convnext_base_test/smoke_nicme_v3_hybrid_pretty_lr1e5_s42_05-02_21-52/metrics_20260502_215228_nicme_v3_hybrid.txt
Using provided class names: ['00378-0208', '00378-3855', '00591-0461', '16729-0020', '50111-0434', '53489-0156', '53746-0544', '62037-0831', '68382-0008', '68382-0227']
Skipping confusion matrix visualizations by configuration.

============================================================
TRAINING COMPLETED - RESULTS SUMMARY
============================================================
Output Directory: results/pmi10_sota_convnext_base_test/smoke_nicme_v3_hybrid_pretty_lr1e5_s42_05-02_21-52
Overall Accuracy: 0.4188
Balanced Accuracy: 0.4188
Overall F1 Score: 0.3995
Kappa: 0.3542
AUC: 0.7983
Expected Cost: 1.1625
Loss Function Used: nicme_v3_hybrid
Total Test Samples: 320
Classes: 00378-0208, 00378-3855, 00591-0461, 16729-0020, 50111-0434, 53489-0156, 53746-0544, 62037-0831, 68382-0008, 68382-0227

Detailed metrics saved to: results/pmi10_sota_convnext_base_test/smoke_nicme_v3_hybrid_pretty_lr1e5_s42_05-02_21-52
============================================================
