Prepared manifest loaded — Train=970, Val=310, Calibration=0, Test=320
cuda
Using model backend=timm type=pmi10_convnext_base_fb_in22k_ft_in1k with 10 labels
Using device: cuda
{'loss': '9.401', 'grad_norm': '18.24', 'learning_rate': '5.879e-06', 'epoch': '0.6557'}
{'eval_loss': '2.106', 'eval_accuracy': '0.3645', 'eval_f1': '0.3452', 'eval_balanced_accuracy': '0.3645', 'eval_macro_f1': '0.3452', 'eval_atc': '1.526', 'eval_normalized_atc': '0.1526', 'eval_target_recall': '0.1613', 'eval_target_recall_macro': '0.3629', 'eval_target_fnr': '0.8065', 'eval_selection_score': '2.525', 'eval_selection_accuracy_value': '0.3645', 'eval_nll': '2.1', 'eval_brier': '0.8557', 'eval_ece': '0.2244', 'eval_auroc': '0', 'eval_auprc': '0', 'eval_runtime': '4.461', 'eval_samples_per_second': '69.5', 'eval_steps_per_second': '4.484', 'epoch': '1'}
CustomImageProcessor configuration saved to checkpoints/tpt-stress_convnext_base_fb_in22k_ft_in1k_tpt_nicme_v2_matched_nicme_hybrid_s42_locked/checkpoint-16/preprocessor_config.json
{'loss': '7.874', 'grad_norm': '18.07', 'learning_rate': '1.241e-05', 'epoch': '1.262'}
{'loss': '6.972', 'grad_norm': '25.25', 'learning_rate': '1.894e-05', 'epoch': '1.918'}
{'eval_loss': '1.398', 'eval_accuracy': '0.6032', 'eval_f1': '0.5722', 'eval_balanced_accuracy': '0.6032', 'eval_macro_f1': '0.5722', 'eval_atc': '0.9387', 'eval_normalized_atc': '0.09387', 'eval_target_recall': '0.4516', 'eval_target_recall_macro': '0.6774', 'eval_target_fnr': '0.2581', 'eval_selection_score': '0.9368', 'eval_selection_accuracy_value': '0.6032', 'eval_nll': '1.388', 'eval_brier': '0.6302', 'eval_ece': '0.2793', 'eval_auroc': '0', 'eval_auprc': '0', 'eval_runtime': '4.012', 'eval_samples_per_second': '77.26', 'eval_steps_per_second': '4.985', 'epoch': '2'}
CustomImageProcessor configuration saved to checkpoints/tpt-stress_convnext_base_fb_in22k_ft_in1k_tpt_nicme_v2_matched_nicme_hybrid_s42_locked/checkpoint-32/preprocessor_config.json
{'loss': '4.575', 'grad_norm': '21.94', 'learning_rate': '2.547e-05', 'epoch': '2.525'}
{'eval_loss': '0.7627', 'eval_accuracy': '0.7323', 'eval_f1': '0.7241', 'eval_balanced_accuracy': '0.7323', 'eval_macro_f1': '0.7241', 'eval_atc': '0.5581', 'eval_normalized_atc': '0.05581', 'eval_target_recall': '0.6129', 'eval_target_recall_macro': '0.8065', 'eval_target_fnr': '0.03226', 'eval_selection_score': '0.3901', 'eval_selection_accuracy_value': '0.7323', 'eval_nll': '0.7444', 'eval_brier': '0.3872', 'eval_ece': '0.1564', 'eval_auroc': '0', 'eval_auprc': '0', 'eval_runtime': '3.991', 'eval_samples_per_second': '77.67', 'eval_steps_per_second': '5.011', 'epoch': '3'}
CustomImageProcessor configuration saved to checkpoints/tpt-stress_convnext_base_fb_in22k_ft_in1k_tpt_nicme_v2_matched_nicme_hybrid_s42_locked/checkpoint-48/preprocessor_config.json
{'loss': '3.16', 'grad_norm': '149.4', 'learning_rate': '3.201e-05', 'epoch': '3.131'}
{'loss': '2.445', 'grad_norm': '45.9', 'learning_rate': '3.854e-05', 'epoch': '3.787'}
{'eval_loss': '0.5834', 'eval_accuracy': '0.7903', 'eval_f1': '0.7742', 'eval_balanced_accuracy': '0.7903', 'eval_macro_f1': '0.7742', 'eval_atc': '0.8194', 'eval_normalized_atc': '0.08194', 'eval_target_recall': '0.06452', 'eval_target_recall_macro': '0.7258', 'eval_target_fnr': '0', 'eval_selection_score': '2.874', 'eval_selection_accuracy_value': '0.7903', 'eval_nll': '0.5357', 'eval_brier': '0.2929', 'eval_ece': '0.1004', 'eval_auroc': '0', 'eval_auprc': '0', 'eval_runtime': '4.016', 'eval_samples_per_second': '77.2', 'eval_steps_per_second': '4.981', 'epoch': '4'}
CustomImageProcessor configuration saved to checkpoints/tpt-stress_convnext_base_fb_in22k_ft_in1k_tpt_nicme_v2_matched_nicme_hybrid_s42_locked/checkpoint-64/preprocessor_config.json
{'loss': '1.656', 'grad_norm': '55.42', 'learning_rate': '4.507e-05', 'epoch': '4.393'}
{'loss': '1.348', 'grad_norm': '35.67', 'learning_rate': '5.16e-05', 'epoch': '5'}
{'eval_loss': '0.4628', 'eval_accuracy': '0.8129', 'eval_f1': '0.7965', 'eval_balanced_accuracy': '0.8129', 'eval_macro_f1': '0.7965', 'eval_atc': '0.7742', 'eval_normalized_atc': '0.07742', 'eval_target_recall': '0.129', 'eval_target_recall_macro': '0.75', 'eval_target_fnr': '0', 'eval_selection_score': '2.455', 'eval_selection_accuracy_value': '0.8129', 'eval_nll': '0.414', 'eval_brier': '0.2415', 'eval_ece': '0.0734', 'eval_auroc': '0', 'eval_auprc': '0', 'eval_runtime': '4.12', 'eval_samples_per_second': '75.24', 'eval_steps_per_second': '4.854', 'epoch': '5'}
CustomImageProcessor configuration saved to checkpoints/tpt-stress_convnext_base_fb_in22k_ft_in1k_tpt_nicme_v2_matched_nicme_hybrid_s42_locked/checkpoint-80/preprocessor_config.json
{'loss': '0.8228', 'grad_norm': '22.08', 'learning_rate': '5.813e-05', 'epoch': '5.656'}
{'eval_loss': '0.1706', 'eval_accuracy': '0.9645', 'eval_f1': '0.9644', 'eval_balanced_accuracy': '0.9645', 'eval_macro_f1': '0.9644', 'eval_atc': '0.1516', 'eval_normalized_atc': '0.01516', 'eval_target_recall': '0.8387', 'eval_target_recall_macro': '0.9355', 'eval_target_fnr': '0', 'eval_selection_score': '0.03019', 'eval_selection_accuracy_value': '0.9645', 'eval_nll': '0.162', 'eval_brier': '0.06924', 'eval_ece': '0.07187', 'eval_auroc': '0', 'eval_auprc': '0', 'eval_runtime': '3.789', 'eval_samples_per_second': '81.82', 'eval_steps_per_second': '5.279', 'epoch': '6'}
CustomImageProcessor configuration saved to checkpoints/tpt-stress_convnext_base_fb_in22k_ft_in1k_tpt_nicme_v2_matched_nicme_hybrid_s42_locked/checkpoint-96/preprocessor_config.json
{'loss': '0.8347', 'grad_norm': '128.1', 'learning_rate': '6.467e-05', 'epoch': '6.262'}
{'loss': '0.5577', 'grad_norm': '32.98', 'learning_rate': '7.12e-05', 'epoch': '6.918'}
{'eval_loss': '0.1877', 'eval_accuracy': '0.9387', 'eval_f1': '0.9392', 'eval_balanced_accuracy': '0.9387', 'eval_macro_f1': '0.9392', 'eval_atc': '0.2323', 'eval_normalized_atc': '0.02323', 'eval_target_recall': '0.8387', 'eval_target_recall_macro': '0.9032', 'eval_target_fnr': '0', 'eval_selection_score': '0.03825', 'eval_selection_accuracy_value': '0.9387', 'eval_nll': '0.1796', 'eval_brier': '0.09281', 'eval_ece': '0.06054', 'eval_auroc': '0', 'eval_auprc': '0', 'eval_runtime': '4.121', 'eval_samples_per_second': '75.23', 'eval_steps_per_second': '4.854', 'epoch': '7'}
CustomImageProcessor configuration saved to checkpoints/tpt-stress_convnext_base_fb_in22k_ft_in1k_tpt_nicme_v2_matched_nicme_hybrid_s42_locked/checkpoint-112/preprocessor_config.json
{'loss': '0.5729', 'grad_norm': '30.86', 'learning_rate': '7.38e-05', 'epoch': '7.525'}
{'eval_loss': '0.1248', 'eval_accuracy': '0.9742', 'eval_f1': '0.9743', 'eval_balanced_accuracy': '0.9742', 'eval_macro_f1': '0.9743', 'eval_atc': '0.05484', 'eval_normalized_atc': '0.005484', 'eval_target_recall': '0.9355', 'eval_target_recall_macro': '0.9758', 'eval_target_fnr': '0', 'eval_selection_score': '0.005484', 'eval_selection_accuracy_value': '0.9742', 'eval_nll': '0.1198', 'eval_brier': '0.05061', 'eval_ece': '0.03639', 'eval_auroc': '0', 'eval_auprc': '0', 'eval_runtime': '4.018', 'eval_samples_per_second': '77.16', 'eval_steps_per_second': '4.978', 'epoch': '8'}
CustomImageProcessor configuration saved to checkpoints/tpt-stress_convnext_base_fb_in22k_ft_in1k_tpt_nicme_v2_matched_nicme_hybrid_s42_locked/checkpoint-128/preprocessor_config.json
{'loss': '0.5395', 'grad_norm': '12.23', 'learning_rate': '7.375e-05', 'epoch': '8.131'}
{'loss': '0.4498', 'grad_norm': '28.61', 'learning_rate': '7.366e-05', 'epoch': '8.787'}
{'eval_loss': '0.1573', 'eval_accuracy': '0.9355', 'eval_f1': '0.9352', 'eval_balanced_accuracy': '0.9355', 'eval_macro_f1': '0.9352', 'eval_atc': '0.1806', 'eval_normalized_atc': '0.01806', 'eval_target_recall': '0.871', 'eval_target_recall_macro': '0.9355', 'eval_target_fnr': '0', 'eval_selection_score': '0.02144', 'eval_selection_accuracy_value': '0.9355', 'eval_nll': '0.1491', 'eval_brier': '0.08447', 'eval_ece': '0.02161', 'eval_auroc': '0', 'eval_auprc': '0', 'eval_runtime': '3.933', 'eval_samples_per_second': '78.83', 'eval_steps_per_second': '5.086', 'epoch': '9'}
CustomImageProcessor configuration saved to checkpoints/tpt-stress_convnext_base_fb_in22k_ft_in1k_tpt_nicme_v2_matched_nicme_hybrid_s42_locked/checkpoint-144/preprocessor_config.json
{'loss': '0.3322', 'grad_norm': '35.4', 'learning_rate': '7.353e-05', 'epoch': '9.393'}
{'loss': '0.1681', 'grad_norm': '16.2', 'learning_rate': '7.335e-05', 'epoch': '10'}
{'eval_loss': '0.09618', 'eval_accuracy': '0.971', 'eval_f1': '0.9709', 'eval_balanced_accuracy': '0.971', 'eval_macro_f1': '0.9709', 'eval_atc': '0.05806', 'eval_normalized_atc': '0.005806', 'eval_target_recall': '0.9355', 'eval_target_recall_macro': '0.9758', 'eval_target_fnr': '0', 'eval_selection_score': '0.005806', 'eval_selection_accuracy_value': '0.971', 'eval_nll': '0.0906', 'eval_brier': '0.04653', 'eval_ece': '0.01845', 'eval_auroc': '0', 'eval_auprc': '0', 'eval_runtime': '4.458', 'eval_samples_per_second': '69.53', 'eval_steps_per_second': '4.486', 'epoch': '10'}
CustomImageProcessor configuration saved to checkpoints/tpt-stress_convnext_base_fb_in22k_ft_in1k_tpt_nicme_v2_matched_nicme_hybrid_s42_locked/checkpoint-160/preprocessor_config.json
{'loss': '0.236', 'grad_norm': '10.42', 'learning_rate': '7.312e-05', 'epoch': '10.66'}
{'eval_loss': '0.1176', 'eval_accuracy': '0.9645', 'eval_f1': '0.9628', 'eval_balanced_accuracy': '0.9645', 'eval_macro_f1': '0.9628', 'eval_atc': '0.06452', 'eval_normalized_atc': '0.006452', 'eval_target_recall': '0.6774', 'eval_target_recall_macro': '0.9194', 'eval_target_fnr': '0', 'eval_selection_score': '0.2046', 'eval_selection_accuracy_value': '0.9645', 'eval_nll': '0.1089', 'eval_brier': '0.05708', 'eval_ece': '0.02325', 'eval_auroc': '0', 'eval_auprc': '0', 'eval_runtime': '3.957', 'eval_samples_per_second': '78.34', 'eval_steps_per_second': '5.054', 'epoch': '11'}
CustomImageProcessor configuration saved to checkpoints/tpt-stress_convnext_base_fb_in22k_ft_in1k_tpt_nicme_v2_matched_nicme_hybrid_s42_locked/checkpoint-176/preprocessor_config.json
{'loss': '0.1957', 'grad_norm': '55.21', 'learning_rate': '7.286e-05', 'epoch': '11.26'}
{'loss': '0.2862', 'grad_norm': '13.56', 'learning_rate': '7.255e-05', 'epoch': '11.92'}
{'eval_loss': '0.07226', 'eval_accuracy': '0.9806', 'eval_f1': '0.9807', 'eval_balanced_accuracy': '0.9806', 'eval_macro_f1': '0.9807', 'eval_atc': '0.01935', 'eval_normalized_atc': '0.001935', 'eval_target_recall': '0.9355', 'eval_target_recall_macro': '0.9839', 'eval_target_fnr': '0', 'eval_selection_score': '0.001935', 'eval_selection_accuracy_value': '0.9806', 'eval_nll': '0.06901', 'eval_brier': '0.03289', 'eval_ece': '0.01782', 'eval_auroc': '0', 'eval_auprc': '0', 'eval_runtime': '4.115', 'eval_samples_per_second': '75.34', 'eval_steps_per_second': '4.861', 'epoch': '12'}
CustomImageProcessor configuration saved to checkpoints/tpt-stress_convnext_base_fb_in22k_ft_in1k_tpt_nicme_v2_matched_nicme_hybrid_s42_locked/checkpoint-192/preprocessor_config.json
{'loss': '0.1128', 'grad_norm': '26.86', 'learning_rate': '7.22e-05', 'epoch': '12.52'}
{'eval_loss': '0.1087', 'eval_accuracy': '0.9613', 'eval_f1': '0.9608', 'eval_balanced_accuracy': '0.9613', 'eval_macro_f1': '0.9608', 'eval_atc': '0.03871', 'eval_normalized_atc': '0.003871', 'eval_target_recall': '0.8065', 'eval_target_recall_macro': '0.9516', 'eval_target_fnr': '0', 'eval_selection_score': '0.03888', 'eval_selection_accuracy_value': '0.9613', 'eval_nll': '0.1042', 'eval_brier': '0.0538', 'eval_ece': '0.0191', 'eval_auroc': '0', 'eval_auprc': '0', 'eval_runtime': '4.068', 'eval_samples_per_second': '76.2', 'eval_steps_per_second': '4.916', 'epoch': '13'}
CustomImageProcessor configuration saved to checkpoints/tpt-stress_convnext_base_fb_in22k_ft_in1k_tpt_nicme_v2_matched_nicme_hybrid_s42_locked/checkpoint-208/preprocessor_config.json
{'loss': '0.06145', 'grad_norm': '17.95', 'learning_rate': '7.181e-05', 'epoch': '13.13'}
{'loss': '0.07556', 'grad_norm': '19.86', 'learning_rate': '7.137e-05', 'epoch': '13.79'}
{'eval_loss': '0.07376', 'eval_accuracy': '0.9677', 'eval_f1': '0.9677', 'eval_balanced_accuracy': '0.9677', 'eval_macro_f1': '0.9677', 'eval_atc': '0.05484', 'eval_normalized_atc': '0.005484', 'eval_target_recall': '0.9355', 'eval_target_recall_macro': '0.9758', 'eval_target_fnr': '0', 'eval_selection_score': '0.005484', 'eval_selection_accuracy_value': '0.9677', 'eval_nll': '0.07001', 'eval_brier': '0.0426', 'eval_ece': '0.01541', 'eval_auroc': '0', 'eval_auprc': '0', 'eval_runtime': '4.044', 'eval_samples_per_second': '76.66', 'eval_steps_per_second': '4.946', 'epoch': '14'}
CustomImageProcessor configuration saved to checkpoints/tpt-stress_convnext_base_fb_in22k_ft_in1k_tpt_nicme_v2_matched_nicme_hybrid_s42_locked/checkpoint-224/preprocessor_config.json
{'loss': '0.03677', 'grad_norm': '84.06', 'learning_rate': '7.09e-05', 'epoch': '14.39'}
{'loss': '0.1483', 'grad_norm': '0.3299', 'learning_rate': '7.038e-05', 'epoch': '15'}
{'eval_loss': '0.1126', 'eval_accuracy': '0.9774', 'eval_f1': '0.9772', 'eval_balanced_accuracy': '0.9774', 'eval_macro_f1': '0.9772', 'eval_atc': '0.05161', 'eval_normalized_atc': '0.005161', 'eval_target_recall': '0.871', 'eval_target_recall_macro': '0.9677', 'eval_target_fnr': '0', 'eval_selection_score': '0.008533', 'eval_selection_accuracy_value': '0.9774', 'eval_nll': '0.1004', 'eval_brier': '0.04075', 'eval_ece': '0.01401', 'eval_auroc': '0', 'eval_auprc': '0', 'eval_runtime': '4.102', 'eval_samples_per_second': '75.57', 'eval_steps_per_second': '4.875', 'epoch': '15'}
CustomImageProcessor configuration saved to checkpoints/tpt-stress_convnext_base_fb_in22k_ft_in1k_tpt_nicme_v2_matched_nicme_hybrid_s42_locked/checkpoint-240/preprocessor_config.json
{'loss': '0.1415', 'grad_norm': '113.9', 'learning_rate': '6.983e-05', 'epoch': '15.66'}
{'eval_loss': '0.1316', 'eval_accuracy': '0.9581', 'eval_f1': '0.9584', 'eval_balanced_accuracy': '0.9581', 'eval_macro_f1': '0.9584', 'eval_atc': '0.04194', 'eval_normalized_atc': '0.004194', 'eval_target_recall': '0.9032', 'eval_target_recall_macro': '0.9758', 'eval_target_fnr': '0', 'eval_selection_score': '0.004194', 'eval_selection_accuracy_value': '0.9581', 'eval_nll': '0.1232', 'eval_brier': '0.06232', 'eval_ece': '0.03052', 'eval_auroc': '0', 'eval_auprc': '0', 'eval_runtime': '4.146', 'eval_samples_per_second': '74.77', 'eval_steps_per_second': '4.824', 'epoch': '16'}
CustomImageProcessor configuration saved to checkpoints/tpt-stress_convnext_base_fb_in22k_ft_in1k_tpt_nicme_v2_matched_nicme_hybrid_s42_locked/checkpoint-256/preprocessor_config.json
{'loss': '0.1744', 'grad_norm': '57.19', 'learning_rate': '6.923e-05', 'epoch': '16.26'}
{'loss': '0.03793', 'grad_norm': '1.704', 'learning_rate': '6.86e-05', 'epoch': '16.92'}
{'eval_loss': '0.2523', 'eval_accuracy': '0.9452', 'eval_f1': '0.9441', 'eval_balanced_accuracy': '0.9452', 'eval_macro_f1': '0.9441', 'eval_atc': '0.08387', 'eval_normalized_atc': '0.008387', 'eval_target_recall': '0.9355', 'eval_target_recall_macro': '0.9758', 'eval_target_fnr': '0', 'eval_selection_score': '0.008387', 'eval_selection_accuracy_value': '0.9452', 'eval_nll': '0.2268', 'eval_brier': '0.08944', 'eval_ece': '0.03614', 'eval_auroc': '0', 'eval_auprc': '0', 'eval_runtime': '3.902', 'eval_samples_per_second': '79.44', 'eval_steps_per_second': '5.125', 'epoch': '17'}
CustomImageProcessor configuration saved to checkpoints/tpt-stress_convnext_base_fb_in22k_ft_in1k_tpt_nicme_v2_matched_nicme_hybrid_s42_locked/checkpoint-272/preprocessor_config.json
{'loss': '0.1788', 'grad_norm': '4.799', 'learning_rate': '6.793e-05', 'epoch': '17.52'}
{'eval_loss': '0.01665', 'eval_accuracy': '0.9903', 'eval_f1': '0.9903', 'eval_balanced_accuracy': '0.9903', 'eval_macro_f1': '0.9903', 'eval_atc': '0.009677', 'eval_normalized_atc': '0.0009677', 'eval_target_recall': '0.9677', 'eval_target_recall_macro': '0.9919', 'eval_target_fnr': '0', 'eval_selection_score': '0.0009677', 'eval_selection_accuracy_value': '0.9903', 'eval_nll': '0.01636', 'eval_brier': '0.008845', 'eval_ece': '0.009164', 'eval_auroc': '0', 'eval_auprc': '0', 'eval_runtime': '3.687', 'eval_samples_per_second': '84.07', 'eval_steps_per_second': '5.424', 'epoch': '18'}
CustomImageProcessor configuration saved to checkpoints/tpt-stress_convnext_base_fb_in22k_ft_in1k_tpt_nicme_v2_matched_nicme_hybrid_s42_locked/checkpoint-288/preprocessor_config.json
{'loss': '0.1407', 'grad_norm': '3.528', 'learning_rate': '6.722e-05', 'epoch': '18.13'}
{'loss': '0.1055', 'grad_norm': '1.087', 'learning_rate': '6.648e-05', 'epoch': '18.79'}
{'eval_loss': '0.04563', 'eval_accuracy': '0.9839', 'eval_f1': '0.9839', 'eval_balanced_accuracy': '0.9839', 'eval_macro_f1': '0.9839', 'eval_atc': '0.04516', 'eval_normalized_atc': '0.004516', 'eval_target_recall': '0.9677', 'eval_target_recall_macro': '0.9839', 'eval_target_fnr': '0', 'eval_selection_score': '0.004516', 'eval_selection_accuracy_value': '0.9839', 'eval_nll': '0.03492', 'eval_brier': '0.02044', 'eval_ece': '0.007918', 'eval_auroc': '0', 'eval_auprc': '0', 'eval_runtime': '4.063', 'eval_samples_per_second': '76.29', 'eval_steps_per_second': '4.922', 'epoch': '19'}
CustomImageProcessor configuration saved to checkpoints/tpt-stress_convnext_base_fb_in22k_ft_in1k_tpt_nicme_v2_matched_nicme_hybrid_s42_locked/checkpoint-304/preprocessor_config.json
{'loss': '0.008801', 'grad_norm': '0.1166', 'learning_rate': '6.57e-05', 'epoch': '19.39'}
{'loss': '0.009627', 'grad_norm': '0.04783', 'learning_rate': '6.488e-05', 'epoch': '20'}
{'eval_loss': '0.07806', 'eval_accuracy': '0.9742', 'eval_f1': '0.9741', 'eval_balanced_accuracy': '0.9742', 'eval_macro_f1': '0.9741', 'eval_atc': '0.07097', 'eval_normalized_atc': '0.007097', 'eval_target_recall': '0.9032', 'eval_target_recall_macro': '0.9597', 'eval_target_fnr': '0', 'eval_selection_score': '0.007097', 'eval_selection_accuracy_value': '0.9742', 'eval_nll': '0.07136', 'eval_brier': '0.03732', 'eval_ece': '0.01938', 'eval_auroc': '0', 'eval_auprc': '0', 'eval_runtime': '3.798', 'eval_samples_per_second': '81.61', 'eval_steps_per_second': '5.265', 'epoch': '20'}
CustomImageProcessor configuration saved to checkpoints/tpt-stress_convnext_base_fb_in22k_ft_in1k_tpt_nicme_v2_matched_nicme_hybrid_s42_locked/checkpoint-320/preprocessor_config.json
{'loss': '0.0685', 'grad_norm': '0.1748', 'learning_rate': '6.404e-05', 'epoch': '20.66'}
{'eval_loss': '0.03612', 'eval_accuracy': '0.9871', 'eval_f1': '0.9871', 'eval_balanced_accuracy': '0.9871', 'eval_macro_f1': '0.9871', 'eval_atc': '0.04194', 'eval_normalized_atc': '0.004194', 'eval_target_recall': '0.9355', 'eval_target_recall_macro': '0.9758', 'eval_target_fnr': '0', 'eval_selection_score': '0.004194', 'eval_selection_accuracy_value': '0.9871', 'eval_nll': '0.0276', 'eval_brier': '0.01755', 'eval_ece': '0.009918', 'eval_auroc': '0', 'eval_auprc': '0', 'eval_runtime': '4.05', 'eval_samples_per_second': '76.54', 'eval_steps_per_second': '4.938', 'epoch': '21'}
CustomImageProcessor configuration saved to checkpoints/tpt-stress_convnext_base_fb_in22k_ft_in1k_tpt_nicme_v2_matched_nicme_hybrid_s42_locked/checkpoint-336/preprocessor_config.json
{'loss': '0.003214', 'grad_norm': '0.612', 'learning_rate': '6.316e-05', 'epoch': '21.26'}
{'loss': '0.02511', 'grad_norm': '0.9226', 'learning_rate': '6.225e-05', 'epoch': '21.92'}
{'eval_loss': '0.02638', 'eval_accuracy': '0.9935', 'eval_f1': '0.9935', 'eval_balanced_accuracy': '0.9935', 'eval_macro_f1': '0.9935', 'eval_atc': '0.03548', 'eval_normalized_atc': '0.003548', 'eval_target_recall': '0.9677', 'eval_target_recall_macro': '0.9839', 'eval_target_fnr': '0', 'eval_selection_score': '0.003548', 'eval_selection_accuracy_value': '0.9935', 'eval_nll': '0.02068', 'eval_brier': '0.01269', 'eval_ece': '0.007087', 'eval_auroc': '0', 'eval_auprc': '0', 'eval_runtime': '3.812', 'eval_samples_per_second': '81.32', 'eval_steps_per_second': '5.246', 'epoch': '22'}
CustomImageProcessor configuration saved to checkpoints/tpt-stress_convnext_base_fb_in22k_ft_in1k_tpt_nicme_v2_matched_nicme_hybrid_s42_locked/checkpoint-352/preprocessor_config.json
{'loss': '0.002456', 'grad_norm': '0.298', 'learning_rate': '6.131e-05', 'epoch': '22.52'}
{'eval_loss': '0.07756', 'eval_accuracy': '0.9839', 'eval_f1': '0.9837', 'eval_balanced_accuracy': '0.9839', 'eval_macro_f1': '0.9837', 'eval_atc': '0.01613', 'eval_normalized_atc': '0.001613', 'eval_target_recall': '0.871', 'eval_target_recall_macro': '0.9677', 'eval_target_fnr': '0', 'eval_selection_score': '0.004984', 'eval_selection_accuracy_value': '0.9839', 'eval_nll': '0.07237', 'eval_brier': '0.02325', 'eval_ece': '0.01426', 'eval_auroc': '0', 'eval_auprc': '0', 'eval_runtime': '3.843', 'eval_samples_per_second': '80.66', 'eval_steps_per_second': '5.204', 'epoch': '23'}
CustomImageProcessor configuration saved to checkpoints/tpt-stress_convnext_base_fb_in22k_ft_in1k_tpt_nicme_v2_matched_nicme_hybrid_s42_locked/checkpoint-368/preprocessor_config.json
{'loss': '0.0695', 'grad_norm': '27.76', 'learning_rate': '6.034e-05', 'epoch': '23.13'}
{'loss': '0.09581', 'grad_norm': '125.4', 'learning_rate': '5.934e-05', 'epoch': '23.79'}
{'eval_loss': '0.0457', 'eval_accuracy': '0.9871', 'eval_f1': '0.9869', 'eval_balanced_accuracy': '0.9871', 'eval_macro_f1': '0.9869', 'eval_atc': '0.04194', 'eval_normalized_atc': '0.004194', 'eval_target_recall': '0.9032', 'eval_target_recall_macro': '0.9758', 'eval_target_fnr': '0', 'eval_selection_score': '0.004194', 'eval_selection_accuracy_value': '0.9871', 'eval_nll': '0.04133', 'eval_brier': '0.02124', 'eval_ece': '0.01295', 'eval_auroc': '0', 'eval_auprc': '0', 'eval_runtime': '3.715', 'eval_samples_per_second': '83.46', 'eval_steps_per_second': '5.384', 'epoch': '24'}
CustomImageProcessor configuration saved to checkpoints/tpt-stress_convnext_base_fb_in22k_ft_in1k_tpt_nicme_v2_matched_nicme_hybrid_s42_locked/checkpoint-384/preprocessor_config.json
{'loss': '0.002806', 'grad_norm': '2.474', 'learning_rate': '5.832e-05', 'epoch': '24.39'}
{'loss': '0.02555', 'grad_norm': '0.005865', 'learning_rate': '5.727e-05', 'epoch': '25'}
{'eval_loss': '0.003936', 'eval_accuracy': '1', 'eval_f1': '1', 'eval_balanced_accuracy': '1', 'eval_macro_f1': '1', 'eval_atc': '0', 'eval_normalized_atc': '0', 'eval_target_recall': '1', 'eval_target_recall_macro': '1', 'eval_target_fnr': '0', 'eval_selection_score': '0', 'eval_selection_accuracy_value': '1', 'eval_nll': '0.003918', 'eval_brier': '0.001322', 'eval_ece': '0.003402', 'eval_auroc': '0', 'eval_auprc': '0', 'eval_runtime': '3.975', 'eval_samples_per_second': '78', 'eval_steps_per_second': '5.032', 'epoch': '25'}
CustomImageProcessor configuration saved to checkpoints/tpt-stress_convnext_base_fb_in22k_ft_in1k_tpt_nicme_v2_matched_nicme_hybrid_s42_locked/checkpoint-400/preprocessor_config.json
{'loss': '0.009323', 'grad_norm': '0.04808', 'learning_rate': '5.62e-05', 'epoch': '25.66'}
{'eval_loss': '0.01779', 'eval_accuracy': '0.9903', 'eval_f1': '0.9903', 'eval_balanced_accuracy': '0.9903', 'eval_macro_f1': '0.9903', 'eval_atc': '0.009677', 'eval_normalized_atc': '0.0009677', 'eval_target_recall': '0.9355', 'eval_target_recall_macro': '0.9839', 'eval_target_fnr': '0', 'eval_selection_score': '0.0009677', 'eval_selection_accuracy_value': '0.9903', 'eval_nll': '0.01698', 'eval_brier': '0.01083', 'eval_ece': '0.008577', 'eval_auroc': '0', 'eval_auprc': '0', 'eval_runtime': '3.722', 'eval_samples_per_second': '83.3', 'eval_steps_per_second': '5.374', 'epoch': '26'}
CustomImageProcessor configuration saved to checkpoints/tpt-stress_convnext_base_fb_in22k_ft_in1k_tpt_nicme_v2_matched_nicme_hybrid_s42_locked/checkpoint-416/preprocessor_config.json
{'loss': '0.007382', 'grad_norm': '0.0963', 'learning_rate': '5.51e-05', 'epoch': '26.26'}
{'loss': '0.0006605', 'grad_norm': '0.2747', 'learning_rate': '5.398e-05', 'epoch': '26.92'}
{'eval_loss': '0.06864', 'eval_accuracy': '0.9903', 'eval_f1': '0.9903', 'eval_balanced_accuracy': '0.9903', 'eval_macro_f1': '0.9903', 'eval_atc': '0.009677', 'eval_normalized_atc': '0.0009677', 'eval_target_recall': '1', 'eval_target_recall_macro': '1', 'eval_target_fnr': '0', 'eval_selection_score': '0.0009677', 'eval_selection_accuracy_value': '0.9903', 'eval_nll': '0.06354', 'eval_brier': '0.02031', 'eval_ece': '0.01186', 'eval_auroc': '0', 'eval_auprc': '0', 'eval_runtime': '3.913', 'eval_samples_per_second': '79.22', 'eval_steps_per_second': '5.111', 'epoch': '27'}
CustomImageProcessor configuration saved to checkpoints/tpt-stress_convnext_base_fb_in22k_ft_in1k_tpt_nicme_v2_matched_nicme_hybrid_s42_locked/checkpoint-432/preprocessor_config.json
{'loss': '0.02787', 'grad_norm': '0.1454', 'learning_rate': '5.284e-05', 'epoch': '27.52'}
{'eval_loss': '0.007792', 'eval_accuracy': '0.9968', 'eval_f1': '0.9968', 'eval_balanced_accuracy': '0.9968', 'eval_macro_f1': '0.9968', 'eval_atc': '0.003226', 'eval_normalized_atc': '0.0003226', 'eval_target_recall': '0.9677', 'eval_target_recall_macro': '0.9919', 'eval_target_fnr': '0', 'eval_selection_score': '0.0003226', 'eval_selection_accuracy_value': '0.9968', 'eval_nll': '0.007523', 'eval_brier': '0.004498', 'eval_ece': '0.001994', 'eval_auroc': '0', 'eval_auprc': '0', 'eval_runtime': '4.179', 'eval_samples_per_second': '74.18', 'eval_steps_per_second': '4.786', 'epoch': '28'}
CustomImageProcessor configuration saved to checkpoints/tpt-stress_convnext_base_fb_in22k_ft_in1k_tpt_nicme_v2_matched_nicme_hybrid_s42_locked/checkpoint-448/preprocessor_config.json
{'loss': '0.0002171', 'grad_norm': '0.005595', 'learning_rate': '5.169e-05', 'epoch': '28.13'}
{'loss': '0.000145', 'grad_norm': '0.01006', 'learning_rate': '5.051e-05', 'epoch': '28.79'}
{'eval_loss': '0.0107', 'eval_accuracy': '0.9968', 'eval_f1': '0.9968', 'eval_balanced_accuracy': '0.9968', 'eval_macro_f1': '0.9968', 'eval_atc': '0.003226', 'eval_normalized_atc': '0.0003226', 'eval_target_recall': '0.9677', 'eval_target_recall_macro': '0.9919', 'eval_target_fnr': '0', 'eval_selection_score': '0.0003226', 'eval_selection_accuracy_value': '0.9968', 'eval_nll': '0.01034', 'eval_brier': '0.006563', 'eval_ece': '0.006357', 'eval_auroc': '0', 'eval_auprc': '0', 'eval_runtime': '3.59', 'eval_samples_per_second': '86.35', 'eval_steps_per_second': '5.571', 'epoch': '29'}
CustomImageProcessor configuration saved to checkpoints/tpt-stress_convnext_base_fb_in22k_ft_in1k_tpt_nicme_v2_matched_nicme_hybrid_s42_locked/checkpoint-464/preprocessor_config.json
{'loss': '0.0001736', 'grad_norm': '0.006652', 'learning_rate': '4.932e-05', 'epoch': '29.39'}
{'loss': '0.0005475', 'grad_norm': '0.001233', 'learning_rate': '4.812e-05', 'epoch': '30'}
{'eval_loss': '0.01314', 'eval_accuracy': '0.9968', 'eval_f1': '0.9968', 'eval_balanced_accuracy': '0.9968', 'eval_macro_f1': '0.9968', 'eval_atc': '0.003226', 'eval_normalized_atc': '0.0003226', 'eval_target_recall': '0.9677', 'eval_target_recall_macro': '0.9919', 'eval_target_fnr': '0', 'eval_selection_score': '0.0003226', 'eval_selection_accuracy_value': '0.9968', 'eval_nll': '0.01246', 'eval_brier': '0.007277', 'eval_ece': '0.006225', 'eval_auroc': '0', 'eval_auprc': '0', 'eval_runtime': '3.848', 'eval_samples_per_second': '80.56', 'eval_steps_per_second': '5.198', 'epoch': '30'}
CustomImageProcessor configuration saved to checkpoints/tpt-stress_convnext_base_fb_in22k_ft_in1k_tpt_nicme_v2_matched_nicme_hybrid_s42_locked/checkpoint-480/preprocessor_config.json
{'loss': '0.000773', 'grad_norm': '0.2079', 'learning_rate': '4.69e-05', 'epoch': '30.66'}
{'eval_loss': '0.01664', 'eval_accuracy': '0.9935', 'eval_f1': '0.9935', 'eval_balanced_accuracy': '0.9935', 'eval_macro_f1': '0.9935', 'eval_atc': '0.006452', 'eval_normalized_atc': '0.0006452', 'eval_target_recall': '0.9355', 'eval_target_recall_macro': '0.9839', 'eval_target_fnr': '0', 'eval_selection_score': '0.0006452', 'eval_selection_accuracy_value': '0.9935', 'eval_nll': '0.01575', 'eval_brier': '0.009162', 'eval_ece': '0.006373', 'eval_auroc': '0', 'eval_auprc': '0', 'eval_runtime': '3.86', 'eval_samples_per_second': '80.3', 'eval_steps_per_second': '5.181', 'epoch': '31'}
CustomImageProcessor configuration saved to checkpoints/tpt-stress_convnext_base_fb_in22k_ft_in1k_tpt_nicme_v2_matched_nicme_hybrid_s42_locked/checkpoint-496/preprocessor_config.json
{'loss': '0.0001618', 'grad_norm': '0.005663', 'learning_rate': '4.567e-05', 'epoch': '31.26'}
{'loss': '0.0001342', 'grad_norm': '0.004816', 'learning_rate': '4.442e-05', 'epoch': '31.92'}
{'eval_loss': '0.02112', 'eval_accuracy': '0.9903', 'eval_f1': '0.9902', 'eval_balanced_accuracy': '0.9903', 'eval_macro_f1': '0.9902', 'eval_atc': '0.03871', 'eval_normalized_atc': '0.003871', 'eval_target_recall': '0.9032', 'eval_target_recall_macro': '0.9758', 'eval_target_fnr': '0', 'eval_selection_score': '0.003871', 'eval_selection_accuracy_value': '0.9903', 'eval_nll': '0.01931', 'eval_brier': '0.01175', 'eval_ece': '0.007758', 'eval_auroc': '0', 'eval_auprc': '0', 'eval_runtime': '4.389', 'eval_samples_per_second': '70.63', 'eval_steps_per_second': '4.557', 'epoch': '32'}
CustomImageProcessor configuration saved to checkpoints/tpt-stress_convnext_base_fb_in22k_ft_in1k_tpt_nicme_v2_matched_nicme_hybrid_s42_locked/checkpoint-512/preprocessor_config.json
{'loss': '0.0001822', 'grad_norm': '0.1981', 'learning_rate': '4.317e-05', 'epoch': '32.52'}
{'eval_loss': '0.0071', 'eval_accuracy': '0.9968', 'eval_f1': '0.9968', 'eval_balanced_accuracy': '0.9968', 'eval_macro_f1': '0.9968', 'eval_atc': '0.003226', 'eval_normalized_atc': '0.0003226', 'eval_target_recall': '0.9677', 'eval_target_recall_macro': '0.9919', 'eval_target_fnr': '0', 'eval_selection_score': '0.0003226', 'eval_selection_accuracy_value': '0.9968', 'eval_nll': '0.006867', 'eval_brier': '0.004312', 'eval_ece': '0.004318', 'eval_auroc': '0', 'eval_auprc': '0', 'eval_runtime': '3.576', 'eval_samples_per_second': '86.68', 'eval_steps_per_second': '5.592', 'epoch': '33'}
CustomImageProcessor configuration saved to checkpoints/tpt-stress_convnext_base_fb_in22k_ft_in1k_tpt_nicme_v2_matched_nicme_hybrid_s42_locked/checkpoint-528/preprocessor_config.json
{'loss': '8.989e-05', 'grad_norm': '0.009365', 'learning_rate': '4.192e-05', 'epoch': '33.13'}
{'loss': '0.0001148', 'grad_norm': '0.01292', 'learning_rate': '4.065e-05', 'epoch': '33.79'}
{'eval_loss': '0.005924', 'eval_accuracy': '0.9968', 'eval_f1': '0.9968', 'eval_balanced_accuracy': '0.9968', 'eval_macro_f1': '0.9968', 'eval_atc': '0.003226', 'eval_normalized_atc': '0.0003226', 'eval_target_recall': '0.9677', 'eval_target_recall_macro': '0.9919', 'eval_target_fnr': '0', 'eval_selection_score': '0.0003226', 'eval_selection_accuracy_value': '0.9968', 'eval_nll': '0.005744', 'eval_brier': '0.003604', 'eval_ece': '0.001969', 'eval_auroc': '0', 'eval_auprc': '0', 'eval_runtime': '3.925', 'eval_samples_per_second': '78.98', 'eval_steps_per_second': '5.095', 'epoch': '34'}
CustomImageProcessor configuration saved to checkpoints/tpt-stress_convnext_base_fb_in22k_ft_in1k_tpt_nicme_v2_matched_nicme_hybrid_s42_locked/checkpoint-544/preprocessor_config.json
{'loss': '0.0001645', 'grad_norm': '0.01133', 'learning_rate': '3.939e-05', 'epoch': '34.39'}
{'loss': '0.0001479', 'grad_norm': '0.0008875', 'learning_rate': '3.811e-05', 'epoch': '35'}
{'eval_loss': '0.009483', 'eval_accuracy': '0.9935', 'eval_f1': '0.9935', 'eval_balanced_accuracy': '0.9935', 'eval_macro_f1': '0.9935', 'eval_atc': '0.03548', 'eval_normalized_atc': '0.003548', 'eval_target_recall': '0.9355', 'eval_target_recall_macro': '0.9839', 'eval_target_fnr': '0', 'eval_selection_score': '0.003548', 'eval_selection_accuracy_value': '0.9935', 'eval_nll': '0.008922', 'eval_brier': '0.005993', 'eval_ece': '0.003374', 'eval_auroc': '0', 'eval_auprc': '0', 'eval_runtime': '3.6', 'eval_samples_per_second': '86.11', 'eval_steps_per_second': '5.556', 'epoch': '35'}
CustomImageProcessor configuration saved to checkpoints/tpt-stress_convnext_base_fb_in22k_ft_in1k_tpt_nicme_v2_matched_nicme_hybrid_s42_locked/checkpoint-560/preprocessor_config.json
{'loss': '8.995e-05', 'grad_norm': '0.02652', 'learning_rate': '3.684e-05', 'epoch': '35.66'}
{'eval_loss': '0.02773', 'eval_accuracy': '0.9871', 'eval_f1': '0.987', 'eval_balanced_accuracy': '0.9871', 'eval_macro_f1': '0.987', 'eval_atc': '0.04194', 'eval_normalized_atc': '0.004194', 'eval_target_recall': '0.9355', 'eval_target_recall_macro': '0.9839', 'eval_target_fnr': '0', 'eval_selection_score': '0.004194', 'eval_selection_accuracy_value': '0.9871', 'eval_nll': '0.02363', 'eval_brier': '0.01461', 'eval_ece': '0.009552', 'eval_auroc': '0', 'eval_auprc': '0', 'eval_runtime': '3.917', 'eval_samples_per_second': '79.15', 'eval_steps_per_second': '5.107', 'epoch': '36'}
CustomImageProcessor configuration saved to checkpoints/tpt-stress_convnext_base_fb_in22k_ft_in1k_tpt_nicme_v2_matched_nicme_hybrid_s42_locked/checkpoint-576/preprocessor_config.json
{'loss': '0.0001455', 'grad_norm': '0.003017', 'learning_rate': '3.557e-05', 'epoch': '36.26'}
{'loss': '8.636e-05', 'grad_norm': '0.003333', 'learning_rate': '3.43e-05', 'epoch': '36.92'}
{'eval_loss': '0.007761', 'eval_accuracy': '0.9968', 'eval_f1': '0.9968', 'eval_balanced_accuracy': '0.9968', 'eval_macro_f1': '0.9968', 'eval_atc': '0.003226', 'eval_normalized_atc': '0.0003226', 'eval_target_recall': '0.9677', 'eval_target_recall_macro': '0.9919', 'eval_target_fnr': '0', 'eval_selection_score': '0.0003226', 'eval_selection_accuracy_value': '0.9968', 'eval_nll': '0.007509', 'eval_brier': '0.004916', 'eval_ece': '0.003109', 'eval_auroc': '0', 'eval_auprc': '0', 'eval_runtime': '3.806', 'eval_samples_per_second': '81.45', 'eval_steps_per_second': '5.255', 'epoch': '37'}
CustomImageProcessor configuration saved to checkpoints/tpt-stress_convnext_base_fb_in22k_ft_in1k_tpt_nicme_v2_matched_nicme_hybrid_s42_locked/checkpoint-592/preprocessor_config.json
{'loss': '8.434e-05', 'grad_norm': '0.002129', 'learning_rate': '3.303e-05', 'epoch': '37.52'}
{'eval_loss': '0.007641', 'eval_accuracy': '0.9968', 'eval_f1': '0.9968', 'eval_balanced_accuracy': '0.9968', 'eval_macro_f1': '0.9968', 'eval_atc': '0.003226', 'eval_normalized_atc': '0.0003226', 'eval_target_recall': '0.9677', 'eval_target_recall_macro': '0.9919', 'eval_target_fnr': '0', 'eval_selection_score': '0.0003226', 'eval_selection_accuracy_value': '0.9968', 'eval_nll': '0.007385', 'eval_brier': '0.004679', 'eval_ece': '0.003047', 'eval_auroc': '0', 'eval_auprc': '0', 'eval_runtime': '3.466', 'eval_samples_per_second': '89.44', 'eval_steps_per_second': '5.77', 'epoch': '38'}
CustomImageProcessor configuration saved to checkpoints/tpt-stress_convnext_base_fb_in22k_ft_in1k_tpt_nicme_v2_matched_nicme_hybrid_s42_locked/checkpoint-608/preprocessor_config.json
{'loss': '9.018e-05', 'grad_norm': '0.1281', 'learning_rate': '3.177e-05', 'epoch': '38.13'}
{'loss': '9.058e-05', 'grad_norm': '0.001438', 'learning_rate': '3.051e-05', 'epoch': '38.79'}
{'eval_loss': '0.007555', 'eval_accuracy': '0.9968', 'eval_f1': '0.9968', 'eval_balanced_accuracy': '0.9968', 'eval_macro_f1': '0.9968', 'eval_atc': '0.003226', 'eval_normalized_atc': '0.0003226', 'eval_target_recall': '0.9677', 'eval_target_recall_macro': '0.9919', 'eval_target_fnr': '0', 'eval_selection_score': '0.0003226', 'eval_selection_accuracy_value': '0.9968', 'eval_nll': '0.007348', 'eval_brier': '0.004935', 'eval_ece': '0.004923', 'eval_auroc': '0', 'eval_auprc': '0', 'eval_runtime': '4.048', 'eval_samples_per_second': '76.59', 'eval_steps_per_second': '4.941', 'epoch': '39'}
CustomImageProcessor configuration saved to checkpoints/tpt-stress_convnext_base_fb_in22k_ft_in1k_tpt_nicme_v2_matched_nicme_hybrid_s42_locked/checkpoint-624/preprocessor_config.json
{'loss': '6.832e-05', 'grad_norm': '0.001778', 'learning_rate': '2.926e-05', 'epoch': '39.39'}
{'loss': '6.428e-05', 'grad_norm': '0.0006418', 'learning_rate': '2.802e-05', 'epoch': '40'}
{'eval_loss': '0.007709', 'eval_accuracy': '0.9935', 'eval_f1': '0.9935', 'eval_balanced_accuracy': '0.9935', 'eval_macro_f1': '0.9935', 'eval_atc': '0.03548', 'eval_normalized_atc': '0.003548', 'eval_target_recall': '0.9355', 'eval_target_recall_macro': '0.9839', 'eval_target_fnr': '0', 'eval_selection_score': '0.003548', 'eval_selection_accuracy_value': '0.9935', 'eval_nll': '0.007409', 'eval_brier': '0.004987', 'eval_ece': '0.00484', 'eval_auroc': '0', 'eval_auprc': '0', 'eval_runtime': '3.741', 'eval_samples_per_second': '82.86', 'eval_steps_per_second': '5.346', 'epoch': '40'}
CustomImageProcessor configuration saved to checkpoints/tpt-stress_convnext_base_fb_in22k_ft_in1k_tpt_nicme_v2_matched_nicme_hybrid_s42_locked/checkpoint-640/preprocessor_config.json
{'loss': '7.145e-05', 'grad_norm': '0.003212', 'learning_rate': '2.679e-05', 'epoch': '40.66'}
{'eval_loss': '0.007893', 'eval_accuracy': '0.9935', 'eval_f1': '0.9935', 'eval_balanced_accuracy': '0.9935', 'eval_macro_f1': '0.9935', 'eval_atc': '0.03548', 'eval_normalized_atc': '0.003548', 'eval_target_recall': '0.9355', 'eval_target_recall_macro': '0.9839', 'eval_target_fnr': '0', 'eval_selection_score': '0.003548', 'eval_selection_accuracy_value': '0.9935', 'eval_nll': '0.007498', 'eval_brier': '0.005056', 'eval_ece': '0.00486', 'eval_auroc': '0', 'eval_auprc': '0', 'eval_runtime': '4.036', 'eval_samples_per_second': '76.81', 'eval_steps_per_second': '4.955', 'epoch': '41'}
CustomImageProcessor configuration saved to checkpoints/tpt-stress_convnext_base_fb_in22k_ft_in1k_tpt_nicme_v2_matched_nicme_hybrid_s42_locked/checkpoint-656/preprocessor_config.json
{'loss': '6.328e-05', 'grad_norm': '0.01031', 'learning_rate': '2.557e-05', 'epoch': '41.26'}
{'loss': '6.884e-05', 'grad_norm': '0.001295', 'learning_rate': '2.437e-05', 'epoch': '41.92'}
{'eval_loss': '0.007599', 'eval_accuracy': '0.9935', 'eval_f1': '0.9935', 'eval_balanced_accuracy': '0.9935', 'eval_macro_f1': '0.9935', 'eval_atc': '0.03548', 'eval_normalized_atc': '0.003548', 'eval_target_recall': '0.9355', 'eval_target_recall_macro': '0.9839', 'eval_target_fnr': '0', 'eval_selection_score': '0.003548', 'eval_selection_accuracy_value': '0.9935', 'eval_nll': '0.007314', 'eval_brier': '0.004872', 'eval_ece': '0.004757', 'eval_auroc': '0', 'eval_auprc': '0', 'eval_runtime': '4.189', 'eval_samples_per_second': '74.01', 'eval_steps_per_second': '4.775', 'epoch': '42'}
CustomImageProcessor configuration saved to checkpoints/tpt-stress_convnext_base_fb_in22k_ft_in1k_tpt_nicme_v2_matched_nicme_hybrid_s42_locked/checkpoint-672/preprocessor_config.json
{'loss': '6.448e-05', 'grad_norm': '0.005253', 'learning_rate': '2.318e-05', 'epoch': '42.52'}
{'eval_loss': '0.007221', 'eval_accuracy': '0.9968', 'eval_f1': '0.9968', 'eval_balanced_accuracy': '0.9968', 'eval_macro_f1': '0.9968', 'eval_atc': '0.003226', 'eval_normalized_atc': '0.0003226', 'eval_target_recall': '0.9677', 'eval_target_recall_macro': '0.9919', 'eval_target_fnr': '0', 'eval_selection_score': '0.0003226', 'eval_selection_accuracy_value': '0.9968', 'eval_nll': '0.007053', 'eval_brier': '0.004647', 'eval_ece': '0.00481', 'eval_auroc': '0', 'eval_auprc': '0', 'eval_runtime': '4.154', 'eval_samples_per_second': '74.63', 'eval_steps_per_second': '4.815', 'epoch': '43'}
CustomImageProcessor configuration saved to checkpoints/tpt-stress_convnext_base_fb_in22k_ft_in1k_tpt_nicme_v2_matched_nicme_hybrid_s42_locked/checkpoint-688/preprocessor_config.json
{'loss': '6.772e-05', 'grad_norm': '0.001926', 'learning_rate': '2.201e-05', 'epoch': '43.13'}
{'loss': '6.605e-05', 'grad_norm': '0.001434', 'learning_rate': '2.085e-05', 'epoch': '43.79'}
{'eval_loss': '0.00707', 'eval_accuracy': '0.9968', 'eval_f1': '0.9968', 'eval_balanced_accuracy': '0.9968', 'eval_macro_f1': '0.9968', 'eval_atc': '0.003226', 'eval_normalized_atc': '0.0003226', 'eval_target_recall': '0.9677', 'eval_target_recall_macro': '0.9919', 'eval_target_fnr': '0', 'eval_selection_score': '0.0003226', 'eval_selection_accuracy_value': '0.9968', 'eval_nll': '0.006906', 'eval_brier': '0.004519', 'eval_ece': '0.004738', 'eval_auroc': '0', 'eval_auprc': '0', 'eval_runtime': '3.521', 'eval_samples_per_second': '88.05', 'eval_steps_per_second': '5.681', 'epoch': '44'}
CustomImageProcessor configuration saved to checkpoints/tpt-stress_convnext_base_fb_in22k_ft_in1k_tpt_nicme_v2_matched_nicme_hybrid_s42_locked/checkpoint-704/preprocessor_config.json
{'loss': '5.57e-05', 'grad_norm': '0.001285', 'learning_rate': '1.972e-05', 'epoch': '44.39'}
{'loss': '5.834e-05', 'grad_norm': '0.0006049', 'learning_rate': '1.86e-05', 'epoch': '45'}
{'eval_loss': '0.007039', 'eval_accuracy': '0.9968', 'eval_f1': '0.9968', 'eval_balanced_accuracy': '0.9968', 'eval_macro_f1': '0.9968', 'eval_atc': '0.003226', 'eval_normalized_atc': '0.0003226', 'eval_target_recall': '0.9677', 'eval_target_recall_macro': '0.9919', 'eval_target_fnr': '0', 'eval_selection_score': '0.0003226', 'eval_selection_accuracy_value': '0.9968', 'eval_nll': '0.00688', 'eval_brier': '0.004486', 'eval_ece': '0.004728', 'eval_auroc': '0', 'eval_auprc': '0', 'eval_runtime': '3.536', 'eval_samples_per_second': '87.68', 'eval_steps_per_second': '5.657', 'epoch': '45'}
CustomImageProcessor configuration saved to checkpoints/tpt-stress_convnext_base_fb_in22k_ft_in1k_tpt_nicme_v2_matched_nicme_hybrid_s42_locked/checkpoint-720/preprocessor_config.json
{'loss': '6.417e-05', 'grad_norm': '0.001896', 'learning_rate': '1.751e-05', 'epoch': '45.66'}
{'eval_loss': '0.006977', 'eval_accuracy': '0.9968', 'eval_f1': '0.9968', 'eval_balanced_accuracy': '0.9968', 'eval_macro_f1': '0.9968', 'eval_atc': '0.003226', 'eval_normalized_atc': '0.0003226', 'eval_target_recall': '0.9677', 'eval_target_recall_macro': '0.9919', 'eval_target_fnr': '0', 'eval_selection_score': '0.0003226', 'eval_selection_accuracy_value': '0.9968', 'eval_nll': '0.006822', 'eval_brier': '0.004427', 'eval_ece': '0.004703', 'eval_auroc': '0', 'eval_auprc': '0', 'eval_runtime': '3.776', 'eval_samples_per_second': '82.09', 'eval_steps_per_second': '5.296', 'epoch': '46'}
CustomImageProcessor configuration saved to checkpoints/tpt-stress_convnext_base_fb_in22k_ft_in1k_tpt_nicme_v2_matched_nicme_hybrid_s42_locked/checkpoint-736/preprocessor_config.json
{'loss': '5.681e-05', 'grad_norm': '0.003882', 'learning_rate': '1.643e-05', 'epoch': '46.26'}
{'loss': '6.746e-05', 'grad_norm': '0.0015', 'learning_rate': '1.539e-05', 'epoch': '46.92'}
{'eval_loss': '0.007076', 'eval_accuracy': '0.9968', 'eval_f1': '0.9968', 'eval_balanced_accuracy': '0.9968', 'eval_macro_f1': '0.9968', 'eval_atc': '0.003226', 'eval_normalized_atc': '0.0003226', 'eval_target_recall': '0.9677', 'eval_target_recall_macro': '0.9919', 'eval_target_fnr': '0', 'eval_selection_score': '0.0003226', 'eval_selection_accuracy_value': '0.9968', 'eval_nll': '0.006911', 'eval_brier': '0.004522', 'eval_ece': '0.004729', 'eval_auroc': '0', 'eval_auprc': '0', 'eval_runtime': '3.939', 'eval_samples_per_second': '78.7', 'eval_steps_per_second': '5.077', 'epoch': '47'}
CustomImageProcessor configuration saved to checkpoints/tpt-stress_convnext_base_fb_in22k_ft_in1k_tpt_nicme_v2_matched_nicme_hybrid_s42_locked/checkpoint-752/preprocessor_config.json
{'loss': '5.491e-05', 'grad_norm': '0.002707', 'learning_rate': '1.437e-05', 'epoch': '47.52'}
{'eval_loss': '0.007082', 'eval_accuracy': '0.9968', 'eval_f1': '0.9968', 'eval_balanced_accuracy': '0.9968', 'eval_macro_f1': '0.9968', 'eval_atc': '0.003226', 'eval_normalized_atc': '0.0003226', 'eval_target_recall': '0.9677', 'eval_target_recall_macro': '0.9919', 'eval_target_fnr': '0', 'eval_selection_score': '0.0003226', 'eval_selection_accuracy_value': '0.9968', 'eval_nll': '0.006916', 'eval_brier': '0.00453', 'eval_ece': '0.004729', 'eval_auroc': '0', 'eval_auprc': '0', 'eval_runtime': '4.119', 'eval_samples_per_second': '75.26', 'eval_steps_per_second': '4.856', 'epoch': '48'}
CustomImageProcessor configuration saved to checkpoints/tpt-stress_convnext_base_fb_in22k_ft_in1k_tpt_nicme_v2_matched_nicme_hybrid_s42_locked/checkpoint-768/preprocessor_config.json
{'loss': '5.608e-05', 'grad_norm': '0.004767', 'learning_rate': '1.337e-05', 'epoch': '48.13'}
{'loss': '5.986e-05', 'grad_norm': '0.00236', 'learning_rate': '1.241e-05', 'epoch': '48.79'}
{'eval_loss': '0.00696', 'eval_accuracy': '0.9968', 'eval_f1': '0.9968', 'eval_balanced_accuracy': '0.9968', 'eval_macro_f1': '0.9968', 'eval_atc': '0.003226', 'eval_normalized_atc': '0.0003226', 'eval_target_recall': '0.9677', 'eval_target_recall_macro': '0.9919', 'eval_target_fnr': '0', 'eval_selection_score': '0.0003226', 'eval_selection_accuracy_value': '0.9968', 'eval_nll': '0.0068', 'eval_brier': '0.004422', 'eval_ece': '0.004676', 'eval_auroc': '0', 'eval_auprc': '0', 'eval_runtime': '4.037', 'eval_samples_per_second': '76.79', 'eval_steps_per_second': '4.954', 'epoch': '49'}
CustomImageProcessor configuration saved to checkpoints/tpt-stress_convnext_base_fb_in22k_ft_in1k_tpt_nicme_v2_matched_nicme_hybrid_s42_locked/checkpoint-784/preprocessor_config.json
{'loss': '5.355e-05', 'grad_norm': '0.001343', 'learning_rate': '1.147e-05', 'epoch': '49.39'}
{'loss': '6.211e-05', 'grad_norm': '0.000419', 'learning_rate': '1.056e-05', 'epoch': '50'}
{'eval_loss': '0.006924', 'eval_accuracy': '0.9968', 'eval_f1': '0.9968', 'eval_balanced_accuracy': '0.9968', 'eval_macro_f1': '0.9968', 'eval_atc': '0.003226', 'eval_normalized_atc': '0.0003226', 'eval_target_recall': '0.9677', 'eval_target_recall_macro': '0.9919', 'eval_target_fnr': '0', 'eval_selection_score': '0.0003226', 'eval_selection_accuracy_value': '0.9968', 'eval_nll': '0.00677', 'eval_brier': '0.004389', 'eval_ece': '0.00467', 'eval_auroc': '0', 'eval_auprc': '0', 'eval_runtime': '3.779', 'eval_samples_per_second': '82.03', 'eval_steps_per_second': '5.292', 'epoch': '50'}
CustomImageProcessor configuration saved to checkpoints/tpt-stress_convnext_base_fb_in22k_ft_in1k_tpt_nicme_v2_matched_nicme_hybrid_s42_locked/checkpoint-800/preprocessor_config.json
{'loss': '5.618e-05', 'grad_norm': '0.002384', 'learning_rate': '9.688e-06', 'epoch': '50.66'}
{'eval_loss': '0.006965', 'eval_accuracy': '0.9968', 'eval_f1': '0.9968', 'eval_balanced_accuracy': '0.9968', 'eval_macro_f1': '0.9968', 'eval_atc': '0.003226', 'eval_normalized_atc': '0.0003226', 'eval_target_recall': '0.9677', 'eval_target_recall_macro': '0.9919', 'eval_target_fnr': '0', 'eval_selection_score': '0.0003226', 'eval_selection_accuracy_value': '0.9968', 'eval_nll': '0.006815', 'eval_brier': '0.004418', 'eval_ece': '0.0047', 'eval_auroc': '0', 'eval_auprc': '0', 'eval_runtime': '3.771', 'eval_samples_per_second': '82.22', 'eval_steps_per_second': '5.304', 'epoch': '51'}
CustomImageProcessor configuration saved to checkpoints/tpt-stress_convnext_base_fb_in22k_ft_in1k_tpt_nicme_v2_matched_nicme_hybrid_s42_locked/checkpoint-816/preprocessor_config.json
{'loss': '5.227e-05', 'grad_norm': '0.001637', 'learning_rate': '8.844e-06', 'epoch': '51.26'}
{'loss': '5.913e-05', 'grad_norm': '0.001933', 'learning_rate': '8.035e-06', 'epoch': '51.92'}
{'eval_loss': '0.006987', 'eval_accuracy': '0.9968', 'eval_f1': '0.9968', 'eval_balanced_accuracy': '0.9968', 'eval_macro_f1': '0.9968', 'eval_atc': '0.003226', 'eval_normalized_atc': '0.0003226', 'eval_target_recall': '0.9677', 'eval_target_recall_macro': '0.9919', 'eval_target_fnr': '0', 'eval_selection_score': '0.0003226', 'eval_selection_accuracy_value': '0.9968', 'eval_nll': '0.006839', 'eval_brier': '0.004434', 'eval_ece': '0.004713', 'eval_auroc': '0', 'eval_auprc': '0', 'eval_runtime': '3.917', 'eval_samples_per_second': '79.14', 'eval_steps_per_second': '5.106', 'epoch': '52'}
CustomImageProcessor configuration saved to checkpoints/tpt-stress_convnext_base_fb_in22k_ft_in1k_tpt_nicme_v2_matched_nicme_hybrid_s42_locked/checkpoint-832/preprocessor_config.json
{'loss': '5.87e-05', 'grad_norm': '0.002303', 'learning_rate': '7.259e-06', 'epoch': '52.52'}
{'eval_loss': '0.006993', 'eval_accuracy': '0.9968', 'eval_f1': '0.9968', 'eval_balanced_accuracy': '0.9968', 'eval_macro_f1': '0.9968', 'eval_atc': '0.003226', 'eval_normalized_atc': '0.0003226', 'eval_target_recall': '0.9677', 'eval_target_recall_macro': '0.9919', 'eval_target_fnr': '0', 'eval_selection_score': '0.0003226', 'eval_selection_accuracy_value': '0.9968', 'eval_nll': '0.006845', 'eval_brier': '0.00444', 'eval_ece': '0.004717', 'eval_auroc': '0', 'eval_auprc': '0', 'eval_runtime': '3.72', 'eval_samples_per_second': '83.33', 'eval_steps_per_second': '5.376', 'epoch': '53'}
CustomImageProcessor configuration saved to checkpoints/tpt-stress_convnext_base_fb_in22k_ft_in1k_tpt_nicme_v2_matched_nicme_hybrid_s42_locked/checkpoint-848/preprocessor_config.json
{'loss': '5.435e-05', 'grad_norm': '0.001463', 'learning_rate': '6.519e-06', 'epoch': '53.13'}
{'loss': '6.092e-05', 'grad_norm': '0.001345', 'learning_rate': '5.815e-06', 'epoch': '53.79'}
{'eval_loss': '0.007024', 'eval_accuracy': '0.9968', 'eval_f1': '0.9968', 'eval_balanced_accuracy': '0.9968', 'eval_macro_f1': '0.9968', 'eval_atc': '0.003226', 'eval_normalized_atc': '0.0003226', 'eval_target_recall': '0.9677', 'eval_target_recall_macro': '0.9919', 'eval_target_fnr': '0', 'eval_selection_score': '0.0003226', 'eval_selection_accuracy_value': '0.9968', 'eval_nll': '0.006875', 'eval_brier': '0.004471', 'eval_ece': '0.004731', 'eval_auroc': '0', 'eval_auprc': '0', 'eval_runtime': '4.057', 'eval_samples_per_second': '76.42', 'eval_steps_per_second': '4.93', 'epoch': '54'}
CustomImageProcessor configuration saved to checkpoints/tpt-stress_convnext_base_fb_in22k_ft_in1k_tpt_nicme_v2_matched_nicme_hybrid_s42_locked/checkpoint-864/preprocessor_config.json
{'loss': '5.666e-05', 'grad_norm': '0.002706', 'learning_rate': '5.148e-06', 'epoch': '54.39'}
{'loss': '5.153e-05', 'grad_norm': '0.0004257', 'learning_rate': '4.518e-06', 'epoch': '55'}
{'eval_loss': '0.007049', 'eval_accuracy': '0.9968', 'eval_f1': '0.9968', 'eval_balanced_accuracy': '0.9968', 'eval_macro_f1': '0.9968', 'eval_atc': '0.003226', 'eval_normalized_atc': '0.0003226', 'eval_target_recall': '0.9677', 'eval_target_recall_macro': '0.9919', 'eval_target_fnr': '0', 'eval_selection_score': '0.0003226', 'eval_selection_accuracy_value': '0.9968', 'eval_nll': '0.0069', 'eval_brier': '0.004496', 'eval_ece': '0.004742', 'eval_auroc': '0', 'eval_auprc': '0', 'eval_runtime': '3.806', 'eval_samples_per_second': '81.45', 'eval_steps_per_second': '5.255', 'epoch': '55'}
CustomImageProcessor configuration saved to checkpoints/tpt-stress_convnext_base_fb_in22k_ft_in1k_tpt_nicme_v2_matched_nicme_hybrid_s42_locked/checkpoint-880/preprocessor_config.json
{'loss': '5.425e-05', 'grad_norm': '0.001168', 'learning_rate': '3.928e-06', 'epoch': '55.66'}
{'eval_loss': '0.007065', 'eval_accuracy': '0.9968', 'eval_f1': '0.9968', 'eval_balanced_accuracy': '0.9968', 'eval_macro_f1': '0.9968', 'eval_atc': '0.003226', 'eval_normalized_atc': '0.0003226', 'eval_target_recall': '0.9677', 'eval_target_recall_macro': '0.9919', 'eval_target_fnr': '0', 'eval_selection_score': '0.0003226', 'eval_selection_accuracy_value': '0.9968', 'eval_nll': '0.006915', 'eval_brier': '0.00451', 'eval_ece': '0.004748', 'eval_auroc': '0', 'eval_auprc': '0', 'eval_runtime': '4.043', 'eval_samples_per_second': '76.67', 'eval_steps_per_second': '4.946', 'epoch': '56'}
CustomImageProcessor configuration saved to checkpoints/tpt-stress_convnext_base_fb_in22k_ft_in1k_tpt_nicme_v2_matched_nicme_hybrid_s42_locked/checkpoint-896/preprocessor_config.json
{'loss': '4.958e-05', 'grad_norm': '0.001634', 'learning_rate': '3.376e-06', 'epoch': '56.26'}
{'loss': '6.061e-05', 'grad_norm': '0.006297', 'learning_rate': '2.864e-06', 'epoch': '56.92'}
{'eval_loss': '0.007061', 'eval_accuracy': '0.9968', 'eval_f1': '0.9968', 'eval_balanced_accuracy': '0.9968', 'eval_macro_f1': '0.9968', 'eval_atc': '0.003226', 'eval_normalized_atc': '0.0003226', 'eval_target_recall': '0.9677', 'eval_target_recall_macro': '0.9919', 'eval_target_fnr': '0', 'eval_selection_score': '0.0003226', 'eval_selection_accuracy_value': '0.9968', 'eval_nll': '0.006912', 'eval_brier': '0.004508', 'eval_ece': '0.004746', 'eval_auroc': '0', 'eval_auprc': '0', 'eval_runtime': '4.084', 'eval_samples_per_second': '75.91', 'eval_steps_per_second': '4.898', 'epoch': '57'}
CustomImageProcessor configuration saved to checkpoints/tpt-stress_convnext_base_fb_in22k_ft_in1k_tpt_nicme_v2_matched_nicme_hybrid_s42_locked/checkpoint-912/preprocessor_config.json
{'loss': '5.107e-05', 'grad_norm': '0.005838', 'learning_rate': '2.393e-06', 'epoch': '57.52'}
{'eval_loss': '0.007058', 'eval_accuracy': '0.9968', 'eval_f1': '0.9968', 'eval_balanced_accuracy': '0.9968', 'eval_macro_f1': '0.9968', 'eval_atc': '0.003226', 'eval_normalized_atc': '0.0003226', 'eval_target_recall': '0.9677', 'eval_target_recall_macro': '0.9919', 'eval_target_fnr': '0', 'eval_selection_score': '0.0003226', 'eval_selection_accuracy_value': '0.9968', 'eval_nll': '0.006909', 'eval_brier': '0.004505', 'eval_ece': '0.004745', 'eval_auroc': '0', 'eval_auprc': '0', 'eval_runtime': '3.812', 'eval_samples_per_second': '81.32', 'eval_steps_per_second': '5.247', 'epoch': '58'}
CustomImageProcessor configuration saved to checkpoints/tpt-stress_convnext_base_fb_in22k_ft_in1k_tpt_nicme_v2_matched_nicme_hybrid_s42_locked/checkpoint-928/preprocessor_config.json
{'loss': '5.104e-05', 'grad_norm': '0.001497', 'learning_rate': '1.963e-06', 'epoch': '58.13'}
{'loss': '5.843e-05', 'grad_norm': '0.001048', 'learning_rate': '1.574e-06', 'epoch': '58.79'}
{'eval_loss': '0.007067', 'eval_accuracy': '0.9935', 'eval_f1': '0.9935', 'eval_balanced_accuracy': '0.9935', 'eval_macro_f1': '0.9935', 'eval_atc': '0.03548', 'eval_normalized_atc': '0.003548', 'eval_target_recall': '0.9355', 'eval_target_recall_macro': '0.9839', 'eval_target_fnr': '0', 'eval_selection_score': '0.003548', 'eval_selection_accuracy_value': '0.9935', 'eval_nll': '0.006916', 'eval_brier': '0.004512', 'eval_ece': '0.004543', 'eval_auroc': '0', 'eval_auprc': '0', 'eval_runtime': '4.135', 'eval_samples_per_second': '74.97', 'eval_steps_per_second': '4.837', 'epoch': '59'}
CustomImageProcessor configuration saved to checkpoints/tpt-stress_convnext_base_fb_in22k_ft_in1k_tpt_nicme_v2_matched_nicme_hybrid_s42_locked/checkpoint-944/preprocessor_config.json
{'loss': '5.558e-05', 'grad_norm': '0.001222', 'learning_rate': '1.228e-06', 'epoch': '59.39'}
{'loss': '6.351e-05', 'grad_norm': '0.0004764', 'learning_rate': '9.233e-07', 'epoch': '60'}
{'eval_loss': '0.007072', 'eval_accuracy': '0.9968', 'eval_f1': '0.9968', 'eval_balanced_accuracy': '0.9968', 'eval_macro_f1': '0.9968', 'eval_atc': '0.003226', 'eval_normalized_atc': '0.0003226', 'eval_target_recall': '0.9677', 'eval_target_recall_macro': '0.9919', 'eval_target_fnr': '0', 'eval_selection_score': '0.0003226', 'eval_selection_accuracy_value': '0.9968', 'eval_nll': '0.006921', 'eval_brier': '0.00452', 'eval_ece': '0.00475', 'eval_auroc': '0', 'eval_auprc': '0', 'eval_runtime': '3.835', 'eval_samples_per_second': '80.83', 'eval_steps_per_second': '5.215', 'epoch': '60'}
CustomImageProcessor configuration saved to checkpoints/tpt-stress_convnext_base_fb_in22k_ft_in1k_tpt_nicme_v2_matched_nicme_hybrid_s42_locked/checkpoint-960/preprocessor_config.json
{'loss': '5.601e-05', 'grad_norm': '0.001767', 'learning_rate': '6.618e-07', 'epoch': '60.66'}
{'eval_loss': '0.007071', 'eval_accuracy': '0.9968', 'eval_f1': '0.9968', 'eval_balanced_accuracy': '0.9968', 'eval_macro_f1': '0.9968', 'eval_atc': '0.003226', 'eval_normalized_atc': '0.0003226', 'eval_target_recall': '0.9677', 'eval_target_recall_macro': '0.9919', 'eval_target_fnr': '0', 'eval_selection_score': '0.0003226', 'eval_selection_accuracy_value': '0.9968', 'eval_nll': '0.00692', 'eval_brier': '0.004521', 'eval_ece': '0.004749', 'eval_auroc': '0', 'eval_auprc': '0', 'eval_runtime': '3.929', 'eval_samples_per_second': '78.9', 'eval_steps_per_second': '5.09', 'epoch': '61'}
CustomImageProcessor configuration saved to checkpoints/tpt-stress_convnext_base_fb_in22k_ft_in1k_tpt_nicme_v2_matched_nicme_hybrid_s42_locked/checkpoint-976/preprocessor_config.json
{'loss': '5.522e-05', 'grad_norm': '0.004068', 'learning_rate': '4.435e-07', 'epoch': '61.26'}
{'loss': '5.187e-05', 'grad_norm': '0.00226', 'learning_rate': '2.685e-07', 'epoch': '61.92'}
{'eval_loss': '0.007071', 'eval_accuracy': '0.9968', 'eval_f1': '0.9968', 'eval_balanced_accuracy': '0.9968', 'eval_macro_f1': '0.9968', 'eval_atc': '0.003226', 'eval_normalized_atc': '0.0003226', 'eval_target_recall': '0.9677', 'eval_target_recall_macro': '0.9919', 'eval_target_fnr': '0', 'eval_selection_score': '0.0003226', 'eval_selection_accuracy_value': '0.9968', 'eval_nll': '0.00692', 'eval_brier': '0.004521', 'eval_ece': '0.004749', 'eval_auroc': '0', 'eval_auprc': '0', 'eval_runtime': '4.022', 'eval_samples_per_second': '77.07', 'eval_steps_per_second': '4.972', 'epoch': '62'}
CustomImageProcessor configuration saved to checkpoints/tpt-stress_convnext_base_fb_in22k_ft_in1k_tpt_nicme_v2_matched_nicme_hybrid_s42_locked/checkpoint-992/preprocessor_config.json
{'loss': '5.192e-05', 'grad_norm': '0.005423', 'learning_rate': '1.371e-07', 'epoch': '62.52'}
{'eval_loss': '0.007071', 'eval_accuracy': '0.9968', 'eval_f1': '0.9968', 'eval_balanced_accuracy': '0.9968', 'eval_macro_f1': '0.9968', 'eval_atc': '0.003226', 'eval_normalized_atc': '0.0003226', 'eval_target_recall': '0.9677', 'eval_target_recall_macro': '0.9919', 'eval_target_fnr': '0', 'eval_selection_score': '0.0003226', 'eval_selection_accuracy_value': '0.9968', 'eval_nll': '0.00692', 'eval_brier': '0.004521', 'eval_ece': '0.004749', 'eval_auroc': '0', 'eval_auprc': '0', 'eval_runtime': '4.157', 'eval_samples_per_second': '74.58', 'eval_steps_per_second': '4.811', 'epoch': '63'}
CustomImageProcessor configuration saved to checkpoints/tpt-stress_convnext_base_fb_in22k_ft_in1k_tpt_nicme_v2_matched_nicme_hybrid_s42_locked/checkpoint-1008/preprocessor_config.json
{'loss': '5.663e-05', 'grad_norm': '0.001636', 'learning_rate': '4.936e-08', 'epoch': '63.13'}
{'loss': '5.837e-05', 'grad_norm': '0.001264', 'learning_rate': '5.486e-09', 'epoch': '63.79'}
{'eval_loss': '0.007071', 'eval_accuracy': '0.9968', 'eval_f1': '0.9968', 'eval_balanced_accuracy': '0.9968', 'eval_macro_f1': '0.9968', 'eval_atc': '0.003226', 'eval_normalized_atc': '0.0003226', 'eval_target_recall': '0.9677', 'eval_target_recall_macro': '0.9919', 'eval_target_fnr': '0', 'eval_selection_score': '0.0003226', 'eval_selection_accuracy_value': '0.9968', 'eval_nll': '0.00692', 'eval_brier': '0.004521', 'eval_ece': '0.004749', 'eval_auroc': '0', 'eval_auprc': '0', 'eval_runtime': '3.752', 'eval_samples_per_second': '82.63', 'eval_steps_per_second': '5.331', 'epoch': '64'}
CustomImageProcessor configuration saved to checkpoints/tpt-stress_convnext_base_fb_in22k_ft_in1k_tpt_nicme_v2_matched_nicme_hybrid_s42_locked/checkpoint-1024/preprocessor_config.json
{'train_runtime': '989.3', 'train_samples_per_second': '62.75', 'train_steps_per_second': '1.035', 'train_loss': '0.4297', 'epoch': '64'}
***** train metrics *****
  epoch                    =       64.0
  total_flos               =        0GF
  train_loss               =     0.4297
  train_runtime            = 0:16:29.32
  train_samples_per_second =      62.75
  train_steps_per_second   =      1.035
Using device: cuda

============================================================
PERFORMING COMPREHENSIVE EVALUATION
============================================================
Results will be saved to: results/pmi10_convnext_base_fb_in22k_ft_in1k_test/tpt-stress_convnext_base_fb_in22k_ft_in1k_tpt_nicme_v2_matched_nicme_hybrid_s42_locked_05-02_09-44
Saving run configuration...
Run configuration saved to: results/pmi10_convnext_base_fb_in22k_ft_in1k_test/tpt-stress_convnext_base_fb_in22k_ft_in1k_tpt_nicme_v2_matched_nicme_hybrid_s42_locked_05-02_09-44/run_configuration_20260502_094401.json
Running model evaluation...
Computing detailed metrics...
Saving metrics to files...
Metrics saved to: results/pmi10_convnext_base_fb_in22k_ft_in1k_test/tpt-stress_convnext_base_fb_in22k_ft_in1k_tpt_nicme_v2_matched_nicme_hybrid_s42_locked_05-02_09-44/metrics_20260502_094410_nicme_hybrid.json and results/pmi10_convnext_base_fb_in22k_ft_in1k_test/tpt-stress_convnext_base_fb_in22k_ft_in1k_tpt_nicme_v2_matched_nicme_hybrid_s42_locked_05-02_09-44/metrics_20260502_094410_nicme_hybrid.txt
Using provided class names: ['00378-0208', '00378-3855', '00591-0461', '16729-0020', '50111-0434', '53489-0156', '53746-0544', '62037-0831', '68382-0008', '68382-0227']
Skipping confusion matrix visualizations by configuration.

============================================================
TRAINING COMPLETED - RESULTS SUMMARY
============================================================
Output Directory: results/pmi10_convnext_base_fb_in22k_ft_in1k_test/tpt-stress_convnext_base_fb_in22k_ft_in1k_tpt_nicme_v2_matched_nicme_hybrid_s42_locked_05-02_09-44
Overall Accuracy: 0.9719
Balanced Accuracy: 0.9719
Overall F1 Score: 0.9722
Kappa: 0.9688
AUC: 0.9997
Expected Cost: 0.0781
Loss Function Used: nicme_hybrid
Total Test Samples: 320
Classes: 00378-0208, 00378-3855, 00591-0461, 16729-0020, 50111-0434, 53489-0156, 53746-0544, 62037-0831, 68382-0008, 68382-0227

Detailed metrics saved to: results/pmi10_convnext_base_fb_in22k_ft_in1k_test/tpt-stress_convnext_base_fb_in22k_ft_in1k_tpt_nicme_v2_matched_nicme_hybrid_s42_locked_05-02_09-44
============================================================
