Prepared manifest loaded — Train=1940, Val=320, Calibration=300, Test=640
cuda
Using model backend=dinov3_feature type=facebook_dinov3_vit_lora with 20 labels
Early stopping enabled with patience=3
Using device: cuda
{'loss': '12.18', 'grad_norm': '5.288', 'learning_rate': '3.462e-05', 'epoch': '0.3279'}
{'loss': '12.24', 'grad_norm': '5.609', 'learning_rate': '4.992e-05', 'epoch': '0.6557'}
{'loss': '12.11', 'grad_norm': '6.685', 'learning_rate': '4.943e-05', 'epoch': '0.9836'}
{'eval_loss': '3.01', 'eval_accuracy': '0.07812', 'eval_f1': '0.01838', 'eval_balanced_accuracy': '0.07812', 'eval_macro_f1': '0.01838', 'eval_atc': '0.9219', 'eval_normalized_atc': '0.09219', 'eval_target_recall': '0', 'eval_target_recall_macro': '0', 'eval_target_fnr': '1', 'eval_selection_score': '3.853', 'eval_selection_accuracy_value': '0.07812', 'eval_nll': '3.003', 'eval_brier': '0.9499', 'eval_ece': '0.01694', 'eval_auroc': '0', 'eval_auprc': '0', 'eval_runtime': '2.974', 'eval_samples_per_second': '107.6', 'eval_steps_per_second': '6.724', 'epoch': '1'}
CustomImageProcessor configuration saved to checkpoints/mc2_pmi_pills_balanced_fb_d3vit_lora_nicme_logit_s42_multiclass_mc2_official_dinov3_lora_balanced_20260501_mc2_a1_20152419/checkpoint-31/preprocessor_config.json
{'loss': '11.33', 'grad_norm': '6.355', 'learning_rate': '4.85e-05', 'epoch': '1.295'}
{'loss': '11.87', 'grad_norm': '5.501', 'learning_rate': '4.716e-05', 'epoch': '1.623'}
{'loss': '11.9', 'grad_norm': '6.873', 'learning_rate': '4.542e-05', 'epoch': '1.951'}
{'eval_loss': '2.947', 'eval_accuracy': '0.1125', 'eval_f1': '0.04813', 'eval_balanced_accuracy': '0.1125', 'eval_macro_f1': '0.04813', 'eval_atc': '0.9437', 'eval_normalized_atc': '0.09438', 'eval_target_recall': '0', 'eval_target_recall_macro': '0', 'eval_target_fnr': '1', 'eval_selection_score': '3.807', 'eval_selection_accuracy_value': '0.1125', 'eval_nll': '2.942', 'eval_brier': '0.9436', 'eval_ece': '0.06123', 'eval_auroc': '0', 'eval_auprc': '0', 'eval_runtime': '3.2', 'eval_samples_per_second': '100', 'eval_steps_per_second': '6.25', 'epoch': '2'}
CustomImageProcessor configuration saved to checkpoints/mc2_pmi_pills_balanced_fb_d3vit_lora_nicme_logit_s42_multiclass_mc2_official_dinov3_lora_balanced_20260501_mc2_a1_20152419/checkpoint-62/preprocessor_config.json
{'loss': '11.15', 'grad_norm': '5.334', 'learning_rate': '4.332e-05', 'epoch': '2.262'}
{'loss': '11.62', 'grad_norm': '5.164', 'learning_rate': '4.088e-05', 'epoch': '2.59'}
{'loss': '11.64', 'grad_norm': '6.254', 'learning_rate': '3.817e-05', 'epoch': '2.918'}
{'eval_loss': '2.89', 'eval_accuracy': '0.1688', 'eval_f1': '0.09829', 'eval_balanced_accuracy': '0.1688', 'eval_macro_f1': '0.09829', 'eval_atc': '0.9156', 'eval_normalized_atc': '0.09156', 'eval_target_recall': '0', 'eval_target_recall_macro': '0', 'eval_target_fnr': '1', 'eval_selection_score': '3.73', 'eval_selection_accuracy_value': '0.1688', 'eval_nll': '2.886', 'eval_brier': '0.9376', 'eval_ece': '0.1147', 'eval_auroc': '0', 'eval_auprc': '0', 'eval_runtime': '3.088', 'eval_samples_per_second': '103.6', 'eval_steps_per_second': '6.476', 'epoch': '3'}
CustomImageProcessor configuration saved to checkpoints/mc2_pmi_pills_balanced_fb_d3vit_lora_nicme_logit_s42_multiclass_mc2_official_dinov3_lora_balanced_20260501_mc2_a1_20152419/checkpoint-93/preprocessor_config.json
{'loss': '10.98', 'grad_norm': '5.189', 'learning_rate': '3.522e-05', 'epoch': '3.23'}
{'loss': '11.4', 'grad_norm': '5.512', 'learning_rate': '3.209e-05', 'epoch': '3.557'}
{'loss': '11.44', 'grad_norm': '5.735', 'learning_rate': '2.883e-05', 'epoch': '3.885'}
{'eval_loss': '2.842', 'eval_accuracy': '0.2281', 'eval_f1': '0.1577', 'eval_balanced_accuracy': '0.2281', 'eval_macro_f1': '0.1577', 'eval_atc': '0.9125', 'eval_normalized_atc': '0.09125', 'eval_target_recall': '0', 'eval_target_recall_macro': '0.01562', 'eval_target_fnr': '0.9375', 'eval_selection_score': '3.658', 'eval_selection_accuracy_value': '0.2281', 'eval_nll': '2.839', 'eval_brier': '0.9323', 'eval_ece': '0.1563', 'eval_auroc': '0', 'eval_auprc': '0', 'eval_runtime': '7.215', 'eval_samples_per_second': '44.35', 'eval_steps_per_second': '2.772', 'epoch': '4'}
CustomImageProcessor configuration saved to checkpoints/mc2_pmi_pills_balanced_fb_d3vit_lora_nicme_logit_s42_multiclass_mc2_official_dinov3_lora_balanced_20260501_mc2_a1_20152419/checkpoint-124/preprocessor_config.json
{'train_runtime': '59.55', 'train_samples_per_second': '260.6', 'train_steps_per_second': '4.164', 'train_loss': '11.6', 'epoch': '4'}
***** train metrics *****
  epoch                    =        4.0
  total_flos               =        0GF
  train_loss               =    11.5994
  train_runtime            = 0:00:59.55
  train_samples_per_second =    260.609
  train_steps_per_second   =      4.164
Using device: cuda

============================================================
PERFORMING COMPREHENSIVE EVALUATION
============================================================
Results will be saved to: results/facebook_dinov3_vit_lora_test/mc2_pmi_pills_balanced_fb_d3vit_lora_nicme_logit_s42_multiclass_mc2_official_dinov3_lora_balanced_20260501_mc2_a1_20152419_05-01_01-39
Saving run configuration...
Run configuration saved to: results/facebook_dinov3_vit_lora_test/mc2_pmi_pills_balanced_fb_d3vit_lora_nicme_logit_s42_multiclass_mc2_official_dinov3_lora_balanced_20260501_mc2_a1_20152419_05-01_01-39/run_configuration_20260501_013902.json
Running model evaluation...
Computing detailed metrics...
Saving metrics to files...
Metrics saved to: results/facebook_dinov3_vit_lora_test/mc2_pmi_pills_balanced_fb_d3vit_lora_nicme_logit_s42_multiclass_mc2_official_dinov3_lora_balanced_20260501_mc2_a1_20152419_05-01_01-39/metrics_20260501_013915_nicme_logit_adjustment.json and results/facebook_dinov3_vit_lora_test/mc2_pmi_pills_balanced_fb_d3vit_lora_nicme_logit_s42_multiclass_mc2_official_dinov3_lora_balanced_20260501_mc2_a1_20152419_05-01_01-39/metrics_20260501_013915_nicme_logit_adjustment.txt
Using provided class names: ['00378-0208', '00378-3855', '00591-0461', '16729-0020', '16729-0168', '50111-0434', '53489-0156', '53746-0544', '57664-0377', '62037-0831', '62037-0832', '64380-0803', '65162-0253', '67253-0901', '68382-0008', '68382-0227', '69097-0127', '69097-0128', '69315-0904', '69315-0905']
Creating confusion matrix visualizations...
Confusion matrix visualizations (3-panel) saved to: results/facebook_dinov3_vit_lora_test/mc2_pmi_pills_balanced_fb_d3vit_lora_nicme_logit_s42_multiclass_mc2_official_dinov3_lora_balanced_20260501_mc2_a1_20152419_05-01_01-39/confusion_matrix_20260501_013915_nicme_logit_adjustment.png and results/facebook_dinov3_vit_lora_test/mc2_pmi_pills_balanced_fb_d3vit_lora_nicme_logit_s42_multiclass_mc2_official_dinov3_lora_balanced_20260501_mc2_a1_20152419_05-01_01-39/confusion_matrix_20260501_013915_nicme_logit_adjustment.pdf
Detailed confusion matrix saved to: results/facebook_dinov3_vit_lora_test/mc2_pmi_pills_balanced_fb_d3vit_lora_nicme_logit_s42_multiclass_mc2_official_dinov3_lora_balanced_20260501_mc2_a1_20152419_05-01_01-39/confusion_matrix_detailed_20260501_013915_nicme_logit_adjustment.png

============================================================
TRAINING COMPLETED - RESULTS SUMMARY
============================================================
Output Directory: results/facebook_dinov3_vit_lora_test/mc2_pmi_pills_balanced_fb_d3vit_lora_nicme_logit_s42_multiclass_mc2_official_dinov3_lora_balanced_20260501_mc2_a1_20152419_05-01_01-39
Overall Accuracy: 0.0766
Balanced Accuracy: 0.0766
Overall F1 Score: 0.0229
Kappa: 0.0280
AUC: 0.5157
Expected Cost: 0.9234
Loss Function Used: nicme_logit_adjustment
Total Test Samples: 640
Classes: 00378-0208, 00378-3855, 00591-0461, 16729-0020, 16729-0168, 50111-0434, 53489-0156, 53746-0544, 57664-0377, 62037-0831, 62037-0832, 64380-0803, 65162-0253, 67253-0901, 68382-0008, 68382-0227, 69097-0127, 69097-0128, 69315-0904, 69315-0905

Detailed metrics and visualizations saved to: results/facebook_dinov3_vit_lora_test/mc2_pmi_pills_balanced_fb_d3vit_lora_nicme_logit_s42_multiclass_mc2_official_dinov3_lora_balanced_20260501_mc2_a1_20152419_05-01_01-39
============================================================
