Prepared manifest loaded — Train=1940, Val=320, Calibration=300, Test=640
cuda
Using model backend=dinov3_feature type=facebook_dinov3_convnext_lora with 20 labels
Early stopping enabled with patience=3
Using device: cuda
{'loss': '13.76', 'grad_norm': '48.29', 'learning_rate': '3.462e-05', 'epoch': '0.3279'}
{'loss': '12.27', 'grad_norm': '32.66', 'learning_rate': '4.992e-05', 'epoch': '0.6557'}
{'loss': '10.93', 'grad_norm': '40.63', 'learning_rate': '4.943e-05', 'epoch': '0.9836'}
{'eval_loss': '2.66', 'eval_accuracy': '0.1531', 'eval_f1': '0.1186', 'eval_balanced_accuracy': '0.1531', 'eval_macro_f1': '0.1186', 'eval_atc': '0.9313', 'eval_normalized_atc': '0.09312', 'eval_target_recall': '0', 'eval_target_recall_macro': '0.1719', 'eval_target_fnr': '1', 'eval_selection_score': '3.752', 'eval_selection_accuracy_value': '0.1531', 'eval_nll': '2.65', 'eval_brier': '0.9092', 'eval_ece': '0.06098', 'eval_auroc': '0', 'eval_auprc': '0', 'eval_runtime': '3.23', 'eval_samples_per_second': '99.07', 'eval_steps_per_second': '6.192', 'epoch': '1'}
CustomImageProcessor configuration saved to checkpoints/mc2_pmi_pills_balanced_fb_d3cnx_lora_cs_ce_s42_multiclass_mc2_official_dinov3_lora_balanced_20260501_mc2_a1_09d239dd/checkpoint-31/preprocessor_config.json
{'loss': '9.371', 'grad_norm': '44.52', 'learning_rate': '4.85e-05', 'epoch': '1.295'}
{'loss': '8.265', 'grad_norm': '37.05', 'learning_rate': '4.716e-05', 'epoch': '1.623'}
{'loss': '7.361', 'grad_norm': '43.64', 'learning_rate': '4.542e-05', 'epoch': '1.951'}
{'eval_loss': '1.882', 'eval_accuracy': '0.3875', 'eval_f1': '0.3636', 'eval_balanced_accuracy': '0.3875', 'eval_macro_f1': '0.3636', 'eval_atc': '0.8594', 'eval_normalized_atc': '0.08594', 'eval_target_recall': '0', 'eval_target_recall_macro': '0.2344', 'eval_target_fnr': '1', 'eval_selection_score': '3.496', 'eval_selection_accuracy_value': '0.3875', 'eval_nll': '1.872', 'eval_brier': '0.7586', 'eval_ece': '0.108', 'eval_auroc': '0', 'eval_auprc': '0', 'eval_runtime': '2.975', 'eval_samples_per_second': '107.6', 'eval_steps_per_second': '6.722', 'epoch': '2'}
CustomImageProcessor configuration saved to checkpoints/mc2_pmi_pills_balanced_fb_d3cnx_lora_cs_ce_s42_multiclass_mc2_official_dinov3_lora_balanced_20260501_mc2_a1_09d239dd/checkpoint-62/preprocessor_config.json
{'loss': '5.979', 'grad_norm': '39.28', 'learning_rate': '4.332e-05', 'epoch': '2.262'}
{'loss': '5.275', 'grad_norm': '52.64', 'learning_rate': '4.088e-05', 'epoch': '2.59'}
{'loss': '4.695', 'grad_norm': '56.92', 'learning_rate': '3.817e-05', 'epoch': '2.918'}
{'eval_loss': '1.35', 'eval_accuracy': '0.5281', 'eval_f1': '0.4978', 'eval_balanced_accuracy': '0.5281', 'eval_macro_f1': '0.4978', 'eval_atc': '0.8063', 'eval_normalized_atc': '0.08063', 'eval_target_recall': '0', 'eval_target_recall_macro': '0.2969', 'eval_target_fnr': '1', 'eval_selection_score': '3.395', 'eval_selection_accuracy_value': '0.5281', 'eval_nll': '1.341', 'eval_brier': '0.6141', 'eval_ece': '0.1046', 'eval_auroc': '0', 'eval_auprc': '0', 'eval_runtime': '3.41', 'eval_samples_per_second': '93.83', 'eval_steps_per_second': '5.864', 'epoch': '3'}
CustomImageProcessor configuration saved to checkpoints/mc2_pmi_pills_balanced_fb_d3cnx_lora_cs_ce_s42_multiclass_mc2_official_dinov3_lora_balanced_20260501_mc2_a1_09d239dd/checkpoint-93/preprocessor_config.json
{'loss': '4.271', 'grad_norm': '46.8', 'learning_rate': '3.522e-05', 'epoch': '3.23'}
{'loss': '3.473', 'grad_norm': '45.87', 'learning_rate': '3.209e-05', 'epoch': '3.557'}
{'loss': '3.574', 'grad_norm': '46.43', 'learning_rate': '2.883e-05', 'epoch': '3.885'}
{'eval_loss': '0.993', 'eval_accuracy': '0.6656', 'eval_f1': '0.6476', 'eval_balanced_accuracy': '0.6656', 'eval_macro_f1': '0.6476', 'eval_atc': '0.6781', 'eval_normalized_atc': '0.06781', 'eval_target_recall': '0.1875', 'eval_target_recall_macro': '0.4219', 'eval_target_fnr': '0.6875', 'eval_selection_score': '2.116', 'eval_selection_accuracy_value': '0.6656', 'eval_nll': '0.9847', 'eval_brier': '0.4716', 'eval_ece': '0.147', 'eval_auroc': '0', 'eval_auprc': '0', 'eval_runtime': '3.255', 'eval_samples_per_second': '98.33', 'eval_steps_per_second': '6.145', 'epoch': '4'}
CustomImageProcessor configuration saved to checkpoints/mc2_pmi_pills_balanced_fb_d3cnx_lora_cs_ce_s42_multiclass_mc2_official_dinov3_lora_balanced_20260501_mc2_a1_09d239dd/checkpoint-124/preprocessor_config.json
{'loss': '3.019', 'grad_norm': '56.38', 'learning_rate': '2.55e-05', 'epoch': '4.197'}
{'loss': '2.958', 'grad_norm': '52.53', 'learning_rate': '2.217e-05', 'epoch': '4.525'}
{'loss': '2.939', 'grad_norm': '49.21', 'learning_rate': '1.888e-05', 'epoch': '4.852'}
{'eval_loss': '0.8496', 'eval_accuracy': '0.7094', 'eval_f1': '0.6954', 'eval_balanced_accuracy': '0.7094', 'eval_macro_f1': '0.6954', 'eval_atc': '0.65', 'eval_normalized_atc': '0.065', 'eval_target_recall': '0.1875', 'eval_target_recall_macro': '0.5156', 'eval_target_fnr': '0.3125', 'eval_selection_score': '2.104', 'eval_selection_accuracy_value': '0.7094', 'eval_nll': '0.8417', 'eval_brier': '0.4053', 'eval_ece': '0.1398', 'eval_auroc': '0', 'eval_auprc': '0', 'eval_runtime': '3.273', 'eval_samples_per_second': '97.77', 'eval_steps_per_second': '6.11', 'epoch': '5'}
CustomImageProcessor configuration saved to checkpoints/mc2_pmi_pills_balanced_fb_d3cnx_lora_cs_ce_s42_multiclass_mc2_official_dinov3_lora_balanced_20260501_mc2_a1_09d239dd/checkpoint-155/preprocessor_config.json
{'loss': '2.594', 'grad_norm': '48.26', 'learning_rate': '1.57e-05', 'epoch': '5.164'}
{'loss': '2.673', 'grad_norm': '49.86', 'learning_rate': '1.269e-05', 'epoch': '5.492'}
{'loss': '2.694', 'grad_norm': '65.19', 'learning_rate': '9.903e-06', 'epoch': '5.82'}
{'eval_loss': '0.7978', 'eval_accuracy': '0.7312', 'eval_f1': '0.7091', 'eval_balanced_accuracy': '0.7312', 'eval_macro_f1': '0.7091', 'eval_atc': '0.5969', 'eval_normalized_atc': '0.05969', 'eval_target_recall': '0.125', 'eval_target_recall_macro': '0.5312', 'eval_target_fnr': '0.5', 'eval_selection_score': '2.467', 'eval_selection_accuracy_value': '0.7312', 'eval_nll': '0.7902', 'eval_brier': '0.3819', 'eval_ece': '0.1331', 'eval_auroc': '0', 'eval_auprc': '0', 'eval_runtime': '2.955', 'eval_samples_per_second': '108.3', 'eval_steps_per_second': '6.769', 'epoch': '6'}
CustomImageProcessor configuration saved to checkpoints/mc2_pmi_pills_balanced_fb_d3cnx_lora_cs_ce_s42_multiclass_mc2_official_dinov3_lora_balanced_20260501_mc2_a1_09d239dd/checkpoint-186/preprocessor_config.json
{'loss': '2.323', 'grad_norm': '55.09', 'learning_rate': '7.382e-06', 'epoch': '6.131'}
{'loss': '2.528', 'grad_norm': '57.41', 'learning_rate': '5.175e-06', 'epoch': '6.459'}
{'loss': '2.446', 'grad_norm': '50.09', 'learning_rate': '3.322e-06', 'epoch': '6.787'}
{'eval_loss': '0.7541', 'eval_accuracy': '0.7375', 'eval_f1': '0.7211', 'eval_balanced_accuracy': '0.7375', 'eval_macro_f1': '0.7211', 'eval_atc': '0.6188', 'eval_normalized_atc': '0.06187', 'eval_target_recall': '0.125', 'eval_target_recall_macro': '0.5625', 'eval_target_fnr': '0.375', 'eval_selection_score': '2.468', 'eval_selection_accuracy_value': '0.7375', 'eval_nll': '0.7466', 'eval_brier': '0.3632', 'eval_ece': '0.1267', 'eval_auroc': '0', 'eval_auprc': '0', 'eval_runtime': '3.599', 'eval_samples_per_second': '88.91', 'eval_steps_per_second': '5.557', 'epoch': '7'}
CustomImageProcessor configuration saved to checkpoints/mc2_pmi_pills_balanced_fb_d3cnx_lora_cs_ce_s42_multiclass_mc2_official_dinov3_lora_balanced_20260501_mc2_a1_09d239dd/checkpoint-217/preprocessor_config.json
{'train_runtime': '102.4', 'train_samples_per_second': '151.6', 'train_steps_per_second': '2.422', 'train_loss': '5.295', 'epoch': '7'}
***** train metrics *****
  epoch                    =        7.0
  total_flos               =        0GF
  train_loss               =     5.2945
  train_runtime            = 0:01:42.37
  train_samples_per_second =    151.601
  train_steps_per_second   =      2.422
Using device: cuda

============================================================
PERFORMING COMPREHENSIVE EVALUATION
============================================================
Results will be saved to: results/facebook_dinov3_convnext_lora_test/mc2_pmi_pills_balanced_fb_d3cnx_lora_cs_ce_s42_multiclass_mc2_official_dinov3_lora_balanced_20260501_mc2_a1_09d239dd_05-01_01-51
Saving run configuration...
Run configuration saved to: results/facebook_dinov3_convnext_lora_test/mc2_pmi_pills_balanced_fb_d3cnx_lora_cs_ce_s42_multiclass_mc2_official_dinov3_lora_balanced_20260501_mc2_a1_09d239dd_05-01_01-51/run_configuration_20260501_015157.json
Running model evaluation...
Computing detailed metrics...
Saving metrics to files...
Metrics saved to: results/facebook_dinov3_convnext_lora_test/mc2_pmi_pills_balanced_fb_d3cnx_lora_cs_ce_s42_multiclass_mc2_official_dinov3_lora_balanced_20260501_mc2_a1_09d239dd_05-01_01-51/metrics_20260501_015212_cs_regularized_ce.json and results/facebook_dinov3_convnext_lora_test/mc2_pmi_pills_balanced_fb_d3cnx_lora_cs_ce_s42_multiclass_mc2_official_dinov3_lora_balanced_20260501_mc2_a1_09d239dd_05-01_01-51/metrics_20260501_015212_cs_regularized_ce.txt
Using provided class names: ['00378-0208', '00378-3855', '00591-0461', '16729-0020', '16729-0168', '50111-0434', '53489-0156', '53746-0544', '57664-0377', '62037-0831', '62037-0832', '64380-0803', '65162-0253', '67253-0901', '68382-0008', '68382-0227', '69097-0127', '69097-0128', '69315-0904', '69315-0905']
Creating confusion matrix visualizations...
Confusion matrix visualizations (3-panel) saved to: results/facebook_dinov3_convnext_lora_test/mc2_pmi_pills_balanced_fb_d3cnx_lora_cs_ce_s42_multiclass_mc2_official_dinov3_lora_balanced_20260501_mc2_a1_09d239dd_05-01_01-51/confusion_matrix_20260501_015212_cs_regularized_ce.png and results/facebook_dinov3_convnext_lora_test/mc2_pmi_pills_balanced_fb_d3cnx_lora_cs_ce_s42_multiclass_mc2_official_dinov3_lora_balanced_20260501_mc2_a1_09d239dd_05-01_01-51/confusion_matrix_20260501_015212_cs_regularized_ce.pdf
Detailed confusion matrix saved to: results/facebook_dinov3_convnext_lora_test/mc2_pmi_pills_balanced_fb_d3cnx_lora_cs_ce_s42_multiclass_mc2_official_dinov3_lora_balanced_20260501_mc2_a1_09d239dd_05-01_01-51/confusion_matrix_detailed_20260501_015212_cs_regularized_ce.png

============================================================
TRAINING COMPLETED - RESULTS SUMMARY
============================================================
Output Directory: results/facebook_dinov3_convnext_lora_test/mc2_pmi_pills_balanced_fb_d3cnx_lora_cs_ce_s42_multiclass_mc2_official_dinov3_lora_balanced_20260501_mc2_a1_09d239dd_05-01_01-51
Overall Accuracy: 0.7094
Balanced Accuracy: 0.7094
Overall F1 Score: 0.7039
Kappa: 0.6941
AUC: 0.9812
Expected Cost: 0.5031
Loss Function Used: cs_regularized_ce
Total Test Samples: 640
Classes: 00378-0208, 00378-3855, 00591-0461, 16729-0020, 16729-0168, 50111-0434, 53489-0156, 53746-0544, 57664-0377, 62037-0831, 62037-0832, 64380-0803, 65162-0253, 67253-0901, 68382-0008, 68382-0227, 69097-0127, 69097-0128, 69315-0904, 69315-0905

Detailed metrics and visualizations saved to: results/facebook_dinov3_convnext_lora_test/mc2_pmi_pills_balanced_fb_d3cnx_lora_cs_ce_s42_multiclass_mc2_official_dinov3_lora_balanced_20260501_mc2_a1_09d239dd_05-01_01-51
============================================================
