Prepared manifest loaded — Train=970, Val=310, Calibration=0, Test=320
cuda
Using model backend=timm type=pmi10_sota_convnext_base with 10 labels
Loaded initial checkpoint: checkpoints/run_ce_anchor_pretty_lr1e4_s42/checkpoint-208/model.safetensors
Early stopping enabled with patience=3
Using device: cuda
{'loss': '0.01741', 'grad_norm': '0.6606', 'learning_rate': '5.625e-06', 'epoch': '0.6557'}
{'eval_loss': '0.03009', 'eval_accuracy': '0.9935', 'eval_f1': '0.9935', 'eval_balanced_accuracy': '0.9935', 'eval_macro_f1': '0.9935', 'eval_atc': '0.006452', 'eval_normalized_atc': '0.0006452', 'eval_target_recall': '0.9677', 'eval_target_recall_macro': '0.9919', 'eval_target_fnr': '0', 'eval_selection_score': '0.0006452', 'eval_selection_accuracy_value': '0.9935', 'eval_nll': '0.01812', 'eval_brier': '0.01001', 'eval_ece': '0.00909', 'eval_auroc': '0', 'eval_auprc': '0', 'eval_runtime': '4.464', 'eval_samples_per_second': '69.45', 'eval_steps_per_second': '4.481', 'epoch': '1'}
CustomImageProcessor configuration saved to checkpoints/run_ap_csada_lr1e4_s42/checkpoint-16/preprocessor_config.json
{'loss': '0.03299', 'grad_norm': '1.374', 'learning_rate': '9.989e-06', 'epoch': '1.262'}
{'loss': '0.01475', 'grad_norm': '24.9', 'learning_rate': '9.8e-06', 'epoch': '1.918'}
{'eval_loss': '0.03018', 'eval_accuracy': '0.9935', 'eval_f1': '0.9935', 'eval_balanced_accuracy': '0.9935', 'eval_macro_f1': '0.9935', 'eval_atc': '0.006452', 'eval_normalized_atc': '0.0006452', 'eval_target_recall': '0.9355', 'eval_target_recall_macro': '0.9839', 'eval_target_fnr': '0', 'eval_selection_score': '0.0006452', 'eval_selection_accuracy_value': '0.9935', 'eval_nll': '0.0134', 'eval_brier': '0.006569', 'eval_ece': '0.009229', 'eval_auroc': '0', 'eval_auprc': '0', 'eval_runtime': '3.689', 'eval_samples_per_second': '84.04', 'eval_steps_per_second': '5.422', 'epoch': '2'}
CustomImageProcessor configuration saved to checkpoints/run_ap_csada_lr1e4_s42/checkpoint-32/preprocessor_config.json
{'loss': '0.008969', 'grad_norm': '0.07439', 'learning_rate': '9.384e-06', 'epoch': '2.525'}
{'eval_loss': '0.03302', 'eval_accuracy': '0.9935', 'eval_f1': '0.9935', 'eval_balanced_accuracy': '0.9935', 'eval_macro_f1': '0.9935', 'eval_atc': '0.006452', 'eval_normalized_atc': '0.0006452', 'eval_target_recall': '0.9355', 'eval_target_recall_macro': '0.9839', 'eval_target_fnr': '0', 'eval_selection_score': '0.0006452', 'eval_selection_accuracy_value': '0.9935', 'eval_nll': '0.01737', 'eval_brier': '0.01035', 'eval_ece': '0.009458', 'eval_auroc': '0', 'eval_auprc': '0', 'eval_runtime': '3.801', 'eval_samples_per_second': '81.55', 'eval_steps_per_second': '5.261', 'epoch': '3'}
CustomImageProcessor configuration saved to checkpoints/run_ap_csada_lr1e4_s42/checkpoint-48/preprocessor_config.json
{'loss': '0.004418', 'grad_norm': '0.1715', 'learning_rate': '8.759e-06', 'epoch': '3.131'}
{'loss': '0.002233', 'grad_norm': '0.0514', 'learning_rate': '7.957e-06', 'epoch': '3.787'}
{'eval_loss': '0.02107', 'eval_accuracy': '0.9935', 'eval_f1': '0.9935', 'eval_balanced_accuracy': '0.9935', 'eval_macro_f1': '0.9935', 'eval_atc': '0.006452', 'eval_normalized_atc': '0.0006452', 'eval_target_recall': '0.9355', 'eval_target_recall_macro': '0.9839', 'eval_target_fnr': '0', 'eval_selection_score': '0.0006452', 'eval_selection_accuracy_value': '0.9935', 'eval_nll': '0.0128', 'eval_brier': '0.007403', 'eval_ece': '0.007301', 'eval_auroc': '0', 'eval_auprc': '0', 'eval_runtime': '3.786', 'eval_samples_per_second': '81.88', 'eval_steps_per_second': '5.282', 'epoch': '4'}
CustomImageProcessor configuration saved to checkpoints/run_ap_csada_lr1e4_s42/checkpoint-64/preprocessor_config.json
{'train_runtime': '64.79', 'train_samples_per_second': '149.7', 'train_steps_per_second': '2.469', 'train_loss': '0.01268', 'epoch': '4'}
***** train metrics *****
  epoch                    =        4.0
  total_flos               =        0GF
  train_loss               =     0.0127
  train_runtime            = 0:01:04.79
  train_samples_per_second =    149.704
  train_steps_per_second   =      2.469
Using device: cuda

============================================================
PERFORMING COMPREHENSIVE EVALUATION
============================================================
Results will be saved to: results/pmi10_sota_convnext_base_test/run_ap_csada_lr1e4_s42_05-02_19-46
Saving run configuration...
Run configuration saved to: results/pmi10_sota_convnext_base_test/run_ap_csada_lr1e4_s42_05-02_19-46/run_configuration_20260502_194637.json
Running model evaluation...
Computing detailed metrics...
Saving metrics to files...
Metrics saved to: results/pmi10_sota_convnext_base_test/run_ap_csada_lr1e4_s42_05-02_19-46/metrics_20260502_194646_ap_csada.json and results/pmi10_sota_convnext_base_test/run_ap_csada_lr1e4_s42_05-02_19-46/metrics_20260502_194646_ap_csada.txt
Using provided class names: ['00378-0208', '00378-3855', '00591-0461', '16729-0020', '50111-0434', '53489-0156', '53746-0544', '62037-0831', '68382-0008', '68382-0227']
Skipping confusion matrix visualizations by configuration.

============================================================
TRAINING COMPLETED - RESULTS SUMMARY
============================================================
Output Directory: results/pmi10_sota_convnext_base_test/run_ap_csada_lr1e4_s42_05-02_19-46
Overall Accuracy: 0.9781
Balanced Accuracy: 0.9781
Overall F1 Score: 0.9783
Kappa: 0.9757
AUC: 0.9998
Expected Cost: 0.0500
Loss Function Used: ap_csada
Total Test Samples: 320
Classes: 00378-0208, 00378-3855, 00591-0461, 16729-0020, 50111-0434, 53489-0156, 53746-0544, 62037-0831, 68382-0008, 68382-0227

Detailed metrics saved to: results/pmi10_sota_convnext_base_test/run_ap_csada_lr1e4_s42_05-02_19-46
============================================================
