Prepared manifest loaded — Train=3448, Val=410, Calibration=538, Test=564
cuda
Using model backend=timm type=binary_sota_convnext_base with 2 labels
Early stopping enabled with patience=5
Using device: cuda
{'loss': '2.931', 'grad_norm': '22.23', 'learning_rate': '2.601e-06', 'epoch': '0.1852'}
{'loss': '2.73', 'grad_norm': '21.84', 'learning_rate': '5.491e-06', 'epoch': '0.3704'}
{'loss': '2.451', 'grad_norm': '21.64', 'learning_rate': '8.382e-06', 'epoch': '0.5556'}
{'loss': '2.02', 'grad_norm': '24.78', 'learning_rate': '1.127e-05', 'epoch': '0.7407'}
{'loss': '1.6', 'grad_norm': '21.06', 'learning_rate': '1.416e-05', 'epoch': '0.9259'}
{'eval_loss': '0.3698', 'eval_accuracy': '0.8463', 'eval_f1': '0.8426', 'eval_balanced_accuracy': '0.8463', 'eval_macro_f1': '0.8426', 'eval_atc': '0.1537', 'eval_normalized_atc': '0.02195', 'eval_target_recall': '1', 'eval_target_recall_macro': '1', 'eval_target_fnr': '0', 'eval_selection_score': '0.02196', 'eval_selection_accuracy_value': '0.8463', 'eval_nll': '0.3698', 'eval_brier': '0.2289', 'eval_ece': '0.03245', 'eval_auroc': '0.9454', 'eval_auprc': '0.931', 'eval_runtime': '5.183', 'eval_samples_per_second': '79.1', 'eval_steps_per_second': '5.016', 'epoch': '1'}
CustomImageProcessor configuration saved to checkpoints/binary_camera_ready_cost8_7_lr5e5_multiseed_20260505/binary_breakhis_run_ce_anchor_binary_lr5e5_s43/checkpoint-54/preprocessor_config.json
{'loss': '1.254', 'grad_norm': '38.77', 'learning_rate': '1.705e-05', 'epoch': '1.111'}
{'loss': '0.9987', 'grad_norm': '33.74', 'learning_rate': '1.994e-05', 'epoch': '1.296'}
{'loss': '0.9541', 'grad_norm': '46.66', 'learning_rate': '2.283e-05', 'epoch': '1.481'}
{'loss': '0.6607', 'grad_norm': '12.23', 'learning_rate': '2.572e-05', 'epoch': '1.667'}
{'loss': '0.6536', 'grad_norm': '79.76', 'learning_rate': '2.861e-05', 'epoch': '1.852'}
{'eval_loss': '0.7661', 'eval_accuracy': '0.8317', 'eval_f1': '0.8271', 'eval_balanced_accuracy': '0.8317', 'eval_macro_f1': '0.8271', 'eval_atc': '0.1829', 'eval_normalized_atc': '0.02613', 'eval_target_recall': '0.9951', 'eval_target_recall_macro': '0.9951', 'eval_target_fnr': '0.004878', 'eval_selection_score': '0.02647', 'eval_selection_accuracy_value': '0.8317', 'eval_nll': '0.7661', 'eval_brier': '0.3008', 'eval_ece': '0.1353', 'eval_auroc': '0.8515', 'eval_auprc': '0.7778', 'eval_runtime': '4.337', 'eval_samples_per_second': '94.53', 'eval_steps_per_second': '5.995', 'epoch': '2'}
CustomImageProcessor configuration saved to checkpoints/binary_camera_ready_cost8_7_lr5e5_multiseed_20260505/binary_breakhis_run_ce_anchor_binary_lr5e5_s43/checkpoint-108/preprocessor_config.json
{'loss': '0.5262', 'grad_norm': '23.05', 'learning_rate': '3.15e-05', 'epoch': '2.037'}
{'loss': '0.4982', 'grad_norm': '77.11', 'learning_rate': '3.439e-05', 'epoch': '2.222'}
{'loss': '0.4605', 'grad_norm': '34.7', 'learning_rate': '3.728e-05', 'epoch': '2.407'}
{'loss': '0.47', 'grad_norm': '80.56', 'learning_rate': '4.017e-05', 'epoch': '2.593'}
{'loss': '0.2665', 'grad_norm': '25.75', 'learning_rate': '4.306e-05', 'epoch': '2.778'}
{'loss': '0.3277', 'grad_norm': '55.68', 'learning_rate': '4.595e-05', 'epoch': '2.963'}
{'eval_loss': '1.439', 'eval_accuracy': '0.8293', 'eval_f1': '0.8241', 'eval_balanced_accuracy': '0.8293', 'eval_macro_f1': '0.8241', 'eval_atc': '0.1707', 'eval_normalized_atc': '0.02439', 'eval_target_recall': '1', 'eval_target_recall_macro': '1', 'eval_target_fnr': '0', 'eval_selection_score': '0.02482', 'eval_selection_accuracy_value': '0.8293', 'eval_nll': '1.439', 'eval_brier': '0.3405', 'eval_ece': '0.1717', 'eval_auroc': '0.8157', 'eval_auprc': '0.715', 'eval_runtime': '4.421', 'eval_samples_per_second': '92.73', 'eval_steps_per_second': '5.881', 'epoch': '3'}
CustomImageProcessor configuration saved to checkpoints/binary_camera_ready_cost8_7_lr5e5_multiseed_20260505/binary_breakhis_run_ce_anchor_binary_lr5e5_s43/checkpoint-162/preprocessor_config.json
{'loss': '0.2593', 'grad_norm': '34.99', 'learning_rate': '4.884e-05', 'epoch': '3.148'}
{'loss': '0.4474', 'grad_norm': '104.6', 'learning_rate': '5e-05', 'epoch': '3.333'}
{'loss': '0.3592', 'grad_norm': '117.9', 'learning_rate': '4.999e-05', 'epoch': '3.519'}
{'loss': '0.4622', 'grad_norm': '52.58', 'learning_rate': '4.997e-05', 'epoch': '3.704'}
{'loss': '0.4628', 'grad_norm': '92.11', 'learning_rate': '4.993e-05', 'epoch': '3.889'}
{'eval_loss': '1.251', 'eval_accuracy': '0.8293', 'eval_f1': '0.8244', 'eval_balanced_accuracy': '0.8293', 'eval_macro_f1': '0.8244', 'eval_atc': '0.1854', 'eval_normalized_atc': '0.02648', 'eval_target_recall': '0.9951', 'eval_target_recall_macro': '0.9951', 'eval_target_fnr': '0.004878', 'eval_selection_score': '0.02691', 'eval_selection_accuracy_value': '0.8293', 'eval_nll': '1.251', 'eval_brier': '0.3335', 'eval_ece': '0.163', 'eval_auroc': '0.8547', 'eval_auprc': '0.7875', 'eval_runtime': '4.349', 'eval_samples_per_second': '94.28', 'eval_steps_per_second': '5.979', 'epoch': '4'}
CustomImageProcessor configuration saved to checkpoints/binary_camera_ready_cost8_7_lr5e5_multiseed_20260505/binary_breakhis_run_ce_anchor_binary_lr5e5_s43/checkpoint-216/preprocessor_config.json
{'loss': '0.2485', 'grad_norm': '61.95', 'learning_rate': '4.989e-05', 'epoch': '4.074'}
{'loss': '0.09485', 'grad_norm': '25.41', 'learning_rate': '4.984e-05', 'epoch': '4.259'}
{'loss': '0.1227', 'grad_norm': '68.99', 'learning_rate': '4.978e-05', 'epoch': '4.444'}
{'loss': '0.1562', 'grad_norm': '39.2', 'learning_rate': '4.971e-05', 'epoch': '4.63'}
{'loss': '0.4971', 'grad_norm': '226.1', 'learning_rate': '4.962e-05', 'epoch': '4.815'}
{'loss': '0.2233', 'grad_norm': '21.56', 'learning_rate': '4.953e-05', 'epoch': '5'}
{'eval_loss': '1.567', 'eval_accuracy': '0.8317', 'eval_f1': '0.8268', 'eval_balanced_accuracy': '0.8317', 'eval_macro_f1': '0.8268', 'eval_atc': '0.1683', 'eval_normalized_atc': '0.02404', 'eval_target_recall': '1', 'eval_target_recall_macro': '1', 'eval_target_fnr': '0', 'eval_selection_score': '0.02438', 'eval_selection_accuracy_value': '0.8317', 'eval_nll': '1.567', 'eval_brier': '0.3333', 'eval_ece': '0.1659', 'eval_auroc': '0.8167', 'eval_auprc': '0.6965', 'eval_runtime': '4.069', 'eval_samples_per_second': '100.8', 'eval_steps_per_second': '6.39', 'epoch': '5'}
CustomImageProcessor configuration saved to checkpoints/binary_camera_ready_cost8_7_lr5e5_multiseed_20260505/binary_breakhis_run_ce_anchor_binary_lr5e5_s43/checkpoint-270/preprocessor_config.json
{'loss': '0.2028', 'grad_norm': '9.981', 'learning_rate': '4.943e-05', 'epoch': '5.185'}
{'loss': '0.1883', 'grad_norm': '9.158', 'learning_rate': '4.932e-05', 'epoch': '5.37'}
{'loss': '0.09559', 'grad_norm': '13.61', 'learning_rate': '4.919e-05', 'epoch': '5.556'}
{'loss': '0.268', 'grad_norm': '232.5', 'learning_rate': '4.906e-05', 'epoch': '5.741'}
{'loss': '1.13', 'grad_norm': '222.3', 'learning_rate': '4.892e-05', 'epoch': '5.926'}
{'eval_loss': '1.867', 'eval_accuracy': '0.8244', 'eval_f1': '0.8191', 'eval_balanced_accuracy': '0.8244', 'eval_macro_f1': '0.8191', 'eval_atc': '0.1902', 'eval_normalized_atc': '0.02718', 'eval_target_recall': '0.9951', 'eval_target_recall_macro': '0.9951', 'eval_target_fnr': '0.004878', 'eval_selection_score': '0.02783', 'eval_selection_accuracy_value': '0.8244', 'eval_nll': '1.867', 'eval_brier': '0.34', 'eval_ece': '0.1698', 'eval_auroc': '0.7721', 'eval_auprc': '0.6412', 'eval_runtime': '4.492', 'eval_samples_per_second': '91.27', 'eval_steps_per_second': '5.788', 'epoch': '6'}
CustomImageProcessor configuration saved to checkpoints/binary_camera_ready_cost8_7_lr5e5_multiseed_20260505/binary_breakhis_run_ce_anchor_binary_lr5e5_s43/checkpoint-324/preprocessor_config.json
{'train_runtime': '254.3', 'train_samples_per_second': '433.8', 'train_steps_per_second': '6.795', 'train_loss': '0.7452', 'epoch': '6'}
***** train metrics *****
  epoch                    =        6.0
  total_flos               =        0GF
  train_loss               =     0.7452
  train_runtime            = 0:04:14.32
  train_samples_per_second =    433.845
  train_steps_per_second   =      6.795
Using device: cuda

============================================================
PERFORMING COMPREHENSIVE EVALUATION
============================================================
Results will be saved to: results/binary_sota_convnext_base_test/binary_breakhis_run_ce_anchor_binary_lr5e5_s43_05-05_03-47
Saving run configuration...
Run configuration saved to: results/binary_sota_convnext_base_test/binary_breakhis_run_ce_anchor_binary_lr5e5_s43_05-05_03-47/run_configuration_20260505_034701.json
Running model evaluation...
Computing detailed metrics...
Saving metrics to files...
Metrics saved to: results/binary_sota_convnext_base_test/binary_breakhis_run_ce_anchor_binary_lr5e5_s43_05-05_03-47/metrics_20260505_034713_cross_entropy.json and results/binary_sota_convnext_base_test/binary_breakhis_run_ce_anchor_binary_lr5e5_s43_05-05_03-47/metrics_20260505_034713_cross_entropy.txt
Using provided class names: ['benign', 'malignant']
Skipping confusion matrix visualizations by configuration.

============================================================
TRAINING COMPLETED - RESULTS SUMMARY
============================================================
Output Directory: results/binary_sota_convnext_base_test/binary_breakhis_run_ce_anchor_binary_lr5e5_s43_05-05_03-47
Overall Accuracy: 0.9238
Balanced Accuracy: 0.9238
Overall F1 Score: 0.9237
Kappa: 0.8475
AUC: 0.9682
Expected Cost: 0.4167
Loss Function Used: cross_entropy
Total Test Samples: 564
Classes: benign, malignant

Detailed metrics saved to: results/binary_sota_convnext_base_test/binary_breakhis_run_ce_anchor_binary_lr5e5_s43_05-05_03-47
============================================================
