Prepared manifest loaded — Train=3448, Val=410, Calibration=538, Test=564
cuda
Using model backend=timm type=binary_sota_convnext_base with 2 labels
Loaded initial checkpoint: checkpoints/binary_camera_ready_cost8_7_lr5e5_multiseed_20260505/binary_breakhis_run_ce_anchor_binary_lr5e5_s43/checkpoint-54/model.safetensors
Early stopping enabled with patience=3
Using device: cuda
{'loss': '49.14', 'grad_norm': '409', 'learning_rate': '1.667e-06', 'epoch': '0.1852'}
{'loss': '44.45', 'grad_norm': '356', 'learning_rate': '3.519e-06', 'epoch': '0.3704'}
{'loss': '34.07', 'grad_norm': '291.3', 'learning_rate': '5.37e-06', 'epoch': '0.5556'}
{'loss': '21.91', 'grad_norm': '200.6', 'learning_rate': '7.222e-06', 'epoch': '0.7407'}
{'loss': '12.82', 'grad_norm': '66.93', 'learning_rate': '9.074e-06', 'epoch': '0.9259'}
{'eval_loss': '1.275', 'eval_accuracy': '0.5', 'eval_f1': '0.3333', 'eval_balanced_accuracy': '0.5', 'eval_macro_f1': '0.3333', 'eval_atc': '0.5', 'eval_normalized_atc': '0.07143', 'eval_target_recall': '1', 'eval_target_recall_macro': '1', 'eval_target_fnr': '0', 'eval_selection_score': '0.1939', 'eval_selection_accuracy_value': '0.5', 'eval_nll': '1.275', 'eval_brier': '0.8204', 'eval_ece': '0.4379', 'eval_auroc': '0.9199', 'eval_auprc': '0.8566', 'eval_runtime': '5.034', 'eval_samples_per_second': '81.45', 'eval_steps_per_second': '5.165', 'epoch': '1'}
CustomImageProcessor configuration saved to checkpoints/binary_camera_ready_cost8_7_lr5e5_multiseed_20260505/binary_breakhis_run_csada_lr5e5_s43/checkpoint-54/preprocessor_config.json
{'loss': '7.469', 'grad_norm': '24.7', 'learning_rate': '9.997e-06', 'epoch': '1.111'}
{'loss': '5.932', 'grad_norm': '15.63', 'learning_rate': '9.977e-06', 'epoch': '1.296'}
{'loss': '5.507', 'grad_norm': '9.828', 'learning_rate': '9.935e-06', 'epoch': '1.481'}
{'loss': '5.131', 'grad_norm': '11.55', 'learning_rate': '9.873e-06', 'epoch': '1.667'}
{'loss': '4.989', 'grad_norm': '17.31', 'learning_rate': '9.79e-06', 'epoch': '1.852'}
{'eval_loss': '0.7695', 'eval_accuracy': '0.5415', 'eval_f1': '0.4194', 'eval_balanced_accuracy': '0.5415', 'eval_macro_f1': '0.4194', 'eval_atc': '0.4585', 'eval_normalized_atc': '0.06551', 'eval_target_recall': '1', 'eval_target_recall_macro': '1', 'eval_target_fnr': '0', 'eval_selection_score': '0.1607', 'eval_selection_accuracy_value': '0.5415', 'eval_nll': '0.7695', 'eval_brier': '0.5189', 'eval_ece': '0.2767', 'eval_auroc': '0.8821', 'eval_auprc': '0.8234', 'eval_runtime': '4.267', 'eval_samples_per_second': '96.09', 'eval_steps_per_second': '6.093', 'epoch': '2'}
CustomImageProcessor configuration saved to checkpoints/binary_camera_ready_cost8_7_lr5e5_multiseed_20260505/binary_breakhis_run_csada_lr5e5_s43/checkpoint-108/preprocessor_config.json
{'loss': '4.889', 'grad_norm': '13.31', 'learning_rate': '9.687e-06', 'epoch': '2.037'}
{'loss': '4.514', 'grad_norm': '12.01', 'learning_rate': '9.565e-06', 'epoch': '2.222'}
{'loss': '4.437', 'grad_norm': '68.7', 'learning_rate': '9.424e-06', 'epoch': '2.407'}
{'loss': '4.363', 'grad_norm': '11.64', 'learning_rate': '9.264e-06', 'epoch': '2.593'}
{'loss': '4.239', 'grad_norm': '33.36', 'learning_rate': '9.086e-06', 'epoch': '2.778'}
{'loss': '3.691', 'grad_norm': '11.07', 'learning_rate': '8.892e-06', 'epoch': '2.963'}
{'eval_loss': '0.6314', 'eval_accuracy': '0.822', 'eval_f1': '0.8161', 'eval_balanced_accuracy': '0.822', 'eval_macro_f1': '0.8161', 'eval_atc': '0.178', 'eval_normalized_atc': '0.02544', 'eval_target_recall': '1', 'eval_target_recall_macro': '1', 'eval_target_fnr': '0', 'eval_selection_score': '0.02622', 'eval_selection_accuracy_value': '0.822', 'eval_nll': '0.6314', 'eval_brier': '0.3426', 'eval_ece': '0.1774', 'eval_auroc': '0.8381', 'eval_auprc': '0.7446', 'eval_runtime': '4.424', 'eval_samples_per_second': '92.68', 'eval_steps_per_second': '5.877', 'epoch': '3'}
CustomImageProcessor configuration saved to checkpoints/binary_camera_ready_cost8_7_lr5e5_multiseed_20260505/binary_breakhis_run_csada_lr5e5_s43/checkpoint-162/preprocessor_config.json
{'loss': '3.797', 'grad_norm': '18.13', 'learning_rate': '8.681e-06', 'epoch': '3.148'}
{'loss': '3.877', 'grad_norm': '47.16', 'learning_rate': '8.455e-06', 'epoch': '3.333'}
{'loss': '3.502', 'grad_norm': '26.67', 'learning_rate': '8.214e-06', 'epoch': '3.519'}
{'loss': '3.418', 'grad_norm': '36.02', 'learning_rate': '7.96e-06', 'epoch': '3.704'}
{'loss': '4.04', 'grad_norm': '63.59', 'learning_rate': '7.693e-06', 'epoch': '3.889'}
{'eval_loss': '0.6047', 'eval_accuracy': '0.8268', 'eval_f1': '0.8215', 'eval_balanced_accuracy': '0.8268', 'eval_macro_f1': '0.8215', 'eval_atc': '0.1732', 'eval_normalized_atc': '0.02474', 'eval_target_recall': '1', 'eval_target_recall_macro': '1', 'eval_target_fnr': '0', 'eval_selection_score': '0.02528', 'eval_selection_accuracy_value': '0.8268', 'eval_nll': '0.6047', 'eval_brier': '0.3292', 'eval_ece': '0.1478', 'eval_auroc': '0.8283', 'eval_auprc': '0.7574', 'eval_runtime': '4.658', 'eval_samples_per_second': '88.01', 'eval_steps_per_second': '5.581', 'epoch': '4'}
CustomImageProcessor configuration saved to checkpoints/binary_camera_ready_cost8_7_lr5e5_multiseed_20260505/binary_breakhis_run_csada_lr5e5_s43/checkpoint-216/preprocessor_config.json
{'train_runtime': '353.3', 'train_samples_per_second': '97.58', 'train_steps_per_second': '1.528', 'train_loss': '11.04', 'epoch': '4'}
***** train metrics *****
  epoch                    =        4.0
  total_flos               =        0GF
  train_loss               =    11.0448
  train_runtime            = 0:05:53.34
  train_samples_per_second =     97.582
  train_steps_per_second   =      1.528
Using device: cuda

============================================================
PERFORMING COMPREHENSIVE EVALUATION
============================================================
Results will be saved to: results/binary_sota_convnext_base_test/binary_breakhis_run_csada_lr5e5_s43_05-05_04-12
Saving run configuration...
Run configuration saved to: results/binary_sota_convnext_base_test/binary_breakhis_run_csada_lr5e5_s43_05-05_04-12/run_configuration_20260505_041239.json
Running model evaluation...
Computing detailed metrics...
Saving metrics to files...
Metrics saved to: results/binary_sota_convnext_base_test/binary_breakhis_run_csada_lr5e5_s43_05-05_04-12/metrics_20260505_041251_csada.json and results/binary_sota_convnext_base_test/binary_breakhis_run_csada_lr5e5_s43_05-05_04-12/metrics_20260505_041251_csada.txt
Using provided class names: ['benign', 'malignant']
Skipping confusion matrix visualizations by configuration.

============================================================
TRAINING COMPLETED - RESULTS SUMMARY
============================================================
Output Directory: results/binary_sota_convnext_base_test/binary_breakhis_run_csada_lr5e5_s43_05-05_04-12
Overall Accuracy: 0.5000
Balanced Accuracy: 0.5000
Overall F1 Score: 0.3333
Kappa: 0.0000
AUC: 0.9690
Expected Cost: 0.5000
Loss Function Used: csada
Total Test Samples: 564
Classes: benign, malignant

Detailed metrics saved to: results/binary_sota_convnext_base_test/binary_breakhis_run_csada_lr5e5_s43_05-05_04-12
============================================================
