Prepared manifest loaded — Train=3448, Val=410, Calibration=538, Test=564
cuda
Using model backend=timm type=binary_sota_convnext_base with 2 labels
Early stopping enabled with patience=5
Using device: cuda
{'loss': '2.516', 'grad_norm': '19.84', 'learning_rate': '4.952e-05', 'epoch': '0.1852'}
{'loss': '1.183', 'grad_norm': '19.95', 'learning_rate': '4.148e-05', 'epoch': '0.3704'}
{'loss': '0.8614', 'grad_norm': '11.93', 'learning_rate': '2.664e-05', 'epoch': '0.5556'}
{'loss': '0.7064', 'grad_norm': '29.19', 'learning_rate': '1.111e-05', 'epoch': '0.7407'}
{'loss': '0.5836', 'grad_norm': '18.13', 'learning_rate': '1.327e-06', 'epoch': '0.9259'}
{'eval_loss': '0.1749', 'eval_accuracy': '0.822', 'eval_f1': '0.8161', 'eval_balanced_accuracy': '0.822', 'eval_macro_f1': '0.8161', 'eval_atc': '0.178', 'eval_normalized_atc': '0.02544', 'eval_target_recall': '1', 'eval_target_recall_macro': '1', 'eval_target_fnr': '0', 'eval_selection_score': '0.02622', 'eval_selection_accuracy_value': '0.822', 'eval_nll': '0.6099', 'eval_brier': '0.3144', 'eval_ece': '0.1227', 'eval_auroc': '0.921', 'eval_auprc': '0.9033', 'eval_runtime': '5.219', 'eval_samples_per_second': '78.56', 'eval_steps_per_second': '4.982', 'epoch': '1'}
CustomImageProcessor configuration saved to checkpoints/binary_camera_ready_cost8_7_lr5e5_multiseed_20260505/binary_breakhis_smoke_cost_weighted_ce_lr5e5_s44/checkpoint-54/preprocessor_config.json
{'train_runtime': '46.39', 'train_samples_per_second': '74.33', 'train_steps_per_second': '1.164', 'train_loss': '1.127', 'epoch': '1'}
***** train metrics *****
  epoch                    =        1.0
  total_flos               =        0GF
  train_loss               =      1.127
  train_runtime            = 0:00:46.38
  train_samples_per_second =      74.33
  train_steps_per_second   =      1.164
Using device: cuda

============================================================
PERFORMING COMPREHENSIVE EVALUATION
============================================================
Results will be saved to: results/binary_sota_convnext_base_test/binary_breakhis_smoke_cost_weighted_ce_lr5e5_s44_05-05_02-10
Saving run configuration...
Run configuration saved to: results/binary_sota_convnext_base_test/binary_breakhis_smoke_cost_weighted_ce_lr5e5_s44_05-05_02-10/run_configuration_20260505_021039.json
Running model evaluation...
Computing detailed metrics...
Saving metrics to files...
Metrics saved to: results/binary_sota_convnext_base_test/binary_breakhis_smoke_cost_weighted_ce_lr5e5_s44_05-05_02-10/metrics_20260505_021052_cost_weighted_ce.json and results/binary_sota_convnext_base_test/binary_breakhis_smoke_cost_weighted_ce_lr5e5_s44_05-05_02-10/metrics_20260505_021052_cost_weighted_ce.txt
Using provided class names: ['benign', 'malignant']
Skipping confusion matrix visualizations by configuration.

============================================================
TRAINING COMPLETED - RESULTS SUMMARY
============================================================
Output Directory: results/binary_sota_convnext_base_test/binary_breakhis_smoke_cost_weighted_ce_lr5e5_s44_05-05_02-10
Overall Accuracy: 0.8777
Balanced Accuracy: 0.8777
Overall F1 Score: 0.8767
Kappa: 0.7553
AUC: 0.9795
Expected Cost: 0.2287
Loss Function Used: cost_weighted_ce
Total Test Samples: 564
Classes: benign, malignant

Detailed metrics saved to: results/binary_sota_convnext_base_test/binary_breakhis_smoke_cost_weighted_ce_lr5e5_s44_05-05_02-10
============================================================
