Prepared manifest loaded — Train=3448, Val=410, Calibration=538, Test=564
cuda
Using model backend=timm type=binary_sota_convnext_base with 2 labels
Loaded initial checkpoint: checkpoints/binary_camera_ready_cost8_7_lr5e5_multiseed_20260505/binary_breakhis_smoke_ce_anchor_binary_lr5e5_s44/checkpoint-54/model.safetensors
Early stopping enabled with patience=3
Using device: cuda
{'loss': '1.293', 'grad_norm': '78.2', 'learning_rate': '9.904e-06', 'epoch': '0.1852'}
{'loss': '1.093', 'grad_norm': '56.21', 'learning_rate': '8.297e-06', 'epoch': '0.3704'}
{'loss': '1.007', 'grad_norm': '28.01', 'learning_rate': '5.327e-06', 'epoch': '0.5556'}
{'loss': '1.434', 'grad_norm': '88.64', 'learning_rate': '2.222e-06', 'epoch': '0.7407'}
{'loss': '1.285', 'grad_norm': '99.55', 'learning_rate': '2.653e-07', 'epoch': '0.9259'}
{'eval_loss': '0.9969', 'eval_accuracy': '0.839', 'eval_f1': '0.8353', 'eval_balanced_accuracy': '0.839', 'eval_macro_f1': '0.8353', 'eval_atc': '0.1902', 'eval_normalized_atc': '0.02718', 'eval_target_recall': '0.9902', 'eval_target_recall_macro': '0.9902', 'eval_target_fnr': '0.009756', 'eval_selection_score': '0.0273', 'eval_selection_accuracy_value': '0.839', 'eval_nll': '0.831', 'eval_brier': '0.2961', 'eval_ece': '0.1389', 'eval_auroc': '0.9076', 'eval_auprc': '0.8877', 'eval_runtime': '5.13', 'eval_samples_per_second': '79.92', 'eval_steps_per_second': '5.068', 'epoch': '1'}
CustomImageProcessor configuration saved to checkpoints/binary_camera_ready_cost8_7_lr5e5_multiseed_20260505/binary_breakhis_smoke_cost_sensitive_regularized_ce_lr5e5_s44/checkpoint-54/preprocessor_config.json
{'train_runtime': '45.59', 'train_samples_per_second': '75.63', 'train_steps_per_second': '1.185', 'train_loss': '1.249', 'epoch': '1'}
***** train metrics *****
  epoch                    =        1.0
  total_flos               =        0GF
  train_loss               =      1.249
  train_runtime            = 0:00:45.58
  train_samples_per_second =     75.634
  train_steps_per_second   =      1.185
Using device: cuda

============================================================
PERFORMING COMPREHENSIVE EVALUATION
============================================================
Results will be saved to: results/binary_sota_convnext_base_test/binary_breakhis_smoke_cost_sensitive_regularized_ce_lr5e5_s44_05-05_02-12
Saving run configuration...
Run configuration saved to: results/binary_sota_convnext_base_test/binary_breakhis_smoke_cost_sensitive_regularized_ce_lr5e5_s44_05-05_02-12/run_configuration_20260505_021212.json
Running model evaluation...
Computing detailed metrics...
Saving metrics to files...
Metrics saved to: results/binary_sota_convnext_base_test/binary_breakhis_smoke_cost_sensitive_regularized_ce_lr5e5_s44_05-05_02-12/metrics_20260505_021225_cost_sensitive_regularized_ce.json and results/binary_sota_convnext_base_test/binary_breakhis_smoke_cost_sensitive_regularized_ce_lr5e5_s44_05-05_02-12/metrics_20260505_021225_cost_sensitive_regularized_ce.txt
Using provided class names: ['benign', 'malignant']
Skipping confusion matrix visualizations by configuration.

============================================================
TRAINING COMPLETED - RESULTS SUMMARY
============================================================
Output Directory: results/binary_sota_convnext_base_test/binary_breakhis_smoke_cost_sensitive_regularized_ce_lr5e5_s44_05-05_02-12
Overall Accuracy: 0.9025
Balanced Accuracy: 0.9025
Overall F1 Score: 0.9024
Kappa: 0.8050
AUC: 0.9779
Expected Cost: 0.3209
Loss Function Used: cost_sensitive_regularized_ce
Total Test Samples: 564
Classes: benign, malignant

Detailed metrics saved to: results/binary_sota_convnext_base_test/binary_breakhis_smoke_cost_sensitive_regularized_ce_lr5e5_s44_05-05_02-12
============================================================
