Prepared manifest loaded — Train=2098, Val=300, Calibration=300, Test=300
cuda
Using model backend=hf_auto type=convnext with 2 labels
Early stopping enabled with patience=3
Using device: cuda
{'loss': '0.7169', 'grad_norm': '1.124', 'learning_rate': '2.727e-05', 'epoch': '0.303'}
{'loss': '0.6908', 'grad_norm': '1.055', 'learning_rate': '5.758e-05', 'epoch': '0.6061'}
{'loss': '0.6551', 'grad_norm': '1.187', 'learning_rate': '8.788e-05', 'epoch': '0.9091'}
{'eval_loss': '0.6173', 'eval_accuracy': '0.6933', 'eval_f1': '0.6914', 'eval_balanced_accuracy': '0.6933', 'eval_macro_f1': '0.6914', 'eval_atc': '0.3067', 'eval_normalized_atc': '0.3067', 'eval_target_recall': '0.7733', 'eval_target_fnr': '0.2267', 'eval_selection_score': '0.4429', 'eval_selection_accuracy_value': '0.6933', 'eval_nll': '0.6173', 'eval_brier': '0.4263', 'eval_ece': '0.1133', 'eval_auroc': '0.7745', 'eval_auprc': '0.7895', 'eval_runtime': '8.02', 'eval_samples_per_second': '37.41', 'eval_steps_per_second': '2.369', 'epoch': '1'}
CustomImageProcessor configuration saved to checkpoints/stop4b_cost_ratio_spider_convnext_spider_balanced_costr1_convnext_ce_calibrated_cost_min_seed43/checkpoint-33/preprocessor_config.json
{'loss': '0.587', 'grad_norm': '1.814', 'learning_rate': '9.998e-05', 'epoch': '1.212'}
{'loss': '0.4808', 'grad_norm': '1.782', 'learning_rate': '9.984e-05', 'epoch': '1.515'}
{'loss': '0.4091', 'grad_norm': '1.881', 'learning_rate': '9.958e-05', 'epoch': '1.818'}
{'eval_loss': '0.3326', 'eval_accuracy': '0.87', 'eval_f1': '0.8699', 'eval_balanced_accuracy': '0.87', 'eval_macro_f1': '0.8699', 'eval_atc': '0.13', 'eval_normalized_atc': '0.13', 'eval_target_recall': '0.9', 'eval_target_fnr': '0.1', 'eval_selection_score': '0.14', 'eval_selection_accuracy_value': '0.87', 'eval_nll': '0.3326', 'eval_brier': '0.2029', 'eval_ece': '0.03498', 'eval_auroc': '0.9362', 'eval_auprc': '0.9407', 'eval_runtime': '2.01', 'eval_samples_per_second': '149.2', 'eval_steps_per_second': '9.452', 'epoch': '2'}
CustomImageProcessor configuration saved to checkpoints/stop4b_cost_ratio_spider_convnext_spider_balanced_costr1_convnext_ce_calibrated_cost_min_seed43/checkpoint-66/preprocessor_config.json
{'loss': '0.2937', 'grad_norm': '2.9', 'learning_rate': '9.919e-05', 'epoch': '2.121'}
{'loss': '0.2913', 'grad_norm': '3.02', 'learning_rate': '9.868e-05', 'epoch': '2.424'}
{'loss': '0.2529', 'grad_norm': '2.337', 'learning_rate': '9.804e-05', 'epoch': '2.727'}
{'eval_loss': '0.2375', 'eval_accuracy': '0.9033', 'eval_f1': '0.9033', 'eval_balanced_accuracy': '0.9033', 'eval_macro_f1': '0.9033', 'eval_atc': '0.09667', 'eval_normalized_atc': '0.09667', 'eval_target_recall': '0.8933', 'eval_target_fnr': '0.1067', 'eval_selection_score': '0.1095', 'eval_selection_accuracy_value': '0.9033', 'eval_nll': '0.2375', 'eval_brier': '0.147', 'eval_ece': '0.05108', 'eval_auroc': '0.968', 'eval_auprc': '0.9714', 'eval_runtime': '2.151', 'eval_samples_per_second': '139.5', 'eval_steps_per_second': '8.833', 'epoch': '3'}
CustomImageProcessor configuration saved to checkpoints/stop4b_cost_ratio_spider_convnext_spider_balanced_costr1_convnext_ce_calibrated_cost_min_seed43/checkpoint-99/preprocessor_config.json
{'loss': '0.2184', 'grad_norm': '2.527', 'learning_rate': '9.729e-05', 'epoch': '3.03'}
{'loss': '0.1802', 'grad_norm': '2.725', 'learning_rate': '9.642e-05', 'epoch': '3.333'}
{'loss': '0.2344', 'grad_norm': '8.569', 'learning_rate': '9.543e-05', 'epoch': '3.636'}
{'loss': '0.1773', 'grad_norm': '2.894', 'learning_rate': '9.433e-05', 'epoch': '3.939'}
{'eval_loss': '0.2265', 'eval_accuracy': '0.9067', 'eval_f1': '0.9066', 'eval_balanced_accuracy': '0.9067', 'eval_macro_f1': '0.9066', 'eval_atc': '0.09333', 'eval_normalized_atc': '0.09333', 'eval_target_recall': '0.8867', 'eval_target_fnr': '0.1133', 'eval_selection_score': '0.1094', 'eval_selection_accuracy_value': '0.9067', 'eval_nll': '0.2265', 'eval_brier': '0.1381', 'eval_ece': '0.02822', 'eval_auroc': '0.9719', 'eval_auprc': '0.9737', 'eval_runtime': '2.516', 'eval_samples_per_second': '119.2', 'eval_steps_per_second': '7.551', 'epoch': '4'}
CustomImageProcessor configuration saved to checkpoints/stop4b_cost_ratio_spider_convnext_spider_balanced_costr1_convnext_ce_calibrated_cost_min_seed43/checkpoint-132/preprocessor_config.json
{'loss': '0.1292', 'grad_norm': '2.874', 'learning_rate': '9.311e-05', 'epoch': '4.242'}
{'loss': '0.1488', 'grad_norm': '5.394', 'learning_rate': '9.179e-05', 'epoch': '4.545'}
{'loss': '0.1606', 'grad_norm': '2.788', 'learning_rate': '9.036e-05', 'epoch': '4.848'}
{'eval_loss': '0.3555', 'eval_accuracy': '0.88', 'eval_f1': '0.8786', 'eval_balanced_accuracy': '0.88', 'eval_macro_f1': '0.8786', 'eval_atc': '0.12', 'eval_normalized_atc': '0.12', 'eval_target_recall': '0.9867', 'eval_target_fnr': '0.01333', 'eval_selection_score': '0.12', 'eval_selection_accuracy_value': '0.88', 'eval_nll': '0.3555', 'eval_brier': '0.1944', 'eval_ece': '0.07078', 'eval_auroc': '0.9675', 'eval_auprc': '0.9724', 'eval_runtime': '2.111', 'eval_samples_per_second': '142.1', 'eval_steps_per_second': '8.999', 'epoch': '5'}
CustomImageProcessor configuration saved to checkpoints/stop4b_cost_ratio_spider_convnext_spider_balanced_costr1_convnext_ce_calibrated_cost_min_seed43/checkpoint-165/preprocessor_config.json
{'loss': '0.1709', 'grad_norm': '6.357', 'learning_rate': '8.883e-05', 'epoch': '5.152'}
{'loss': '0.1146', 'grad_norm': '3.297', 'learning_rate': '8.721e-05', 'epoch': '5.455'}
{'loss': '0.126', 'grad_norm': '8.899', 'learning_rate': '8.549e-05', 'epoch': '5.758'}
{'eval_loss': '0.2426', 'eval_accuracy': '0.91', 'eval_f1': '0.9099', 'eval_balanced_accuracy': '0.91', 'eval_macro_f1': '0.9099', 'eval_atc': '0.09', 'eval_normalized_atc': '0.09', 'eval_target_recall': '0.9467', 'eval_target_fnr': '0.05333', 'eval_selection_score': '0.09004', 'eval_selection_accuracy_value': '0.91', 'eval_nll': '0.2426', 'eval_brier': '0.1388', 'eval_ece': '0.05273', 'eval_auroc': '0.9758', 'eval_auprc': '0.9781', 'eval_runtime': '2.402', 'eval_samples_per_second': '124.9', 'eval_steps_per_second': '7.909', 'epoch': '6'}
CustomImageProcessor configuration saved to checkpoints/stop4b_cost_ratio_spider_convnext_spider_balanced_costr1_convnext_ce_calibrated_cost_min_seed43/checkpoint-198/preprocessor_config.json
{'loss': '0.1552', 'grad_norm': '2.539', 'learning_rate': '8.368e-05', 'epoch': '6.061'}
{'loss': '0.09938', 'grad_norm': '1.438', 'learning_rate': '8.179e-05', 'epoch': '6.364'}
{'loss': '0.09768', 'grad_norm': '1.545', 'learning_rate': '7.981e-05', 'epoch': '6.667'}
{'loss': '0.1304', 'grad_norm': '2.301', 'learning_rate': '7.777e-05', 'epoch': '6.97'}
{'eval_loss': '0.2298', 'eval_accuracy': '0.92', 'eval_f1': '0.92', 'eval_balanced_accuracy': '0.92', 'eval_macro_f1': '0.92', 'eval_atc': '0.08', 'eval_normalized_atc': '0.08', 'eval_target_recall': '0.9267', 'eval_target_fnr': '0.07333', 'eval_selection_score': '0.08218', 'eval_selection_accuracy_value': '0.92', 'eval_nll': '0.2298', 'eval_brier': '0.126', 'eval_ece': '0.05071', 'eval_auroc': '0.978', 'eval_auprc': '0.9803', 'eval_runtime': '2.369', 'eval_samples_per_second': '126.6', 'eval_steps_per_second': '8.021', 'epoch': '7'}
CustomImageProcessor configuration saved to checkpoints/stop4b_cost_ratio_spider_convnext_spider_balanced_costr1_convnext_ce_calibrated_cost_min_seed43/checkpoint-231/preprocessor_config.json
{'loss': '0.09148', 'grad_norm': '4.127', 'learning_rate': '7.565e-05', 'epoch': '7.273'}
{'loss': '0.1015', 'grad_norm': '2.022', 'learning_rate': '7.347e-05', 'epoch': '7.576'}
{'loss': '0.1026', 'grad_norm': '3.702', 'learning_rate': '7.123e-05', 'epoch': '7.879'}
{'eval_loss': '0.2925', 'eval_accuracy': '0.91', 'eval_f1': '0.9098', 'eval_balanced_accuracy': '0.91', 'eval_macro_f1': '0.9098', 'eval_atc': '0.09', 'eval_normalized_atc': '0.09', 'eval_target_recall': '0.96', 'eval_target_fnr': '0.04', 'eval_selection_score': '0.09', 'eval_selection_accuracy_value': '0.91', 'eval_nll': '0.2925', 'eval_brier': '0.1512', 'eval_ece': '0.07072', 'eval_auroc': '0.9725', 'eval_auprc': '0.9767', 'eval_runtime': '2.558', 'eval_samples_per_second': '117.3', 'eval_steps_per_second': '7.429', 'epoch': '8'}
CustomImageProcessor configuration saved to checkpoints/stop4b_cost_ratio_spider_convnext_spider_balanced_costr1_convnext_ce_calibrated_cost_min_seed43/checkpoint-264/preprocessor_config.json
{'loss': '0.1142', 'grad_norm': '2.201', 'learning_rate': '6.893e-05', 'epoch': '8.182'}
{'loss': '0.1127', 'grad_norm': '8.203', 'learning_rate': '6.659e-05', 'epoch': '8.485'}
{'loss': '0.07029', 'grad_norm': '1.066', 'learning_rate': '6.421e-05', 'epoch': '8.788'}
{'eval_loss': '0.1796', 'eval_accuracy': '0.9333', 'eval_f1': '0.9333', 'eval_balanced_accuracy': '0.9333', 'eval_macro_f1': '0.9333', 'eval_atc': '0.06667', 'eval_normalized_atc': '0.06667', 'eval_target_recall': '0.94', 'eval_target_fnr': '0.06', 'eval_selection_score': '0.06707', 'eval_selection_accuracy_value': '0.9333', 'eval_nll': '0.1796', 'eval_brier': '0.102', 'eval_ece': '0.04146', 'eval_auroc': '0.9866', 'eval_auprc': '0.9876', 'eval_runtime': '2.429', 'eval_samples_per_second': '123.5', 'eval_steps_per_second': '7.821', 'epoch': '9'}
CustomImageProcessor configuration saved to checkpoints/stop4b_cost_ratio_spider_convnext_spider_balanced_costr1_convnext_ce_calibrated_cost_min_seed43/checkpoint-297/preprocessor_config.json
{'loss': '0.07471', 'grad_norm': '3.703', 'learning_rate': '6.179e-05', 'epoch': '9.091'}
{'loss': '0.07519', 'grad_norm': '1.632', 'learning_rate': '5.934e-05', 'epoch': '9.394'}
{'loss': '0.06765', 'grad_norm': '1.431', 'learning_rate': '5.687e-05', 'epoch': '9.697'}
{'loss': '0.06046', 'grad_norm': '5.195', 'learning_rate': '5.438e-05', 'epoch': '10'}
{'eval_loss': '0.2918', 'eval_accuracy': '0.93', 'eval_f1': '0.9298', 'eval_balanced_accuracy': '0.93', 'eval_macro_f1': '0.9298', 'eval_atc': '0.07', 'eval_normalized_atc': '0.07', 'eval_target_recall': '0.98', 'eval_target_fnr': '0.02', 'eval_selection_score': '0.07', 'eval_selection_accuracy_value': '0.93', 'eval_nll': '0.2918', 'eval_brier': '0.1245', 'eval_ece': '0.05765', 'eval_auroc': '0.9761', 'eval_auprc': '0.9813', 'eval_runtime': '1.968', 'eval_samples_per_second': '152.5', 'eval_steps_per_second': '9.656', 'epoch': '10'}
CustomImageProcessor configuration saved to checkpoints/stop4b_cost_ratio_spider_convnext_spider_balanced_costr1_convnext_ce_calibrated_cost_min_seed43/checkpoint-330/preprocessor_config.json
{'loss': '0.1091', 'grad_norm': '3.688', 'learning_rate': '5.188e-05', 'epoch': '10.3'}
{'loss': '0.08157', 'grad_norm': '7.443', 'learning_rate': '4.937e-05', 'epoch': '10.61'}
{'loss': '0.09079', 'grad_norm': '1.875', 'learning_rate': '4.687e-05', 'epoch': '10.91'}
{'eval_loss': '0.2366', 'eval_accuracy': '0.9167', 'eval_f1': '0.9166', 'eval_balanced_accuracy': '0.9167', 'eval_macro_f1': '0.9166', 'eval_atc': '0.08333', 'eval_normalized_atc': '0.08333', 'eval_target_recall': '0.9333', 'eval_target_fnr': '0.06667', 'eval_selection_score': '0.08444', 'eval_selection_accuracy_value': '0.9167', 'eval_nll': '0.2366', 'eval_brier': '0.127', 'eval_ece': '0.06069', 'eval_auroc': '0.9832', 'eval_auprc': '0.9843', 'eval_runtime': '2.228', 'eval_samples_per_second': '134.6', 'eval_steps_per_second': '8.527', 'epoch': '11'}
CustomImageProcessor configuration saved to checkpoints/stop4b_cost_ratio_spider_convnext_spider_balanced_costr1_convnext_ce_calibrated_cost_min_seed43/checkpoint-363/preprocessor_config.json
{'loss': '0.09122', 'grad_norm': '3.924', 'learning_rate': '4.438e-05', 'epoch': '11.21'}
{'loss': '0.06811', 'grad_norm': '5.674', 'learning_rate': '4.189e-05', 'epoch': '11.52'}
{'loss': '0.06234', 'grad_norm': '4.263', 'learning_rate': '3.943e-05', 'epoch': '11.82'}
{'eval_loss': '0.2095', 'eval_accuracy': '0.9367', 'eval_f1': '0.9366', 'eval_balanced_accuracy': '0.9367', 'eval_macro_f1': '0.9366', 'eval_atc': '0.06333', 'eval_normalized_atc': '0.06333', 'eval_target_recall': '0.9533', 'eval_target_fnr': '0.04667', 'eval_selection_score': '0.06333', 'eval_selection_accuracy_value': '0.9367', 'eval_nll': '0.2095', 'eval_brier': '0.1081', 'eval_ece': '0.05189', 'eval_auroc': '0.9858', 'eval_auprc': '0.9873', 'eval_runtime': '1.93', 'eval_samples_per_second': '155.4', 'eval_steps_per_second': '9.843', 'epoch': '12'}
CustomImageProcessor configuration saved to checkpoints/stop4b_cost_ratio_spider_convnext_spider_balanced_costr1_convnext_ce_calibrated_cost_min_seed43/checkpoint-396/preprocessor_config.json
{'loss': '0.06442', 'grad_norm': '1.889', 'learning_rate': '3.7e-05', 'epoch': '12.12'}
{'loss': '0.09121', 'grad_norm': '6.648', 'learning_rate': '3.46e-05', 'epoch': '12.42'}
{'loss': '0.08728', 'grad_norm': '1.404', 'learning_rate': '3.223e-05', 'epoch': '12.73'}
{'eval_loss': '0.248', 'eval_accuracy': '0.9333', 'eval_f1': '0.9333', 'eval_balanced_accuracy': '0.9333', 'eval_macro_f1': '0.9333', 'eval_atc': '0.06667', 'eval_normalized_atc': '0.06667', 'eval_target_recall': '0.9467', 'eval_target_fnr': '0.05333', 'eval_selection_score': '0.06671', 'eval_selection_accuracy_value': '0.9333', 'eval_nll': '0.248', 'eval_brier': '0.1127', 'eval_ece': '0.05044', 'eval_auroc': '0.9804', 'eval_auprc': '0.9827', 'eval_runtime': '2.193', 'eval_samples_per_second': '136.8', 'eval_steps_per_second': '8.663', 'epoch': '13'}
CustomImageProcessor configuration saved to checkpoints/stop4b_cost_ratio_spider_convnext_spider_balanced_costr1_convnext_ce_calibrated_cost_min_seed43/checkpoint-429/preprocessor_config.json
{'loss': '0.07507', 'grad_norm': '4.62', 'learning_rate': '2.992e-05', 'epoch': '13.03'}
{'loss': '0.05517', 'grad_norm': '4.059', 'learning_rate': '2.765e-05', 'epoch': '13.33'}
{'loss': '0.07771', 'grad_norm': '0.885', 'learning_rate': '2.544e-05', 'epoch': '13.64'}
{'loss': '0.06937', 'grad_norm': '2.45', 'learning_rate': '2.328e-05', 'epoch': '13.94'}
{'eval_loss': '0.2494', 'eval_accuracy': '0.9233', 'eval_f1': '0.9233', 'eval_balanced_accuracy': '0.9233', 'eval_macro_f1': '0.9233', 'eval_atc': '0.07667', 'eval_normalized_atc': '0.07667', 'eval_target_recall': '0.9133', 'eval_target_fnr': '0.08667', 'eval_selection_score': '0.08204', 'eval_selection_accuracy_value': '0.9233', 'eval_nll': '0.2494', 'eval_brier': '0.1303', 'eval_ece': '0.06523', 'eval_auroc': '0.982', 'eval_auprc': '0.9837', 'eval_runtime': '2.12', 'eval_samples_per_second': '141.5', 'eval_steps_per_second': '8.964', 'epoch': '14'}
CustomImageProcessor configuration saved to checkpoints/stop4b_cost_ratio_spider_convnext_spider_balanced_costr1_convnext_ce_calibrated_cost_min_seed43/checkpoint-462/preprocessor_config.json
{'loss': '0.06271', 'grad_norm': '2.101', 'learning_rate': '2.12e-05', 'epoch': '14.24'}
{'loss': '0.03794', 'grad_norm': '2.479', 'learning_rate': '1.919e-05', 'epoch': '14.55'}
{'loss': '0.05758', 'grad_norm': '1.326', 'learning_rate': '1.726e-05', 'epoch': '14.85'}
{'eval_loss': '0.2307', 'eval_accuracy': '0.9233', 'eval_f1': '0.9233', 'eval_balanced_accuracy': '0.9233', 'eval_macro_f1': '0.9233', 'eval_atc': '0.07667', 'eval_normalized_atc': '0.07667', 'eval_target_recall': '0.92', 'eval_target_fnr': '0.08', 'eval_selection_score': '0.08027', 'eval_selection_accuracy_value': '0.9233', 'eval_nll': '0.2307', 'eval_brier': '0.1204', 'eval_ece': '0.05332', 'eval_auroc': '0.9843', 'eval_auprc': '0.9859', 'eval_runtime': '1.934', 'eval_samples_per_second': '155.1', 'eval_steps_per_second': '9.824', 'epoch': '15'}
CustomImageProcessor configuration saved to checkpoints/stop4b_cost_ratio_spider_convnext_spider_balanced_costr1_convnext_ce_calibrated_cost_min_seed43/checkpoint-495/preprocessor_config.json
{'train_runtime': '157.7', 'train_samples_per_second': '266.1', 'train_steps_per_second': '4.185', 'train_loss': '0.1738', 'epoch': '15'}
***** train metrics *****
  epoch                    =        15.0
  total_flos               = 736458954GF
  train_loss               =      0.1738
  train_runtime            =  0:02:37.71
  train_samples_per_second =     266.056
  train_steps_per_second   =       4.185
Using device: cuda

============================================================
PERFORMING COMPREHENSIVE EVALUATION
============================================================
Results will be saved to: results/convnext_test/stop4b_cost_ratio_spider_convnext_spider_balanced_costr1_convnext_ce_calibrated_cost_min_seed43_04-28_23-42
Saving run configuration...
Run configuration saved to: results/convnext_test/stop4b_cost_ratio_spider_convnext_spider_balanced_costr1_convnext_ce_calibrated_cost_min_seed43_04-28_23-42/run_configuration_20260428_234214.json
Running model evaluation...
Computing detailed metrics...
Saving metrics to files...
Metrics saved to: results/convnext_test/stop4b_cost_ratio_spider_convnext_spider_balanced_costr1_convnext_ce_calibrated_cost_min_seed43_04-28_23-42/metrics_20260428_234223_ce_calibrated_cost_min.json and results/convnext_test/stop4b_cost_ratio_spider_convnext_spider_balanced_costr1_convnext_ce_calibrated_cost_min_seed43_04-28_23-42/metrics_20260428_234223_ce_calibrated_cost_min.txt
Creating confusion matrix visualizations...
Using provided class names: ['black_widow', 'false_widow']
Confusion matrix visualizations (3-panel) saved to: results/convnext_test/stop4b_cost_ratio_spider_convnext_spider_balanced_costr1_convnext_ce_calibrated_cost_min_seed43_04-28_23-42/confusion_matrix_20260428_234223_ce_calibrated_cost_min.png and results/convnext_test/stop4b_cost_ratio_spider_convnext_spider_balanced_costr1_convnext_ce_calibrated_cost_min_seed43_04-28_23-42/confusion_matrix_20260428_234223_ce_calibrated_cost_min.pdf
Detailed confusion matrix saved to: results/convnext_test/stop4b_cost_ratio_spider_convnext_spider_balanced_costr1_convnext_ce_calibrated_cost_min_seed43_04-28_23-42/confusion_matrix_detailed_20260428_234223_ce_calibrated_cost_min.png

============================================================
TRAINING COMPLETED - RESULTS SUMMARY
============================================================
Output Directory: results/convnext_test/stop4b_cost_ratio_spider_convnext_spider_balanced_costr1_convnext_ce_calibrated_cost_min_seed43_04-28_23-42
Overall Accuracy: 0.9500
Balanced Accuracy: 0.9500
Overall F1 Score: 0.9500
Kappa: 0.9000
AUC: 0.9898
Expected Cost: 0.0500
Loss Function Used: ce_calibrated_cost_min
Total Test Samples: 300
Classes: black_widow, false_widow

Detailed metrics and visualizations saved to: results/convnext_test/stop4b_cost_ratio_spider_convnext_spider_balanced_costr1_convnext_ce_calibrated_cost_min_seed43_04-28_23-42
============================================================
