Prepared manifest loaded — Train=2098, Val=300, Calibration=300, Test=300
cuda
Using model backend=hf_auto type=convnext with 2 labels
Early stopping enabled with patience=3
Using device: cuda
{'loss': '0.7591', 'grad_norm': '3.514', 'learning_rate': '2.727e-05', 'epoch': '0.303'}
{'loss': '0.7163', 'grad_norm': '2.297', 'learning_rate': '5.758e-05', 'epoch': '0.6061'}
{'loss': '0.69', 'grad_norm': '1.68', 'learning_rate': '8.788e-05', 'epoch': '0.9091'}
{'eval_loss': '0.6422', 'eval_accuracy': '0.84', 'eval_f1': '0.8397', 'eval_balanced_accuracy': '0.84', 'eval_macro_f1': '0.8397', 'eval_atc': '0.22', 'eval_normalized_atc': '0.11', 'eval_target_recall': '0.88', 'eval_target_fnr': '0.12', 'eval_selection_score': '0.1296', 'eval_selection_accuracy_value': '0.84', 'eval_nll': '0.5923', 'eval_brier': '0.4007', 'eval_ece': '0.2722', 'eval_auroc': '0.915', 'eval_auprc': '0.9236', 'eval_runtime': '3.152', 'eval_samples_per_second': '95.19', 'eval_steps_per_second': '6.028', 'epoch': '1'}
CustomImageProcessor configuration saved to checkpoints/stop4b_cost_ratio_spider_convnext_spider_balanced_costr2_convnext_nicme_hybrid_seed42/checkpoint-33/preprocessor_config.json
{'loss': '0.6322', 'grad_norm': '1.305', 'learning_rate': '9.998e-05', 'epoch': '1.212'}
{'loss': '0.5468', 'grad_norm': '2.613', 'learning_rate': '9.984e-05', 'epoch': '1.515'}
{'loss': '0.4895', 'grad_norm': '4.159', 'learning_rate': '9.958e-05', 'epoch': '1.818'}
{'eval_loss': '0.382', 'eval_accuracy': '0.89', 'eval_f1': '0.8898', 'eval_balanced_accuracy': '0.89', 'eval_macro_f1': '0.8898', 'eval_atc': '0.1433', 'eval_normalized_atc': '0.07167', 'eval_target_recall': '0.9333', 'eval_target_fnr': '0.06667', 'eval_selection_score': '0.07278', 'eval_selection_accuracy_value': '0.89', 'eval_nll': '0.3065', 'eval_brier': '0.1755', 'eval_ece': '0.09989', 'eval_auroc': '0.9657', 'eval_auprc': '0.9702', 'eval_runtime': '2.597', 'eval_samples_per_second': '115.5', 'eval_steps_per_second': '7.317', 'epoch': '2'}
CustomImageProcessor configuration saved to checkpoints/stop4b_cost_ratio_spider_convnext_spider_balanced_costr2_convnext_nicme_hybrid_seed42/checkpoint-66/preprocessor_config.json
{'loss': '0.3693', 'grad_norm': '2.495', 'learning_rate': '9.919e-05', 'epoch': '2.121'}
{'loss': '0.4216', 'grad_norm': '5.306', 'learning_rate': '9.868e-05', 'epoch': '2.424'}
{'loss': '0.3506', 'grad_norm': '4.052', 'learning_rate': '9.804e-05', 'epoch': '2.727'}
{'eval_loss': '0.3028', 'eval_accuracy': '0.9067', 'eval_f1': '0.9066', 'eval_balanced_accuracy': '0.9067', 'eval_macro_f1': '0.9066', 'eval_atc': '0.13', 'eval_normalized_atc': '0.065', 'eval_target_recall': '0.9267', 'eval_target_fnr': '0.07333', 'eval_selection_score': '0.06718', 'eval_selection_accuracy_value': '0.9067', 'eval_nll': '0.2169', 'eval_brier': '0.1276', 'eval_ece': '0.05985', 'eval_auroc': '0.9777', 'eval_auprc': '0.9784', 'eval_runtime': '2.19', 'eval_samples_per_second': '137', 'eval_steps_per_second': '8.676', 'epoch': '3'}
CustomImageProcessor configuration saved to checkpoints/stop4b_cost_ratio_spider_convnext_spider_balanced_costr2_convnext_nicme_hybrid_seed42/checkpoint-99/preprocessor_config.json
{'loss': '0.3212', 'grad_norm': '3.114', 'learning_rate': '9.729e-05', 'epoch': '3.03'}
{'loss': '0.2502', 'grad_norm': '5.961', 'learning_rate': '9.642e-05', 'epoch': '3.333'}
{'loss': '0.334', 'grad_norm': '10.36', 'learning_rate': '9.543e-05', 'epoch': '3.636'}
{'loss': '0.2689', 'grad_norm': '5.539', 'learning_rate': '9.433e-05', 'epoch': '3.939'}
{'eval_loss': '0.2573', 'eval_accuracy': '0.9333', 'eval_f1': '0.9333', 'eval_balanced_accuracy': '0.9333', 'eval_macro_f1': '0.9333', 'eval_atc': '0.1067', 'eval_normalized_atc': '0.05333', 'eval_target_recall': '0.92', 'eval_target_fnr': '0.08', 'eval_selection_score': '0.05693', 'eval_selection_accuracy_value': '0.9333', 'eval_nll': '0.1795', 'eval_brier': '0.1059', 'eval_ece': '0.05034', 'eval_auroc': '0.984', 'eval_auprc': '0.9855', 'eval_runtime': '2.477', 'eval_samples_per_second': '121.1', 'eval_steps_per_second': '7.671', 'epoch': '4'}
CustomImageProcessor configuration saved to checkpoints/stop4b_cost_ratio_spider_convnext_spider_balanced_costr2_convnext_nicme_hybrid_seed42/checkpoint-132/preprocessor_config.json
{'loss': '0.1932', 'grad_norm': '2.556', 'learning_rate': '9.311e-05', 'epoch': '4.242'}
{'loss': '0.2378', 'grad_norm': '3.847', 'learning_rate': '9.179e-05', 'epoch': '4.545'}
{'loss': '0.2185', 'grad_norm': '6.733', 'learning_rate': '9.036e-05', 'epoch': '4.848'}
{'eval_loss': '0.3588', 'eval_accuracy': '0.89', 'eval_f1': '0.8892', 'eval_balanced_accuracy': '0.89', 'eval_macro_f1': '0.8892', 'eval_atc': '0.1233', 'eval_normalized_atc': '0.06167', 'eval_target_recall': '0.9733', 'eval_target_fnr': '0.02667', 'eval_selection_score': '0.06167', 'eval_selection_accuracy_value': '0.89', 'eval_nll': '0.226', 'eval_brier': '0.1366', 'eval_ece': '0.04943', 'eval_auroc': '0.9806', 'eval_auprc': '0.9823', 'eval_runtime': '2.232', 'eval_samples_per_second': '134.4', 'eval_steps_per_second': '8.513', 'epoch': '5'}
CustomImageProcessor configuration saved to checkpoints/stop4b_cost_ratio_spider_convnext_spider_balanced_costr2_convnext_nicme_hybrid_seed42/checkpoint-165/preprocessor_config.json
{'loss': '0.2421', 'grad_norm': '5.911', 'learning_rate': '8.883e-05', 'epoch': '5.152'}
{'loss': '0.1624', 'grad_norm': '5.247', 'learning_rate': '8.721e-05', 'epoch': '5.455'}
{'loss': '0.1605', 'grad_norm': '8.83', 'learning_rate': '8.549e-05', 'epoch': '5.758'}
{'eval_loss': '0.3408', 'eval_accuracy': '0.9167', 'eval_f1': '0.9165', 'eval_balanced_accuracy': '0.9167', 'eval_macro_f1': '0.9165', 'eval_atc': '0.1', 'eval_normalized_atc': '0.05', 'eval_target_recall': '0.9667', 'eval_target_fnr': '0.03333', 'eval_selection_score': '0.05', 'eval_selection_accuracy_value': '0.9167', 'eval_nll': '0.201', 'eval_brier': '0.1263', 'eval_ece': '0.03456', 'eval_auroc': '0.9837', 'eval_auprc': '0.9843', 'eval_runtime': '2.451', 'eval_samples_per_second': '122.4', 'eval_steps_per_second': '7.751', 'epoch': '6'}
CustomImageProcessor configuration saved to checkpoints/stop4b_cost_ratio_spider_convnext_spider_balanced_costr2_convnext_nicme_hybrid_seed42/checkpoint-198/preprocessor_config.json
{'loss': '0.2175', 'grad_norm': '2.547', 'learning_rate': '8.368e-05', 'epoch': '6.061'}
{'loss': '0.1427', 'grad_norm': '4.702', 'learning_rate': '8.179e-05', 'epoch': '6.364'}
{'loss': '0.1591', 'grad_norm': '4.667', 'learning_rate': '7.981e-05', 'epoch': '6.667'}
{'loss': '0.1636', 'grad_norm': '1.257', 'learning_rate': '7.777e-05', 'epoch': '6.97'}
{'eval_loss': '0.2978', 'eval_accuracy': '0.9267', 'eval_f1': '0.9267', 'eval_balanced_accuracy': '0.9267', 'eval_macro_f1': '0.9267', 'eval_atc': '0.1067', 'eval_normalized_atc': '0.05333', 'eval_target_recall': '0.9333', 'eval_target_fnr': '0.06667', 'eval_selection_score': '0.05444', 'eval_selection_accuracy_value': '0.9267', 'eval_nll': '0.1668', 'eval_brier': '0.09897', 'eval_ece': '0.03328', 'eval_auroc': '0.9847', 'eval_auprc': '0.9859', 'eval_runtime': '2.313', 'eval_samples_per_second': '129.7', 'eval_steps_per_second': '8.214', 'epoch': '7'}
CustomImageProcessor configuration saved to checkpoints/stop4b_cost_ratio_spider_convnext_spider_balanced_costr2_convnext_nicme_hybrid_seed42/checkpoint-231/preprocessor_config.json
{'loss': '0.139', 'grad_norm': '1.892', 'learning_rate': '7.565e-05', 'epoch': '7.273'}
{'loss': '0.1557', 'grad_norm': '2.433', 'learning_rate': '7.347e-05', 'epoch': '7.576'}
{'loss': '0.1642', 'grad_norm': '8.614', 'learning_rate': '7.123e-05', 'epoch': '7.879'}
{'eval_loss': '0.3254', 'eval_accuracy': '0.9233', 'eval_f1': '0.9233', 'eval_balanced_accuracy': '0.9233', 'eval_macro_f1': '0.9233', 'eval_atc': '0.1067', 'eval_normalized_atc': '0.05333', 'eval_target_recall': '0.94', 'eval_target_fnr': '0.06', 'eval_selection_score': '0.05373', 'eval_selection_accuracy_value': '0.9233', 'eval_nll': '0.1727', 'eval_brier': '0.1035', 'eval_ece': '0.0345', 'eval_auroc': '0.9851', 'eval_auprc': '0.9864', 'eval_runtime': '2.222', 'eval_samples_per_second': '135', 'eval_steps_per_second': '8.55', 'epoch': '8'}
CustomImageProcessor configuration saved to checkpoints/stop4b_cost_ratio_spider_convnext_spider_balanced_costr2_convnext_nicme_hybrid_seed42/checkpoint-264/preprocessor_config.json
{'loss': '0.1254', 'grad_norm': '1.148', 'learning_rate': '6.893e-05', 'epoch': '8.182'}
{'loss': '0.1452', 'grad_norm': '3.571', 'learning_rate': '6.659e-05', 'epoch': '8.485'}
{'loss': '0.121', 'grad_norm': '1.887', 'learning_rate': '6.421e-05', 'epoch': '8.788'}
{'eval_loss': '0.3164', 'eval_accuracy': '0.94', 'eval_f1': '0.94', 'eval_balanced_accuracy': '0.94', 'eval_macro_f1': '0.94', 'eval_atc': '0.08667', 'eval_normalized_atc': '0.04333', 'eval_target_recall': '0.9467', 'eval_target_fnr': '0.05333', 'eval_selection_score': '0.04338', 'eval_selection_accuracy_value': '0.94', 'eval_nll': '0.1535', 'eval_brier': '0.09296', 'eval_ece': '0.02383', 'eval_auroc': '0.9881', 'eval_auprc': '0.9887', 'eval_runtime': '2.526', 'eval_samples_per_second': '118.7', 'eval_steps_per_second': '7.521', 'epoch': '9'}
CustomImageProcessor configuration saved to checkpoints/stop4b_cost_ratio_spider_convnext_spider_balanced_costr2_convnext_nicme_hybrid_seed42/checkpoint-297/preprocessor_config.json
{'loss': '0.1271', 'grad_norm': '6.651', 'learning_rate': '6.179e-05', 'epoch': '9.091'}
{'loss': '0.1154', 'grad_norm': '2.543', 'learning_rate': '5.934e-05', 'epoch': '9.394'}
{'loss': '0.1033', 'grad_norm': '1.564', 'learning_rate': '5.687e-05', 'epoch': '9.697'}
{'loss': '0.0878', 'grad_norm': '6.774', 'learning_rate': '5.438e-05', 'epoch': '10'}
{'eval_loss': '0.3514', 'eval_accuracy': '0.94', 'eval_f1': '0.94', 'eval_balanced_accuracy': '0.94', 'eval_macro_f1': '0.94', 'eval_atc': '0.08333', 'eval_normalized_atc': '0.04167', 'eval_target_recall': '0.9533', 'eval_target_fnr': '0.04667', 'eval_selection_score': '0.04167', 'eval_selection_accuracy_value': '0.94', 'eval_nll': '0.1734', 'eval_brier': '0.09939', 'eval_ece': '0.04721', 'eval_auroc': '0.9883', 'eval_auprc': '0.9887', 'eval_runtime': '2.383', 'eval_samples_per_second': '125.9', 'eval_steps_per_second': '7.973', 'epoch': '10'}
CustomImageProcessor configuration saved to checkpoints/stop4b_cost_ratio_spider_convnext_spider_balanced_costr2_convnext_nicme_hybrid_seed42/checkpoint-330/preprocessor_config.json
{'loss': '0.1566', 'grad_norm': '4.624', 'learning_rate': '5.188e-05', 'epoch': '10.3'}
{'loss': '0.1349', 'grad_norm': '2.849', 'learning_rate': '4.937e-05', 'epoch': '10.61'}
{'loss': '0.1132', 'grad_norm': '2.165', 'learning_rate': '4.687e-05', 'epoch': '10.91'}
{'eval_loss': '0.378', 'eval_accuracy': '0.93', 'eval_f1': '0.93', 'eval_balanced_accuracy': '0.93', 'eval_macro_f1': '0.93', 'eval_atc': '0.09333', 'eval_normalized_atc': '0.04667', 'eval_target_recall': '0.9533', 'eval_target_fnr': '0.04667', 'eval_selection_score': '0.04667', 'eval_selection_accuracy_value': '0.93', 'eval_nll': '0.1855', 'eval_brier': '0.1077', 'eval_ece': '0.04235', 'eval_auroc': '0.9862', 'eval_auprc': '0.9871', 'eval_runtime': '7.507', 'eval_samples_per_second': '39.96', 'eval_steps_per_second': '2.531', 'epoch': '11'}
CustomImageProcessor configuration saved to checkpoints/stop4b_cost_ratio_spider_convnext_spider_balanced_costr2_convnext_nicme_hybrid_seed42/checkpoint-363/preprocessor_config.json
{'loss': '0.1314', 'grad_norm': '2.55', 'learning_rate': '4.438e-05', 'epoch': '11.21'}
{'loss': '0.09774', 'grad_norm': '3.996', 'learning_rate': '4.189e-05', 'epoch': '11.52'}
{'loss': '0.08288', 'grad_norm': '11.93', 'learning_rate': '3.943e-05', 'epoch': '11.82'}
{'eval_loss': '0.3373', 'eval_accuracy': '0.9467', 'eval_f1': '0.9467', 'eval_balanced_accuracy': '0.9467', 'eval_macro_f1': '0.9467', 'eval_atc': '0.08', 'eval_normalized_atc': '0.04', 'eval_target_recall': '0.9467', 'eval_target_fnr': '0.05333', 'eval_selection_score': '0.04004', 'eval_selection_accuracy_value': '0.9467', 'eval_nll': '0.1599', 'eval_brier': '0.08948', 'eval_ece': '0.04265', 'eval_auroc': '0.9887', 'eval_auprc': '0.9893', 'eval_runtime': '2.235', 'eval_samples_per_second': '134.2', 'eval_steps_per_second': '8.502', 'epoch': '12'}
CustomImageProcessor configuration saved to checkpoints/stop4b_cost_ratio_spider_convnext_spider_balanced_costr2_convnext_nicme_hybrid_seed42/checkpoint-396/preprocessor_config.json
{'loss': '0.09658', 'grad_norm': '10.38', 'learning_rate': '3.7e-05', 'epoch': '12.12'}
{'loss': '0.1479', 'grad_norm': '13.55', 'learning_rate': '3.46e-05', 'epoch': '12.42'}
{'loss': '0.1429', 'grad_norm': '2.233', 'learning_rate': '3.223e-05', 'epoch': '12.73'}
{'eval_loss': '0.3813', 'eval_accuracy': '0.9333', 'eval_f1': '0.9333', 'eval_balanced_accuracy': '0.9333', 'eval_macro_f1': '0.9333', 'eval_atc': '0.09667', 'eval_normalized_atc': '0.04833', 'eval_target_recall': '0.94', 'eval_target_fnr': '0.06', 'eval_selection_score': '0.04873', 'eval_selection_accuracy_value': '0.9333', 'eval_nll': '0.1825', 'eval_brier': '0.1015', 'eval_ece': '0.04443', 'eval_auroc': '0.9856', 'eval_auprc': '0.9866', 'eval_runtime': '2.431', 'eval_samples_per_second': '123.4', 'eval_steps_per_second': '7.817', 'epoch': '13'}
CustomImageProcessor configuration saved to checkpoints/stop4b_cost_ratio_spider_convnext_spider_balanced_costr2_convnext_nicme_hybrid_seed42/checkpoint-429/preprocessor_config.json
{'loss': '0.1152', 'grad_norm': '10.92', 'learning_rate': '2.992e-05', 'epoch': '13.03'}
{'loss': '0.08734', 'grad_norm': '2.717', 'learning_rate': '2.765e-05', 'epoch': '13.33'}
{'loss': '0.1361', 'grad_norm': '1.248', 'learning_rate': '2.544e-05', 'epoch': '13.64'}
{'loss': '0.09805', 'grad_norm': '4.447', 'learning_rate': '2.328e-05', 'epoch': '13.94'}
{'eval_loss': '0.3776', 'eval_accuracy': '0.9333', 'eval_f1': '0.9333', 'eval_balanced_accuracy': '0.9333', 'eval_macro_f1': '0.9333', 'eval_atc': '0.11', 'eval_normalized_atc': '0.055', 'eval_target_recall': '0.9133', 'eval_target_fnr': '0.08667', 'eval_selection_score': '0.06038', 'eval_selection_accuracy_value': '0.9333', 'eval_nll': '0.1641', 'eval_brier': '0.09799', 'eval_ece': '0.03695', 'eval_auroc': '0.9894', 'eval_auprc': '0.9899', 'eval_runtime': '2.46', 'eval_samples_per_second': '121.9', 'eval_steps_per_second': '7.723', 'epoch': '14'}
CustomImageProcessor configuration saved to checkpoints/stop4b_cost_ratio_spider_convnext_spider_balanced_costr2_convnext_nicme_hybrid_seed42/checkpoint-462/preprocessor_config.json
{'loss': '0.1274', 'grad_norm': '12.02', 'learning_rate': '2.12e-05', 'epoch': '14.24'}
{'loss': '0.07725', 'grad_norm': '1.797', 'learning_rate': '1.919e-05', 'epoch': '14.55'}
{'loss': '0.09094', 'grad_norm': '1.683', 'learning_rate': '1.726e-05', 'epoch': '14.85'}
{'eval_loss': '0.3111', 'eval_accuracy': '0.9433', 'eval_f1': '0.9433', 'eval_balanced_accuracy': '0.9433', 'eval_macro_f1': '0.9433', 'eval_atc': '0.08667', 'eval_normalized_atc': '0.04333', 'eval_target_recall': '0.94', 'eval_target_fnr': '0.06', 'eval_selection_score': '0.04373', 'eval_selection_accuracy_value': '0.9433', 'eval_nll': '0.1439', 'eval_brier': '0.08401', 'eval_ece': '0.03015', 'eval_auroc': '0.9904', 'eval_auprc': '0.9908', 'eval_runtime': '2.302', 'eval_samples_per_second': '130.3', 'eval_steps_per_second': '8.252', 'epoch': '15'}
CustomImageProcessor configuration saved to checkpoints/stop4b_cost_ratio_spider_convnext_spider_balanced_costr2_convnext_nicme_hybrid_seed42/checkpoint-495/preprocessor_config.json
{'train_runtime': '162.1', 'train_samples_per_second': '258.9', 'train_steps_per_second': '4.072', 'train_loss': '0.2264', 'epoch': '15'}
***** train metrics *****
  epoch                    =        15.0
  total_flos               = 736458954GF
  train_loss               =      0.2264
  train_runtime            =  0:02:42.09
  train_samples_per_second =     258.863
  train_steps_per_second   =       4.072
Using device: cuda

============================================================
PERFORMING COMPREHENSIVE EVALUATION
============================================================
Results will be saved to: results/convnext_test/stop4b_cost_ratio_spider_convnext_spider_balanced_costr2_convnext_nicme_hybrid_seed42_04-29_00-00
Saving run configuration...
Run configuration saved to: results/convnext_test/stop4b_cost_ratio_spider_convnext_spider_balanced_costr2_convnext_nicme_hybrid_seed42_04-29_00-00/run_configuration_20260429_000049.json
Running model evaluation...
Computing detailed metrics...
Saving metrics to files...
Metrics saved to: results/convnext_test/stop4b_cost_ratio_spider_convnext_spider_balanced_costr2_convnext_nicme_hybrid_seed42_04-29_00-00/metrics_20260429_000058_nicme_hybrid.json and results/convnext_test/stop4b_cost_ratio_spider_convnext_spider_balanced_costr2_convnext_nicme_hybrid_seed42_04-29_00-00/metrics_20260429_000058_nicme_hybrid.txt
Creating confusion matrix visualizations...
Using provided class names: ['black_widow', 'false_widow']
Confusion matrix visualizations (3-panel) saved to: results/convnext_test/stop4b_cost_ratio_spider_convnext_spider_balanced_costr2_convnext_nicme_hybrid_seed42_04-29_00-00/confusion_matrix_20260429_000058_nicme_hybrid.png and results/convnext_test/stop4b_cost_ratio_spider_convnext_spider_balanced_costr2_convnext_nicme_hybrid_seed42_04-29_00-00/confusion_matrix_20260429_000058_nicme_hybrid.pdf
Detailed confusion matrix saved to: results/convnext_test/stop4b_cost_ratio_spider_convnext_spider_balanced_costr2_convnext_nicme_hybrid_seed42_04-29_00-00/confusion_matrix_detailed_20260429_000058_nicme_hybrid.png

============================================================
TRAINING COMPLETED - RESULTS SUMMARY
============================================================
Output Directory: results/convnext_test/stop4b_cost_ratio_spider_convnext_spider_balanced_costr2_convnext_nicme_hybrid_seed42_04-29_00-00
Overall Accuracy: 0.9467
Balanced Accuracy: 0.9467
Overall F1 Score: 0.9467
Kappa: 0.8933
AUC: 0.9900
Expected Cost: 0.0867
Loss Function Used: nicme_hybrid
Total Test Samples: 300
Classes: black_widow, false_widow

Detailed metrics and visualizations saved to: results/convnext_test/stop4b_cost_ratio_spider_convnext_spider_balanced_costr2_convnext_nicme_hybrid_seed42_04-29_00-00
============================================================
