Prepared manifest loaded — Train=2098, Val=300, Calibration=300, Test=300
cuda
Using model backend=hf_auto type=convnext with 2 labels
Early stopping enabled with patience=3
Using device: cuda
{'loss': '0.7169', 'grad_norm': '1.124', 'learning_rate': '2.727e-05', 'epoch': '0.303'}
{'loss': '0.6908', 'grad_norm': '1.055', 'learning_rate': '5.758e-05', 'epoch': '0.6061'}
{'loss': '0.6551', 'grad_norm': '1.187', 'learning_rate': '8.788e-05', 'epoch': '0.9091'}
{'eval_loss': '0.6173', 'eval_accuracy': '0.6933', 'eval_f1': '0.6914', 'eval_balanced_accuracy': '0.6933', 'eval_macro_f1': '0.6914', 'eval_atc': '0.42', 'eval_normalized_atc': '0.21', 'eval_target_recall': '0.7733', 'eval_target_fnr': '0.2267', 'eval_selection_score': '0.3462', 'eval_selection_accuracy_value': '0.6933', 'eval_nll': '0.6173', 'eval_brier': '0.4263', 'eval_ece': '0.1133', 'eval_auroc': '0.7744', 'eval_auprc': '0.7894', 'eval_runtime': '2.701', 'eval_samples_per_second': '111.1', 'eval_steps_per_second': '7.034', 'epoch': '1'}
CustomImageProcessor configuration saved to checkpoints/stop4b_cost_ratio_spider_convnext_spider_balanced_costr2_convnext_ce_calibrated_cost_min_seed43/checkpoint-33/preprocessor_config.json
{'loss': '0.587', 'grad_norm': '1.814', 'learning_rate': '9.998e-05', 'epoch': '1.212'}
{'loss': '0.4808', 'grad_norm': '1.783', 'learning_rate': '9.984e-05', 'epoch': '1.515'}
{'loss': '0.4091', 'grad_norm': '1.881', 'learning_rate': '9.958e-05', 'epoch': '1.818'}
{'eval_loss': '0.3326', 'eval_accuracy': '0.87', 'eval_f1': '0.8699', 'eval_balanced_accuracy': '0.87', 'eval_macro_f1': '0.8699', 'eval_atc': '0.18', 'eval_normalized_atc': '0.09', 'eval_target_recall': '0.9', 'eval_target_fnr': '0.1', 'eval_selection_score': '0.1', 'eval_selection_accuracy_value': '0.87', 'eval_nll': '0.3326', 'eval_brier': '0.2029', 'eval_ece': '0.03498', 'eval_auroc': '0.9362', 'eval_auprc': '0.9407', 'eval_runtime': '2.174', 'eval_samples_per_second': '138', 'eval_steps_per_second': '8.742', 'epoch': '2'}
CustomImageProcessor configuration saved to checkpoints/stop4b_cost_ratio_spider_convnext_spider_balanced_costr2_convnext_ce_calibrated_cost_min_seed43/checkpoint-66/preprocessor_config.json
{'loss': '0.2937', 'grad_norm': '2.9', 'learning_rate': '9.919e-05', 'epoch': '2.121'}
{'loss': '0.2913', 'grad_norm': '3.02', 'learning_rate': '9.868e-05', 'epoch': '2.424'}
{'loss': '0.2529', 'grad_norm': '2.337', 'learning_rate': '9.804e-05', 'epoch': '2.727'}
{'eval_loss': '0.2375', 'eval_accuracy': '0.9033', 'eval_f1': '0.9033', 'eval_balanced_accuracy': '0.9033', 'eval_macro_f1': '0.9033', 'eval_atc': '0.15', 'eval_normalized_atc': '0.075', 'eval_target_recall': '0.8933', 'eval_target_fnr': '0.1067', 'eval_selection_score': '0.08784', 'eval_selection_accuracy_value': '0.9033', 'eval_nll': '0.2375', 'eval_brier': '0.147', 'eval_ece': '0.05108', 'eval_auroc': '0.968', 'eval_auprc': '0.9714', 'eval_runtime': '2.199', 'eval_samples_per_second': '136.4', 'eval_steps_per_second': '8.642', 'epoch': '3'}
CustomImageProcessor configuration saved to checkpoints/stop4b_cost_ratio_spider_convnext_spider_balanced_costr2_convnext_ce_calibrated_cost_min_seed43/checkpoint-99/preprocessor_config.json
{'loss': '0.2184', 'grad_norm': '2.527', 'learning_rate': '9.729e-05', 'epoch': '3.03'}
{'loss': '0.1802', 'grad_norm': '2.726', 'learning_rate': '9.642e-05', 'epoch': '3.333'}
{'loss': '0.2344', 'grad_norm': '8.571', 'learning_rate': '9.543e-05', 'epoch': '3.636'}
{'loss': '0.1773', 'grad_norm': '2.894', 'learning_rate': '9.433e-05', 'epoch': '3.939'}
{'eval_loss': '0.2266', 'eval_accuracy': '0.9067', 'eval_f1': '0.9066', 'eval_balanced_accuracy': '0.9067', 'eval_macro_f1': '0.9066', 'eval_atc': '0.15', 'eval_normalized_atc': '0.075', 'eval_target_recall': '0.8867', 'eval_target_fnr': '0.1133', 'eval_selection_score': '0.09104', 'eval_selection_accuracy_value': '0.9067', 'eval_nll': '0.2266', 'eval_brier': '0.1381', 'eval_ece': '0.02822', 'eval_auroc': '0.9719', 'eval_auprc': '0.9737', 'eval_runtime': '1.975', 'eval_samples_per_second': '151.9', 'eval_steps_per_second': '9.622', 'epoch': '4'}
CustomImageProcessor configuration saved to checkpoints/stop4b_cost_ratio_spider_convnext_spider_balanced_costr2_convnext_ce_calibrated_cost_min_seed43/checkpoint-132/preprocessor_config.json
{'loss': '0.1293', 'grad_norm': '2.871', 'learning_rate': '9.311e-05', 'epoch': '4.242'}
{'loss': '0.1488', 'grad_norm': '5.388', 'learning_rate': '9.179e-05', 'epoch': '4.545'}
{'loss': '0.1606', 'grad_norm': '2.778', 'learning_rate': '9.036e-05', 'epoch': '4.848'}
{'eval_loss': '0.3554', 'eval_accuracy': '0.88', 'eval_f1': '0.8786', 'eval_balanced_accuracy': '0.88', 'eval_macro_f1': '0.8786', 'eval_atc': '0.1267', 'eval_normalized_atc': '0.06333', 'eval_target_recall': '0.9867', 'eval_target_fnr': '0.01333', 'eval_selection_score': '0.06333', 'eval_selection_accuracy_value': '0.88', 'eval_nll': '0.3554', 'eval_brier': '0.1944', 'eval_ece': '0.07079', 'eval_auroc': '0.9675', 'eval_auprc': '0.9724', 'eval_runtime': '2.357', 'eval_samples_per_second': '127.3', 'eval_steps_per_second': '8.06', 'epoch': '5'}
CustomImageProcessor configuration saved to checkpoints/stop4b_cost_ratio_spider_convnext_spider_balanced_costr2_convnext_ce_calibrated_cost_min_seed43/checkpoint-165/preprocessor_config.json
{'loss': '0.1709', 'grad_norm': '6.355', 'learning_rate': '8.883e-05', 'epoch': '5.152'}
{'loss': '0.1147', 'grad_norm': '3.294', 'learning_rate': '8.721e-05', 'epoch': '5.455'}
{'loss': '0.126', 'grad_norm': '8.901', 'learning_rate': '8.549e-05', 'epoch': '5.758'}
{'eval_loss': '0.2423', 'eval_accuracy': '0.9133', 'eval_f1': '0.9132', 'eval_balanced_accuracy': '0.9133', 'eval_macro_f1': '0.9132', 'eval_atc': '0.1133', 'eval_normalized_atc': '0.05667', 'eval_target_recall': '0.9467', 'eval_target_fnr': '0.05333', 'eval_selection_score': '0.05671', 'eval_selection_accuracy_value': '0.9133', 'eval_nll': '0.2423', 'eval_brier': '0.1387', 'eval_ece': '0.05269', 'eval_auroc': '0.9759', 'eval_auprc': '0.9782', 'eval_runtime': '2.239', 'eval_samples_per_second': '134', 'eval_steps_per_second': '8.487', 'epoch': '6'}
CustomImageProcessor configuration saved to checkpoints/stop4b_cost_ratio_spider_convnext_spider_balanced_costr2_convnext_ce_calibrated_cost_min_seed43/checkpoint-198/preprocessor_config.json
{'loss': '0.1552', 'grad_norm': '2.536', 'learning_rate': '8.368e-05', 'epoch': '6.061'}
{'loss': '0.09934', 'grad_norm': '1.433', 'learning_rate': '8.179e-05', 'epoch': '6.364'}
{'loss': '0.09768', 'grad_norm': '1.543', 'learning_rate': '7.981e-05', 'epoch': '6.667'}
{'loss': '0.1304', 'grad_norm': '2.312', 'learning_rate': '7.777e-05', 'epoch': '6.97'}
{'eval_loss': '0.2296', 'eval_accuracy': '0.92', 'eval_f1': '0.92', 'eval_balanced_accuracy': '0.92', 'eval_macro_f1': '0.92', 'eval_atc': '0.1167', 'eval_normalized_atc': '0.05833', 'eval_target_recall': '0.9267', 'eval_target_fnr': '0.07333', 'eval_selection_score': '0.06051', 'eval_selection_accuracy_value': '0.92', 'eval_nll': '0.2296', 'eval_brier': '0.1259', 'eval_ece': '0.04985', 'eval_auroc': '0.978', 'eval_auprc': '0.9803', 'eval_runtime': '2.79', 'eval_samples_per_second': '107.5', 'eval_steps_per_second': '6.811', 'epoch': '7'}
CustomImageProcessor configuration saved to checkpoints/stop4b_cost_ratio_spider_convnext_spider_balanced_costr2_convnext_ce_calibrated_cost_min_seed43/checkpoint-231/preprocessor_config.json
{'loss': '0.09155', 'grad_norm': '4.133', 'learning_rate': '7.565e-05', 'epoch': '7.273'}
{'loss': '0.1015', 'grad_norm': '2.015', 'learning_rate': '7.347e-05', 'epoch': '7.576'}
{'loss': '0.1026', 'grad_norm': '3.704', 'learning_rate': '7.123e-05', 'epoch': '7.879'}
{'eval_loss': '0.2923', 'eval_accuracy': '0.91', 'eval_f1': '0.9098', 'eval_balanced_accuracy': '0.91', 'eval_macro_f1': '0.9098', 'eval_atc': '0.11', 'eval_normalized_atc': '0.055', 'eval_target_recall': '0.96', 'eval_target_fnr': '0.04', 'eval_selection_score': '0.055', 'eval_selection_accuracy_value': '0.91', 'eval_nll': '0.2923', 'eval_brier': '0.1511', 'eval_ece': '0.07075', 'eval_auroc': '0.9726', 'eval_auprc': '0.9767', 'eval_runtime': '2.288', 'eval_samples_per_second': '131.1', 'eval_steps_per_second': '8.306', 'epoch': '8'}
CustomImageProcessor configuration saved to checkpoints/stop4b_cost_ratio_spider_convnext_spider_balanced_costr2_convnext_ce_calibrated_cost_min_seed43/checkpoint-264/preprocessor_config.json
{'loss': '0.1142', 'grad_norm': '2.205', 'learning_rate': '6.893e-05', 'epoch': '8.182'}
{'loss': '0.1128', 'grad_norm': '8.223', 'learning_rate': '6.659e-05', 'epoch': '8.485'}
{'loss': '0.0703', 'grad_norm': '1.074', 'learning_rate': '6.421e-05', 'epoch': '8.788'}
{'eval_loss': '0.1796', 'eval_accuracy': '0.9333', 'eval_f1': '0.9333', 'eval_balanced_accuracy': '0.9333', 'eval_macro_f1': '0.9333', 'eval_atc': '0.09667', 'eval_normalized_atc': '0.04833', 'eval_target_recall': '0.94', 'eval_target_fnr': '0.06', 'eval_selection_score': '0.04873', 'eval_selection_accuracy_value': '0.9333', 'eval_nll': '0.1796', 'eval_brier': '0.102', 'eval_ece': '0.04145', 'eval_auroc': '0.9866', 'eval_auprc': '0.9876', 'eval_runtime': '2.239', 'eval_samples_per_second': '134', 'eval_steps_per_second': '8.485', 'epoch': '9'}
CustomImageProcessor configuration saved to checkpoints/stop4b_cost_ratio_spider_convnext_spider_balanced_costr2_convnext_ce_calibrated_cost_min_seed43/checkpoint-297/preprocessor_config.json
{'loss': '0.07471', 'grad_norm': '3.702', 'learning_rate': '6.179e-05', 'epoch': '9.091'}
{'loss': '0.07516', 'grad_norm': '1.631', 'learning_rate': '5.934e-05', 'epoch': '9.394'}
{'loss': '0.06758', 'grad_norm': '1.426', 'learning_rate': '5.687e-05', 'epoch': '9.697'}
{'loss': '0.06049', 'grad_norm': '5.197', 'learning_rate': '5.438e-05', 'epoch': '10'}
{'eval_loss': '0.2923', 'eval_accuracy': '0.93', 'eval_f1': '0.9298', 'eval_balanced_accuracy': '0.93', 'eval_macro_f1': '0.9298', 'eval_atc': '0.08', 'eval_normalized_atc': '0.04', 'eval_target_recall': '0.98', 'eval_target_fnr': '0.02', 'eval_selection_score': '0.04', 'eval_selection_accuracy_value': '0.93', 'eval_nll': '0.2923', 'eval_brier': '0.1248', 'eval_ece': '0.05746', 'eval_auroc': '0.9761', 'eval_auprc': '0.9813', 'eval_runtime': '2.453', 'eval_samples_per_second': '122.3', 'eval_steps_per_second': '7.747', 'epoch': '10'}
CustomImageProcessor configuration saved to checkpoints/stop4b_cost_ratio_spider_convnext_spider_balanced_costr2_convnext_ce_calibrated_cost_min_seed43/checkpoint-330/preprocessor_config.json
{'loss': '0.1092', 'grad_norm': '3.688', 'learning_rate': '5.188e-05', 'epoch': '10.3'}
{'loss': '0.08153', 'grad_norm': '7.456', 'learning_rate': '4.937e-05', 'epoch': '10.61'}
{'loss': '0.09074', 'grad_norm': '1.872', 'learning_rate': '4.687e-05', 'epoch': '10.91'}
{'eval_loss': '0.2368', 'eval_accuracy': '0.9167', 'eval_f1': '0.9166', 'eval_balanced_accuracy': '0.9167', 'eval_macro_f1': '0.9166', 'eval_atc': '0.1167', 'eval_normalized_atc': '0.05833', 'eval_target_recall': '0.9333', 'eval_target_fnr': '0.06667', 'eval_selection_score': '0.05944', 'eval_selection_accuracy_value': '0.9167', 'eval_nll': '0.2368', 'eval_brier': '0.127', 'eval_ece': '0.06062', 'eval_auroc': '0.9832', 'eval_auprc': '0.9843', 'eval_runtime': '7.517', 'eval_samples_per_second': '39.91', 'eval_steps_per_second': '2.528', 'epoch': '11'}
CustomImageProcessor configuration saved to checkpoints/stop4b_cost_ratio_spider_convnext_spider_balanced_costr2_convnext_ce_calibrated_cost_min_seed43/checkpoint-363/preprocessor_config.json
{'loss': '0.09119', 'grad_norm': '3.912', 'learning_rate': '4.438e-05', 'epoch': '11.21'}
{'loss': '0.06807', 'grad_norm': '5.668', 'learning_rate': '4.189e-05', 'epoch': '11.52'}
{'loss': '0.0623', 'grad_norm': '4.269', 'learning_rate': '3.943e-05', 'epoch': '11.82'}
{'eval_loss': '0.2094', 'eval_accuracy': '0.9367', 'eval_f1': '0.9366', 'eval_balanced_accuracy': '0.9367', 'eval_macro_f1': '0.9366', 'eval_atc': '0.08667', 'eval_normalized_atc': '0.04333', 'eval_target_recall': '0.9533', 'eval_target_fnr': '0.04667', 'eval_selection_score': '0.04333', 'eval_selection_accuracy_value': '0.9367', 'eval_nll': '0.2094', 'eval_brier': '0.1079', 'eval_ece': '0.04959', 'eval_auroc': '0.9859', 'eval_auprc': '0.9873', 'eval_runtime': '2.468', 'eval_samples_per_second': '121.6', 'eval_steps_per_second': '7.699', 'epoch': '12'}
CustomImageProcessor configuration saved to checkpoints/stop4b_cost_ratio_spider_convnext_spider_balanced_costr2_convnext_ce_calibrated_cost_min_seed43/checkpoint-396/preprocessor_config.json
{'loss': '0.06442', 'grad_norm': '1.887', 'learning_rate': '3.7e-05', 'epoch': '12.12'}
{'loss': '0.09116', 'grad_norm': '6.639', 'learning_rate': '3.46e-05', 'epoch': '12.42'}
{'loss': '0.08726', 'grad_norm': '1.402', 'learning_rate': '3.223e-05', 'epoch': '12.73'}
{'eval_loss': '0.2478', 'eval_accuracy': '0.9333', 'eval_f1': '0.9333', 'eval_balanced_accuracy': '0.9333', 'eval_macro_f1': '0.9333', 'eval_atc': '0.09333', 'eval_normalized_atc': '0.04667', 'eval_target_recall': '0.9467', 'eval_target_fnr': '0.05333', 'eval_selection_score': '0.04671', 'eval_selection_accuracy_value': '0.9333', 'eval_nll': '0.2478', 'eval_brier': '0.1125', 'eval_ece': '0.05119', 'eval_auroc': '0.9804', 'eval_auprc': '0.9827', 'eval_runtime': '2.218', 'eval_samples_per_second': '135.3', 'eval_steps_per_second': '8.566', 'epoch': '13'}
CustomImageProcessor configuration saved to checkpoints/stop4b_cost_ratio_spider_convnext_spider_balanced_costr2_convnext_ce_calibrated_cost_min_seed43/checkpoint-429/preprocessor_config.json
{'train_runtime': '140.2', 'train_samples_per_second': '299.3', 'train_steps_per_second': '4.708', 'train_loss': '0.1913', 'epoch': '13'}
***** train metrics *****
  epoch                    =        13.0
  total_flos               = 638264427GF
  train_loss               =      0.1913
  train_runtime            =  0:02:20.19
  train_samples_per_second =     299.288
  train_steps_per_second   =       4.708
Using device: cuda

============================================================
PERFORMING COMPREHENSIVE EVALUATION
============================================================
Results will be saved to: results/convnext_test/stop4b_cost_ratio_spider_convnext_spider_balanced_costr2_convnext_ce_calibrated_cost_min_seed43_04-29_00-17
Saving run configuration...
Run configuration saved to: results/convnext_test/stop4b_cost_ratio_spider_convnext_spider_balanced_costr2_convnext_ce_calibrated_cost_min_seed43_04-29_00-17/run_configuration_20260429_001733.json
Running model evaluation...
Computing detailed metrics...
Saving metrics to files...
Metrics saved to: results/convnext_test/stop4b_cost_ratio_spider_convnext_spider_balanced_costr2_convnext_ce_calibrated_cost_min_seed43_04-29_00-17/metrics_20260429_001742_ce_calibrated_cost_min.json and results/convnext_test/stop4b_cost_ratio_spider_convnext_spider_balanced_costr2_convnext_ce_calibrated_cost_min_seed43_04-29_00-17/metrics_20260429_001742_ce_calibrated_cost_min.txt
Creating confusion matrix visualizations...
Using provided class names: ['black_widow', 'false_widow']
Confusion matrix visualizations (3-panel) saved to: results/convnext_test/stop4b_cost_ratio_spider_convnext_spider_balanced_costr2_convnext_ce_calibrated_cost_min_seed43_04-29_00-17/confusion_matrix_20260429_001742_ce_calibrated_cost_min.png and results/convnext_test/stop4b_cost_ratio_spider_convnext_spider_balanced_costr2_convnext_ce_calibrated_cost_min_seed43_04-29_00-17/confusion_matrix_20260429_001742_ce_calibrated_cost_min.pdf
Detailed confusion matrix saved to: results/convnext_test/stop4b_cost_ratio_spider_convnext_spider_balanced_costr2_convnext_ce_calibrated_cost_min_seed43_04-29_00-17/confusion_matrix_detailed_20260429_001742_ce_calibrated_cost_min.png

============================================================
TRAINING COMPLETED - RESULTS SUMMARY
============================================================
Output Directory: results/convnext_test/stop4b_cost_ratio_spider_convnext_spider_balanced_costr2_convnext_ce_calibrated_cost_min_seed43_04-29_00-17
Overall Accuracy: 0.9367
Balanced Accuracy: 0.9367
Overall F1 Score: 0.9366
Kappa: 0.8733
AUC: 0.9869
Expected Cost: 0.0800
Loss Function Used: ce_calibrated_cost_min
Total Test Samples: 300
Classes: black_widow, false_widow

Detailed metrics and visualizations saved to: results/convnext_test/stop4b_cost_ratio_spider_convnext_spider_balanced_costr2_convnext_ce_calibrated_cost_min_seed43_04-29_00-17
============================================================
