Prepared manifest loaded — Train=2098, Val=300, Calibration=300, Test=300
cuda
Using model backend=hf_auto type=convnext with 2 labels
Early stopping enabled with patience=3
Using device: cuda
{'loss': '0.689', 'grad_norm': '1.021', 'learning_rate': '2.727e-05', 'epoch': '0.303'}
{'loss': '0.6567', 'grad_norm': '1.113', 'learning_rate': '5.758e-05', 'epoch': '0.6061'}
{'loss': '0.6182', 'grad_norm': '1.217', 'learning_rate': '8.788e-05', 'epoch': '0.9091'}
{'eval_loss': '0.5551', 'eval_accuracy': '0.7733', 'eval_f1': '0.7733', 'eval_balanced_accuracy': '0.7733', 'eval_macro_f1': '0.7733', 'eval_atc': '0.6667', 'eval_normalized_atc': '0.1333', 'eval_target_recall': '0.78', 'eval_target_fnr': '0.22', 'eval_selection_score': '0.2496', 'eval_selection_accuracy_value': '0.7733', 'eval_nll': '0.5551', 'eval_brier': '0.3685', 'eval_ece': '0.1451', 'eval_auroc': '0.8422', 'eval_auprc': '0.8427', 'eval_runtime': '3.094', 'eval_samples_per_second': '96.96', 'eval_steps_per_second': '6.141', 'epoch': '1'}
CustomImageProcessor configuration saved to checkpoints/stop4b_cost_ratio_spider_convnext_spider_balanced_costr5_convnext_ce_calibrated_cost_min_seed44/checkpoint-33/preprocessor_config.json
{'loss': '0.5234', 'grad_norm': '1.505', 'learning_rate': '9.998e-05', 'epoch': '1.212'}
{'loss': '0.3988', 'grad_norm': '2.238', 'learning_rate': '9.984e-05', 'epoch': '1.515'}
{'loss': '0.3502', 'grad_norm': '1.952', 'learning_rate': '9.958e-05', 'epoch': '1.818'}
{'eval_loss': '0.3014', 'eval_accuracy': '0.88', 'eval_f1': '0.88', 'eval_balanced_accuracy': '0.88', 'eval_macro_f1': '0.88', 'eval_atc': '0.3333', 'eval_normalized_atc': '0.06667', 'eval_target_recall': '0.8933', 'eval_target_fnr': '0.1067', 'eval_selection_score': '0.07951', 'eval_selection_accuracy_value': '0.88', 'eval_nll': '0.3014', 'eval_brier': '0.1841', 'eval_ece': '0.03549', 'eval_auroc': '0.948', 'eval_auprc': '0.952', 'eval_runtime': '2.407', 'eval_samples_per_second': '124.7', 'eval_steps_per_second': '7.895', 'epoch': '2'}
CustomImageProcessor configuration saved to checkpoints/stop4b_cost_ratio_spider_convnext_spider_balanced_costr5_convnext_ce_calibrated_cost_min_seed44/checkpoint-66/preprocessor_config.json
{'loss': '0.2739', 'grad_norm': '1.708', 'learning_rate': '9.919e-05', 'epoch': '2.121'}
{'loss': '0.271', 'grad_norm': '2.818', 'learning_rate': '9.868e-05', 'epoch': '2.424'}
{'loss': '0.244', 'grad_norm': '3.786', 'learning_rate': '9.804e-05', 'epoch': '2.727'}
{'eval_loss': '0.2406', 'eval_accuracy': '0.9', 'eval_f1': '0.8999', 'eval_balanced_accuracy': '0.9', 'eval_macro_f1': '0.8999', 'eval_atc': '0.2333', 'eval_normalized_atc': '0.04667', 'eval_target_recall': '0.9333', 'eval_target_fnr': '0.06667', 'eval_selection_score': '0.04778', 'eval_selection_accuracy_value': '0.9', 'eval_nll': '0.2406', 'eval_brier': '0.1483', 'eval_ece': '0.02882', 'eval_auroc': '0.9682', 'eval_auprc': '0.9686', 'eval_runtime': '2.228', 'eval_samples_per_second': '134.6', 'eval_steps_per_second': '8.526', 'epoch': '3'}
CustomImageProcessor configuration saved to checkpoints/stop4b_cost_ratio_spider_convnext_spider_balanced_costr5_convnext_ce_calibrated_cost_min_seed44/checkpoint-99/preprocessor_config.json
{'loss': '0.2211', 'grad_norm': '1.756', 'learning_rate': '9.729e-05', 'epoch': '3.03'}
{'loss': '0.1744', 'grad_norm': '1.99', 'learning_rate': '9.642e-05', 'epoch': '3.333'}
{'loss': '0.2185', 'grad_norm': '6.412', 'learning_rate': '9.543e-05', 'epoch': '3.636'}
{'loss': '0.1827', 'grad_norm': '4.258', 'learning_rate': '9.433e-05', 'epoch': '3.939'}
{'eval_loss': '0.2182', 'eval_accuracy': '0.9067', 'eval_f1': '0.9066', 'eval_balanced_accuracy': '0.9067', 'eval_macro_f1': '0.9066', 'eval_atc': '0.3467', 'eval_normalized_atc': '0.06933', 'eval_target_recall': '0.8733', 'eval_target_fnr': '0.1267', 'eval_selection_score': '0.09284', 'eval_selection_accuracy_value': '0.9067', 'eval_nll': '0.2182', 'eval_brier': '0.1321', 'eval_ece': '0.02949', 'eval_auroc': '0.9759', 'eval_auprc': '0.9766', 'eval_runtime': '2.072', 'eval_samples_per_second': '144.8', 'eval_steps_per_second': '9.168', 'epoch': '4'}
CustomImageProcessor configuration saved to checkpoints/stop4b_cost_ratio_spider_convnext_spider_balanced_costr5_convnext_ce_calibrated_cost_min_seed44/checkpoint-132/preprocessor_config.json
{'loss': '0.1325', 'grad_norm': '4.126', 'learning_rate': '9.311e-05', 'epoch': '4.242'}
{'loss': '0.166', 'grad_norm': '2.623', 'learning_rate': '9.179e-05', 'epoch': '4.545'}
{'loss': '0.1441', 'grad_norm': '2.288', 'learning_rate': '9.036e-05', 'epoch': '4.848'}
{'eval_loss': '0.223', 'eval_accuracy': '0.91', 'eval_f1': '0.9098', 'eval_balanced_accuracy': '0.91', 'eval_macro_f1': '0.9098', 'eval_atc': '0.17', 'eval_normalized_atc': '0.034', 'eval_target_recall': '0.96', 'eval_target_fnr': '0.04', 'eval_selection_score': '0.034', 'eval_selection_accuracy_value': '0.91', 'eval_nll': '0.223', 'eval_brier': '0.136', 'eval_ece': '0.04318', 'eval_auroc': '0.9779', 'eval_auprc': '0.9798', 'eval_runtime': '2.041', 'eval_samples_per_second': '147', 'eval_steps_per_second': '9.311', 'epoch': '5'}
CustomImageProcessor configuration saved to checkpoints/stop4b_cost_ratio_spider_convnext_spider_balanced_costr5_convnext_ce_calibrated_cost_min_seed44/checkpoint-165/preprocessor_config.json
{'loss': '0.1592', 'grad_norm': '3.041', 'learning_rate': '8.883e-05', 'epoch': '5.152'}
{'loss': '0.1195', 'grad_norm': '3.25', 'learning_rate': '8.721e-05', 'epoch': '5.455'}
{'loss': '0.1275', 'grad_norm': '6.977', 'learning_rate': '8.549e-05', 'epoch': '5.758'}
{'eval_loss': '0.2311', 'eval_accuracy': '0.9133', 'eval_f1': '0.9133', 'eval_balanced_accuracy': '0.9133', 'eval_macro_f1': '0.9133', 'eval_atc': '0.2333', 'eval_normalized_atc': '0.04667', 'eval_target_recall': '0.9267', 'eval_target_fnr': '0.07333', 'eval_selection_score': '0.04884', 'eval_selection_accuracy_value': '0.9133', 'eval_nll': '0.2311', 'eval_brier': '0.1334', 'eval_ece': '0.04189', 'eval_auroc': '0.9755', 'eval_auprc': '0.9759', 'eval_runtime': '2.03', 'eval_samples_per_second': '147.8', 'eval_steps_per_second': '9.362', 'epoch': '6'}
CustomImageProcessor configuration saved to checkpoints/stop4b_cost_ratio_spider_convnext_spider_balanced_costr5_convnext_ce_calibrated_cost_min_seed44/checkpoint-198/preprocessor_config.json
{'loss': '0.1546', 'grad_norm': '2.058', 'learning_rate': '8.368e-05', 'epoch': '6.061'}
{'loss': '0.09228', 'grad_norm': '1.651', 'learning_rate': '8.179e-05', 'epoch': '6.364'}
{'loss': '0.1099', 'grad_norm': '4.442', 'learning_rate': '7.981e-05', 'epoch': '6.667'}
{'loss': '0.115', 'grad_norm': '1.988', 'learning_rate': '7.777e-05', 'epoch': '6.97'}
{'eval_loss': '0.2293', 'eval_accuracy': '0.9167', 'eval_f1': '0.9166', 'eval_balanced_accuracy': '0.9167', 'eval_macro_f1': '0.9166', 'eval_atc': '0.2833', 'eval_normalized_atc': '0.05667', 'eval_target_recall': '0.9', 'eval_target_fnr': '0.1', 'eval_selection_score': '0.06667', 'eval_selection_accuracy_value': '0.9167', 'eval_nll': '0.2293', 'eval_brier': '0.129', 'eval_ece': '0.05543', 'eval_auroc': '0.9805', 'eval_auprc': '0.9813', 'eval_runtime': '2.333', 'eval_samples_per_second': '128.6', 'eval_steps_per_second': '8.145', 'epoch': '7'}
CustomImageProcessor configuration saved to checkpoints/stop4b_cost_ratio_spider_convnext_spider_balanced_costr5_convnext_ce_calibrated_cost_min_seed44/checkpoint-231/preprocessor_config.json
{'loss': '0.08461', 'grad_norm': '8.907', 'learning_rate': '7.565e-05', 'epoch': '7.273'}
{'loss': '0.09113', 'grad_norm': '1.752', 'learning_rate': '7.347e-05', 'epoch': '7.576'}
{'loss': '0.09214', 'grad_norm': '2.944', 'learning_rate': '7.123e-05', 'epoch': '7.879'}
{'eval_loss': '0.2513', 'eval_accuracy': '0.9167', 'eval_f1': '0.9166', 'eval_balanced_accuracy': '0.9167', 'eval_macro_f1': '0.9166', 'eval_atc': '0.2833', 'eval_normalized_atc': '0.05667', 'eval_target_recall': '0.9', 'eval_target_fnr': '0.1', 'eval_selection_score': '0.06667', 'eval_selection_accuracy_value': '0.9167', 'eval_nll': '0.2513', 'eval_brier': '0.1325', 'eval_ece': '0.05136', 'eval_auroc': '0.9779', 'eval_auprc': '0.978', 'eval_runtime': '2.223', 'eval_samples_per_second': '135', 'eval_steps_per_second': '8.547', 'epoch': '8'}
CustomImageProcessor configuration saved to checkpoints/stop4b_cost_ratio_spider_convnext_spider_balanced_costr5_convnext_ce_calibrated_cost_min_seed44/checkpoint-264/preprocessor_config.json
{'train_runtime': '83.26', 'train_samples_per_second': '504', 'train_steps_per_second': '7.927', 'train_loss': '0.2447', 'epoch': '8'}
***** train metrics *****
  epoch                    =         8.0
  total_flos               = 392778109GF
  train_loss               =      0.2447
  train_runtime            =  0:01:23.25
  train_samples_per_second =     503.983
  train_steps_per_second   =       7.927
Using device: cuda

============================================================
PERFORMING COMPREHENSIVE EVALUATION
============================================================
Results will be saved to: results/convnext_test/stop4b_cost_ratio_spider_convnext_spider_balanced_costr5_convnext_ce_calibrated_cost_min_seed44_04-29_00-39
Saving run configuration...
Run configuration saved to: results/convnext_test/stop4b_cost_ratio_spider_convnext_spider_balanced_costr5_convnext_ce_calibrated_cost_min_seed44_04-29_00-39/run_configuration_20260429_003957.json
Running model evaluation...
Computing detailed metrics...
Saving metrics to files...
Metrics saved to: results/convnext_test/stop4b_cost_ratio_spider_convnext_spider_balanced_costr5_convnext_ce_calibrated_cost_min_seed44_04-29_00-39/metrics_20260429_004005_ce_calibrated_cost_min.json and results/convnext_test/stop4b_cost_ratio_spider_convnext_spider_balanced_costr5_convnext_ce_calibrated_cost_min_seed44_04-29_00-39/metrics_20260429_004005_ce_calibrated_cost_min.txt
Creating confusion matrix visualizations...
Using provided class names: ['black_widow', 'false_widow']
Confusion matrix visualizations (3-panel) saved to: results/convnext_test/stop4b_cost_ratio_spider_convnext_spider_balanced_costr5_convnext_ce_calibrated_cost_min_seed44_04-29_00-39/confusion_matrix_20260429_004005_ce_calibrated_cost_min.png and results/convnext_test/stop4b_cost_ratio_spider_convnext_spider_balanced_costr5_convnext_ce_calibrated_cost_min_seed44_04-29_00-39/confusion_matrix_20260429_004005_ce_calibrated_cost_min.pdf
Detailed confusion matrix saved to: results/convnext_test/stop4b_cost_ratio_spider_convnext_spider_balanced_costr5_convnext_ce_calibrated_cost_min_seed44_04-29_00-39/confusion_matrix_detailed_20260429_004005_ce_calibrated_cost_min.png

============================================================
TRAINING COMPLETED - RESULTS SUMMARY
============================================================
Output Directory: results/convnext_test/stop4b_cost_ratio_spider_convnext_spider_balanced_costr5_convnext_ce_calibrated_cost_min_seed44_04-29_00-39
Overall Accuracy: 0.9367
Balanced Accuracy: 0.9367
Overall F1 Score: 0.9366
Kappa: 0.8733
AUC: 0.9812
Expected Cost: 0.1567
Loss Function Used: ce_calibrated_cost_min
Total Test Samples: 300
Classes: black_widow, false_widow

Detailed metrics and visualizations saved to: results/convnext_test/stop4b_cost_ratio_spider_convnext_spider_balanced_costr5_convnext_ce_calibrated_cost_min_seed44_04-29_00-39
============================================================
