Prepared manifest loaded — Train=2098, Val=300, Calibration=300, Test=300
cuda
Using model backend=hf_auto type=convnext with 2 labels
Early stopping enabled with patience=3
Using device: cuda
{'loss': '0.7653', 'grad_norm': '1.423', 'learning_rate': '2.727e-05', 'epoch': '0.303'}
{'loss': '0.6986', 'grad_norm': '1.263', 'learning_rate': '5.758e-05', 'epoch': '0.6061'}
{'loss': '0.6666', 'grad_norm': '1.853', 'learning_rate': '8.788e-05', 'epoch': '0.9091'}
{'eval_loss': '0.6395', 'eval_accuracy': '0.7533', 'eval_f1': '0.7444', 'eval_balanced_accuracy': '0.7533', 'eval_macro_f1': '0.7444', 'eval_atc': '0.5167', 'eval_normalized_atc': '0.05167', 'eval_target_recall': '0.94', 'eval_target_fnr': '0.06', 'eval_selection_score': '0.05424', 'eval_selection_accuracy_value': '0.7533', 'eval_nll': '0.6202', 'eval_brier': '0.4283', 'eval_ece': '0.1925', 'eval_auroc': '0.8798', 'eval_auprc': '0.88', 'eval_runtime': '2.865', 'eval_samples_per_second': '104.7', 'eval_steps_per_second': '6.631', 'epoch': '1'}
CustomImageProcessor configuration saved to checkpoints/stop4b_cost_ratio_spider_convnext_spider_balanced_costr10_convnext_nicme_logit_adjustment_seed44/checkpoint-33/preprocessor_config.json
{'loss': '0.622', 'grad_norm': '1.526', 'learning_rate': '9.998e-05', 'epoch': '1.212'}
{'loss': '0.5522', 'grad_norm': '2.174', 'learning_rate': '9.984e-05', 'epoch': '1.515'}
{'loss': '0.5067', 'grad_norm': '1.669', 'learning_rate': '9.958e-05', 'epoch': '1.818'}
{'eval_loss': '0.478', 'eval_accuracy': '0.8233', 'eval_f1': '0.8209', 'eval_balanced_accuracy': '0.8233', 'eval_macro_f1': '0.8209', 'eval_atc': '0.4467', 'eval_normalized_atc': '0.04467', 'eval_target_recall': '0.94', 'eval_target_fnr': '0.06', 'eval_selection_score': '0.04507', 'eval_selection_accuracy_value': '0.8233', 'eval_nll': '0.4114', 'eval_brier': '0.2539', 'eval_ece': '0.102', 'eval_auroc': '0.9416', 'eval_auprc': '0.9465', 'eval_runtime': '2.171', 'eval_samples_per_second': '138.2', 'eval_steps_per_second': '8.753', 'epoch': '2'}
CustomImageProcessor configuration saved to checkpoints/stop4b_cost_ratio_spider_convnext_spider_balanced_costr10_convnext_nicme_logit_adjustment_seed44/checkpoint-66/preprocessor_config.json
{'loss': '0.4555', 'grad_norm': '4.006', 'learning_rate': '9.919e-05', 'epoch': '2.121'}
{'loss': '0.431', 'grad_norm': '6.49', 'learning_rate': '9.868e-05', 'epoch': '2.424'}
{'loss': '0.3731', 'grad_norm': '4.885', 'learning_rate': '9.804e-05', 'epoch': '2.727'}
{'eval_loss': '0.3884', 'eval_accuracy': '0.8733', 'eval_f1': '0.8724', 'eval_balanced_accuracy': '0.8733', 'eval_macro_f1': '0.8724', 'eval_atc': '0.3067', 'eval_normalized_atc': '0.03067', 'eval_target_recall': '0.96', 'eval_target_fnr': '0.04', 'eval_selection_score': '0.03067', 'eval_selection_accuracy_value': '0.8733', 'eval_nll': '0.3189', 'eval_brier': '0.1914', 'eval_ece': '0.05224', 'eval_auroc': '0.9637', 'eval_auprc': '0.9674', 'eval_runtime': '2.22', 'eval_samples_per_second': '135.1', 'eval_steps_per_second': '8.558', 'epoch': '3'}
CustomImageProcessor configuration saved to checkpoints/stop4b_cost_ratio_spider_convnext_spider_balanced_costr10_convnext_nicme_logit_adjustment_seed44/checkpoint-99/preprocessor_config.json
{'loss': '0.3589', 'grad_norm': '3.269', 'learning_rate': '9.729e-05', 'epoch': '3.03'}
{'loss': '0.3186', 'grad_norm': '9.172', 'learning_rate': '9.642e-05', 'epoch': '3.333'}
{'loss': '0.333', 'grad_norm': '3.199', 'learning_rate': '9.543e-05', 'epoch': '3.636'}
{'loss': '0.2777', 'grad_norm': '23.01', 'learning_rate': '9.433e-05', 'epoch': '3.939'}
{'eval_loss': '0.4391', 'eval_accuracy': '0.9233', 'eval_f1': '0.9233', 'eval_balanced_accuracy': '0.9233', 'eval_macro_f1': '0.9233', 'eval_atc': '0.5267', 'eval_normalized_atc': '0.05267', 'eval_target_recall': '0.9', 'eval_target_fnr': '0.1', 'eval_selection_score': '0.06267', 'eval_selection_accuracy_value': '0.9233', 'eval_nll': '0.2151', 'eval_brier': '0.1227', 'eval_ece': '0.05378', 'eval_auroc': '0.9785', 'eval_auprc': '0.9781', 'eval_runtime': '2.1', 'eval_samples_per_second': '142.8', 'eval_steps_per_second': '9.046', 'epoch': '4'}
CustomImageProcessor configuration saved to checkpoints/stop4b_cost_ratio_spider_convnext_spider_balanced_costr10_convnext_nicme_logit_adjustment_seed44/checkpoint-132/preprocessor_config.json
{'loss': '0.2375', 'grad_norm': '2.549', 'learning_rate': '9.311e-05', 'epoch': '4.242'}
{'loss': '0.295', 'grad_norm': '11.03', 'learning_rate': '9.179e-05', 'epoch': '4.545'}
{'loss': '0.2333', 'grad_norm': '19.25', 'learning_rate': '9.036e-05', 'epoch': '4.848'}
{'eval_loss': '0.3289', 'eval_accuracy': '0.9', 'eval_f1': '0.8994', 'eval_balanced_accuracy': '0.9', 'eval_macro_f1': '0.8994', 'eval_atc': '0.19', 'eval_normalized_atc': '0.019', 'eval_target_recall': '0.98', 'eval_target_fnr': '0.02', 'eval_selection_score': '0.019', 'eval_selection_accuracy_value': '0.9', 'eval_nll': '0.2457', 'eval_brier': '0.1479', 'eval_ece': '0.02779', 'eval_auroc': '0.9747', 'eval_auprc': '0.978', 'eval_runtime': '2.086', 'eval_samples_per_second': '143.8', 'eval_steps_per_second': '9.11', 'epoch': '5'}
CustomImageProcessor configuration saved to checkpoints/stop4b_cost_ratio_spider_convnext_spider_balanced_costr10_convnext_nicme_logit_adjustment_seed44/checkpoint-165/preprocessor_config.json
{'loss': '0.2254', 'grad_norm': '3.492', 'learning_rate': '8.883e-05', 'epoch': '5.152'}
{'loss': '0.2172', 'grad_norm': '6.747', 'learning_rate': '8.721e-05', 'epoch': '5.455'}
{'loss': '0.1989', 'grad_norm': '7.898', 'learning_rate': '8.549e-05', 'epoch': '5.758'}
{'eval_loss': '0.386', 'eval_accuracy': '0.8867', 'eval_f1': '0.8859', 'eval_balanced_accuracy': '0.8867', 'eval_macro_f1': '0.8859', 'eval_atc': '0.2633', 'eval_normalized_atc': '0.02633', 'eval_target_recall': '0.9667', 'eval_target_fnr': '0.03333', 'eval_selection_score': '0.02633', 'eval_selection_accuracy_value': '0.8867', 'eval_nll': '0.2467', 'eval_brier': '0.1535', 'eval_ece': '0.02999', 'eval_auroc': '0.9752', 'eval_auprc': '0.9766', 'eval_runtime': '2.364', 'eval_samples_per_second': '126.9', 'eval_steps_per_second': '8.036', 'epoch': '6'}
CustomImageProcessor configuration saved to checkpoints/stop4b_cost_ratio_spider_convnext_spider_balanced_costr10_convnext_nicme_logit_adjustment_seed44/checkpoint-198/preprocessor_config.json
{'loss': '0.2623', 'grad_norm': '3.075', 'learning_rate': '8.368e-05', 'epoch': '6.061'}
{'loss': '0.1785', 'grad_norm': '10.93', 'learning_rate': '8.179e-05', 'epoch': '6.364'}
{'loss': '0.1609', 'grad_norm': '1.951', 'learning_rate': '7.981e-05', 'epoch': '6.667'}
{'loss': '0.2648', 'grad_norm': '1.164', 'learning_rate': '7.777e-05', 'epoch': '6.97'}
{'eval_loss': '0.4878', 'eval_accuracy': '0.91', 'eval_f1': '0.91', 'eval_balanced_accuracy': '0.91', 'eval_macro_f1': '0.91', 'eval_atc': '0.45', 'eval_normalized_atc': '0.045', 'eval_target_recall': '0.92', 'eval_target_fnr': '0.08', 'eval_selection_score': '0.0486', 'eval_selection_accuracy_value': '0.91', 'eval_nll': '0.1836', 'eval_brier': '0.1133', 'eval_ece': '0.03704', 'eval_auroc': '0.9804', 'eval_auprc': '0.9803', 'eval_runtime': '2.033', 'eval_samples_per_second': '147.6', 'eval_steps_per_second': '9.347', 'epoch': '7'}
CustomImageProcessor configuration saved to checkpoints/stop4b_cost_ratio_spider_convnext_spider_balanced_costr10_convnext_nicme_logit_adjustment_seed44/checkpoint-231/preprocessor_config.json
{'loss': '0.1557', 'grad_norm': '8.516', 'learning_rate': '7.565e-05', 'epoch': '7.273'}
{'loss': '0.2147', 'grad_norm': '5.855', 'learning_rate': '7.347e-05', 'epoch': '7.576'}
{'loss': '0.179', 'grad_norm': '8.906', 'learning_rate': '7.123e-05', 'epoch': '7.879'}
{'eval_loss': '0.4515', 'eval_accuracy': '0.9333', 'eval_f1': '0.9333', 'eval_balanced_accuracy': '0.9333', 'eval_macro_f1': '0.9333', 'eval_atc': '0.3067', 'eval_normalized_atc': '0.03067', 'eval_target_recall': '0.9467', 'eval_target_fnr': '0.05333', 'eval_selection_score': '0.03071', 'eval_selection_accuracy_value': '0.9333', 'eval_nll': '0.1764', 'eval_brier': '0.1076', 'eval_ece': '0.03388', 'eval_auroc': '0.9831', 'eval_auprc': '0.9831', 'eval_runtime': '2.43', 'eval_samples_per_second': '123.5', 'eval_steps_per_second': '7.819', 'epoch': '8'}
CustomImageProcessor configuration saved to checkpoints/stop4b_cost_ratio_spider_convnext_spider_balanced_costr10_convnext_nicme_logit_adjustment_seed44/checkpoint-264/preprocessor_config.json
{'train_runtime': '84.26', 'train_samples_per_second': '498', 'train_steps_per_second': '7.833', 'train_loss': '0.3512', 'epoch': '8'}
***** train metrics *****
  epoch                    =         8.0
  total_flos               = 392778109GF
  train_loss               =      0.3512
  train_runtime            =  0:01:24.26
  train_samples_per_second =     497.963
  train_steps_per_second   =       7.833
Using device: cuda

============================================================
PERFORMING COMPREHENSIVE EVALUATION
============================================================
Results will be saved to: results/convnext_test/stop4b_cost_ratio_spider_convnext_spider_balanced_costr10_convnext_nicme_logit_adjustment_seed44_04-29_00-56
Saving run configuration...
Run configuration saved to: results/convnext_test/stop4b_cost_ratio_spider_convnext_spider_balanced_costr10_convnext_nicme_logit_adjustment_seed44_04-29_00-56/run_configuration_20260429_005623.json
Running model evaluation...
Computing detailed metrics...
Saving metrics to files...
Metrics saved to: results/convnext_test/stop4b_cost_ratio_spider_convnext_spider_balanced_costr10_convnext_nicme_logit_adjustment_seed44_04-29_00-56/metrics_20260429_005632_nicme_logit_adjustment.json and results/convnext_test/stop4b_cost_ratio_spider_convnext_spider_balanced_costr10_convnext_nicme_logit_adjustment_seed44_04-29_00-56/metrics_20260429_005632_nicme_logit_adjustment.txt
Creating confusion matrix visualizations...
Using provided class names: ['black_widow', 'false_widow']
Confusion matrix visualizations (3-panel) saved to: results/convnext_test/stop4b_cost_ratio_spider_convnext_spider_balanced_costr10_convnext_nicme_logit_adjustment_seed44_04-29_00-56/confusion_matrix_20260429_005632_nicme_logit_adjustment.png and results/convnext_test/stop4b_cost_ratio_spider_convnext_spider_balanced_costr10_convnext_nicme_logit_adjustment_seed44_04-29_00-56/confusion_matrix_20260429_005632_nicme_logit_adjustment.pdf
Detailed confusion matrix saved to: results/convnext_test/stop4b_cost_ratio_spider_convnext_spider_balanced_costr10_convnext_nicme_logit_adjustment_seed44_04-29_00-56/confusion_matrix_detailed_20260429_005632_nicme_logit_adjustment.png

============================================================
TRAINING COMPLETED - RESULTS SUMMARY
============================================================
Output Directory: results/convnext_test/stop4b_cost_ratio_spider_convnext_spider_balanced_costr10_convnext_nicme_logit_adjustment_seed44_04-29_00-56
Overall Accuracy: 0.9067
Balanced Accuracy: 0.9067
Overall F1 Score: 0.9065
Kappa: 0.8133
AUC: 0.9756
Expected Cost: 0.3333
Loss Function Used: nicme_logit_adjustment
Total Test Samples: 300
Classes: black_widow, false_widow

Detailed metrics and visualizations saved to: results/convnext_test/stop4b_cost_ratio_spider_convnext_spider_balanced_costr10_convnext_nicme_logit_adjustment_seed44_04-29_00-56
============================================================
