Prepared manifest loaded — Train=2098, Val=300, Calibration=300, Test=300
cuda
Using model backend=hf_auto type=convnext with 2 labels
Early stopping enabled with patience=3
Using device: cuda
{'loss': '1.154', 'grad_norm': '15.94', 'learning_rate': '2.727e-05', 'epoch': '0.303'}
{'loss': '0.7558', 'grad_norm': '5.792', 'learning_rate': '5.758e-05', 'epoch': '0.6061'}
{'loss': '0.6986', 'grad_norm': '2.641', 'learning_rate': '8.788e-05', 'epoch': '0.9091'}
{'eval_loss': '0.6701', 'eval_accuracy': '0.7867', 'eval_f1': '0.7855', 'eval_balanced_accuracy': '0.7867', 'eval_macro_f1': '0.7855', 'eval_atc': '1.543', 'eval_normalized_atc': '0.07717', 'eval_target_recall': '0.86', 'eval_target_fnr': '0.14', 'eval_selection_score': '0.1097', 'eval_selection_accuracy_value': '0.7867', 'eval_nll': '0.6325', 'eval_brier': '0.4399', 'eval_ece': '0.2428', 'eval_auroc': '0.8761', 'eval_auprc': '0.8883', 'eval_runtime': '2.925', 'eval_samples_per_second': '102.6', 'eval_steps_per_second': '6.497', 'epoch': '1'}
CustomImageProcessor configuration saved to checkpoints/stop4b_cost_ratio_spider_convnext_spider_balanced_costr20_convnext_nicme_logit_adjustment_seed42/checkpoint-33/preprocessor_config.json
{'loss': '0.6512', 'grad_norm': '2.328', 'learning_rate': '9.998e-05', 'epoch': '1.212'}
{'loss': '0.6148', 'grad_norm': '2.914', 'learning_rate': '9.984e-05', 'epoch': '1.515'}
{'loss': '0.5896', 'grad_norm': '2.092', 'learning_rate': '9.958e-05', 'epoch': '1.818'}
{'eval_loss': '0.5245', 'eval_accuracy': '0.8667', 'eval_f1': '0.8664', 'eval_balanced_accuracy': '0.8667', 'eval_macro_f1': '0.8664', 'eval_atc': '0.9567', 'eval_normalized_atc': '0.04783', 'eval_target_recall': '0.9133', 'eval_target_fnr': '0.08667', 'eval_selection_score': '0.05321', 'eval_selection_accuracy_value': '0.8667', 'eval_nll': '0.4507', 'eval_brier': '0.2745', 'eval_ece': '0.1999', 'eval_auroc': '0.9535', 'eval_auprc': '0.9576', 'eval_runtime': '2.232', 'eval_samples_per_second': '134.4', 'eval_steps_per_second': '8.511', 'epoch': '2'}
CustomImageProcessor configuration saved to checkpoints/stop4b_cost_ratio_spider_convnext_spider_balanced_costr20_convnext_nicme_logit_adjustment_seed42/checkpoint-66/preprocessor_config.json
{'loss': '0.5184', 'grad_norm': '3.234', 'learning_rate': '9.919e-05', 'epoch': '2.121'}
{'loss': '0.4638', 'grad_norm': '9.482', 'learning_rate': '9.868e-05', 'epoch': '2.424'}
{'loss': '0.3967', 'grad_norm': '2.778', 'learning_rate': '9.804e-05', 'epoch': '2.727'}
{'eval_loss': '0.3748', 'eval_accuracy': '0.8633', 'eval_f1': '0.8607', 'eval_balanced_accuracy': '0.8633', 'eval_macro_f1': '0.8607', 'eval_atc': '0.1367', 'eval_normalized_atc': '0.006833', 'eval_target_recall': '1', 'eval_target_fnr': '0', 'eval_selection_score': '0.006833', 'eval_selection_accuracy_value': '0.8633', 'eval_nll': '0.3238', 'eval_brier': '0.199', 'eval_ece': '0.04014', 'eval_auroc': '0.97', 'eval_auprc': '0.9734', 'eval_runtime': '1.989', 'eval_samples_per_second': '150.8', 'eval_steps_per_second': '9.552', 'epoch': '3'}
CustomImageProcessor configuration saved to checkpoints/stop4b_cost_ratio_spider_convnext_spider_balanced_costr20_convnext_nicme_logit_adjustment_seed42/checkpoint-99/preprocessor_config.json
{'loss': '0.4419', 'grad_norm': '5.6', 'learning_rate': '9.729e-05', 'epoch': '3.03'}
{'loss': '0.4365', 'grad_norm': '24.82', 'learning_rate': '9.642e-05', 'epoch': '3.333'}
{'loss': '0.3508', 'grad_norm': '5.659', 'learning_rate': '9.543e-05', 'epoch': '3.636'}
{'loss': '0.3517', 'grad_norm': '35.37', 'learning_rate': '9.433e-05', 'epoch': '3.939'}
{'eval_loss': '0.3513', 'eval_accuracy': '0.9', 'eval_f1': '0.8995', 'eval_balanced_accuracy': '0.9', 'eval_macro_f1': '0.8995', 'eval_atc': '0.3533', 'eval_normalized_atc': '0.01767', 'eval_target_recall': '0.9733', 'eval_target_fnr': '0.02667', 'eval_selection_score': '0.01767', 'eval_selection_accuracy_value': '0.9', 'eval_nll': '0.2692', 'eval_brier': '0.1632', 'eval_ece': '0.07175', 'eval_auroc': '0.9709', 'eval_auprc': '0.9738', 'eval_runtime': '2.127', 'eval_samples_per_second': '141.1', 'eval_steps_per_second': '8.934', 'epoch': '4'}
CustomImageProcessor configuration saved to checkpoints/stop4b_cost_ratio_spider_convnext_spider_balanced_costr20_convnext_nicme_logit_adjustment_seed42/checkpoint-132/preprocessor_config.json
{'loss': '0.2543', 'grad_norm': '2.188', 'learning_rate': '9.311e-05', 'epoch': '4.242'}
{'loss': '0.3554', 'grad_norm': '5.914', 'learning_rate': '9.179e-05', 'epoch': '4.545'}
{'loss': '0.3514', 'grad_norm': '36.15', 'learning_rate': '9.036e-05', 'epoch': '4.848'}
{'eval_loss': '0.4038', 'eval_accuracy': '0.8733', 'eval_f1': '0.8715', 'eval_balanced_accuracy': '0.8733', 'eval_macro_f1': '0.8715', 'eval_atc': '0.19', 'eval_normalized_atc': '0.0095', 'eval_target_recall': '0.9933', 'eval_target_fnr': '0.006667', 'eval_selection_score': '0.0095', 'eval_selection_accuracy_value': '0.8733', 'eval_nll': '0.3014', 'eval_brier': '0.1848', 'eval_ece': '0.03326', 'eval_auroc': '0.9713', 'eval_auprc': '0.9747', 'eval_runtime': '2.476', 'eval_samples_per_second': '121.2', 'eval_steps_per_second': '7.674', 'epoch': '5'}
CustomImageProcessor configuration saved to checkpoints/stop4b_cost_ratio_spider_convnext_spider_balanced_costr20_convnext_nicme_logit_adjustment_seed42/checkpoint-165/preprocessor_config.json
{'loss': '0.2791', 'grad_norm': '5.712', 'learning_rate': '8.883e-05', 'epoch': '5.152'}
{'loss': '0.3243', 'grad_norm': '22.4', 'learning_rate': '8.721e-05', 'epoch': '5.455'}
{'loss': '0.2004', 'grad_norm': '5.871', 'learning_rate': '8.549e-05', 'epoch': '5.758'}
{'eval_loss': '0.5029', 'eval_accuracy': '0.9133', 'eval_f1': '0.9133', 'eval_balanced_accuracy': '0.9133', 'eval_macro_f1': '0.9133', 'eval_atc': '0.6567', 'eval_normalized_atc': '0.03283', 'eval_target_recall': '0.94', 'eval_target_fnr': '0.06', 'eval_selection_score': '0.03323', 'eval_selection_accuracy_value': '0.9133', 'eval_nll': '0.1914', 'eval_brier': '0.1179', 'eval_ece': '0.04002', 'eval_auroc': '0.9806', 'eval_auprc': '0.9816', 'eval_runtime': '2.465', 'eval_samples_per_second': '121.7', 'eval_steps_per_second': '7.707', 'epoch': '6'}
CustomImageProcessor configuration saved to checkpoints/stop4b_cost_ratio_spider_convnext_spider_balanced_costr20_convnext_nicme_logit_adjustment_seed42/checkpoint-198/preprocessor_config.json
{'train_runtime': '64.06', 'train_samples_per_second': '655', 'train_steps_per_second': '10.3', 'train_loss': '0.4839', 'epoch': '6'}
***** train metrics *****
  epoch                    =         6.0
  total_flos               = 294583581GF
  train_loss               =      0.4839
  train_runtime            =  0:01:04.06
  train_samples_per_second =     654.967
  train_steps_per_second   =      10.302
Using device: cuda

============================================================
PERFORMING COMPREHENSIVE EVALUATION
============================================================
Results will be saved to: results/convnext_test/stop4b_cost_ratio_spider_convnext_spider_balanced_costr20_convnext_nicme_logit_adjustment_seed42_04-29_01-01
Saving run configuration...
Run configuration saved to: results/convnext_test/stop4b_cost_ratio_spider_convnext_spider_balanced_costr20_convnext_nicme_logit_adjustment_seed42_04-29_01-01/run_configuration_20260429_010106.json
Running model evaluation...
Computing detailed metrics...
Saving metrics to files...
Metrics saved to: results/convnext_test/stop4b_cost_ratio_spider_convnext_spider_balanced_costr20_convnext_nicme_logit_adjustment_seed42_04-29_01-01/metrics_20260429_010114_nicme_logit_adjustment.json and results/convnext_test/stop4b_cost_ratio_spider_convnext_spider_balanced_costr20_convnext_nicme_logit_adjustment_seed42_04-29_01-01/metrics_20260429_010114_nicme_logit_adjustment.txt
Creating confusion matrix visualizations...
Using provided class names: ['black_widow', 'false_widow']
Confusion matrix visualizations (3-panel) saved to: results/convnext_test/stop4b_cost_ratio_spider_convnext_spider_balanced_costr20_convnext_nicme_logit_adjustment_seed42_04-29_01-01/confusion_matrix_20260429_010114_nicme_logit_adjustment.png and results/convnext_test/stop4b_cost_ratio_spider_convnext_spider_balanced_costr20_convnext_nicme_logit_adjustment_seed42_04-29_01-01/confusion_matrix_20260429_010114_nicme_logit_adjustment.pdf
Detailed confusion matrix saved to: results/convnext_test/stop4b_cost_ratio_spider_convnext_spider_balanced_costr20_convnext_nicme_logit_adjustment_seed42_04-29_01-01/confusion_matrix_detailed_20260429_010114_nicme_logit_adjustment.png

============================================================
TRAINING COMPLETED - RESULTS SUMMARY
============================================================
Output Directory: results/convnext_test/stop4b_cost_ratio_spider_convnext_spider_balanced_costr20_convnext_nicme_logit_adjustment_seed42_04-29_01-01
Overall Accuracy: 0.9000
Balanced Accuracy: 0.9000
Overall F1 Score: 0.8996
Kappa: 0.8000
AUC: 0.9653
Expected Cost: 0.4167
Loss Function Used: nicme_logit_adjustment
Total Test Samples: 300
Classes: black_widow, false_widow

Detailed metrics and visualizations saved to: results/convnext_test/stop4b_cost_ratio_spider_convnext_spider_balanced_costr20_convnext_nicme_logit_adjustment_seed42_04-29_01-01
============================================================
