Prepared manifest loaded — Train=2098, Val=300, Calibration=300, Test=300
cuda
Using model backend=hf_auto type=convnext with 2 labels
Early stopping enabled with patience=3
Using device: cuda
{'loss': '0.7169', 'grad_norm': '1.124', 'learning_rate': '2.727e-05', 'epoch': '0.303'}
{'loss': '0.6908', 'grad_norm': '1.055', 'learning_rate': '5.758e-05', 'epoch': '0.6061'}
{'loss': '0.6551', 'grad_norm': '1.187', 'learning_rate': '8.788e-05', 'epoch': '0.9091'}
{'eval_loss': '0.6173', 'eval_accuracy': '0.6933', 'eval_f1': '0.6914', 'eval_balanced_accuracy': '0.6933', 'eval_macro_f1': '0.6914', 'eval_atc': '2.46', 'eval_normalized_atc': '0.123', 'eval_target_recall': '0.7733', 'eval_target_fnr': '0.2267', 'eval_selection_score': '0.2592', 'eval_selection_accuracy_value': '0.6933', 'eval_nll': '0.6173', 'eval_brier': '0.4263', 'eval_ece': '0.1133', 'eval_auroc': '0.7744', 'eval_auprc': '0.7894', 'eval_runtime': '2.82', 'eval_samples_per_second': '106.4', 'eval_steps_per_second': '6.738', 'epoch': '1'}
CustomImageProcessor configuration saved to checkpoints/stop4b_cost_ratio_spider_convnext_spider_balanced_costr20_convnext_ce_calibrated_cost_min_seed43/checkpoint-33/preprocessor_config.json
{'loss': '0.587', 'grad_norm': '1.814', 'learning_rate': '9.998e-05', 'epoch': '1.212'}
{'loss': '0.4808', 'grad_norm': '1.783', 'learning_rate': '9.984e-05', 'epoch': '1.515'}
{'loss': '0.4091', 'grad_norm': '1.881', 'learning_rate': '9.958e-05', 'epoch': '1.818'}
{'eval_loss': '0.3326', 'eval_accuracy': '0.87', 'eval_f1': '0.8699', 'eval_balanced_accuracy': '0.87', 'eval_macro_f1': '0.8699', 'eval_atc': '1.08', 'eval_normalized_atc': '0.054', 'eval_target_recall': '0.9', 'eval_target_fnr': '0.1', 'eval_selection_score': '0.064', 'eval_selection_accuracy_value': '0.87', 'eval_nll': '0.3326', 'eval_brier': '0.2029', 'eval_ece': '0.03498', 'eval_auroc': '0.9362', 'eval_auprc': '0.9407', 'eval_runtime': '2.452', 'eval_samples_per_second': '122.3', 'eval_steps_per_second': '7.748', 'epoch': '2'}
CustomImageProcessor configuration saved to checkpoints/stop4b_cost_ratio_spider_convnext_spider_balanced_costr20_convnext_ce_calibrated_cost_min_seed43/checkpoint-66/preprocessor_config.json
{'loss': '0.2937', 'grad_norm': '2.9', 'learning_rate': '9.919e-05', 'epoch': '2.121'}
{'loss': '0.2913', 'grad_norm': '3.02', 'learning_rate': '9.868e-05', 'epoch': '2.424'}
{'loss': '0.2529', 'grad_norm': '2.337', 'learning_rate': '9.804e-05', 'epoch': '2.727'}
{'eval_loss': '0.2375', 'eval_accuracy': '0.9033', 'eval_f1': '0.9033', 'eval_balanced_accuracy': '0.9033', 'eval_macro_f1': '0.9033', 'eval_atc': '1.11', 'eval_normalized_atc': '0.0555', 'eval_target_recall': '0.8933', 'eval_target_fnr': '0.1067', 'eval_selection_score': '0.06834', 'eval_selection_accuracy_value': '0.9033', 'eval_nll': '0.2375', 'eval_brier': '0.147', 'eval_ece': '0.05108', 'eval_auroc': '0.968', 'eval_auprc': '0.9714', 'eval_runtime': '2.188', 'eval_samples_per_second': '137.1', 'eval_steps_per_second': '8.685', 'epoch': '3'}
CustomImageProcessor configuration saved to checkpoints/stop4b_cost_ratio_spider_convnext_spider_balanced_costr20_convnext_ce_calibrated_cost_min_seed43/checkpoint-99/preprocessor_config.json
{'loss': '0.2184', 'grad_norm': '2.527', 'learning_rate': '9.729e-05', 'epoch': '3.03'}
{'loss': '0.1802', 'grad_norm': '2.723', 'learning_rate': '9.642e-05', 'epoch': '3.333'}
{'loss': '0.2344', 'grad_norm': '8.572', 'learning_rate': '9.543e-05', 'epoch': '3.636'}
{'loss': '0.1773', 'grad_norm': '2.894', 'learning_rate': '9.433e-05', 'epoch': '3.939'}
{'eval_loss': '0.2266', 'eval_accuracy': '0.9067', 'eval_f1': '0.9066', 'eval_balanced_accuracy': '0.9067', 'eval_macro_f1': '0.9066', 'eval_atc': '1.17', 'eval_normalized_atc': '0.0585', 'eval_target_recall': '0.8867', 'eval_target_fnr': '0.1133', 'eval_selection_score': '0.07454', 'eval_selection_accuracy_value': '0.9067', 'eval_nll': '0.2266', 'eval_brier': '0.1381', 'eval_ece': '0.02823', 'eval_auroc': '0.9719', 'eval_auprc': '0.9737', 'eval_runtime': '2.264', 'eval_samples_per_second': '132.5', 'eval_steps_per_second': '8.394', 'epoch': '4'}
CustomImageProcessor configuration saved to checkpoints/stop4b_cost_ratio_spider_convnext_spider_balanced_costr20_convnext_ce_calibrated_cost_min_seed43/checkpoint-132/preprocessor_config.json
{'loss': '0.1293', 'grad_norm': '2.871', 'learning_rate': '9.311e-05', 'epoch': '4.242'}
{'loss': '0.1488', 'grad_norm': '5.386', 'learning_rate': '9.179e-05', 'epoch': '4.545'}
{'loss': '0.1606', 'grad_norm': '2.778', 'learning_rate': '9.036e-05', 'epoch': '4.848'}
{'eval_loss': '0.3553', 'eval_accuracy': '0.88', 'eval_f1': '0.8786', 'eval_balanced_accuracy': '0.88', 'eval_macro_f1': '0.8786', 'eval_atc': '0.2467', 'eval_normalized_atc': '0.01233', 'eval_target_recall': '0.9867', 'eval_target_fnr': '0.01333', 'eval_selection_score': '0.01233', 'eval_selection_accuracy_value': '0.88', 'eval_nll': '0.3553', 'eval_brier': '0.1943', 'eval_ece': '0.07078', 'eval_auroc': '0.9675', 'eval_auprc': '0.9724', 'eval_runtime': '2.184', 'eval_samples_per_second': '137.3', 'eval_steps_per_second': '8.699', 'epoch': '5'}
CustomImageProcessor configuration saved to checkpoints/stop4b_cost_ratio_spider_convnext_spider_balanced_costr20_convnext_ce_calibrated_cost_min_seed43/checkpoint-165/preprocessor_config.json
{'loss': '0.1709', 'grad_norm': '6.357', 'learning_rate': '8.883e-05', 'epoch': '5.152'}
{'loss': '0.1147', 'grad_norm': '3.293', 'learning_rate': '8.721e-05', 'epoch': '5.455'}
{'loss': '0.126', 'grad_norm': '8.904', 'learning_rate': '8.549e-05', 'epoch': '5.758'}
{'eval_loss': '0.2422', 'eval_accuracy': '0.9133', 'eval_f1': '0.9132', 'eval_balanced_accuracy': '0.9133', 'eval_macro_f1': '0.9132', 'eval_atc': '0.5933', 'eval_normalized_atc': '0.02967', 'eval_target_recall': '0.9467', 'eval_target_fnr': '0.05333', 'eval_selection_score': '0.02971', 'eval_selection_accuracy_value': '0.9133', 'eval_nll': '0.2422', 'eval_brier': '0.1387', 'eval_ece': '0.05268', 'eval_auroc': '0.9759', 'eval_auprc': '0.9782', 'eval_runtime': '2.397', 'eval_samples_per_second': '125.2', 'eval_steps_per_second': '7.926', 'epoch': '6'}
CustomImageProcessor configuration saved to checkpoints/stop4b_cost_ratio_spider_convnext_spider_balanced_costr20_convnext_ce_calibrated_cost_min_seed43/checkpoint-198/preprocessor_config.json
{'loss': '0.1552', 'grad_norm': '2.535', 'learning_rate': '8.368e-05', 'epoch': '6.061'}
{'loss': '0.09934', 'grad_norm': '1.433', 'learning_rate': '8.179e-05', 'epoch': '6.364'}
{'loss': '0.09769', 'grad_norm': '1.541', 'learning_rate': '7.981e-05', 'epoch': '6.667'}
{'loss': '0.1304', 'grad_norm': '2.317', 'learning_rate': '7.777e-05', 'epoch': '6.97'}
{'eval_loss': '0.2295', 'eval_accuracy': '0.92', 'eval_f1': '0.92', 'eval_balanced_accuracy': '0.92', 'eval_macro_f1': '0.92', 'eval_atc': '0.7767', 'eval_normalized_atc': '0.03883', 'eval_target_recall': '0.9267', 'eval_target_fnr': '0.07333', 'eval_selection_score': '0.04101', 'eval_selection_accuracy_value': '0.92', 'eval_nll': '0.2295', 'eval_brier': '0.1259', 'eval_ece': '0.04985', 'eval_auroc': '0.978', 'eval_auprc': '0.9803', 'eval_runtime': '2.195', 'eval_samples_per_second': '136.7', 'eval_steps_per_second': '8.655', 'epoch': '7'}
CustomImageProcessor configuration saved to checkpoints/stop4b_cost_ratio_spider_convnext_spider_balanced_costr20_convnext_ce_calibrated_cost_min_seed43/checkpoint-231/preprocessor_config.json
{'loss': '0.09159', 'grad_norm': '4.134', 'learning_rate': '7.565e-05', 'epoch': '7.273'}
{'loss': '0.1015', 'grad_norm': '2.012', 'learning_rate': '7.347e-05', 'epoch': '7.576'}
{'loss': '0.1026', 'grad_norm': '3.703', 'learning_rate': '7.123e-05', 'epoch': '7.879'}
{'eval_loss': '0.2923', 'eval_accuracy': '0.91', 'eval_f1': '0.9098', 'eval_balanced_accuracy': '0.91', 'eval_macro_f1': '0.9098', 'eval_atc': '0.47', 'eval_normalized_atc': '0.0235', 'eval_target_recall': '0.96', 'eval_target_fnr': '0.04', 'eval_selection_score': '0.0235', 'eval_selection_accuracy_value': '0.91', 'eval_nll': '0.2923', 'eval_brier': '0.1511', 'eval_ece': '0.06897', 'eval_auroc': '0.9725', 'eval_auprc': '0.9767', 'eval_runtime': '1.986', 'eval_samples_per_second': '151.1', 'eval_steps_per_second': '9.569', 'epoch': '8'}
CustomImageProcessor configuration saved to checkpoints/stop4b_cost_ratio_spider_convnext_spider_balanced_costr20_convnext_ce_calibrated_cost_min_seed43/checkpoint-264/preprocessor_config.json
{'train_runtime': '83.7', 'train_samples_per_second': '501.3', 'train_steps_per_second': '7.885', 'train_loss': '0.2603', 'epoch': '8'}
***** train metrics *****
  epoch                    =         8.0
  total_flos               = 392778109GF
  train_loss               =      0.2603
  train_runtime            =  0:01:23.70
  train_samples_per_second =     501.311
  train_steps_per_second   =       7.885
Using device: cuda

============================================================
PERFORMING COMPREHENSIVE EVALUATION
============================================================
Results will be saved to: results/convnext_test/stop4b_cost_ratio_spider_convnext_spider_balanced_costr20_convnext_ce_calibrated_cost_min_seed43_04-29_01-04
Saving run configuration...
Run configuration saved to: results/convnext_test/stop4b_cost_ratio_spider_convnext_spider_balanced_costr20_convnext_ce_calibrated_cost_min_seed43_04-29_01-04/run_configuration_20260429_010408.json
Running model evaluation...
Computing detailed metrics...
Saving metrics to files...
Metrics saved to: results/convnext_test/stop4b_cost_ratio_spider_convnext_spider_balanced_costr20_convnext_ce_calibrated_cost_min_seed43_04-29_01-04/metrics_20260429_010417_ce_calibrated_cost_min.json and results/convnext_test/stop4b_cost_ratio_spider_convnext_spider_balanced_costr20_convnext_ce_calibrated_cost_min_seed43_04-29_01-04/metrics_20260429_010417_ce_calibrated_cost_min.txt
Creating confusion matrix visualizations...
Using provided class names: ['black_widow', 'false_widow']
Confusion matrix visualizations (3-panel) saved to: results/convnext_test/stop4b_cost_ratio_spider_convnext_spider_balanced_costr20_convnext_ce_calibrated_cost_min_seed43_04-29_01-04/confusion_matrix_20260429_010417_ce_calibrated_cost_min.png and results/convnext_test/stop4b_cost_ratio_spider_convnext_spider_balanced_costr20_convnext_ce_calibrated_cost_min_seed43_04-29_01-04/confusion_matrix_20260429_010417_ce_calibrated_cost_min.pdf
Detailed confusion matrix saved to: results/convnext_test/stop4b_cost_ratio_spider_convnext_spider_balanced_costr20_convnext_ce_calibrated_cost_min_seed43_04-29_01-04/confusion_matrix_detailed_20260429_010417_ce_calibrated_cost_min.png

============================================================
TRAINING COMPLETED - RESULTS SUMMARY
============================================================
Output Directory: results/convnext_test/stop4b_cost_ratio_spider_convnext_spider_balanced_costr20_convnext_ce_calibrated_cost_min_seed43_04-29_01-04
Overall Accuracy: 0.9033
Balanced Accuracy: 0.9033
Overall F1 Score: 0.9029
Kappa: 0.8067
AUC: 0.9712
Expected Cost: 0.4133
Loss Function Used: ce_calibrated_cost_min
Total Test Samples: 300
Classes: black_widow, false_widow

Detailed metrics and visualizations saved to: results/convnext_test/stop4b_cost_ratio_spider_convnext_spider_balanced_costr20_convnext_ce_calibrated_cost_min_seed43_04-29_01-04
============================================================
