Prepared manifest loaded — Train=2098, Val=300, Calibration=300, Test=300
cuda
Using model backend=hf_auto type=convnext with 2 labels
Early stopping enabled with patience=3
Using device: cuda
{'loss': '0.8419', 'grad_norm': '1.868', 'learning_rate': '2.727e-05', 'epoch': '0.303'}
{'loss': '0.7141', 'grad_norm': '1.343', 'learning_rate': '5.758e-05', 'epoch': '0.6061'}
{'loss': '0.6742', 'grad_norm': '2.843', 'learning_rate': '8.788e-05', 'epoch': '0.9091'}
{'eval_loss': '0.6536', 'eval_accuracy': '0.6767', 'eval_f1': '0.647', 'eval_balanced_accuracy': '0.6767', 'eval_macro_f1': '0.647', 'eval_atc': '0.64', 'eval_normalized_atc': '0.032', 'eval_target_recall': '0.9667', 'eval_target_fnr': '0.03333', 'eval_selection_score': '0.04721', 'eval_selection_accuracy_value': '0.6767', 'eval_nll': '0.6363', 'eval_brier': '0.4442', 'eval_ece': '0.1183', 'eval_auroc': '0.8673', 'eval_auprc': '0.8768', 'eval_runtime': '3.093', 'eval_samples_per_second': '97', 'eval_steps_per_second': '6.143', 'epoch': '1'}
CustomImageProcessor configuration saved to checkpoints/stop4b_cost_ratio_spider_convnext_spider_balanced_costr20_convnext_nicme_logit_adjustment_seed44/checkpoint-33/preprocessor_config.json
{'loss': '0.644', 'grad_norm': '2.808', 'learning_rate': '9.998e-05', 'epoch': '1.212'}
{'loss': '0.5916', 'grad_norm': '2.192', 'learning_rate': '9.984e-05', 'epoch': '1.515'}
{'loss': '0.5858', 'grad_norm': '2.553', 'learning_rate': '9.958e-05', 'epoch': '1.818'}
{'eval_loss': '0.5285', 'eval_accuracy': '0.8233', 'eval_f1': '0.82', 'eval_balanced_accuracy': '0.8233', 'eval_macro_f1': '0.82', 'eval_atc': '0.5567', 'eval_normalized_atc': '0.02783', 'eval_target_recall': '0.96', 'eval_target_fnr': '0.04', 'eval_selection_score': '0.02783', 'eval_selection_accuracy_value': '0.8233', 'eval_nll': '0.4646', 'eval_brier': '0.2941', 'eval_ece': '0.1365', 'eval_auroc': '0.9412', 'eval_auprc': '0.9426', 'eval_runtime': '2.354', 'eval_samples_per_second': '127.4', 'eval_steps_per_second': '8.071', 'epoch': '2'}
CustomImageProcessor configuration saved to checkpoints/stop4b_cost_ratio_spider_convnext_spider_balanced_costr20_convnext_nicme_logit_adjustment_seed44/checkpoint-66/preprocessor_config.json
{'loss': '0.5162', 'grad_norm': '3.741', 'learning_rate': '9.919e-05', 'epoch': '2.121'}
{'loss': '0.4618', 'grad_norm': '2.659', 'learning_rate': '9.868e-05', 'epoch': '2.424'}
{'loss': '0.4205', 'grad_norm': '1.722', 'learning_rate': '9.804e-05', 'epoch': '2.727'}
{'eval_loss': '0.4812', 'eval_accuracy': '0.8733', 'eval_f1': '0.8728', 'eval_balanced_accuracy': '0.8733', 'eval_macro_f1': '0.8728', 'eval_atc': '0.6967', 'eval_normalized_atc': '0.03483', 'eval_target_recall': '0.94', 'eval_target_fnr': '0.06', 'eval_selection_score': '0.03523', 'eval_selection_accuracy_value': '0.8733', 'eval_nll': '0.3252', 'eval_brier': '0.1934', 'eval_ece': '0.0697', 'eval_auroc': '0.9588', 'eval_auprc': '0.9622', 'eval_runtime': '2.461', 'eval_samples_per_second': '121.9', 'eval_steps_per_second': '7.722', 'epoch': '3'}
CustomImageProcessor configuration saved to checkpoints/stop4b_cost_ratio_spider_convnext_spider_balanced_costr20_convnext_nicme_logit_adjustment_seed44/checkpoint-99/preprocessor_config.json
{'loss': '0.4103', 'grad_norm': '5.366', 'learning_rate': '9.729e-05', 'epoch': '3.03'}
{'loss': '0.4329', 'grad_norm': '15.1', 'learning_rate': '9.642e-05', 'epoch': '3.333'}
{'loss': '0.3732', 'grad_norm': '20', 'learning_rate': '9.543e-05', 'epoch': '3.636'}
{'loss': '0.3633', 'grad_norm': '24.44', 'learning_rate': '9.433e-05', 'epoch': '3.939'}
{'eval_loss': '0.4545', 'eval_accuracy': '0.9', 'eval_f1': '0.8999', 'eval_balanced_accuracy': '0.9', 'eval_macro_f1': '0.8999', 'eval_atc': '0.7333', 'eval_normalized_atc': '0.03667', 'eval_target_recall': '0.9333', 'eval_target_fnr': '0.06667', 'eval_selection_score': '0.03778', 'eval_selection_accuracy_value': '0.9', 'eval_nll': '0.2529', 'eval_brier': '0.1486', 'eval_ece': '0.04638', 'eval_auroc': '0.9719', 'eval_auprc': '0.9737', 'eval_runtime': '2.448', 'eval_samples_per_second': '122.6', 'eval_steps_per_second': '7.762', 'epoch': '4'}
CustomImageProcessor configuration saved to checkpoints/stop4b_cost_ratio_spider_convnext_spider_balanced_costr20_convnext_nicme_logit_adjustment_seed44/checkpoint-132/preprocessor_config.json
{'loss': '0.2739', 'grad_norm': '3.285', 'learning_rate': '9.311e-05', 'epoch': '4.242'}
{'loss': '0.3446', 'grad_norm': '2.546', 'learning_rate': '9.179e-05', 'epoch': '4.545'}
{'loss': '0.2596', 'grad_norm': '3.712', 'learning_rate': '9.036e-05', 'epoch': '4.848'}
{'eval_loss': '0.3429', 'eval_accuracy': '0.9033', 'eval_f1': '0.9029', 'eval_balanced_accuracy': '0.9033', 'eval_macro_f1': '0.9029', 'eval_atc': '0.4133', 'eval_normalized_atc': '0.02067', 'eval_target_recall': '0.9667', 'eval_target_fnr': '0.03333', 'eval_selection_score': '0.02067', 'eval_selection_accuracy_value': '0.9033', 'eval_nll': '0.2278', 'eval_brier': '0.1384', 'eval_ece': '0.03912', 'eval_auroc': '0.9781', 'eval_auprc': '0.9803', 'eval_runtime': '1.982', 'eval_samples_per_second': '151.4', 'eval_steps_per_second': '9.588', 'epoch': '5'}
CustomImageProcessor configuration saved to checkpoints/stop4b_cost_ratio_spider_convnext_spider_balanced_costr20_convnext_nicme_logit_adjustment_seed44/checkpoint-165/preprocessor_config.json
{'loss': '0.3303', 'grad_norm': '3.886', 'learning_rate': '8.883e-05', 'epoch': '5.152'}
{'loss': '0.3206', 'grad_norm': '13.42', 'learning_rate': '8.721e-05', 'epoch': '5.455'}
{'loss': '0.2022', 'grad_norm': '16.49', 'learning_rate': '8.549e-05', 'epoch': '5.758'}
{'eval_loss': '0.5363', 'eval_accuracy': '0.8967', 'eval_f1': '0.8963', 'eval_balanced_accuracy': '0.8967', 'eval_macro_f1': '0.8963', 'eval_atc': '0.5467', 'eval_normalized_atc': '0.02733', 'eval_target_recall': '0.9533', 'eval_target_fnr': '0.04667', 'eval_selection_score': '0.02733', 'eval_selection_accuracy_value': '0.8967', 'eval_nll': '0.2466', 'eval_brier': '0.1537', 'eval_ece': '0.02829', 'eval_auroc': '0.9732', 'eval_auprc': '0.9745', 'eval_runtime': '2.18', 'eval_samples_per_second': '137.6', 'eval_steps_per_second': '8.714', 'epoch': '6'}
CustomImageProcessor configuration saved to checkpoints/stop4b_cost_ratio_spider_convnext_spider_balanced_costr20_convnext_nicme_logit_adjustment_seed44/checkpoint-198/preprocessor_config.json
{'loss': '0.3505', 'grad_norm': '1.963', 'learning_rate': '8.368e-05', 'epoch': '6.061'}
{'loss': '0.2423', 'grad_norm': '24.84', 'learning_rate': '8.179e-05', 'epoch': '6.364'}
{'loss': '0.2755', 'grad_norm': '4.189', 'learning_rate': '7.981e-05', 'epoch': '6.667'}
{'loss': '0.3569', 'grad_norm': '1.549', 'learning_rate': '7.777e-05', 'epoch': '6.97'}
{'eval_loss': '0.507', 'eval_accuracy': '0.9267', 'eval_f1': '0.9266', 'eval_balanced_accuracy': '0.9267', 'eval_macro_f1': '0.9266', 'eval_atc': '0.58', 'eval_normalized_atc': '0.029', 'eval_target_recall': '0.9467', 'eval_target_fnr': '0.05333', 'eval_selection_score': '0.02904', 'eval_selection_accuracy_value': '0.9267', 'eval_nll': '0.1716', 'eval_brier': '0.1035', 'eval_ece': '0.0293', 'eval_auroc': '0.983', 'eval_auprc': '0.9837', 'eval_runtime': '2.407', 'eval_samples_per_second': '124.6', 'eval_steps_per_second': '7.893', 'epoch': '7'}
CustomImageProcessor configuration saved to checkpoints/stop4b_cost_ratio_spider_convnext_spider_balanced_costr20_convnext_nicme_logit_adjustment_seed44/checkpoint-231/preprocessor_config.json
{'loss': '0.1655', 'grad_norm': '2.133', 'learning_rate': '7.565e-05', 'epoch': '7.273'}
{'loss': '0.2555', 'grad_norm': '8.598', 'learning_rate': '7.347e-05', 'epoch': '7.576'}
{'loss': '0.263', 'grad_norm': '22.74', 'learning_rate': '7.123e-05', 'epoch': '7.879'}
{'eval_loss': '0.5833', 'eval_accuracy': '0.9233', 'eval_f1': '0.9233', 'eval_balanced_accuracy': '0.9233', 'eval_macro_f1': '0.9233', 'eval_atc': '0.5833', 'eval_normalized_atc': '0.02917', 'eval_target_recall': '0.9467', 'eval_target_fnr': '0.05333', 'eval_selection_score': '0.02921', 'eval_selection_accuracy_value': '0.9233', 'eval_nll': '0.1856', 'eval_brier': '0.1132', 'eval_ece': '0.0243', 'eval_auroc': '0.981', 'eval_auprc': '0.9824', 'eval_runtime': '2.485', 'eval_samples_per_second': '120.7', 'eval_steps_per_second': '7.647', 'epoch': '8'}
CustomImageProcessor configuration saved to checkpoints/stop4b_cost_ratio_spider_convnext_spider_balanced_costr20_convnext_nicme_logit_adjustment_seed44/checkpoint-264/preprocessor_config.json
{'train_runtime': '85.2', 'train_samples_per_second': '492.5', 'train_steps_per_second': '7.747', 'train_loss': '0.4067', 'epoch': '8'}
***** train metrics *****
  epoch                    =         8.0
  total_flos               = 392778109GF
  train_loss               =      0.4067
  train_runtime            =  0:01:25.19
  train_samples_per_second =     492.516
  train_steps_per_second   =       7.747
Using device: cuda

============================================================
PERFORMING COMPREHENSIVE EVALUATION
============================================================
Results will be saved to: results/convnext_test/stop4b_cost_ratio_spider_convnext_spider_balanced_costr20_convnext_nicme_logit_adjustment_seed44_04-29_01-10
Saving run configuration...
Run configuration saved to: results/convnext_test/stop4b_cost_ratio_spider_convnext_spider_balanced_costr20_convnext_nicme_logit_adjustment_seed44_04-29_01-10/run_configuration_20260429_011057.json
Running model evaluation...
Computing detailed metrics...
Saving metrics to files...
Metrics saved to: results/convnext_test/stop4b_cost_ratio_spider_convnext_spider_balanced_costr20_convnext_nicme_logit_adjustment_seed44_04-29_01-10/metrics_20260429_011105_nicme_logit_adjustment.json and results/convnext_test/stop4b_cost_ratio_spider_convnext_spider_balanced_costr20_convnext_nicme_logit_adjustment_seed44_04-29_01-10/metrics_20260429_011105_nicme_logit_adjustment.txt
Creating confusion matrix visualizations...
Using provided class names: ['black_widow', 'false_widow']
Confusion matrix visualizations (3-panel) saved to: results/convnext_test/stop4b_cost_ratio_spider_convnext_spider_balanced_costr20_convnext_nicme_logit_adjustment_seed44_04-29_01-10/confusion_matrix_20260429_011105_nicme_logit_adjustment.png and results/convnext_test/stop4b_cost_ratio_spider_convnext_spider_balanced_costr20_convnext_nicme_logit_adjustment_seed44_04-29_01-10/confusion_matrix_20260429_011105_nicme_logit_adjustment.pdf
Detailed confusion matrix saved to: results/convnext_test/stop4b_cost_ratio_spider_convnext_spider_balanced_costr20_convnext_nicme_logit_adjustment_seed44_04-29_01-10/confusion_matrix_detailed_20260429_011105_nicme_logit_adjustment.png

============================================================
TRAINING COMPLETED - RESULTS SUMMARY
============================================================
Output Directory: results/convnext_test/stop4b_cost_ratio_spider_convnext_spider_balanced_costr20_convnext_nicme_logit_adjustment_seed44_04-29_01-10
Overall Accuracy: 0.9200
Balanced Accuracy: 0.9200
Overall F1 Score: 0.9199
Kappa: 0.8400
AUC: 0.9764
Expected Cost: 0.5233
Loss Function Used: nicme_logit_adjustment
Total Test Samples: 300
Classes: black_widow, false_widow

Detailed metrics and visualizations saved to: results/convnext_test/stop4b_cost_ratio_spider_convnext_spider_balanced_costr20_convnext_nicme_logit_adjustment_seed44_04-29_01-10
============================================================
