Prepared manifest loaded — Train=970, Val=310, Calibration=0, Test=320
cuda
Using model backend=timm type=pmi10_sota_convnext_base with 10 labels
Early stopping enabled with patience=5
Using device: cuda
{'loss': '8.664', 'grad_norm': '31.18', 'learning_rate': '2.5e-05', 'epoch': '0.6557'}
{'eval_loss': '1.477', 'eval_accuracy': '0.6065', 'eval_f1': '0.5762', 'eval_balanced_accuracy': '0.6065', 'eval_macro_f1': '0.5762', 'eval_atc': '0.9452', 'eval_normalized_atc': '0.09452', 'eval_target_recall': '0.2258', 'eval_target_recall_macro': '0.6613', 'eval_target_fnr': '0.1935', 'eval_selection_score': '1.95', 'eval_selection_accuracy_value': '0.6065', 'eval_nll': '1.364', 'eval_brier': '0.629', 'eval_ece': '0.2837', 'eval_auroc': '0', 'eval_auprc': '0', 'eval_runtime': '4.882', 'eval_samples_per_second': '63.5', 'eval_steps_per_second': '4.097', 'epoch': '1'}
CustomImageProcessor configuration saved to checkpoints/top5_smoke_nicme_v3_run95_a0p5_l0p07_lr5e5_s43/checkpoint-16/preprocessor_config.json
{'train_runtime': '19.19', 'train_samples_per_second': '50.55', 'train_steps_per_second': '0.834', 'train_loss': '7.434', 'epoch': '1'}
***** train metrics *****
  epoch                    =        1.0
  total_flos               =        0GF
  train_loss               =     7.4341
  train_runtime            = 0:00:19.19
  train_samples_per_second =     50.547
  train_steps_per_second   =      0.834
Using device: cuda

============================================================
PERFORMING COMPREHENSIVE EVALUATION
============================================================
Results will be saved to: results/pmi10_sota_convnext_base_test/top5_smoke_nicme_v3_run95_a0p5_l0p07_lr5e5_s43_05-04_03-09
Saving run configuration...
Run configuration saved to: results/pmi10_sota_convnext_base_test/top5_smoke_nicme_v3_run95_a0p5_l0p07_lr5e5_s43_05-04_03-09/run_configuration_20260504_030906.json
Running model evaluation...
Computing detailed metrics...
Saving metrics to files...
Metrics saved to: results/pmi10_sota_convnext_base_test/top5_smoke_nicme_v3_run95_a0p5_l0p07_lr5e5_s43_05-04_03-09/metrics_20260504_030915_nicme_v3_hybrid.json and results/pmi10_sota_convnext_base_test/top5_smoke_nicme_v3_run95_a0p5_l0p07_lr5e5_s43_05-04_03-09/metrics_20260504_030915_nicme_v3_hybrid.txt
Using provided class names: ['00378-0208', '00378-3855', '00591-0461', '16729-0020', '50111-0434', '53489-0156', '53746-0544', '62037-0831', '68382-0008', '68382-0227']
Skipping confusion matrix visualizations by configuration.

============================================================
TRAINING COMPLETED - RESULTS SUMMARY
============================================================
Output Directory: results/pmi10_sota_convnext_base_test/top5_smoke_nicme_v3_run95_a0p5_l0p07_lr5e5_s43_05-04_03-09
Overall Accuracy: 0.6375
Balanced Accuracy: 0.6375
Overall F1 Score: 0.6163
Kappa: 0.5972
AUC: 0.9615
Expected Cost: 0.8406
Loss Function Used: nicme_v3_hybrid
Total Test Samples: 320
Classes: 00378-0208, 00378-3855, 00591-0461, 16729-0020, 50111-0434, 53489-0156, 53746-0544, 62037-0831, 68382-0008, 68382-0227

Detailed metrics saved to: results/pmi10_sota_convnext_base_test/top5_smoke_nicme_v3_run95_a0p5_l0p07_lr5e5_s43_05-04_03-09
============================================================
