Prepared manifest loaded — Train=970, Val=310, Calibration=0, Test=320
cuda
Using model backend=timm type=pmi10_sota_convnext_base with 10 labels
Early stopping enabled with patience=5
Using device: cuda
{'loss': '8.325', 'grad_norm': '31.12', 'learning_rate': '2.5e-05', 'epoch': '0.6557'}
{'eval_loss': '1.362', 'eval_accuracy': '0.6226', 'eval_f1': '0.577', 'eval_balanced_accuracy': '0.6226', 'eval_macro_f1': '0.577', 'eval_atc': '1.132', 'eval_normalized_atc': '0.1132', 'eval_target_recall': '0.4516', 'eval_target_recall_macro': '0.7258', 'eval_target_fnr': '0.3548', 'eval_selection_score': '0.9489', 'eval_selection_accuracy_value': '0.6226', 'eval_nll': '1.34', 'eval_brier': '0.6239', 'eval_ece': '0.2951', 'eval_auroc': '0', 'eval_auprc': '0', 'eval_runtime': '4.959', 'eval_samples_per_second': '62.52', 'eval_steps_per_second': '4.033', 'epoch': '1'}
CustomImageProcessor configuration saved to checkpoints/top5_smoke_nicme_v3_run50_a0p09_l0p07_lr5e5_s43/checkpoint-16/preprocessor_config.json
{'train_runtime': '19.34', 'train_samples_per_second': '50.16', 'train_steps_per_second': '0.827', 'train_loss': '7.074', 'epoch': '1'}
***** train metrics *****
  epoch                    =        1.0
  total_flos               =        0GF
  train_loss               =     7.0735
  train_runtime            = 0:00:19.33
  train_samples_per_second =     50.164
  train_steps_per_second   =      0.827
Using device: cuda

============================================================
PERFORMING COMPREHENSIVE EVALUATION
============================================================
Results will be saved to: results/pmi10_sota_convnext_base_test/top5_smoke_nicme_v3_run50_a0p09_l0p07_lr5e5_s43_05-04_03-11
Saving run configuration...
Run configuration saved to: results/pmi10_sota_convnext_base_test/top5_smoke_nicme_v3_run50_a0p09_l0p07_lr5e5_s43_05-04_03-11/run_configuration_20260504_031121.json
Running model evaluation...
Computing detailed metrics...
Saving metrics to files...
Metrics saved to: results/pmi10_sota_convnext_base_test/top5_smoke_nicme_v3_run50_a0p09_l0p07_lr5e5_s43_05-04_03-11/metrics_20260504_031129_nicme_v3_hybrid.json and results/pmi10_sota_convnext_base_test/top5_smoke_nicme_v3_run50_a0p09_l0p07_lr5e5_s43_05-04_03-11/metrics_20260504_031129_nicme_v3_hybrid.txt
Using provided class names: ['00378-0208', '00378-3855', '00591-0461', '16729-0020', '50111-0434', '53489-0156', '53746-0544', '62037-0831', '68382-0008', '68382-0227']
Skipping confusion matrix visualizations by configuration.

============================================================
TRAINING COMPLETED - RESULTS SUMMARY
============================================================
Output Directory: results/pmi10_sota_convnext_base_test/top5_smoke_nicme_v3_run50_a0p09_l0p07_lr5e5_s43_05-04_03-11
Overall Accuracy: 0.6281
Balanced Accuracy: 0.6281
Overall F1 Score: 0.5960
Kappa: 0.5868
AUC: 0.9633
Expected Cost: 1.1313
Loss Function Used: nicme_v3_hybrid
Total Test Samples: 320
Classes: 00378-0208, 00378-3855, 00591-0461, 16729-0020, 50111-0434, 53489-0156, 53746-0544, 62037-0831, 68382-0008, 68382-0227

Detailed metrics saved to: results/pmi10_sota_convnext_base_test/top5_smoke_nicme_v3_run50_a0p09_l0p07_lr5e5_s43_05-04_03-11
============================================================
