Prepared manifest loaded — Train=970, Val=310, Calibration=0, Test=320
cuda
Using model backend=timm type=pmi10_sota_convnext_base with 10 labels
Early stopping enabled with patience=5
Using device: cuda
{'loss': '8.336', 'grad_norm': '31.12', 'learning_rate': '2.5e-05', 'epoch': '0.6557'}
{'eval_loss': '1.371', 'eval_accuracy': '0.6226', 'eval_f1': '0.577', 'eval_balanced_accuracy': '0.6226', 'eval_macro_f1': '0.577', 'eval_atc': '1.132', 'eval_normalized_atc': '0.1132', 'eval_target_recall': '0.4516', 'eval_target_recall_macro': '0.7258', 'eval_target_fnr': '0.3548', 'eval_selection_score': '0.9489', 'eval_selection_accuracy_value': '0.6226', 'eval_nll': '1.34', 'eval_brier': '0.624', 'eval_ece': '0.2952', 'eval_auroc': '0', 'eval_auprc': '0', 'eval_runtime': '5.189', 'eval_samples_per_second': '59.75', 'eval_steps_per_second': '3.855', 'epoch': '1'}
CustomImageProcessor configuration saved to checkpoints/top5_smoke_nicme_v3_run53_a0p09_l0p2_lr5e5_s43/checkpoint-16/preprocessor_config.json
{'train_runtime': '20.87', 'train_samples_per_second': '46.48', 'train_steps_per_second': '0.767', 'train_loss': '7.09', 'epoch': '1'}
***** train metrics *****
  epoch                    =        1.0
  total_flos               =        0GF
  train_loss               =     7.0899
  train_runtime            = 0:00:20.86
  train_samples_per_second =      46.48
  train_steps_per_second   =      0.767
Using device: cuda

============================================================
PERFORMING COMPREHENSIVE EVALUATION
============================================================
Results will be saved to: results/pmi10_sota_convnext_base_test/top5_smoke_nicme_v3_run53_a0p09_l0p2_lr5e5_s43_05-04_03-12
Saving run configuration...
Run configuration saved to: results/pmi10_sota_convnext_base_test/top5_smoke_nicme_v3_run53_a0p09_l0p2_lr5e5_s43_05-04_03-12/run_configuration_20260504_031208.json
Running model evaluation...
Computing detailed metrics...
Saving metrics to files...
Metrics saved to: results/pmi10_sota_convnext_base_test/top5_smoke_nicme_v3_run53_a0p09_l0p2_lr5e5_s43_05-04_03-12/metrics_20260504_031217_nicme_v3_hybrid.json and results/pmi10_sota_convnext_base_test/top5_smoke_nicme_v3_run53_a0p09_l0p2_lr5e5_s43_05-04_03-12/metrics_20260504_031217_nicme_v3_hybrid.txt
Using provided class names: ['00378-0208', '00378-3855', '00591-0461', '16729-0020', '50111-0434', '53489-0156', '53746-0544', '62037-0831', '68382-0008', '68382-0227']
Skipping confusion matrix visualizations by configuration.

============================================================
TRAINING COMPLETED - RESULTS SUMMARY
============================================================
Output Directory: results/pmi10_sota_convnext_base_test/top5_smoke_nicme_v3_run53_a0p09_l0p2_lr5e5_s43_05-04_03-12
Overall Accuracy: 0.6281
Balanced Accuracy: 0.6281
Overall F1 Score: 0.5960
Kappa: 0.5868
AUC: 0.9633
Expected Cost: 1.1313
Loss Function Used: nicme_v3_hybrid
Total Test Samples: 320
Classes: 00378-0208, 00378-3855, 00591-0461, 16729-0020, 50111-0434, 53489-0156, 53746-0544, 62037-0831, 68382-0008, 68382-0227

Detailed metrics saved to: results/pmi10_sota_convnext_base_test/top5_smoke_nicme_v3_run53_a0p09_l0p2_lr5e5_s43_05-04_03-12
============================================================
