Prepared manifest loaded — Train=96, Val=24, Calibration=24, Test=24
cuda
Using model backend=hf_auto type=convnext with 2 labels
Using device: cuda
{'eval_loss': '3.325', 'eval_accuracy': '0.75', 'eval_f1': '0.75', 'eval_balanced_accuracy': '0.75', 'eval_macro_f1': '0.75', 'eval_atc': '1.375', 'eval_normalized_atc': '0.1375', 'eval_target_recall': '0.75', 'eval_target_fnr': '0.25', 'eval_selection_score': '0.3', 'eval_selection_accuracy_value': '0.75', 'eval_nll': '0.6566', 'eval_brier': '0.4636', 'eval_ece': '0.2185', 'eval_auroc': '0.7778', 'eval_auprc': '0.7892', 'eval_runtime': '1.723', 'eval_samples_per_second': '13.93', 'eval_steps_per_second': '1.741', 'epoch': '1'}
CustomImageProcessor configuration saved to checkpoints/stop1_smoke_spider_balanced_smoke_convnext_nicme_hybrid/checkpoint-3/preprocessor_config.json
{'train_runtime': '3.88', 'train_samples_per_second': '24.74', 'train_steps_per_second': '0.773', 'train_loss': '2.241', 'epoch': '1'}
***** train metrics *****
  epoch                    =        1.0
  total_flos               =  2246585GF
  train_loss               =     2.2411
  train_runtime            = 0:00:03.87
  train_samples_per_second =     24.744
  train_steps_per_second   =      0.773
Using device: cuda

============================================================
PERFORMING COMPREHENSIVE EVALUATION
============================================================
Results will be saved to: results/convnext_test/stop1_smoke_spider_balanced_smoke_convnext_nicme_hybrid_04-28_04-08
Saving run configuration...
Run configuration saved to: results/convnext_test/stop1_smoke_spider_balanced_smoke_convnext_nicme_hybrid_04-28_04-08/run_configuration_20260428_040809.json
Running model evaluation...
Computing detailed metrics...
Saving metrics to files...
Metrics saved to: results/convnext_test/stop1_smoke_spider_balanced_smoke_convnext_nicme_hybrid_04-28_04-08/metrics_20260428_040814_nicme_hybrid.json and results/convnext_test/stop1_smoke_spider_balanced_smoke_convnext_nicme_hybrid_04-28_04-08/metrics_20260428_040814_nicme_hybrid.txt
Creating confusion matrix visualizations...
Using provided class names: ['black_widow', 'false_widow']
Confusion matrix visualizations (3-panel) saved to: results/convnext_test/stop1_smoke_spider_balanced_smoke_convnext_nicme_hybrid_04-28_04-08/confusion_matrix_20260428_040814_nicme_hybrid.png and results/convnext_test/stop1_smoke_spider_balanced_smoke_convnext_nicme_hybrid_04-28_04-08/confusion_matrix_20260428_040814_nicme_hybrid.pdf
Detailed confusion matrix saved to: results/convnext_test/stop1_smoke_spider_balanced_smoke_convnext_nicme_hybrid_04-28_04-08/confusion_matrix_detailed_20260428_040814_nicme_hybrid.png

============================================================
TRAINING COMPLETED - RESULTS SUMMARY
============================================================
Output Directory: results/convnext_test/stop1_smoke_spider_balanced_smoke_convnext_nicme_hybrid_04-28_04-08
Overall Accuracy: 0.6667
Balanced Accuracy: 0.6667
Overall F1 Score: 0.6444
Kappa: 0.3333
AUC: 0.8472
Expected Cost: 0.7083
Loss Function Used: nicme_hybrid
Total Test Samples: 24
Classes: black_widow, false_widow

Detailed metrics and visualizations saved to: results/convnext_test/stop1_smoke_spider_balanced_smoke_convnext_nicme_hybrid_04-28_04-08
============================================================
