Prepared manifest loaded — Train=2098, Val=300, Calibration=300, Test=300
cuda
Using model backend=timm type=binary_sota_convnext_base with 2 labels
Early stopping enabled with patience=5
Using device: cuda
{'loss': '2.25', 'grad_norm': '17.94', 'learning_rate': '4.642e-05', 'epoch': '0.303'}
{'loss': '1.221', 'grad_norm': '36.95', 'learning_rate': '2.365e-05', 'epoch': '0.6061'}
{'loss': '1.145', 'grad_norm': '14.15', 'learning_rate': '2.311e-06', 'epoch': '0.9091'}
{'eval_loss': '0.2576', 'eval_accuracy': '0.89', 'eval_f1': '0.8898', 'eval_balanced_accuracy': '0.89', 'eval_macro_f1': '0.8898', 'eval_atc': '0.3433', 'eval_normalized_atc': '0.04292', 'eval_target_recall': '0.9333', 'eval_target_recall_macro': '0.9333', 'eval_target_fnr': '0.06667', 'eval_selection_score': '0.04403', 'eval_selection_accuracy_value': '0.89', 'eval_nll': '0.2576', 'eval_brier': '0.1493', 'eval_ece': '0.04235', 'eval_auroc': '0.9645', 'eval_auprc': '0.9707', 'eval_runtime': '3.035', 'eval_samples_per_second': '98.85', 'eval_steps_per_second': '6.26', 'epoch': '1'}
CustomImageProcessor configuration saved to checkpoints/binary_camera_ready_cost8_7_lr5e5_multiseed_20260505/binary_spider_smoke_ce_anchor_binary_lr5e5_s43/checkpoint-33/preprocessor_config.json
{'train_runtime': '20.07', 'train_samples_per_second': '104.5', 'train_steps_per_second': '1.644', 'train_loss': '1.487', 'epoch': '1'}
***** train metrics *****
  epoch                    =        1.0
  total_flos               =        0GF
  train_loss               =     1.4874
  train_runtime            = 0:00:20.07
  train_samples_per_second =    104.527
  train_steps_per_second   =      1.644
Using device: cuda

============================================================
PERFORMING COMPREHENSIVE EVALUATION
============================================================
Results will be saved to: results/binary_sota_convnext_base_test/binary_spider_smoke_ce_anchor_binary_lr5e5_s43_05-05_01-35
Saving run configuration...
Run configuration saved to: results/binary_sota_convnext_base_test/binary_spider_smoke_ce_anchor_binary_lr5e5_s43_05-05_01-35/run_configuration_20260505_013549.json
Running model evaluation...
Computing detailed metrics...
Saving metrics to files...
Metrics saved to: results/binary_sota_convnext_base_test/binary_spider_smoke_ce_anchor_binary_lr5e5_s43_05-05_01-35/metrics_20260505_013554_cross_entropy.json and results/binary_sota_convnext_base_test/binary_spider_smoke_ce_anchor_binary_lr5e5_s43_05-05_01-35/metrics_20260505_013554_cross_entropy.txt
Using provided class names: ['black_widow', 'false_widow']
Skipping confusion matrix visualizations by configuration.

============================================================
TRAINING COMPLETED - RESULTS SUMMARY
============================================================
Output Directory: results/binary_sota_convnext_base_test/binary_spider_smoke_ce_anchor_binary_lr5e5_s43_05-05_01-35
Overall Accuracy: 0.8900
Balanced Accuracy: 0.8900
Overall F1 Score: 0.8900
Kappa: 0.7800
AUC: 0.9606
Expected Cost: 0.4833
Loss Function Used: cross_entropy
Total Test Samples: 300
Classes: black_widow, false_widow

Detailed metrics saved to: results/binary_sota_convnext_base_test/binary_spider_smoke_ce_anchor_binary_lr5e5_s43_05-05_01-35
============================================================
