Prepared manifest loaded — Train=2098, Val=300, Calibration=300, Test=300
cuda
Using model backend=timm type=binary_sota_convnext_base with 2 labels
Loaded initial checkpoint: checkpoints/binary_camera_ready_cost8_7_lr5e5_multiseed_20260505/binary_spider_smoke_ce_anchor_binary_lr5e5_s43/checkpoint-33/model.safetensors
Early stopping enabled with patience=3
Using device: cuda
{'loss': '1.587', 'grad_norm': '48.27', 'learning_rate': '9.284e-06', 'epoch': '0.303'}
{'loss': '1.484', 'grad_norm': '49.69', 'learning_rate': '4.729e-06', 'epoch': '0.6061'}
{'loss': '2.259', 'grad_norm': '32.76', 'learning_rate': '4.621e-07', 'epoch': '0.9091'}
{'eval_loss': '0.5514', 'eval_accuracy': '0.89', 'eval_f1': '0.8892', 'eval_balanced_accuracy': '0.89', 'eval_macro_f1': '0.8892', 'eval_atc': '0.2033', 'eval_normalized_atc': '0.02542', 'eval_target_recall': '0.9733', 'eval_target_recall_macro': '0.9733', 'eval_target_fnr': '0.02667', 'eval_selection_score': '0.02542', 'eval_selection_accuracy_value': '0.89', 'eval_nll': '0.2916', 'eval_brier': '0.1708', 'eval_ece': '0.02731', 'eval_auroc': '0.9649', 'eval_auprc': '0.9706', 'eval_runtime': '3.275', 'eval_samples_per_second': '91.61', 'eval_steps_per_second': '5.802', 'epoch': '1'}
CustomImageProcessor configuration saved to checkpoints/binary_camera_ready_cost8_7_lr5e5_multiseed_20260505/binary_spider_smoke_cost_sensitive_regularized_ce_lr5e5_s43/checkpoint-33/preprocessor_config.json
{'train_runtime': '20.38', 'train_samples_per_second': '102.9', 'train_steps_per_second': '1.619', 'train_loss': '1.815', 'epoch': '1'}
***** train metrics *****
  epoch                    =        1.0
  total_flos               =        0GF
  train_loss               =     1.8154
  train_runtime            = 0:00:20.37
  train_samples_per_second =    102.947
  train_steps_per_second   =      1.619
Using device: cuda

============================================================
PERFORMING COMPREHENSIVE EVALUATION
============================================================
Results will be saved to: results/binary_sota_convnext_base_test/binary_spider_smoke_cost_sensitive_regularized_ce_lr5e5_s43_05-05_01-38
Saving run configuration...
Run configuration saved to: results/binary_sota_convnext_base_test/binary_spider_smoke_cost_sensitive_regularized_ce_lr5e5_s43_05-05_01-38/run_configuration_20260505_013828.json
Running model evaluation...
Computing detailed metrics...
Saving metrics to files...
Metrics saved to: results/binary_sota_convnext_base_test/binary_spider_smoke_cost_sensitive_regularized_ce_lr5e5_s43_05-05_01-38/metrics_20260505_013833_cost_sensitive_regularized_ce.json and results/binary_sota_convnext_base_test/binary_spider_smoke_cost_sensitive_regularized_ce_lr5e5_s43_05-05_01-38/metrics_20260505_013833_cost_sensitive_regularized_ce.txt
Using provided class names: ['black_widow', 'false_widow']
Skipping confusion matrix visualizations by configuration.

============================================================
TRAINING COMPLETED - RESULTS SUMMARY
============================================================
Output Directory: results/binary_sota_convnext_base_test/binary_spider_smoke_cost_sensitive_regularized_ce_lr5e5_s43_05-05_01-38
Overall Accuracy: 0.8767
Balanced Accuracy: 0.8767
Overall F1 Score: 0.8759
Kappa: 0.7533
AUC: 0.9657
Expected Cost: 0.2867
Loss Function Used: cost_sensitive_regularized_ce
Total Test Samples: 300
Classes: black_widow, false_widow

Detailed metrics saved to: results/binary_sota_convnext_base_test/binary_spider_smoke_cost_sensitive_regularized_ce_lr5e5_s43_05-05_01-38
============================================================
