Prepared manifest loaded — Train=2098, Val=300, Calibration=300, Test=300
cuda
Using model backend=timm type=binary_sota_convnext_base with 2 labels
Loaded initial checkpoint: checkpoints/binary_camera_ready_cost8_7_lr5e5_multiseed_20260505/binary_spider_smoke_ce_anchor_binary_lr5e5_s43/checkpoint-33/model.safetensors
Early stopping enabled with patience=3
Using device: cuda
{'loss': '45.66', 'grad_norm': '271.7', 'learning_rate': '9.284e-06', 'epoch': '0.303'}
{'loss': '24.85', 'grad_norm': '193.1', 'learning_rate': '4.729e-06', 'epoch': '0.6061'}
{'loss': '18.68', 'grad_norm': '158.1', 'learning_rate': '4.621e-07', 'epoch': '0.9091'}
{'eval_loss': '1.676', 'eval_accuracy': '0.5', 'eval_f1': '0.3333', 'eval_balanced_accuracy': '0.5', 'eval_macro_f1': '0.3333', 'eval_atc': '0.5', 'eval_normalized_atc': '0.0625', 'eval_target_recall': '1', 'eval_target_recall_macro': '1', 'eval_target_fnr': '0', 'eval_selection_score': '0.1525', 'eval_selection_accuracy_value': '0.5', 'eval_nll': '1.676', 'eval_brier': '0.8511', 'eval_ece': '0.456', 'eval_auroc': '0.9163', 'eval_auprc': '0.9268', 'eval_runtime': '3.022', 'eval_samples_per_second': '99.29', 'eval_steps_per_second': '6.288', 'epoch': '1'}
CustomImageProcessor configuration saved to checkpoints/binary_camera_ready_cost8_7_lr5e5_multiseed_20260505/binary_spider_smoke_csada_lr5e5_s43/checkpoint-33/preprocessor_config.json
{'train_runtime': '48.17', 'train_samples_per_second': '43.55', 'train_steps_per_second': '0.685', 'train_loss': '28.64', 'epoch': '1'}
***** train metrics *****
  epoch                    =        1.0
  total_flos               =        0GF
  train_loss               =    28.6352
  train_runtime            = 0:00:48.17
  train_samples_per_second =     43.551
  train_steps_per_second   =      0.685
Using device: cuda

============================================================
PERFORMING COMPREHENSIVE EVALUATION
============================================================
Results will be saved to: results/binary_sota_convnext_base_test/binary_spider_smoke_csada_lr5e5_s43_05-05_01-39
Saving run configuration...
Run configuration saved to: results/binary_sota_convnext_base_test/binary_spider_smoke_csada_lr5e5_s43_05-05_01-39/run_configuration_20260505_013937.json
Running model evaluation...
Computing detailed metrics...
Saving metrics to files...
Metrics saved to: results/binary_sota_convnext_base_test/binary_spider_smoke_csada_lr5e5_s43_05-05_01-39/metrics_20260505_013942_csada.json and results/binary_sota_convnext_base_test/binary_spider_smoke_csada_lr5e5_s43_05-05_01-39/metrics_20260505_013942_csada.txt
Using provided class names: ['black_widow', 'false_widow']
Skipping confusion matrix visualizations by configuration.

============================================================
TRAINING COMPLETED - RESULTS SUMMARY
============================================================
Output Directory: results/binary_sota_convnext_base_test/binary_spider_smoke_csada_lr5e5_s43_05-05_01-39
Overall Accuracy: 0.5000
Balanced Accuracy: 0.5000
Overall F1 Score: 0.3333
Kappa: 0.0000
AUC: 0.9296
Expected Cost: 0.5000
Loss Function Used: csada
Total Test Samples: 300
Classes: black_widow, false_widow

Detailed metrics saved to: results/binary_sota_convnext_base_test/binary_spider_smoke_csada_lr5e5_s43_05-05_01-39
============================================================
