Prepared manifest loaded — Train=2098, Val=300, Calibration=300, Test=300
cuda
Using model backend=hf_auto type=vit with 2 labels
Early stopping enabled with patience=3
Using device: cuda
{'loss': '3.037', 'grad_norm': '5.358', 'learning_rate': '2.727e-05', 'epoch': '0.303'}
{'loss': '2.75', 'grad_norm': '14.27', 'learning_rate': '5.758e-05', 'epoch': '0.6061'}
{'loss': '2.578', 'grad_norm': '4.368', 'learning_rate': '8.788e-05', 'epoch': '0.9091'}
{'eval_loss': '0.5542', 'eval_accuracy': '0.8733', 'eval_f1': '0.8733', 'eval_balanced_accuracy': '0.8733', 'eval_macro_f1': '0.8733', 'eval_atc': '0.7267', 'eval_normalized_atc': '0.07267', 'eval_target_recall': '0.8667', 'eval_target_fnr': '0.1333', 'eval_selection_score': '0.1004', 'eval_selection_accuracy_value': '0.8733', 'eval_nll': '0.503', 'eval_brier': '0.3178', 'eval_ece': '0.2584', 'eval_auroc': '0.9468', 'eval_auprc': '0.9499', 'eval_runtime': '2.556', 'eval_samples_per_second': '117.4', 'eval_steps_per_second': '7.434', 'epoch': '1'}
CustomImageProcessor configuration saved to checkpoints/stop3a_balanced_primary_spider_balanced_vit_nicme_logit_adjustment_seed42/checkpoint-33/preprocessor_config.json
{'loss': '2.101', 'grad_norm': '9.771', 'learning_rate': '9.998e-05', 'epoch': '1.212'}
{'loss': '1.831', 'grad_norm': '6.678', 'learning_rate': '9.984e-05', 'epoch': '1.515'}
{'loss': '1.721', 'grad_norm': '9.883', 'learning_rate': '9.958e-05', 'epoch': '1.818'}
{'eval_loss': '0.4024', 'eval_accuracy': '0.8767', 'eval_f1': '0.8752', 'eval_balanced_accuracy': '0.8767', 'eval_macro_f1': '0.8752', 'eval_atc': '0.1833', 'eval_normalized_atc': '0.01833', 'eval_target_recall': '0.9867', 'eval_target_fnr': '0.01333', 'eval_selection_score': '0.01833', 'eval_selection_accuracy_value': '0.8767', 'eval_nll': '0.3354', 'eval_brier': '0.2001', 'eval_ece': '0.0743', 'eval_auroc': '0.9576', 'eval_auprc': '0.9659', 'eval_runtime': '2.477', 'eval_samples_per_second': '121.1', 'eval_steps_per_second': '7.67', 'epoch': '2'}
CustomImageProcessor configuration saved to checkpoints/stop3a_balanced_primary_spider_balanced_vit_nicme_logit_adjustment_seed42/checkpoint-66/preprocessor_config.json
{'loss': '1.408', 'grad_norm': '10.77', 'learning_rate': '9.919e-05', 'epoch': '2.121'}
{'loss': '1.394', 'grad_norm': '15.89', 'learning_rate': '9.868e-05', 'epoch': '2.424'}
{'loss': '1.388', 'grad_norm': '11.42', 'learning_rate': '9.804e-05', 'epoch': '2.727'}
{'eval_loss': '0.4477', 'eval_accuracy': '0.86', 'eval_f1': '0.8577', 'eval_balanced_accuracy': '0.86', 'eval_macro_f1': '0.8577', 'eval_atc': '0.2', 'eval_normalized_atc': '0.02', 'eval_target_recall': '0.9867', 'eval_target_fnr': '0.01333', 'eval_selection_score': '0.02', 'eval_selection_accuracy_value': '0.86', 'eval_nll': '0.3419', 'eval_brier': '0.2124', 'eval_ece': '0.05433', 'eval_auroc': '0.9549', 'eval_auprc': '0.9595', 'eval_runtime': '2.387', 'eval_samples_per_second': '125.7', 'eval_steps_per_second': '7.96', 'epoch': '3'}
CustomImageProcessor configuration saved to checkpoints/stop3a_balanced_primary_spider_balanced_vit_nicme_logit_adjustment_seed42/checkpoint-99/preprocessor_config.json
{'loss': '1.29', 'grad_norm': '7.958', 'learning_rate': '9.729e-05', 'epoch': '3.03'}
{'loss': '1.168', 'grad_norm': '8.321', 'learning_rate': '9.642e-05', 'epoch': '3.333'}
{'loss': '1.299', 'grad_norm': '4.897', 'learning_rate': '9.543e-05', 'epoch': '3.636'}
{'loss': '1.232', 'grad_norm': '9.072', 'learning_rate': '9.433e-05', 'epoch': '3.939'}
{'eval_loss': '0.3759', 'eval_accuracy': '0.91', 'eval_f1': '0.9097', 'eval_balanced_accuracy': '0.91', 'eval_macro_f1': '0.9097', 'eval_atc': '0.24', 'eval_normalized_atc': '0.024', 'eval_target_recall': '0.9667', 'eval_target_fnr': '0.03333', 'eval_selection_score': '0.024', 'eval_selection_accuracy_value': '0.91', 'eval_nll': '0.2495', 'eval_brier': '0.1453', 'eval_ece': '0.02975', 'eval_auroc': '0.9672', 'eval_auprc': '0.9708', 'eval_runtime': '2.466', 'eval_samples_per_second': '121.6', 'eval_steps_per_second': '7.703', 'epoch': '4'}
CustomImageProcessor configuration saved to checkpoints/stop3a_balanced_primary_spider_balanced_vit_nicme_logit_adjustment_seed42/checkpoint-132/preprocessor_config.json
{'loss': '0.8042', 'grad_norm': '41.72', 'learning_rate': '9.311e-05', 'epoch': '4.242'}
{'loss': '1.126', 'grad_norm': '12.36', 'learning_rate': '9.179e-05', 'epoch': '4.545'}
{'loss': '1.093', 'grad_norm': '5.557', 'learning_rate': '9.036e-05', 'epoch': '4.848'}
{'eval_loss': '0.409', 'eval_accuracy': '0.9033', 'eval_f1': '0.9033', 'eval_balanced_accuracy': '0.9033', 'eval_macro_f1': '0.9033', 'eval_atc': '0.4267', 'eval_normalized_atc': '0.04267', 'eval_target_recall': '0.9267', 'eval_target_fnr': '0.07333', 'eval_selection_score': '0.04484', 'eval_selection_accuracy_value': '0.9033', 'eval_nll': '0.2379', 'eval_brier': '0.1443', 'eval_ece': '0.05713', 'eval_auroc': '0.9674', 'eval_auprc': '0.972', 'eval_runtime': '2.656', 'eval_samples_per_second': '113', 'eval_steps_per_second': '7.154', 'epoch': '5'}
CustomImageProcessor configuration saved to checkpoints/stop3a_balanced_primary_spider_balanced_vit_nicme_logit_adjustment_seed42/checkpoint-165/preprocessor_config.json
{'train_runtime': '64.94', 'train_samples_per_second': '646.2', 'train_steps_per_second': '10.16', 'train_loss': '1.62', 'epoch': '5'}
***** train metrics *****
  epoch                    =         5.0
  total_flos               = 757063712GF
  train_loss               =        1.62
  train_runtime            =  0:01:04.93
  train_samples_per_second =     646.174
  train_steps_per_second   =      10.164
Using device: cuda

============================================================
PERFORMING COMPREHENSIVE EVALUATION
============================================================
Results will be saved to: results/vit_test/stop3a_balanced_primary_spider_balanced_vit_nicme_logit_adjustment_seed42_04-28_08-16
Saving run configuration...
Run configuration saved to: results/vit_test/stop3a_balanced_primary_spider_balanced_vit_nicme_logit_adjustment_seed42_04-28_08-16/run_configuration_20260428_081658.json
Running model evaluation...
Computing detailed metrics...
Saving metrics to files...
Metrics saved to: results/vit_test/stop3a_balanced_primary_spider_balanced_vit_nicme_logit_adjustment_seed42_04-28_08-16/metrics_20260428_081707_nicme_logit_adjustment.json and results/vit_test/stop3a_balanced_primary_spider_balanced_vit_nicme_logit_adjustment_seed42_04-28_08-16/metrics_20260428_081707_nicme_logit_adjustment.txt
Creating confusion matrix visualizations...
Using provided class names: ['black_widow', 'false_widow']
Confusion matrix visualizations (3-panel) saved to: results/vit_test/stop3a_balanced_primary_spider_balanced_vit_nicme_logit_adjustment_seed42_04-28_08-16/confusion_matrix_20260428_081707_nicme_logit_adjustment.png and results/vit_test/stop3a_balanced_primary_spider_balanced_vit_nicme_logit_adjustment_seed42_04-28_08-16/confusion_matrix_20260428_081707_nicme_logit_adjustment.pdf
Detailed confusion matrix saved to: results/vit_test/stop3a_balanced_primary_spider_balanced_vit_nicme_logit_adjustment_seed42_04-28_08-16/confusion_matrix_detailed_20260428_081707_nicme_logit_adjustment.png

============================================================
TRAINING COMPLETED - RESULTS SUMMARY
============================================================
Output Directory: results/vit_test/stop3a_balanced_primary_spider_balanced_vit_nicme_logit_adjustment_seed42_04-28_08-16
Overall Accuracy: 0.8567
Balanced Accuracy: 0.8567
Overall F1 Score: 0.8553
Kappa: 0.7133
AUC: 0.9603
Expected Cost: 0.3533
Loss Function Used: nicme_logit_adjustment
Total Test Samples: 300
Classes: black_widow, false_widow

Detailed metrics and visualizations saved to: results/vit_test/stop3a_balanced_primary_spider_balanced_vit_nicme_logit_adjustment_seed42_04-28_08-16
============================================================
