Prepared manifest loaded — Train=2098, Val=300, Calibration=300, Test=300
cuda
Using model backend=hf_auto type=vit with 2 labels
Early stopping enabled with patience=3
Using device: cuda
{'loss': '2.739', 'grad_norm': '3.31', 'learning_rate': '2.727e-05', 'epoch': '0.303'}
{'loss': '2.421', 'grad_norm': '3.787', 'learning_rate': '5.758e-05', 'epoch': '0.6061'}
{'loss': '1.98', 'grad_norm': '6.095', 'learning_rate': '8.788e-05', 'epoch': '0.9091'}
{'eval_loss': '0.3918', 'eval_accuracy': '0.8467', 'eval_f1': '0.8444', 'eval_balanced_accuracy': '0.8467', 'eval_macro_f1': '0.8444', 'eval_atc': '0.3033', 'eval_normalized_atc': '0.03033', 'eval_target_recall': '0.9667', 'eval_target_fnr': '0.03333', 'eval_selection_score': '0.03033', 'eval_selection_accuracy_value': '0.8467', 'eval_nll': '0.3918', 'eval_brier': '0.236', 'eval_ece': '0.0747', 'eval_auroc': '0.9358', 'eval_auprc': '0.9466', 'eval_runtime': '2.713', 'eval_samples_per_second': '110.6', 'eval_steps_per_second': '7.004', 'epoch': '1'}
CustomImageProcessor configuration saved to checkpoints/stop3a_balanced_primary_spider_balanced_vit_menon_logit_adjusted_seed43/checkpoint-33/preprocessor_config.json
{'loss': '1.347', 'grad_norm': '6.918', 'learning_rate': '9.998e-05', 'epoch': '1.212'}
{'loss': '1.035', 'grad_norm': '6.267', 'learning_rate': '9.984e-05', 'epoch': '1.515'}
{'loss': '1.195', 'grad_norm': '6.325', 'learning_rate': '9.958e-05', 'epoch': '1.818'}
{'eval_loss': '0.2576', 'eval_accuracy': '0.8967', 'eval_f1': '0.8966', 'eval_balanced_accuracy': '0.8967', 'eval_macro_f1': '0.8966', 'eval_atc': '0.6733', 'eval_normalized_atc': '0.06733', 'eval_target_recall': '0.8733', 'eval_target_fnr': '0.1267', 'eval_selection_score': '0.09084', 'eval_selection_accuracy_value': '0.8967', 'eval_nll': '0.2576', 'eval_brier': '0.1504', 'eval_ece': '0.04801', 'eval_auroc': '0.9636', 'eval_auprc': '0.9675', 'eval_runtime': '2.346', 'eval_samples_per_second': '127.9', 'eval_steps_per_second': '8.098', 'epoch': '2'}
CustomImageProcessor configuration saved to checkpoints/stop3a_balanced_primary_spider_balanced_vit_menon_logit_adjusted_seed43/checkpoint-66/preprocessor_config.json
{'loss': '0.8656', 'grad_norm': '8.293', 'learning_rate': '9.919e-05', 'epoch': '2.121'}
{'loss': '0.7864', 'grad_norm': '14.22', 'learning_rate': '9.868e-05', 'epoch': '2.424'}
{'loss': '0.8201', 'grad_norm': '10.35', 'learning_rate': '9.804e-05', 'epoch': '2.727'}
{'eval_loss': '0.2374', 'eval_accuracy': '0.91', 'eval_f1': '0.9099', 'eval_balanced_accuracy': '0.91', 'eval_macro_f1': '0.9099', 'eval_atc': '0.63', 'eval_normalized_atc': '0.063', 'eval_target_recall': '0.88', 'eval_target_fnr': '0.12', 'eval_selection_score': '0.0826', 'eval_selection_accuracy_value': '0.91', 'eval_nll': '0.2374', 'eval_brier': '0.1387', 'eval_ece': '0.02347', 'eval_auroc': '0.971', 'eval_auprc': '0.969', 'eval_runtime': '2.319', 'eval_samples_per_second': '129.4', 'eval_steps_per_second': '8.193', 'epoch': '3'}
CustomImageProcessor configuration saved to checkpoints/stop3a_balanced_primary_spider_balanced_vit_menon_logit_adjusted_seed43/checkpoint-99/preprocessor_config.json
{'loss': '0.7597', 'grad_norm': '6.317', 'learning_rate': '9.729e-05', 'epoch': '3.03'}
{'loss': '0.5857', 'grad_norm': '6.85', 'learning_rate': '9.642e-05', 'epoch': '3.333'}
{'loss': '0.7988', 'grad_norm': '8.331', 'learning_rate': '9.543e-05', 'epoch': '3.636'}
{'loss': '0.6156', 'grad_norm': '7.263', 'learning_rate': '9.433e-05', 'epoch': '3.939'}
{'eval_loss': '0.2028', 'eval_accuracy': '0.9167', 'eval_f1': '0.9166', 'eval_balanced_accuracy': '0.9167', 'eval_macro_f1': '0.9166', 'eval_atc': '0.5333', 'eval_normalized_atc': '0.05333', 'eval_target_recall': '0.9', 'eval_target_fnr': '0.1', 'eval_selection_score': '0.06333', 'eval_selection_accuracy_value': '0.9167', 'eval_nll': '0.2028', 'eval_brier': '0.1171', 'eval_ece': '0.02638', 'eval_auroc': '0.9763', 'eval_auprc': '0.973', 'eval_runtime': '2.437', 'eval_samples_per_second': '123.1', 'eval_steps_per_second': '7.796', 'epoch': '4'}
CustomImageProcessor configuration saved to checkpoints/stop3a_balanced_primary_spider_balanced_vit_menon_logit_adjusted_seed43/checkpoint-132/preprocessor_config.json
{'train_runtime': '51.3', 'train_samples_per_second': '817.9', 'train_steps_per_second': '12.86', 'train_loss': '1.218', 'epoch': '4'}
***** train metrics *****
  epoch                    =         4.0
  total_flos               = 605650969GF
  train_loss               =       1.218
  train_runtime            =  0:00:51.30
  train_samples_per_second =     817.861
  train_steps_per_second   =      12.864
Using device: cuda

============================================================
PERFORMING COMPREHENSIVE EVALUATION
============================================================
Results will be saved to: results/vit_test/stop3a_balanced_primary_spider_balanced_vit_menon_logit_adjusted_seed43_04-28_08-22
Saving run configuration...
Run configuration saved to: results/vit_test/stop3a_balanced_primary_spider_balanced_vit_menon_logit_adjusted_seed43_04-28_08-22/run_configuration_20260428_082204.json
Running model evaluation...
Computing detailed metrics...
Saving metrics to files...
Metrics saved to: results/vit_test/stop3a_balanced_primary_spider_balanced_vit_menon_logit_adjusted_seed43_04-28_08-22/metrics_20260428_082213_menon_logit_adjusted.json and results/vit_test/stop3a_balanced_primary_spider_balanced_vit_menon_logit_adjusted_seed43_04-28_08-22/metrics_20260428_082213_menon_logit_adjusted.txt
Creating confusion matrix visualizations...
Using provided class names: ['black_widow', 'false_widow']
Confusion matrix visualizations (3-panel) saved to: results/vit_test/stop3a_balanced_primary_spider_balanced_vit_menon_logit_adjusted_seed43_04-28_08-22/confusion_matrix_20260428_082213_menon_logit_adjusted.png and results/vit_test/stop3a_balanced_primary_spider_balanced_vit_menon_logit_adjusted_seed43_04-28_08-22/confusion_matrix_20260428_082213_menon_logit_adjusted.pdf
Detailed confusion matrix saved to: results/vit_test/stop3a_balanced_primary_spider_balanced_vit_menon_logit_adjusted_seed43_04-28_08-22/confusion_matrix_detailed_20260428_082213_menon_logit_adjusted.png

============================================================
TRAINING COMPLETED - RESULTS SUMMARY
============================================================
Output Directory: results/vit_test/stop3a_balanced_primary_spider_balanced_vit_menon_logit_adjusted_seed43_04-28_08-22
Overall Accuracy: 0.8667
Balanced Accuracy: 0.8667
Overall F1 Score: 0.8659
Kappa: 0.7333
AUC: 0.9408
Expected Cost: 0.4033
Loss Function Used: menon_logit_adjusted
Total Test Samples: 300
Classes: black_widow, false_widow

Detailed metrics and visualizations saved to: results/vit_test/stop3a_balanced_primary_spider_balanced_vit_menon_logit_adjusted_seed43_04-28_08-22
============================================================
