Prepared manifest loaded — Train=2098, Val=300, Calibration=300, Test=300
cuda
Using model backend=hf_auto type=vit with 2 labels
Early stopping enabled with patience=3
Using device: cuda
{'loss': '2.988', 'grad_norm': '8.638', 'learning_rate': '2.727e-05', 'epoch': '0.303'}
{'loss': '2.813', 'grad_norm': '20.43', 'learning_rate': '5.758e-05', 'epoch': '0.6061'}
{'loss': '2.66', 'grad_norm': '10.18', 'learning_rate': '8.788e-05', 'epoch': '0.9091'}
{'eval_loss': '0.5887', 'eval_accuracy': '0.8633', 'eval_f1': '0.8619', 'eval_balanced_accuracy': '0.8633', 'eval_macro_f1': '0.8619', 'eval_atc': '0.2867', 'eval_normalized_atc': '0.02867', 'eval_target_recall': '0.9667', 'eval_target_fnr': '0.03333', 'eval_selection_score': '0.02867', 'eval_selection_accuracy_value': '0.8633', 'eval_nll': '0.5339', 'eval_brier': '0.3456', 'eval_ece': '0.255', 'eval_auroc': '0.954', 'eval_auprc': '0.9615', 'eval_runtime': '2.442', 'eval_samples_per_second': '122.9', 'eval_steps_per_second': '7.782', 'epoch': '1'}
CustomImageProcessor configuration saved to checkpoints/stop3a_balanced_primary_spider_balanced_vit_nicme_hybrid_seed43/checkpoint-33/preprocessor_config.json
{'loss': '2.333', 'grad_norm': '15.61', 'learning_rate': '9.998e-05', 'epoch': '1.212'}
{'loss': '2.095', 'grad_norm': '13.54', 'learning_rate': '9.984e-05', 'epoch': '1.515'}
{'loss': '2.078', 'grad_norm': '6.609', 'learning_rate': '9.958e-05', 'epoch': '1.818'}
{'eval_loss': '0.4495', 'eval_accuracy': '0.91', 'eval_f1': '0.91', 'eval_balanced_accuracy': '0.91', 'eval_macro_f1': '0.91', 'eval_atc': '0.42', 'eval_normalized_atc': '0.042', 'eval_target_recall': '0.9267', 'eval_target_fnr': '0.07333', 'eval_selection_score': '0.04418', 'eval_selection_accuracy_value': '0.91', 'eval_nll': '0.3212', 'eval_brier': '0.1778', 'eval_ece': '0.1372', 'eval_auroc': '0.966', 'eval_auprc': '0.9723', 'eval_runtime': '2.701', 'eval_samples_per_second': '111.1', 'eval_steps_per_second': '7.035', 'epoch': '2'}
CustomImageProcessor configuration saved to checkpoints/stop3a_balanced_primary_spider_balanced_vit_nicme_hybrid_seed43/checkpoint-66/preprocessor_config.json
{'loss': '2.127', 'grad_norm': '39.97', 'learning_rate': '9.919e-05', 'epoch': '2.121'}
{'loss': '1.786', 'grad_norm': '7.074', 'learning_rate': '9.868e-05', 'epoch': '2.424'}
{'loss': '1.807', 'grad_norm': '7.033', 'learning_rate': '9.804e-05', 'epoch': '2.727'}
{'eval_loss': '0.5071', 'eval_accuracy': '0.9133', 'eval_f1': '0.9133', 'eval_balanced_accuracy': '0.9133', 'eval_macro_f1': '0.9133', 'eval_atc': '0.3567', 'eval_normalized_atc': '0.03567', 'eval_target_recall': '0.94', 'eval_target_fnr': '0.06', 'eval_selection_score': '0.03607', 'eval_selection_accuracy_value': '0.9133', 'eval_nll': '0.267', 'eval_brier': '0.1498', 'eval_ece': '0.08087', 'eval_auroc': '0.9706', 'eval_auprc': '0.9726', 'eval_runtime': '2.486', 'eval_samples_per_second': '120.7', 'eval_steps_per_second': '7.641', 'epoch': '3'}
CustomImageProcessor configuration saved to checkpoints/stop3a_balanced_primary_spider_balanced_vit_nicme_hybrid_seed43/checkpoint-99/preprocessor_config.json
{'loss': '1.352', 'grad_norm': '5.523', 'learning_rate': '9.729e-05', 'epoch': '3.03'}
{'loss': '1.378', 'grad_norm': '11.65', 'learning_rate': '9.642e-05', 'epoch': '3.333'}
{'loss': '1.57', 'grad_norm': '9.688', 'learning_rate': '9.543e-05', 'epoch': '3.636'}
{'loss': '1.398', 'grad_norm': '41.34', 'learning_rate': '9.433e-05', 'epoch': '3.939'}
{'eval_loss': '0.6487', 'eval_accuracy': '0.8933', 'eval_f1': '0.8932', 'eval_balanced_accuracy': '0.8933', 'eval_macro_f1': '0.8932', 'eval_atc': '0.4067', 'eval_normalized_atc': '0.04067', 'eval_target_recall': '0.9333', 'eval_target_fnr': '0.06667', 'eval_selection_score': '0.04178', 'eval_selection_accuracy_value': '0.8933', 'eval_nll': '0.2501', 'eval_brier': '0.1489', 'eval_ece': '0.02696', 'eval_auroc': '0.9691', 'eval_auprc': '0.9701', 'eval_runtime': '2.505', 'eval_samples_per_second': '119.8', 'eval_steps_per_second': '7.585', 'epoch': '4'}
CustomImageProcessor configuration saved to checkpoints/stop3a_balanced_primary_spider_balanced_vit_nicme_hybrid_seed43/checkpoint-132/preprocessor_config.json
{'train_runtime': '52.15', 'train_samples_per_second': '804.5', 'train_steps_per_second': '12.65', 'train_loss': '2.013', 'epoch': '4'}
***** train metrics *****
  epoch                    =         4.0
  total_flos               = 605650969GF
  train_loss               =      2.0132
  train_runtime            =  0:00:52.15
  train_samples_per_second =     804.544
  train_steps_per_second   =      12.655
Using device: cuda

============================================================
PERFORMING COMPREHENSIVE EVALUATION
============================================================
Results will be saved to: results/vit_test/stop3a_balanced_primary_spider_balanced_vit_nicme_hybrid_seed43_04-28_08-26
Saving run configuration...
Run configuration saved to: results/vit_test/stop3a_balanced_primary_spider_balanced_vit_nicme_hybrid_seed43_04-28_08-26/run_configuration_20260428_082629.json
Running model evaluation...
Computing detailed metrics...
Saving metrics to files...
Metrics saved to: results/vit_test/stop3a_balanced_primary_spider_balanced_vit_nicme_hybrid_seed43_04-28_08-26/metrics_20260428_082637_nicme_hybrid.json and results/vit_test/stop3a_balanced_primary_spider_balanced_vit_nicme_hybrid_seed43_04-28_08-26/metrics_20260428_082637_nicme_hybrid.txt
Creating confusion matrix visualizations...
Using provided class names: ['black_widow', 'false_widow']
Confusion matrix visualizations (3-panel) saved to: results/vit_test/stop3a_balanced_primary_spider_balanced_vit_nicme_hybrid_seed43_04-28_08-26/confusion_matrix_20260428_082637_nicme_hybrid.png and results/vit_test/stop3a_balanced_primary_spider_balanced_vit_nicme_hybrid_seed43_04-28_08-26/confusion_matrix_20260428_082637_nicme_hybrid.pdf
Detailed confusion matrix saved to: results/vit_test/stop3a_balanced_primary_spider_balanced_vit_nicme_hybrid_seed43_04-28_08-26/confusion_matrix_detailed_20260428_082637_nicme_hybrid.png

============================================================
TRAINING COMPLETED - RESULTS SUMMARY
============================================================
Output Directory: results/vit_test/stop3a_balanced_primary_spider_balanced_vit_nicme_hybrid_seed43_04-28_08-26
Overall Accuracy: 0.8667
Balanced Accuracy: 0.8667
Overall F1 Score: 0.8655
Kappa: 0.7333
AUC: 0.9616
Expected Cost: 0.3133
Loss Function Used: nicme_hybrid
Total Test Samples: 300
Classes: black_widow, false_widow

Detailed metrics and visualizations saved to: results/vit_test/stop3a_balanced_primary_spider_balanced_vit_nicme_hybrid_seed43_04-28_08-26
============================================================
