Prepared manifest loaded — Train=2098, Val=300, Calibration=300, Test=300
cuda
Using model backend=hf_auto type=vit with 2 labels
Early stopping enabled with patience=3
Using device: cuda
{'loss': '2.75', 'grad_norm': '3.293', 'learning_rate': '2.727e-05', 'epoch': '0.303'}
{'loss': '2.465', 'grad_norm': '4.472', 'learning_rate': '5.758e-05', 'epoch': '0.6061'}
{'loss': '2.025', 'grad_norm': '8.252', 'learning_rate': '8.788e-05', 'epoch': '0.9091'}
{'eval_loss': '0.3992', 'eval_accuracy': '0.84', 'eval_f1': '0.8361', 'eval_balanced_accuracy': '0.84', 'eval_macro_f1': '0.8361', 'eval_atc': '0.19', 'eval_normalized_atc': '0.019', 'eval_target_recall': '0.9933', 'eval_target_fnr': '0.006667', 'eval_selection_score': '0.019', 'eval_selection_accuracy_value': '0.84', 'eval_nll': '0.3882', 'eval_brier': '0.2338', 'eval_ece': '0.07165', 'eval_auroc': '0.9477', 'eval_auprc': '0.958', 'eval_runtime': '2.634', 'eval_samples_per_second': '113.9', 'eval_steps_per_second': '7.213', 'epoch': '1'}
CustomImageProcessor configuration saved to checkpoints/stop3a_balanced_primary_spider_balanced_vit_cs_regularized_ce_seed44/checkpoint-33/preprocessor_config.json
{'loss': '1.42', 'grad_norm': '5.638', 'learning_rate': '9.998e-05', 'epoch': '1.212'}
{'loss': '1.125', 'grad_norm': '6.368', 'learning_rate': '9.984e-05', 'epoch': '1.515'}
{'loss': '1.144', 'grad_norm': '4.04', 'learning_rate': '9.958e-05', 'epoch': '1.818'}
{'eval_loss': '0.2557', 'eval_accuracy': '0.89', 'eval_f1': '0.8898', 'eval_balanced_accuracy': '0.89', 'eval_macro_f1': '0.8898', 'eval_atc': '0.8', 'eval_normalized_atc': '0.08', 'eval_target_recall': '0.8467', 'eval_target_fnr': '0.1533', 'eval_selection_score': '0.1227', 'eval_selection_accuracy_value': '0.89', 'eval_nll': '0.2458', 'eval_brier': '0.1441', 'eval_ece': '0.05948', 'eval_auroc': '0.9688', 'eval_auprc': '0.9688', 'eval_runtime': '2.165', 'eval_samples_per_second': '138.6', 'eval_steps_per_second': '8.776', 'epoch': '2'}
CustomImageProcessor configuration saved to checkpoints/stop3a_balanced_primary_spider_balanced_vit_cs_regularized_ce_seed44/checkpoint-66/preprocessor_config.json
{'loss': '0.855', 'grad_norm': '4.471', 'learning_rate': '9.919e-05', 'epoch': '2.121'}
{'loss': '0.8403', 'grad_norm': '7.604', 'learning_rate': '9.868e-05', 'epoch': '2.424'}
{'loss': '0.7679', 'grad_norm': '9.167', 'learning_rate': '9.804e-05', 'epoch': '2.727'}
{'eval_loss': '0.2244', 'eval_accuracy': '0.9233', 'eval_f1': '0.9233', 'eval_balanced_accuracy': '0.9233', 'eval_macro_f1': '0.9233', 'eval_atc': '0.3467', 'eval_normalized_atc': '0.03467', 'eval_target_recall': '0.94', 'eval_target_fnr': '0.06', 'eval_selection_score': '0.03507', 'eval_selection_accuracy_value': '0.9233', 'eval_nll': '0.218', 'eval_brier': '0.1251', 'eval_ece': '0.04043', 'eval_auroc': '0.974', 'eval_auprc': '0.9763', 'eval_runtime': '2.57', 'eval_samples_per_second': '116.7', 'eval_steps_per_second': '7.394', 'epoch': '3'}
CustomImageProcessor configuration saved to checkpoints/stop3a_balanced_primary_spider_balanced_vit_cs_regularized_ce_seed44/checkpoint-99/preprocessor_config.json
{'loss': '0.8883', 'grad_norm': '7.278', 'learning_rate': '9.729e-05', 'epoch': '3.03'}
{'loss': '0.5617', 'grad_norm': '6.456', 'learning_rate': '9.642e-05', 'epoch': '3.333'}
{'loss': '0.8693', 'grad_norm': '15.3', 'learning_rate': '9.543e-05', 'epoch': '3.636'}
{'loss': '0.7174', 'grad_norm': '6.625', 'learning_rate': '9.433e-05', 'epoch': '3.939'}
{'eval_loss': '0.2634', 'eval_accuracy': '0.91', 'eval_f1': '0.9099', 'eval_balanced_accuracy': '0.91', 'eval_macro_f1': '0.9099', 'eval_atc': '0.66', 'eval_normalized_atc': '0.066', 'eval_target_recall': '0.8733', 'eval_target_fnr': '0.1267', 'eval_selection_score': '0.08951', 'eval_selection_accuracy_value': '0.91', 'eval_nll': '0.2547', 'eval_brier': '0.1517', 'eval_ece': '0.04659', 'eval_auroc': '0.9705', 'eval_auprc': '0.9724', 'eval_runtime': '2.315', 'eval_samples_per_second': '129.6', 'eval_steps_per_second': '8.207', 'epoch': '4'}
CustomImageProcessor configuration saved to checkpoints/stop3a_balanced_primary_spider_balanced_vit_cs_regularized_ce_seed44/checkpoint-132/preprocessor_config.json
{'train_runtime': '51.16', 'train_samples_per_second': '820.2', 'train_steps_per_second': '12.9', 'train_loss': '1.257', 'epoch': '4'}
***** train metrics *****
  epoch                    =         4.0
  total_flos               = 605650969GF
  train_loss               =      1.2565
  train_runtime            =  0:00:51.15
  train_samples_per_second =     820.196
  train_steps_per_second   =      12.901
Using device: cuda

============================================================
PERFORMING COMPREHENSIVE EVALUATION
============================================================
Results will be saved to: results/vit_test/stop3a_balanced_primary_spider_balanced_vit_cs_regularized_ce_seed44_04-28_08-31
Saving run configuration...
Run configuration saved to: results/vit_test/stop3a_balanced_primary_spider_balanced_vit_cs_regularized_ce_seed44_04-28_08-31/run_configuration_20260428_083103.json
Running model evaluation...
Computing detailed metrics...
Saving metrics to files...
Metrics saved to: results/vit_test/stop3a_balanced_primary_spider_balanced_vit_cs_regularized_ce_seed44_04-28_08-31/metrics_20260428_083111_cs_regularized_ce.json and results/vit_test/stop3a_balanced_primary_spider_balanced_vit_cs_regularized_ce_seed44_04-28_08-31/metrics_20260428_083111_cs_regularized_ce.txt
Creating confusion matrix visualizations...
Using provided class names: ['black_widow', 'false_widow']
Confusion matrix visualizations (3-panel) saved to: results/vit_test/stop3a_balanced_primary_spider_balanced_vit_cs_regularized_ce_seed44_04-28_08-31/confusion_matrix_20260428_083111_cs_regularized_ce.png and results/vit_test/stop3a_balanced_primary_spider_balanced_vit_cs_regularized_ce_seed44_04-28_08-31/confusion_matrix_20260428_083111_cs_regularized_ce.pdf
Detailed confusion matrix saved to: results/vit_test/stop3a_balanced_primary_spider_balanced_vit_cs_regularized_ce_seed44_04-28_08-31/confusion_matrix_detailed_20260428_083111_cs_regularized_ce.png

============================================================
TRAINING COMPLETED - RESULTS SUMMARY
============================================================
Output Directory: results/vit_test/stop3a_balanced_primary_spider_balanced_vit_cs_regularized_ce_seed44_04-28_08-31
Overall Accuracy: 0.8333
Balanced Accuracy: 0.8333
Overall F1 Score: 0.8309
Kappa: 0.6667
AUC: 0.9429
Expected Cost: 0.3767
Loss Function Used: cs_regularized_ce
Total Test Samples: 300
Classes: black_widow, false_widow

Detailed metrics and visualizations saved to: results/vit_test/stop3a_balanced_primary_spider_balanced_vit_cs_regularized_ce_seed44_04-28_08-31
============================================================
