Prepared manifest loaded — Train=2098, Val=300, Calibration=300, Test=300
cuda
Using model backend=hf_auto type=vit with 2 labels
Early stopping enabled with patience=3
Using device: cuda
{'loss': '2.94', 'grad_norm': '3.23', 'learning_rate': '2.727e-05', 'epoch': '0.303'}
{'loss': '2.688', 'grad_norm': '9.062', 'learning_rate': '5.758e-05', 'epoch': '0.6061'}
{'loss': '2.459', 'grad_norm': '6.171', 'learning_rate': '8.788e-05', 'epoch': '0.9091'}
{'eval_loss': '0.4913', 'eval_accuracy': '0.8767', 'eval_f1': '0.875', 'eval_balanced_accuracy': '0.8767', 'eval_macro_f1': '0.875', 'eval_atc': '0.1533', 'eval_normalized_atc': '0.01533', 'eval_target_recall': '0.9933', 'eval_target_fnr': '0.006667', 'eval_selection_score': '0.01533', 'eval_selection_accuracy_value': '0.8767', 'eval_nll': '0.4679', 'eval_brier': '0.2885', 'eval_ece': '0.2152', 'eval_auroc': '0.9622', 'eval_auprc': '0.9651', 'eval_runtime': '2.445', 'eval_samples_per_second': '122.7', 'eval_steps_per_second': '7.771', 'epoch': '1'}
CustomImageProcessor configuration saved to checkpoints/stop3a_balanced_primary_spider_balanced_vit_nicme_logit_adjustment_seed44/checkpoint-33/preprocessor_config.json
{'loss': '1.961', 'grad_norm': '10.71', 'learning_rate': '9.998e-05', 'epoch': '1.212'}
{'loss': '1.695', 'grad_norm': '18.35', 'learning_rate': '9.984e-05', 'epoch': '1.515'}
{'loss': '1.981', 'grad_norm': '6.759', 'learning_rate': '9.958e-05', 'epoch': '1.818'}
{'eval_loss': '0.4258', 'eval_accuracy': '0.8933', 'eval_f1': '0.8933', 'eval_balanced_accuracy': '0.8933', 'eval_macro_f1': '0.8933', 'eval_atc': '0.4967', 'eval_normalized_atc': '0.04967', 'eval_target_recall': '0.9133', 'eval_target_fnr': '0.08667', 'eval_selection_score': '0.05504', 'eval_selection_accuracy_value': '0.8933', 'eval_nll': '0.3241', 'eval_brier': '0.1854', 'eval_ece': '0.1113', 'eval_auroc': '0.959', 'eval_auprc': '0.9638', 'eval_runtime': '2.576', 'eval_samples_per_second': '116.4', 'eval_steps_per_second': '7.374', 'epoch': '2'}
CustomImageProcessor configuration saved to checkpoints/stop3a_balanced_primary_spider_balanced_vit_nicme_logit_adjustment_seed44/checkpoint-66/preprocessor_config.json
{'loss': '1.376', 'grad_norm': '7.67', 'learning_rate': '9.919e-05', 'epoch': '2.121'}
{'loss': '1.304', 'grad_norm': '15.34', 'learning_rate': '9.868e-05', 'epoch': '2.424'}
{'loss': '1.659', 'grad_norm': '26.43', 'learning_rate': '9.804e-05', 'epoch': '2.727'}
{'eval_loss': '0.4418', 'eval_accuracy': '0.87', 'eval_f1': '0.8689', 'eval_balanced_accuracy': '0.87', 'eval_macro_f1': '0.8689', 'eval_atc': '0.31', 'eval_normalized_atc': '0.031', 'eval_target_recall': '0.96', 'eval_target_fnr': '0.04', 'eval_selection_score': '0.031', 'eval_selection_accuracy_value': '0.87', 'eval_nll': '0.327', 'eval_brier': '0.2032', 'eval_ece': '0.08647', 'eval_auroc': '0.9554', 'eval_auprc': '0.9577', 'eval_runtime': '2.664', 'eval_samples_per_second': '112.6', 'eval_steps_per_second': '7.133', 'epoch': '3'}
CustomImageProcessor configuration saved to checkpoints/stop3a_balanced_primary_spider_balanced_vit_nicme_logit_adjustment_seed44/checkpoint-99/preprocessor_config.json
{'loss': '1.28', 'grad_norm': '19.21', 'learning_rate': '9.729e-05', 'epoch': '3.03'}
{'loss': '1.391', 'grad_norm': '10.15', 'learning_rate': '9.642e-05', 'epoch': '3.333'}
{'loss': '1.579', 'grad_norm': '12.02', 'learning_rate': '9.543e-05', 'epoch': '3.636'}
{'loss': '1.126', 'grad_norm': '10.42', 'learning_rate': '9.433e-05', 'epoch': '3.939'}
{'eval_loss': '0.4507', 'eval_accuracy': '0.9133', 'eval_f1': '0.9133', 'eval_balanced_accuracy': '0.9133', 'eval_macro_f1': '0.9133', 'eval_atc': '0.5067', 'eval_normalized_atc': '0.05067', 'eval_target_recall': '0.9067', 'eval_target_fnr': '0.09333', 'eval_selection_score': '0.05818', 'eval_selection_accuracy_value': '0.9133', 'eval_nll': '0.2311', 'eval_brier': '0.1326', 'eval_ece': '0.04575', 'eval_auroc': '0.9726', 'eval_auprc': '0.9745', 'eval_runtime': '2.497', 'eval_samples_per_second': '120.2', 'eval_steps_per_second': '7.611', 'epoch': '4'}
CustomImageProcessor configuration saved to checkpoints/stop3a_balanced_primary_spider_balanced_vit_nicme_logit_adjustment_seed44/checkpoint-132/preprocessor_config.json
{'train_runtime': '52.13', 'train_samples_per_second': '804.8', 'train_steps_per_second': '12.66', 'train_loss': '1.801', 'epoch': '4'}
***** train metrics *****
  epoch                    =         4.0
  total_flos               = 605650969GF
  train_loss               =      1.8012
  train_runtime            =  0:00:52.13
  train_samples_per_second =     804.833
  train_steps_per_second   =      12.659
Using device: cuda

============================================================
PERFORMING COMPREHENSIVE EVALUATION
============================================================
Results will be saved to: results/vit_test/stop3a_balanced_primary_spider_balanced_vit_nicme_logit_adjustment_seed44_04-28_08-32
Saving run configuration...
Run configuration saved to: results/vit_test/stop3a_balanced_primary_spider_balanced_vit_nicme_logit_adjustment_seed44_04-28_08-32/run_configuration_20260428_083213.json
Running model evaluation...
Computing detailed metrics...
Saving metrics to files...
Metrics saved to: results/vit_test/stop3a_balanced_primary_spider_balanced_vit_nicme_logit_adjustment_seed44_04-28_08-32/metrics_20260428_083221_nicme_logit_adjustment.json and results/vit_test/stop3a_balanced_primary_spider_balanced_vit_nicme_logit_adjustment_seed44_04-28_08-32/metrics_20260428_083221_nicme_logit_adjustment.txt
Creating confusion matrix visualizations...
Using provided class names: ['black_widow', 'false_widow']
Confusion matrix visualizations (3-panel) saved to: results/vit_test/stop3a_balanced_primary_spider_balanced_vit_nicme_logit_adjustment_seed44_04-28_08-32/confusion_matrix_20260428_083221_nicme_logit_adjustment.png and results/vit_test/stop3a_balanced_primary_spider_balanced_vit_nicme_logit_adjustment_seed44_04-28_08-32/confusion_matrix_20260428_083221_nicme_logit_adjustment.pdf
Detailed confusion matrix saved to: results/vit_test/stop3a_balanced_primary_spider_balanced_vit_nicme_logit_adjustment_seed44_04-28_08-32/confusion_matrix_detailed_20260428_083221_nicme_logit_adjustment.png

============================================================
TRAINING COMPLETED - RESULTS SUMMARY
============================================================
Output Directory: results/vit_test/stop3a_balanced_primary_spider_balanced_vit_nicme_logit_adjustment_seed44_04-28_08-32
Overall Accuracy: 0.8567
Balanced Accuracy: 0.8567
Overall F1 Score: 0.8551
Kappa: 0.7133
AUC: 0.9522
Expected Cost: 0.3233
Loss Function Used: nicme_logit_adjustment
Total Test Samples: 300
Classes: black_widow, false_widow

Detailed metrics and visualizations saved to: results/vit_test/stop3a_balanced_primary_spider_balanced_vit_nicme_logit_adjustment_seed44_04-28_08-32
============================================================
