Prepared manifest loaded — Train=2098, Val=300, Calibration=300, Test=300
cuda
Using model backend=timm type=timm_dinov3_vit_lora with 2 labels
Early stopping enabled with patience=3
Using device: cuda
{'loss': '2.772', 'grad_norm': '3.436', 'learning_rate': '2.727e-05', 'epoch': '0.303'}
{'loss': '2.764', 'grad_norm': '2.658', 'learning_rate': '5.758e-05', 'epoch': '0.6061'}
{'loss': '2.753', 'grad_norm': '2.136', 'learning_rate': '8.788e-05', 'epoch': '0.9091'}
{'eval_loss': '0.6853', 'eval_accuracy': '0.6833', 'eval_f1': '0.683', 'eval_balanced_accuracy': '0.6833', 'eval_macro_f1': '0.683', 'eval_atc': '1.607', 'eval_normalized_atc': '0.1607', 'eval_target_recall': '0.7133', 'eval_target_fnr': '0.2867', 'eval_selection_score': '0.3983', 'eval_selection_accuracy_value': '0.6833', 'eval_nll': '0.6853', 'eval_brier': '0.4922', 'eval_ece': '0.1753', 'eval_auroc': '0.7358', 'eval_auprc': '0.6965', 'eval_runtime': '2.449', 'eval_samples_per_second': '122.5', 'eval_steps_per_second': '7.759', 'epoch': '1'}
CustomImageProcessor configuration saved to checkpoints/stop3a_balanced_primary_spider_balanced_timm_dinov3_vit_lora_menon_logit_adjusted_seed42/checkpoint-33/preprocessor_config.json
{'loss': '2.732', 'grad_norm': '2.079', 'learning_rate': '9.998e-05', 'epoch': '1.212'}
{'loss': '2.701', 'grad_norm': '3.664', 'learning_rate': '9.984e-05', 'epoch': '1.515'}
{'loss': '2.679', 'grad_norm': '2.956', 'learning_rate': '9.958e-05', 'epoch': '1.818'}
{'eval_loss': '0.6668', 'eval_accuracy': '0.6833', 'eval_f1': '0.6832', 'eval_balanced_accuracy': '0.6833', 'eval_macro_f1': '0.6832', 'eval_atc': '1.817', 'eval_normalized_atc': '0.1817', 'eval_target_recall': '0.6667', 'eval_target_fnr': '0.3333', 'eval_selection_score': '0.5164', 'eval_selection_accuracy_value': '0.6833', 'eval_nll': '0.6668', 'eval_brier': '0.4737', 'eval_ece': '0.1558', 'eval_auroc': '0.745', 'eval_auprc': '0.7108', 'eval_runtime': '2.329', 'eval_samples_per_second': '128.8', 'eval_steps_per_second': '8.159', 'epoch': '2'}
CustomImageProcessor configuration saved to checkpoints/stop3a_balanced_primary_spider_balanced_timm_dinov3_vit_lora_menon_logit_adjusted_seed42/checkpoint-66/preprocessor_config.json
{'loss': '2.65', 'grad_norm': '3.38', 'learning_rate': '9.919e-05', 'epoch': '2.121'}
{'loss': '2.609', 'grad_norm': '2.452', 'learning_rate': '9.868e-05', 'epoch': '2.424'}
{'loss': '2.576', 'grad_norm': '4.335', 'learning_rate': '9.804e-05', 'epoch': '2.727'}
{'eval_loss': '0.6386', 'eval_accuracy': '0.6833', 'eval_f1': '0.6832', 'eval_balanced_accuracy': '0.6833', 'eval_macro_f1': '0.6832', 'eval_atc': '1.817', 'eval_normalized_atc': '0.1817', 'eval_target_recall': '0.6667', 'eval_target_fnr': '0.3333', 'eval_selection_score': '0.5164', 'eval_selection_accuracy_value': '0.6833', 'eval_nll': '0.6386', 'eval_brier': '0.4462', 'eval_ece': '0.1274', 'eval_auroc': '0.7557', 'eval_auprc': '0.7312', 'eval_runtime': '2.019', 'eval_samples_per_second': '148.6', 'eval_steps_per_second': '9.41', 'epoch': '3'}
CustomImageProcessor configuration saved to checkpoints/stop3a_balanced_primary_spider_balanced_timm_dinov3_vit_lora_menon_logit_adjusted_seed42/checkpoint-99/preprocessor_config.json
{'loss': '2.492', 'grad_norm': '3.426', 'learning_rate': '9.729e-05', 'epoch': '3.03'}
{'loss': '2.462', 'grad_norm': '3.56', 'learning_rate': '9.642e-05', 'epoch': '3.333'}
{'loss': '2.404', 'grad_norm': '3.284', 'learning_rate': '9.543e-05', 'epoch': '3.636'}
{'loss': '2.328', 'grad_norm': '2.48', 'learning_rate': '9.433e-05', 'epoch': '3.939'}
{'eval_loss': '0.597', 'eval_accuracy': '0.7', 'eval_f1': '0.7', 'eval_balanced_accuracy': '0.7', 'eval_macro_f1': '0.7', 'eval_atc': '1.62', 'eval_normalized_atc': '0.162', 'eval_target_recall': '0.7067', 'eval_target_fnr': '0.2933', 'eval_selection_score': '0.4088', 'eval_selection_accuracy_value': '0.7', 'eval_nll': '0.597', 'eval_brier': '0.408', 'eval_ece': '0.08036', 'eval_auroc': '0.7726', 'eval_auprc': '0.7536', 'eval_runtime': '2.08', 'eval_samples_per_second': '144.2', 'eval_steps_per_second': '9.135', 'epoch': '4'}
CustomImageProcessor configuration saved to checkpoints/stop3a_balanced_primary_spider_balanced_timm_dinov3_vit_lora_menon_logit_adjusted_seed42/checkpoint-132/preprocessor_config.json
{'train_runtime': '35.79', 'train_samples_per_second': '1172', 'train_steps_per_second': '18.44', 'train_loss': '2.602', 'epoch': '4'}
***** train metrics *****
  epoch                    =        4.0
  total_flos               =        0GF
  train_loss               =     2.6023
  train_runtime            = 0:00:35.78
  train_samples_per_second =   1172.472
  train_steps_per_second   =     18.442
Using device: cuda

============================================================
PERFORMING COMPREHENSIVE EVALUATION
============================================================
Results will be saved to: results/timm_dinov3_vit_lora_test/stop3a_balanced_primary_spider_balanced_timm_dinov3_vit_lora_menon_logit_adjusted_seed42_04-28_08-36
Saving run configuration...
Run configuration saved to: results/timm_dinov3_vit_lora_test/stop3a_balanced_primary_spider_balanced_timm_dinov3_vit_lora_menon_logit_adjusted_seed42_04-28_08-36/run_configuration_20260428_083602.json
Running model evaluation...
Computing detailed metrics...
Saving metrics to files...
Metrics saved to: results/timm_dinov3_vit_lora_test/stop3a_balanced_primary_spider_balanced_timm_dinov3_vit_lora_menon_logit_adjusted_seed42_04-28_08-36/metrics_20260428_083611_menon_logit_adjusted.json and results/timm_dinov3_vit_lora_test/stop3a_balanced_primary_spider_balanced_timm_dinov3_vit_lora_menon_logit_adjusted_seed42_04-28_08-36/metrics_20260428_083611_menon_logit_adjusted.txt
Creating confusion matrix visualizations...
Using provided class names: ['black_widow', 'false_widow']
Confusion matrix visualizations (3-panel) saved to: results/timm_dinov3_vit_lora_test/stop3a_balanced_primary_spider_balanced_timm_dinov3_vit_lora_menon_logit_adjusted_seed42_04-28_08-36/confusion_matrix_20260428_083611_menon_logit_adjusted.png and results/timm_dinov3_vit_lora_test/stop3a_balanced_primary_spider_balanced_timm_dinov3_vit_lora_menon_logit_adjusted_seed42_04-28_08-36/confusion_matrix_20260428_083611_menon_logit_adjusted.pdf
Detailed confusion matrix saved to: results/timm_dinov3_vit_lora_test/stop3a_balanced_primary_spider_balanced_timm_dinov3_vit_lora_menon_logit_adjusted_seed42_04-28_08-36/confusion_matrix_detailed_20260428_083611_menon_logit_adjusted.png

============================================================
TRAINING COMPLETED - RESULTS SUMMARY
============================================================
Output Directory: results/timm_dinov3_vit_lora_test/stop3a_balanced_primary_spider_balanced_timm_dinov3_vit_lora_menon_logit_adjusted_seed42_04-28_08-36
Overall Accuracy: 0.6967
Balanced Accuracy: 0.6967
Overall F1 Score: 0.6934
Kappa: 0.3933
AUC: 0.7959
Expected Cost: 1.2033
Loss Function Used: menon_logit_adjusted
Total Test Samples: 300
Classes: black_widow, false_widow

Detailed metrics and visualizations saved to: results/timm_dinov3_vit_lora_test/stop3a_balanced_primary_spider_balanced_timm_dinov3_vit_lora_menon_logit_adjusted_seed42_04-28_08-36
============================================================
