Prepared manifest loaded — Train=2098, Val=300, Calibration=300, Test=300
cuda
Using model backend=timm type=timm_dinov3_vit_lora with 2 labels
Early stopping enabled with patience=3
Using device: cuda
{'loss': '2.787', 'grad_norm': '3.528', 'learning_rate': '2.727e-05', 'epoch': '0.303'}
{'loss': '2.811', 'grad_norm': '2.792', 'learning_rate': '5.758e-05', 'epoch': '0.6061'}
{'loss': '2.838', 'grad_norm': '2.245', 'learning_rate': '8.788e-05', 'epoch': '0.9091'}
{'eval_loss': '0.7125', 'eval_accuracy': '0.6767', 'eval_f1': '0.6744', 'eval_balanced_accuracy': '0.6767', 'eval_macro_f1': '0.6744', 'eval_atc': '1.403', 'eval_normalized_atc': '0.1403', 'eval_target_recall': '0.76', 'eval_target_fnr': '0.24', 'eval_selection_score': '0.2999', 'eval_selection_accuracy_value': '0.6767', 'eval_nll': '0.6854', 'eval_brier': '0.4923', 'eval_ece': '0.1685', 'eval_auroc': '0.7355', 'eval_auprc': '0.692', 'eval_runtime': '2.36', 'eval_samples_per_second': '127.1', 'eval_steps_per_second': '8.052', 'epoch': '1'}
CustomImageProcessor configuration saved to checkpoints/stop3a_balanced_primary_spider_balanced_timm_dinov3_vit_lora_cs_regularized_ce_seed43/checkpoint-33/preprocessor_config.json
{'loss': '2.84', 'grad_norm': '2.202', 'learning_rate': '9.998e-05', 'epoch': '1.212'}
{'loss': '2.809', 'grad_norm': '3.938', 'learning_rate': '9.984e-05', 'epoch': '1.515'}
{'loss': '2.785', 'grad_norm': '3.044', 'learning_rate': '9.958e-05', 'epoch': '1.818'}
{'eval_loss': '0.6933', 'eval_accuracy': '0.6933', 'eval_f1': '0.6928', 'eval_balanced_accuracy': '0.6933', 'eval_macro_f1': '0.6928', 'eval_atc': '1.507', 'eval_normalized_atc': '0.1507', 'eval_target_recall': '0.7333', 'eval_target_fnr': '0.2667', 'eval_selection_score': '0.3498', 'eval_selection_accuracy_value': '0.6933', 'eval_nll': '0.667', 'eval_brier': '0.4739', 'eval_ece': '0.1656', 'eval_auroc': '0.7454', 'eval_auprc': '0.7122', 'eval_runtime': '2.259', 'eval_samples_per_second': '132.8', 'eval_steps_per_second': '8.412', 'epoch': '2'}
CustomImageProcessor configuration saved to checkpoints/stop3a_balanced_primary_spider_balanced_timm_dinov3_vit_lora_cs_regularized_ce_seed43/checkpoint-66/preprocessor_config.json
{'loss': '2.755', 'grad_norm': '3.418', 'learning_rate': '9.919e-05', 'epoch': '2.121'}
{'loss': '2.715', 'grad_norm': '2.567', 'learning_rate': '9.868e-05', 'epoch': '2.424'}
{'loss': '2.68', 'grad_norm': '4.518', 'learning_rate': '9.804e-05', 'epoch': '2.727'}
{'eval_loss': '0.6647', 'eval_accuracy': '0.68', 'eval_f1': '0.6798', 'eval_balanced_accuracy': '0.68', 'eval_macro_f1': '0.6798', 'eval_atc': '1.64', 'eval_normalized_atc': '0.164', 'eval_target_recall': '0.7067', 'eval_target_fnr': '0.2933', 'eval_selection_score': '0.4152', 'eval_selection_accuracy_value': '0.68', 'eval_nll': '0.6395', 'eval_brier': '0.4472', 'eval_ece': '0.1199', 'eval_auroc': '0.7552', 'eval_auprc': '0.7296', 'eval_runtime': '2.541', 'eval_samples_per_second': '118', 'eval_steps_per_second': '7.476', 'epoch': '3'}
CustomImageProcessor configuration saved to checkpoints/stop3a_balanced_primary_spider_balanced_timm_dinov3_vit_lora_cs_regularized_ce_seed43/checkpoint-99/preprocessor_config.json
{'loss': '2.596', 'grad_norm': '3.537', 'learning_rate': '9.729e-05', 'epoch': '3.03'}
{'loss': '2.566', 'grad_norm': '3.671', 'learning_rate': '9.642e-05', 'epoch': '3.333'}
{'loss': '2.512', 'grad_norm': '3.321', 'learning_rate': '9.543e-05', 'epoch': '3.636'}
{'loss': '2.435', 'grad_norm': '2.594', 'learning_rate': '9.433e-05', 'epoch': '3.939'}
{'eval_loss': '0.6223', 'eval_accuracy': '0.7033', 'eval_f1': '0.7032', 'eval_balanced_accuracy': '0.7033', 'eval_macro_f1': '0.7032', 'eval_atc': '1.527', 'eval_normalized_atc': '0.1527', 'eval_target_recall': '0.7267', 'eval_target_fnr': '0.2733', 'eval_selection_score': '0.3615', 'eval_selection_accuracy_value': '0.7033', 'eval_nll': '0.5994', 'eval_brier': '0.4102', 'eval_ece': '0.08831', 'eval_auroc': '0.7733', 'eval_auprc': '0.7522', 'eval_runtime': '2.323', 'eval_samples_per_second': '129.1', 'eval_steps_per_second': '8.179', 'epoch': '4'}
CustomImageProcessor configuration saved to checkpoints/stop3a_balanced_primary_spider_balanced_timm_dinov3_vit_lora_cs_regularized_ce_seed43/checkpoint-132/preprocessor_config.json
{'train_runtime': '36.25', 'train_samples_per_second': '1157', 'train_steps_per_second': '18.21', 'train_loss': '2.695', 'epoch': '4'}
***** train metrics *****
  epoch                    =        4.0
  total_flos               =        0GF
  train_loss               =     2.6952
  train_runtime            = 0:00:36.25
  train_samples_per_second =   1157.459
  train_steps_per_second   =     18.206
Using device: cuda

============================================================
PERFORMING COMPREHENSIVE EVALUATION
============================================================
Results will be saved to: results/timm_dinov3_vit_lora_test/stop3a_balanced_primary_spider_balanced_timm_dinov3_vit_lora_cs_regularized_ce_seed43_04-28_08-45
Saving run configuration...
Run configuration saved to: results/timm_dinov3_vit_lora_test/stop3a_balanced_primary_spider_balanced_timm_dinov3_vit_lora_cs_regularized_ce_seed43_04-28_08-45/run_configuration_20260428_084536.json
Running model evaluation...
Computing detailed metrics...
Saving metrics to files...
Metrics saved to: results/timm_dinov3_vit_lora_test/stop3a_balanced_primary_spider_balanced_timm_dinov3_vit_lora_cs_regularized_ce_seed43_04-28_08-45/metrics_20260428_084545_cs_regularized_ce.json and results/timm_dinov3_vit_lora_test/stop3a_balanced_primary_spider_balanced_timm_dinov3_vit_lora_cs_regularized_ce_seed43_04-28_08-45/metrics_20260428_084545_cs_regularized_ce.txt
Creating confusion matrix visualizations...
Using provided class names: ['black_widow', 'false_widow']
Confusion matrix visualizations (3-panel) saved to: results/timm_dinov3_vit_lora_test/stop3a_balanced_primary_spider_balanced_timm_dinov3_vit_lora_cs_regularized_ce_seed43_04-28_08-45/confusion_matrix_20260428_084545_cs_regularized_ce.png and results/timm_dinov3_vit_lora_test/stop3a_balanced_primary_spider_balanced_timm_dinov3_vit_lora_cs_regularized_ce_seed43_04-28_08-45/confusion_matrix_20260428_084545_cs_regularized_ce.pdf
Detailed confusion matrix saved to: results/timm_dinov3_vit_lora_test/stop3a_balanced_primary_spider_balanced_timm_dinov3_vit_lora_cs_regularized_ce_seed43_04-28_08-45/confusion_matrix_detailed_20260428_084545_cs_regularized_ce.png

============================================================
TRAINING COMPLETED - RESULTS SUMMARY
============================================================
Output Directory: results/timm_dinov3_vit_lora_test/stop3a_balanced_primary_spider_balanced_timm_dinov3_vit_lora_cs_regularized_ce_seed43_04-28_08-45
Overall Accuracy: 0.7000
Balanced Accuracy: 0.7000
Overall F1 Score: 0.6928
Kappa: 0.4000
AUC: 0.7950
Expected Cost: 0.9600
Loss Function Used: cs_regularized_ce
Total Test Samples: 300
Classes: black_widow, false_widow

Detailed metrics and visualizations saved to: results/timm_dinov3_vit_lora_test/stop3a_balanced_primary_spider_balanced_timm_dinov3_vit_lora_cs_regularized_ce_seed43_04-28_08-45
============================================================
