Prepared manifest loaded — Train=2098, Val=300, Calibration=300, Test=300
cuda
Using model backend=timm type=timm_dinov3_vit_lora with 2 labels
Early stopping enabled with patience=3
Using device: cuda
{'loss': '2.788', 'grad_norm': '7.738', 'learning_rate': '2.727e-05', 'epoch': '0.303'}
{'loss': '2.818', 'grad_norm': '10.47', 'learning_rate': '5.758e-05', 'epoch': '0.6061'}
{'loss': '2.853', 'grad_norm': '6.819', 'learning_rate': '8.788e-05', 'epoch': '0.9091'}
{'eval_loss': '0.7196', 'eval_accuracy': '0.69', 'eval_f1': '0.6784', 'eval_balanced_accuracy': '0.69', 'eval_macro_f1': '0.6784', 'eval_atc': '0.85', 'eval_normalized_atc': '0.085', 'eval_target_recall': '0.88', 'eval_target_fnr': '0.12', 'eval_selection_score': '0.1167', 'eval_selection_accuracy_value': '0.69', 'eval_nll': '0.6897', 'eval_brier': '0.4965', 'eval_ece': '0.1872', 'eval_auroc': '0.8179', 'eval_auprc': '0.7967', 'eval_runtime': '2.302', 'eval_samples_per_second': '130.3', 'eval_steps_per_second': '8.252', 'epoch': '1'}
CustomImageProcessor configuration saved to checkpoints/stop3a_balanced_primary_spider_balanced_timm_dinov3_vit_lora_nicme_hybrid_seed44/checkpoint-33/preprocessor_config.json
{'loss': '2.873', 'grad_norm': '3.797', 'learning_rate': '9.998e-05', 'epoch': '1.212'}
{'loss': '2.867', 'grad_norm': '4.312', 'learning_rate': '9.984e-05', 'epoch': '1.515'}
{'loss': '2.862', 'grad_norm': '7.07', 'learning_rate': '9.958e-05', 'epoch': '1.818'}
{'eval_loss': '0.7165', 'eval_accuracy': '0.7333', 'eval_f1': '0.7299', 'eval_balanced_accuracy': '0.7333', 'eval_macro_f1': '0.7299', 'eval_atc': '0.9567', 'eval_normalized_atc': '0.09567', 'eval_target_recall': '0.8467', 'eval_target_fnr': '0.1533', 'eval_selection_score': '0.1428', 'eval_selection_accuracy_value': '0.7333', 'eval_nll': '0.6828', 'eval_brier': '0.4897', 'eval_ece': '0.2259', 'eval_auroc': '0.8468', 'eval_auprc': '0.8374', 'eval_runtime': '2.3', 'eval_samples_per_second': '130.4', 'eval_steps_per_second': '8.261', 'epoch': '2'}
CustomImageProcessor configuration saved to checkpoints/stop3a_balanced_primary_spider_balanced_timm_dinov3_vit_lora_nicme_hybrid_seed44/checkpoint-66/preprocessor_config.json
{'loss': '2.848', 'grad_norm': '3.769', 'learning_rate': '9.919e-05', 'epoch': '2.121'}
{'loss': '2.843', 'grad_norm': '4.178', 'learning_rate': '9.868e-05', 'epoch': '2.424'}
{'loss': '2.836', 'grad_norm': '5.23', 'learning_rate': '9.804e-05', 'epoch': '2.727'}
{'eval_loss': '0.7082', 'eval_accuracy': '0.7367', 'eval_f1': '0.7268', 'eval_balanced_accuracy': '0.7367', 'eval_macro_f1': '0.7268', 'eval_atc': '0.5933', 'eval_normalized_atc': '0.05933', 'eval_target_recall': '0.9267', 'eval_target_fnr': '0.07333', 'eval_selection_score': '0.06552', 'eval_selection_accuracy_value': '0.7367', 'eval_nll': '0.6733', 'eval_brier': '0.4802', 'eval_ece': '0.2221', 'eval_auroc': '0.8708', 'eval_auprc': '0.8694', 'eval_runtime': '2.348', 'eval_samples_per_second': '127.8', 'eval_steps_per_second': '8.093', 'epoch': '3'}
CustomImageProcessor configuration saved to checkpoints/stop3a_balanced_primary_spider_balanced_timm_dinov3_vit_lora_nicme_hybrid_seed44/checkpoint-99/preprocessor_config.json
{'loss': '2.809', 'grad_norm': '3.907', 'learning_rate': '9.729e-05', 'epoch': '3.03'}
{'loss': '2.799', 'grad_norm': '3.847', 'learning_rate': '9.642e-05', 'epoch': '3.333'}
{'loss': '2.793', 'grad_norm': '5.903', 'learning_rate': '9.543e-05', 'epoch': '3.636'}
{'loss': '2.756', 'grad_norm': '4.36', 'learning_rate': '9.433e-05', 'epoch': '3.939'}
{'eval_loss': '0.6923', 'eval_accuracy': '0.71', 'eval_f1': '0.6907', 'eval_balanced_accuracy': '0.71', 'eval_macro_f1': '0.6907', 'eval_atc': '0.47', 'eval_normalized_atc': '0.047', 'eval_target_recall': '0.96', 'eval_target_fnr': '0.04', 'eval_selection_score': '0.0551', 'eval_selection_accuracy_value': '0.71', 'eval_nll': '0.6552', 'eval_brier': '0.4622', 'eval_ece': '0.1802', 'eval_auroc': '0.9012', 'eval_auprc': '0.9054', 'eval_runtime': '2.283', 'eval_samples_per_second': '131.4', 'eval_steps_per_second': '8.324', 'epoch': '4'}
CustomImageProcessor configuration saved to checkpoints/stop3a_balanced_primary_spider_balanced_timm_dinov3_vit_lora_nicme_hybrid_seed44/checkpoint-132/preprocessor_config.json
{'loss': '2.704', 'grad_norm': '4.527', 'learning_rate': '9.311e-05', 'epoch': '4.242'}
{'loss': '2.721', 'grad_norm': '4.751', 'learning_rate': '9.179e-05', 'epoch': '4.545'}
{'loss': '2.667', 'grad_norm': '8.603', 'learning_rate': '9.036e-05', 'epoch': '4.848'}
{'eval_loss': '0.6601', 'eval_accuracy': '0.81', 'eval_f1': '0.806', 'eval_balanced_accuracy': '0.81', 'eval_macro_f1': '0.806', 'eval_atc': '0.4', 'eval_normalized_atc': '0.04', 'eval_target_recall': '0.9533', 'eval_target_fnr': '0.04667', 'eval_selection_score': '0.04', 'eval_selection_accuracy_value': '0.81', 'eval_nll': '0.6192', 'eval_brier': '0.4268', 'eval_ece': '0.2595', 'eval_auroc': '0.9278', 'eval_auprc': '0.934', 'eval_runtime': '2.385', 'eval_samples_per_second': '125.8', 'eval_steps_per_second': '7.967', 'epoch': '5'}
CustomImageProcessor configuration saved to checkpoints/stop3a_balanced_primary_spider_balanced_timm_dinov3_vit_lora_nicme_hybrid_seed44/checkpoint-165/preprocessor_config.json
{'loss': '2.606', 'grad_norm': '4.874', 'learning_rate': '8.883e-05', 'epoch': '5.152'}
{'loss': '2.565', 'grad_norm': '5.222', 'learning_rate': '8.721e-05', 'epoch': '5.455'}
{'loss': '2.502', 'grad_norm': '4.133', 'learning_rate': '8.549e-05', 'epoch': '5.758'}
{'eval_loss': '0.61', 'eval_accuracy': '0.8467', 'eval_f1': '0.8447', 'eval_balanced_accuracy': '0.8467', 'eval_macro_f1': '0.8447', 'eval_atc': '0.3333', 'eval_normalized_atc': '0.03333', 'eval_target_recall': '0.96', 'eval_target_fnr': '0.04', 'eval_selection_score': '0.03333', 'eval_selection_accuracy_value': '0.8467', 'eval_nll': '0.5598', 'eval_brier': '0.3704', 'eval_ece': '0.2562', 'eval_auroc': '0.9453', 'eval_auprc': '0.9505', 'eval_runtime': '2.054', 'eval_samples_per_second': '146.1', 'eval_steps_per_second': '9.25', 'epoch': '6'}
CustomImageProcessor configuration saved to checkpoints/stop3a_balanced_primary_spider_balanced_timm_dinov3_vit_lora_nicme_hybrid_seed44/checkpoint-198/preprocessor_config.json
{'loss': '2.425', 'grad_norm': '7.009', 'learning_rate': '8.368e-05', 'epoch': '6.061'}
{'loss': '2.383', 'grad_norm': '5.907', 'learning_rate': '8.179e-05', 'epoch': '6.364'}
{'loss': '2.243', 'grad_norm': '6.156', 'learning_rate': '7.981e-05', 'epoch': '6.667'}
{'loss': '2.215', 'grad_norm': '6.841', 'learning_rate': '7.777e-05', 'epoch': '6.97'}
{'eval_loss': '0.5588', 'eval_accuracy': '0.8767', 'eval_f1': '0.8757', 'eval_balanced_accuracy': '0.8767', 'eval_macro_f1': '0.8757', 'eval_atc': '0.2733', 'eval_normalized_atc': '0.02733', 'eval_target_recall': '0.9667', 'eval_target_fnr': '0.03333', 'eval_selection_score': '0.02733', 'eval_selection_accuracy_value': '0.8767', 'eval_nll': '0.4871', 'eval_brier': '0.3054', 'eval_ece': '0.2329', 'eval_auroc': '0.9537', 'eval_auprc': '0.9576', 'eval_runtime': '2.653', 'eval_samples_per_second': '113.1', 'eval_steps_per_second': '7.161', 'epoch': '7'}
CustomImageProcessor configuration saved to checkpoints/stop3a_balanced_primary_spider_balanced_timm_dinov3_vit_lora_nicme_hybrid_seed44/checkpoint-231/preprocessor_config.json
{'loss': '2.101', 'grad_norm': '19.81', 'learning_rate': '7.565e-05', 'epoch': '7.273'}
{'loss': '2.099', 'grad_norm': '8.951', 'learning_rate': '7.347e-05', 'epoch': '7.576'}
{'loss': '2.085', 'grad_norm': '12.39', 'learning_rate': '7.123e-05', 'epoch': '7.879'}
{'eval_loss': '0.5251', 'eval_accuracy': '0.8867', 'eval_f1': '0.8861', 'eval_balanced_accuracy': '0.8867', 'eval_macro_f1': '0.8861', 'eval_atc': '0.2933', 'eval_normalized_atc': '0.02933', 'eval_target_recall': '0.96', 'eval_target_fnr': '0.04', 'eval_selection_score': '0.02933', 'eval_selection_accuracy_value': '0.8867', 'eval_nll': '0.4341', 'eval_brier': '0.2618', 'eval_ece': '0.2014', 'eval_auroc': '0.9576', 'eval_auprc': '0.9605', 'eval_runtime': '2.466', 'eval_samples_per_second': '121.7', 'eval_steps_per_second': '7.705', 'epoch': '8'}
CustomImageProcessor configuration saved to checkpoints/stop3a_balanced_primary_spider_balanced_timm_dinov3_vit_lora_nicme_hybrid_seed44/checkpoint-264/preprocessor_config.json
{'loss': '1.981', 'grad_norm': '6.482', 'learning_rate': '6.893e-05', 'epoch': '8.182'}
{'loss': '2.18', 'grad_norm': '6.102', 'learning_rate': '6.659e-05', 'epoch': '8.485'}
{'loss': '1.846', 'grad_norm': '8.445', 'learning_rate': '6.421e-05', 'epoch': '8.788'}
{'eval_loss': '0.5106', 'eval_accuracy': '0.8967', 'eval_f1': '0.8962', 'eval_balanced_accuracy': '0.8967', 'eval_macro_f1': '0.8962', 'eval_atc': '0.2533', 'eval_normalized_atc': '0.02533', 'eval_target_recall': '0.9667', 'eval_target_fnr': '0.03333', 'eval_selection_score': '0.02533', 'eval_selection_accuracy_value': '0.8967', 'eval_nll': '0.4044', 'eval_brier': '0.239', 'eval_ece': '0.1862', 'eval_auroc': '0.9593', 'eval_auprc': '0.9619', 'eval_runtime': '2.55', 'eval_samples_per_second': '117.7', 'eval_steps_per_second': '7.452', 'epoch': '9'}
CustomImageProcessor configuration saved to checkpoints/stop3a_balanced_primary_spider_balanced_timm_dinov3_vit_lora_nicme_hybrid_seed44/checkpoint-297/preprocessor_config.json
{'loss': '1.925', 'grad_norm': '5.42', 'learning_rate': '6.179e-05', 'epoch': '9.091'}
{'loss': '1.837', 'grad_norm': '7.641', 'learning_rate': '5.934e-05', 'epoch': '9.394'}
{'loss': '1.902', 'grad_norm': '8.487', 'learning_rate': '5.687e-05', 'epoch': '9.697'}
{'loss': '1.751', 'grad_norm': '11.22', 'learning_rate': '5.438e-05', 'epoch': '10'}
{'eval_loss': '0.5002', 'eval_accuracy': '0.9', 'eval_f1': '0.8996', 'eval_balanced_accuracy': '0.9', 'eval_macro_f1': '0.8996', 'eval_atc': '0.28', 'eval_normalized_atc': '0.028', 'eval_target_recall': '0.96', 'eval_target_fnr': '0.04', 'eval_selection_score': '0.028', 'eval_selection_accuracy_value': '0.9', 'eval_nll': '0.3789', 'eval_brier': '0.2203', 'eval_ece': '0.1671', 'eval_auroc': '0.9604', 'eval_auprc': '0.9628', 'eval_runtime': '2.331', 'eval_samples_per_second': '128.7', 'eval_steps_per_second': '8.153', 'epoch': '10'}
CustomImageProcessor configuration saved to checkpoints/stop3a_balanced_primary_spider_balanced_timm_dinov3_vit_lora_nicme_hybrid_seed44/checkpoint-330/preprocessor_config.json
{'loss': '1.899', 'grad_norm': '4.828', 'learning_rate': '5.188e-05', 'epoch': '10.3'}
{'loss': '1.827', 'grad_norm': '10.2', 'learning_rate': '4.937e-05', 'epoch': '10.61'}
{'loss': '1.691', 'grad_norm': '9.341', 'learning_rate': '4.687e-05', 'epoch': '10.91'}
{'eval_loss': '0.4915', 'eval_accuracy': '0.8833', 'eval_f1': '0.8824', 'eval_balanced_accuracy': '0.8833', 'eval_macro_f1': '0.8824', 'eval_atc': '0.2367', 'eval_normalized_atc': '0.02367', 'eval_target_recall': '0.9733', 'eval_target_fnr': '0.02667', 'eval_selection_score': '0.02367', 'eval_selection_accuracy_value': '0.8833', 'eval_nll': '0.3703', 'eval_brier': '0.2175', 'eval_ece': '0.1288', 'eval_auroc': '0.9598', 'eval_auprc': '0.963', 'eval_runtime': '2.224', 'eval_samples_per_second': '134.9', 'eval_steps_per_second': '8.541', 'epoch': '11'}
CustomImageProcessor configuration saved to checkpoints/stop3a_balanced_primary_spider_balanced_timm_dinov3_vit_lora_nicme_hybrid_seed44/checkpoint-363/preprocessor_config.json
{'loss': '1.658', 'grad_norm': '8.227', 'learning_rate': '4.438e-05', 'epoch': '11.21'}
{'loss': '1.707', 'grad_norm': '8.48', 'learning_rate': '4.189e-05', 'epoch': '11.52'}
{'loss': '1.67', 'grad_norm': '9.559', 'learning_rate': '3.943e-05', 'epoch': '11.82'}
{'eval_loss': '0.4903', 'eval_accuracy': '0.8833', 'eval_f1': '0.8826', 'eval_balanced_accuracy': '0.8833', 'eval_macro_f1': '0.8826', 'eval_atc': '0.2967', 'eval_normalized_atc': '0.02967', 'eval_target_recall': '0.96', 'eval_target_fnr': '0.04', 'eval_selection_score': '0.02967', 'eval_selection_accuracy_value': '0.8833', 'eval_nll': '0.3513', 'eval_brier': '0.2039', 'eval_ece': '0.1266', 'eval_auroc': '0.96', 'eval_auprc': '0.9633', 'eval_runtime': '2.349', 'eval_samples_per_second': '127.7', 'eval_steps_per_second': '8.088', 'epoch': '12'}
CustomImageProcessor configuration saved to checkpoints/stop3a_balanced_primary_spider_balanced_timm_dinov3_vit_lora_nicme_hybrid_seed44/checkpoint-396/preprocessor_config.json
{'loss': '1.743', 'grad_norm': '10', 'learning_rate': '3.7e-05', 'epoch': '12.12'}
{'loss': '1.802', 'grad_norm': '5.903', 'learning_rate': '3.46e-05', 'epoch': '12.42'}
{'loss': '1.601', 'grad_norm': '4.045', 'learning_rate': '3.223e-05', 'epoch': '12.73'}
{'eval_loss': '0.4848', 'eval_accuracy': '0.8833', 'eval_f1': '0.8828', 'eval_balanced_accuracy': '0.8833', 'eval_macro_f1': '0.8828', 'eval_atc': '0.3267', 'eval_normalized_atc': '0.03267', 'eval_target_recall': '0.9533', 'eval_target_fnr': '0.04667', 'eval_selection_score': '0.03267', 'eval_selection_accuracy_value': '0.8833', 'eval_nll': '0.3416', 'eval_brier': '0.1973', 'eval_ece': '0.1237', 'eval_auroc': '0.9611', 'eval_auprc': '0.9645', 'eval_runtime': '2.125', 'eval_samples_per_second': '141.2', 'eval_steps_per_second': '8.941', 'epoch': '13'}
CustomImageProcessor configuration saved to checkpoints/stop3a_balanced_primary_spider_balanced_timm_dinov3_vit_lora_nicme_hybrid_seed44/checkpoint-429/preprocessor_config.json
{'loss': '1.903', 'grad_norm': '12.53', 'learning_rate': '2.992e-05', 'epoch': '13.03'}
{'loss': '1.57', 'grad_norm': '13.2', 'learning_rate': '2.765e-05', 'epoch': '13.33'}
{'loss': '1.899', 'grad_norm': '15.5', 'learning_rate': '2.544e-05', 'epoch': '13.64'}
{'loss': '1.658', 'grad_norm': '8.115', 'learning_rate': '2.328e-05', 'epoch': '13.94'}
{'eval_loss': '0.4884', 'eval_accuracy': '0.8833', 'eval_f1': '0.8828', 'eval_balanced_accuracy': '0.8833', 'eval_macro_f1': '0.8828', 'eval_atc': '0.3267', 'eval_normalized_atc': '0.03267', 'eval_target_recall': '0.9533', 'eval_target_fnr': '0.04667', 'eval_selection_score': '0.03267', 'eval_selection_accuracy_value': '0.8833', 'eval_nll': '0.3399', 'eval_brier': '0.1963', 'eval_ece': '0.1243', 'eval_auroc': '0.9608', 'eval_auprc': '0.9642', 'eval_runtime': '2.34', 'eval_samples_per_second': '128.2', 'eval_steps_per_second': '8.12', 'epoch': '14'}
CustomImageProcessor configuration saved to checkpoints/stop3a_balanced_primary_spider_balanced_timm_dinov3_vit_lora_nicme_hybrid_seed44/checkpoint-462/preprocessor_config.json
{'train_runtime': '125.8', 'train_samples_per_second': '333.7', 'train_steps_per_second': '5.248', 'train_loss': '2.26', 'epoch': '14'}
***** train metrics *****
  epoch                    =       14.0
  total_flos               =        0GF
  train_loss               =     2.2598
  train_runtime            = 0:02:05.75
  train_samples_per_second =    333.677
  train_steps_per_second   =      5.248
Using device: cuda

============================================================
PERFORMING COMPREHENSIVE EVALUATION
============================================================
Results will be saved to: results/timm_dinov3_vit_lora_test/stop3a_balanced_primary_spider_balanced_timm_dinov3_vit_lora_nicme_hybrid_seed44_04-28_09-03
Saving run configuration...
Run configuration saved to: results/timm_dinov3_vit_lora_test/stop3a_balanced_primary_spider_balanced_timm_dinov3_vit_lora_nicme_hybrid_seed44_04-28_09-03/run_configuration_20260428_090309.json
Running model evaluation...
Computing detailed metrics...
Saving metrics to files...
Metrics saved to: results/timm_dinov3_vit_lora_test/stop3a_balanced_primary_spider_balanced_timm_dinov3_vit_lora_nicme_hybrid_seed44_04-28_09-03/metrics_20260428_090317_nicme_hybrid.json and results/timm_dinov3_vit_lora_test/stop3a_balanced_primary_spider_balanced_timm_dinov3_vit_lora_nicme_hybrid_seed44_04-28_09-03/metrics_20260428_090317_nicme_hybrid.txt
Creating confusion matrix visualizations...
Using provided class names: ['black_widow', 'false_widow']
Confusion matrix visualizations (3-panel) saved to: results/timm_dinov3_vit_lora_test/stop3a_balanced_primary_spider_balanced_timm_dinov3_vit_lora_nicme_hybrid_seed44_04-28_09-03/confusion_matrix_20260428_090317_nicme_hybrid.png and results/timm_dinov3_vit_lora_test/stop3a_balanced_primary_spider_balanced_timm_dinov3_vit_lora_nicme_hybrid_seed44_04-28_09-03/confusion_matrix_20260428_090317_nicme_hybrid.pdf
Detailed confusion matrix saved to: results/timm_dinov3_vit_lora_test/stop3a_balanced_primary_spider_balanced_timm_dinov3_vit_lora_nicme_hybrid_seed44_04-28_09-03/confusion_matrix_detailed_20260428_090317_nicme_hybrid.png

============================================================
TRAINING COMPLETED - RESULTS SUMMARY
============================================================
Output Directory: results/timm_dinov3_vit_lora_test/stop3a_balanced_primary_spider_balanced_timm_dinov3_vit_lora_nicme_hybrid_seed44_04-28_09-03
Overall Accuracy: 0.9100
Balanced Accuracy: 0.9100
Overall F1 Score: 0.9097
Kappa: 0.8200
AUC: 0.9781
Expected Cost: 0.2400
Loss Function Used: nicme_hybrid
Total Test Samples: 300
Classes: black_widow, false_widow

Detailed metrics and visualizations saved to: results/timm_dinov3_vit_lora_test/stop3a_balanced_primary_spider_balanced_timm_dinov3_vit_lora_nicme_hybrid_seed44_04-28_09-03
============================================================
