Prepared manifest loaded — Train=3448, Val=410, Calibration=538, Test=564
cuda
Using model backend=hf_auto type=vit with 2 labels
Early stopping enabled with patience=3
Using device: cuda
{'loss': '2.747', 'grad_norm': '2.799', 'learning_rate': '1.667e-05', 'epoch': '0.1852'}
{'loss': '2.485', 'grad_norm': '4.144', 'learning_rate': '3.519e-05', 'epoch': '0.3704'}
{'loss': '1.974', 'grad_norm': '5.998', 'learning_rate': '5.37e-05', 'epoch': '0.5556'}
{'loss': '1.407', 'grad_norm': '9.479', 'learning_rate': '7.222e-05', 'epoch': '0.7407'}
{'loss': '1.069', 'grad_norm': '12.97', 'learning_rate': '9.074e-05', 'epoch': '0.9259'}
{'eval_loss': '0.4791', 'eval_accuracy': '0.8268', 'eval_f1': '0.8232', 'eval_balanced_accuracy': '0.8268', 'eval_macro_f1': '0.8232', 'eval_atc': '0.3049', 'eval_normalized_atc': '0.03049', 'eval_target_recall': '0.9707', 'eval_target_fnr': '0.02927', 'eval_selection_score': '0.03102', 'eval_selection_accuracy_value': '0.8268', 'eval_nll': '0.4791', 'eval_brier': '0.2847', 'eval_ece': '0.1015', 'eval_auroc': '0.8756', 'eval_auprc': '0.8189', 'eval_runtime': '4.798', 'eval_samples_per_second': '85.46', 'eval_steps_per_second': '5.419', 'epoch': '1'}
CustomImageProcessor configuration saved to checkpoints/stop3a_balanced_primary_breakhis_balanced_vit_ce_seed42/checkpoint-54/preprocessor_config.json
{'loss': '0.9095', 'grad_norm': '6.2', 'learning_rate': '9.999e-05', 'epoch': '1.111'}
{'loss': '1.073', 'grad_norm': '7.578', 'learning_rate': '9.995e-05', 'epoch': '1.296'}
{'loss': '0.7143', 'grad_norm': '6.627', 'learning_rate': '9.985e-05', 'epoch': '1.481'}
{'loss': '0.7608', 'grad_norm': '26.26', 'learning_rate': '9.971e-05', 'epoch': '1.667'}
{'loss': '0.5499', 'grad_norm': '16.47', 'learning_rate': '9.953e-05', 'epoch': '1.852'}
{'eval_loss': '0.7804', 'eval_accuracy': '0.7634', 'eval_f1': '0.7605', 'eval_balanced_accuracy': '0.7634', 'eval_macro_f1': '0.7605', 'eval_atc': '0.8073', 'eval_normalized_atc': '0.08073', 'eval_target_recall': '0.8732', 'eval_target_fnr': '0.1268', 'eval_selection_score': '0.1257', 'eval_selection_accuracy_value': '0.7634', 'eval_nll': '0.7804', 'eval_brier': '0.4163', 'eval_ece': '0.1901', 'eval_auroc': '0.7908', 'eval_auprc': '0.7131', 'eval_runtime': '4.422', 'eval_samples_per_second': '92.72', 'eval_steps_per_second': '5.88', 'epoch': '2'}
CustomImageProcessor configuration saved to checkpoints/stop3a_balanced_primary_breakhis_balanced_vit_ce_seed42/checkpoint-108/preprocessor_config.json
{'loss': '0.5787', 'grad_norm': '14.88', 'learning_rate': '9.929e-05', 'epoch': '2.037'}
{'loss': '0.681', 'grad_norm': '12.06', 'learning_rate': '9.901e-05', 'epoch': '2.222'}
{'loss': '0.4949', 'grad_norm': '25.76', 'learning_rate': '9.869e-05', 'epoch': '2.407'}
{'loss': '0.5333', 'grad_norm': '22.43', 'learning_rate': '9.832e-05', 'epoch': '2.593'}
{'loss': '0.3788', 'grad_norm': '4.366', 'learning_rate': '9.79e-05', 'epoch': '2.778'}
{'loss': '0.5903', 'grad_norm': '12.03', 'learning_rate': '9.744e-05', 'epoch': '2.963'}
{'eval_loss': '0.6933', 'eval_accuracy': '0.822', 'eval_f1': '0.8174', 'eval_balanced_accuracy': '0.822', 'eval_macro_f1': '0.8174', 'eval_atc': '0.2659', 'eval_normalized_atc': '0.02659', 'eval_target_recall': '0.9805', 'eval_target_fnr': '0.01951', 'eval_selection_score': '0.02737', 'eval_selection_accuracy_value': '0.822', 'eval_nll': '0.6933', 'eval_brier': '0.331', 'eval_ece': '0.1508', 'eval_auroc': '0.8236', 'eval_auprc': '0.7202', 'eval_runtime': '4.492', 'eval_samples_per_second': '91.27', 'eval_steps_per_second': '5.788', 'epoch': '3'}
CustomImageProcessor configuration saved to checkpoints/stop3a_balanced_primary_breakhis_balanced_vit_ce_seed42/checkpoint-162/preprocessor_config.json
{'loss': '0.3095', 'grad_norm': '5.639', 'learning_rate': '9.693e-05', 'epoch': '3.148'}
{'loss': '0.5406', 'grad_norm': '21.72', 'learning_rate': '9.638e-05', 'epoch': '3.333'}
{'loss': '0.396', 'grad_norm': '6.268', 'learning_rate': '9.579e-05', 'epoch': '3.519'}
{'loss': '0.3369', 'grad_norm': '6.947', 'learning_rate': '9.515e-05', 'epoch': '3.704'}
{'loss': '0.3875', 'grad_norm': '31.32', 'learning_rate': '9.447e-05', 'epoch': '3.889'}
{'eval_loss': '0.8036', 'eval_accuracy': '0.8268', 'eval_f1': '0.8221', 'eval_balanced_accuracy': '0.8268', 'eval_macro_f1': '0.8221', 'eval_atc': '0.2171', 'eval_normalized_atc': '0.02171', 'eval_target_recall': '0.9902', 'eval_target_fnr': '0.009756', 'eval_selection_score': '0.02224', 'eval_selection_accuracy_value': '0.8268', 'eval_nll': '0.8036', 'eval_brier': '0.3349', 'eval_ece': '0.1591', 'eval_auroc': '0.8522', 'eval_auprc': '0.7936', 'eval_runtime': '4.668', 'eval_samples_per_second': '87.83', 'eval_steps_per_second': '5.57', 'epoch': '4'}
CustomImageProcessor configuration saved to checkpoints/stop3a_balanced_primary_breakhis_balanced_vit_ce_seed42/checkpoint-216/preprocessor_config.json
{'loss': '0.3729', 'grad_norm': '7.558', 'learning_rate': '9.375e-05', 'epoch': '4.074'}
{'loss': '0.495', 'grad_norm': '16.4', 'learning_rate': '9.299e-05', 'epoch': '4.259'}
{'loss': '0.2936', 'grad_norm': '1.028', 'learning_rate': '9.219e-05', 'epoch': '4.444'}
{'loss': '0.3327', 'grad_norm': '1.66', 'learning_rate': '9.135e-05', 'epoch': '4.63'}
{'loss': '0.3876', 'grad_norm': '13.67', 'learning_rate': '9.047e-05', 'epoch': '4.815'}
{'loss': '0.3145', 'grad_norm': '0.3188', 'learning_rate': '8.955e-05', 'epoch': '5'}
{'eval_loss': '0.9432', 'eval_accuracy': '0.8024', 'eval_f1': '0.7988', 'eval_balanced_accuracy': '0.8024', 'eval_macro_f1': '0.7988', 'eval_atc': '0.4829', 'eval_normalized_atc': '0.04829', 'eval_target_recall': '0.9366', 'eval_target_fnr': '0.06341', 'eval_selection_score': '0.05502', 'eval_selection_accuracy_value': '0.8024', 'eval_nll': '0.9432', 'eval_brier': '0.3854', 'eval_ece': '0.1908', 'eval_auroc': '0.8144', 'eval_auprc': '0.7401', 'eval_runtime': '4.704', 'eval_samples_per_second': '87.17', 'eval_steps_per_second': '5.528', 'epoch': '5'}
CustomImageProcessor configuration saved to checkpoints/stop3a_balanced_primary_breakhis_balanced_vit_ce_seed42/checkpoint-270/preprocessor_config.json
{'loss': '0.2586', 'grad_norm': '4.618', 'learning_rate': '8.86e-05', 'epoch': '5.185'}
{'loss': '0.269', 'grad_norm': '8.06', 'learning_rate': '8.76e-05', 'epoch': '5.37'}
{'loss': '0.2398', 'grad_norm': '5.471', 'learning_rate': '8.658e-05', 'epoch': '5.556'}
{'loss': '0.3404', 'grad_norm': '5.146', 'learning_rate': '8.552e-05', 'epoch': '5.741'}
{'loss': '0.3736', 'grad_norm': '5.642', 'learning_rate': '8.442e-05', 'epoch': '5.926'}
{'eval_loss': '0.9319', 'eval_accuracy': '0.8146', 'eval_f1': '0.8097', 'eval_balanced_accuracy': '0.8146', 'eval_macro_f1': '0.8097', 'eval_atc': '0.2951', 'eval_normalized_atc': '0.02951', 'eval_target_recall': '0.9756', 'eval_target_fnr': '0.02439', 'eval_selection_score': '0.03076', 'eval_selection_accuracy_value': '0.8146', 'eval_nll': '0.9319', 'eval_brier': '0.3619', 'eval_ece': '0.1793', 'eval_auroc': '0.8304', 'eval_auprc': '0.7228', 'eval_runtime': '4.134', 'eval_samples_per_second': '99.18', 'eval_steps_per_second': '6.29', 'epoch': '6'}
CustomImageProcessor configuration saved to checkpoints/stop3a_balanced_primary_breakhis_balanced_vit_ce_seed42/checkpoint-324/preprocessor_config.json
{'loss': '0.2347', 'grad_norm': '10.86', 'learning_rate': '8.33e-05', 'epoch': '6.111'}
{'loss': '0.2179', 'grad_norm': '6.263', 'learning_rate': '8.214e-05', 'epoch': '6.296'}
{'loss': '0.2385', 'grad_norm': '10.09', 'learning_rate': '8.095e-05', 'epoch': '6.481'}
{'loss': '0.5974', 'grad_norm': '36.03', 'learning_rate': '7.973e-05', 'epoch': '6.667'}
{'loss': '0.533', 'grad_norm': '8.632', 'learning_rate': '7.849e-05', 'epoch': '6.852'}
{'eval_loss': '0.8589', 'eval_accuracy': '0.8317', 'eval_f1': '0.8271', 'eval_balanced_accuracy': '0.8317', 'eval_macro_f1': '0.8271', 'eval_atc': '0.1902', 'eval_normalized_atc': '0.01902', 'eval_target_recall': '0.9951', 'eval_target_fnr': '0.004878', 'eval_selection_score': '0.01936', 'eval_selection_accuracy_value': '0.8317', 'eval_nll': '0.8589', 'eval_brier': '0.3318', 'eval_ece': '0.1632', 'eval_auroc': '0.9009', 'eval_auprc': '0.8665', 'eval_runtime': '4.395', 'eval_samples_per_second': '93.3', 'eval_steps_per_second': '5.916', 'epoch': '7'}
CustomImageProcessor configuration saved to checkpoints/stop3a_balanced_primary_breakhis_balanced_vit_ce_seed42/checkpoint-378/preprocessor_config.json
{'loss': '0.2749', 'grad_norm': '2.486', 'learning_rate': '7.722e-05', 'epoch': '7.037'}
{'loss': '0.1291', 'grad_norm': '4.536', 'learning_rate': '7.592e-05', 'epoch': '7.222'}
{'loss': '0.1531', 'grad_norm': '12.42', 'learning_rate': '7.46e-05', 'epoch': '7.407'}
{'loss': '0.3092', 'grad_norm': '1.588', 'learning_rate': '7.326e-05', 'epoch': '7.593'}
{'loss': '0.1957', 'grad_norm': '0.9665', 'learning_rate': '7.189e-05', 'epoch': '7.778'}
{'loss': '0.2566', 'grad_norm': '4.505', 'learning_rate': '7.05e-05', 'epoch': '7.963'}
{'eval_loss': '0.9562', 'eval_accuracy': '0.8195', 'eval_f1': '0.8134', 'eval_balanced_accuracy': '0.8195', 'eval_macro_f1': '0.8134', 'eval_atc': '0.1805', 'eval_normalized_atc': '0.01805', 'eval_target_recall': '1', 'eval_target_fnr': '0', 'eval_selection_score': '0.01898', 'eval_selection_accuracy_value': '0.8195', 'eval_nll': '0.9562', 'eval_brier': '0.3551', 'eval_ece': '0.1735', 'eval_auroc': '0.8669', 'eval_auprc': '0.833', 'eval_runtime': '4.67', 'eval_samples_per_second': '87.8', 'eval_steps_per_second': '5.568', 'epoch': '8'}
CustomImageProcessor configuration saved to checkpoints/stop3a_balanced_primary_breakhis_balanced_vit_ce_seed42/checkpoint-432/preprocessor_config.json
{'loss': '0.2458', 'grad_norm': '0.1877', 'learning_rate': '6.91e-05', 'epoch': '8.148'}
{'loss': '0.105', 'grad_norm': '0.8707', 'learning_rate': '6.768e-05', 'epoch': '8.333'}
{'loss': '0.1638', 'grad_norm': '0.2595', 'learning_rate': '6.623e-05', 'epoch': '8.519'}
{'loss': '0.1168', 'grad_norm': '5.634', 'learning_rate': '6.478e-05', 'epoch': '8.704'}
{'loss': '0.09037', 'grad_norm': '0.2095', 'learning_rate': '6.331e-05', 'epoch': '8.889'}
{'eval_loss': '0.9292', 'eval_accuracy': '0.8317', 'eval_f1': '0.8271', 'eval_balanced_accuracy': '0.8317', 'eval_macro_f1': '0.8271', 'eval_atc': '0.1902', 'eval_normalized_atc': '0.01902', 'eval_target_recall': '0.9951', 'eval_target_fnr': '0.004878', 'eval_selection_score': '0.01936', 'eval_selection_accuracy_value': '0.8317', 'eval_nll': '0.9292', 'eval_brier': '0.3326', 'eval_ece': '0.1646', 'eval_auroc': '0.9329', 'eval_auprc': '0.9302', 'eval_runtime': '4.459', 'eval_samples_per_second': '91.95', 'eval_steps_per_second': '5.831', 'epoch': '9'}
CustomImageProcessor configuration saved to checkpoints/stop3a_balanced_primary_breakhis_balanced_vit_ce_seed42/checkpoint-486/preprocessor_config.json
{'loss': '0.1147', 'grad_norm': '0.4285', 'learning_rate': '6.183e-05', 'epoch': '9.074'}
{'loss': '0.1127', 'grad_norm': '6.174', 'learning_rate': '6.034e-05', 'epoch': '9.259'}
{'loss': '0.1865', 'grad_norm': '0.1759', 'learning_rate': '5.883e-05', 'epoch': '9.444'}
{'loss': '0.1201', 'grad_norm': '1.681', 'learning_rate': '5.732e-05', 'epoch': '9.63'}
{'loss': '0.1675', 'grad_norm': '8.544', 'learning_rate': '5.58e-05', 'epoch': '9.815'}
{'loss': '0.1412', 'grad_norm': '2.618', 'learning_rate': '5.428e-05', 'epoch': '10'}
{'eval_loss': '0.9896', 'eval_accuracy': '0.8268', 'eval_f1': '0.8229', 'eval_balanced_accuracy': '0.8268', 'eval_macro_f1': '0.8229', 'eval_atc': '0.2829', 'eval_normalized_atc': '0.02829', 'eval_target_recall': '0.9756', 'eval_target_fnr': '0.02439', 'eval_selection_score': '0.02883', 'eval_selection_accuracy_value': '0.8268', 'eval_nll': '0.9896', 'eval_brier': '0.3405', 'eval_ece': '0.1707', 'eval_auroc': '0.8368', 'eval_auprc': '0.8066', 'eval_runtime': '4.151', 'eval_samples_per_second': '98.77', 'eval_steps_per_second': '6.264', 'epoch': '10'}
CustomImageProcessor configuration saved to checkpoints/stop3a_balanced_primary_breakhis_balanced_vit_ce_seed42/checkpoint-540/preprocessor_config.json
{'loss': '0.06092', 'grad_norm': '0.288', 'learning_rate': '5.275e-05', 'epoch': '10.19'}
{'loss': '0.04414', 'grad_norm': '0.2987', 'learning_rate': '5.122e-05', 'epoch': '10.37'}
{'loss': '0.05423', 'grad_norm': '0.4857', 'learning_rate': '4.969e-05', 'epoch': '10.56'}
{'loss': '0.1639', 'grad_norm': '3.846', 'learning_rate': '4.816e-05', 'epoch': '10.74'}
{'loss': '0.07077', 'grad_norm': '0.5475', 'learning_rate': '4.663e-05', 'epoch': '10.93'}
{'eval_loss': '1.053', 'eval_accuracy': '0.8317', 'eval_f1': '0.8271', 'eval_balanced_accuracy': '0.8317', 'eval_macro_f1': '0.8271', 'eval_atc': '0.1902', 'eval_normalized_atc': '0.01902', 'eval_target_recall': '0.9951', 'eval_target_fnr': '0.004878', 'eval_selection_score': '0.01936', 'eval_selection_accuracy_value': '0.8317', 'eval_nll': '1.053', 'eval_brier': '0.3335', 'eval_ece': '0.1661', 'eval_auroc': '0.8774', 'eval_auprc': '0.8453', 'eval_runtime': '4.341', 'eval_samples_per_second': '94.45', 'eval_steps_per_second': '5.989', 'epoch': '11'}
CustomImageProcessor configuration saved to checkpoints/stop3a_balanced_primary_breakhis_balanced_vit_ce_seed42/checkpoint-594/preprocessor_config.json
{'train_runtime': '380.4', 'train_samples_per_second': '181.3', 'train_steps_per_second': '2.839', 'train_loss': '0.4667', 'epoch': '11'}
***** train metrics *****
  epoch                    =         11.0
  total_flos               = 2737265249GF
  train_loss               =       0.4667
  train_runtime            =   0:06:20.39
  train_samples_per_second =      181.283
  train_steps_per_second   =        2.839
Using device: cuda

============================================================
PERFORMING COMPREHENSIVE EVALUATION
============================================================
Results will be saved to: results/vit_test/stop3a_balanced_primary_breakhis_balanced_vit_ce_seed42_04-28_09-10
Saving run configuration...
Run configuration saved to: results/vit_test/stop3a_balanced_primary_breakhis_balanced_vit_ce_seed42_04-28_09-10/run_configuration_20260428_091005.json
Running model evaluation...
Computing detailed metrics...
Saving metrics to files...
Metrics saved to: results/vit_test/stop3a_balanced_primary_breakhis_balanced_vit_ce_seed42_04-28_09-10/metrics_20260428_091024_ce.json and results/vit_test/stop3a_balanced_primary_breakhis_balanced_vit_ce_seed42_04-28_09-10/metrics_20260428_091024_ce.txt
Creating confusion matrix visualizations...
Using provided class names: ['benign', 'malignant']
Confusion matrix visualizations (3-panel) saved to: results/vit_test/stop3a_balanced_primary_breakhis_balanced_vit_ce_seed42_04-28_09-10/confusion_matrix_20260428_091024_ce.png and results/vit_test/stop3a_balanced_primary_breakhis_balanced_vit_ce_seed42_04-28_09-10/confusion_matrix_20260428_091024_ce.pdf
Detailed confusion matrix saved to: results/vit_test/stop3a_balanced_primary_breakhis_balanced_vit_ce_seed42_04-28_09-10/confusion_matrix_detailed_20260428_091024_ce.png

============================================================
TRAINING COMPLETED - RESULTS SUMMARY
============================================================
Output Directory: results/vit_test/stop3a_balanced_primary_breakhis_balanced_vit_ce_seed42_04-28_09-10
Overall Accuracy: 0.8493
Balanced Accuracy: 0.8493
Overall F1 Score: 0.8466
Kappa: 0.6986
AUC: 0.9611
Expected Cost: 0.2305
Loss Function Used: ce
Total Test Samples: 564
Classes: benign, malignant

Detailed metrics and visualizations saved to: results/vit_test/stop3a_balanced_primary_breakhis_balanced_vit_ce_seed42_04-28_09-10
============================================================
