Prepared manifest loaded — Train=3448, Val=410, Calibration=538, Test=564
cuda
Using model backend=hf_auto type=vit with 2 labels
Early stopping enabled with patience=3
Using device: cuda
{'loss': '2.739', 'grad_norm': '2.45', 'learning_rate': '1.667e-05', 'epoch': '0.1852'}
{'loss': '2.489', 'grad_norm': '3.69', 'learning_rate': '3.519e-05', 'epoch': '0.3704'}
{'loss': '2.088', 'grad_norm': '5.086', 'learning_rate': '5.37e-05', 'epoch': '0.5556'}
{'loss': '1.599', 'grad_norm': '13.96', 'learning_rate': '7.222e-05', 'epoch': '0.7407'}
{'loss': '1.111', 'grad_norm': '10.11', 'learning_rate': '9.074e-05', 'epoch': '0.9259'}
{'eval_loss': '0.5039', 'eval_accuracy': '0.8293', 'eval_f1': '0.826', 'eval_balanced_accuracy': '0.8293', 'eval_macro_f1': '0.826', 'eval_atc': '0.3244', 'eval_normalized_atc': '0.03244', 'eval_target_recall': '0.9659', 'eval_target_fnr': '0.03415', 'eval_selection_score': '0.03294', 'eval_selection_accuracy_value': '0.8293', 'eval_nll': '0.4884', 'eval_brier': '0.2889', 'eval_ece': '0.09843', 'eval_auroc': '0.8899', 'eval_auprc': '0.8683', 'eval_runtime': '4.489', 'eval_samples_per_second': '91.34', 'eval_steps_per_second': '5.793', 'epoch': '1'}
CustomImageProcessor configuration saved to checkpoints/stop3a_balanced_primary_breakhis_balanced_vit_cs_regularized_ce_seed43/checkpoint-54/preprocessor_config.json
{'loss': '0.9171', 'grad_norm': '7.893', 'learning_rate': '9.999e-05', 'epoch': '1.111'}
{'loss': '1.115', 'grad_norm': '8.739', 'learning_rate': '9.995e-05', 'epoch': '1.296'}
{'loss': '1.045', 'grad_norm': '5.98', 'learning_rate': '9.985e-05', 'epoch': '1.481'}
{'loss': '0.727', 'grad_norm': '6.434', 'learning_rate': '9.971e-05', 'epoch': '1.667'}
{'loss': '0.5772', 'grad_norm': '18.98', 'learning_rate': '9.953e-05', 'epoch': '1.852'}
{'eval_loss': '0.7521', 'eval_accuracy': '0.7976', 'eval_f1': '0.7941', 'eval_balanced_accuracy': '0.7976', 'eval_macro_f1': '0.7941', 'eval_atc': '0.5317', 'eval_normalized_atc': '0.05317', 'eval_target_recall': '0.9268', 'eval_target_fnr': '0.07317', 'eval_selection_score': '0.06338', 'eval_selection_accuracy_value': '0.7976', 'eval_nll': '0.7361', 'eval_brier': '0.3695', 'eval_ece': '0.1728', 'eval_auroc': '0.8007', 'eval_auprc': '0.7204', 'eval_runtime': '4.464', 'eval_samples_per_second': '91.86', 'eval_steps_per_second': '5.825', 'epoch': '2'}
CustomImageProcessor configuration saved to checkpoints/stop3a_balanced_primary_breakhis_balanced_vit_cs_regularized_ce_seed43/checkpoint-108/preprocessor_config.json
{'loss': '0.5036', 'grad_norm': '16.37', 'learning_rate': '9.929e-05', 'epoch': '2.037'}
{'loss': '0.7881', 'grad_norm': '4.511', 'learning_rate': '9.901e-05', 'epoch': '2.222'}
{'loss': '0.5159', 'grad_norm': '7.111', 'learning_rate': '9.869e-05', 'epoch': '2.407'}
{'loss': '0.5162', 'grad_norm': '6.174', 'learning_rate': '9.832e-05', 'epoch': '2.593'}
{'loss': '0.382', 'grad_norm': '10.53', 'learning_rate': '9.79e-05', 'epoch': '2.778'}
{'loss': '0.5016', 'grad_norm': '6.912', 'learning_rate': '9.744e-05', 'epoch': '2.963'}
{'eval_loss': '0.742', 'eval_accuracy': '0.8341', 'eval_f1': '0.8295', 'eval_balanced_accuracy': '0.8341', 'eval_macro_f1': '0.8295', 'eval_atc': '0.1659', 'eval_normalized_atc': '0.01659', 'eval_target_recall': '1', 'eval_target_fnr': '0', 'eval_selection_score': '0.01684', 'eval_selection_accuracy_value': '0.8341', 'eval_nll': '0.7363', 'eval_brier': '0.3223', 'eval_ece': '0.1539', 'eval_auroc': '0.8852', 'eval_auprc': '0.8553', 'eval_runtime': '4.452', 'eval_samples_per_second': '92.08', 'eval_steps_per_second': '5.839', 'epoch': '3'}
CustomImageProcessor configuration saved to checkpoints/stop3a_balanced_primary_breakhis_balanced_vit_cs_regularized_ce_seed43/checkpoint-162/preprocessor_config.json
{'loss': '0.3877', 'grad_norm': '6.481', 'learning_rate': '9.693e-05', 'epoch': '3.148'}
{'loss': '0.4286', 'grad_norm': '11.36', 'learning_rate': '9.638e-05', 'epoch': '3.333'}
{'loss': '0.3178', 'grad_norm': '9.916', 'learning_rate': '9.579e-05', 'epoch': '3.519'}
{'loss': '0.7335', 'grad_norm': '8.196', 'learning_rate': '9.515e-05', 'epoch': '3.704'}
{'loss': '0.4685', 'grad_norm': '26.45', 'learning_rate': '9.447e-05', 'epoch': '3.889'}
{'eval_loss': '0.8224', 'eval_accuracy': '0.8244', 'eval_f1': '0.82', 'eval_balanced_accuracy': '0.8244', 'eval_macro_f1': '0.82', 'eval_atc': '0.2634', 'eval_normalized_atc': '0.02634', 'eval_target_recall': '0.9805', 'eval_target_fnr': '0.01951', 'eval_selection_score': '0.027', 'eval_selection_accuracy_value': '0.8244', 'eval_nll': '0.8142', 'eval_brier': '0.3419', 'eval_ece': '0.1638', 'eval_auroc': '0.8085', 'eval_auprc': '0.693', 'eval_runtime': '9.701', 'eval_samples_per_second': '42.26', 'eval_steps_per_second': '2.68', 'epoch': '4'}
CustomImageProcessor configuration saved to checkpoints/stop3a_balanced_primary_breakhis_balanced_vit_cs_regularized_ce_seed43/checkpoint-216/preprocessor_config.json
{'loss': '0.4015', 'grad_norm': '6.586', 'learning_rate': '9.375e-05', 'epoch': '4.074'}
{'loss': '0.3049', 'grad_norm': '29.69', 'learning_rate': '9.299e-05', 'epoch': '4.259'}
{'loss': '0.4481', 'grad_norm': '27.32', 'learning_rate': '9.219e-05', 'epoch': '4.444'}
{'loss': '0.4224', 'grad_norm': '9.073', 'learning_rate': '9.135e-05', 'epoch': '4.63'}
{'loss': '0.4206', 'grad_norm': '14.51', 'learning_rate': '9.047e-05', 'epoch': '4.815'}
{'loss': '0.2655', 'grad_norm': '21.21', 'learning_rate': '8.955e-05', 'epoch': '5'}
{'eval_loss': '0.8573', 'eval_accuracy': '0.8317', 'eval_f1': '0.8271', 'eval_balanced_accuracy': '0.8317', 'eval_macro_f1': '0.8271', 'eval_atc': '0.1902', 'eval_normalized_atc': '0.01902', 'eval_target_recall': '0.9951', 'eval_target_fnr': '0.004878', 'eval_selection_score': '0.01936', 'eval_selection_accuracy_value': '0.8317', 'eval_nll': '0.8514', 'eval_brier': '0.3321', 'eval_ece': '0.1618', 'eval_auroc': '0.8397', 'eval_auprc': '0.7829', 'eval_runtime': '4.157', 'eval_samples_per_second': '98.64', 'eval_steps_per_second': '6.255', 'epoch': '5'}
CustomImageProcessor configuration saved to checkpoints/stop3a_balanced_primary_breakhis_balanced_vit_cs_regularized_ce_seed43/checkpoint-270/preprocessor_config.json
{'loss': '0.3694', 'grad_norm': '20.19', 'learning_rate': '8.86e-05', 'epoch': '5.185'}
{'loss': '0.2802', 'grad_norm': '5.66', 'learning_rate': '8.76e-05', 'epoch': '5.37'}
{'loss': '0.1947', 'grad_norm': '2.979', 'learning_rate': '8.658e-05', 'epoch': '5.556'}
{'loss': '0.2227', 'grad_norm': '16.97', 'learning_rate': '8.552e-05', 'epoch': '5.741'}
{'loss': '0.4482', 'grad_norm': '21.15', 'learning_rate': '8.442e-05', 'epoch': '5.926'}
{'eval_loss': '0.8945', 'eval_accuracy': '0.8244', 'eval_f1': '0.8203', 'eval_balanced_accuracy': '0.8244', 'eval_macro_f1': '0.8203', 'eval_atc': '0.2854', 'eval_normalized_atc': '0.02854', 'eval_target_recall': '0.9756', 'eval_target_fnr': '0.02439', 'eval_selection_score': '0.02919', 'eval_selection_accuracy_value': '0.8244', 'eval_nll': '0.8866', 'eval_brier': '0.3403', 'eval_ece': '0.1687', 'eval_auroc': '0.8265', 'eval_auprc': '0.7743', 'eval_runtime': '4.474', 'eval_samples_per_second': '91.64', 'eval_steps_per_second': '5.811', 'epoch': '6'}
CustomImageProcessor configuration saved to checkpoints/stop3a_balanced_primary_breakhis_balanced_vit_cs_regularized_ce_seed43/checkpoint-324/preprocessor_config.json
{'train_runtime': '214', 'train_samples_per_second': '322.3', 'train_steps_per_second': '5.047', 'train_loss': '0.7357', 'epoch': '6'}
***** train metrics *****
  epoch                    =          6.0
  total_flos               = 1493053772GF
  train_loss               =       0.7357
  train_runtime            =   0:03:33.97
  train_samples_per_second =      322.286
  train_steps_per_second   =        5.047
Using device: cuda

============================================================
PERFORMING COMPREHENSIVE EVALUATION
============================================================
Results will be saved to: results/vit_test/stop3a_balanced_primary_breakhis_balanced_vit_cs_regularized_ce_seed43_04-28_09-55
Saving run configuration...
Run configuration saved to: results/vit_test/stop3a_balanced_primary_breakhis_balanced_vit_cs_regularized_ce_seed43_04-28_09-55/run_configuration_20260428_095535.json
Running model evaluation...
Computing detailed metrics...
Saving metrics to files...
Metrics saved to: results/vit_test/stop3a_balanced_primary_breakhis_balanced_vit_cs_regularized_ce_seed43_04-28_09-55/metrics_20260428_095553_cs_regularized_ce.json and results/vit_test/stop3a_balanced_primary_breakhis_balanced_vit_cs_regularized_ce_seed43_04-28_09-55/metrics_20260428_095553_cs_regularized_ce.txt
Creating confusion matrix visualizations...
Using provided class names: ['benign', 'malignant']
Confusion matrix visualizations (3-panel) saved to: results/vit_test/stop3a_balanced_primary_breakhis_balanced_vit_cs_regularized_ce_seed43_04-28_09-55/confusion_matrix_20260428_095553_cs_regularized_ce.png and results/vit_test/stop3a_balanced_primary_breakhis_balanced_vit_cs_regularized_ce_seed43_04-28_09-55/confusion_matrix_20260428_095553_cs_regularized_ce.pdf
Detailed confusion matrix saved to: results/vit_test/stop3a_balanced_primary_breakhis_balanced_vit_cs_regularized_ce_seed43_04-28_09-55/confusion_matrix_detailed_20260428_095553_cs_regularized_ce.png

============================================================
TRAINING COMPLETED - RESULTS SUMMARY
============================================================
Output Directory: results/vit_test/stop3a_balanced_primary_breakhis_balanced_vit_cs_regularized_ce_seed43_04-28_09-55
Overall Accuracy: 0.8883
Balanced Accuracy: 0.8883
Overall F1 Score: 0.8873
Kappa: 0.7766
AUC: 0.9756
Expected Cost: 0.1915
Loss Function Used: cs_regularized_ce
Total Test Samples: 564
Classes: benign, malignant

Detailed metrics and visualizations saved to: results/vit_test/stop3a_balanced_primary_breakhis_balanced_vit_cs_regularized_ce_seed43_04-28_09-55
============================================================
