Prepared manifest loaded — Train=3448, Val=410, Calibration=538, Test=564
cuda
Using model backend=hf_auto type=vit with 2 labels
Early stopping enabled with patience=3
Using device: cuda
{'loss': '2.664', 'grad_norm': '3.07', 'learning_rate': '1.667e-05', 'epoch': '0.1852'}
{'loss': '2.352', 'grad_norm': '5.011', 'learning_rate': '3.519e-05', 'epoch': '0.3704'}
{'loss': '1.879', 'grad_norm': '5.769', 'learning_rate': '5.37e-05', 'epoch': '0.5556'}
{'loss': '1.546', 'grad_norm': '22.8', 'learning_rate': '7.222e-05', 'epoch': '0.7407'}
{'loss': '1.334', 'grad_norm': '14.46', 'learning_rate': '9.074e-05', 'epoch': '0.9259'}
{'eval_loss': '0.4334', 'eval_accuracy': '0.8341', 'eval_f1': '0.8327', 'eval_balanced_accuracy': '0.8341', 'eval_macro_f1': '0.8327', 'eval_atc': '0.4951', 'eval_normalized_atc': '0.04951', 'eval_target_recall': '0.9268', 'eval_target_fnr': '0.07317', 'eval_selection_score': '0.05722', 'eval_selection_accuracy_value': '0.8341', 'eval_nll': '0.4334', 'eval_brier': '0.2624', 'eval_ece': '0.05298', 'eval_auroc': '0.8736', 'eval_auprc': '0.8119', 'eval_runtime': '4.726', 'eval_samples_per_second': '86.76', 'eval_steps_per_second': '5.502', 'epoch': '1'}
CustomImageProcessor configuration saved to checkpoints/stop3a_balanced_primary_breakhis_balanced_vit_ce_calibrated_cost_min_seed44/checkpoint-54/preprocessor_config.json
{'loss': '1.016', 'grad_norm': '6.997', 'learning_rate': '9.999e-05', 'epoch': '1.111'}
{'loss': '0.6652', 'grad_norm': '9.154', 'learning_rate': '9.995e-05', 'epoch': '1.296'}
{'loss': '0.8478', 'grad_norm': '14.07', 'learning_rate': '9.985e-05', 'epoch': '1.481'}
{'loss': '0.883', 'grad_norm': '7.411', 'learning_rate': '9.971e-05', 'epoch': '1.667'}
{'loss': '0.5771', 'grad_norm': '8.223', 'learning_rate': '9.953e-05', 'epoch': '1.852'}
{'eval_loss': '0.7264', 'eval_accuracy': '0.8073', 'eval_f1': '0.8035', 'eval_balanced_accuracy': '0.8073', 'eval_macro_f1': '0.8035', 'eval_atc': '0.4341', 'eval_normalized_atc': '0.04341', 'eval_target_recall': '0.9463', 'eval_target_fnr': '0.05366', 'eval_selection_score': '0.04748', 'eval_selection_accuracy_value': '0.8073', 'eval_nll': '0.7264', 'eval_brier': '0.3612', 'eval_ece': '0.1667', 'eval_auroc': '0.8026', 'eval_auprc': '0.732', 'eval_runtime': '4.112', 'eval_samples_per_second': '99.7', 'eval_steps_per_second': '6.323', 'epoch': '2'}
CustomImageProcessor configuration saved to checkpoints/stop3a_balanced_primary_breakhis_balanced_vit_ce_calibrated_cost_min_seed44/checkpoint-108/preprocessor_config.json
{'loss': '0.6474', 'grad_norm': '11.9', 'learning_rate': '9.929e-05', 'epoch': '2.037'}
{'loss': '0.8991', 'grad_norm': '32.06', 'learning_rate': '9.901e-05', 'epoch': '2.222'}
{'loss': '0.6668', 'grad_norm': '7.77', 'learning_rate': '9.869e-05', 'epoch': '2.407'}
{'loss': '0.5513', 'grad_norm': '17.48', 'learning_rate': '9.832e-05', 'epoch': '2.593'}
{'loss': '0.424', 'grad_norm': '6.131', 'learning_rate': '9.79e-05', 'epoch': '2.778'}
{'loss': '0.4448', 'grad_norm': '8.133', 'learning_rate': '9.744e-05', 'epoch': '2.963'}
{'eval_loss': '0.6981', 'eval_accuracy': '0.8317', 'eval_f1': '0.8276', 'eval_balanced_accuracy': '0.8317', 'eval_macro_f1': '0.8276', 'eval_atc': '0.2341', 'eval_normalized_atc': '0.02341', 'eval_target_recall': '0.9854', 'eval_target_fnr': '0.01463', 'eval_selection_score': '0.02375', 'eval_selection_accuracy_value': '0.8317', 'eval_nll': '0.6981', 'eval_brier': '0.3238', 'eval_ece': '0.1513', 'eval_auroc': '0.8607', 'eval_auprc': '0.8083', 'eval_runtime': '4.657', 'eval_samples_per_second': '88.04', 'eval_steps_per_second': '5.583', 'epoch': '3'}
CustomImageProcessor configuration saved to checkpoints/stop3a_balanced_primary_breakhis_balanced_vit_ce_calibrated_cost_min_seed44/checkpoint-162/preprocessor_config.json
{'loss': '0.2962', 'grad_norm': '12.47', 'learning_rate': '9.693e-05', 'epoch': '3.148'}
{'loss': '0.426', 'grad_norm': '5.255', 'learning_rate': '9.638e-05', 'epoch': '3.333'}
{'loss': '0.6413', 'grad_norm': '10.9', 'learning_rate': '9.579e-05', 'epoch': '3.519'}
{'loss': '0.4091', 'grad_norm': '9.083', 'learning_rate': '9.515e-05', 'epoch': '3.704'}
{'loss': '0.4136', 'grad_norm': '10.6', 'learning_rate': '9.447e-05', 'epoch': '3.889'}
{'eval_loss': '0.7526', 'eval_accuracy': '0.8195', 'eval_f1': '0.8144', 'eval_balanced_accuracy': '0.8195', 'eval_macro_f1': '0.8144', 'eval_atc': '0.2463', 'eval_normalized_atc': '0.02463', 'eval_target_recall': '0.9854', 'eval_target_fnr': '0.01463', 'eval_selection_score': '0.02556', 'eval_selection_accuracy_value': '0.8195', 'eval_nll': '0.7526', 'eval_brier': '0.3369', 'eval_ece': '0.1621', 'eval_auroc': '0.8628', 'eval_auprc': '0.8165', 'eval_runtime': '4.441', 'eval_samples_per_second': '92.32', 'eval_steps_per_second': '5.855', 'epoch': '4'}
CustomImageProcessor configuration saved to checkpoints/stop3a_balanced_primary_breakhis_balanced_vit_ce_calibrated_cost_min_seed44/checkpoint-216/preprocessor_config.json
{'loss': '0.5681', 'grad_norm': '7.29', 'learning_rate': '9.375e-05', 'epoch': '4.074'}
{'loss': '0.3482', 'grad_norm': '18.19', 'learning_rate': '9.299e-05', 'epoch': '4.259'}
{'loss': '0.5431', 'grad_norm': '10.95', 'learning_rate': '9.219e-05', 'epoch': '4.444'}
{'loss': '0.4713', 'grad_norm': '8.623', 'learning_rate': '9.135e-05', 'epoch': '4.63'}
{'loss': '0.3643', 'grad_norm': '20.36', 'learning_rate': '9.047e-05', 'epoch': '4.815'}
{'loss': '0.5825', 'grad_norm': '8.79', 'learning_rate': '8.955e-05', 'epoch': '5'}
{'eval_loss': '0.7461', 'eval_accuracy': '0.8', 'eval_f1': '0.7972', 'eval_balanced_accuracy': '0.8', 'eval_macro_f1': '0.7972', 'eval_atc': '0.5732', 'eval_normalized_atc': '0.05732', 'eval_target_recall': '0.9171', 'eval_target_fnr': '0.08293', 'eval_selection_score': '0.07102', 'eval_selection_accuracy_value': '0.8', 'eval_nll': '0.7461', 'eval_brier': '0.351', 'eval_ece': '0.1688', 'eval_auroc': '0.8514', 'eval_auprc': '0.8031', 'eval_runtime': '4.518', 'eval_samples_per_second': '90.74', 'eval_steps_per_second': '5.754', 'epoch': '5'}
CustomImageProcessor configuration saved to checkpoints/stop3a_balanced_primary_breakhis_balanced_vit_ce_calibrated_cost_min_seed44/checkpoint-270/preprocessor_config.json
{'loss': '0.3605', 'grad_norm': '10.12', 'learning_rate': '8.86e-05', 'epoch': '5.185'}
{'loss': '0.2146', 'grad_norm': '1.857', 'learning_rate': '8.76e-05', 'epoch': '5.37'}
{'loss': '0.2455', 'grad_norm': '0.4179', 'learning_rate': '8.658e-05', 'epoch': '5.556'}
{'loss': '0.3116', 'grad_norm': '5.13', 'learning_rate': '8.552e-05', 'epoch': '5.741'}
{'loss': '0.211', 'grad_norm': '1.461', 'learning_rate': '8.442e-05', 'epoch': '5.926'}
{'eval_loss': '0.8976', 'eval_accuracy': '0.822', 'eval_f1': '0.8176', 'eval_balanced_accuracy': '0.822', 'eval_macro_f1': '0.8176', 'eval_atc': '0.2878', 'eval_normalized_atc': '0.02878', 'eval_target_recall': '0.9756', 'eval_target_fnr': '0.02439', 'eval_selection_score': '0.02957', 'eval_selection_accuracy_value': '0.822', 'eval_nll': '0.8976', 'eval_brier': '0.3449', 'eval_ece': '0.171', 'eval_auroc': '0.8675', 'eval_auprc': '0.846', 'eval_runtime': '4.729', 'eval_samples_per_second': '86.69', 'eval_steps_per_second': '5.498', 'epoch': '6'}
CustomImageProcessor configuration saved to checkpoints/stop3a_balanced_primary_breakhis_balanced_vit_ce_calibrated_cost_min_seed44/checkpoint-324/preprocessor_config.json
{'train_runtime': '208.1', 'train_samples_per_second': '331.4', 'train_steps_per_second': '5.19', 'train_loss': '0.7353', 'epoch': '6'}
***** train metrics *****
  epoch                    =          6.0
  total_flos               = 1493053772GF
  train_loss               =       0.7353
  train_runtime            =   0:03:28.10
  train_samples_per_second =      331.371
  train_steps_per_second   =         5.19
Using device: cuda

============================================================
PERFORMING COMPREHENSIVE EVALUATION
============================================================
Results will be saved to: results/vit_test/stop3a_balanced_primary_breakhis_balanced_vit_ce_calibrated_cost_min_seed44_04-28_10-13
Saving run configuration...
Run configuration saved to: results/vit_test/stop3a_balanced_primary_breakhis_balanced_vit_ce_calibrated_cost_min_seed44_04-28_10-13/run_configuration_20260428_101344.json
Running model evaluation...
Computing detailed metrics...
Saving metrics to files...
Metrics saved to: results/vit_test/stop3a_balanced_primary_breakhis_balanced_vit_ce_calibrated_cost_min_seed44_04-28_10-13/metrics_20260428_101402_ce_calibrated_cost_min.json and results/vit_test/stop3a_balanced_primary_breakhis_balanced_vit_ce_calibrated_cost_min_seed44_04-28_10-13/metrics_20260428_101402_ce_calibrated_cost_min.txt
Creating confusion matrix visualizations...
Using provided class names: ['benign', 'malignant']
Confusion matrix visualizations (3-panel) saved to: results/vit_test/stop3a_balanced_primary_breakhis_balanced_vit_ce_calibrated_cost_min_seed44_04-28_10-13/confusion_matrix_20260428_101402_ce_calibrated_cost_min.png and results/vit_test/stop3a_balanced_primary_breakhis_balanced_vit_ce_calibrated_cost_min_seed44_04-28_10-13/confusion_matrix_20260428_101402_ce_calibrated_cost_min.pdf
Detailed confusion matrix saved to: results/vit_test/stop3a_balanced_primary_breakhis_balanced_vit_ce_calibrated_cost_min_seed44_04-28_10-13/confusion_matrix_detailed_20260428_101402_ce_calibrated_cost_min.png

============================================================
TRAINING COMPLETED - RESULTS SUMMARY
============================================================
Output Directory: results/vit_test/stop3a_balanced_primary_breakhis_balanced_vit_ce_calibrated_cost_min_seed44_04-28_10-13
Overall Accuracy: 0.9255
Balanced Accuracy: 0.9255
Overall F1 Score: 0.9253
Kappa: 0.8511
AUC: 0.9924
Expected Cost: 0.1862
Loss Function Used: ce_calibrated_cost_min
Total Test Samples: 564
Classes: benign, malignant

Detailed metrics and visualizations saved to: results/vit_test/stop3a_balanced_primary_breakhis_balanced_vit_ce_calibrated_cost_min_seed44_04-28_10-13
============================================================
