Prepared manifest loaded — Train=3448, Val=410, Calibration=538, Test=564
cuda
Using model backend=hf_auto type=vit with 2 labels
Early stopping enabled with patience=3
Using device: cuda
{'loss': '2.664', 'grad_norm': '3.07', 'learning_rate': '1.667e-05', 'epoch': '0.1852'}
{'loss': '2.352', 'grad_norm': '4.999', 'learning_rate': '3.519e-05', 'epoch': '0.3704'}
{'loss': '1.879', 'grad_norm': '5.896', 'learning_rate': '5.37e-05', 'epoch': '0.5556'}
{'loss': '1.559', 'grad_norm': '21.5', 'learning_rate': '7.222e-05', 'epoch': '0.7407'}
{'loss': '1.312', 'grad_norm': '13.09', 'learning_rate': '9.074e-05', 'epoch': '0.9259'}
{'eval_loss': '0.4417', 'eval_accuracy': '0.8341', 'eval_f1': '0.8333', 'eval_balanced_accuracy': '0.8341', 'eval_macro_f1': '0.8333', 'eval_atc': '0.5829', 'eval_normalized_atc': '0.05829', 'eval_target_recall': '0.9073', 'eval_target_fnr': '0.09268', 'eval_selection_score': '0.07426', 'eval_selection_accuracy_value': '0.8341', 'eval_nll': '0.4417', 'eval_brier': '0.2697', 'eval_ece': '0.06501', 'eval_auroc': '0.8776', 'eval_auprc': '0.8212', 'eval_runtime': '4.547', 'eval_samples_per_second': '90.17', 'eval_steps_per_second': '5.718', 'epoch': '1'}
CustomImageProcessor configuration saved to checkpoints/stop3a_balanced_primary_breakhis_balanced_vit_menon_logit_adjusted_seed44/checkpoint-54/preprocessor_config.json
{'loss': '1.038', 'grad_norm': '6.151', 'learning_rate': '9.999e-05', 'epoch': '1.111'}
{'loss': '0.6481', 'grad_norm': '5.475', 'learning_rate': '9.995e-05', 'epoch': '1.296'}
{'loss': '0.6576', 'grad_norm': '8.544', 'learning_rate': '9.985e-05', 'epoch': '1.481'}
{'loss': '0.8038', 'grad_norm': '4.601', 'learning_rate': '9.971e-05', 'epoch': '1.667'}
{'loss': '0.5633', 'grad_norm': '4.823', 'learning_rate': '9.953e-05', 'epoch': '1.852'}
{'eval_loss': '0.6594', 'eval_accuracy': '0.8024', 'eval_f1': '0.7988', 'eval_balanced_accuracy': '0.8024', 'eval_macro_f1': '0.7988', 'eval_atc': '0.4829', 'eval_normalized_atc': '0.04829', 'eval_target_recall': '0.9366', 'eval_target_fnr': '0.06341', 'eval_selection_score': '0.05502', 'eval_selection_accuracy_value': '0.8024', 'eval_nll': '0.6594', 'eval_brier': '0.3497', 'eval_ece': '0.1527', 'eval_auroc': '0.8222', 'eval_auprc': '0.7604', 'eval_runtime': '4.378', 'eval_samples_per_second': '93.65', 'eval_steps_per_second': '5.939', 'epoch': '2'}
CustomImageProcessor configuration saved to checkpoints/stop3a_balanced_primary_breakhis_balanced_vit_menon_logit_adjusted_seed44/checkpoint-108/preprocessor_config.json
{'loss': '0.7465', 'grad_norm': '19.1', 'learning_rate': '9.929e-05', 'epoch': '2.037'}
{'loss': '0.7615', 'grad_norm': '7.045', 'learning_rate': '9.901e-05', 'epoch': '2.222'}
{'loss': '0.4054', 'grad_norm': '2.626', 'learning_rate': '9.869e-05', 'epoch': '2.407'}
{'loss': '0.6595', 'grad_norm': '13.3', 'learning_rate': '9.832e-05', 'epoch': '2.593'}
{'loss': '0.5333', 'grad_norm': '15.45', 'learning_rate': '9.79e-05', 'epoch': '2.778'}
{'loss': '0.4664', 'grad_norm': '11.53', 'learning_rate': '9.744e-05', 'epoch': '2.963'}
{'eval_loss': '0.768', 'eval_accuracy': '0.8146', 'eval_f1': '0.808', 'eval_balanced_accuracy': '0.8146', 'eval_macro_f1': '0.808', 'eval_atc': '0.1854', 'eval_normalized_atc': '0.01854', 'eval_target_recall': '1', 'eval_target_fnr': '0', 'eval_selection_score': '0.01979', 'eval_selection_accuracy_value': '0.8146', 'eval_nll': '0.768', 'eval_brier': '0.3512', 'eval_ece': '0.1653', 'eval_auroc': '0.9124', 'eval_auprc': '0.9057', 'eval_runtime': '4.517', 'eval_samples_per_second': '90.77', 'eval_steps_per_second': '5.756', 'epoch': '3'}
CustomImageProcessor configuration saved to checkpoints/stop3a_balanced_primary_breakhis_balanced_vit_menon_logit_adjusted_seed44/checkpoint-162/preprocessor_config.json
{'loss': '0.452', 'grad_norm': '3.196', 'learning_rate': '9.693e-05', 'epoch': '3.148'}
{'loss': '0.4998', 'grad_norm': '22.4', 'learning_rate': '9.638e-05', 'epoch': '3.333'}
{'loss': '0.3907', 'grad_norm': '6.683', 'learning_rate': '9.579e-05', 'epoch': '3.519'}
{'loss': '0.4391', 'grad_norm': '11.28', 'learning_rate': '9.515e-05', 'epoch': '3.704'}
{'loss': '0.3944', 'grad_norm': '3.265', 'learning_rate': '9.447e-05', 'epoch': '3.889'}
{'eval_loss': '0.74', 'eval_accuracy': '0.8317', 'eval_f1': '0.8279', 'eval_balanced_accuracy': '0.8317', 'eval_macro_f1': '0.8279', 'eval_atc': '0.2561', 'eval_normalized_atc': '0.02561', 'eval_target_recall': '0.9805', 'eval_target_fnr': '0.01951', 'eval_selection_score': '0.02594', 'eval_selection_accuracy_value': '0.8317', 'eval_nll': '0.74', 'eval_brier': '0.3245', 'eval_ece': '0.1563', 'eval_auroc': '0.8624', 'eval_auprc': '0.8043', 'eval_runtime': '4.442', 'eval_samples_per_second': '92.3', 'eval_steps_per_second': '5.853', 'epoch': '4'}
CustomImageProcessor configuration saved to checkpoints/stop3a_balanced_primary_breakhis_balanced_vit_menon_logit_adjusted_seed44/checkpoint-216/preprocessor_config.json
{'loss': '0.4437', 'grad_norm': '13.17', 'learning_rate': '9.375e-05', 'epoch': '4.074'}
{'loss': '0.3997', 'grad_norm': '5.938', 'learning_rate': '9.299e-05', 'epoch': '4.259'}
{'loss': '0.3854', 'grad_norm': '10.62', 'learning_rate': '9.219e-05', 'epoch': '4.444'}
{'loss': '0.387', 'grad_norm': '7.018', 'learning_rate': '9.135e-05', 'epoch': '4.63'}
{'loss': '0.2902', 'grad_norm': '9.722', 'learning_rate': '9.047e-05', 'epoch': '4.815'}
{'loss': '0.3494', 'grad_norm': '9.924', 'learning_rate': '8.955e-05', 'epoch': '5'}
{'eval_loss': '0.8109', 'eval_accuracy': '0.8049', 'eval_f1': '0.8019', 'eval_balanced_accuracy': '0.8049', 'eval_macro_f1': '0.8019', 'eval_atc': '0.5244', 'eval_normalized_atc': '0.05244', 'eval_target_recall': '0.9268', 'eval_target_fnr': '0.07317', 'eval_selection_score': '0.06193', 'eval_selection_accuracy_value': '0.8049', 'eval_nll': '0.8109', 'eval_brier': '0.3642', 'eval_ece': '0.1786', 'eval_auroc': '0.8724', 'eval_auprc': '0.8509', 'eval_runtime': '4.745', 'eval_samples_per_second': '86.42', 'eval_steps_per_second': '5.48', 'epoch': '5'}
CustomImageProcessor configuration saved to checkpoints/stop3a_balanced_primary_breakhis_balanced_vit_menon_logit_adjusted_seed44/checkpoint-270/preprocessor_config.json
{'loss': '0.3546', 'grad_norm': '8.858', 'learning_rate': '8.86e-05', 'epoch': '5.185'}
{'loss': '0.4528', 'grad_norm': '14.61', 'learning_rate': '8.76e-05', 'epoch': '5.37'}
{'loss': '0.1907', 'grad_norm': '0.322', 'learning_rate': '8.658e-05', 'epoch': '5.556'}
{'loss': '0.3388', 'grad_norm': '14.86', 'learning_rate': '8.552e-05', 'epoch': '5.741'}
{'loss': '0.2198', 'grad_norm': '8.462', 'learning_rate': '8.442e-05', 'epoch': '5.926'}
{'eval_loss': '0.8861', 'eval_accuracy': '0.8293', 'eval_f1': '0.8247', 'eval_balanced_accuracy': '0.8293', 'eval_macro_f1': '0.8247', 'eval_atc': '0.2146', 'eval_normalized_atc': '0.02146', 'eval_target_recall': '0.9902', 'eval_target_fnr': '0.009756', 'eval_selection_score': '0.02189', 'eval_selection_accuracy_value': '0.8293', 'eval_nll': '0.8861', 'eval_brier': '0.3325', 'eval_ece': '0.1637', 'eval_auroc': '0.8714', 'eval_auprc': '0.8128', 'eval_runtime': '4.194', 'eval_samples_per_second': '97.75', 'eval_steps_per_second': '6.199', 'epoch': '6'}
CustomImageProcessor configuration saved to checkpoints/stop3a_balanced_primary_breakhis_balanced_vit_menon_logit_adjusted_seed44/checkpoint-324/preprocessor_config.json
{'train_runtime': '207.9', 'train_samples_per_second': '331.8', 'train_steps_per_second': '5.196', 'train_loss': '0.7117', 'epoch': '6'}
***** train metrics *****
  epoch                    =          6.0
  total_flos               = 1493053772GF
  train_loss               =       0.7117
  train_runtime            =   0:03:27.86
  train_samples_per_second =      331.753
  train_steps_per_second   =        5.196
Using device: cuda

============================================================
PERFORMING COMPREHENSIVE EVALUATION
============================================================
Results will be saved to: results/vit_test/stop3a_balanced_primary_breakhis_balanced_vit_menon_logit_adjusted_seed44_04-28_10-17
Saving run configuration...
Run configuration saved to: results/vit_test/stop3a_balanced_primary_breakhis_balanced_vit_menon_logit_adjusted_seed44_04-28_10-17/run_configuration_20260428_101754.json
Running model evaluation...
Computing detailed metrics...
Saving metrics to files...
Metrics saved to: results/vit_test/stop3a_balanced_primary_breakhis_balanced_vit_menon_logit_adjusted_seed44_04-28_10-17/metrics_20260428_101812_menon_logit_adjusted.json and results/vit_test/stop3a_balanced_primary_breakhis_balanced_vit_menon_logit_adjusted_seed44_04-28_10-17/metrics_20260428_101812_menon_logit_adjusted.txt
Creating confusion matrix visualizations...
Using provided class names: ['benign', 'malignant']
Confusion matrix visualizations (3-panel) saved to: results/vit_test/stop3a_balanced_primary_breakhis_balanced_vit_menon_logit_adjusted_seed44_04-28_10-17/confusion_matrix_20260428_101812_menon_logit_adjusted.png and results/vit_test/stop3a_balanced_primary_breakhis_balanced_vit_menon_logit_adjusted_seed44_04-28_10-17/confusion_matrix_20260428_101812_menon_logit_adjusted.pdf
Detailed confusion matrix saved to: results/vit_test/stop3a_balanced_primary_breakhis_balanced_vit_menon_logit_adjusted_seed44_04-28_10-17/confusion_matrix_detailed_20260428_101812_menon_logit_adjusted.png

============================================================
TRAINING COMPLETED - RESULTS SUMMARY
============================================================
Output Directory: results/vit_test/stop3a_balanced_primary_breakhis_balanced_vit_menon_logit_adjusted_seed44_04-28_10-17
Overall Accuracy: 0.8635
Balanced Accuracy: 0.8635
Overall F1 Score: 0.8610
Kappa: 0.7270
AUC: 0.9868
Expected Cost: 0.1525
Loss Function Used: menon_logit_adjusted
Total Test Samples: 564
Classes: benign, malignant

Detailed metrics and visualizations saved to: results/vit_test/stop3a_balanced_primary_breakhis_balanced_vit_menon_logit_adjusted_seed44_04-28_10-17
============================================================
