Prepared manifest loaded — Train=3448, Val=410, Calibration=538, Test=564
cuda
Using model backend=timm type=timm_dinov3_vit_lora with 2 labels
Early stopping enabled with patience=3
Using device: cuda
{'loss': '2.794', 'grad_norm': '2.849', 'learning_rate': '1.667e-05', 'epoch': '0.1852'}
{'loss': '2.848', 'grad_norm': '5.05', 'learning_rate': '3.519e-05', 'epoch': '0.3704'}
{'loss': '2.893', 'grad_norm': '1.796', 'learning_rate': '5.37e-05', 'epoch': '0.5556'}
{'loss': '2.933', 'grad_norm': '3.066', 'learning_rate': '7.222e-05', 'epoch': '0.7407'}
{'loss': '2.962', 'grad_norm': '1.962', 'learning_rate': '9.074e-05', 'epoch': '0.9259'}
{'eval_loss': '0.743', 'eval_accuracy': '0.5366', 'eval_f1': '0.4098', 'eval_balanced_accuracy': '0.5366', 'eval_macro_f1': '0.4098', 'eval_atc': '0.4634', 'eval_normalized_atc': '0.04634', 'eval_target_recall': '1', 'eval_target_fnr': '0', 'eval_selection_score': '0.1446', 'eval_selection_accuracy_value': '0.5366', 'eval_nll': '0.6779', 'eval_brier': '0.4848', 'eval_ece': '0.1232', 'eval_auroc': '0.8946', 'eval_auprc': '0.8588', 'eval_runtime': '4.173', 'eval_samples_per_second': '98.26', 'eval_steps_per_second': '6.231', 'epoch': '1'}
CustomImageProcessor configuration saved to checkpoints/stop3a_balanced_primary_breakhis_balanced_timm_dinov3_vit_lora_cs_regularized_ce_seed42/checkpoint-54/preprocessor_config.json
{'loss': '2.98', 'grad_norm': '2.754', 'learning_rate': '9.999e-05', 'epoch': '1.111'}
{'loss': '2.96', 'grad_norm': '2.375', 'learning_rate': '9.995e-05', 'epoch': '1.296'}
{'loss': '2.912', 'grad_norm': '2.85', 'learning_rate': '9.985e-05', 'epoch': '1.481'}
{'loss': '2.806', 'grad_norm': '4.573', 'learning_rate': '9.971e-05', 'epoch': '1.667'}
{'loss': '2.692', 'grad_norm': '4.36', 'learning_rate': '9.953e-05', 'epoch': '1.852'}
{'eval_loss': '0.6043', 'eval_accuracy': '0.8268', 'eval_f1': '0.8215', 'eval_balanced_accuracy': '0.8268', 'eval_macro_f1': '0.8215', 'eval_atc': '0.1732', 'eval_normalized_atc': '0.01732', 'eval_target_recall': '1', 'eval_target_fnr': '0', 'eval_selection_score': '0.01785', 'eval_selection_accuracy_value': '0.8268', 'eval_nll': '0.5572', 'eval_brier': '0.3682', 'eval_ece': '0.1904', 'eval_auroc': '0.9025', 'eval_auprc': '0.8608', 'eval_runtime': '4.053', 'eval_samples_per_second': '101.2', 'eval_steps_per_second': '6.416', 'epoch': '2'}
CustomImageProcessor configuration saved to checkpoints/stop3a_balanced_primary_breakhis_balanced_timm_dinov3_vit_lora_cs_regularized_ce_seed42/checkpoint-108/preprocessor_config.json
{'loss': '2.538', 'grad_norm': '4.849', 'learning_rate': '9.929e-05', 'epoch': '2.037'}
{'loss': '2.406', 'grad_norm': '4.791', 'learning_rate': '9.901e-05', 'epoch': '2.222'}
{'loss': '2.19', 'grad_norm': '4.854', 'learning_rate': '9.869e-05', 'epoch': '2.407'}
{'loss': '1.993', 'grad_norm': '4.156', 'learning_rate': '9.832e-05', 'epoch': '2.593'}
{'loss': '1.902', 'grad_norm': '3.497', 'learning_rate': '9.79e-05', 'epoch': '2.778'}
{'loss': '1.664', 'grad_norm': '4.14', 'learning_rate': '9.744e-05', 'epoch': '2.963'}
{'eval_loss': '0.4387', 'eval_accuracy': '0.8585', 'eval_f1': '0.8556', 'eval_balanced_accuracy': '0.8585', 'eval_macro_f1': '0.8556', 'eval_atc': '0.1415', 'eval_normalized_atc': '0.01415', 'eval_target_recall': '1', 'eval_target_fnr': '0', 'eval_selection_score': '0.01415', 'eval_selection_accuracy_value': '0.8585', 'eval_nll': '0.4159', 'eval_brier': '0.2471', 'eval_ece': '0.09496', 'eval_auroc': '0.8943', 'eval_auprc': '0.8437', 'eval_runtime': '3.773', 'eval_samples_per_second': '108.7', 'eval_steps_per_second': '6.891', 'epoch': '3'}
CustomImageProcessor configuration saved to checkpoints/stop3a_balanced_primary_breakhis_balanced_timm_dinov3_vit_lora_cs_regularized_ce_seed42/checkpoint-162/preprocessor_config.json
{'loss': '1.521', 'grad_norm': '6.644', 'learning_rate': '9.693e-05', 'epoch': '3.148'}
{'loss': '1.614', 'grad_norm': '13.91', 'learning_rate': '9.638e-05', 'epoch': '3.333'}
{'loss': '1.337', 'grad_norm': '5.987', 'learning_rate': '9.579e-05', 'epoch': '3.519'}
{'loss': '1.363', 'grad_norm': '5.817', 'learning_rate': '9.515e-05', 'epoch': '3.704'}
{'loss': '1.364', 'grad_norm': '8.666', 'learning_rate': '9.447e-05', 'epoch': '3.889'}
{'eval_loss': '0.4684', 'eval_accuracy': '0.8341', 'eval_f1': '0.8305', 'eval_balanced_accuracy': '0.8341', 'eval_macro_f1': '0.8305', 'eval_atc': '0.2537', 'eval_normalized_atc': '0.02537', 'eval_target_recall': '0.9805', 'eval_target_fnr': '0.01951', 'eval_selection_score': '0.02562', 'eval_selection_accuracy_value': '0.8341', 'eval_nll': '0.4527', 'eval_brier': '0.2644', 'eval_ece': '0.08065', 'eval_auroc': '0.8723', 'eval_auprc': '0.7966', 'eval_runtime': '4.296', 'eval_samples_per_second': '95.44', 'eval_steps_per_second': '6.052', 'epoch': '4'}
CustomImageProcessor configuration saved to checkpoints/stop3a_balanced_primary_breakhis_balanced_timm_dinov3_vit_lora_cs_regularized_ce_seed42/checkpoint-216/preprocessor_config.json
{'loss': '1.36', 'grad_norm': '4.627', 'learning_rate': '9.375e-05', 'epoch': '4.074'}
{'loss': '1.181', 'grad_norm': '4.103', 'learning_rate': '9.299e-05', 'epoch': '4.259'}
{'loss': '1.215', 'grad_norm': '13.47', 'learning_rate': '9.219e-05', 'epoch': '4.444'}
{'loss': '1.188', 'grad_norm': '4.763', 'learning_rate': '9.135e-05', 'epoch': '4.63'}
{'loss': '1.139', 'grad_norm': '4.166', 'learning_rate': '9.047e-05', 'epoch': '4.815'}
{'loss': '1.03', 'grad_norm': '5.837', 'learning_rate': '8.955e-05', 'epoch': '5'}
{'eval_loss': '0.4946', 'eval_accuracy': '0.8268', 'eval_f1': '0.8247', 'eval_balanced_accuracy': '0.8268', 'eval_macro_f1': '0.8247', 'eval_atc': '0.4585', 'eval_normalized_atc': '0.04585', 'eval_target_recall': '0.9366', 'eval_target_fnr': '0.06341', 'eval_selection_score': '0.05086', 'eval_selection_accuracy_value': '0.8268', 'eval_nll': '0.4745', 'eval_brier': '0.277', 'eval_ece': '0.0683', 'eval_auroc': '0.8648', 'eval_auprc': '0.8021', 'eval_runtime': '3.81', 'eval_samples_per_second': '107.6', 'eval_steps_per_second': '6.825', 'epoch': '5'}
CustomImageProcessor configuration saved to checkpoints/stop3a_balanced_primary_breakhis_balanced_timm_dinov3_vit_lora_cs_regularized_ce_seed42/checkpoint-270/preprocessor_config.json
{'loss': '1.024', 'grad_norm': '10.92', 'learning_rate': '8.86e-05', 'epoch': '5.185'}
{'loss': '1.193', 'grad_norm': '9.035', 'learning_rate': '8.76e-05', 'epoch': '5.37'}
{'loss': '0.898', 'grad_norm': '5.309', 'learning_rate': '8.658e-05', 'epoch': '5.556'}
{'loss': '1.102', 'grad_norm': '10.42', 'learning_rate': '8.552e-05', 'epoch': '5.741'}
{'loss': '0.9943', 'grad_norm': '5.961', 'learning_rate': '8.442e-05', 'epoch': '5.926'}
{'eval_loss': '0.5111', 'eval_accuracy': '0.8463', 'eval_f1': '0.8439', 'eval_balanced_accuracy': '0.8463', 'eval_macro_f1': '0.8439', 'eval_atc': '0.2854', 'eval_normalized_atc': '0.02854', 'eval_target_recall': '0.9707', 'eval_target_fnr': '0.02927', 'eval_selection_score': '0.02855', 'eval_selection_accuracy_value': '0.8463', 'eval_nll': '0.4968', 'eval_brier': '0.2718', 'eval_ece': '0.08153', 'eval_auroc': '0.8554', 'eval_auprc': '0.7513', 'eval_runtime': '4.102', 'eval_samples_per_second': '99.94', 'eval_steps_per_second': '6.338', 'epoch': '6'}
CustomImageProcessor configuration saved to checkpoints/stop3a_balanced_primary_breakhis_balanced_timm_dinov3_vit_lora_cs_regularized_ce_seed42/checkpoint-324/preprocessor_config.json
{'train_runtime': '165.4', 'train_samples_per_second': '416.8', 'train_steps_per_second': '6.528', 'train_loss': '1.894', 'epoch': '6'}
***** train metrics *****
  epoch                    =        6.0
  total_flos               =        0GF
  train_loss               =     1.8936
  train_runtime            = 0:02:45.43
  train_samples_per_second =    416.838
  train_steps_per_second   =      6.528
Using device: cuda

============================================================
PERFORMING COMPREHENSIVE EVALUATION
============================================================
Results will be saved to: results/timm_dinov3_vit_lora_test/stop3a_balanced_primary_breakhis_balanced_timm_dinov3_vit_lora_cs_regularized_ce_seed42_04-28_10-41
Saving run configuration...
Run configuration saved to: results/timm_dinov3_vit_lora_test/stop3a_balanced_primary_breakhis_balanced_timm_dinov3_vit_lora_cs_regularized_ce_seed42_04-28_10-41/run_configuration_20260428_104153.json
Running model evaluation...
Computing detailed metrics...
Saving metrics to files...
Metrics saved to: results/timm_dinov3_vit_lora_test/stop3a_balanced_primary_breakhis_balanced_timm_dinov3_vit_lora_cs_regularized_ce_seed42_04-28_10-41/metrics_20260428_104210_cs_regularized_ce.json and results/timm_dinov3_vit_lora_test/stop3a_balanced_primary_breakhis_balanced_timm_dinov3_vit_lora_cs_regularized_ce_seed42_04-28_10-41/metrics_20260428_104210_cs_regularized_ce.txt
Creating confusion matrix visualizations...
Using provided class names: ['benign', 'malignant']
Confusion matrix visualizations (3-panel) saved to: results/timm_dinov3_vit_lora_test/stop3a_balanced_primary_breakhis_balanced_timm_dinov3_vit_lora_cs_regularized_ce_seed42_04-28_10-41/confusion_matrix_20260428_104210_cs_regularized_ce.png and results/timm_dinov3_vit_lora_test/stop3a_balanced_primary_breakhis_balanced_timm_dinov3_vit_lora_cs_regularized_ce_seed42_04-28_10-41/confusion_matrix_20260428_104210_cs_regularized_ce.pdf
Detailed confusion matrix saved to: results/timm_dinov3_vit_lora_test/stop3a_balanced_primary_breakhis_balanced_timm_dinov3_vit_lora_cs_regularized_ce_seed42_04-28_10-41/confusion_matrix_detailed_20260428_104210_cs_regularized_ce.png

============================================================
TRAINING COMPLETED - RESULTS SUMMARY
============================================================
Output Directory: results/timm_dinov3_vit_lora_test/stop3a_balanced_primary_breakhis_balanced_timm_dinov3_vit_lora_cs_regularized_ce_seed42_04-28_10-41
Overall Accuracy: 0.9131
Balanced Accuracy: 0.9131
Overall F1 Score: 0.9125
Kappa: 0.8262
AUC: 0.9668
Expected Cost: 0.8528
Loss Function Used: cs_regularized_ce
Total Test Samples: 564
Classes: benign, malignant

Detailed metrics and visualizations saved to: results/timm_dinov3_vit_lora_test/stop3a_balanced_primary_breakhis_balanced_timm_dinov3_vit_lora_cs_regularized_ce_seed42_04-28_10-41
============================================================
