Prepared manifest loaded — Train=3448, Val=410, Calibration=538, Test=564
cuda
Using model backend=timm type=timm_dinov3_vit_lora with 2 labels
Early stopping enabled with patience=3
Using device: cuda
{'loss': '2.772', 'grad_norm': '2.958', 'learning_rate': '1.667e-05', 'epoch': '0.1852'}
{'loss': '2.771', 'grad_norm': '4.617', 'learning_rate': '3.519e-05', 'epoch': '0.3704'}
{'loss': '2.766', 'grad_norm': '1.806', 'learning_rate': '5.37e-05', 'epoch': '0.5556'}
{'loss': '2.756', 'grad_norm': '3.393', 'learning_rate': '7.222e-05', 'epoch': '0.7407'}
{'loss': '2.745', 'grad_norm': '2.122', 'learning_rate': '9.074e-05', 'epoch': '0.9259'}
{'eval_loss': '0.6777', 'eval_accuracy': '0.739', 'eval_f1': '0.7207', 'eval_balanced_accuracy': '0.739', 'eval_macro_f1': '0.7207', 'eval_atc': '0.2829', 'eval_normalized_atc': '0.02829', 'eval_target_recall': '0.9951', 'eval_target_fnr': '0.004878', 'eval_selection_score': '0.04061', 'eval_selection_accuracy_value': '0.739', 'eval_nll': '0.6777', 'eval_brier': '0.4846', 'eval_ece': '0.2257', 'eval_auroc': '0.902', 'eval_auprc': '0.8733', 'eval_runtime': '4.054', 'eval_samples_per_second': '101.1', 'eval_steps_per_second': '6.414', 'epoch': '1'}
CustomImageProcessor configuration saved to checkpoints/stop3a_balanced_primary_breakhis_balanced_timm_dinov3_vit_lora_ce_seed44/checkpoint-54/preprocessor_config.json
{'loss': '2.723', 'grad_norm': '2.825', 'learning_rate': '9.999e-05', 'epoch': '1.111'}
{'loss': '2.698', 'grad_norm': '2.295', 'learning_rate': '9.995e-05', 'epoch': '1.296'}
{'loss': '2.656', 'grad_norm': '2.708', 'learning_rate': '9.985e-05', 'epoch': '1.481'}
{'loss': '2.564', 'grad_norm': '4.137', 'learning_rate': '9.971e-05', 'epoch': '1.667'}
{'loss': '2.461', 'grad_norm': '3.957', 'learning_rate': '9.953e-05', 'epoch': '1.852'}
{'eval_loss': '0.5519', 'eval_accuracy': '0.8317', 'eval_f1': '0.8271', 'eval_balanced_accuracy': '0.8317', 'eval_macro_f1': '0.8271', 'eval_atc': '0.1902', 'eval_normalized_atc': '0.01902', 'eval_target_recall': '0.9951', 'eval_target_fnr': '0.004878', 'eval_selection_score': '0.01936', 'eval_selection_accuracy_value': '0.8317', 'eval_nll': '0.5519', 'eval_brier': '0.3619', 'eval_ece': '0.2098', 'eval_auroc': '0.9056', 'eval_auprc': '0.8657', 'eval_runtime': '3.801', 'eval_samples_per_second': '107.9', 'eval_steps_per_second': '6.84', 'epoch': '2'}
CustomImageProcessor configuration saved to checkpoints/stop3a_balanced_primary_breakhis_balanced_timm_dinov3_vit_lora_ce_seed44/checkpoint-108/preprocessor_config.json
{'loss': '2.317', 'grad_norm': '4.477', 'learning_rate': '9.929e-05', 'epoch': '2.037'}
{'loss': '2.198', 'grad_norm': '4.42', 'learning_rate': '9.901e-05', 'epoch': '2.222'}
{'loss': '1.995', 'grad_norm': '4.27', 'learning_rate': '9.869e-05', 'epoch': '2.407'}
{'loss': '1.821', 'grad_norm': '3.979', 'learning_rate': '9.832e-05', 'epoch': '2.593'}
{'loss': '1.745', 'grad_norm': '2.836', 'learning_rate': '9.79e-05', 'epoch': '2.778'}
{'loss': '1.501', 'grad_norm': '3.787', 'learning_rate': '9.744e-05', 'epoch': '2.963'}
{'eval_loss': '0.402', 'eval_accuracy': '0.8512', 'eval_f1': '0.8485', 'eval_balanced_accuracy': '0.8512', 'eval_macro_f1': '0.8485', 'eval_atc': '0.2146', 'eval_normalized_atc': '0.02146', 'eval_target_recall': '0.9854', 'eval_target_fnr': '0.01463', 'eval_selection_score': '0.02146', 'eval_selection_accuracy_value': '0.8512', 'eval_nll': '0.402', 'eval_brier': '0.2396', 'eval_ece': '0.04737', 'eval_auroc': '0.8986', 'eval_auprc': '0.8535', 'eval_runtime': '4.021', 'eval_samples_per_second': '102', 'eval_steps_per_second': '6.466', 'epoch': '3'}
CustomImageProcessor configuration saved to checkpoints/stop3a_balanced_primary_breakhis_balanced_timm_dinov3_vit_lora_ce_seed44/checkpoint-162/preprocessor_config.json
{'loss': '1.387', 'grad_norm': '6.232', 'learning_rate': '9.693e-05', 'epoch': '3.148'}
{'loss': '1.438', 'grad_norm': '11.69', 'learning_rate': '9.638e-05', 'epoch': '3.333'}
{'loss': '1.254', 'grad_norm': '5.903', 'learning_rate': '9.579e-05', 'epoch': '3.519'}
{'loss': '1.249', 'grad_norm': '5.849', 'learning_rate': '9.515e-05', 'epoch': '3.704'}
{'loss': '1.215', 'grad_norm': '8.516', 'learning_rate': '9.447e-05', 'epoch': '3.889'}
{'eval_loss': '0.4303', 'eval_accuracy': '0.8415', 'eval_f1': '0.8383', 'eval_balanced_accuracy': '0.8415', 'eval_macro_f1': '0.8383', 'eval_atc': '0.2463', 'eval_normalized_atc': '0.02463', 'eval_target_recall': '0.9805', 'eval_target_fnr': '0.01951', 'eval_selection_score': '0.02471', 'eval_selection_accuracy_value': '0.8415', 'eval_nll': '0.4303', 'eval_brier': '0.255', 'eval_ece': '0.04611', 'eval_auroc': '0.8797', 'eval_auprc': '0.8202', 'eval_runtime': '4.025', 'eval_samples_per_second': '101.9', 'eval_steps_per_second': '6.459', 'epoch': '4'}
CustomImageProcessor configuration saved to checkpoints/stop3a_balanced_primary_breakhis_balanced_timm_dinov3_vit_lora_ce_seed44/checkpoint-216/preprocessor_config.json
{'loss': '1.244', 'grad_norm': '4.762', 'learning_rate': '9.375e-05', 'epoch': '4.074'}
{'loss': '1.067', 'grad_norm': '4.465', 'learning_rate': '9.299e-05', 'epoch': '4.259'}
{'loss': '1.088', 'grad_norm': '12.56', 'learning_rate': '9.219e-05', 'epoch': '4.444'}
{'loss': '1.064', 'grad_norm': '3.868', 'learning_rate': '9.135e-05', 'epoch': '4.63'}
{'loss': '1.048', 'grad_norm': '4.655', 'learning_rate': '9.047e-05', 'epoch': '4.815'}
{'loss': '0.9255', 'grad_norm': '9.022', 'learning_rate': '8.955e-05', 'epoch': '5'}
{'eval_loss': '0.4524', 'eval_accuracy': '0.8463', 'eval_f1': '0.8443', 'eval_balanced_accuracy': '0.8463', 'eval_macro_f1': '0.8443', 'eval_atc': '0.3293', 'eval_normalized_atc': '0.03293', 'eval_target_recall': '0.961', 'eval_target_fnr': '0.03902', 'eval_selection_score': '0.03327', 'eval_selection_accuracy_value': '0.8463', 'eval_nll': '0.4524', 'eval_brier': '0.2618', 'eval_ece': '0.06241', 'eval_auroc': '0.8691', 'eval_auprc': '0.8026', 'eval_runtime': '3.881', 'eval_samples_per_second': '105.6', 'eval_steps_per_second': '6.699', 'epoch': '5'}
CustomImageProcessor configuration saved to checkpoints/stop3a_balanced_primary_breakhis_balanced_timm_dinov3_vit_lora_ce_seed44/checkpoint-270/preprocessor_config.json
{'train_runtime': '137', 'train_samples_per_second': '503.4', 'train_steps_per_second': '7.885', 'train_loss': '1.906', 'epoch': '5'}
***** train metrics *****
  epoch                    =        5.0
  total_flos               =        0GF
  train_loss               =     1.9061
  train_runtime            = 0:02:16.97
  train_samples_per_second =    503.448
  train_steps_per_second   =      7.885
Using device: cuda

============================================================
PERFORMING COMPREHENSIVE EVALUATION
============================================================
Results will be saved to: results/timm_dinov3_vit_lora_test/stop3a_balanced_primary_breakhis_balanced_timm_dinov3_vit_lora_ce_seed44_04-28_11-12
Saving run configuration...
Run configuration saved to: results/timm_dinov3_vit_lora_test/stop3a_balanced_primary_breakhis_balanced_timm_dinov3_vit_lora_ce_seed44_04-28_11-12/run_configuration_20260428_111258.json
Running model evaluation...
Computing detailed metrics...
Saving metrics to files...
Metrics saved to: results/timm_dinov3_vit_lora_test/stop3a_balanced_primary_breakhis_balanced_timm_dinov3_vit_lora_ce_seed44_04-28_11-12/metrics_20260428_111315_ce.json and results/timm_dinov3_vit_lora_test/stop3a_balanced_primary_breakhis_balanced_timm_dinov3_vit_lora_ce_seed44_04-28_11-12/metrics_20260428_111315_ce.txt
Creating confusion matrix visualizations...
Using provided class names: ['benign', 'malignant']
Confusion matrix visualizations (3-panel) saved to: results/timm_dinov3_vit_lora_test/stop3a_balanced_primary_breakhis_balanced_timm_dinov3_vit_lora_ce_seed44_04-28_11-12/confusion_matrix_20260428_111315_ce.png and results/timm_dinov3_vit_lora_test/stop3a_balanced_primary_breakhis_balanced_timm_dinov3_vit_lora_ce_seed44_04-28_11-12/confusion_matrix_20260428_111315_ce.pdf
Detailed confusion matrix saved to: results/timm_dinov3_vit_lora_test/stop3a_balanced_primary_breakhis_balanced_timm_dinov3_vit_lora_ce_seed44_04-28_11-12/confusion_matrix_detailed_20260428_111315_ce.png

============================================================
TRAINING COMPLETED - RESULTS SUMMARY
============================================================
Output Directory: results/timm_dinov3_vit_lora_test/stop3a_balanced_primary_breakhis_balanced_timm_dinov3_vit_lora_ce_seed44_04-28_11-12
Overall Accuracy: 0.9043
Balanced Accuracy: 0.9043
Overall F1 Score: 0.9040
Kappa: 0.8085
AUC: 0.9480
Expected Cost: 0.7660
Loss Function Used: ce
Total Test Samples: 564
Classes: benign, malignant

Detailed metrics and visualizations saved to: results/timm_dinov3_vit_lora_test/stop3a_balanced_primary_breakhis_balanced_timm_dinov3_vit_lora_ce_seed44_04-28_11-12
============================================================
