Prepared manifest loaded — Train=256, Val=64, Calibration=64, Test=64
cuda
Using model backend=hf_auto type=vit with 2 labels
Early stopping enabled with patience=2
Using device: cuda
{'eval_loss': '0.5879', 'eval_accuracy': '0.8594', 'eval_f1': '0.8565', 'eval_balanced_accuracy': '0.8594', 'eval_macro_f1': '0.8565', 'eval_atc': '0.1406', 'eval_normalized_atc': '0.01406', 'eval_target_recall': '1', 'eval_target_fnr': '0', 'eval_selection_score': '0.01406', 'eval_selection_accuracy_value': '0.8594', 'eval_nll': '0.5879', 'eval_brier': '0.3964', 'eval_ece': '0.2826', 'eval_auroc': '0.9141', 'eval_auprc': '0.9063', 'eval_runtime': '1.983', 'eval_samples_per_second': '32.27', 'eval_steps_per_second': '2.017', 'epoch': '1'}
CustomImageProcessor configuration saved to checkpoints/stop2b_threshold_breakhis_vit_ce/checkpoint-4/preprocessor_config.json
{'eval_loss': '0.4267', 'eval_accuracy': '0.875', 'eval_f1': '0.873', 'eval_balanced_accuracy': '0.875', 'eval_macro_f1': '0.873', 'eval_atc': '0.125', 'eval_normalized_atc': '0.0125', 'eval_target_recall': '1', 'eval_target_fnr': '0', 'eval_selection_score': '0.0125', 'eval_selection_accuracy_value': '0.875', 'eval_nll': '0.4267', 'eval_brier': '0.2518', 'eval_ece': '0.1532', 'eval_auroc': '0.9375', 'eval_auprc': '0.9329', 'eval_runtime': '1.964', 'eval_samples_per_second': '32.59', 'eval_steps_per_second': '2.037', 'epoch': '2'}
CustomImageProcessor configuration saved to checkpoints/stop2b_threshold_breakhis_vit_ce/checkpoint-8/preprocessor_config.json
{'loss': '2.365', 'grad_norm': '6.252', 'learning_rate': '8.716e-05', 'epoch': '2.5'}
{'eval_loss': '0.4114', 'eval_accuracy': '0.8594', 'eval_f1': '0.8577', 'eval_balanced_accuracy': '0.8594', 'eval_macro_f1': '0.8577', 'eval_atc': '0.2812', 'eval_normalized_atc': '0.02813', 'eval_target_recall': '0.9688', 'eval_target_fnr': '0.03125', 'eval_selection_score': '0.02813', 'eval_selection_accuracy_value': '0.8594', 'eval_nll': '0.4114', 'eval_brier': '0.2457', 'eval_ece': '0.08914', 'eval_auroc': '0.8867', 'eval_auprc': '0.871', 'eval_runtime': '1.911', 'eval_samples_per_second': '33.49', 'eval_steps_per_second': '2.093', 'epoch': '3'}
CustomImageProcessor configuration saved to checkpoints/stop2b_threshold_breakhis_vit_ce/checkpoint-12/preprocessor_config.json
{'eval_loss': '0.4534', 'eval_accuracy': '0.8125', 'eval_f1': '0.8108', 'eval_balanced_accuracy': '0.8125', 'eval_macro_f1': '0.8108', 'eval_atc': '0.6094', 'eval_normalized_atc': '0.06094', 'eval_target_recall': '0.9062', 'eval_target_fnr': '0.09375', 'eval_selection_score': '0.0786', 'eval_selection_accuracy_value': '0.8125', 'eval_nll': '0.4534', 'eval_brier': '0.2821', 'eval_ece': '0.0906', 'eval_auroc': '0.8584', 'eval_auprc': '0.8311', 'eval_runtime': '1.828', 'eval_samples_per_second': '35.01', 'eval_steps_per_second': '2.188', 'epoch': '4'}
CustomImageProcessor configuration saved to checkpoints/stop2b_threshold_breakhis_vit_ce/checkpoint-16/preprocessor_config.json
{'train_runtime': '18.4', 'train_samples_per_second': '111.3', 'train_steps_per_second': '1.739', 'train_loss': '1.971', 'epoch': '4'}
***** train metrics *****
  epoch                    =        4.0
  total_flos               = 73902120GF
  train_loss               =     1.9714
  train_runtime            = 0:00:18.40
  train_samples_per_second =    111.278
  train_steps_per_second   =      1.739
Using device: cuda

============================================================
PERFORMING COMPREHENSIVE EVALUATION
============================================================
Results will be saved to: results/vit_test/stop2b_threshold_breakhis_vit_ce_04-28_07-23
Saving run configuration...
Run configuration saved to: results/vit_test/stop2b_threshold_breakhis_vit_ce_04-28_07-23/run_configuration_20260428_072344.json
Running model evaluation...
Computing detailed metrics...
Saving metrics to files...
Metrics saved to: results/vit_test/stop2b_threshold_breakhis_vit_ce_04-28_07-23/metrics_20260428_072350_ce.json and results/vit_test/stop2b_threshold_breakhis_vit_ce_04-28_07-23/metrics_20260428_072350_ce.txt
Creating confusion matrix visualizations...
Using provided class names: ['benign', 'malignant']
Confusion matrix visualizations (3-panel) saved to: results/vit_test/stop2b_threshold_breakhis_vit_ce_04-28_07-23/confusion_matrix_20260428_072350_ce.png and results/vit_test/stop2b_threshold_breakhis_vit_ce_04-28_07-23/confusion_matrix_20260428_072350_ce.pdf
Detailed confusion matrix saved to: results/vit_test/stop2b_threshold_breakhis_vit_ce_04-28_07-23/confusion_matrix_detailed_20260428_072350_ce.png

============================================================
TRAINING COMPLETED - RESULTS SUMMARY
============================================================
Output Directory: results/vit_test/stop2b_threshold_breakhis_vit_ce_04-28_07-23
Overall Accuracy: 0.9531
Balanced Accuracy: 0.9531
Overall F1 Score: 0.9530
Kappa: 0.9062
AUC: 0.9619
Expected Cost: 0.4688
Loss Function Used: ce
Total Test Samples: 64
Classes: benign, malignant

Detailed metrics and visualizations saved to: results/vit_test/stop2b_threshold_breakhis_vit_ce_04-28_07-23
============================================================
