Prepared manifest loaded — Train=970, Val=310, Calibration=0, Test=320
cuda
Using model backend=timm type=pmi10_sota_convnext_base with 10 labels
Early stopping enabled with patience=5
Using device: cuda
{'loss': '9.677', 'grad_norm': '20', 'learning_rate': '1.731e-06', 'epoch': '0.6557'}
{'eval_loss': '2.346', 'eval_accuracy': '0.07742', 'eval_f1': '0.01904', 'eval_balanced_accuracy': '0.07742', 'eval_macro_f1': '0.01904', 'eval_atc': '0.9226', 'eval_normalized_atc': '0.09226', 'eval_target_recall': '0', 'eval_target_recall_macro': '0.008065', 'eval_target_fnr': '1', 'eval_selection_score': '3.854', 'eval_selection_accuracy_value': '0.07742', 'eval_nll': '2.28', 'eval_brier': '0.8988', 'eval_ece': '0.08456', 'eval_auroc': '0', 'eval_auprc': '0', 'eval_runtime': '4.927', 'eval_samples_per_second': '62.92', 'eval_steps_per_second': '4.059', 'epoch': '1'}
CustomImageProcessor configuration saved to checkpoints/run_nicme_v3_hybrid_pretty_lr1e5_s42/checkpoint-16/preprocessor_config.json
{'loss': '8.651', 'grad_norm': '16.51', 'learning_rate': '3.654e-06', 'epoch': '1.262'}
{'loss': '8.913', 'grad_norm': '19.34', 'learning_rate': '5.577e-06', 'epoch': '1.918'}
{'eval_loss': '2.116', 'eval_accuracy': '0.4097', 'eval_f1': '0.376', 'eval_balanced_accuracy': '0.4097', 'eval_macro_f1': '0.376', 'eval_atc': '1.026', 'eval_normalized_atc': '0.1026', 'eval_target_recall': '0.1613', 'eval_target_recall_macro': '0.3952', 'eval_target_fnr': '0.6129', 'eval_selection_score': '2.438', 'eval_selection_accuracy_value': '0.4097', 'eval_nll': '2.03', 'eval_brier': '0.834', 'eval_ece': '0.2546', 'eval_auroc': '0', 'eval_auprc': '0', 'eval_runtime': '3.763', 'eval_samples_per_second': '82.38', 'eval_steps_per_second': '5.315', 'epoch': '2'}
CustomImageProcessor configuration saved to checkpoints/run_nicme_v3_hybrid_pretty_lr1e5_s42/checkpoint-32/preprocessor_config.json
{'loss': '7.59', 'grad_norm': '18.15', 'learning_rate': '7.5e-06', 'epoch': '2.525'}
{'eval_loss': '1.695', 'eval_accuracy': '0.5806', 'eval_f1': '0.5481', 'eval_balanced_accuracy': '0.5806', 'eval_macro_f1': '0.5481', 'eval_atc': '0.7968', 'eval_normalized_atc': '0.07968', 'eval_target_recall': '0.06452', 'eval_target_recall_macro': '0.5484', 'eval_target_fnr': '0.3871', 'eval_selection_score': '2.92', 'eval_selection_accuracy_value': '0.5806', 'eval_nll': '1.604', 'eval_brier': '0.6951', 'eval_ece': '0.3122', 'eval_auroc': '0', 'eval_auprc': '0', 'eval_runtime': '3.889', 'eval_samples_per_second': '79.72', 'eval_steps_per_second': '5.143', 'epoch': '3'}
CustomImageProcessor configuration saved to checkpoints/run_nicme_v3_hybrid_pretty_lr1e5_s42/checkpoint-48/preprocessor_config.json
{'loss': '6.545', 'grad_norm': '25.08', 'learning_rate': '9.423e-06', 'epoch': '3.131'}
{'loss': '5.81', 'grad_norm': '22.17', 'learning_rate': '9.994e-06', 'epoch': '3.787'}
{'eval_loss': '1.19', 'eval_accuracy': '0.6968', 'eval_f1': '0.6682', 'eval_balanced_accuracy': '0.6968', 'eval_macro_f1': '0.6682', 'eval_atc': '0.7968', 'eval_normalized_atc': '0.07968', 'eval_target_recall': '0.129', 'eval_target_recall_macro': '0.6694', 'eval_target_fnr': '0.1935', 'eval_selection_score': '2.468', 'eval_selection_accuracy_value': '0.6968', 'eval_nll': '1.088', 'eval_brier': '0.5133', 'eval_ece': '0.2686', 'eval_auroc': '0', 'eval_auprc': '0', 'eval_runtime': '3.979', 'eval_samples_per_second': '77.9', 'eval_steps_per_second': '5.026', 'epoch': '4'}
CustomImageProcessor configuration saved to checkpoints/run_nicme_v3_hybrid_pretty_lr1e5_s42/checkpoint-64/preprocessor_config.json
{'loss': '4.209', 'grad_norm': '18.69', 'learning_rate': '9.966e-06', 'epoch': '4.393'}
{'loss': '3.683', 'grad_norm': '20.65', 'learning_rate': '9.915e-06', 'epoch': '5'}
{'eval_loss': '0.8733', 'eval_accuracy': '0.7774', 'eval_f1': '0.7661', 'eval_balanced_accuracy': '0.7774', 'eval_macro_f1': '0.7661', 'eval_atc': '0.6581', 'eval_normalized_atc': '0.06581', 'eval_target_recall': '0.3226', 'eval_target_recall_macro': '0.7097', 'eval_target_fnr': '0.3226', 'eval_selection_score': '1.4', 'eval_selection_accuracy_value': '0.7774', 'eval_nll': '0.7663', 'eval_brier': '0.3762', 'eval_ece': '0.2157', 'eval_auroc': '0', 'eval_auprc': '0', 'eval_runtime': '3.99', 'eval_samples_per_second': '77.69', 'eval_steps_per_second': '5.012', 'epoch': '5'}
CustomImageProcessor configuration saved to checkpoints/run_nicme_v3_hybrid_pretty_lr1e5_s42/checkpoint-80/preprocessor_config.json
{'loss': '2.989', 'grad_norm': '23', 'learning_rate': '9.841e-06', 'epoch': '5.656'}
{'eval_loss': '0.6427', 'eval_accuracy': '0.8387', 'eval_f1': '0.8333', 'eval_balanced_accuracy': '0.8387', 'eval_macro_f1': '0.8333', 'eval_atc': '0.4516', 'eval_normalized_atc': '0.04516', 'eval_target_recall': '0.4516', 'eval_target_recall_macro': '0.7742', 'eval_target_fnr': '0.2258', 'eval_selection_score': '0.8494', 'eval_selection_accuracy_value': '0.8387', 'eval_nll': '0.5532', 'eval_brier': '0.2641', 'eval_ece': '0.1794', 'eval_auroc': '0', 'eval_auprc': '0', 'eval_runtime': '3.896', 'eval_samples_per_second': '79.57', 'eval_steps_per_second': '5.134', 'epoch': '6'}
CustomImageProcessor configuration saved to checkpoints/run_nicme_v3_hybrid_pretty_lr1e5_s42/checkpoint-96/preprocessor_config.json
{'loss': '2.471', 'grad_norm': '45.57', 'learning_rate': '9.745e-06', 'epoch': '6.262'}
{'loss': '2.23', 'grad_norm': '30.63', 'learning_rate': '9.626e-06', 'epoch': '6.918'}
{'eval_loss': '0.5407', 'eval_accuracy': '0.8806', 'eval_f1': '0.8807', 'eval_balanced_accuracy': '0.8806', 'eval_macro_f1': '0.8807', 'eval_atc': '0.1774', 'eval_normalized_atc': '0.01774', 'eval_target_recall': '0.6774', 'eval_target_recall_macro': '0.9032', 'eval_target_fnr': '0', 'eval_selection_score': '0.2159', 'eval_selection_accuracy_value': '0.8806', 'eval_nll': '0.4807', 'eval_brier': '0.233', 'eval_ece': '0.1714', 'eval_auroc': '0', 'eval_auprc': '0', 'eval_runtime': '4.004', 'eval_samples_per_second': '77.42', 'eval_steps_per_second': '4.995', 'epoch': '7'}
CustomImageProcessor configuration saved to checkpoints/run_nicme_v3_hybrid_pretty_lr1e5_s42/checkpoint-112/preprocessor_config.json
{'loss': '1.64', 'grad_norm': '29.42', 'learning_rate': '9.486e-06', 'epoch': '7.525'}
{'eval_loss': '0.4067', 'eval_accuracy': '0.929', 'eval_f1': '0.9287', 'eval_balanced_accuracy': '0.929', 'eval_macro_f1': '0.9287', 'eval_atc': '0.129', 'eval_normalized_atc': '0.0129', 'eval_target_recall': '0.7742', 'eval_target_recall_macro': '0.9355', 'eval_target_fnr': '0', 'eval_selection_score': '0.07621', 'eval_selection_accuracy_value': '0.929', 'eval_nll': '0.3479', 'eval_brier': '0.1568', 'eval_ece': '0.1664', 'eval_auroc': '0', 'eval_auprc': '0', 'eval_runtime': '3.761', 'eval_samples_per_second': '82.43', 'eval_steps_per_second': '5.318', 'epoch': '8'}
CustomImageProcessor configuration saved to checkpoints/run_nicme_v3_hybrid_pretty_lr1e5_s42/checkpoint-128/preprocessor_config.json
{'loss': '1.491', 'grad_norm': '19.26', 'learning_rate': '9.324e-06', 'epoch': '8.131'}
{'loss': '1.337', 'grad_norm': '46.56', 'learning_rate': '9.143e-06', 'epoch': '8.787'}
{'eval_loss': '0.3392', 'eval_accuracy': '0.9516', 'eval_f1': '0.9513', 'eval_balanced_accuracy': '0.9516', 'eval_macro_f1': '0.9513', 'eval_atc': '0.07742', 'eval_normalized_atc': '0.007742', 'eval_target_recall': '0.8065', 'eval_target_recall_macro': '0.9355', 'eval_target_fnr': '0', 'eval_selection_score': '0.04275', 'eval_selection_accuracy_value': '0.9516', 'eval_nll': '0.2932', 'eval_brier': '0.1251', 'eval_ece': '0.1463', 'eval_auroc': '0', 'eval_auprc': '0', 'eval_runtime': '4.045', 'eval_samples_per_second': '76.64', 'eval_steps_per_second': '4.945', 'epoch': '9'}
CustomImageProcessor configuration saved to checkpoints/run_nicme_v3_hybrid_pretty_lr1e5_s42/checkpoint-144/preprocessor_config.json
{'loss': '1.113', 'grad_norm': '55.54', 'learning_rate': '8.942e-06', 'epoch': '9.393'}
{'loss': '0.9826', 'grad_norm': '22.54', 'learning_rate': '8.723e-06', 'epoch': '10'}
{'eval_loss': '0.2685', 'eval_accuracy': '0.9645', 'eval_f1': '0.9641', 'eval_balanced_accuracy': '0.9645', 'eval_macro_f1': '0.9641', 'eval_atc': '0.06452', 'eval_normalized_atc': '0.006452', 'eval_target_recall': '0.8065', 'eval_target_recall_macro': '0.9516', 'eval_target_fnr': '0', 'eval_selection_score': '0.04146', 'eval_selection_accuracy_value': '0.9645', 'eval_nll': '0.2321', 'eval_brier': '0.0963', 'eval_ece': '0.1221', 'eval_auroc': '0', 'eval_auprc': '0', 'eval_runtime': '4.212', 'eval_samples_per_second': '73.6', 'eval_steps_per_second': '4.748', 'epoch': '10'}
CustomImageProcessor configuration saved to checkpoints/run_nicme_v3_hybrid_pretty_lr1e5_s42/checkpoint-160/preprocessor_config.json
{'loss': '0.844', 'grad_norm': '29.63', 'learning_rate': '8.487e-06', 'epoch': '10.66'}
{'eval_loss': '0.2401', 'eval_accuracy': '0.9613', 'eval_f1': '0.9609', 'eval_balanced_accuracy': '0.9613', 'eval_macro_f1': '0.9609', 'eval_atc': '0.06774', 'eval_normalized_atc': '0.006774', 'eval_target_recall': '0.8065', 'eval_target_recall_macro': '0.9516', 'eval_target_fnr': '0', 'eval_selection_score': '0.04178', 'eval_selection_accuracy_value': '0.9613', 'eval_nll': '0.2133', 'eval_brier': '0.08963', 'eval_ece': '0.1042', 'eval_auroc': '0', 'eval_auprc': '0', 'eval_runtime': '3.793', 'eval_samples_per_second': '81.74', 'eval_steps_per_second': '5.273', 'epoch': '11'}
CustomImageProcessor configuration saved to checkpoints/run_nicme_v3_hybrid_pretty_lr1e5_s42/checkpoint-176/preprocessor_config.json
{'loss': '0.7503', 'grad_norm': '19.75', 'learning_rate': '8.234e-06', 'epoch': '11.26'}
{'loss': '0.6765', 'grad_norm': '16.42', 'learning_rate': '7.966e-06', 'epoch': '11.92'}
{'eval_loss': '0.1947', 'eval_accuracy': '0.971', 'eval_f1': '0.9703', 'eval_balanced_accuracy': '0.971', 'eval_macro_f1': '0.9703', 'eval_atc': '0.05806', 'eval_normalized_atc': '0.005806', 'eval_target_recall': '0.8065', 'eval_target_recall_macro': '0.9516', 'eval_target_fnr': '0', 'eval_selection_score': '0.04081', 'eval_selection_accuracy_value': '0.971', 'eval_nll': '0.1676', 'eval_brier': '0.06509', 'eval_ece': '0.08779', 'eval_auroc': '0', 'eval_auprc': '0', 'eval_runtime': '4.087', 'eval_samples_per_second': '75.85', 'eval_steps_per_second': '4.894', 'epoch': '12'}
CustomImageProcessor configuration saved to checkpoints/run_nicme_v3_hybrid_pretty_lr1e5_s42/checkpoint-192/preprocessor_config.json
{'loss': '0.5607', 'grad_norm': '32.27', 'learning_rate': '7.685e-06', 'epoch': '12.52'}
{'eval_loss': '0.227', 'eval_accuracy': '0.9516', 'eval_f1': '0.9517', 'eval_balanced_accuracy': '0.9516', 'eval_macro_f1': '0.9517', 'eval_atc': '0.04839', 'eval_normalized_atc': '0.004839', 'eval_target_recall': '0.8387', 'eval_target_recall_macro': '0.9516', 'eval_target_fnr': '0', 'eval_selection_score': '0.01986', 'eval_selection_accuracy_value': '0.9516', 'eval_nll': '0.1942', 'eval_brier': '0.08616', 'eval_ece': '0.08577', 'eval_auroc': '0', 'eval_auprc': '0', 'eval_runtime': '4.183', 'eval_samples_per_second': '74.1', 'eval_steps_per_second': '4.781', 'epoch': '13'}
CustomImageProcessor configuration saved to checkpoints/run_nicme_v3_hybrid_pretty_lr1e5_s42/checkpoint-208/preprocessor_config.json
{'loss': '0.4756', 'grad_norm': '36.49', 'learning_rate': '7.391e-06', 'epoch': '13.13'}
{'loss': '0.5118', 'grad_norm': '46.42', 'learning_rate': '7.086e-06', 'epoch': '13.79'}
{'eval_loss': '0.1748', 'eval_accuracy': '0.9774', 'eval_f1': '0.9772', 'eval_balanced_accuracy': '0.9774', 'eval_macro_f1': '0.9772', 'eval_atc': '0.04516', 'eval_normalized_atc': '0.004516', 'eval_target_recall': '0.871', 'eval_target_recall_macro': '0.9597', 'eval_target_fnr': '0', 'eval_selection_score': '0.007888', 'eval_selection_accuracy_value': '0.9774', 'eval_nll': '0.1459', 'eval_brier': '0.05921', 'eval_ece': '0.08092', 'eval_auroc': '0', 'eval_auprc': '0', 'eval_runtime': '3.79', 'eval_samples_per_second': '81.8', 'eval_steps_per_second': '5.278', 'epoch': '14'}
CustomImageProcessor configuration saved to checkpoints/run_nicme_v3_hybrid_pretty_lr1e5_s42/checkpoint-224/preprocessor_config.json
{'loss': '0.4262', 'grad_norm': '41.75', 'learning_rate': '6.771e-06', 'epoch': '14.39'}
{'loss': '0.3324', 'grad_norm': '8.335', 'learning_rate': '6.447e-06', 'epoch': '15'}
{'eval_loss': '0.1517', 'eval_accuracy': '0.9742', 'eval_f1': '0.9741', 'eval_balanced_accuracy': '0.9742', 'eval_macro_f1': '0.9741', 'eval_atc': '0.02581', 'eval_normalized_atc': '0.002581', 'eval_target_recall': '0.871', 'eval_target_recall_macro': '0.9677', 'eval_target_fnr': '0', 'eval_selection_score': '0.005952', 'eval_selection_accuracy_value': '0.9742', 'eval_nll': '0.133', 'eval_brier': '0.05415', 'eval_ece': '0.06122', 'eval_auroc': '0', 'eval_auprc': '0', 'eval_runtime': '3.781', 'eval_samples_per_second': '81.98', 'eval_steps_per_second': '5.289', 'epoch': '15'}
CustomImageProcessor configuration saved to checkpoints/run_nicme_v3_hybrid_pretty_lr1e5_s42/checkpoint-240/preprocessor_config.json
{'loss': '0.3211', 'grad_norm': '12.39', 'learning_rate': '6.117e-06', 'epoch': '15.66'}
{'eval_loss': '0.1571', 'eval_accuracy': '0.9677', 'eval_f1': '0.9674', 'eval_balanced_accuracy': '0.9677', 'eval_macro_f1': '0.9674', 'eval_atc': '0.07742', 'eval_normalized_atc': '0.007742', 'eval_target_recall': '0.8387', 'eval_target_recall_macro': '0.9435', 'eval_target_fnr': '0', 'eval_selection_score': '0.02277', 'eval_selection_accuracy_value': '0.9677', 'eval_nll': '0.1286', 'eval_brier': '0.05286', 'eval_ece': '0.0649', 'eval_auroc': '0', 'eval_auprc': '0', 'eval_runtime': '3.652', 'eval_samples_per_second': '84.87', 'eval_steps_per_second': '5.476', 'epoch': '16'}
CustomImageProcessor configuration saved to checkpoints/run_nicme_v3_hybrid_pretty_lr1e5_s42/checkpoint-256/preprocessor_config.json
{'loss': '0.3174', 'grad_norm': '17.63', 'learning_rate': '5.782e-06', 'epoch': '16.26'}
{'loss': '0.2775', 'grad_norm': '37.74', 'learning_rate': '5.443e-06', 'epoch': '16.92'}
{'eval_loss': '0.1172', 'eval_accuracy': '0.9806', 'eval_f1': '0.9802', 'eval_balanced_accuracy': '0.9806', 'eval_macro_f1': '0.9802', 'eval_atc': '0.01935', 'eval_normalized_atc': '0.001935', 'eval_target_recall': '0.8387', 'eval_target_recall_macro': '0.9597', 'eval_target_fnr': '0', 'eval_selection_score': '0.01696', 'eval_selection_accuracy_value': '0.9806', 'eval_nll': '0.1036', 'eval_brier': '0.03908', 'eval_ece': '0.05297', 'eval_auroc': '0', 'eval_auprc': '0', 'eval_runtime': '4.061', 'eval_samples_per_second': '76.33', 'eval_steps_per_second': '4.924', 'epoch': '17'}
CustomImageProcessor configuration saved to checkpoints/run_nicme_v3_hybrid_pretty_lr1e5_s42/checkpoint-272/preprocessor_config.json
{'loss': '0.2429', 'grad_norm': '23.65', 'learning_rate': '5.102e-06', 'epoch': '17.52'}
{'eval_loss': '0.1228', 'eval_accuracy': '0.9742', 'eval_f1': '0.9734', 'eval_balanced_accuracy': '0.9742', 'eval_macro_f1': '0.9734', 'eval_atc': '0.05484', 'eval_normalized_atc': '0.005484', 'eval_target_recall': '0.8065', 'eval_target_recall_macro': '0.9516', 'eval_target_fnr': '0', 'eval_selection_score': '0.04049', 'eval_selection_accuracy_value': '0.9742', 'eval_nll': '0.1112', 'eval_brier': '0.04557', 'eval_ece': '0.04823', 'eval_auroc': '0', 'eval_auprc': '0', 'eval_runtime': '3.989', 'eval_samples_per_second': '77.71', 'eval_steps_per_second': '5.014', 'epoch': '18'}
CustomImageProcessor configuration saved to checkpoints/run_nicme_v3_hybrid_pretty_lr1e5_s42/checkpoint-288/preprocessor_config.json
{'loss': '0.2617', 'grad_norm': '11.29', 'learning_rate': '4.761e-06', 'epoch': '18.13'}
{'loss': '0.2499', 'grad_norm': '22.37', 'learning_rate': '4.421e-06', 'epoch': '18.79'}
{'eval_loss': '0.1108', 'eval_accuracy': '0.9806', 'eval_f1': '0.9804', 'eval_balanced_accuracy': '0.9806', 'eval_macro_f1': '0.9804', 'eval_atc': '0.01935', 'eval_normalized_atc': '0.001935', 'eval_target_recall': '0.871', 'eval_target_recall_macro': '0.9677', 'eval_target_fnr': '0', 'eval_selection_score': '0.005307', 'eval_selection_accuracy_value': '0.9806', 'eval_nll': '0.09801', 'eval_brier': '0.0379', 'eval_ece': '0.0552', 'eval_auroc': '0', 'eval_auprc': '0', 'eval_runtime': '3.942', 'eval_samples_per_second': '78.64', 'eval_steps_per_second': '5.074', 'epoch': '19'}
CustomImageProcessor configuration saved to checkpoints/run_nicme_v3_hybrid_pretty_lr1e5_s42/checkpoint-304/preprocessor_config.json
{'train_runtime': '297.1', 'train_samples_per_second': '104.5', 'train_steps_per_second': '1.724', 'train_loss': '2.489', 'epoch': '19'}
***** train metrics *****
  epoch                    =       19.0
  total_flos               =        0GF
  train_loss               =     2.4887
  train_runtime            = 0:04:57.05
  train_samples_per_second =    104.492
  train_steps_per_second   =      1.724
Using device: cuda

============================================================
PERFORMING COMPREHENSIVE EVALUATION
============================================================
Results will be saved to: results/pmi10_sota_convnext_base_test/run_nicme_v3_hybrid_pretty_lr1e5_s42_05-02_22-10
Saving run configuration...
Run configuration saved to: results/pmi10_sota_convnext_base_test/run_nicme_v3_hybrid_pretty_lr1e5_s42_05-02_22-10/run_configuration_20260502_221015.json
Running model evaluation...
Computing detailed metrics...
Saving metrics to files...
Metrics saved to: results/pmi10_sota_convnext_base_test/run_nicme_v3_hybrid_pretty_lr1e5_s42_05-02_22-10/metrics_20260502_221023_nicme_v3_hybrid.json and results/pmi10_sota_convnext_base_test/run_nicme_v3_hybrid_pretty_lr1e5_s42_05-02_22-10/metrics_20260502_221023_nicme_v3_hybrid.txt
Using provided class names: ['00378-0208', '00378-3855', '00591-0461', '16729-0020', '50111-0434', '53489-0156', '53746-0544', '62037-0831', '68382-0008', '68382-0227']
Skipping confusion matrix visualizations by configuration.

============================================================
TRAINING COMPLETED - RESULTS SUMMARY
============================================================
Output Directory: results/pmi10_sota_convnext_base_test/run_nicme_v3_hybrid_pretty_lr1e5_s42_05-02_22-10
Overall Accuracy: 0.9688
Balanced Accuracy: 0.9688
Overall F1 Score: 0.9688
Kappa: 0.9653
AUC: 0.9980
Expected Cost: 0.1375
Loss Function Used: nicme_v3_hybrid
Total Test Samples: 320
Classes: 00378-0208, 00378-3855, 00591-0461, 16729-0020, 50111-0434, 53489-0156, 53746-0544, 62037-0831, 68382-0008, 68382-0227

Detailed metrics saved to: results/pmi10_sota_convnext_base_test/run_nicme_v3_hybrid_pretty_lr1e5_s42_05-02_22-10
============================================================
