Prepared manifest loaded — Train=970, Val=310, Calibration=0, Test=320
cuda
Using model backend=timm type=pmi10_sota_convnext_base with 10 labels
Loaded initial checkpoint: checkpoints/run_ce_anchor_pretty_lr1e5_s42/checkpoint-224/model.safetensors
Early stopping enabled with patience=3
Using device: cuda
{'loss': '0.7032', 'grad_norm': '28.08', 'learning_rate': '5.625e-06', 'epoch': '0.6557'}
{'eval_loss': '0.275', 'eval_accuracy': '0.971', 'eval_f1': '0.9706', 'eval_balanced_accuracy': '0.971', 'eval_macro_f1': '0.9706', 'eval_atc': '0.02903', 'eval_normalized_atc': '0.002903', 'eval_target_recall': '0.8387', 'eval_target_recall_macro': '0.9597', 'eval_target_fnr': '0', 'eval_selection_score': '0.01793', 'eval_selection_accuracy_value': '0.971', 'eval_nll': '0.1505', 'eval_brier': '0.06446', 'eval_ece': '0.06721', 'eval_auroc': '0', 'eval_auprc': '0', 'eval_runtime': '4.627', 'eval_samples_per_second': '67', 'eval_steps_per_second': '4.323', 'epoch': '1'}
CustomImageProcessor configuration saved to checkpoints/run_ap_csada_lr1e5_s42/checkpoint-16/preprocessor_config.json
{'loss': '0.7137', 'grad_norm': '61.76', 'learning_rate': '9.989e-06', 'epoch': '1.262'}
{'loss': '0.4989', 'grad_norm': '46.38', 'learning_rate': '9.8e-06', 'epoch': '1.918'}
{'eval_loss': '0.1834', 'eval_accuracy': '0.9742', 'eval_f1': '0.974', 'eval_balanced_accuracy': '0.9742', 'eval_macro_f1': '0.974', 'eval_atc': '0.02581', 'eval_normalized_atc': '0.002581', 'eval_target_recall': '0.871', 'eval_target_recall_macro': '0.9677', 'eval_target_fnr': '0', 'eval_selection_score': '0.005952', 'eval_selection_accuracy_value': '0.9742', 'eval_nll': '0.106', 'eval_brier': '0.04252', 'eval_ece': '0.0432', 'eval_auroc': '0', 'eval_auprc': '0', 'eval_runtime': '3.523', 'eval_samples_per_second': '88', 'eval_steps_per_second': '5.677', 'epoch': '2'}
CustomImageProcessor configuration saved to checkpoints/run_ap_csada_lr1e5_s42/checkpoint-32/preprocessor_config.json
{'loss': '0.4361', 'grad_norm': '21.68', 'learning_rate': '9.384e-06', 'epoch': '2.525'}
{'eval_loss': '0.1831', 'eval_accuracy': '0.9677', 'eval_f1': '0.9675', 'eval_balanced_accuracy': '0.9677', 'eval_macro_f1': '0.9675', 'eval_atc': '0.06129', 'eval_normalized_atc': '0.006129', 'eval_target_recall': '0.871', 'eval_target_recall_macro': '0.9677', 'eval_target_fnr': '0', 'eval_selection_score': '0.009501', 'eval_selection_accuracy_value': '0.9677', 'eval_nll': '0.1174', 'eval_brier': '0.05454', 'eval_ece': '0.04769', 'eval_auroc': '0', 'eval_auprc': '0', 'eval_runtime': '4.192', 'eval_samples_per_second': '73.96', 'eval_steps_per_second': '4.771', 'epoch': '3'}
CustomImageProcessor configuration saved to checkpoints/run_ap_csada_lr1e5_s42/checkpoint-48/preprocessor_config.json
{'loss': '0.4732', 'grad_norm': '55.19', 'learning_rate': '8.759e-06', 'epoch': '3.131'}
{'loss': '0.3462', 'grad_norm': '20.85', 'learning_rate': '7.957e-06', 'epoch': '3.787'}
{'eval_loss': '0.1692', 'eval_accuracy': '0.9774', 'eval_f1': '0.9773', 'eval_balanced_accuracy': '0.9774', 'eval_macro_f1': '0.9773', 'eval_atc': '0.02258', 'eval_normalized_atc': '0.002258', 'eval_target_recall': '0.9355', 'eval_target_recall_macro': '0.9839', 'eval_target_fnr': '0', 'eval_selection_score': '0.002258', 'eval_selection_accuracy_value': '0.9774', 'eval_nll': '0.09633', 'eval_brier': '0.04158', 'eval_ece': '0.03794', 'eval_auroc': '0', 'eval_auprc': '0', 'eval_runtime': '4.116', 'eval_samples_per_second': '75.31', 'eval_steps_per_second': '4.859', 'epoch': '4'}
CustomImageProcessor configuration saved to checkpoints/run_ap_csada_lr1e5_s42/checkpoint-64/preprocessor_config.json
{'loss': '0.3161', 'grad_norm': '34.93', 'learning_rate': '7.014e-06', 'epoch': '4.393'}
{'loss': '0.2677', 'grad_norm': '3.766', 'learning_rate': '5.975e-06', 'epoch': '5'}
{'eval_loss': '0.1401', 'eval_accuracy': '0.971', 'eval_f1': '0.9706', 'eval_balanced_accuracy': '0.971', 'eval_macro_f1': '0.9706', 'eval_atc': '0.05806', 'eval_normalized_atc': '0.005806', 'eval_target_recall': '0.8387', 'eval_target_recall_macro': '0.9597', 'eval_target_fnr': '0', 'eval_selection_score': '0.02083', 'eval_selection_accuracy_value': '0.971', 'eval_nll': '0.09105', 'eval_brier': '0.04099', 'eval_ece': '0.01904', 'eval_auroc': '0', 'eval_auprc': '0', 'eval_runtime': '3.766', 'eval_samples_per_second': '82.31', 'eval_steps_per_second': '5.31', 'epoch': '5'}
CustomImageProcessor configuration saved to checkpoints/run_ap_csada_lr1e5_s42/checkpoint-80/preprocessor_config.json
{'loss': '0.1814', 'grad_norm': '9.808', 'learning_rate': '4.891e-06', 'epoch': '5.656'}
{'eval_loss': '0.1264', 'eval_accuracy': '0.9839', 'eval_f1': '0.9836', 'eval_balanced_accuracy': '0.9839', 'eval_macro_f1': '0.9836', 'eval_atc': '0.01613', 'eval_normalized_atc': '0.001613', 'eval_target_recall': '0.871', 'eval_target_recall_macro': '0.9677', 'eval_target_fnr': '0', 'eval_selection_score': '0.004984', 'eval_selection_accuracy_value': '0.9839', 'eval_nll': '0.08114', 'eval_brier': '0.0328', 'eval_ece': '0.02714', 'eval_auroc': '0', 'eval_auprc': '0', 'eval_runtime': '4.385', 'eval_samples_per_second': '70.69', 'eval_steps_per_second': '4.561', 'epoch': '6'}
CustomImageProcessor configuration saved to checkpoints/run_ap_csada_lr1e5_s42/checkpoint-96/preprocessor_config.json
{'loss': '0.1835', 'grad_norm': '19.62', 'learning_rate': '3.812e-06', 'epoch': '6.262'}
{'loss': '0.1465', 'grad_norm': '11.91', 'learning_rate': '2.789e-06', 'epoch': '6.918'}
{'eval_loss': '0.1239', 'eval_accuracy': '0.9806', 'eval_f1': '0.9804', 'eval_balanced_accuracy': '0.9806', 'eval_macro_f1': '0.9804', 'eval_atc': '0.01935', 'eval_normalized_atc': '0.001935', 'eval_target_recall': '0.871', 'eval_target_recall_macro': '0.9677', 'eval_target_fnr': '0', 'eval_selection_score': '0.005307', 'eval_selection_accuracy_value': '0.9806', 'eval_nll': '0.08191', 'eval_brier': '0.03508', 'eval_ece': '0.01893', 'eval_auroc': '0', 'eval_auprc': '0', 'eval_runtime': '3.899', 'eval_samples_per_second': '79.5', 'eval_steps_per_second': '5.129', 'epoch': '7'}
CustomImageProcessor configuration saved to checkpoints/run_ap_csada_lr1e5_s42/checkpoint-112/preprocessor_config.json
{'train_runtime': '112', 'train_samples_per_second': '86.58', 'train_steps_per_second': '1.428', 'train_loss': '0.3828', 'epoch': '7'}
***** train metrics *****
  epoch                    =        7.0
  total_flos               =        0GF
  train_loss               =     0.3828
  train_runtime            = 0:01:52.04
  train_samples_per_second =     86.575
  train_steps_per_second   =      1.428
Using device: cuda

============================================================
PERFORMING COMPREHENSIVE EVALUATION
============================================================
Results will be saved to: results/pmi10_sota_convnext_base_test/run_ap_csada_lr1e5_s42_05-02_22-41
Saving run configuration...
Run configuration saved to: results/pmi10_sota_convnext_base_test/run_ap_csada_lr1e5_s42_05-02_22-41/run_configuration_20260502_224135.json
Running model evaluation...
Computing detailed metrics...
Saving metrics to files...
Metrics saved to: results/pmi10_sota_convnext_base_test/run_ap_csada_lr1e5_s42_05-02_22-41/metrics_20260502_224144_ap_csada.json and results/pmi10_sota_convnext_base_test/run_ap_csada_lr1e5_s42_05-02_22-41/metrics_20260502_224144_ap_csada.txt
Using provided class names: ['00378-0208', '00378-3855', '00591-0461', '16729-0020', '50111-0434', '53489-0156', '53746-0544', '62037-0831', '68382-0008', '68382-0227']
Skipping confusion matrix visualizations by configuration.

============================================================
TRAINING COMPLETED - RESULTS SUMMARY
============================================================
Output Directory: results/pmi10_sota_convnext_base_test/run_ap_csada_lr1e5_s42_05-02_22-41
Overall Accuracy: 0.9563
Balanced Accuracy: 0.9563
Overall F1 Score: 0.9565
Kappa: 0.9514
AUC: 0.9985
Expected Cost: 0.1500
Loss Function Used: ap_csada
Total Test Samples: 320
Classes: 00378-0208, 00378-3855, 00591-0461, 16729-0020, 50111-0434, 53489-0156, 53746-0544, 62037-0831, 68382-0008, 68382-0227

Detailed metrics saved to: results/pmi10_sota_convnext_base_test/run_ap_csada_lr1e5_s42_05-02_22-41
============================================================
