cuDNN disabled for this run
Prepared manifest loaded — Train=1940, Val=320, Calibration=300, Test=640
cuda
Using model backend=hf_auto type=convnext with 20 labels
Early stopping enabled with patience=3
Using device: cuda
{'eval_loss': '2.998', 'eval_accuracy': '0.06875', 'eval_f1': '0.04055', 'eval_balanced_accuracy': '0.08222', 'eval_macro_f1': '0.04055', 'eval_atc': '0.9313', 'eval_normalized_atc': '0.09312', 'eval_target_recall': '0', 'eval_target_recall_macro': '0', 'eval_target_fnr': '1', 'eval_selection_score': '3.848', 'eval_selection_accuracy_value': '0.08222', 'eval_nll': '2.975', 'eval_brier': '0.948', 'eval_ece': '0.0117', 'eval_auroc': '0', 'eval_auprc': '0', 'eval_runtime': '2.636', 'eval_samples_per_second': '60.7', 'eval_steps_per_second': '3.794', 'epoch': '1'}
CustomImageProcessor configuration saved to checkpoints/mc1_pmi_pills_balanced_cnx_nicme_hybrid_s42_multiclass_mc1_pmi_hardened_20260430_mc1_a1_d13561aa/checkpoint-5/preprocessor_config.json
{'train_runtime': '5.164', 'train_samples_per_second': '61.96', 'train_steps_per_second': '0.968', 'train_loss': '3.01', 'epoch': '1'}
***** train metrics *****
  epoch                    =        1.0
  total_flos               =  7492345GF
  train_loss               =     3.0102
  train_runtime            = 0:00:05.16
  train_samples_per_second =     61.964
  train_steps_per_second   =      0.968
Using device: cuda

============================================================
PERFORMING COMPREHENSIVE EVALUATION
============================================================
Results will be saved to: results/convnext_test/mc1_pmi_pills_balanced_cnx_nicme_hybrid_s42_multiclass_mc1_pmi_hardened_20260430_mc1_a1_d13561aa_04-30_15-48
Saving run configuration...
Run configuration saved to: results/convnext_test/mc1_pmi_pills_balanced_cnx_nicme_hybrid_s42_multiclass_mc1_pmi_hardened_20260430_mc1_a1_d13561aa_04-30_15-48/run_configuration_20260430_154829.json
Running model evaluation...
Computing detailed metrics...
Saving metrics to files...
Metrics saved to: results/convnext_test/mc1_pmi_pills_balanced_cnx_nicme_hybrid_s42_multiclass_mc1_pmi_hardened_20260430_mc1_a1_d13561aa_04-30_15-48/metrics_20260430_154837_nicme_hybrid.json and results/convnext_test/mc1_pmi_pills_balanced_cnx_nicme_hybrid_s42_multiclass_mc1_pmi_hardened_20260430_mc1_a1_d13561aa_04-30_15-48/metrics_20260430_154837_nicme_hybrid.txt
Using provided class names: ['00378-0208', '00378-3855', '00591-0461', '16729-0020', '16729-0168', '50111-0434', '53489-0156', '53746-0544', '57664-0377', '62037-0831', '62037-0832', '64380-0803', '65162-0253', '67253-0901', '68382-0008', '68382-0227', '69097-0127', '69097-0128', '69315-0904', '69315-0905']
Skipping confusion matrix visualizations by configuration.

============================================================
TRAINING COMPLETED - RESULTS SUMMARY
============================================================
Output Directory: results/convnext_test/mc1_pmi_pills_balanced_cnx_nicme_hybrid_s42_multiclass_mc1_pmi_hardened_20260430_mc1_a1_d13561aa_04-30_15-48
Overall Accuracy: 0.0813
Balanced Accuracy: 0.1039
Overall F1 Score: 0.0381
Kappa: 0.0371
AUC: 0.6604
Expected Cost: 0.9187
Loss Function Used: nicme_hybrid
Total Test Samples: 160
Classes: 00378-0208, 00378-3855, 00591-0461, 16729-0020, 16729-0168, 50111-0434, 53489-0156, 53746-0544, 57664-0377, 62037-0831, 62037-0832, 64380-0803, 65162-0253, 67253-0901, 68382-0008, 68382-0227, 69097-0127, 69097-0128, 69315-0904, 69315-0905

Detailed metrics saved to: results/convnext_test/mc1_pmi_pills_balanced_cnx_nicme_hybrid_s42_multiclass_mc1_pmi_hardened_20260430_mc1_a1_d13561aa_04-30_15-48
============================================================
