Prepared manifest loaded — Train=970, Val=310, Calibration=0, Test=320
cuda
Using model backend=timm type=pmi10_convnext_base_fb_in22k_ft_in1k with 10 labels
Early stopping enabled with patience=5
Using device: cuda
{'loss': '9.34', 'grad_norm': '16.29', 'learning_rate': '1.232e-05', 'epoch': '0.6557'}
{'eval_loss': '1.879', 'eval_accuracy': '0.5355', 'eval_f1': '0.4922', 'eval_balanced_accuracy': '0.5355', 'eval_macro_f1': '0.4922', 'eval_atc': '1.103', 'eval_normalized_atc': '0.1103', 'eval_target_recall': '0', 'eval_target_recall_macro': '0.4919', 'eval_target_fnr': '0.4194', 'eval_selection_score': '3.42', 'eval_selection_accuracy_value': '0.5355', 'eval_nll': '1.848', 'eval_brier': '0.7738', 'eval_ece': '0.3337', 'eval_auroc': '0', 'eval_auprc': '0', 'eval_runtime': '4.647', 'eval_samples_per_second': '66.7', 'eval_steps_per_second': '4.304', 'epoch': '1'}
CustomImageProcessor configuration saved to checkpoints/hpo-v3_convnext_base_fb_in22k_ft_in1k_nicme_v3_hybrid_s42_trial0010/checkpoint-16/preprocessor_config.json
{'loss': '7.21', 'grad_norm': '25.47', 'learning_rate': '2.601e-05', 'epoch': '1.262'}
{'loss': '5.33', 'grad_norm': '27.32', 'learning_rate': '3.97e-05', 'epoch': '1.918'}
{'eval_loss': '0.9044', 'eval_accuracy': '0.7323', 'eval_f1': '0.7111', 'eval_balanced_accuracy': '0.7323', 'eval_macro_f1': '0.7111', 'eval_atc': '0.6161', 'eval_normalized_atc': '0.06161', 'eval_target_recall': '0.129', 'eval_target_recall_macro': '0.5726', 'eval_target_fnr': '0.09677', 'eval_selection_score': '2.444', 'eval_selection_accuracy_value': '0.7323', 'eval_nll': '0.8602', 'eval_brier': '0.4345', 'eval_ece': '0.2027', 'eval_auroc': '0', 'eval_auprc': '0', 'eval_runtime': '4.115', 'eval_samples_per_second': '75.33', 'eval_steps_per_second': '4.86', 'epoch': '2'}
CustomImageProcessor configuration saved to checkpoints/hpo-v3_convnext_base_fb_in22k_ft_in1k_nicme_v3_hybrid_s42_trial0010/checkpoint-32/preprocessor_config.json
{'loss': '2.96', 'grad_norm': '21.37', 'learning_rate': '5.339e-05', 'epoch': '2.525'}
{'eval_loss': '0.4958', 'eval_accuracy': '0.7871', 'eval_f1': '0.761', 'eval_balanced_accuracy': '0.7871', 'eval_macro_f1': '0.761', 'eval_atc': '0.329', 'eval_normalized_atc': '0.0329', 'eval_target_recall': '0.871', 'eval_target_recall_macro': '0.9274', 'eval_target_fnr': '0.03226', 'eval_selection_score': '0.03644', 'eval_selection_accuracy_value': '0.7871', 'eval_nll': '0.4634', 'eval_brier': '0.2666', 'eval_ece': '0.05819', 'eval_auroc': '0', 'eval_auprc': '0', 'eval_runtime': '3.721', 'eval_samples_per_second': '83.3', 'eval_steps_per_second': '5.374', 'epoch': '3'}
CustomImageProcessor configuration saved to checkpoints/hpo-v3_convnext_base_fb_in22k_ft_in1k_nicme_v3_hybrid_s42_trial0010/checkpoint-48/preprocessor_config.json
{'loss': '1.962', 'grad_norm': '73.01', 'learning_rate': '6.708e-05', 'epoch': '3.131'}
{'loss': '1.818', 'grad_norm': '175.8', 'learning_rate': '8.078e-05', 'epoch': '3.787'}
{'eval_loss': '0.2497', 'eval_accuracy': '0.9323', 'eval_f1': '0.9305', 'eval_balanced_accuracy': '0.9323', 'eval_macro_f1': '0.9305', 'eval_atc': '0.1194', 'eval_normalized_atc': '0.01194', 'eval_target_recall': '0.6774', 'eval_target_recall_macro': '0.9032', 'eval_target_fnr': '0', 'eval_selection_score': '0.2101', 'eval_selection_accuracy_value': '0.9323', 'eval_nll': '0.2292', 'eval_brier': '0.1149', 'eval_ece': '0.08468', 'eval_auroc': '0', 'eval_auprc': '0', 'eval_runtime': '3.757', 'eval_samples_per_second': '82.52', 'eval_steps_per_second': '5.324', 'epoch': '4'}
CustomImageProcessor configuration saved to checkpoints/hpo-v3_convnext_base_fb_in22k_ft_in1k_nicme_v3_hybrid_s42_trial0010/checkpoint-64/preprocessor_config.json
{'loss': '1.216', 'grad_norm': '44.37', 'learning_rate': '8.345e-05', 'epoch': '4.393'}
{'loss': '0.8753', 'grad_norm': '12.6', 'learning_rate': '8.319e-05', 'epoch': '5'}
{'eval_loss': '0.209', 'eval_accuracy': '0.929', 'eval_f1': '0.9255', 'eval_balanced_accuracy': '0.929', 'eval_macro_f1': '0.9255', 'eval_atc': '0.2161', 'eval_normalized_atc': '0.02161', 'eval_target_recall': '0.5161', 'eval_target_recall_macro': '0.8387', 'eval_target_fnr': '0', 'eval_selection_score': '0.611', 'eval_selection_accuracy_value': '0.929', 'eval_nll': '0.1875', 'eval_brier': '0.1032', 'eval_ece': '0.03532', 'eval_auroc': '0', 'eval_auprc': '0', 'eval_runtime': '3.841', 'eval_samples_per_second': '80.71', 'eval_steps_per_second': '5.207', 'epoch': '5'}
CustomImageProcessor configuration saved to checkpoints/hpo-v3_convnext_base_fb_in22k_ft_in1k_nicme_v3_hybrid_s42_trial0010/checkpoint-80/preprocessor_config.json
{'loss': '0.7192', 'grad_norm': '50.42', 'learning_rate': '8.272e-05', 'epoch': '5.656'}
{'eval_loss': '0.09684', 'eval_accuracy': '0.9806', 'eval_f1': '0.9805', 'eval_balanced_accuracy': '0.9806', 'eval_macro_f1': '0.9805', 'eval_atc': '0.07742', 'eval_normalized_atc': '0.007742', 'eval_target_recall': '0.871', 'eval_target_recall_macro': '0.9677', 'eval_target_fnr': '0', 'eval_selection_score': '0.01111', 'eval_selection_accuracy_value': '0.9806', 'eval_nll': '0.0913', 'eval_brier': '0.0365', 'eval_ece': '0.0399', 'eval_auroc': '0', 'eval_auprc': '0', 'eval_runtime': '4.131', 'eval_samples_per_second': '75.04', 'eval_steps_per_second': '4.842', 'epoch': '6'}
CustomImageProcessor configuration saved to checkpoints/hpo-v3_convnext_base_fb_in22k_ft_in1k_nicme_v3_hybrid_s42_trial0010/checkpoint-96/preprocessor_config.json
{'loss': '0.5517', 'grad_norm': '55.44', 'learning_rate': '8.206e-05', 'epoch': '6.262'}
{'loss': '0.5056', 'grad_norm': '27.89', 'learning_rate': '8.12e-05', 'epoch': '6.918'}
{'eval_loss': '0.3464', 'eval_accuracy': '0.8806', 'eval_f1': '0.8709', 'eval_balanced_accuracy': '0.8806', 'eval_macro_f1': '0.8709', 'eval_atc': '0.1774', 'eval_normalized_atc': '0.01774', 'eval_target_recall': '0.3871', 'eval_target_recall_macro': '0.8468', 'eval_target_fnr': '0', 'eval_selection_score': '1.07', 'eval_selection_accuracy_value': '0.8806', 'eval_nll': '0.3415', 'eval_brier': '0.1784', 'eval_ece': '0.06012', 'eval_auroc': '0', 'eval_auprc': '0', 'eval_runtime': '3.712', 'eval_samples_per_second': '83.52', 'eval_steps_per_second': '5.388', 'epoch': '7'}
CustomImageProcessor configuration saved to checkpoints/hpo-v3_convnext_base_fb_in22k_ft_in1k_nicme_v3_hybrid_s42_trial0010/checkpoint-112/preprocessor_config.json
{'loss': '0.5258', 'grad_norm': '13.99', 'learning_rate': '8.015e-05', 'epoch': '7.525'}
{'eval_loss': '0.2559', 'eval_accuracy': '0.8935', 'eval_f1': '0.8912', 'eval_balanced_accuracy': '0.8935', 'eval_macro_f1': '0.8912', 'eval_atc': '0.5645', 'eval_normalized_atc': '0.05645', 'eval_target_recall': '0.3871', 'eval_target_recall_macro': '0.8226', 'eval_target_fnr': '0', 'eval_selection_score': '1.109', 'eval_selection_accuracy_value': '0.8935', 'eval_nll': '0.2261', 'eval_brier': '0.1419', 'eval_ece': '0.04498', 'eval_auroc': '0', 'eval_auprc': '0', 'eval_runtime': '3.888', 'eval_samples_per_second': '79.73', 'eval_steps_per_second': '5.144', 'epoch': '8'}
CustomImageProcessor configuration saved to checkpoints/hpo-v3_convnext_base_fb_in22k_ft_in1k_nicme_v3_hybrid_s42_trial0010/checkpoint-128/preprocessor_config.json
{'train_runtime': '142.6', 'train_samples_per_second': '217.7', 'train_steps_per_second': '3.59', 'train_loss': '2.594', 'epoch': '8'}
***** train metrics *****
  epoch                    =        8.0
  total_flos               =        0GF
  train_loss               =      2.594
  train_runtime            = 0:02:22.60
  train_samples_per_second =     217.66
  train_steps_per_second   =       3.59
Using device: cuda

============================================================
PERFORMING COMPREHENSIVE EVALUATION
============================================================
Results will be saved to: results/pmi10_convnext_base_fb_in22k_ft_in1k_test/hpo-v3_convnext_base_fb_in22k_ft_in1k_nicme_v3_hybrid_s42_trial0010_05-02_03-34
Saving run configuration...
Run configuration saved to: results/pmi10_convnext_base_fb_in22k_ft_in1k_test/hpo-v3_convnext_base_fb_in22k_ft_in1k_nicme_v3_hybrid_s42_trial0010_05-02_03-34/run_configuration_20260502_033409.json
Running model evaluation...
Computing detailed metrics...
Saving metrics to files...
Metrics saved to: results/pmi10_convnext_base_fb_in22k_ft_in1k_test/hpo-v3_convnext_base_fb_in22k_ft_in1k_nicme_v3_hybrid_s42_trial0010_05-02_03-34/metrics_20260502_033418_nicme_v3_hybrid.json and results/pmi10_convnext_base_fb_in22k_ft_in1k_test/hpo-v3_convnext_base_fb_in22k_ft_in1k_nicme_v3_hybrid_s42_trial0010_05-02_03-34/metrics_20260502_033418_nicme_v3_hybrid.txt
Using provided class names: ['00378-0208', '00378-3855', '00591-0461', '16729-0020', '50111-0434', '53489-0156', '53746-0544', '62037-0831', '68382-0008', '68382-0227']
Skipping confusion matrix visualizations by configuration.

============================================================
TRAINING COMPLETED - RESULTS SUMMARY
============================================================
Output Directory: results/pmi10_convnext_base_fb_in22k_ft_in1k_test/hpo-v3_convnext_base_fb_in22k_ft_in1k_nicme_v3_hybrid_s42_trial0010_05-02_03-34
Overall Accuracy: 0.8031
Balanced Accuracy: 0.8031
Overall F1 Score: 0.7729
Kappa: 0.7812
AUC: 0.9937
Expected Cost: 0.2812
Loss Function Used: nicme_v3_hybrid
Total Test Samples: 320
Classes: 00378-0208, 00378-3855, 00591-0461, 16729-0020, 50111-0434, 53489-0156, 53746-0544, 62037-0831, 68382-0008, 68382-0227

Detailed metrics saved to: results/pmi10_convnext_base_fb_in22k_ft_in1k_test/hpo-v3_convnext_base_fb_in22k_ft_in1k_nicme_v3_hybrid_s42_trial0010_05-02_03-34
============================================================
