Prepared manifest loaded — Train=970, Val=310, Calibration=0, Test=320
cuda
Using model backend=timm type=pmi10_convnext_base_fb_in22k_ft_in1k with 10 labels
Early stopping enabled with patience=5
Using device: cuda
{'loss': '9.507', 'grad_norm': '17.2', 'learning_rate': '8.634e-06', 'epoch': '0.6557'}
{'eval_loss': '2.033', 'eval_accuracy': '0.5032', 'eval_f1': '0.4827', 'eval_balanced_accuracy': '0.5032', 'eval_macro_f1': '0.4827', 'eval_atc': '1.01', 'eval_normalized_atc': '0.101', 'eval_target_recall': '0.2581', 'eval_target_recall_macro': '0.5', 'eval_target_fnr': '0.4516', 'eval_selection_score': '1.837', 'eval_selection_accuracy_value': '0.5032', 'eval_nll': '1.976', 'eval_brier': '0.8179', 'eval_ece': '0.3419', 'eval_auroc': '0', 'eval_auprc': '0', 'eval_runtime': '4.537', 'eval_samples_per_second': '68.32', 'eval_steps_per_second': '4.408', 'epoch': '1'}
CustomImageProcessor configuration saved to checkpoints/hpo-v3_convnext_base_fb_in22k_ft_in1k_nicme_v3_hybrid_s42_trial0025/checkpoint-16/preprocessor_config.json
{'loss': '7.688', 'grad_norm': '20.89', 'learning_rate': '1.823e-05', 'epoch': '1.262'}
{'loss': '6.237', 'grad_norm': '21.13', 'learning_rate': '2.782e-05', 'epoch': '1.918'}
{'eval_loss': '1.17', 'eval_accuracy': '0.7065', 'eval_f1': '0.698', 'eval_balanced_accuracy': '0.7065', 'eval_macro_f1': '0.698', 'eval_atc': '0.6677', 'eval_normalized_atc': '0.06677', 'eval_target_recall': '0.4516', 'eval_target_recall_macro': '0.7339', 'eval_target_fnr': '0.09677', 'eval_selection_score': '0.8797', 'eval_selection_accuracy_value': '0.7065', 'eval_nll': '1.102', 'eval_brier': '0.5322', 'eval_ece': '0.3047', 'eval_auroc': '0', 'eval_auprc': '0', 'eval_runtime': '3.995', 'eval_samples_per_second': '77.6', 'eval_steps_per_second': '5.007', 'epoch': '2'}
CustomImageProcessor configuration saved to checkpoints/hpo-v3_convnext_base_fb_in22k_ft_in1k_nicme_v3_hybrid_s42_trial0025/checkpoint-32/preprocessor_config.json
{'loss': '3.684', 'grad_norm': '19.9', 'learning_rate': '3.741e-05', 'epoch': '2.525'}
{'eval_loss': '0.6528', 'eval_accuracy': '0.729', 'eval_f1': '0.6929', 'eval_balanced_accuracy': '0.729', 'eval_macro_f1': '0.6929', 'eval_atc': '0.5032', 'eval_normalized_atc': '0.05032', 'eval_target_recall': '0.8065', 'eval_target_recall_macro': '0.8871', 'eval_target_fnr': '0', 'eval_selection_score': '0.09036', 'eval_selection_accuracy_value': '0.729', 'eval_nll': '0.5968', 'eval_brier': '0.336', 'eval_ece': '0.07601', 'eval_auroc': '0', 'eval_auprc': '0', 'eval_runtime': '3.974', 'eval_samples_per_second': '78', 'eval_steps_per_second': '5.032', 'epoch': '3'}
CustomImageProcessor configuration saved to checkpoints/hpo-v3_convnext_base_fb_in22k_ft_in1k_nicme_v3_hybrid_s42_trial0025/checkpoint-48/preprocessor_config.json
{'loss': '2.494', 'grad_norm': '45.55', 'learning_rate': '4.7e-05', 'epoch': '3.131'}
{'loss': '1.796', 'grad_norm': '69.03', 'learning_rate': '4.792e-05', 'epoch': '3.787'}
{'eval_loss': '0.3634', 'eval_accuracy': '0.9', 'eval_f1': '0.8968', 'eval_balanced_accuracy': '0.9', 'eval_macro_f1': '0.8968', 'eval_atc': '0.4226', 'eval_normalized_atc': '0.04226', 'eval_target_recall': '0.5161', 'eval_target_recall_macro': '0.8145', 'eval_target_fnr': '0.03226', 'eval_selection_score': '0.6317', 'eval_selection_accuracy_value': '0.9', 'eval_nll': '0.3111', 'eval_brier': '0.1582', 'eval_ece': '0.1052', 'eval_auroc': '0', 'eval_auprc': '0', 'eval_runtime': '3.865', 'eval_samples_per_second': '80.2', 'eval_steps_per_second': '5.174', 'epoch': '4'}
CustomImageProcessor configuration saved to checkpoints/hpo-v3_convnext_base_fb_in22k_ft_in1k_nicme_v3_hybrid_s42_trial0025/checkpoint-64/preprocessor_config.json
{'loss': '1.217', 'grad_norm': '40.98', 'learning_rate': '4.776e-05', 'epoch': '4.393'}
{'loss': '0.9333', 'grad_norm': '12.42', 'learning_rate': '4.75e-05', 'epoch': '5'}
{'eval_loss': '0.2117', 'eval_accuracy': '0.9516', 'eval_f1': '0.952', 'eval_balanced_accuracy': '0.9516', 'eval_macro_f1': '0.952', 'eval_atc': '0.07742', 'eval_normalized_atc': '0.007742', 'eval_target_recall': '0.8065', 'eval_target_recall_macro': '0.9435', 'eval_target_fnr': '0', 'eval_selection_score': '0.04275', 'eval_selection_accuracy_value': '0.9516', 'eval_nll': '0.1952', 'eval_brier': '0.09327', 'eval_ece': '0.0737', 'eval_auroc': '0', 'eval_auprc': '0', 'eval_runtime': '3.923', 'eval_samples_per_second': '79.01', 'eval_steps_per_second': '5.098', 'epoch': '5'}
CustomImageProcessor configuration saved to checkpoints/hpo-v3_convnext_base_fb_in22k_ft_in1k_nicme_v3_hybrid_s42_trial0025/checkpoint-80/preprocessor_config.json
{'loss': '0.6732', 'grad_norm': '9.608', 'learning_rate': '4.713e-05', 'epoch': '5.656'}
{'eval_loss': '0.1816', 'eval_accuracy': '0.9645', 'eval_f1': '0.9644', 'eval_balanced_accuracy': '0.9645', 'eval_macro_f1': '0.9644', 'eval_atc': '0.0871', 'eval_normalized_atc': '0.00871', 'eval_target_recall': '0.9032', 'eval_target_recall_macro': '0.9597', 'eval_target_fnr': '0', 'eval_selection_score': '0.00871', 'eval_selection_accuracy_value': '0.9645', 'eval_nll': '0.1574', 'eval_brier': '0.07712', 'eval_ece': '0.05666', 'eval_auroc': '0', 'eval_auprc': '0', 'eval_runtime': '4.306', 'eval_samples_per_second': '71.98', 'eval_steps_per_second': '4.644', 'epoch': '6'}
CustomImageProcessor configuration saved to checkpoints/hpo-v3_convnext_base_fb_in22k_ft_in1k_nicme_v3_hybrid_s42_trial0025/checkpoint-96/preprocessor_config.json
{'loss': '0.5207', 'grad_norm': '59.42', 'learning_rate': '4.665e-05', 'epoch': '6.262'}
{'loss': '0.3672', 'grad_norm': '40.72', 'learning_rate': '4.606e-05', 'epoch': '6.918'}
{'eval_loss': '0.1794', 'eval_accuracy': '0.9355', 'eval_f1': '0.9336', 'eval_balanced_accuracy': '0.9355', 'eval_macro_f1': '0.9336', 'eval_atc': '0.09355', 'eval_normalized_atc': '0.009355', 'eval_target_recall': '0.7097', 'eval_target_recall_macro': '0.9274', 'eval_target_fnr': '0', 'eval_selection_score': '0.1542', 'eval_selection_accuracy_value': '0.9355', 'eval_nll': '0.1699', 'eval_brier': '0.09374', 'eval_ece': '0.02884', 'eval_auroc': '0', 'eval_auprc': '0', 'eval_runtime': '4.153', 'eval_samples_per_second': '74.65', 'eval_steps_per_second': '4.816', 'epoch': '7'}
CustomImageProcessor configuration saved to checkpoints/hpo-v3_convnext_base_fb_in22k_ft_in1k_nicme_v3_hybrid_s42_trial0025/checkpoint-112/preprocessor_config.json
{'loss': '0.2101', 'grad_norm': '13.53', 'learning_rate': '4.537e-05', 'epoch': '7.525'}
{'eval_loss': '0.07706', 'eval_accuracy': '0.9774', 'eval_f1': '0.9774', 'eval_balanced_accuracy': '0.9774', 'eval_macro_f1': '0.9774', 'eval_atc': '0.02258', 'eval_normalized_atc': '0.002258', 'eval_target_recall': '0.9355', 'eval_target_recall_macro': '0.9839', 'eval_target_fnr': '0', 'eval_selection_score': '0.002258', 'eval_selection_accuracy_value': '0.9774', 'eval_nll': '0.07066', 'eval_brier': '0.03232', 'eval_ece': '0.0216', 'eval_auroc': '0', 'eval_auprc': '0', 'eval_runtime': '4.052', 'eval_samples_per_second': '76.51', 'eval_steps_per_second': '4.936', 'epoch': '8'}
CustomImageProcessor configuration saved to checkpoints/hpo-v3_convnext_base_fb_in22k_ft_in1k_nicme_v3_hybrid_s42_trial0025/checkpoint-128/preprocessor_config.json
{'loss': '0.2045', 'grad_norm': '21.85', 'learning_rate': '4.459e-05', 'epoch': '8.131'}
{'loss': '0.2448', 'grad_norm': '32.95', 'learning_rate': '4.37e-05', 'epoch': '8.787'}
{'eval_loss': '0.06209', 'eval_accuracy': '0.9839', 'eval_f1': '0.9836', 'eval_balanced_accuracy': '0.9839', 'eval_macro_f1': '0.9836', 'eval_atc': '0.04516', 'eval_normalized_atc': '0.004516', 'eval_target_recall': '0.871', 'eval_target_recall_macro': '0.9677', 'eval_target_fnr': '0', 'eval_selection_score': '0.007888', 'eval_selection_accuracy_value': '0.9839', 'eval_nll': '0.05693', 'eval_brier': '0.02668', 'eval_ece': '0.02076', 'eval_auroc': '0', 'eval_auprc': '0', 'eval_runtime': '3.994', 'eval_samples_per_second': '77.61', 'eval_steps_per_second': '5.007', 'epoch': '9'}
CustomImageProcessor configuration saved to checkpoints/hpo-v3_convnext_base_fb_in22k_ft_in1k_nicme_v3_hybrid_s42_trial0025/checkpoint-144/preprocessor_config.json
{'loss': '0.1037', 'grad_norm': '22.52', 'learning_rate': '4.273e-05', 'epoch': '9.393'}
{'loss': '0.1245', 'grad_norm': '34.55', 'learning_rate': '4.167e-05', 'epoch': '10'}
{'eval_loss': '0.03684', 'eval_accuracy': '0.9871', 'eval_f1': '0.9868', 'eval_balanced_accuracy': '0.9871', 'eval_macro_f1': '0.9868', 'eval_atc': '0.04194', 'eval_normalized_atc': '0.004194', 'eval_target_recall': '0.871', 'eval_target_recall_macro': '0.9677', 'eval_target_fnr': '0', 'eval_selection_score': '0.007565', 'eval_selection_accuracy_value': '0.9871', 'eval_nll': '0.03346', 'eval_brier': '0.01689', 'eval_ece': '0.0115', 'eval_auroc': '0', 'eval_auprc': '0', 'eval_runtime': '4.128', 'eval_samples_per_second': '75.11', 'eval_steps_per_second': '4.845', 'epoch': '10'}
CustomImageProcessor configuration saved to checkpoints/hpo-v3_convnext_base_fb_in22k_ft_in1k_nicme_v3_hybrid_s42_trial0025/checkpoint-160/preprocessor_config.json
{'loss': '0.06876', 'grad_norm': '4.562', 'learning_rate': '4.053e-05', 'epoch': '10.66'}
{'eval_loss': '0.04898', 'eval_accuracy': '0.9871', 'eval_f1': '0.987', 'eval_balanced_accuracy': '0.9871', 'eval_macro_f1': '0.987', 'eval_atc': '0.03548', 'eval_normalized_atc': '0.003548', 'eval_target_recall': '0.9355', 'eval_target_recall_macro': '0.9758', 'eval_target_fnr': '0', 'eval_selection_score': '0.003548', 'eval_selection_accuracy_value': '0.9871', 'eval_nll': '0.04413', 'eval_brier': '0.02384', 'eval_ece': '0.01831', 'eval_auroc': '0', 'eval_auprc': '0', 'eval_runtime': '4.17', 'eval_samples_per_second': '74.34', 'eval_steps_per_second': '4.796', 'epoch': '11'}
CustomImageProcessor configuration saved to checkpoints/hpo-v3_convnext_base_fb_in22k_ft_in1k_nicme_v3_hybrid_s42_trial0025/checkpoint-176/preprocessor_config.json
{'loss': '0.02435', 'grad_norm': '2.257', 'learning_rate': '3.931e-05', 'epoch': '11.26'}
{'loss': '0.02202', 'grad_norm': '0.5741', 'learning_rate': '3.803e-05', 'epoch': '11.92'}
{'eval_loss': '0.07182', 'eval_accuracy': '0.9774', 'eval_f1': '0.977', 'eval_balanced_accuracy': '0.9774', 'eval_macro_f1': '0.977', 'eval_atc': '0.02258', 'eval_normalized_atc': '0.002258', 'eval_target_recall': '0.8387', 'eval_target_recall_macro': '0.9597', 'eval_target_fnr': '0', 'eval_selection_score': '0.01728', 'eval_selection_accuracy_value': '0.9774', 'eval_nll': '0.07074', 'eval_brier': '0.03365', 'eval_ece': '0.01678', 'eval_auroc': '0', 'eval_auprc': '0', 'eval_runtime': '4.117', 'eval_samples_per_second': '75.31', 'eval_steps_per_second': '4.858', 'epoch': '12'}
CustomImageProcessor configuration saved to checkpoints/hpo-v3_convnext_base_fb_in22k_ft_in1k_nicme_v3_hybrid_s42_trial0025/checkpoint-192/preprocessor_config.json
{'loss': '0.01567', 'grad_norm': '19.79', 'learning_rate': '3.667e-05', 'epoch': '12.52'}
{'eval_loss': '0.05436', 'eval_accuracy': '0.9806', 'eval_f1': '0.9807', 'eval_balanced_accuracy': '0.9806', 'eval_macro_f1': '0.9807', 'eval_atc': '0.04194', 'eval_normalized_atc': '0.004194', 'eval_target_recall': '0.9355', 'eval_target_recall_macro': '0.9758', 'eval_target_fnr': '0', 'eval_selection_score': '0.004194', 'eval_selection_accuracy_value': '0.9806', 'eval_nll': '0.04988', 'eval_brier': '0.02521', 'eval_ece': '0.01386', 'eval_auroc': '0', 'eval_auprc': '0', 'eval_runtime': '3.939', 'eval_samples_per_second': '78.71', 'eval_steps_per_second': '5.078', 'epoch': '13'}
CustomImageProcessor configuration saved to checkpoints/hpo-v3_convnext_base_fb_in22k_ft_in1k_nicme_v3_hybrid_s42_trial0025/checkpoint-208/preprocessor_config.json
{'train_runtime': '204.6', 'train_samples_per_second': '151.7', 'train_steps_per_second': '2.502', 'train_loss': '1.738', 'epoch': '13'}
***** train metrics *****
  epoch                    =       13.0
  total_flos               =        0GF
  train_loss               =     1.7382
  train_runtime            = 0:03:24.61
  train_samples_per_second =    151.699
  train_steps_per_second   =      2.502
Using device: cuda

============================================================
PERFORMING COMPREHENSIVE EVALUATION
============================================================
Results will be saved to: results/pmi10_convnext_base_fb_in22k_ft_in1k_test/hpo-v3_convnext_base_fb_in22k_ft_in1k_nicme_v3_hybrid_s42_trial0025_05-02_04-42
Saving run configuration...
Run configuration saved to: results/pmi10_convnext_base_fb_in22k_ft_in1k_test/hpo-v3_convnext_base_fb_in22k_ft_in1k_nicme_v3_hybrid_s42_trial0025_05-02_04-42/run_configuration_20260502_044213.json
Running model evaluation...
Computing detailed metrics...
Saving metrics to files...
Metrics saved to: results/pmi10_convnext_base_fb_in22k_ft_in1k_test/hpo-v3_convnext_base_fb_in22k_ft_in1k_nicme_v3_hybrid_s42_trial0025_05-02_04-42/metrics_20260502_044222_nicme_v3_hybrid.json and results/pmi10_convnext_base_fb_in22k_ft_in1k_test/hpo-v3_convnext_base_fb_in22k_ft_in1k_nicme_v3_hybrid_s42_trial0025_05-02_04-42/metrics_20260502_044222_nicme_v3_hybrid.txt
Using provided class names: ['00378-0208', '00378-3855', '00591-0461', '16729-0020', '50111-0434', '53489-0156', '53746-0544', '62037-0831', '68382-0008', '68382-0227']
Skipping confusion matrix visualizations by configuration.

============================================================
TRAINING COMPLETED - RESULTS SUMMARY
============================================================
Output Directory: results/pmi10_convnext_base_fb_in22k_ft_in1k_test/hpo-v3_convnext_base_fb_in22k_ft_in1k_nicme_v3_hybrid_s42_trial0025_05-02_04-42
Overall Accuracy: 0.9750
Balanced Accuracy: 0.9750
Overall F1 Score: 0.9750
Kappa: 0.9722
AUC: 0.9993
Expected Cost: 0.1094
Loss Function Used: nicme_v3_hybrid
Total Test Samples: 320
Classes: 00378-0208, 00378-3855, 00591-0461, 16729-0020, 50111-0434, 53489-0156, 53746-0544, 62037-0831, 68382-0008, 68382-0227

Detailed metrics saved to: results/pmi10_convnext_base_fb_in22k_ft_in1k_test/hpo-v3_convnext_base_fb_in22k_ft_in1k_nicme_v3_hybrid_s42_trial0025_05-02_04-42
============================================================
