Prepared manifest loaded — Train=970, Val=310, Calibration=0, Test=320
cuda
Using model backend=timm type=pmi10_convnext_base_fb_in22k_ft_in1k with 10 labels
Early stopping enabled with patience=5
Using device: cuda
{'loss': '9.274', 'grad_norm': '17.75', 'learning_rate': '1.165e-05', 'epoch': '0.6557'}
{'eval_loss': '1.87', 'eval_accuracy': '0.5258', 'eval_f1': '0.4859', 'eval_balanced_accuracy': '0.5258', 'eval_macro_f1': '0.4859', 'eval_atc': '1.187', 'eval_normalized_atc': '0.1187', 'eval_target_recall': '0.1613', 'eval_target_recall_macro': '0.4919', 'eval_target_fnr': '0.5161', 'eval_selection_score': '2.377', 'eval_selection_accuracy_value': '0.5258', 'eval_nll': '1.858', 'eval_brier': '0.7788', 'eval_ece': '0.331', 'eval_auroc': '0', 'eval_auprc': '0', 'eval_runtime': '4.809', 'eval_samples_per_second': '64.47', 'eval_steps_per_second': '4.159', 'epoch': '1'}
CustomImageProcessor configuration saved to checkpoints/hpo-v3_convnext_base_fb_in22k_ft_in1k_nicme_v3_hybrid_s42_trial0028/checkpoint-16/preprocessor_config.json
{'loss': '7.175', 'grad_norm': '24.52', 'learning_rate': '2.46e-05', 'epoch': '1.262'}
{'loss': '5.198', 'grad_norm': '26.24', 'learning_rate': '3.755e-05', 'epoch': '1.918'}
{'eval_loss': '0.8618', 'eval_accuracy': '0.7581', 'eval_f1': '0.7412', 'eval_balanced_accuracy': '0.7581', 'eval_macro_f1': '0.7412', 'eval_atc': '0.8226', 'eval_normalized_atc': '0.08226', 'eval_target_recall': '0.1935', 'eval_target_recall_macro': '0.5645', 'eval_target_fnr': '0.2903', 'eval_selection_score': '2.08', 'eval_selection_accuracy_value': '0.7581', 'eval_nll': '0.8406', 'eval_brier': '0.4242', 'eval_ece': '0.2231', 'eval_auroc': '0', 'eval_auprc': '0', 'eval_runtime': '4.097', 'eval_samples_per_second': '75.66', 'eval_steps_per_second': '4.881', 'epoch': '2'}
CustomImageProcessor configuration saved to checkpoints/hpo-v3_convnext_base_fb_in22k_ft_in1k_nicme_v3_hybrid_s42_trial0028/checkpoint-32/preprocessor_config.json
{'loss': '2.743', 'grad_norm': '18.69', 'learning_rate': '5.05e-05', 'epoch': '2.525'}
{'eval_loss': '0.4804', 'eval_accuracy': '0.7903', 'eval_f1': '0.7724', 'eval_balanced_accuracy': '0.7903', 'eval_macro_f1': '0.7724', 'eval_atc': '0.529', 'eval_normalized_atc': '0.0529', 'eval_target_recall': '0.6774', 'eval_target_recall_macro': '0.879', 'eval_target_fnr': '0', 'eval_selection_score': '0.2512', 'eval_selection_accuracy_value': '0.7903', 'eval_nll': '0.4635', 'eval_brier': '0.2695', 'eval_ece': '0.07067', 'eval_auroc': '0', 'eval_auprc': '0', 'eval_runtime': '3.787', 'eval_samples_per_second': '81.85', 'eval_steps_per_second': '5.281', 'epoch': '3'}
CustomImageProcessor configuration saved to checkpoints/hpo-v3_convnext_base_fb_in22k_ft_in1k_nicme_v3_hybrid_s42_trial0028/checkpoint-48/preprocessor_config.json
{'loss': '1.789', 'grad_norm': '84.18', 'learning_rate': '6.345e-05', 'epoch': '3.131'}
{'loss': '1.457', 'grad_norm': '147.8', 'learning_rate': '7.381e-05', 'epoch': '3.787'}
{'eval_loss': '0.2421', 'eval_accuracy': '0.9323', 'eval_f1': '0.9306', 'eval_balanced_accuracy': '0.9323', 'eval_macro_f1': '0.9306', 'eval_atc': '0.2032', 'eval_normalized_atc': '0.02032', 'eval_target_recall': '0.6774', 'eval_target_recall_macro': '0.8629', 'eval_target_fnr': '0', 'eval_selection_score': '0.2185', 'eval_selection_accuracy_value': '0.9323', 'eval_nll': '0.2305', 'eval_brier': '0.1163', 'eval_ece': '0.08435', 'eval_auroc': '0', 'eval_auprc': '0', 'eval_runtime': '3.936', 'eval_samples_per_second': '78.76', 'eval_steps_per_second': '5.081', 'epoch': '4'}
CustomImageProcessor configuration saved to checkpoints/hpo-v3_convnext_base_fb_in22k_ft_in1k_nicme_v3_hybrid_s42_trial0028/checkpoint-64/preprocessor_config.json
{'loss': '0.9456', 'grad_norm': '27.74', 'learning_rate': '7.368e-05', 'epoch': '4.393'}
{'loss': '0.7447', 'grad_norm': '14.79', 'learning_rate': '7.339e-05', 'epoch': '5'}
{'eval_loss': '0.1306', 'eval_accuracy': '0.9645', 'eval_f1': '0.9634', 'eval_balanced_accuracy': '0.9645', 'eval_macro_f1': '0.9634', 'eval_atc': '0.06452', 'eval_normalized_atc': '0.006452', 'eval_target_recall': '0.7419', 'eval_target_recall_macro': '0.9355', 'eval_target_fnr': '0', 'eval_selection_score': '0.1064', 'eval_selection_accuracy_value': '0.9645', 'eval_nll': '0.1266', 'eval_brier': '0.06098', 'eval_ece': '0.03662', 'eval_auroc': '0', 'eval_auprc': '0', 'eval_runtime': '4.149', 'eval_samples_per_second': '74.71', 'eval_steps_per_second': '4.82', 'epoch': '5'}
CustomImageProcessor configuration saved to checkpoints/hpo-v3_convnext_base_fb_in22k_ft_in1k_nicme_v3_hybrid_s42_trial0028/checkpoint-80/preprocessor_config.json
{'loss': '0.4235', 'grad_norm': '18.28', 'learning_rate': '7.291e-05', 'epoch': '5.656'}
{'eval_loss': '0.09579', 'eval_accuracy': '0.971', 'eval_f1': '0.9714', 'eval_balanced_accuracy': '0.971', 'eval_macro_f1': '0.9714', 'eval_atc': '0.1161', 'eval_normalized_atc': '0.01161', 'eval_target_recall': '0.9032', 'eval_target_recall_macro': '0.9516', 'eval_target_fnr': '0', 'eval_selection_score': '0.01161', 'eval_selection_accuracy_value': '0.971', 'eval_nll': '0.09153', 'eval_brier': '0.04388', 'eval_ece': '0.03418', 'eval_auroc': '0', 'eval_auprc': '0', 'eval_runtime': '4.002', 'eval_samples_per_second': '77.47', 'eval_steps_per_second': '4.998', 'epoch': '6'}
CustomImageProcessor configuration saved to checkpoints/hpo-v3_convnext_base_fb_in22k_ft_in1k_nicme_v3_hybrid_s42_trial0028/checkpoint-96/preprocessor_config.json
{'loss': '0.3882', 'grad_norm': '69.71', 'learning_rate': '7.227e-05', 'epoch': '6.262'}
{'loss': '0.2934', 'grad_norm': '33.93', 'learning_rate': '7.146e-05', 'epoch': '6.918'}
{'eval_loss': '0.2758', 'eval_accuracy': '0.9', 'eval_f1': '0.8953', 'eval_balanced_accuracy': '0.9', 'eval_macro_f1': '0.8953', 'eval_atc': '0.129', 'eval_normalized_atc': '0.0129', 'eval_target_recall': '0.5806', 'eval_target_recall_macro': '0.8952', 'eval_target_fnr': '0', 'eval_selection_score': '0.4209', 'eval_selection_accuracy_value': '0.9', 'eval_nll': '0.2735', 'eval_brier': '0.1529', 'eval_ece': '0.04469', 'eval_auroc': '0', 'eval_auprc': '0', 'eval_runtime': '3.974', 'eval_samples_per_second': '78.01', 'eval_steps_per_second': '5.033', 'epoch': '7'}
CustomImageProcessor configuration saved to checkpoints/hpo-v3_convnext_base_fb_in22k_ft_in1k_nicme_v3_hybrid_s42_trial0028/checkpoint-112/preprocessor_config.json
{'loss': '0.2101', 'grad_norm': '23.45', 'learning_rate': '7.048e-05', 'epoch': '7.525'}
{'eval_loss': '0.146', 'eval_accuracy': '0.9355', 'eval_f1': '0.9342', 'eval_balanced_accuracy': '0.9355', 'eval_macro_f1': '0.9342', 'eval_atc': '0.3871', 'eval_normalized_atc': '0.03871', 'eval_target_recall': '0.5806', 'eval_target_recall_macro': '0.871', 'eval_target_fnr': '0', 'eval_selection_score': '0.4467', 'eval_selection_accuracy_value': '0.9355', 'eval_nll': '0.137', 'eval_brier': '0.08527', 'eval_ece': '0.04599', 'eval_auroc': '0', 'eval_auprc': '0', 'eval_runtime': '3.996', 'eval_samples_per_second': '77.58', 'eval_steps_per_second': '5.005', 'epoch': '8'}
CustomImageProcessor configuration saved to checkpoints/hpo-v3_convnext_base_fb_in22k_ft_in1k_nicme_v3_hybrid_s42_trial0028/checkpoint-128/preprocessor_config.json
{'loss': '0.3206', 'grad_norm': '30.81', 'learning_rate': '6.934e-05', 'epoch': '8.131'}
{'loss': '0.2566', 'grad_norm': '15.05', 'learning_rate': '6.805e-05', 'epoch': '8.787'}
{'eval_loss': '0.3816', 'eval_accuracy': '0.9', 'eval_f1': '0.8864', 'eval_balanced_accuracy': '0.9', 'eval_macro_f1': '0.8864', 'eval_atc': '0.1871', 'eval_normalized_atc': '0.01871', 'eval_target_recall': '0.9355', 'eval_target_recall_macro': '0.9677', 'eval_target_fnr': '0', 'eval_selection_score': '0.01871', 'eval_selection_accuracy_value': '0.9', 'eval_nll': '0.3786', 'eval_brier': '0.1652', 'eval_ece': '0.07666', 'eval_auroc': '0', 'eval_auprc': '0', 'eval_runtime': '3.797', 'eval_samples_per_second': '81.65', 'eval_steps_per_second': '5.268', 'epoch': '9'}
CustomImageProcessor configuration saved to checkpoints/hpo-v3_convnext_base_fb_in22k_ft_in1k_nicme_v3_hybrid_s42_trial0028/checkpoint-144/preprocessor_config.json
{'loss': '0.2255', 'grad_norm': '33.19', 'learning_rate': '6.661e-05', 'epoch': '9.393'}
{'loss': '0.2856', 'grad_norm': '81.18', 'learning_rate': '6.503e-05', 'epoch': '10'}
{'eval_loss': '0.1463', 'eval_accuracy': '0.9548', 'eval_f1': '0.9531', 'eval_balanced_accuracy': '0.9548', 'eval_macro_f1': '0.9531', 'eval_atc': '0.07419', 'eval_normalized_atc': '0.007419', 'eval_target_recall': '0.6774', 'eval_target_recall_macro': '0.9113', 'eval_target_fnr': '0', 'eval_selection_score': '0.2056', 'eval_selection_accuracy_value': '0.9548', 'eval_nll': '0.1449', 'eval_brier': '0.08166', 'eval_ece': '0.03673', 'eval_auroc': '0', 'eval_auprc': '0', 'eval_runtime': '4.147', 'eval_samples_per_second': '74.75', 'eval_steps_per_second': '4.823', 'epoch': '10'}
CustomImageProcessor configuration saved to checkpoints/hpo-v3_convnext_base_fb_in22k_ft_in1k_nicme_v3_hybrid_s42_trial0028/checkpoint-160/preprocessor_config.json
{'loss': '0.1224', 'grad_norm': '9.988', 'learning_rate': '6.332e-05', 'epoch': '10.66'}
{'eval_loss': '0.052', 'eval_accuracy': '0.9806', 'eval_f1': '0.9808', 'eval_balanced_accuracy': '0.9806', 'eval_macro_f1': '0.9808', 'eval_atc': '0.01935', 'eval_normalized_atc': '0.001935', 'eval_target_recall': '0.9032', 'eval_target_recall_macro': '0.9677', 'eval_target_fnr': '0', 'eval_selection_score': '0.001935', 'eval_selection_accuracy_value': '0.9806', 'eval_nll': '0.05155', 'eval_brier': '0.02938', 'eval_ece': '0.01472', 'eval_auroc': '0', 'eval_auprc': '0', 'eval_runtime': '3.856', 'eval_samples_per_second': '80.39', 'eval_steps_per_second': '5.186', 'epoch': '11'}
CustomImageProcessor configuration saved to checkpoints/hpo-v3_convnext_base_fb_in22k_ft_in1k_nicme_v3_hybrid_s42_trial0028/checkpoint-176/preprocessor_config.json
{'loss': '0.0614', 'grad_norm': '1.323', 'learning_rate': '6.147e-05', 'epoch': '11.26'}
{'loss': '0.04854', 'grad_norm': '9.355', 'learning_rate': '5.952e-05', 'epoch': '11.92'}
{'eval_loss': '0.1185', 'eval_accuracy': '0.9677', 'eval_f1': '0.9664', 'eval_balanced_accuracy': '0.9677', 'eval_macro_f1': '0.9664', 'eval_atc': '0.1194', 'eval_normalized_atc': '0.01194', 'eval_target_recall': '0.7419', 'eval_target_recall_macro': '0.9355', 'eval_target_fnr': '0', 'eval_selection_score': '0.1119', 'eval_selection_accuracy_value': '0.9677', 'eval_nll': '0.116', 'eval_brier': '0.05656', 'eval_ece': '0.02676', 'eval_auroc': '0', 'eval_auprc': '0', 'eval_runtime': '3.666', 'eval_samples_per_second': '84.56', 'eval_steps_per_second': '5.456', 'epoch': '12'}
CustomImageProcessor configuration saved to checkpoints/hpo-v3_convnext_base_fb_in22k_ft_in1k_nicme_v3_hybrid_s42_trial0028/checkpoint-192/preprocessor_config.json
{'loss': '0.03548', 'grad_norm': '18.99', 'learning_rate': '5.745e-05', 'epoch': '12.52'}
{'eval_loss': '0.03662', 'eval_accuracy': '0.9903', 'eval_f1': '0.9903', 'eval_balanced_accuracy': '0.9903', 'eval_macro_f1': '0.9903', 'eval_atc': '0.03871', 'eval_normalized_atc': '0.003871', 'eval_target_recall': '0.9677', 'eval_target_recall_macro': '0.9919', 'eval_target_fnr': '0', 'eval_selection_score': '0.003871', 'eval_selection_accuracy_value': '0.9903', 'eval_nll': '0.03607', 'eval_brier': '0.01709', 'eval_ece': '0.009693', 'eval_auroc': '0', 'eval_auprc': '0', 'eval_runtime': '4.145', 'eval_samples_per_second': '74.79', 'eval_steps_per_second': '4.825', 'epoch': '13'}
CustomImageProcessor configuration saved to checkpoints/hpo-v3_convnext_base_fb_in22k_ft_in1k_nicme_v3_hybrid_s42_trial0028/checkpoint-208/preprocessor_config.json
{'loss': '0.01347', 'grad_norm': '0.654', 'learning_rate': '5.528e-05', 'epoch': '13.13'}
{'loss': '0.007513', 'grad_norm': '3.143', 'learning_rate': '5.303e-05', 'epoch': '13.79'}
{'eval_loss': '0.02364', 'eval_accuracy': '0.9871', 'eval_f1': '0.9872', 'eval_balanced_accuracy': '0.9871', 'eval_macro_f1': '0.9872', 'eval_atc': '0.0129', 'eval_normalized_atc': '0.00129', 'eval_target_recall': '0.9355', 'eval_target_recall_macro': '0.9839', 'eval_target_fnr': '0', 'eval_selection_score': '0.00129', 'eval_selection_accuracy_value': '0.9871', 'eval_nll': '0.02355', 'eval_brier': '0.01394', 'eval_ece': '0.00687', 'eval_auroc': '0', 'eval_auprc': '0', 'eval_runtime': '3.994', 'eval_samples_per_second': '77.61', 'eval_steps_per_second': '5.007', 'epoch': '14'}
CustomImageProcessor configuration saved to checkpoints/hpo-v3_convnext_base_fb_in22k_ft_in1k_nicme_v3_hybrid_s42_trial0028/checkpoint-224/preprocessor_config.json
{'loss': '0.01137', 'grad_norm': '0.8303', 'learning_rate': '5.07e-05', 'epoch': '14.39'}
{'loss': '0.02017', 'grad_norm': '43.36', 'learning_rate': '4.831e-05', 'epoch': '15'}
{'eval_loss': '0.09069', 'eval_accuracy': '0.9742', 'eval_f1': '0.9735', 'eval_balanced_accuracy': '0.9742', 'eval_macro_f1': '0.9735', 'eval_atc': '0.05484', 'eval_normalized_atc': '0.005484', 'eval_target_recall': '0.8065', 'eval_target_recall_macro': '0.9516', 'eval_target_fnr': '0', 'eval_selection_score': '0.04049', 'eval_selection_accuracy_value': '0.9742', 'eval_nll': '0.08971', 'eval_brier': '0.04061', 'eval_ece': '0.01876', 'eval_auroc': '0', 'eval_auprc': '0', 'eval_runtime': '4.113', 'eval_samples_per_second': '75.38', 'eval_steps_per_second': '4.863', 'epoch': '15'}
CustomImageProcessor configuration saved to checkpoints/hpo-v3_convnext_base_fb_in22k_ft_in1k_nicme_v3_hybrid_s42_trial0028/checkpoint-240/preprocessor_config.json
{'loss': '0.06952', 'grad_norm': '43.69', 'learning_rate': '4.586e-05', 'epoch': '15.66'}
{'eval_loss': '0.0564', 'eval_accuracy': '0.9806', 'eval_f1': '0.9801', 'eval_balanced_accuracy': '0.9806', 'eval_macro_f1': '0.9801', 'eval_atc': '0.01935', 'eval_normalized_atc': '0.001935', 'eval_target_recall': '0.8065', 'eval_target_recall_macro': '0.9516', 'eval_target_fnr': '0', 'eval_selection_score': '0.03694', 'eval_selection_accuracy_value': '0.9806', 'eval_nll': '0.05631', 'eval_brier': '0.02709', 'eval_ece': '0.01174', 'eval_auroc': '0', 'eval_auprc': '0', 'eval_runtime': '4.031', 'eval_samples_per_second': '76.9', 'eval_steps_per_second': '4.961', 'epoch': '16'}
CustomImageProcessor configuration saved to checkpoints/hpo-v3_convnext_base_fb_in22k_ft_in1k_nicme_v3_hybrid_s42_trial0028/checkpoint-256/preprocessor_config.json
{'loss': '0.06031', 'grad_norm': '24.23', 'learning_rate': '4.337e-05', 'epoch': '16.26'}
{'loss': '0.01537', 'grad_norm': '60.91', 'learning_rate': '4.085e-05', 'epoch': '16.92'}
{'eval_loss': '0.04974', 'eval_accuracy': '0.9839', 'eval_f1': '0.9838', 'eval_balanced_accuracy': '0.9839', 'eval_macro_f1': '0.9838', 'eval_atc': '0.07419', 'eval_normalized_atc': '0.007419', 'eval_target_recall': '0.9032', 'eval_target_recall_macro': '0.9677', 'eval_target_fnr': '0', 'eval_selection_score': '0.007419', 'eval_selection_accuracy_value': '0.9839', 'eval_nll': '0.04833', 'eval_brier': '0.02723', 'eval_ece': '0.01143', 'eval_auroc': '0', 'eval_auprc': '0', 'eval_runtime': '4.066', 'eval_samples_per_second': '76.25', 'eval_steps_per_second': '4.919', 'epoch': '17'}
CustomImageProcessor configuration saved to checkpoints/hpo-v3_convnext_base_fb_in22k_ft_in1k_nicme_v3_hybrid_s42_trial0028/checkpoint-272/preprocessor_config.json
{'loss': '0.02577', 'grad_norm': '0.03726', 'learning_rate': '3.831e-05', 'epoch': '17.52'}
{'eval_loss': '0.007692', 'eval_accuracy': '1', 'eval_f1': '1', 'eval_balanced_accuracy': '1', 'eval_macro_f1': '1', 'eval_atc': '0', 'eval_normalized_atc': '0', 'eval_target_recall': '1', 'eval_target_recall_macro': '1', 'eval_target_fnr': '0', 'eval_selection_score': '0', 'eval_selection_accuracy_value': '1', 'eval_nll': '0.007558', 'eval_brier': '0.00351', 'eval_ece': '0.00596', 'eval_auroc': '0', 'eval_auprc': '0', 'eval_runtime': '4.051', 'eval_samples_per_second': '76.53', 'eval_steps_per_second': '4.937', 'epoch': '18'}
CustomImageProcessor configuration saved to checkpoints/hpo-v3_convnext_base_fb_in22k_ft_in1k_nicme_v3_hybrid_s42_trial0028/checkpoint-288/preprocessor_config.json
{'loss': '0.001371', 'grad_norm': '0.2447', 'learning_rate': '3.576e-05', 'epoch': '18.13'}
{'loss': '0.0007358', 'grad_norm': '0.1488', 'learning_rate': '3.322e-05', 'epoch': '18.79'}
{'eval_loss': '0.02022', 'eval_accuracy': '0.9903', 'eval_f1': '0.9902', 'eval_balanced_accuracy': '0.9903', 'eval_macro_f1': '0.9902', 'eval_atc': '0.009677', 'eval_normalized_atc': '0.0009677', 'eval_target_recall': '0.9032', 'eval_target_recall_macro': '0.9758', 'eval_target_fnr': '0', 'eval_selection_score': '0.0009677', 'eval_selection_accuracy_value': '0.9903', 'eval_nll': '0.02', 'eval_brier': '0.01309', 'eval_ece': '0.008556', 'eval_auroc': '0', 'eval_auprc': '0', 'eval_runtime': '4.03', 'eval_samples_per_second': '76.92', 'eval_steps_per_second': '4.962', 'epoch': '19'}
CustomImageProcessor configuration saved to checkpoints/hpo-v3_convnext_base_fb_in22k_ft_in1k_nicme_v3_hybrid_s42_trial0028/checkpoint-304/preprocessor_config.json
{'loss': '0.0005151', 'grad_norm': '0.04029', 'learning_rate': '3.069e-05', 'epoch': '19.39'}
{'loss': '0.0003306', 'grad_norm': '0.2067', 'learning_rate': '2.82e-05', 'epoch': '20'}
{'eval_loss': '0.01499', 'eval_accuracy': '0.9935', 'eval_f1': '0.9935', 'eval_balanced_accuracy': '0.9935', 'eval_macro_f1': '0.9935', 'eval_atc': '0.006452', 'eval_normalized_atc': '0.0006452', 'eval_target_recall': '0.9355', 'eval_target_recall_macro': '0.9839', 'eval_target_fnr': '0', 'eval_selection_score': '0.0006452', 'eval_selection_accuracy_value': '0.9935', 'eval_nll': '0.01466', 'eval_brier': '0.009198', 'eval_ece': '0.006154', 'eval_auroc': '0', 'eval_auprc': '0', 'eval_runtime': '3.728', 'eval_samples_per_second': '83.16', 'eval_steps_per_second': '5.365', 'epoch': '20'}
CustomImageProcessor configuration saved to checkpoints/hpo-v3_convnext_base_fb_in22k_ft_in1k_nicme_v3_hybrid_s42_trial0028/checkpoint-320/preprocessor_config.json
{'loss': '0.0006504', 'grad_norm': '0.01803', 'learning_rate': '2.574e-05', 'epoch': '20.66'}
{'eval_loss': '0.009021', 'eval_accuracy': '0.9968', 'eval_f1': '0.9968', 'eval_balanced_accuracy': '0.9968', 'eval_macro_f1': '0.9968', 'eval_atc': '0.003226', 'eval_normalized_atc': '0.0003226', 'eval_target_recall': '0.9677', 'eval_target_recall_macro': '0.9919', 'eval_target_fnr': '0', 'eval_selection_score': '0.0003226', 'eval_selection_accuracy_value': '0.9968', 'eval_nll': '0.008769', 'eval_brier': '0.005339', 'eval_ece': '0.002139', 'eval_auroc': '0', 'eval_auprc': '0', 'eval_runtime': '3.603', 'eval_samples_per_second': '86.04', 'eval_steps_per_second': '5.551', 'epoch': '21'}
CustomImageProcessor configuration saved to checkpoints/hpo-v3_convnext_base_fb_in22k_ft_in1k_nicme_v3_hybrid_s42_trial0028/checkpoint-336/preprocessor_config.json
{'loss': '0.0004426', 'grad_norm': '0.01701', 'learning_rate': '2.334e-05', 'epoch': '21.26'}
{'loss': '0.0007018', 'grad_norm': '0.0185', 'learning_rate': '2.101e-05', 'epoch': '21.92'}
{'eval_loss': '0.01374', 'eval_accuracy': '0.9935', 'eval_f1': '0.9936', 'eval_balanced_accuracy': '0.9935', 'eval_macro_f1': '0.9936', 'eval_atc': '0.006452', 'eval_normalized_atc': '0.0006452', 'eval_target_recall': '0.9677', 'eval_target_recall_macro': '0.9919', 'eval_target_fnr': '0', 'eval_selection_score': '0.0006452', 'eval_selection_accuracy_value': '0.9935', 'eval_nll': '0.01351', 'eval_brier': '0.008815', 'eval_ece': '0.006698', 'eval_auroc': '0', 'eval_auprc': '0', 'eval_runtime': '4.141', 'eval_samples_per_second': '74.86', 'eval_steps_per_second': '4.83', 'epoch': '22'}
CustomImageProcessor configuration saved to checkpoints/hpo-v3_convnext_base_fb_in22k_ft_in1k_nicme_v3_hybrid_s42_trial0028/checkpoint-352/preprocessor_config.json
{'loss': '0.0003004', 'grad_norm': '0.06208', 'learning_rate': '1.875e-05', 'epoch': '22.52'}
{'eval_loss': '0.01264', 'eval_accuracy': '0.9935', 'eval_f1': '0.9935', 'eval_balanced_accuracy': '0.9935', 'eval_macro_f1': '0.9935', 'eval_atc': '0.006452', 'eval_normalized_atc': '0.0006452', 'eval_target_recall': '0.9355', 'eval_target_recall_macro': '0.9839', 'eval_target_fnr': '0', 'eval_selection_score': '0.0006452', 'eval_selection_accuracy_value': '0.9935', 'eval_nll': '0.01239', 'eval_brier': '0.007432', 'eval_ece': '0.006116', 'eval_auroc': '0', 'eval_auprc': '0', 'eval_runtime': '4.185', 'eval_samples_per_second': '74.07', 'eval_steps_per_second': '4.779', 'epoch': '23'}
CustomImageProcessor configuration saved to checkpoints/hpo-v3_convnext_base_fb_in22k_ft_in1k_nicme_v3_hybrid_s42_trial0028/checkpoint-368/preprocessor_config.json
{'train_runtime': '360.1', 'train_samples_per_second': '86.2', 'train_steps_per_second': '1.422', 'train_loss': '0.8757', 'epoch': '23'}
***** train metrics *****
  epoch                    =       23.0
  total_flos               =        0GF
  train_loss               =     0.8757
  train_runtime            = 0:06:00.07
  train_samples_per_second =     86.203
  train_steps_per_second   =      1.422
Using device: cuda

============================================================
PERFORMING COMPREHENSIVE EVALUATION
============================================================
Results will be saved to: results/pmi10_convnext_base_fb_in22k_ft_in1k_test/hpo-v3_convnext_base_fb_in22k_ft_in1k_nicme_v3_hybrid_s42_trial0028_05-02_04-56
Saving run configuration...
Run configuration saved to: results/pmi10_convnext_base_fb_in22k_ft_in1k_test/hpo-v3_convnext_base_fb_in22k_ft_in1k_nicme_v3_hybrid_s42_trial0028_05-02_04-56/run_configuration_20260502_045653.json
Running model evaluation...
Computing detailed metrics...
Saving metrics to files...
Metrics saved to: results/pmi10_convnext_base_fb_in22k_ft_in1k_test/hpo-v3_convnext_base_fb_in22k_ft_in1k_nicme_v3_hybrid_s42_trial0028_05-02_04-56/metrics_20260502_045702_nicme_v3_hybrid.json and results/pmi10_convnext_base_fb_in22k_ft_in1k_test/hpo-v3_convnext_base_fb_in22k_ft_in1k_nicme_v3_hybrid_s42_trial0028_05-02_04-56/metrics_20260502_045702_nicme_v3_hybrid.txt
Using provided class names: ['00378-0208', '00378-3855', '00591-0461', '16729-0020', '50111-0434', '53489-0156', '53746-0544', '62037-0831', '68382-0008', '68382-0227']
Skipping confusion matrix visualizations by configuration.

============================================================
TRAINING COMPLETED - RESULTS SUMMARY
============================================================
Output Directory: results/pmi10_convnext_base_fb_in22k_ft_in1k_test/hpo-v3_convnext_base_fb_in22k_ft_in1k_nicme_v3_hybrid_s42_trial0028_05-02_04-56
Overall Accuracy: 0.9781
Balanced Accuracy: 0.9781
Overall F1 Score: 0.9783
Kappa: 0.9757
AUC: 0.9998
Expected Cost: 0.0500
Loss Function Used: nicme_v3_hybrid
Total Test Samples: 320
Classes: 00378-0208, 00378-3855, 00591-0461, 16729-0020, 50111-0434, 53489-0156, 53746-0544, 62037-0831, 68382-0008, 68382-0227

Detailed metrics saved to: results/pmi10_convnext_base_fb_in22k_ft_in1k_test/hpo-v3_convnext_base_fb_in22k_ft_in1k_nicme_v3_hybrid_s42_trial0028_05-02_04-56
============================================================
