Prepared manifest loaded — Train=970, Val=310, Calibration=0, Test=320
cuda
Using model backend=timm type=pmi10_convnext_base_fb_in22k_ft_in1k with 10 labels
Early stopping enabled with patience=5
Using device: cuda
{'loss': '9.272', 'grad_norm': '20.89', 'learning_rate': '2.471e-05', 'epoch': '0.6557'}
{'eval_loss': '1.614', 'eval_accuracy': '0.4419', 'eval_f1': '0.3767', 'eval_balanced_accuracy': '0.4419', 'eval_macro_f1': '0.3767', 'eval_atc': '0.8774', 'eval_normalized_atc': '0.08774', 'eval_target_recall': '0', 'eval_target_recall_macro': '0.4919', 'eval_target_fnr': '0.3548', 'eval_selection_score': '3.456', 'eval_selection_accuracy_value': '0.4419', 'eval_nll': '1.545', 'eval_brier': '0.6803', 'eval_ece': '0.1035', 'eval_auroc': '0', 'eval_auprc': '0', 'eval_runtime': '4.608', 'eval_samples_per_second': '67.27', 'eval_steps_per_second': '4.34', 'epoch': '1'}
CustomImageProcessor configuration saved to checkpoints/hpo-v3_convnext_base_fb_in22k_ft_in1k_nicme_v3_hybrid_s42_trial0029/checkpoint-16/preprocessor_config.json
{'loss': '6.223', 'grad_norm': '53.83', 'learning_rate': '5.216e-05', 'epoch': '1.262'}
{'loss': '3.934', 'grad_norm': '35.75', 'learning_rate': '7.687e-05', 'epoch': '1.918'}
{'eval_loss': '0.7783', 'eval_accuracy': '0.7484', 'eval_f1': '0.7259', 'eval_balanced_accuracy': '0.7484', 'eval_macro_f1': '0.7259', 'eval_atc': '0.9484', 'eval_normalized_atc': '0.09484', 'eval_target_recall': '0.1935', 'eval_target_recall_macro': '0.5242', 'eval_target_fnr': '0.129', 'eval_selection_score': '2.094', 'eval_selection_accuracy_value': '0.7484', 'eval_nll': '0.6772', 'eval_brier': '0.3556', 'eval_ece': '0.07897', 'eval_auroc': '0', 'eval_auprc': '0', 'eval_runtime': '4.035', 'eval_samples_per_second': '76.83', 'eval_steps_per_second': '4.957', 'epoch': '2'}
CustomImageProcessor configuration saved to checkpoints/hpo-v3_convnext_base_fb_in22k_ft_in1k_nicme_v3_hybrid_s42_trial0029/checkpoint-32/preprocessor_config.json
{'loss': '2.138', 'grad_norm': '28.06', 'learning_rate': '7.677e-05', 'epoch': '2.525'}
{'eval_loss': '0.5036', 'eval_accuracy': '0.7677', 'eval_f1': '0.7556', 'eval_balanced_accuracy': '0.7677', 'eval_macro_f1': '0.7556', 'eval_atc': '0.5032', 'eval_normalized_atc': '0.05032', 'eval_target_recall': '0.5484', 'eval_target_recall_macro': '0.8629', 'eval_target_fnr': '0', 'eval_selection_score': '0.5459', 'eval_selection_accuracy_value': '0.7677', 'eval_nll': '0.4504', 'eval_brier': '0.2852', 'eval_ece': '0.08116', 'eval_auroc': '0', 'eval_auprc': '0', 'eval_runtime': '3.8', 'eval_samples_per_second': '81.59', 'eval_steps_per_second': '5.264', 'epoch': '3'}
CustomImageProcessor configuration saved to checkpoints/hpo-v3_convnext_base_fb_in22k_ft_in1k_nicme_v3_hybrid_s42_trial0029/checkpoint-48/preprocessor_config.json
{'loss': '1.336', 'grad_norm': '95.64', 'learning_rate': '7.651e-05', 'epoch': '3.131'}
{'loss': '0.8609', 'grad_norm': '61.58', 'learning_rate': '7.609e-05', 'epoch': '3.787'}
{'eval_loss': '0.1676', 'eval_accuracy': '0.9452', 'eval_f1': '0.9415', 'eval_balanced_accuracy': '0.9452', 'eval_macro_f1': '0.9415', 'eval_atc': '0.1129', 'eval_normalized_atc': '0.01129', 'eval_target_recall': '0.5484', 'eval_target_recall_macro': '0.8871', 'eval_target_fnr': '0', 'eval_selection_score': '0.5058', 'eval_selection_accuracy_value': '0.9452', 'eval_nll': '0.1474', 'eval_brier': '0.07629', 'eval_ece': '0.02279', 'eval_auroc': '0', 'eval_auprc': '0', 'eval_runtime': '4.137', 'eval_samples_per_second': '74.93', 'eval_steps_per_second': '4.834', 'epoch': '4'}
CustomImageProcessor configuration saved to checkpoints/hpo-v3_convnext_base_fb_in22k_ft_in1k_nicme_v3_hybrid_s42_trial0029/checkpoint-64/preprocessor_config.json
{'loss': '0.6914', 'grad_norm': '40.43', 'learning_rate': '7.552e-05', 'epoch': '4.393'}
{'loss': '0.6186', 'grad_norm': '4.134', 'learning_rate': '7.478e-05', 'epoch': '5'}
{'eval_loss': '0.1061', 'eval_accuracy': '0.9806', 'eval_f1': '0.9802', 'eval_balanced_accuracy': '0.9806', 'eval_macro_f1': '0.9802', 'eval_atc': '0.01935', 'eval_normalized_atc': '0.001935', 'eval_target_recall': '0.8387', 'eval_target_recall_macro': '0.9597', 'eval_target_fnr': '0', 'eval_selection_score': '0.01696', 'eval_selection_accuracy_value': '0.9806', 'eval_nll': '0.0921', 'eval_brier': '0.03827', 'eval_ece': '0.03214', 'eval_auroc': '0', 'eval_auprc': '0', 'eval_runtime': '3.937', 'eval_samples_per_second': '78.75', 'eval_steps_per_second': '5.081', 'epoch': '5'}
CustomImageProcessor configuration saved to checkpoints/hpo-v3_convnext_base_fb_in22k_ft_in1k_nicme_v3_hybrid_s42_trial0029/checkpoint-80/preprocessor_config.json
{'loss': '0.46', 'grad_norm': '8.903', 'learning_rate': '7.39e-05', 'epoch': '5.656'}
{'eval_loss': '0.08633', 'eval_accuracy': '0.9774', 'eval_f1': '0.9774', 'eval_balanced_accuracy': '0.9774', 'eval_macro_f1': '0.9774', 'eval_atc': '0.05161', 'eval_normalized_atc': '0.005161', 'eval_target_recall': '0.9355', 'eval_target_recall_macro': '0.9758', 'eval_target_fnr': '0', 'eval_selection_score': '0.005161', 'eval_selection_accuracy_value': '0.9774', 'eval_nll': '0.07791', 'eval_brier': '0.03809', 'eval_ece': '0.01701', 'eval_auroc': '0', 'eval_auprc': '0', 'eval_runtime': '4.173', 'eval_samples_per_second': '74.28', 'eval_steps_per_second': '4.792', 'epoch': '6'}
CustomImageProcessor configuration saved to checkpoints/hpo-v3_convnext_base_fb_in22k_ft_in1k_nicme_v3_hybrid_s42_trial0029/checkpoint-96/preprocessor_config.json
{'loss': '0.2934', 'grad_norm': '41.6', 'learning_rate': '7.286e-05', 'epoch': '6.262'}
{'loss': '0.1668', 'grad_norm': '24.92', 'learning_rate': '7.168e-05', 'epoch': '6.918'}
{'eval_loss': '0.09718', 'eval_accuracy': '0.9645', 'eval_f1': '0.9634', 'eval_balanced_accuracy': '0.9645', 'eval_macro_f1': '0.9634', 'eval_atc': '0.06452', 'eval_normalized_atc': '0.006452', 'eval_target_recall': '0.7419', 'eval_target_recall_macro': '0.9274', 'eval_target_fnr': '0', 'eval_selection_score': '0.1064', 'eval_selection_accuracy_value': '0.9645', 'eval_nll': '0.09156', 'eval_brier': '0.04637', 'eval_ece': '0.01184', 'eval_auroc': '0', 'eval_auprc': '0', 'eval_runtime': '3.8', 'eval_samples_per_second': '81.58', 'eval_steps_per_second': '5.263', 'epoch': '7'}
CustomImageProcessor configuration saved to checkpoints/hpo-v3_convnext_base_fb_in22k_ft_in1k_nicme_v3_hybrid_s42_trial0029/checkpoint-112/preprocessor_config.json
{'loss': '0.1753', 'grad_norm': '10.06', 'learning_rate': '7.036e-05', 'epoch': '7.525'}
{'eval_loss': '0.1216', 'eval_accuracy': '0.9581', 'eval_f1': '0.9587', 'eval_balanced_accuracy': '0.9581', 'eval_macro_f1': '0.9587', 'eval_atc': '0.1323', 'eval_normalized_atc': '0.01323', 'eval_target_recall': '0.871', 'eval_target_recall_macro': '0.9597', 'eval_target_fnr': '0', 'eval_selection_score': '0.0166', 'eval_selection_accuracy_value': '0.9581', 'eval_nll': '0.1011', 'eval_brier': '0.05891', 'eval_ece': '0.01644', 'eval_auroc': '0', 'eval_auprc': '0', 'eval_runtime': '4.147', 'eval_samples_per_second': '74.74', 'eval_steps_per_second': '4.822', 'epoch': '8'}
CustomImageProcessor configuration saved to checkpoints/hpo-v3_convnext_base_fb_in22k_ft_in1k_nicme_v3_hybrid_s42_trial0029/checkpoint-128/preprocessor_config.json
{'loss': '0.07644', 'grad_norm': '37.46', 'learning_rate': '6.89e-05', 'epoch': '8.131'}
{'loss': '0.331', 'grad_norm': '64.25', 'learning_rate': '6.732e-05', 'epoch': '8.787'}
{'eval_loss': '0.1253', 'eval_accuracy': '0.9516', 'eval_f1': '0.9492', 'eval_balanced_accuracy': '0.9516', 'eval_macro_f1': '0.9492', 'eval_atc': '0.07742', 'eval_normalized_atc': '0.007742', 'eval_target_recall': '0.9677', 'eval_target_recall_macro': '0.9839', 'eval_target_fnr': '0', 'eval_selection_score': '0.007742', 'eval_selection_accuracy_value': '0.9516', 'eval_nll': '0.1211', 'eval_brier': '0.06683', 'eval_ece': '0.02563', 'eval_auroc': '0', 'eval_auprc': '0', 'eval_runtime': '3.904', 'eval_samples_per_second': '79.4', 'eval_steps_per_second': '5.122', 'epoch': '9'}
CustomImageProcessor configuration saved to checkpoints/hpo-v3_convnext_base_fb_in22k_ft_in1k_nicme_v3_hybrid_s42_trial0029/checkpoint-144/preprocessor_config.json
{'loss': '0.05781', 'grad_norm': '25.54', 'learning_rate': '6.561e-05', 'epoch': '9.393'}
{'loss': '0.1367', 'grad_norm': '41.27', 'learning_rate': '6.379e-05', 'epoch': '10'}
{'eval_loss': '0.06245', 'eval_accuracy': '0.9806', 'eval_f1': '0.9806', 'eval_balanced_accuracy': '0.9806', 'eval_macro_f1': '0.9806', 'eval_atc': '0.01935', 'eval_normalized_atc': '0.001935', 'eval_target_recall': '0.9032', 'eval_target_recall_macro': '0.9677', 'eval_target_fnr': '0', 'eval_selection_score': '0.001935', 'eval_selection_accuracy_value': '0.9806', 'eval_nll': '0.06012', 'eval_brier': '0.03094', 'eval_ece': '0.01134', 'eval_auroc': '0', 'eval_auprc': '0', 'eval_runtime': '3.749', 'eval_samples_per_second': '82.69', 'eval_steps_per_second': '5.335', 'epoch': '10'}
CustomImageProcessor configuration saved to checkpoints/hpo-v3_convnext_base_fb_in22k_ft_in1k_nicme_v3_hybrid_s42_trial0029/checkpoint-160/preprocessor_config.json
{'loss': '0.06183', 'grad_norm': '3.726', 'learning_rate': '6.186e-05', 'epoch': '10.66'}
{'eval_loss': '0.03987', 'eval_accuracy': '0.9871', 'eval_f1': '0.9873', 'eval_balanced_accuracy': '0.9871', 'eval_macro_f1': '0.9873', 'eval_atc': '0.0129', 'eval_normalized_atc': '0.00129', 'eval_target_recall': '0.9355', 'eval_target_recall_macro': '0.9839', 'eval_target_fnr': '0', 'eval_selection_score': '0.00129', 'eval_selection_accuracy_value': '0.9871', 'eval_nll': '0.03918', 'eval_brier': '0.02204', 'eval_ece': '0.0106', 'eval_auroc': '0', 'eval_auprc': '0', 'eval_runtime': '3.973', 'eval_samples_per_second': '78.02', 'eval_steps_per_second': '5.034', 'epoch': '11'}
CustomImageProcessor configuration saved to checkpoints/hpo-v3_convnext_base_fb_in22k_ft_in1k_nicme_v3_hybrid_s42_trial0029/checkpoint-176/preprocessor_config.json
{'loss': '0.03593', 'grad_norm': '1.268', 'learning_rate': '5.984e-05', 'epoch': '11.26'}
{'loss': '0.105', 'grad_norm': '111.9', 'learning_rate': '5.772e-05', 'epoch': '11.92'}
{'eval_loss': '0.09165', 'eval_accuracy': '0.9774', 'eval_f1': '0.9774', 'eval_balanced_accuracy': '0.9774', 'eval_macro_f1': '0.9774', 'eval_atc': '0.1097', 'eval_normalized_atc': '0.01097', 'eval_target_recall': '0.9355', 'eval_target_recall_macro': '0.9677', 'eval_target_fnr': '0', 'eval_selection_score': '0.01097', 'eval_selection_accuracy_value': '0.9774', 'eval_nll': '0.08092', 'eval_brier': '0.03586', 'eval_ece': '0.01956', 'eval_auroc': '0', 'eval_auprc': '0', 'eval_runtime': '3.857', 'eval_samples_per_second': '80.38', 'eval_steps_per_second': '5.186', 'epoch': '12'}
CustomImageProcessor configuration saved to checkpoints/hpo-v3_convnext_base_fb_in22k_ft_in1k_nicme_v3_hybrid_s42_trial0029/checkpoint-192/preprocessor_config.json
{'loss': '0.1239', 'grad_norm': '19.36', 'learning_rate': '5.553e-05', 'epoch': '12.52'}
{'eval_loss': '0.04728', 'eval_accuracy': '0.9839', 'eval_f1': '0.9839', 'eval_balanced_accuracy': '0.9839', 'eval_macro_f1': '0.9839', 'eval_atc': '0.01613', 'eval_normalized_atc': '0.001613', 'eval_target_recall': '0.9355', 'eval_target_recall_macro': '0.9839', 'eval_target_fnr': '0', 'eval_selection_score': '0.001613', 'eval_selection_accuracy_value': '0.9839', 'eval_nll': '0.04643', 'eval_brier': '0.02339', 'eval_ece': '0.01247', 'eval_auroc': '0', 'eval_auprc': '0', 'eval_runtime': '4.277', 'eval_samples_per_second': '72.48', 'eval_steps_per_second': '4.676', 'epoch': '13'}
CustomImageProcessor configuration saved to checkpoints/hpo-v3_convnext_base_fb_in22k_ft_in1k_nicme_v3_hybrid_s42_trial0029/checkpoint-208/preprocessor_config.json
{'loss': '0.004316', 'grad_norm': '0.9698', 'learning_rate': '5.326e-05', 'epoch': '13.13'}
{'loss': '0.01012', 'grad_norm': '26.29', 'learning_rate': '5.093e-05', 'epoch': '13.79'}
{'eval_loss': '0.03968', 'eval_accuracy': '0.9871', 'eval_f1': '0.9871', 'eval_balanced_accuracy': '0.9871', 'eval_macro_f1': '0.9871', 'eval_atc': '0.0129', 'eval_normalized_atc': '0.00129', 'eval_target_recall': '0.9355', 'eval_target_recall_macro': '0.9839', 'eval_target_fnr': '0', 'eval_selection_score': '0.00129', 'eval_selection_accuracy_value': '0.9871', 'eval_nll': '0.03948', 'eval_brier': '0.02037', 'eval_ece': '0.01215', 'eval_auroc': '0', 'eval_auprc': '0', 'eval_runtime': '4.058', 'eval_samples_per_second': '76.39', 'eval_steps_per_second': '4.928', 'epoch': '14'}
CustomImageProcessor configuration saved to checkpoints/hpo-v3_convnext_base_fb_in22k_ft_in1k_nicme_v3_hybrid_s42_trial0029/checkpoint-224/preprocessor_config.json
{'train_runtime': '221.3', 'train_samples_per_second': '140.2', 'train_steps_per_second': '2.313', 'train_loss': '1.21', 'epoch': '14'}
***** train metrics *****
  epoch                    =       14.0
  total_flos               =        0GF
  train_loss               =     1.2104
  train_runtime            = 0:03:41.31
  train_samples_per_second =     140.25
  train_steps_per_second   =      2.313
Using device: cuda

============================================================
PERFORMING COMPREHENSIVE EVALUATION
============================================================
Results will be saved to: results/pmi10_convnext_base_fb_in22k_ft_in1k_test/hpo-v3_convnext_base_fb_in22k_ft_in1k_nicme_v3_hybrid_s42_trial0029_05-02_05-01
Saving run configuration...
Run configuration saved to: results/pmi10_convnext_base_fb_in22k_ft_in1k_test/hpo-v3_convnext_base_fb_in22k_ft_in1k_nicme_v3_hybrid_s42_trial0029_05-02_05-01/run_configuration_20260502_050101.json
Running model evaluation...
Computing detailed metrics...
Saving metrics to files...
Metrics saved to: results/pmi10_convnext_base_fb_in22k_ft_in1k_test/hpo-v3_convnext_base_fb_in22k_ft_in1k_nicme_v3_hybrid_s42_trial0029_05-02_05-01/metrics_20260502_050111_nicme_v3_hybrid.json and results/pmi10_convnext_base_fb_in22k_ft_in1k_test/hpo-v3_convnext_base_fb_in22k_ft_in1k_nicme_v3_hybrid_s42_trial0029_05-02_05-01/metrics_20260502_050111_nicme_v3_hybrid.txt
Using provided class names: ['00378-0208', '00378-3855', '00591-0461', '16729-0020', '50111-0434', '53489-0156', '53746-0544', '62037-0831', '68382-0008', '68382-0227']
Skipping confusion matrix visualizations by configuration.

============================================================
TRAINING COMPLETED - RESULTS SUMMARY
============================================================
Output Directory: results/pmi10_convnext_base_fb_in22k_ft_in1k_test/hpo-v3_convnext_base_fb_in22k_ft_in1k_nicme_v3_hybrid_s42_trial0029_05-02_05-01
Overall Accuracy: 0.9469
Balanced Accuracy: 0.9469
Overall F1 Score: 0.9457
Kappa: 0.9410
AUC: 0.9997
Expected Cost: 0.1094
Loss Function Used: nicme_v3_hybrid
Total Test Samples: 320
Classes: 00378-0208, 00378-3855, 00591-0461, 16729-0020, 50111-0434, 53489-0156, 53746-0544, 62037-0831, 68382-0008, 68382-0227

Detailed metrics saved to: results/pmi10_convnext_base_fb_in22k_ft_in1k_test/hpo-v3_convnext_base_fb_in22k_ft_in1k_nicme_v3_hybrid_s42_trial0029_05-02_05-01
============================================================
