Prepared manifest loaded — Train=970, Val=310, Calibration=0, Test=320
cuda
Using model backend=timm type=pmi10_convnext_base_fb_in22k_ft_in1k with 10 labels
Early stopping enabled with patience=5
Using device: cuda
{'loss': '9.265', 'grad_norm': '17.93', 'learning_rate': '1.228e-05', 'epoch': '0.6557'}
{'eval_loss': '1.853', 'eval_accuracy': '0.5258', 'eval_f1': '0.4833', 'eval_balanced_accuracy': '0.5258', 'eval_macro_f1': '0.4833', 'eval_atc': '1.223', 'eval_normalized_atc': '0.1223', 'eval_target_recall': '0.129', 'eval_target_recall_macro': '0.4919', 'eval_target_fnr': '0.5161', 'eval_selection_score': '2.575', 'eval_selection_accuracy_value': '0.5258', 'eval_nll': '1.838', 'eval_brier': '0.7723', 'eval_ece': '0.3237', 'eval_auroc': '0', 'eval_auprc': '0', 'eval_runtime': '4.938', 'eval_samples_per_second': '62.77', 'eval_steps_per_second': '4.05', 'epoch': '1'}
CustomImageProcessor configuration saved to checkpoints/hpo-v3_convnext_base_fb_in22k_ft_in1k_nicme_v3_hybrid_s42_trial0031/checkpoint-16/preprocessor_config.json
{'loss': '7.116', 'grad_norm': '25.13', 'learning_rate': '2.593e-05', 'epoch': '1.262'}
{'loss': '5.085', 'grad_norm': '25.76', 'learning_rate': '3.957e-05', 'epoch': '1.918'}
{'eval_loss': '0.837', 'eval_accuracy': '0.7484', 'eval_f1': '0.7296', 'eval_balanced_accuracy': '0.7484', 'eval_macro_f1': '0.7296', 'eval_atc': '0.8323', 'eval_normalized_atc': '0.08323', 'eval_target_recall': '0.1613', 'eval_target_recall_macro': '0.5403', 'eval_target_fnr': '0.2903', 'eval_selection_score': '2.269', 'eval_selection_accuracy_value': '0.7484', 'eval_nll': '0.8097', 'eval_brier': '0.4121', 'eval_ece': '0.198', 'eval_auroc': '0', 'eval_auprc': '0', 'eval_runtime': '4.196', 'eval_samples_per_second': '73.88', 'eval_steps_per_second': '4.767', 'epoch': '2'}
CustomImageProcessor configuration saved to checkpoints/hpo-v3_convnext_base_fb_in22k_ft_in1k_nicme_v3_hybrid_s42_trial0031/checkpoint-32/preprocessor_config.json
{'loss': '2.666', 'grad_norm': '18.83', 'learning_rate': '5.322e-05', 'epoch': '2.525'}
{'eval_loss': '0.4798', 'eval_accuracy': '0.7935', 'eval_f1': '0.7739', 'eval_balanced_accuracy': '0.7935', 'eval_macro_f1': '0.7739', 'eval_atc': '0.4194', 'eval_normalized_atc': '0.04194', 'eval_target_recall': '0.8387', 'eval_target_recall_macro': '0.9032', 'eval_target_fnr': '0', 'eval_selection_score': '0.057', 'eval_selection_accuracy_value': '0.7935', 'eval_nll': '0.46', 'eval_brier': '0.2721', 'eval_ece': '0.06214', 'eval_auroc': '0', 'eval_auprc': '0', 'eval_runtime': '3.855', 'eval_samples_per_second': '80.42', 'eval_steps_per_second': '5.188', 'epoch': '3'}
CustomImageProcessor configuration saved to checkpoints/hpo-v3_convnext_base_fb_in22k_ft_in1k_nicme_v3_hybrid_s42_trial0031/checkpoint-48/preprocessor_config.json
{'loss': '1.73', 'grad_norm': '53.8', 'learning_rate': '5.865e-05', 'epoch': '3.131'}
{'loss': '1.365', 'grad_norm': '123.5', 'learning_rate': '5.851e-05', 'epoch': '3.787'}
{'eval_loss': '0.2461', 'eval_accuracy': '0.9355', 'eval_f1': '0.9347', 'eval_balanced_accuracy': '0.9355', 'eval_macro_f1': '0.9347', 'eval_atc': '0.2', 'eval_normalized_atc': '0.02', 'eval_target_recall': '0.7742', 'eval_target_recall_macro': '0.8871', 'eval_target_fnr': '0', 'eval_selection_score': '0.08331', 'eval_selection_accuracy_value': '0.9355', 'eval_nll': '0.232', 'eval_brier': '0.1146', 'eval_ece': '0.09071', 'eval_auroc': '0', 'eval_auprc': '0', 'eval_runtime': '3.873', 'eval_samples_per_second': '80.04', 'eval_steps_per_second': '5.164', 'epoch': '4'}
CustomImageProcessor configuration saved to checkpoints/hpo-v3_convnext_base_fb_in22k_ft_in1k_nicme_v3_hybrid_s42_trial0031/checkpoint-64/preprocessor_config.json
{'loss': '0.8977', 'grad_norm': '24.77', 'learning_rate': '5.823e-05', 'epoch': '4.393'}
{'loss': '0.6723', 'grad_norm': '12.21', 'learning_rate': '5.783e-05', 'epoch': '5'}
{'eval_loss': '0.1545', 'eval_accuracy': '0.9645', 'eval_f1': '0.9641', 'eval_balanced_accuracy': '0.9645', 'eval_macro_f1': '0.9641', 'eval_atc': '0.03548', 'eval_normalized_atc': '0.003548', 'eval_target_recall': '0.8065', 'eval_target_recall_macro': '0.9516', 'eval_target_fnr': '0', 'eval_selection_score': '0.03855', 'eval_selection_accuracy_value': '0.9645', 'eval_nll': '0.1479', 'eval_brier': '0.07083', 'eval_ece': '0.05743', 'eval_auroc': '0', 'eval_auprc': '0', 'eval_runtime': '4.234', 'eval_samples_per_second': '73.22', 'eval_steps_per_second': '4.724', 'epoch': '5'}
CustomImageProcessor configuration saved to checkpoints/hpo-v3_convnext_base_fb_in22k_ft_in1k_nicme_v3_hybrid_s42_trial0031/checkpoint-80/preprocessor_config.json
{'loss': '0.5273', 'grad_norm': '7.93', 'learning_rate': '5.729e-05', 'epoch': '5.656'}
{'eval_loss': '0.1185', 'eval_accuracy': '0.9548', 'eval_f1': '0.9525', 'eval_balanced_accuracy': '0.9548', 'eval_macro_f1': '0.9525', 'eval_atc': '0.1323', 'eval_normalized_atc': '0.01323', 'eval_target_recall': '0.6452', 'eval_target_recall_macro': '0.8952', 'eval_target_fnr': '0', 'eval_selection_score': '0.273', 'eval_selection_accuracy_value': '0.9548', 'eval_nll': '0.1128', 'eval_brier': '0.05597', 'eval_ece': '0.03562', 'eval_auroc': '0', 'eval_auprc': '0', 'eval_runtime': '3.595', 'eval_samples_per_second': '86.24', 'eval_steps_per_second': '5.564', 'epoch': '6'}
CustomImageProcessor configuration saved to checkpoints/hpo-v3_convnext_base_fb_in22k_ft_in1k_nicme_v3_hybrid_s42_trial0031/checkpoint-96/preprocessor_config.json
{'loss': '0.4165', 'grad_norm': '45.49', 'learning_rate': '5.663e-05', 'epoch': '6.262'}
{'loss': '0.2085', 'grad_norm': '15.09', 'learning_rate': '5.585e-05', 'epoch': '6.918'}
{'eval_loss': '0.08741', 'eval_accuracy': '0.971', 'eval_f1': '0.9704', 'eval_balanced_accuracy': '0.971', 'eval_macro_f1': '0.9704', 'eval_atc': '0.0871', 'eval_normalized_atc': '0.00871', 'eval_target_recall': '0.8065', 'eval_target_recall_macro': '0.9435', 'eval_target_fnr': '0', 'eval_selection_score': '0.04371', 'eval_selection_accuracy_value': '0.971', 'eval_nll': '0.08513', 'eval_brier': '0.04367', 'eval_ece': '0.02955', 'eval_auroc': '0', 'eval_auprc': '0', 'eval_runtime': '3.858', 'eval_samples_per_second': '80.34', 'eval_steps_per_second': '5.184', 'epoch': '7'}
CustomImageProcessor configuration saved to checkpoints/hpo-v3_convnext_base_fb_in22k_ft_in1k_nicme_v3_hybrid_s42_trial0031/checkpoint-112/preprocessor_config.json
{'loss': '0.1108', 'grad_norm': '7.738', 'learning_rate': '5.495e-05', 'epoch': '7.525'}
{'eval_loss': '0.05015', 'eval_accuracy': '0.9839', 'eval_f1': '0.9837', 'eval_balanced_accuracy': '0.9839', 'eval_macro_f1': '0.9837', 'eval_atc': '0.04516', 'eval_normalized_atc': '0.004516', 'eval_target_recall': '0.871', 'eval_target_recall_macro': '0.9597', 'eval_target_fnr': '0', 'eval_selection_score': '0.007888', 'eval_selection_accuracy_value': '0.9839', 'eval_nll': '0.04773', 'eval_brier': '0.02296', 'eval_ece': '0.01938', 'eval_auroc': '0', 'eval_auprc': '0', 'eval_runtime': '3.881', 'eval_samples_per_second': '79.88', 'eval_steps_per_second': '5.154', 'epoch': '8'}
CustomImageProcessor configuration saved to checkpoints/hpo-v3_convnext_base_fb_in22k_ft_in1k_nicme_v3_hybrid_s42_trial0031/checkpoint-128/preprocessor_config.json
{'loss': '0.1116', 'grad_norm': '46.09', 'learning_rate': '5.394e-05', 'epoch': '8.131'}
{'loss': '0.1464', 'grad_norm': '19.29', 'learning_rate': '5.281e-05', 'epoch': '8.787'}
{'eval_loss': '0.03612', 'eval_accuracy': '0.9871', 'eval_f1': '0.9872', 'eval_balanced_accuracy': '0.9871', 'eval_macro_f1': '0.9872', 'eval_atc': '0.04194', 'eval_normalized_atc': '0.004194', 'eval_target_recall': '0.9355', 'eval_target_recall_macro': '0.9758', 'eval_target_fnr': '0', 'eval_selection_score': '0.004194', 'eval_selection_accuracy_value': '0.9871', 'eval_nll': '0.03495', 'eval_brier': '0.01785', 'eval_ece': '0.01228', 'eval_auroc': '0', 'eval_auprc': '0', 'eval_runtime': '3.826', 'eval_samples_per_second': '81.03', 'eval_steps_per_second': '5.228', 'epoch': '9'}
CustomImageProcessor configuration saved to checkpoints/hpo-v3_convnext_base_fb_in22k_ft_in1k_nicme_v3_hybrid_s42_trial0031/checkpoint-144/preprocessor_config.json
{'loss': '0.1602', 'grad_norm': '86.01', 'learning_rate': '5.158e-05', 'epoch': '9.393'}
{'loss': '0.1625', 'grad_norm': '14.72', 'learning_rate': '5.025e-05', 'epoch': '10'}
{'eval_loss': '0.09216', 'eval_accuracy': '0.9645', 'eval_f1': '0.9638', 'eval_balanced_accuracy': '0.9645', 'eval_macro_f1': '0.9638', 'eval_atc': '0.09355', 'eval_normalized_atc': '0.009355', 'eval_target_recall': '0.7742', 'eval_target_recall_macro': '0.9355', 'eval_target_fnr': '0', 'eval_selection_score': '0.07266', 'eval_selection_accuracy_value': '0.9645', 'eval_nll': '0.08909', 'eval_brier': '0.05139', 'eval_ece': '0.02152', 'eval_auroc': '0', 'eval_auprc': '0', 'eval_runtime': '3.546', 'eval_samples_per_second': '87.42', 'eval_steps_per_second': '5.64', 'epoch': '10'}
CustomImageProcessor configuration saved to checkpoints/hpo-v3_convnext_base_fb_in22k_ft_in1k_nicme_v3_hybrid_s42_trial0031/checkpoint-160/preprocessor_config.json
{'loss': '0.1091', 'grad_norm': '16.24', 'learning_rate': '4.883e-05', 'epoch': '10.66'}
{'eval_loss': '0.04741', 'eval_accuracy': '0.9839', 'eval_f1': '0.9838', 'eval_balanced_accuracy': '0.9839', 'eval_macro_f1': '0.9838', 'eval_atc': '0.04516', 'eval_normalized_atc': '0.004516', 'eval_target_recall': '0.9032', 'eval_target_recall_macro': '0.9677', 'eval_target_fnr': '0', 'eval_selection_score': '0.004516', 'eval_selection_accuracy_value': '0.9839', 'eval_nll': '0.04633', 'eval_brier': '0.02586', 'eval_ece': '0.009853', 'eval_auroc': '0', 'eval_auprc': '0', 'eval_runtime': '3.782', 'eval_samples_per_second': '81.96', 'eval_steps_per_second': '5.288', 'epoch': '11'}
CustomImageProcessor configuration saved to checkpoints/hpo-v3_convnext_base_fb_in22k_ft_in1k_nicme_v3_hybrid_s42_trial0031/checkpoint-176/preprocessor_config.json
{'loss': '0.02716', 'grad_norm': '2.028', 'learning_rate': '4.732e-05', 'epoch': '11.26'}
{'loss': '0.08896', 'grad_norm': '30.77', 'learning_rate': '4.573e-05', 'epoch': '11.92'}
{'eval_loss': '0.05074', 'eval_accuracy': '0.9839', 'eval_f1': '0.9839', 'eval_balanced_accuracy': '0.9839', 'eval_macro_f1': '0.9839', 'eval_atc': '0.07419', 'eval_normalized_atc': '0.007419', 'eval_target_recall': '0.9032', 'eval_target_recall_macro': '0.9677', 'eval_target_fnr': '0', 'eval_selection_score': '0.007419', 'eval_selection_accuracy_value': '0.9839', 'eval_nll': '0.04892', 'eval_brier': '0.02504', 'eval_ece': '0.007222', 'eval_auroc': '0', 'eval_auprc': '0', 'eval_runtime': '4.027', 'eval_samples_per_second': '76.97', 'eval_steps_per_second': '4.966', 'epoch': '12'}
CustomImageProcessor configuration saved to checkpoints/hpo-v3_convnext_base_fb_in22k_ft_in1k_nicme_v3_hybrid_s42_trial0031/checkpoint-192/preprocessor_config.json
{'loss': '0.08017', 'grad_norm': '6.739', 'learning_rate': '4.406e-05', 'epoch': '12.52'}
{'eval_loss': '0.04676', 'eval_accuracy': '0.9806', 'eval_f1': '0.9808', 'eval_balanced_accuracy': '0.9806', 'eval_macro_f1': '0.9808', 'eval_atc': '0.04839', 'eval_normalized_atc': '0.004839', 'eval_target_recall': '0.9677', 'eval_target_recall_macro': '0.9839', 'eval_target_fnr': '0', 'eval_selection_score': '0.004839', 'eval_selection_accuracy_value': '0.9806', 'eval_nll': '0.04532', 'eval_brier': '0.02562', 'eval_ece': '0.01103', 'eval_auroc': '0', 'eval_auprc': '0', 'eval_runtime': '4.057', 'eval_samples_per_second': '76.41', 'eval_steps_per_second': '4.929', 'epoch': '13'}
CustomImageProcessor configuration saved to checkpoints/hpo-v3_convnext_base_fb_in22k_ft_in1k_nicme_v3_hybrid_s42_trial0031/checkpoint-208/preprocessor_config.json
{'loss': '0.04505', 'grad_norm': '0.6084', 'learning_rate': '4.233e-05', 'epoch': '13.13'}
{'loss': '0.01656', 'grad_norm': '3.409', 'learning_rate': '4.054e-05', 'epoch': '13.79'}
{'eval_loss': '0.06836', 'eval_accuracy': '0.9742', 'eval_f1': '0.9744', 'eval_balanced_accuracy': '0.9742', 'eval_macro_f1': '0.9744', 'eval_atc': '0.1065', 'eval_normalized_atc': '0.01065', 'eval_target_recall': '0.9355', 'eval_target_recall_macro': '0.9677', 'eval_target_fnr': '0', 'eval_selection_score': '0.01065', 'eval_selection_accuracy_value': '0.9742', 'eval_nll': '0.06406', 'eval_brier': '0.03652', 'eval_ece': '0.01843', 'eval_auroc': '0', 'eval_auprc': '0', 'eval_runtime': '3.602', 'eval_samples_per_second': '86.06', 'eval_steps_per_second': '5.552', 'epoch': '14'}
CustomImageProcessor configuration saved to checkpoints/hpo-v3_convnext_base_fb_in22k_ft_in1k_nicme_v3_hybrid_s42_trial0031/checkpoint-224/preprocessor_config.json
{'loss': '0.01926', 'grad_norm': '7.127', 'learning_rate': '3.87e-05', 'epoch': '14.39'}
{'loss': '0.006955', 'grad_norm': '0.06058', 'learning_rate': '3.682e-05', 'epoch': '15'}
{'eval_loss': '0.0673', 'eval_accuracy': '0.9806', 'eval_f1': '0.9807', 'eval_balanced_accuracy': '0.9806', 'eval_macro_f1': '0.9807', 'eval_atc': '0.04839', 'eval_normalized_atc': '0.004839', 'eval_target_recall': '0.9355', 'eval_target_recall_macro': '0.9758', 'eval_target_fnr': '0', 'eval_selection_score': '0.004839', 'eval_selection_accuracy_value': '0.9806', 'eval_nll': '0.0663', 'eval_brier': '0.02997', 'eval_ece': '0.01491', 'eval_auroc': '0', 'eval_auprc': '0', 'eval_runtime': '3.689', 'eval_samples_per_second': '84.04', 'eval_steps_per_second': '5.422', 'epoch': '15'}
CustomImageProcessor configuration saved to checkpoints/hpo-v3_convnext_base_fb_in22k_ft_in1k_nicme_v3_hybrid_s42_trial0031/checkpoint-240/preprocessor_config.json
{'loss': '0.01928', 'grad_norm': '0.1805', 'learning_rate': '3.49e-05', 'epoch': '15.66'}
{'eval_loss': '0.0486', 'eval_accuracy': '0.9806', 'eval_f1': '0.9806', 'eval_balanced_accuracy': '0.9806', 'eval_macro_f1': '0.9806', 'eval_atc': '0.1065', 'eval_normalized_atc': '0.01065', 'eval_target_recall': '0.9032', 'eval_target_recall_macro': '0.9677', 'eval_target_fnr': '0', 'eval_selection_score': '0.01065', 'eval_selection_accuracy_value': '0.9806', 'eval_nll': '0.04675', 'eval_brier': '0.02485', 'eval_ece': '0.01462', 'eval_auroc': '0', 'eval_auprc': '0', 'eval_runtime': '3.78', 'eval_samples_per_second': '82', 'eval_steps_per_second': '5.29', 'epoch': '16'}
CustomImageProcessor configuration saved to checkpoints/hpo-v3_convnext_base_fb_in22k_ft_in1k_nicme_v3_hybrid_s42_trial0031/checkpoint-256/preprocessor_config.json
{'loss': '0.007944', 'grad_norm': '0.5942', 'learning_rate': '3.296e-05', 'epoch': '16.26'}
{'loss': '0.002733', 'grad_norm': '0.1357', 'learning_rate': '3.101e-05', 'epoch': '16.92'}
{'eval_loss': '0.09517', 'eval_accuracy': '0.9774', 'eval_f1': '0.977', 'eval_balanced_accuracy': '0.9774', 'eval_macro_f1': '0.977', 'eval_atc': '0.1097', 'eval_normalized_atc': '0.01097', 'eval_target_recall': '0.8387', 'eval_target_recall_macro': '0.9597', 'eval_target_fnr': '0', 'eval_selection_score': '0.02599', 'eval_selection_accuracy_value': '0.9774', 'eval_nll': '0.09251', 'eval_brier': '0.03822', 'eval_ece': '0.01926', 'eval_auroc': '0', 'eval_auprc': '0', 'eval_runtime': '4.048', 'eval_samples_per_second': '76.58', 'eval_steps_per_second': '4.941', 'epoch': '17'}
CustomImageProcessor configuration saved to checkpoints/hpo-v3_convnext_base_fb_in22k_ft_in1k_nicme_v3_hybrid_s42_trial0031/checkpoint-272/preprocessor_config.json
{'loss': '0.01317', 'grad_norm': '0.07675', 'learning_rate': '2.904e-05', 'epoch': '17.52'}
{'eval_loss': '0.05506', 'eval_accuracy': '0.9839', 'eval_f1': '0.984', 'eval_balanced_accuracy': '0.9839', 'eval_macro_f1': '0.984', 'eval_atc': '0.07419', 'eval_normalized_atc': '0.007419', 'eval_target_recall': '0.9355', 'eval_target_recall_macro': '0.9758', 'eval_target_fnr': '0', 'eval_selection_score': '0.007419', 'eval_selection_accuracy_value': '0.9839', 'eval_nll': '0.05304', 'eval_brier': '0.02559', 'eval_ece': '0.01389', 'eval_auroc': '0', 'eval_auprc': '0', 'eval_runtime': '4.051', 'eval_samples_per_second': '76.53', 'eval_steps_per_second': '4.937', 'epoch': '18'}
CustomImageProcessor configuration saved to checkpoints/hpo-v3_convnext_base_fb_in22k_ft_in1k_nicme_v3_hybrid_s42_trial0031/checkpoint-288/preprocessor_config.json
{'train_runtime': '283.2', 'train_samples_per_second': '109.6', 'train_steps_per_second': '1.808', 'train_loss': '1.079', 'epoch': '18'}
***** train metrics *****
  epoch                    =       18.0
  total_flos               =        0GF
  train_loss               =     1.0791
  train_runtime            = 0:04:43.22
  train_samples_per_second =    109.594
  train_steps_per_second   =      1.808
Using device: cuda

============================================================
PERFORMING COMPREHENSIVE EVALUATION
============================================================
Results will be saved to: results/pmi10_convnext_base_fb_in22k_ft_in1k_test/hpo-v3_convnext_base_fb_in22k_ft_in1k_nicme_v3_hybrid_s42_trial0031_05-02_05-11
Saving run configuration...
Run configuration saved to: results/pmi10_convnext_base_fb_in22k_ft_in1k_test/hpo-v3_convnext_base_fb_in22k_ft_in1k_nicme_v3_hybrid_s42_trial0031_05-02_05-11/run_configuration_20260502_051136.json
Running model evaluation...
Computing detailed metrics...
Saving metrics to files...
Metrics saved to: results/pmi10_convnext_base_fb_in22k_ft_in1k_test/hpo-v3_convnext_base_fb_in22k_ft_in1k_nicme_v3_hybrid_s42_trial0031_05-02_05-11/metrics_20260502_051144_nicme_v3_hybrid.json and results/pmi10_convnext_base_fb_in22k_ft_in1k_test/hpo-v3_convnext_base_fb_in22k_ft_in1k_nicme_v3_hybrid_s42_trial0031_05-02_05-11/metrics_20260502_051144_nicme_v3_hybrid.txt
Using provided class names: ['00378-0208', '00378-3855', '00591-0461', '16729-0020', '50111-0434', '53489-0156', '53746-0544', '62037-0831', '68382-0008', '68382-0227']
Skipping confusion matrix visualizations by configuration.

============================================================
TRAINING COMPLETED - RESULTS SUMMARY
============================================================
Output Directory: results/pmi10_convnext_base_fb_in22k_ft_in1k_test/hpo-v3_convnext_base_fb_in22k_ft_in1k_nicme_v3_hybrid_s42_trial0031_05-02_05-11
Overall Accuracy: 0.9688
Balanced Accuracy: 0.9688
Overall F1 Score: 0.9691
Kappa: 0.9653
AUC: 0.9996
Expected Cost: 0.0813
Loss Function Used: nicme_v3_hybrid
Total Test Samples: 320
Classes: 00378-0208, 00378-3855, 00591-0461, 16729-0020, 50111-0434, 53489-0156, 53746-0544, 62037-0831, 68382-0008, 68382-0227

Detailed metrics saved to: results/pmi10_convnext_base_fb_in22k_ft_in1k_test/hpo-v3_convnext_base_fb_in22k_ft_in1k_nicme_v3_hybrid_s42_trial0031_05-02_05-11
============================================================
