Prepared manifest loaded — Train=970, Val=310, Calibration=0, Test=320
cuda
Using model backend=timm type=pmi10_convnext_base_fb_in22k_ft_in1k with 10 labels
Early stopping enabled with patience=5
Using device: cuda
{'loss': '9.198', 'grad_norm': '19.35', 'learning_rate': '1.706e-05', 'epoch': '0.6557'}
{'eval_loss': '1.72', 'eval_accuracy': '0.4742', 'eval_f1': '0.4177', 'eval_balanced_accuracy': '0.4742', 'eval_macro_f1': '0.4177', 'eval_atc': '1.339', 'eval_normalized_atc': '0.1339', 'eval_target_recall': '0.06452', 'eval_target_recall_macro': '0.4194', 'eval_target_fnr': '0.7419', 'eval_selection_score': '3.032', 'eval_selection_accuracy_value': '0.4742', 'eval_nll': '1.701', 'eval_brier': '0.7306', 'eval_ece': '0.2267', 'eval_auroc': '0', 'eval_auprc': '0', 'eval_runtime': '4.522', 'eval_samples_per_second': '68.55', 'eval_steps_per_second': '4.423', 'epoch': '1'}
CustomImageProcessor configuration saved to checkpoints/hpo-v3_convnext_base_fb_in22k_ft_in1k_nicme_v3_hybrid_s42_trial0034/checkpoint-16/preprocessor_config.json
{'loss': '6.639', 'grad_norm': '27.23', 'learning_rate': '3.601e-05', 'epoch': '1.262'}
{'loss': '4.325', 'grad_norm': '23.87', 'learning_rate': '5.496e-05', 'epoch': '1.918'}
{'eval_loss': '0.7284', 'eval_accuracy': '0.7355', 'eval_f1': '0.7145', 'eval_balanced_accuracy': '0.7355', 'eval_macro_f1': '0.7145', 'eval_atc': '1.135', 'eval_normalized_atc': '0.1135', 'eval_target_recall': '0.1613', 'eval_target_recall_macro': '0.4919', 'eval_target_fnr': '0.4194', 'eval_selection_score': '2.3', 'eval_selection_accuracy_value': '0.7355', 'eval_nll': '0.6883', 'eval_brier': '0.3721', 'eval_ece': '0.1195', 'eval_auroc': '0', 'eval_auprc': '0', 'eval_runtime': '3.889', 'eval_samples_per_second': '79.72', 'eval_steps_per_second': '5.143', 'epoch': '2'}
CustomImageProcessor configuration saved to checkpoints/hpo-v3_convnext_base_fb_in22k_ft_in1k_nicme_v3_hybrid_s42_trial0034/checkpoint-32/preprocessor_config.json
{'loss': '2.21', 'grad_norm': '26.22', 'learning_rate': '7.391e-05', 'epoch': '2.525'}
{'eval_loss': '0.4393', 'eval_accuracy': '0.7677', 'eval_f1': '0.755', 'eval_balanced_accuracy': '0.7677', 'eval_macro_f1': '0.755', 'eval_atc': '0.6161', 'eval_normalized_atc': '0.06161', 'eval_target_recall': '0.3871', 'eval_target_recall_macro': '0.8226', 'eval_target_fnr': '0', 'eval_selection_score': '1.115', 'eval_selection_accuracy_value': '0.7677', 'eval_nll': '0.4196', 'eval_brier': '0.2649', 'eval_ece': '0.08865', 'eval_auroc': '0', 'eval_auprc': '0', 'eval_runtime': '4.106', 'eval_samples_per_second': '75.5', 'eval_steps_per_second': '4.871', 'epoch': '3'}
CustomImageProcessor configuration saved to checkpoints/hpo-v3_convnext_base_fb_in22k_ft_in1k_nicme_v3_hybrid_s42_trial0034/checkpoint-48/preprocessor_config.json
{'loss': '1.311', 'grad_norm': '61.19', 'learning_rate': '7.764e-05', 'epoch': '3.131'}
{'loss': '0.9406', 'grad_norm': '115', 'learning_rate': '7.742e-05', 'epoch': '3.787'}
{'eval_loss': '0.1852', 'eval_accuracy': '0.9355', 'eval_f1': '0.934', 'eval_balanced_accuracy': '0.9355', 'eval_macro_f1': '0.934', 'eval_atc': '0.1548', 'eval_normalized_atc': '0.01548', 'eval_target_recall': '0.6452', 'eval_target_recall_macro': '0.879', 'eval_target_fnr': '0', 'eval_selection_score': '0.2753', 'eval_selection_accuracy_value': '0.9355', 'eval_nll': '0.1739', 'eval_brier': '0.0935', 'eval_ece': '0.04259', 'eval_auroc': '0', 'eval_auprc': '0', 'eval_runtime': '3.975', 'eval_samples_per_second': '77.98', 'eval_steps_per_second': '5.031', 'epoch': '4'}
CustomImageProcessor configuration saved to checkpoints/hpo-v3_convnext_base_fb_in22k_ft_in1k_nicme_v3_hybrid_s42_trial0034/checkpoint-64/preprocessor_config.json
{'loss': '0.6253', 'grad_norm': '34.39', 'learning_rate': '7.702e-05', 'epoch': '4.393'}
{'loss': '0.4781', 'grad_norm': '8.331', 'learning_rate': '7.646e-05', 'epoch': '5'}
{'eval_loss': '0.08448', 'eval_accuracy': '0.9742', 'eval_f1': '0.9728', 'eval_balanced_accuracy': '0.9742', 'eval_macro_f1': '0.9728', 'eval_atc': '0.08387', 'eval_normalized_atc': '0.008387', 'eval_target_recall': '0.7419', 'eval_target_recall_macro': '0.9355', 'eval_target_fnr': '0', 'eval_selection_score': '0.1083', 'eval_selection_accuracy_value': '0.9742', 'eval_nll': '0.0804', 'eval_brier': '0.03907', 'eval_ece': '0.02833', 'eval_auroc': '0', 'eval_auprc': '0', 'eval_runtime': '4.055', 'eval_samples_per_second': '76.44', 'eval_steps_per_second': '4.932', 'epoch': '5'}
CustomImageProcessor configuration saved to checkpoints/hpo-v3_convnext_base_fb_in22k_ft_in1k_nicme_v3_hybrid_s42_trial0034/checkpoint-80/preprocessor_config.json
{'loss': '0.5515', 'grad_norm': '11.79', 'learning_rate': '7.572e-05', 'epoch': '5.656'}
{'eval_loss': '0.06468', 'eval_accuracy': '0.9839', 'eval_f1': '0.9837', 'eval_balanced_accuracy': '0.9839', 'eval_macro_f1': '0.9837', 'eval_atc': '0.07419', 'eval_normalized_atc': '0.007419', 'eval_target_recall': '0.9032', 'eval_target_recall_macro': '0.9677', 'eval_target_fnr': '0', 'eval_selection_score': '0.007419', 'eval_selection_accuracy_value': '0.9839', 'eval_nll': '0.0592', 'eval_brier': '0.02409', 'eval_ece': '0.02943', 'eval_auroc': '0', 'eval_auprc': '0', 'eval_runtime': '3.835', 'eval_samples_per_second': '80.84', 'eval_steps_per_second': '5.215', 'epoch': '6'}
CustomImageProcessor configuration saved to checkpoints/hpo-v3_convnext_base_fb_in22k_ft_in1k_nicme_v3_hybrid_s42_trial0034/checkpoint-96/preprocessor_config.json
{'loss': '0.2458', 'grad_norm': '9.043', 'learning_rate': '7.483e-05', 'epoch': '6.262'}
{'loss': '0.2207', 'grad_norm': '5.156', 'learning_rate': '7.377e-05', 'epoch': '6.918'}
{'eval_loss': '0.192', 'eval_accuracy': '0.9323', 'eval_f1': '0.9283', 'eval_balanced_accuracy': '0.9323', 'eval_macro_f1': '0.9283', 'eval_atc': '0.1258', 'eval_normalized_atc': '0.01258', 'eval_target_recall': '0.5484', 'eval_target_recall_macro': '0.879', 'eval_target_fnr': '0', 'eval_selection_score': '0.5071', 'eval_selection_accuracy_value': '0.9323', 'eval_nll': '0.1892', 'eval_brier': '0.1007', 'eval_ece': '0.02561', 'eval_auroc': '0', 'eval_auprc': '0', 'eval_runtime': '4.059', 'eval_samples_per_second': '76.37', 'eval_steps_per_second': '4.927', 'epoch': '7'}
CustomImageProcessor configuration saved to checkpoints/hpo-v3_convnext_base_fb_in22k_ft_in1k_nicme_v3_hybrid_s42_trial0034/checkpoint-112/preprocessor_config.json
{'loss': '0.219', 'grad_norm': '32.43', 'learning_rate': '7.256e-05', 'epoch': '7.525'}
{'eval_loss': '0.2149', 'eval_accuracy': '0.9129', 'eval_f1': '0.9112', 'eval_balanced_accuracy': '0.9129', 'eval_macro_f1': '0.9112', 'eval_atc': '0.3581', 'eval_normalized_atc': '0.03581', 'eval_target_recall': '0.6129', 'eval_target_recall_macro': '0.8952', 'eval_target_fnr': '0', 'eval_selection_score': '0.3655', 'eval_selection_accuracy_value': '0.9129', 'eval_nll': '0.2028', 'eval_brier': '0.1287', 'eval_ece': '0.05272', 'eval_auroc': '0', 'eval_auprc': '0', 'eval_runtime': '4.199', 'eval_samples_per_second': '73.82', 'eval_steps_per_second': '4.763', 'epoch': '8'}
CustomImageProcessor configuration saved to checkpoints/hpo-v3_convnext_base_fb_in22k_ft_in1k_nicme_v3_hybrid_s42_trial0034/checkpoint-128/preprocessor_config.json
{'loss': '0.2517', 'grad_norm': '42.52', 'learning_rate': '7.12e-05', 'epoch': '8.131'}
{'loss': '0.2429', 'grad_norm': '14.05', 'learning_rate': '6.969e-05', 'epoch': '8.787'}
{'eval_loss': '0.06515', 'eval_accuracy': '0.9742', 'eval_f1': '0.9742', 'eval_balanced_accuracy': '0.9742', 'eval_macro_f1': '0.9742', 'eval_atc': '0.05484', 'eval_normalized_atc': '0.005484', 'eval_target_recall': '0.9677', 'eval_target_recall_macro': '0.9839', 'eval_target_fnr': '0', 'eval_selection_score': '0.005484', 'eval_selection_accuracy_value': '0.9742', 'eval_nll': '0.06339', 'eval_brier': '0.03175', 'eval_ece': '0.02346', 'eval_auroc': '0', 'eval_auprc': '0', 'eval_runtime': '3.869', 'eval_samples_per_second': '80.13', 'eval_steps_per_second': '5.17', 'epoch': '9'}
CustomImageProcessor configuration saved to checkpoints/hpo-v3_convnext_base_fb_in22k_ft_in1k_nicme_v3_hybrid_s42_trial0034/checkpoint-144/preprocessor_config.json
{'loss': '0.1831', 'grad_norm': '3.352', 'learning_rate': '6.805e-05', 'epoch': '9.393'}
{'loss': '0.0766', 'grad_norm': '32.12', 'learning_rate': '6.627e-05', 'epoch': '10'}
{'eval_loss': '0.1567', 'eval_accuracy': '0.9387', 'eval_f1': '0.9361', 'eval_balanced_accuracy': '0.9387', 'eval_macro_f1': '0.9361', 'eval_atc': '0.09032', 'eval_normalized_atc': '0.009032', 'eval_target_recall': '0.9032', 'eval_target_recall_macro': '0.9677', 'eval_target_fnr': '0', 'eval_selection_score': '0.009032', 'eval_selection_accuracy_value': '0.9387', 'eval_nll': '0.1554', 'eval_brier': '0.08746', 'eval_ece': '0.03946', 'eval_auroc': '0', 'eval_auprc': '0', 'eval_runtime': '4.068', 'eval_samples_per_second': '76.2', 'eval_steps_per_second': '4.916', 'epoch': '10'}
CustomImageProcessor configuration saved to checkpoints/hpo-v3_convnext_base_fb_in22k_ft_in1k_nicme_v3_hybrid_s42_trial0034/checkpoint-160/preprocessor_config.json
{'loss': '0.04513', 'grad_norm': '22.21', 'learning_rate': '6.438e-05', 'epoch': '10.66'}
{'eval_loss': '0.06399', 'eval_accuracy': '0.9742', 'eval_f1': '0.9738', 'eval_balanced_accuracy': '0.9742', 'eval_macro_f1': '0.9738', 'eval_atc': '0.02581', 'eval_normalized_atc': '0.002581', 'eval_target_recall': '0.8387', 'eval_target_recall_macro': '0.9516', 'eval_target_fnr': '0', 'eval_selection_score': '0.01761', 'eval_selection_accuracy_value': '0.9742', 'eval_nll': '0.06355', 'eval_brier': '0.03444', 'eval_ece': '0.01204', 'eval_auroc': '0', 'eval_auprc': '0', 'eval_runtime': '3.765', 'eval_samples_per_second': '82.33', 'eval_steps_per_second': '5.311', 'epoch': '11'}
CustomImageProcessor configuration saved to checkpoints/hpo-v3_convnext_base_fb_in22k_ft_in1k_nicme_v3_hybrid_s42_trial0034/checkpoint-176/preprocessor_config.json
{'loss': '0.1175', 'grad_norm': '1.042', 'learning_rate': '6.237e-05', 'epoch': '11.26'}
{'loss': '0.04374', 'grad_norm': '25.15', 'learning_rate': '6.026e-05', 'epoch': '11.92'}
{'eval_loss': '0.06315', 'eval_accuracy': '0.9774', 'eval_f1': '0.977', 'eval_balanced_accuracy': '0.9774', 'eval_macro_f1': '0.977', 'eval_atc': '0.05161', 'eval_normalized_atc': '0.005161', 'eval_target_recall': '0.8387', 'eval_target_recall_macro': '0.9516', 'eval_target_fnr': '0', 'eval_selection_score': '0.02019', 'eval_selection_accuracy_value': '0.9774', 'eval_nll': '0.0619', 'eval_brier': '0.03354', 'eval_ece': '0.01613', 'eval_auroc': '0', 'eval_auprc': '0', 'eval_runtime': '3.872', 'eval_samples_per_second': '80.07', 'eval_steps_per_second': '5.166', 'epoch': '12'}
CustomImageProcessor configuration saved to checkpoints/hpo-v3_convnext_base_fb_in22k_ft_in1k_nicme_v3_hybrid_s42_trial0034/checkpoint-192/preprocessor_config.json
{'loss': '0.0203', 'grad_norm': '0.9884', 'learning_rate': '5.805e-05', 'epoch': '12.52'}
{'eval_loss': '0.07971', 'eval_accuracy': '0.9774', 'eval_f1': '0.9772', 'eval_balanced_accuracy': '0.9774', 'eval_macro_f1': '0.9772', 'eval_atc': '0.02258', 'eval_normalized_atc': '0.002258', 'eval_target_recall': '0.871', 'eval_target_recall_macro': '0.9677', 'eval_target_fnr': '0', 'eval_selection_score': '0.00563', 'eval_selection_accuracy_value': '0.9774', 'eval_nll': '0.07949', 'eval_brier': '0.0374', 'eval_ece': '0.0167', 'eval_auroc': '0', 'eval_auprc': '0', 'eval_runtime': '3.571', 'eval_samples_per_second': '86.81', 'eval_steps_per_second': '5.601', 'epoch': '13'}
CustomImageProcessor configuration saved to checkpoints/hpo-v3_convnext_base_fb_in22k_ft_in1k_nicme_v3_hybrid_s42_trial0034/checkpoint-208/preprocessor_config.json
{'loss': '0.05307', 'grad_norm': '35.94', 'learning_rate': '5.575e-05', 'epoch': '13.13'}
{'loss': '0.02479', 'grad_norm': '0.5037', 'learning_rate': '5.339e-05', 'epoch': '13.79'}
{'eval_loss': '0.01205', 'eval_accuracy': '0.9968', 'eval_f1': '0.9968', 'eval_balanced_accuracy': '0.9968', 'eval_macro_f1': '0.9968', 'eval_atc': '0.003226', 'eval_normalized_atc': '0.0003226', 'eval_target_recall': '1', 'eval_target_recall_macro': '1', 'eval_target_fnr': '0', 'eval_selection_score': '0.0003226', 'eval_selection_accuracy_value': '0.9968', 'eval_nll': '0.01188', 'eval_brier': '0.006509', 'eval_ece': '0.006572', 'eval_auroc': '0', 'eval_auprc': '0', 'eval_runtime': '3.628', 'eval_samples_per_second': '85.44', 'eval_steps_per_second': '5.513', 'epoch': '14'}
CustomImageProcessor configuration saved to checkpoints/hpo-v3_convnext_base_fb_in22k_ft_in1k_nicme_v3_hybrid_s42_trial0034/checkpoint-224/preprocessor_config.json
{'loss': '0.04937', 'grad_norm': '89.07', 'learning_rate': '5.095e-05', 'epoch': '14.39'}
{'loss': '0.02919', 'grad_norm': '0.007982', 'learning_rate': '4.847e-05', 'epoch': '15'}
{'eval_loss': '0.06809', 'eval_accuracy': '0.9806', 'eval_f1': '0.9806', 'eval_balanced_accuracy': '0.9806', 'eval_macro_f1': '0.9806', 'eval_atc': '0.01935', 'eval_normalized_atc': '0.001935', 'eval_target_recall': '0.9677', 'eval_target_recall_macro': '0.9919', 'eval_target_fnr': '0', 'eval_selection_score': '0.001935', 'eval_selection_accuracy_value': '0.9806', 'eval_nll': '0.06716', 'eval_brier': '0.03419', 'eval_ece': '0.01442', 'eval_auroc': '0', 'eval_auprc': '0', 'eval_runtime': '3.74', 'eval_samples_per_second': '82.89', 'eval_steps_per_second': '5.347', 'epoch': '15'}
CustomImageProcessor configuration saved to checkpoints/hpo-v3_convnext_base_fb_in22k_ft_in1k_nicme_v3_hybrid_s42_trial0034/checkpoint-240/preprocessor_config.json
{'loss': '0.06491', 'grad_norm': '0.4091', 'learning_rate': '4.593e-05', 'epoch': '15.66'}
{'eval_loss': '0.01544', 'eval_accuracy': '0.9903', 'eval_f1': '0.9904', 'eval_balanced_accuracy': '0.9903', 'eval_macro_f1': '0.9904', 'eval_atc': '0.009677', 'eval_normalized_atc': '0.0009677', 'eval_target_recall': '0.9355', 'eval_target_recall_macro': '0.9839', 'eval_target_fnr': '0', 'eval_selection_score': '0.0009677', 'eval_selection_accuracy_value': '0.9903', 'eval_nll': '0.01534', 'eval_brier': '0.01057', 'eval_ece': '0.008314', 'eval_auroc': '0', 'eval_auprc': '0', 'eval_runtime': '3.811', 'eval_samples_per_second': '81.35', 'eval_steps_per_second': '5.249', 'epoch': '16'}
CustomImageProcessor configuration saved to checkpoints/hpo-v3_convnext_base_fb_in22k_ft_in1k_nicme_v3_hybrid_s42_trial0034/checkpoint-256/preprocessor_config.json
{'loss': '0.009518', 'grad_norm': '0.03689', 'learning_rate': '4.337e-05', 'epoch': '16.26'}
{'loss': '0.05499', 'grad_norm': '44.8', 'learning_rate': '4.079e-05', 'epoch': '16.92'}
{'eval_loss': '0.02056', 'eval_accuracy': '0.9871', 'eval_f1': '0.9872', 'eval_balanced_accuracy': '0.9871', 'eval_macro_f1': '0.9872', 'eval_atc': '0.0129', 'eval_normalized_atc': '0.00129', 'eval_target_recall': '0.9355', 'eval_target_recall_macro': '0.9839', 'eval_target_fnr': '0', 'eval_selection_score': '0.00129', 'eval_selection_accuracy_value': '0.9871', 'eval_nll': '0.02045', 'eval_brier': '0.01442', 'eval_ece': '0.009192', 'eval_auroc': '0', 'eval_auprc': '0', 'eval_runtime': '4.128', 'eval_samples_per_second': '75.11', 'eval_steps_per_second': '4.846', 'epoch': '17'}
CustomImageProcessor configuration saved to checkpoints/hpo-v3_convnext_base_fb_in22k_ft_in1k_nicme_v3_hybrid_s42_trial0034/checkpoint-272/preprocessor_config.json
{'loss': '0.01596', 'grad_norm': '0.04775', 'learning_rate': '3.82e-05', 'epoch': '17.52'}
{'eval_loss': '0.01742', 'eval_accuracy': '0.9903', 'eval_f1': '0.9904', 'eval_balanced_accuracy': '0.9903', 'eval_macro_f1': '0.9904', 'eval_atc': '0.009677', 'eval_normalized_atc': '0.0009677', 'eval_target_recall': '0.9355', 'eval_target_recall_macro': '0.9839', 'eval_target_fnr': '0', 'eval_selection_score': '0.0009677', 'eval_selection_accuracy_value': '0.9903', 'eval_nll': '0.0173', 'eval_brier': '0.011', 'eval_ece': '0.004956', 'eval_auroc': '0', 'eval_auprc': '0', 'eval_runtime': '3.822', 'eval_samples_per_second': '81.1', 'eval_steps_per_second': '5.232', 'epoch': '18'}
CustomImageProcessor configuration saved to checkpoints/hpo-v3_convnext_base_fb_in22k_ft_in1k_nicme_v3_hybrid_s42_trial0034/checkpoint-288/preprocessor_config.json
{'loss': '0.01631', 'grad_norm': '18.17', 'learning_rate': '3.561e-05', 'epoch': '18.13'}
{'loss': '0.008878', 'grad_norm': '0.07165', 'learning_rate': '3.304e-05', 'epoch': '18.79'}
{'eval_loss': '0.01569', 'eval_accuracy': '0.9935', 'eval_f1': '0.9935', 'eval_balanced_accuracy': '0.9935', 'eval_macro_f1': '0.9935', 'eval_atc': '0.006452', 'eval_normalized_atc': '0.0006452', 'eval_target_recall': '0.9355', 'eval_target_recall_macro': '0.9839', 'eval_target_fnr': '0', 'eval_selection_score': '0.0006452', 'eval_selection_accuracy_value': '0.9935', 'eval_nll': '0.01508', 'eval_brier': '0.009207', 'eval_ece': '0.007073', 'eval_auroc': '0', 'eval_auprc': '0', 'eval_runtime': '3.827', 'eval_samples_per_second': '81', 'eval_steps_per_second': '5.226', 'epoch': '19'}
CustomImageProcessor configuration saved to checkpoints/hpo-v3_convnext_base_fb_in22k_ft_in1k_nicme_v3_hybrid_s42_trial0034/checkpoint-304/preprocessor_config.json
{'train_runtime': '297.2', 'train_samples_per_second': '104.5', 'train_steps_per_second': '1.723', 'train_loss': '0.93', 'epoch': '19'}
***** train metrics *****
  epoch                    =       19.0
  total_flos               =        0GF
  train_loss               =       0.93
  train_runtime            = 0:04:57.15
  train_samples_per_second =    104.456
  train_steps_per_second   =      1.723
Using device: cuda

============================================================
PERFORMING COMPREHENSIVE EVALUATION
============================================================
Results will be saved to: results/pmi10_convnext_base_fb_in22k_ft_in1k_test/hpo-v3_convnext_base_fb_in22k_ft_in1k_nicme_v3_hybrid_s42_trial0034_05-02_05-26
Saving run configuration...
Run configuration saved to: results/pmi10_convnext_base_fb_in22k_ft_in1k_test/hpo-v3_convnext_base_fb_in22k_ft_in1k_nicme_v3_hybrid_s42_trial0034_05-02_05-26/run_configuration_20260502_052612.json
Running model evaluation...
Computing detailed metrics...
Saving metrics to files...
Metrics saved to: results/pmi10_convnext_base_fb_in22k_ft_in1k_test/hpo-v3_convnext_base_fb_in22k_ft_in1k_nicme_v3_hybrid_s42_trial0034_05-02_05-26/metrics_20260502_052621_nicme_v3_hybrid.json and results/pmi10_convnext_base_fb_in22k_ft_in1k_test/hpo-v3_convnext_base_fb_in22k_ft_in1k_nicme_v3_hybrid_s42_trial0034_05-02_05-26/metrics_20260502_052621_nicme_v3_hybrid.txt
Using provided class names: ['00378-0208', '00378-3855', '00591-0461', '16729-0020', '50111-0434', '53489-0156', '53746-0544', '62037-0831', '68382-0008', '68382-0227']
Skipping confusion matrix visualizations by configuration.

============================================================
TRAINING COMPLETED - RESULTS SUMMARY
============================================================
Output Directory: results/pmi10_convnext_base_fb_in22k_ft_in1k_test/hpo-v3_convnext_base_fb_in22k_ft_in1k_nicme_v3_hybrid_s42_trial0034_05-02_05-26
Overall Accuracy: 0.9812
Balanced Accuracy: 0.9812
Overall F1 Score: 0.9812
Kappa: 0.9792
AUC: 0.9999
Expected Cost: 0.0750
Loss Function Used: nicme_v3_hybrid
Total Test Samples: 320
Classes: 00378-0208, 00378-3855, 00591-0461, 16729-0020, 50111-0434, 53489-0156, 53746-0544, 62037-0831, 68382-0008, 68382-0227

Detailed metrics saved to: results/pmi10_convnext_base_fb_in22k_ft_in1k_test/hpo-v3_convnext_base_fb_in22k_ft_in1k_nicme_v3_hybrid_s42_trial0034_05-02_05-26
============================================================
