Prepared manifest loaded — Train=970, Val=310, Calibration=0, Test=320
cuda
Using model backend=timm type=pmi10_convnext_base_fb_in22k_ft_in1k with 10 labels
Early stopping enabled with patience=5
Using device: cuda
{'loss': '9.334', 'grad_norm': '17.68', 'learning_rate': '1.145e-05', 'epoch': '0.6557'}
{'eval_loss': '1.895', 'eval_accuracy': '0.529', 'eval_f1': '0.4916', 'eval_balanced_accuracy': '0.529', 'eval_macro_f1': '0.4916', 'eval_atc': '1.01', 'eval_normalized_atc': '0.101', 'eval_target_recall': '0.1613', 'eval_target_recall_macro': '0.5161', 'eval_target_fnr': '0.3871', 'eval_selection_score': '2.357', 'eval_selection_accuracy_value': '0.529', 'eval_nll': '1.865', 'eval_brier': '0.7805', 'eval_ece': '0.3359', 'eval_auroc': '0', 'eval_auprc': '0', 'eval_runtime': '4.74', 'eval_samples_per_second': '65.39', 'eval_steps_per_second': '4.219', 'epoch': '1'}
CustomImageProcessor configuration saved to checkpoints/hpo-v3_convnext_base_fb_in22k_ft_in1k_nicme_v3_hybrid_s42_trial0044/checkpoint-16/preprocessor_config.json
{'loss': '7.259', 'grad_norm': '24.44', 'learning_rate': '2.417e-05', 'epoch': '1.262'}
{'loss': '5.35', 'grad_norm': '26.22', 'learning_rate': '3.689e-05', 'epoch': '1.918'}
{'eval_loss': '0.9026', 'eval_accuracy': '0.7613', 'eval_f1': '0.7445', 'eval_balanced_accuracy': '0.7613', 'eval_macro_f1': '0.7445', 'eval_atc': '0.7903', 'eval_normalized_atc': '0.07903', 'eval_target_recall': '0.1935', 'eval_target_recall_macro': '0.5726', 'eval_target_fnr': '0.2903', 'eval_selection_score': '2.077', 'eval_selection_accuracy_value': '0.7613', 'eval_nll': '0.8528', 'eval_brier': '0.4269', 'eval_ece': '0.2368', 'eval_auroc': '0', 'eval_auprc': '0', 'eval_runtime': '3.661', 'eval_samples_per_second': '84.68', 'eval_steps_per_second': '5.463', 'epoch': '2'}
CustomImageProcessor configuration saved to checkpoints/hpo-v3_convnext_base_fb_in22k_ft_in1k_nicme_v3_hybrid_s42_trial0044/checkpoint-32/preprocessor_config.json
{'loss': '2.877', 'grad_norm': '18.99', 'learning_rate': '4.962e-05', 'epoch': '2.525'}
{'eval_loss': '0.511', 'eval_accuracy': '0.7806', 'eval_f1': '0.7626', 'eval_balanced_accuracy': '0.7806', 'eval_macro_f1': '0.7626', 'eval_atc': '0.4323', 'eval_normalized_atc': '0.04323', 'eval_target_recall': '0.8387', 'eval_target_recall_macro': '0.8952', 'eval_target_fnr': '0', 'eval_selection_score': '0.05863', 'eval_selection_accuracy_value': '0.7806', 'eval_nll': '0.4721', 'eval_brier': '0.2768', 'eval_ece': '0.07778', 'eval_auroc': '0', 'eval_auprc': '0', 'eval_runtime': '3.559', 'eval_samples_per_second': '87.1', 'eval_steps_per_second': '5.619', 'epoch': '3'}
CustomImageProcessor configuration saved to checkpoints/hpo-v3_convnext_base_fb_in22k_ft_in1k_nicme_v3_hybrid_s42_trial0044/checkpoint-48/preprocessor_config.json
{'loss': '1.888', 'grad_norm': '51.75', 'learning_rate': '5.979e-05', 'epoch': '3.131'}
{'loss': '1.461', 'grad_norm': '142.7', 'learning_rate': '5.97e-05', 'epoch': '3.787'}
{'eval_loss': '0.2542', 'eval_accuracy': '0.9323', 'eval_f1': '0.9296', 'eval_balanced_accuracy': '0.9323', 'eval_macro_f1': '0.9296', 'eval_atc': '0.1129', 'eval_normalized_atc': '0.01129', 'eval_target_recall': '0.5806', 'eval_target_recall_macro': '0.8629', 'eval_target_fnr': '0', 'eval_selection_score': '0.4192', 'eval_selection_accuracy_value': '0.9323', 'eval_nll': '0.2286', 'eval_brier': '0.1119', 'eval_ece': '0.07326', 'eval_auroc': '0', 'eval_auprc': '0', 'eval_runtime': '4.002', 'eval_samples_per_second': '77.46', 'eval_steps_per_second': '4.997', 'epoch': '4'}
CustomImageProcessor configuration saved to checkpoints/hpo-v3_convnext_base_fb_in22k_ft_in1k_nicme_v3_hybrid_s42_trial0044/checkpoint-64/preprocessor_config.json
{'loss': '0.9462', 'grad_norm': '42.8', 'learning_rate': '5.946e-05', 'epoch': '4.393'}
{'loss': '0.7084', 'grad_norm': '13.05', 'learning_rate': '5.91e-05', 'epoch': '5'}
{'eval_loss': '0.217', 'eval_accuracy': '0.9161', 'eval_f1': '0.913', 'eval_balanced_accuracy': '0.9161', 'eval_macro_f1': '0.913', 'eval_atc': '0.1129', 'eval_normalized_atc': '0.01129', 'eval_target_recall': '0.8387', 'eval_target_recall_macro': '0.9516', 'eval_target_fnr': '0', 'eval_selection_score': '0.02632', 'eval_selection_accuracy_value': '0.9161', 'eval_nll': '0.2088', 'eval_brier': '0.1136', 'eval_ece': '0.05497', 'eval_auroc': '0', 'eval_auprc': '0', 'eval_runtime': '4.126', 'eval_samples_per_second': '75.13', 'eval_steps_per_second': '4.847', 'epoch': '5'}
CustomImageProcessor configuration saved to checkpoints/hpo-v3_convnext_base_fb_in22k_ft_in1k_nicme_v3_hybrid_s42_trial0044/checkpoint-80/preprocessor_config.json
{'loss': '0.4559', 'grad_norm': '8.713', 'learning_rate': '5.86e-05', 'epoch': '5.656'}
{'eval_loss': '0.1559', 'eval_accuracy': '0.9548', 'eval_f1': '0.9541', 'eval_balanced_accuracy': '0.9548', 'eval_macro_f1': '0.9541', 'eval_atc': '0.07419', 'eval_normalized_atc': '0.007419', 'eval_target_recall': '0.8065', 'eval_target_recall_macro': '0.9435', 'eval_target_fnr': '0', 'eval_selection_score': '0.04242', 'eval_selection_accuracy_value': '0.9548', 'eval_nll': '0.147', 'eval_brier': '0.07629', 'eval_ece': '0.02338', 'eval_auroc': '0', 'eval_auprc': '0', 'eval_runtime': '3.971', 'eval_samples_per_second': '78.07', 'eval_steps_per_second': '5.037', 'epoch': '6'}
CustomImageProcessor configuration saved to checkpoints/hpo-v3_convnext_base_fb_in22k_ft_in1k_nicme_v3_hybrid_s42_trial0044/checkpoint-96/preprocessor_config.json
{'loss': '0.433', 'grad_norm': '74.88', 'learning_rate': '5.797e-05', 'epoch': '6.262'}
{'loss': '0.2986', 'grad_norm': '23.57', 'learning_rate': '5.721e-05', 'epoch': '6.918'}
{'eval_loss': '0.2403', 'eval_accuracy': '0.9065', 'eval_f1': '0.899', 'eval_balanced_accuracy': '0.9065', 'eval_macro_f1': '0.899', 'eval_atc': '0.1226', 'eval_normalized_atc': '0.01226', 'eval_target_recall': '0.8387', 'eval_target_recall_macro': '0.9597', 'eval_target_fnr': '0', 'eval_selection_score': '0.02728', 'eval_selection_accuracy_value': '0.9065', 'eval_nll': '0.2363', 'eval_brier': '0.127', 'eval_ece': '0.03563', 'eval_auroc': '0', 'eval_auprc': '0', 'eval_runtime': '3.517', 'eval_samples_per_second': '88.14', 'eval_steps_per_second': '5.687', 'epoch': '7'}
CustomImageProcessor configuration saved to checkpoints/hpo-v3_convnext_base_fb_in22k_ft_in1k_nicme_v3_hybrid_s42_trial0044/checkpoint-112/preprocessor_config.json
{'loss': '0.2297', 'grad_norm': '18.09', 'learning_rate': '5.633e-05', 'epoch': '7.525'}
{'eval_loss': '0.1381', 'eval_accuracy': '0.9452', 'eval_f1': '0.9438', 'eval_balanced_accuracy': '0.9452', 'eval_macro_f1': '0.9438', 'eval_atc': '0.08387', 'eval_normalized_atc': '0.008387', 'eval_target_recall': '0.871', 'eval_target_recall_macro': '0.9597', 'eval_target_fnr': '0', 'eval_selection_score': '0.01176', 'eval_selection_accuracy_value': '0.9452', 'eval_nll': '0.1342', 'eval_brier': '0.07045', 'eval_ece': '0.02177', 'eval_auroc': '0', 'eval_auprc': '0', 'eval_runtime': '3.944', 'eval_samples_per_second': '78.6', 'eval_steps_per_second': '5.071', 'epoch': '8'}
CustomImageProcessor configuration saved to checkpoints/hpo-v3_convnext_base_fb_in22k_ft_in1k_nicme_v3_hybrid_s42_trial0044/checkpoint-128/preprocessor_config.json
{'loss': '0.191', 'grad_norm': '28.85', 'learning_rate': '5.532e-05', 'epoch': '8.131'}
{'loss': '0.163', 'grad_norm': '39.44', 'learning_rate': '5.42e-05', 'epoch': '8.787'}
{'eval_loss': '0.2186', 'eval_accuracy': '0.9258', 'eval_f1': '0.9223', 'eval_balanced_accuracy': '0.9258', 'eval_macro_f1': '0.9223', 'eval_atc': '0.1032', 'eval_normalized_atc': '0.01032', 'eval_target_recall': '0.9355', 'eval_target_recall_macro': '0.9758', 'eval_target_fnr': '0', 'eval_selection_score': '0.01032', 'eval_selection_accuracy_value': '0.9258', 'eval_nll': '0.2153', 'eval_brier': '0.1077', 'eval_ece': '0.04629', 'eval_auroc': '0', 'eval_auprc': '0', 'eval_runtime': '4.06', 'eval_samples_per_second': '76.36', 'eval_steps_per_second': '4.927', 'epoch': '9'}
CustomImageProcessor configuration saved to checkpoints/hpo-v3_convnext_base_fb_in22k_ft_in1k_nicme_v3_hybrid_s42_trial0044/checkpoint-144/preprocessor_config.json
{'loss': '0.2425', 'grad_norm': '27.43', 'learning_rate': '5.297e-05', 'epoch': '9.393'}
{'loss': '0.1203', 'grad_norm': '16.18', 'learning_rate': '5.164e-05', 'epoch': '10'}
{'eval_loss': '0.08241', 'eval_accuracy': '0.9742', 'eval_f1': '0.9731', 'eval_balanced_accuracy': '0.9742', 'eval_macro_f1': '0.9731', 'eval_atc': '0.08387', 'eval_normalized_atc': '0.008387', 'eval_target_recall': '0.7742', 'eval_target_recall_macro': '0.9435', 'eval_target_fnr': '0', 'eval_selection_score': '0.0717', 'eval_selection_accuracy_value': '0.9742', 'eval_nll': '0.07698', 'eval_brier': '0.03845', 'eval_ece': '0.01871', 'eval_auroc': '0', 'eval_auprc': '0', 'eval_runtime': '3.815', 'eval_samples_per_second': '81.26', 'eval_steps_per_second': '5.243', 'epoch': '10'}
CustomImageProcessor configuration saved to checkpoints/hpo-v3_convnext_base_fb_in22k_ft_in1k_nicme_v3_hybrid_s42_trial0044/checkpoint-160/preprocessor_config.json
{'loss': '0.089', 'grad_norm': '32.31', 'learning_rate': '5.02e-05', 'epoch': '10.66'}
{'eval_loss': '0.1174', 'eval_accuracy': '0.9645', 'eval_f1': '0.9645', 'eval_balanced_accuracy': '0.9645', 'eval_macro_f1': '0.9645', 'eval_atc': '0.06452', 'eval_normalized_atc': '0.006452', 'eval_target_recall': '0.9032', 'eval_target_recall_macro': '0.9597', 'eval_target_fnr': '0', 'eval_selection_score': '0.006452', 'eval_selection_accuracy_value': '0.9645', 'eval_nll': '0.1145', 'eval_brier': '0.05928', 'eval_ece': '0.02677', 'eval_auroc': '0', 'eval_auprc': '0', 'eval_runtime': '4.079', 'eval_samples_per_second': '76', 'eval_steps_per_second': '4.903', 'epoch': '11'}
CustomImageProcessor configuration saved to checkpoints/hpo-v3_convnext_base_fb_in22k_ft_in1k_nicme_v3_hybrid_s42_trial0044/checkpoint-176/preprocessor_config.json
{'loss': '0.1508', 'grad_norm': '16.12', 'learning_rate': '4.867e-05', 'epoch': '11.26'}
{'loss': '0.05723', 'grad_norm': '13.39', 'learning_rate': '4.706e-05', 'epoch': '11.92'}
{'eval_loss': '0.1071', 'eval_accuracy': '0.9645', 'eval_f1': '0.9641', 'eval_balanced_accuracy': '0.9645', 'eval_macro_f1': '0.9641', 'eval_atc': '0.06452', 'eval_normalized_atc': '0.006452', 'eval_target_recall': '0.871', 'eval_target_recall_macro': '0.9677', 'eval_target_fnr': '0', 'eval_selection_score': '0.009823', 'eval_selection_accuracy_value': '0.9645', 'eval_nll': '0.1053', 'eval_brier': '0.04718', 'eval_ece': '0.02743', 'eval_auroc': '0', 'eval_auprc': '0', 'eval_runtime': '3.955', 'eval_samples_per_second': '78.37', 'eval_steps_per_second': '5.056', 'epoch': '12'}
CustomImageProcessor configuration saved to checkpoints/hpo-v3_convnext_base_fb_in22k_ft_in1k_nicme_v3_hybrid_s42_trial0044/checkpoint-192/preprocessor_config.json
{'loss': '0.04195', 'grad_norm': '13.9', 'learning_rate': '4.537e-05', 'epoch': '12.52'}
{'eval_loss': '0.1047', 'eval_accuracy': '0.9645', 'eval_f1': '0.9642', 'eval_balanced_accuracy': '0.9645', 'eval_macro_f1': '0.9642', 'eval_atc': '0.03548', 'eval_normalized_atc': '0.003548', 'eval_target_recall': '0.871', 'eval_target_recall_macro': '0.9677', 'eval_target_fnr': '0', 'eval_selection_score': '0.00692', 'eval_selection_accuracy_value': '0.9645', 'eval_nll': '0.104', 'eval_brier': '0.04704', 'eval_ece': '0.0247', 'eval_auroc': '0', 'eval_auprc': '0', 'eval_runtime': '3.87', 'eval_samples_per_second': '80.11', 'eval_steps_per_second': '5.168', 'epoch': '13'}
CustomImageProcessor configuration saved to checkpoints/hpo-v3_convnext_base_fb_in22k_ft_in1k_nicme_v3_hybrid_s42_trial0044/checkpoint-208/preprocessor_config.json
{'loss': '0.06028', 'grad_norm': '77.34', 'learning_rate': '4.36e-05', 'epoch': '13.13'}
{'loss': '0.03374', 'grad_norm': '18.38', 'learning_rate': '4.178e-05', 'epoch': '13.79'}
{'eval_loss': '0.09786', 'eval_accuracy': '0.9774', 'eval_f1': '0.9774', 'eval_balanced_accuracy': '0.9774', 'eval_macro_f1': '0.9774', 'eval_atc': '0.02258', 'eval_normalized_atc': '0.002258', 'eval_target_recall': '0.9677', 'eval_target_recall_macro': '0.9919', 'eval_target_fnr': '0', 'eval_selection_score': '0.002258', 'eval_selection_accuracy_value': '0.9774', 'eval_nll': '0.09673', 'eval_brier': '0.04388', 'eval_ece': '0.01952', 'eval_auroc': '0', 'eval_auprc': '0', 'eval_runtime': '4.013', 'eval_samples_per_second': '77.25', 'eval_steps_per_second': '4.984', 'epoch': '14'}
CustomImageProcessor configuration saved to checkpoints/hpo-v3_convnext_base_fb_in22k_ft_in1k_nicme_v3_hybrid_s42_trial0044/checkpoint-224/preprocessor_config.json
{'loss': '0.04043', 'grad_norm': '62.47', 'learning_rate': '3.99e-05', 'epoch': '14.39'}
{'loss': '0.03378', 'grad_norm': '84.42', 'learning_rate': '3.798e-05', 'epoch': '15'}
{'eval_loss': '0.112', 'eval_accuracy': '0.9645', 'eval_f1': '0.9646', 'eval_balanced_accuracy': '0.9645', 'eval_macro_f1': '0.9646', 'eval_atc': '0.03548', 'eval_normalized_atc': '0.003548', 'eval_target_recall': '0.9355', 'eval_target_recall_macro': '0.9839', 'eval_target_fnr': '0', 'eval_selection_score': '0.003548', 'eval_selection_accuracy_value': '0.9645', 'eval_nll': '0.1113', 'eval_brier': '0.04693', 'eval_ece': '0.02453', 'eval_auroc': '0', 'eval_auprc': '0', 'eval_runtime': '3.939', 'eval_samples_per_second': '78.69', 'eval_steps_per_second': '5.077', 'epoch': '15'}
CustomImageProcessor configuration saved to checkpoints/hpo-v3_convnext_base_fb_in22k_ft_in1k_nicme_v3_hybrid_s42_trial0044/checkpoint-240/preprocessor_config.json
{'loss': '0.07059', 'grad_norm': '0.4491', 'learning_rate': '3.601e-05', 'epoch': '15.66'}
{'eval_loss': '0.05505', 'eval_accuracy': '0.9871', 'eval_f1': '0.9871', 'eval_balanced_accuracy': '0.9871', 'eval_macro_f1': '0.9871', 'eval_atc': '0.04194', 'eval_normalized_atc': '0.004194', 'eval_target_recall': '0.9032', 'eval_target_recall_macro': '0.9677', 'eval_target_fnr': '0', 'eval_selection_score': '0.004194', 'eval_selection_accuracy_value': '0.9871', 'eval_nll': '0.0495', 'eval_brier': '0.02545', 'eval_ece': '0.01668', 'eval_auroc': '0', 'eval_auprc': '0', 'eval_runtime': '3.504', 'eval_samples_per_second': '88.48', 'eval_steps_per_second': '5.708', 'epoch': '16'}
CustomImageProcessor configuration saved to checkpoints/hpo-v3_convnext_base_fb_in22k_ft_in1k_nicme_v3_hybrid_s42_trial0044/checkpoint-256/preprocessor_config.json
{'loss': '0.03814', 'grad_norm': '1.317', 'learning_rate': '3.402e-05', 'epoch': '16.26'}
{'loss': '0.1542', 'grad_norm': '0.2625', 'learning_rate': '3.202e-05', 'epoch': '16.92'}
{'eval_loss': '0.06502', 'eval_accuracy': '0.9839', 'eval_f1': '0.984', 'eval_balanced_accuracy': '0.9839', 'eval_macro_f1': '0.984', 'eval_atc': '0.04516', 'eval_normalized_atc': '0.004516', 'eval_target_recall': '0.9355', 'eval_target_recall_macro': '0.9758', 'eval_target_fnr': '0', 'eval_selection_score': '0.004516', 'eval_selection_accuracy_value': '0.9839', 'eval_nll': '0.06277', 'eval_brier': '0.03063', 'eval_ece': '0.01642', 'eval_auroc': '0', 'eval_auprc': '0', 'eval_runtime': '3.693', 'eval_samples_per_second': '83.95', 'eval_steps_per_second': '5.416', 'epoch': '17'}
CustomImageProcessor configuration saved to checkpoints/hpo-v3_convnext_base_fb_in22k_ft_in1k_nicme_v3_hybrid_s42_trial0044/checkpoint-272/preprocessor_config.json
{'loss': '0.03194', 'grad_norm': '0.1775', 'learning_rate': '3e-05', 'epoch': '17.52'}
{'eval_loss': '0.03867', 'eval_accuracy': '0.9871', 'eval_f1': '0.987', 'eval_balanced_accuracy': '0.9871', 'eval_macro_f1': '0.987', 'eval_atc': '0.0129', 'eval_normalized_atc': '0.00129', 'eval_target_recall': '0.9355', 'eval_target_recall_macro': '0.9839', 'eval_target_fnr': '0', 'eval_selection_score': '0.00129', 'eval_selection_accuracy_value': '0.9871', 'eval_nll': '0.03809', 'eval_brier': '0.01978', 'eval_ece': '0.01112', 'eval_auroc': '0', 'eval_auprc': '0', 'eval_runtime': '3.812', 'eval_samples_per_second': '81.32', 'eval_steps_per_second': '5.246', 'epoch': '18'}
CustomImageProcessor configuration saved to checkpoints/hpo-v3_convnext_base_fb_in22k_ft_in1k_nicme_v3_hybrid_s42_trial0044/checkpoint-288/preprocessor_config.json
{'loss': '0.009107', 'grad_norm': '19.1', 'learning_rate': '2.798e-05', 'epoch': '18.13'}
{'loss': '0.004856', 'grad_norm': '0.08674', 'learning_rate': '2.597e-05', 'epoch': '18.79'}
{'eval_loss': '0.03189', 'eval_accuracy': '0.9903', 'eval_f1': '0.9903', 'eval_balanced_accuracy': '0.9903', 'eval_macro_f1': '0.9903', 'eval_atc': '0.03871', 'eval_normalized_atc': '0.003871', 'eval_target_recall': '0.9355', 'eval_target_recall_macro': '0.9758', 'eval_target_fnr': '0', 'eval_selection_score': '0.003871', 'eval_selection_accuracy_value': '0.9903', 'eval_nll': '0.03045', 'eval_brier': '0.01641', 'eval_ece': '0.009663', 'eval_auroc': '0', 'eval_auprc': '0', 'eval_runtime': '3.88', 'eval_samples_per_second': '79.9', 'eval_steps_per_second': '5.155', 'epoch': '19'}
CustomImageProcessor configuration saved to checkpoints/hpo-v3_convnext_base_fb_in22k_ft_in1k_nicme_v3_hybrid_s42_trial0044/checkpoint-304/preprocessor_config.json
{'train_runtime': '296', 'train_samples_per_second': '104.9', 'train_steps_per_second': '1.73', 'train_loss': '1.078', 'epoch': '19'}
***** train metrics *****
  epoch                    =       19.0
  total_flos               =        0GF
  train_loss               =     1.0782
  train_runtime            = 0:04:55.95
  train_samples_per_second =    104.882
  train_steps_per_second   =       1.73
Using device: cuda

============================================================
PERFORMING COMPREHENSIVE EVALUATION
============================================================
Results will be saved to: results/pmi10_convnext_base_fb_in22k_ft_in1k_test/hpo-v3_convnext_base_fb_in22k_ft_in1k_nicme_v3_hybrid_s42_trial0044_05-02_06-11
Saving run configuration...
Run configuration saved to: results/pmi10_convnext_base_fb_in22k_ft_in1k_test/hpo-v3_convnext_base_fb_in22k_ft_in1k_nicme_v3_hybrid_s42_trial0044_05-02_06-11/run_configuration_20260502_061139.json
Running model evaluation...
Computing detailed metrics...
Saving metrics to files...
Metrics saved to: results/pmi10_convnext_base_fb_in22k_ft_in1k_test/hpo-v3_convnext_base_fb_in22k_ft_in1k_nicme_v3_hybrid_s42_trial0044_05-02_06-11/metrics_20260502_061148_nicme_v3_hybrid.json and results/pmi10_convnext_base_fb_in22k_ft_in1k_test/hpo-v3_convnext_base_fb_in22k_ft_in1k_nicme_v3_hybrid_s42_trial0044_05-02_06-11/metrics_20260502_061148_nicme_v3_hybrid.txt
Using provided class names: ['00378-0208', '00378-3855', '00591-0461', '16729-0020', '50111-0434', '53489-0156', '53746-0544', '62037-0831', '68382-0008', '68382-0227']
Skipping confusion matrix visualizations by configuration.

============================================================
TRAINING COMPLETED - RESULTS SUMMARY
============================================================
Output Directory: results/pmi10_convnext_base_fb_in22k_ft_in1k_test/hpo-v3_convnext_base_fb_in22k_ft_in1k_nicme_v3_hybrid_s42_trial0044_05-02_06-11
Overall Accuracy: 0.9563
Balanced Accuracy: 0.9563
Overall F1 Score: 0.9567
Kappa: 0.9514
AUC: 0.9996
Expected Cost: 0.0938
Loss Function Used: nicme_v3_hybrid
Total Test Samples: 320
Classes: 00378-0208, 00378-3855, 00591-0461, 16729-0020, 50111-0434, 53489-0156, 53746-0544, 62037-0831, 68382-0008, 68382-0227

Detailed metrics saved to: results/pmi10_convnext_base_fb_in22k_ft_in1k_test/hpo-v3_convnext_base_fb_in22k_ft_in1k_nicme_v3_hybrid_s42_trial0044_05-02_06-11
============================================================
