Prepared manifest loaded — Train=970, Val=310, Calibration=0, Test=320
cuda
Using model backend=timm type=pmi10_convnext_base_fb_in22k_ft_in1k with 10 labels
Early stopping enabled with patience=5
Using device: cuda
{'loss': '9.179', 'grad_norm': '19.63', 'learning_rate': '1.808e-05', 'epoch': '0.6557'}
{'eval_loss': '1.693', 'eval_accuracy': '0.4677', 'eval_f1': '0.4107', 'eval_balanced_accuracy': '0.4677', 'eval_macro_f1': '0.4107', 'eval_atc': '1.374', 'eval_normalized_atc': '0.1374', 'eval_target_recall': '0.06452', 'eval_target_recall_macro': '0.4274', 'eval_target_fnr': '0.7742', 'eval_selection_score': '3.04', 'eval_selection_accuracy_value': '0.4677', 'eval_nll': '1.675', 'eval_brier': '0.7225', 'eval_ece': '0.2047', 'eval_auroc': '0', 'eval_auprc': '0', 'eval_runtime': '4.505', 'eval_samples_per_second': '68.81', 'eval_steps_per_second': '4.44', 'epoch': '1'}
CustomImageProcessor configuration saved to checkpoints/hpo-v3_convnext_base_fb_in22k_ft_in1k_nicme_v3_hybrid_s42_trial0047/checkpoint-16/preprocessor_config.json
{'loss': '6.537', 'grad_norm': '30.64', 'learning_rate': '3.817e-05', 'epoch': '1.262'}
{'loss': '4.197', 'grad_norm': '23.43', 'learning_rate': '5.826e-05', 'epoch': '1.918'}
{'eval_loss': '0.7155', 'eval_accuracy': '0.7452', 'eval_f1': '0.7259', 'eval_balanced_accuracy': '0.7452', 'eval_macro_f1': '0.7259', 'eval_atc': '1.097', 'eval_normalized_atc': '0.1097', 'eval_target_recall': '0.1935', 'eval_target_recall_macro': '0.5081', 'eval_target_fnr': '0.3548', 'eval_selection_score': '2.109', 'eval_selection_accuracy_value': '0.7452', 'eval_nll': '0.6787', 'eval_brier': '0.3704', 'eval_ece': '0.1266', 'eval_auroc': '0', 'eval_auprc': '0', 'eval_runtime': '4.05', 'eval_samples_per_second': '76.55', 'eval_steps_per_second': '4.939', 'epoch': '2'}
CustomImageProcessor configuration saved to checkpoints/hpo-v3_convnext_base_fb_in22k_ft_in1k_nicme_v3_hybrid_s42_trial0047/checkpoint-32/preprocessor_config.json
{'loss': '2.139', 'grad_norm': '29.89', 'learning_rate': '7.835e-05', 'epoch': '2.525'}
{'eval_loss': '0.4237', 'eval_accuracy': '0.7903', 'eval_f1': '0.7834', 'eval_balanced_accuracy': '0.7903', 'eval_macro_f1': '0.7834', 'eval_atc': '0.6161', 'eval_normalized_atc': '0.06161', 'eval_target_recall': '0.3871', 'eval_target_recall_macro': '0.8226', 'eval_target_fnr': '0', 'eval_selection_score': '1.114', 'eval_selection_accuracy_value': '0.7903', 'eval_nll': '0.4037', 'eval_brier': '0.2542', 'eval_ece': '0.07684', 'eval_auroc': '0', 'eval_auprc': '0', 'eval_runtime': '3.773', 'eval_samples_per_second': '82.16', 'eval_steps_per_second': '5.301', 'epoch': '3'}
CustomImageProcessor configuration saved to checkpoints/hpo-v3_convnext_base_fb_in22k_ft_in1k_nicme_v3_hybrid_s42_trial0047/checkpoint-48/preprocessor_config.json
{'loss': '1.24', 'grad_norm': '53.98', 'learning_rate': '8.23e-05', 'epoch': '3.131'}
{'loss': '0.924', 'grad_norm': '118.5', 'learning_rate': '8.207e-05', 'epoch': '3.787'}
{'eval_loss': '0.1758', 'eval_accuracy': '0.9452', 'eval_f1': '0.944', 'eval_balanced_accuracy': '0.9452', 'eval_macro_f1': '0.944', 'eval_atc': '0.1226', 'eval_normalized_atc': '0.01226', 'eval_target_recall': '0.6774', 'eval_target_recall_macro': '0.8952', 'eval_target_fnr': '0', 'eval_selection_score': '0.2104', 'eval_selection_accuracy_value': '0.9452', 'eval_nll': '0.1669', 'eval_brier': '0.0896', 'eval_ece': '0.0398', 'eval_auroc': '0', 'eval_auprc': '0', 'eval_runtime': '4.094', 'eval_samples_per_second': '75.72', 'eval_steps_per_second': '4.885', 'epoch': '4'}
CustomImageProcessor configuration saved to checkpoints/hpo-v3_convnext_base_fb_in22k_ft_in1k_nicme_v3_hybrid_s42_trial0047/checkpoint-64/preprocessor_config.json
{'loss': '0.7', 'grad_norm': '25.37', 'learning_rate': '8.165e-05', 'epoch': '4.393'}
{'loss': '0.3944', 'grad_norm': '19.78', 'learning_rate': '8.105e-05', 'epoch': '5'}
{'eval_loss': '0.1229', 'eval_accuracy': '0.9548', 'eval_f1': '0.9523', 'eval_balanced_accuracy': '0.9548', 'eval_macro_f1': '0.9523', 'eval_atc': '0.1323', 'eval_normalized_atc': '0.01323', 'eval_target_recall': '0.6129', 'eval_target_recall_macro': '0.8952', 'eval_target_fnr': '0', 'eval_selection_score': '0.3429', 'eval_selection_accuracy_value': '0.9548', 'eval_nll': '0.1188', 'eval_brier': '0.06155', 'eval_ece': '0.01994', 'eval_auroc': '0', 'eval_auprc': '0', 'eval_runtime': '4.124', 'eval_samples_per_second': '75.16', 'eval_steps_per_second': '4.849', 'epoch': '5'}
CustomImageProcessor configuration saved to checkpoints/hpo-v3_convnext_base_fb_in22k_ft_in1k_nicme_v3_hybrid_s42_trial0047/checkpoint-80/preprocessor_config.json
{'loss': '0.3757', 'grad_norm': '29.64', 'learning_rate': '8.027e-05', 'epoch': '5.656'}
{'eval_loss': '0.1637', 'eval_accuracy': '0.9452', 'eval_f1': '0.9434', 'eval_balanced_accuracy': '0.9452', 'eval_macro_f1': '0.9434', 'eval_atc': '0.1419', 'eval_normalized_atc': '0.01419', 'eval_target_recall': '0.8065', 'eval_target_recall_macro': '0.9435', 'eval_target_fnr': '0', 'eval_selection_score': '0.0492', 'eval_selection_accuracy_value': '0.9452', 'eval_nll': '0.1593', 'eval_brier': '0.08666', 'eval_ece': '0.03192', 'eval_auroc': '0', 'eval_auprc': '0', 'eval_runtime': '3.881', 'eval_samples_per_second': '79.88', 'eval_steps_per_second': '5.153', 'epoch': '6'}
CustomImageProcessor configuration saved to checkpoints/hpo-v3_convnext_base_fb_in22k_ft_in1k_nicme_v3_hybrid_s42_trial0047/checkpoint-96/preprocessor_config.json
{'loss': '0.2901', 'grad_norm': '16.11', 'learning_rate': '7.932e-05', 'epoch': '6.262'}
{'loss': '0.19', 'grad_norm': '33.31', 'learning_rate': '7.82e-05', 'epoch': '6.918'}
{'eval_loss': '0.07071', 'eval_accuracy': '0.9774', 'eval_f1': '0.9767', 'eval_balanced_accuracy': '0.9774', 'eval_macro_f1': '0.9767', 'eval_atc': '0.1097', 'eval_normalized_atc': '0.01097', 'eval_target_recall': '0.8065', 'eval_target_recall_macro': '0.9435', 'eval_target_fnr': '0', 'eval_selection_score': '0.04597', 'eval_selection_accuracy_value': '0.9774', 'eval_nll': '0.06774', 'eval_brier': '0.03306', 'eval_ece': '0.01294', 'eval_auroc': '0', 'eval_auprc': '0', 'eval_runtime': '3.813', 'eval_samples_per_second': '81.31', 'eval_steps_per_second': '5.246', 'epoch': '7'}
CustomImageProcessor configuration saved to checkpoints/hpo-v3_convnext_base_fb_in22k_ft_in1k_nicme_v3_hybrid_s42_trial0047/checkpoint-112/preprocessor_config.json
{'loss': '0.1825', 'grad_norm': '10.78', 'learning_rate': '7.691e-05', 'epoch': '7.525'}
{'eval_loss': '0.03615', 'eval_accuracy': '0.9903', 'eval_f1': '0.9903', 'eval_balanced_accuracy': '0.9903', 'eval_macro_f1': '0.9903', 'eval_atc': '0.009677', 'eval_normalized_atc': '0.0009677', 'eval_target_recall': '0.9355', 'eval_target_recall_macro': '0.9839', 'eval_target_fnr': '0', 'eval_selection_score': '0.0009677', 'eval_selection_accuracy_value': '0.9903', 'eval_nll': '0.0348', 'eval_brier': '0.0175', 'eval_ece': '0.01737', 'eval_auroc': '0', 'eval_auprc': '0', 'eval_runtime': '3.7', 'eval_samples_per_second': '83.79', 'eval_steps_per_second': '5.406', 'epoch': '8'}
CustomImageProcessor configuration saved to checkpoints/hpo-v3_convnext_base_fb_in22k_ft_in1k_nicme_v3_hybrid_s42_trial0047/checkpoint-128/preprocessor_config.json
{'loss': '0.1105', 'grad_norm': '19.47', 'learning_rate': '7.547e-05', 'epoch': '8.131'}
{'loss': '0.1276', 'grad_norm': '19.74', 'learning_rate': '7.387e-05', 'epoch': '8.787'}
{'eval_loss': '0.1029', 'eval_accuracy': '0.9742', 'eval_f1': '0.9739', 'eval_balanced_accuracy': '0.9742', 'eval_macro_f1': '0.9739', 'eval_atc': '0.08387', 'eval_normalized_atc': '0.008387', 'eval_target_recall': '0.8387', 'eval_target_recall_macro': '0.9435', 'eval_target_fnr': '0', 'eval_selection_score': '0.02341', 'eval_selection_accuracy_value': '0.9742', 'eval_nll': '0.09958', 'eval_brier': '0.04454', 'eval_ece': '0.01843', 'eval_auroc': '0', 'eval_auprc': '0', 'eval_runtime': '3.634', 'eval_samples_per_second': '85.32', 'eval_steps_per_second': '5.504', 'epoch': '9'}
CustomImageProcessor configuration saved to checkpoints/hpo-v3_convnext_base_fb_in22k_ft_in1k_nicme_v3_hybrid_s42_trial0047/checkpoint-144/preprocessor_config.json
{'loss': '0.09689', 'grad_norm': '31.28', 'learning_rate': '7.213e-05', 'epoch': '9.393'}
{'loss': '0.144', 'grad_norm': '43.46', 'learning_rate': '7.025e-05', 'epoch': '10'}
{'eval_loss': '0.0765', 'eval_accuracy': '0.9774', 'eval_f1': '0.9767', 'eval_balanced_accuracy': '0.9774', 'eval_macro_f1': '0.9767', 'eval_atc': '0.05161', 'eval_normalized_atc': '0.005161', 'eval_target_recall': '0.8065', 'eval_target_recall_macro': '0.9516', 'eval_target_fnr': '0', 'eval_selection_score': '0.04017', 'eval_selection_accuracy_value': '0.9774', 'eval_nll': '0.07516', 'eval_brier': '0.03293', 'eval_ece': '0.01586', 'eval_auroc': '0', 'eval_auprc': '0', 'eval_runtime': '3.861', 'eval_samples_per_second': '80.3', 'eval_steps_per_second': '5.18', 'epoch': '10'}
CustomImageProcessor configuration saved to checkpoints/hpo-v3_convnext_base_fb_in22k_ft_in1k_nicme_v3_hybrid_s42_trial0047/checkpoint-160/preprocessor_config.json
{'loss': '0.09053', 'grad_norm': '37.75', 'learning_rate': '6.824e-05', 'epoch': '10.66'}
{'eval_loss': '0.04879', 'eval_accuracy': '0.9806', 'eval_f1': '0.9806', 'eval_balanced_accuracy': '0.9806', 'eval_macro_f1': '0.9806', 'eval_atc': '0.04839', 'eval_normalized_atc': '0.004839', 'eval_target_recall': '0.9032', 'eval_target_recall_macro': '0.9677', 'eval_target_fnr': '0', 'eval_selection_score': '0.004839', 'eval_selection_accuracy_value': '0.9806', 'eval_nll': '0.04793', 'eval_brier': '0.02693', 'eval_ece': '0.01679', 'eval_auroc': '0', 'eval_auprc': '0', 'eval_runtime': '3.953', 'eval_samples_per_second': '78.41', 'eval_steps_per_second': '5.059', 'epoch': '11'}
CustomImageProcessor configuration saved to checkpoints/hpo-v3_convnext_base_fb_in22k_ft_in1k_nicme_v3_hybrid_s42_trial0047/checkpoint-176/preprocessor_config.json
{'loss': '0.02182', 'grad_norm': '34.49', 'learning_rate': '6.611e-05', 'epoch': '11.26'}
{'loss': '0.04486', 'grad_norm': '7.563', 'learning_rate': '6.387e-05', 'epoch': '11.92'}
{'eval_loss': '0.107', 'eval_accuracy': '0.971', 'eval_f1': '0.9709', 'eval_balanced_accuracy': '0.971', 'eval_macro_f1': '0.9709', 'eval_atc': '0.02903', 'eval_normalized_atc': '0.002903', 'eval_target_recall': '0.9355', 'eval_target_recall_macro': '0.9839', 'eval_target_fnr': '0', 'eval_selection_score': '0.002903', 'eval_selection_accuracy_value': '0.971', 'eval_nll': '0.1063', 'eval_brier': '0.04784', 'eval_ece': '0.02236', 'eval_auroc': '0', 'eval_auprc': '0', 'eval_runtime': '4.053', 'eval_samples_per_second': '76.48', 'eval_steps_per_second': '4.934', 'epoch': '12'}
CustomImageProcessor configuration saved to checkpoints/hpo-v3_convnext_base_fb_in22k_ft_in1k_nicme_v3_hybrid_s42_trial0047/checkpoint-192/preprocessor_config.json
{'loss': '0.07159', 'grad_norm': '6.665', 'learning_rate': '6.153e-05', 'epoch': '12.52'}
{'eval_loss': '0.1779', 'eval_accuracy': '0.9516', 'eval_f1': '0.9516', 'eval_balanced_accuracy': '0.9516', 'eval_macro_f1': '0.9516', 'eval_atc': '0.04839', 'eval_normalized_atc': '0.004839', 'eval_target_recall': '0.8387', 'eval_target_recall_macro': '0.9516', 'eval_target_fnr': '0', 'eval_selection_score': '0.01986', 'eval_selection_accuracy_value': '0.9516', 'eval_nll': '0.1774', 'eval_brier': '0.07792', 'eval_ece': '0.03163', 'eval_auroc': '0', 'eval_auprc': '0', 'eval_runtime': '4.223', 'eval_samples_per_second': '73.41', 'eval_steps_per_second': '4.736', 'epoch': '13'}
CustomImageProcessor configuration saved to checkpoints/hpo-v3_convnext_base_fb_in22k_ft_in1k_nicme_v3_hybrid_s42_trial0047/checkpoint-208/preprocessor_config.json
{'train_runtime': '205.1', 'train_samples_per_second': '151.3', 'train_steps_per_second': '2.496', 'train_loss': '1.301', 'epoch': '13'}
***** train metrics *****
  epoch                    =       13.0
  total_flos               =        0GF
  train_loss               =     1.3014
  train_runtime            = 0:03:25.14
  train_samples_per_second =    151.307
  train_steps_per_second   =      2.496
Using device: cuda

============================================================
PERFORMING COMPREHENSIVE EVALUATION
============================================================
Results will be saved to: results/pmi10_convnext_base_fb_in22k_ft_in1k_test/hpo-v3_convnext_base_fb_in22k_ft_in1k_nicme_v3_hybrid_s42_trial0047_05-02_06-25
Saving run configuration...
Run configuration saved to: results/pmi10_convnext_base_fb_in22k_ft_in1k_test/hpo-v3_convnext_base_fb_in22k_ft_in1k_nicme_v3_hybrid_s42_trial0047_05-02_06-25/run_configuration_20260502_062545.json
Running model evaluation...
Computing detailed metrics...
Saving metrics to files...
Metrics saved to: results/pmi10_convnext_base_fb_in22k_ft_in1k_test/hpo-v3_convnext_base_fb_in22k_ft_in1k_nicme_v3_hybrid_s42_trial0047_05-02_06-25/metrics_20260502_062554_nicme_v3_hybrid.json and results/pmi10_convnext_base_fb_in22k_ft_in1k_test/hpo-v3_convnext_base_fb_in22k_ft_in1k_nicme_v3_hybrid_s42_trial0047_05-02_06-25/metrics_20260502_062554_nicme_v3_hybrid.txt
Using provided class names: ['00378-0208', '00378-3855', '00591-0461', '16729-0020', '50111-0434', '53489-0156', '53746-0544', '62037-0831', '68382-0008', '68382-0227']
Skipping confusion matrix visualizations by configuration.

============================================================
TRAINING COMPLETED - RESULTS SUMMARY
============================================================
Output Directory: results/pmi10_convnext_base_fb_in22k_ft_in1k_test/hpo-v3_convnext_base_fb_in22k_ft_in1k_nicme_v3_hybrid_s42_trial0047_05-02_06-25
Overall Accuracy: 0.9750
Balanced Accuracy: 0.9750
Overall F1 Score: 0.9753
Kappa: 0.9722
AUC: 0.9995
Expected Cost: 0.0750
Loss Function Used: nicme_v3_hybrid
Total Test Samples: 320
Classes: 00378-0208, 00378-3855, 00591-0461, 16729-0020, 50111-0434, 53489-0156, 53746-0544, 62037-0831, 68382-0008, 68382-0227

Detailed metrics saved to: results/pmi10_convnext_base_fb_in22k_ft_in1k_test/hpo-v3_convnext_base_fb_in22k_ft_in1k_nicme_v3_hybrid_s42_trial0047_05-02_06-25
============================================================
