Prepared manifest loaded — Train=970, Val=310, Calibration=0, Test=320
cuda
Using model backend=timm type=pmi10_convnext_base_fb_in22k_ft_in1k with 10 labels
Early stopping enabled with patience=5
Using device: cuda
{'loss': '9.193', 'grad_norm': '17.16', 'learning_rate': '1.819e-05', 'epoch': '0.6557'}
{'eval_loss': '1.713', 'eval_accuracy': '0.471', 'eval_f1': '0.401', 'eval_balanced_accuracy': '0.471', 'eval_macro_f1': '0.401', 'eval_atc': '1.458', 'eval_normalized_atc': '0.1458', 'eval_target_recall': '0', 'eval_target_recall_macro': '0.4194', 'eval_target_fnr': '0.8387', 'eval_selection_score': '3.494', 'eval_selection_accuracy_value': '0.471', 'eval_nll': '1.693', 'eval_brier': '0.7276', 'eval_ece': '0.2187', 'eval_auroc': '0', 'eval_auprc': '0', 'eval_runtime': '4.49', 'eval_samples_per_second': '69.04', 'eval_steps_per_second': '4.454', 'epoch': '1'}
CustomImageProcessor configuration saved to checkpoints/hpo-v3_convnext_base_fb_in22k_ft_in1k_nicme_v3_hybrid_s42_trial0048/checkpoint-16/preprocessor_config.json
{'loss': '6.602', 'grad_norm': '26.37', 'learning_rate': '3.839e-05', 'epoch': '1.262'}
{'loss': '4.28', 'grad_norm': '22.8', 'learning_rate': '5.253e-05', 'epoch': '1.918'}
{'eval_loss': '0.7176', 'eval_accuracy': '0.7645', 'eval_f1': '0.7426', 'eval_balanced_accuracy': '0.7645', 'eval_macro_f1': '0.7426', 'eval_atc': '0.8742', 'eval_normalized_atc': '0.08742', 'eval_target_recall': '0.129', 'eval_target_recall_macro': '0.5806', 'eval_target_fnr': '0.3226', 'eval_selection_score': '2.466', 'eval_selection_accuracy_value': '0.7645', 'eval_nll': '0.6787', 'eval_brier': '0.3615', 'eval_ece': '0.13', 'eval_auroc': '0', 'eval_auprc': '0', 'eval_runtime': '3.831', 'eval_samples_per_second': '80.92', 'eval_steps_per_second': '5.221', 'epoch': '2'}
CustomImageProcessor configuration saved to checkpoints/hpo-v3_convnext_base_fb_in22k_ft_in1k_nicme_v3_hybrid_s42_trial0048/checkpoint-32/preprocessor_config.json
{'loss': '2.318', 'grad_norm': '35.42', 'learning_rate': '5.244e-05', 'epoch': '2.525'}
{'eval_loss': '0.4407', 'eval_accuracy': '0.7935', 'eval_f1': '0.7725', 'eval_balanced_accuracy': '0.7935', 'eval_macro_f1': '0.7725', 'eval_atc': '0.2871', 'eval_normalized_atc': '0.02871', 'eval_target_recall': '0.871', 'eval_target_recall_macro': '0.9516', 'eval_target_fnr': '0', 'eval_selection_score': '0.03212', 'eval_selection_accuracy_value': '0.7935', 'eval_nll': '0.4222', 'eval_brier': '0.249', 'eval_ece': '0.0783', 'eval_auroc': '0', 'eval_auprc': '0', 'eval_runtime': '3.713', 'eval_samples_per_second': '83.48', 'eval_steps_per_second': '5.386', 'epoch': '3'}
CustomImageProcessor configuration saved to checkpoints/hpo-v3_convnext_base_fb_in22k_ft_in1k_nicme_v3_hybrid_s42_trial0048/checkpoint-48/preprocessor_config.json
{'loss': '1.536', 'grad_norm': '58.03', 'learning_rate': '5.225e-05', 'epoch': '3.131'}
{'loss': '1.34', 'grad_norm': '109.8', 'learning_rate': '5.194e-05', 'epoch': '3.787'}
{'eval_loss': '0.2867', 'eval_accuracy': '0.9', 'eval_f1': '0.9013', 'eval_balanced_accuracy': '0.9', 'eval_macro_f1': '0.9013', 'eval_atc': '0.2581', 'eval_normalized_atc': '0.02581', 'eval_target_recall': '0.7419', 'eval_target_recall_macro': '0.8952', 'eval_target_fnr': '0', 'eval_selection_score': '0.1257', 'eval_selection_accuracy_value': '0.9', 'eval_nll': '0.2701', 'eval_brier': '0.1435', 'eval_ece': '0.07946', 'eval_auroc': '0', 'eval_auprc': '0', 'eval_runtime': '3.979', 'eval_samples_per_second': '77.92', 'eval_steps_per_second': '5.027', 'epoch': '4'}
CustomImageProcessor configuration saved to checkpoints/hpo-v3_convnext_base_fb_in22k_ft_in1k_nicme_v3_hybrid_s42_trial0048/checkpoint-64/preprocessor_config.json
{'loss': '0.923', 'grad_norm': '32.87', 'learning_rate': '5.153e-05', 'epoch': '4.393'}
{'loss': '0.6054', 'grad_norm': '10.46', 'learning_rate': '5.101e-05', 'epoch': '5'}
{'eval_loss': '0.1451', 'eval_accuracy': '0.9645', 'eval_f1': '0.9633', 'eval_balanced_accuracy': '0.9645', 'eval_macro_f1': '0.9633', 'eval_atc': '0.03548', 'eval_normalized_atc': '0.003548', 'eval_target_recall': '0.7097', 'eval_target_recall_macro': '0.9274', 'eval_target_fnr': '0', 'eval_selection_score': '0.1484', 'eval_selection_accuracy_value': '0.9645', 'eval_nll': '0.1374', 'eval_brier': '0.0626', 'eval_ece': '0.05753', 'eval_auroc': '0', 'eval_auprc': '0', 'eval_runtime': '4.15', 'eval_samples_per_second': '74.69', 'eval_steps_per_second': '4.819', 'epoch': '5'}
CustomImageProcessor configuration saved to checkpoints/hpo-v3_convnext_base_fb_in22k_ft_in1k_nicme_v3_hybrid_s42_trial0048/checkpoint-80/preprocessor_config.json
{'loss': '0.4711', 'grad_norm': '16.89', 'learning_rate': '5.039e-05', 'epoch': '5.656'}
{'eval_loss': '0.1215', 'eval_accuracy': '0.9645', 'eval_f1': '0.9641', 'eval_balanced_accuracy': '0.9645', 'eval_macro_f1': '0.9641', 'eval_atc': '0.09355', 'eval_normalized_atc': '0.009355', 'eval_target_recall': '0.871', 'eval_target_recall_macro': '0.9597', 'eval_target_fnr': '0', 'eval_selection_score': '0.01273', 'eval_selection_accuracy_value': '0.9645', 'eval_nll': '0.1139', 'eval_brier': '0.05531', 'eval_ece': '0.03637', 'eval_auroc': '0', 'eval_auprc': '0', 'eval_runtime': '4.115', 'eval_samples_per_second': '75.32', 'eval_steps_per_second': '4.86', 'epoch': '6'}
CustomImageProcessor configuration saved to checkpoints/hpo-v3_convnext_base_fb_in22k_ft_in1k_nicme_v3_hybrid_s42_trial0048/checkpoint-96/preprocessor_config.json
{'loss': '0.4047', 'grad_norm': '50.45', 'learning_rate': '4.966e-05', 'epoch': '6.262'}
{'loss': '0.2823', 'grad_norm': '22.05', 'learning_rate': '4.884e-05', 'epoch': '6.918'}
{'eval_loss': '0.1358', 'eval_accuracy': '0.9516', 'eval_f1': '0.9501', 'eval_balanced_accuracy': '0.9516', 'eval_macro_f1': '0.9501', 'eval_atc': '0.07742', 'eval_normalized_atc': '0.007742', 'eval_target_recall': '0.7097', 'eval_target_recall_macro': '0.9274', 'eval_target_fnr': '0', 'eval_selection_score': '0.1526', 'eval_selection_accuracy_value': '0.9516', 'eval_nll': '0.1326', 'eval_brier': '0.06862', 'eval_ece': '0.01357', 'eval_auroc': '0', 'eval_auprc': '0', 'eval_runtime': '3.82', 'eval_samples_per_second': '81.16', 'eval_steps_per_second': '5.236', 'epoch': '7'}
CustomImageProcessor configuration saved to checkpoints/hpo-v3_convnext_base_fb_in22k_ft_in1k_nicme_v3_hybrid_s42_trial0048/checkpoint-112/preprocessor_config.json
{'loss': '0.245', 'grad_norm': '54.67', 'learning_rate': '4.793e-05', 'epoch': '7.525'}
{'eval_loss': '0.1352', 'eval_accuracy': '0.9419', 'eval_f1': '0.9426', 'eval_balanced_accuracy': '0.9419', 'eval_macro_f1': '0.9426', 'eval_atc': '0.329', 'eval_normalized_atc': '0.0329', 'eval_target_recall': '0.6129', 'eval_target_recall_macro': '0.8952', 'eval_target_fnr': '0', 'eval_selection_score': '0.3626', 'eval_selection_accuracy_value': '0.9419', 'eval_nll': '0.1223', 'eval_brier': '0.07712', 'eval_ece': '0.02028', 'eval_auroc': '0', 'eval_auprc': '0', 'eval_runtime': '3.965', 'eval_samples_per_second': '78.19', 'eval_steps_per_second': '5.044', 'epoch': '8'}
CustomImageProcessor configuration saved to checkpoints/hpo-v3_convnext_base_fb_in22k_ft_in1k_nicme_v3_hybrid_s42_trial0048/checkpoint-128/preprocessor_config.json
{'train_runtime': '142.1', 'train_samples_per_second': '218.5', 'train_steps_per_second': '3.603', 'train_loss': '2.211', 'epoch': '8'}
***** train metrics *****
  epoch                    =        8.0
  total_flos               =        0GF
  train_loss               =     2.2112
  train_runtime            = 0:02:22.08
  train_samples_per_second =    218.458
  train_steps_per_second   =      3.603
Using device: cuda

============================================================
PERFORMING COMPREHENSIVE EVALUATION
============================================================
Results will be saved to: results/pmi10_convnext_base_fb_in22k_ft_in1k_test/hpo-v3_convnext_base_fb_in22k_ft_in1k_nicme_v3_hybrid_s42_trial0048_05-02_06-28
Saving run configuration...
Run configuration saved to: results/pmi10_convnext_base_fb_in22k_ft_in1k_test/hpo-v3_convnext_base_fb_in22k_ft_in1k_nicme_v3_hybrid_s42_trial0048_05-02_06-28/run_configuration_20260502_062835.json
Running model evaluation...
Computing detailed metrics...
Saving metrics to files...
Metrics saved to: results/pmi10_convnext_base_fb_in22k_ft_in1k_test/hpo-v3_convnext_base_fb_in22k_ft_in1k_nicme_v3_hybrid_s42_trial0048_05-02_06-28/metrics_20260502_062843_nicme_v3_hybrid.json and results/pmi10_convnext_base_fb_in22k_ft_in1k_test/hpo-v3_convnext_base_fb_in22k_ft_in1k_nicme_v3_hybrid_s42_trial0048_05-02_06-28/metrics_20260502_062843_nicme_v3_hybrid.txt
Using provided class names: ['00378-0208', '00378-3855', '00591-0461', '16729-0020', '50111-0434', '53489-0156', '53746-0544', '62037-0831', '68382-0008', '68382-0227']
Skipping confusion matrix visualizations by configuration.

============================================================
TRAINING COMPLETED - RESULTS SUMMARY
============================================================
Output Directory: results/pmi10_convnext_base_fb_in22k_ft_in1k_test/hpo-v3_convnext_base_fb_in22k_ft_in1k_nicme_v3_hybrid_s42_trial0048_05-02_06-28
Overall Accuracy: 0.8094
Balanced Accuracy: 0.8094
Overall F1 Score: 0.7837
Kappa: 0.7882
AUC: 0.9950
Expected Cost: 0.2750
Loss Function Used: nicme_v3_hybrid
Total Test Samples: 320
Classes: 00378-0208, 00378-3855, 00591-0461, 16729-0020, 50111-0434, 53489-0156, 53746-0544, 62037-0831, 68382-0008, 68382-0227

Detailed metrics saved to: results/pmi10_convnext_base_fb_in22k_ft_in1k_test/hpo-v3_convnext_base_fb_in22k_ft_in1k_nicme_v3_hybrid_s42_trial0048_05-02_06-28
============================================================
