Prepared manifest loaded — Train=970, Val=310, Calibration=0, Test=320
cuda
Using model backend=timm type=pmi10_convnext_base_fb_in22k_ft_in1k with 10 labels
Early stopping enabled with patience=5
Using device: cuda
{'loss': '8.885', 'grad_norm': '20.22', 'learning_rate': '4.364e-05', 'epoch': '0.6557'}
{'eval_loss': '1.164', 'eval_accuracy': '0.6419', 'eval_f1': '0.5848', 'eval_balanced_accuracy': '0.6419', 'eval_macro_f1': '0.5848', 'eval_atc': '0.7355', 'eval_normalized_atc': '0.07355', 'eval_target_recall': '0.1935', 'eval_target_recall_macro': '0.7177', 'eval_target_fnr': '0.1613', 'eval_selection_score': '2.095', 'eval_selection_accuracy_value': '0.6419', 'eval_nll': '1.122', 'eval_brier': '0.5372', 'eval_ece': '0.1879', 'eval_auroc': '0', 'eval_auprc': '0', 'eval_runtime': '4.807', 'eval_samples_per_second': '64.49', 'eval_steps_per_second': '4.161', 'epoch': '1'}
CustomImageProcessor configuration saved to checkpoints/hpo-v3_convnext_base_fb_in22k_ft_in1k_nicme_v3_hybrid_s42_trial0049/checkpoint-16/preprocessor_config.json
{'loss': '4.895', 'grad_norm': '52.44', 'learning_rate': '6.786e-05', 'epoch': '1.262'}
{'loss': '3.013', 'grad_norm': '71.56', 'learning_rate': '6.773e-05', 'epoch': '1.918'}
{'eval_loss': '0.594', 'eval_accuracy': '0.7935', 'eval_f1': '0.7852', 'eval_balanced_accuracy': '0.7935', 'eval_macro_f1': '0.7852', 'eval_atc': '0.7', 'eval_normalized_atc': '0.07', 'eval_target_recall': '0.3548', 'eval_target_recall_macro': '0.629', 'eval_target_fnr': '0.1613', 'eval_selection_score': '1.259', 'eval_selection_accuracy_value': '0.7935', 'eval_nll': '0.546', 'eval_brier': '0.2954', 'eval_ece': '0.09451', 'eval_auroc': '0', 'eval_auprc': '0', 'eval_runtime': '3.951', 'eval_samples_per_second': '78.46', 'eval_steps_per_second': '5.062', 'epoch': '2'}
CustomImageProcessor configuration saved to checkpoints/hpo-v3_convnext_base_fb_in22k_ft_in1k_nicme_v3_hybrid_s42_trial0049/checkpoint-32/preprocessor_config.json
{'loss': '1.809', 'grad_norm': '33.06', 'learning_rate': '6.746e-05', 'epoch': '2.525'}
{'eval_loss': '0.4477', 'eval_accuracy': '0.7871', 'eval_f1': '0.7668', 'eval_balanced_accuracy': '0.7871', 'eval_macro_f1': '0.7668', 'eval_atc': '0.3935', 'eval_normalized_atc': '0.03935', 'eval_target_recall': '0.7097', 'eval_target_recall_macro': '0.9032', 'eval_target_fnr': '0', 'eval_selection_score': '0.1844', 'eval_selection_accuracy_value': '0.7871', 'eval_nll': '0.4213', 'eval_brier': '0.262', 'eval_ece': '0.07082', 'eval_auroc': '0', 'eval_auprc': '0', 'eval_runtime': '3.792', 'eval_samples_per_second': '81.75', 'eval_steps_per_second': '5.274', 'epoch': '3'}
CustomImageProcessor configuration saved to checkpoints/hpo-v3_convnext_base_fb_in22k_ft_in1k_nicme_v3_hybrid_s42_trial0049/checkpoint-48/preprocessor_config.json
{'loss': '1.147', 'grad_norm': '104.8', 'learning_rate': '6.706e-05', 'epoch': '3.131'}
{'loss': '0.8305', 'grad_norm': '48.07', 'learning_rate': '6.652e-05', 'epoch': '3.787'}
{'eval_loss': '0.1629', 'eval_accuracy': '0.9452', 'eval_f1': '0.9429', 'eval_balanced_accuracy': '0.9452', 'eval_macro_f1': '0.9429', 'eval_atc': '0.08387', 'eval_normalized_atc': '0.008387', 'eval_target_recall': '0.6129', 'eval_target_recall_macro': '0.9032', 'eval_target_fnr': '0', 'eval_selection_score': '0.3381', 'eval_selection_accuracy_value': '0.9452', 'eval_nll': '0.1479', 'eval_brier': '0.07617', 'eval_ece': '0.04404', 'eval_auroc': '0', 'eval_auprc': '0', 'eval_runtime': '3.502', 'eval_samples_per_second': '88.52', 'eval_steps_per_second': '5.711', 'epoch': '4'}
CustomImageProcessor configuration saved to checkpoints/hpo-v3_convnext_base_fb_in22k_ft_in1k_nicme_v3_hybrid_s42_trial0049/checkpoint-64/preprocessor_config.json
{'loss': '0.6306', 'grad_norm': '40.66', 'learning_rate': '6.586e-05', 'epoch': '4.393'}
{'loss': '0.4073', 'grad_norm': '5.665', 'learning_rate': '6.507e-05', 'epoch': '5'}
{'eval_loss': '0.1803', 'eval_accuracy': '0.9323', 'eval_f1': '0.9309', 'eval_balanced_accuracy': '0.9323', 'eval_macro_f1': '0.9309', 'eval_atc': '0.1258', 'eval_normalized_atc': '0.01258', 'eval_target_recall': '0.7742', 'eval_target_recall_macro': '0.9355', 'eval_target_fnr': '0', 'eval_selection_score': '0.07589', 'eval_selection_accuracy_value': '0.9323', 'eval_nll': '0.1714', 'eval_brier': '0.09026', 'eval_ece': '0.03277', 'eval_auroc': '0', 'eval_auprc': '0', 'eval_runtime': '4.064', 'eval_samples_per_second': '76.28', 'eval_steps_per_second': '4.921', 'epoch': '5'}
CustomImageProcessor configuration saved to checkpoints/hpo-v3_convnext_base_fb_in22k_ft_in1k_nicme_v3_hybrid_s42_trial0049/checkpoint-80/preprocessor_config.json
{'loss': '0.237', 'grad_norm': '5.956', 'learning_rate': '6.415e-05', 'epoch': '5.656'}
{'eval_loss': '0.1187', 'eval_accuracy': '0.9548', 'eval_f1': '0.9541', 'eval_balanced_accuracy': '0.9548', 'eval_macro_f1': '0.9541', 'eval_atc': '0.1323', 'eval_normalized_atc': '0.01323', 'eval_target_recall': '0.8065', 'eval_target_recall_macro': '0.9355', 'eval_target_fnr': '0', 'eval_selection_score': '0.04823', 'eval_selection_accuracy_value': '0.9548', 'eval_nll': '0.1115', 'eval_brier': '0.05949', 'eval_ece': '0.02016', 'eval_auroc': '0', 'eval_auprc': '0', 'eval_runtime': '4.132', 'eval_samples_per_second': '75.02', 'eval_steps_per_second': '4.84', 'epoch': '6'}
CustomImageProcessor configuration saved to checkpoints/hpo-v3_convnext_base_fb_in22k_ft_in1k_nicme_v3_hybrid_s42_trial0049/checkpoint-96/preprocessor_config.json
{'loss': '0.2851', 'grad_norm': '23.56', 'learning_rate': '6.312e-05', 'epoch': '6.262'}
{'loss': '0.1379', 'grad_norm': '9.858', 'learning_rate': '6.197e-05', 'epoch': '6.918'}
{'eval_loss': '0.1842', 'eval_accuracy': '0.9387', 'eval_f1': '0.938', 'eval_balanced_accuracy': '0.9387', 'eval_macro_f1': '0.938', 'eval_atc': '0.06129', 'eval_normalized_atc': '0.006129', 'eval_target_recall': '0.871', 'eval_target_recall_macro': '0.9677', 'eval_target_fnr': '0', 'eval_selection_score': '0.009501', 'eval_selection_accuracy_value': '0.9387', 'eval_nll': '0.1821', 'eval_brier': '0.09427', 'eval_ece': '0.03386', 'eval_auroc': '0', 'eval_auprc': '0', 'eval_runtime': '3.851', 'eval_samples_per_second': '80.49', 'eval_steps_per_second': '5.193', 'epoch': '7'}
CustomImageProcessor configuration saved to checkpoints/hpo-v3_convnext_base_fb_in22k_ft_in1k_nicme_v3_hybrid_s42_trial0049/checkpoint-112/preprocessor_config.json
{'loss': '0.1986', 'grad_norm': '27.87', 'learning_rate': '6.07e-05', 'epoch': '7.525'}
{'eval_loss': '0.2749', 'eval_accuracy': '0.9194', 'eval_f1': '0.9155', 'eval_balanced_accuracy': '0.9194', 'eval_macro_f1': '0.9155', 'eval_atc': '0.1097', 'eval_normalized_atc': '0.01097', 'eval_target_recall': '0.8065', 'eval_target_recall_macro': '0.9435', 'eval_target_fnr': '0', 'eval_selection_score': '0.04597', 'eval_selection_accuracy_value': '0.9194', 'eval_nll': '0.2708', 'eval_brier': '0.1284', 'eval_ece': '0.04529', 'eval_auroc': '0', 'eval_auprc': '0', 'eval_runtime': '3.869', 'eval_samples_per_second': '80.11', 'eval_steps_per_second': '5.169', 'epoch': '8'}
CustomImageProcessor configuration saved to checkpoints/hpo-v3_convnext_base_fb_in22k_ft_in1k_nicme_v3_hybrid_s42_trial0049/checkpoint-128/preprocessor_config.json
{'loss': '0.1139', 'grad_norm': '48.65', 'learning_rate': '5.933e-05', 'epoch': '8.131'}
{'loss': '0.2205', 'grad_norm': '57.07', 'learning_rate': '5.786e-05', 'epoch': '8.787'}
{'eval_loss': '0.114', 'eval_accuracy': '0.9613', 'eval_f1': '0.9621', 'eval_balanced_accuracy': '0.9613', 'eval_macro_f1': '0.9621', 'eval_atc': '0.1194', 'eval_normalized_atc': '0.01194', 'eval_target_recall': '0.9355', 'eval_target_recall_macro': '0.9597', 'eval_target_fnr': '0', 'eval_selection_score': '0.01194', 'eval_selection_accuracy_value': '0.9613', 'eval_nll': '0.1062', 'eval_brier': '0.0541', 'eval_ece': '0.02172', 'eval_auroc': '0', 'eval_auprc': '0', 'eval_runtime': '4.139', 'eval_samples_per_second': '74.9', 'eval_steps_per_second': '4.832', 'epoch': '9'}
CustomImageProcessor configuration saved to checkpoints/hpo-v3_convnext_base_fb_in22k_ft_in1k_nicme_v3_hybrid_s42_trial0049/checkpoint-144/preprocessor_config.json
{'loss': '0.1297', 'grad_norm': '31.18', 'learning_rate': '5.63e-05', 'epoch': '9.393'}
{'loss': '0.05533', 'grad_norm': '0.8588', 'learning_rate': '5.464e-05', 'epoch': '10'}
{'eval_loss': '0.05465', 'eval_accuracy': '0.9806', 'eval_f1': '0.9806', 'eval_balanced_accuracy': '0.9806', 'eval_macro_f1': '0.9806', 'eval_atc': '0.07742', 'eval_normalized_atc': '0.007742', 'eval_target_recall': '0.9032', 'eval_target_recall_macro': '0.9677', 'eval_target_fnr': '0', 'eval_selection_score': '0.007742', 'eval_selection_accuracy_value': '0.9806', 'eval_nll': '0.04875', 'eval_brier': '0.02843', 'eval_ece': '0.01626', 'eval_auroc': '0', 'eval_auprc': '0', 'eval_runtime': '4.117', 'eval_samples_per_second': '75.3', 'eval_steps_per_second': '4.858', 'epoch': '10'}
CustomImageProcessor configuration saved to checkpoints/hpo-v3_convnext_base_fb_in22k_ft_in1k_nicme_v3_hybrid_s42_trial0049/checkpoint-160/preprocessor_config.json
{'loss': '0.1131', 'grad_norm': '45.74', 'learning_rate': '5.291e-05', 'epoch': '10.66'}
{'eval_loss': '0.09652', 'eval_accuracy': '0.9677', 'eval_f1': '0.9671', 'eval_balanced_accuracy': '0.9677', 'eval_macro_f1': '0.9671', 'eval_atc': '0.09032', 'eval_normalized_atc': '0.009032', 'eval_target_recall': '0.8065', 'eval_target_recall_macro': '0.9435', 'eval_target_fnr': '0', 'eval_selection_score': '0.04404', 'eval_selection_accuracy_value': '0.9677', 'eval_nll': '0.09058', 'eval_brier': '0.0512', 'eval_ece': '0.0266', 'eval_auroc': '0', 'eval_auprc': '0', 'eval_runtime': '3.972', 'eval_samples_per_second': '78.05', 'eval_steps_per_second': '5.035', 'epoch': '11'}
CustomImageProcessor configuration saved to checkpoints/hpo-v3_convnext_base_fb_in22k_ft_in1k_nicme_v3_hybrid_s42_trial0049/checkpoint-176/preprocessor_config.json
{'loss': '0.02215', 'grad_norm': '0.4889', 'learning_rate': '5.11e-05', 'epoch': '11.26'}
{'loss': '0.0886', 'grad_norm': '72.64', 'learning_rate': '4.922e-05', 'epoch': '11.92'}
{'eval_loss': '0.07', 'eval_accuracy': '0.9839', 'eval_f1': '0.9842', 'eval_balanced_accuracy': '0.9839', 'eval_macro_f1': '0.9842', 'eval_atc': '0.07419', 'eval_normalized_atc': '0.007419', 'eval_target_recall': '0.9355', 'eval_target_recall_macro': '0.9677', 'eval_target_fnr': '0', 'eval_selection_score': '0.007419', 'eval_selection_accuracy_value': '0.9839', 'eval_nll': '0.06577', 'eval_brier': '0.0284', 'eval_ece': '0.01604', 'eval_auroc': '0', 'eval_auprc': '0', 'eval_runtime': '4.018', 'eval_samples_per_second': '77.15', 'eval_steps_per_second': '4.977', 'epoch': '12'}
CustomImageProcessor configuration saved to checkpoints/hpo-v3_convnext_base_fb_in22k_ft_in1k_nicme_v3_hybrid_s42_trial0049/checkpoint-192/preprocessor_config.json
{'loss': '0.06378', 'grad_norm': '11.68', 'learning_rate': '4.727e-05', 'epoch': '12.52'}
{'eval_loss': '0.1235', 'eval_accuracy': '0.9548', 'eval_f1': '0.9545', 'eval_balanced_accuracy': '0.9548', 'eval_macro_f1': '0.9545', 'eval_atc': '0.07419', 'eval_normalized_atc': '0.007419', 'eval_target_recall': '0.9677', 'eval_target_recall_macro': '0.9839', 'eval_target_fnr': '0', 'eval_selection_score': '0.007419', 'eval_selection_accuracy_value': '0.9548', 'eval_nll': '0.1208', 'eval_brier': '0.06081', 'eval_ece': '0.02806', 'eval_auroc': '0', 'eval_auprc': '0', 'eval_runtime': '3.884', 'eval_samples_per_second': '79.82', 'eval_steps_per_second': '5.15', 'epoch': '13'}
CustomImageProcessor configuration saved to checkpoints/hpo-v3_convnext_base_fb_in22k_ft_in1k_nicme_v3_hybrid_s42_trial0049/checkpoint-208/preprocessor_config.json
{'loss': '0.007873', 'grad_norm': '7.876', 'learning_rate': '4.528e-05', 'epoch': '13.13'}
{'loss': '0.00638', 'grad_norm': '16.02', 'learning_rate': '4.324e-05', 'epoch': '13.79'}
{'eval_loss': '0.04518', 'eval_accuracy': '0.9903', 'eval_f1': '0.9903', 'eval_balanced_accuracy': '0.9903', 'eval_macro_f1': '0.9903', 'eval_atc': '0.009677', 'eval_normalized_atc': '0.0009677', 'eval_target_recall': '0.9355', 'eval_target_recall_macro': '0.9839', 'eval_target_fnr': '0', 'eval_selection_score': '0.0009677', 'eval_selection_accuracy_value': '0.9903', 'eval_nll': '0.0448', 'eval_brier': '0.01821', 'eval_ece': '0.01075', 'eval_auroc': '0', 'eval_auprc': '0', 'eval_runtime': '4.183', 'eval_samples_per_second': '74.1', 'eval_steps_per_second': '4.781', 'epoch': '14'}
CustomImageProcessor configuration saved to checkpoints/hpo-v3_convnext_base_fb_in22k_ft_in1k_nicme_v3_hybrid_s42_trial0049/checkpoint-224/preprocessor_config.json
{'loss': '0.1159', 'grad_norm': '69.2', 'learning_rate': '4.116e-05', 'epoch': '14.39'}
{'loss': '0.04579', 'grad_norm': '98.1', 'learning_rate': '3.906e-05', 'epoch': '15'}
{'eval_loss': '0.05517', 'eval_accuracy': '0.9806', 'eval_f1': '0.9808', 'eval_balanced_accuracy': '0.9806', 'eval_macro_f1': '0.9808', 'eval_atc': '0.09355', 'eval_normalized_atc': '0.009355', 'eval_target_recall': '0.9355', 'eval_target_recall_macro': '0.9677', 'eval_target_fnr': '0', 'eval_selection_score': '0.009355', 'eval_selection_accuracy_value': '0.9806', 'eval_nll': '0.0465', 'eval_brier': '0.03007', 'eval_ece': '0.01593', 'eval_auroc': '0', 'eval_auprc': '0', 'eval_runtime': '4.037', 'eval_samples_per_second': '76.79', 'eval_steps_per_second': '4.954', 'epoch': '15'}
CustomImageProcessor configuration saved to checkpoints/hpo-v3_convnext_base_fb_in22k_ft_in1k_nicme_v3_hybrid_s42_trial0049/checkpoint-240/preprocessor_config.json
{'loss': '0.02229', 'grad_norm': '0.1694', 'learning_rate': '3.693e-05', 'epoch': '15.66'}
{'eval_loss': '0.013', 'eval_accuracy': '0.9935', 'eval_f1': '0.9935', 'eval_balanced_accuracy': '0.9935', 'eval_macro_f1': '0.9935', 'eval_atc': '0.006452', 'eval_normalized_atc': '0.0006452', 'eval_target_recall': '0.9355', 'eval_target_recall_macro': '0.9839', 'eval_target_fnr': '0', 'eval_selection_score': '0.0006452', 'eval_selection_accuracy_value': '0.9935', 'eval_nll': '0.01249', 'eval_brier': '0.007621', 'eval_ece': '0.006301', 'eval_auroc': '0', 'eval_auprc': '0', 'eval_runtime': '3.707', 'eval_samples_per_second': '83.64', 'eval_steps_per_second': '5.396', 'epoch': '16'}
CustomImageProcessor configuration saved to checkpoints/hpo-v3_convnext_base_fb_in22k_ft_in1k_nicme_v3_hybrid_s42_trial0049/checkpoint-256/preprocessor_config.json
{'loss': '0.03787', 'grad_norm': '0.04054', 'learning_rate': '3.48e-05', 'epoch': '16.26'}
{'loss': '0.001209', 'grad_norm': '1.682', 'learning_rate': '3.266e-05', 'epoch': '16.92'}
{'eval_loss': '0.06994', 'eval_accuracy': '0.9742', 'eval_f1': '0.974', 'eval_balanced_accuracy': '0.9742', 'eval_macro_f1': '0.974', 'eval_atc': '0.02581', 'eval_normalized_atc': '0.002581', 'eval_target_recall': '0.9677', 'eval_target_recall_macro': '0.9919', 'eval_target_fnr': '0', 'eval_selection_score': '0.002581', 'eval_selection_accuracy_value': '0.9742', 'eval_nll': '0.06814', 'eval_brier': '0.03805', 'eval_ece': '0.01832', 'eval_auroc': '0', 'eval_auprc': '0', 'eval_runtime': '4.209', 'eval_samples_per_second': '73.64', 'eval_steps_per_second': '4.751', 'epoch': '17'}
CustomImageProcessor configuration saved to checkpoints/hpo-v3_convnext_base_fb_in22k_ft_in1k_nicme_v3_hybrid_s42_trial0049/checkpoint-272/preprocessor_config.json
{'loss': '0.004408', 'grad_norm': '0.08956', 'learning_rate': '3.052e-05', 'epoch': '17.52'}
{'eval_loss': '0.06247', 'eval_accuracy': '0.9742', 'eval_f1': '0.9743', 'eval_balanced_accuracy': '0.9742', 'eval_macro_f1': '0.9743', 'eval_atc': '0.1129', 'eval_normalized_atc': '0.01129', 'eval_target_recall': '0.9355', 'eval_target_recall_macro': '0.9677', 'eval_target_fnr': '0.06452', 'eval_selection_score': '0.01129', 'eval_selection_accuracy_value': '0.9742', 'eval_nll': '0.0566', 'eval_brier': '0.03891', 'eval_ece': '0.01995', 'eval_auroc': '0', 'eval_auprc': '0', 'eval_runtime': '3.864', 'eval_samples_per_second': '80.22', 'eval_steps_per_second': '5.175', 'epoch': '18'}
CustomImageProcessor configuration saved to checkpoints/hpo-v3_convnext_base_fb_in22k_ft_in1k_nicme_v3_hybrid_s42_trial0049/checkpoint-288/preprocessor_config.json
{'train_runtime': '284.7', 'train_samples_per_second': '109', 'train_steps_per_second': '1.798', 'train_loss': '0.8178', 'epoch': '18'}
***** train metrics *****
  epoch                    =       18.0
  total_flos               =        0GF
  train_loss               =     0.8178
  train_runtime            = 0:04:44.72
  train_samples_per_second =    109.018
  train_steps_per_second   =      1.798
Using device: cuda

============================================================
PERFORMING COMPREHENSIVE EVALUATION
============================================================
Results will be saved to: results/pmi10_convnext_base_fb_in22k_ft_in1k_test/hpo-v3_convnext_base_fb_in22k_ft_in1k_nicme_v3_hybrid_s42_trial0049_05-02_06-33
Saving run configuration...
Run configuration saved to: results/pmi10_convnext_base_fb_in22k_ft_in1k_test/hpo-v3_convnext_base_fb_in22k_ft_in1k_nicme_v3_hybrid_s42_trial0049_05-02_06-33/run_configuration_20260502_063346.json
Running model evaluation...
Computing detailed metrics...
Saving metrics to files...
Metrics saved to: results/pmi10_convnext_base_fb_in22k_ft_in1k_test/hpo-v3_convnext_base_fb_in22k_ft_in1k_nicme_v3_hybrid_s42_trial0049_05-02_06-33/metrics_20260502_063354_nicme_v3_hybrid.json and results/pmi10_convnext_base_fb_in22k_ft_in1k_test/hpo-v3_convnext_base_fb_in22k_ft_in1k_nicme_v3_hybrid_s42_trial0049_05-02_06-33/metrics_20260502_063354_nicme_v3_hybrid.txt
Using provided class names: ['00378-0208', '00378-3855', '00591-0461', '16729-0020', '50111-0434', '53489-0156', '53746-0544', '62037-0831', '68382-0008', '68382-0227']
Skipping confusion matrix visualizations by configuration.

============================================================
TRAINING COMPLETED - RESULTS SUMMARY
============================================================
Output Directory: results/pmi10_convnext_base_fb_in22k_ft_in1k_test/hpo-v3_convnext_base_fb_in22k_ft_in1k_nicme_v3_hybrid_s42_trial0049_05-02_06-33
Overall Accuracy: 0.9656
Balanced Accuracy: 0.9656
Overall F1 Score: 0.9660
Kappa: 0.9618
AUC: 0.9998
Expected Cost: 0.0625
Loss Function Used: nicme_v3_hybrid
Total Test Samples: 320
Classes: 00378-0208, 00378-3855, 00591-0461, 16729-0020, 50111-0434, 53489-0156, 53746-0544, 62037-0831, 68382-0008, 68382-0227

Detailed metrics saved to: results/pmi10_convnext_base_fb_in22k_ft_in1k_test/hpo-v3_convnext_base_fb_in22k_ft_in1k_nicme_v3_hybrid_s42_trial0049_05-02_06-33
============================================================
