Prepared manifest loaded — Train=970, Val=310, Calibration=0, Test=320
cuda
Using model backend=timm type=pmi10_convnext_base_fb_in22k_ft_in1k with 10 labels
Early stopping enabled with patience=5
Using device: cuda
{'loss': '9.303', 'grad_norm': '17.43', 'learning_rate': '1.028e-05', 'epoch': '0.6557'}
{'eval_loss': '1.925', 'eval_accuracy': '0.5258', 'eval_f1': '0.4938', 'eval_balanced_accuracy': '0.5258', 'eval_macro_f1': '0.4938', 'eval_atc': '1.116', 'eval_normalized_atc': '0.1116', 'eval_target_recall': '0.1935', 'eval_target_recall_macro': '0.5081', 'eval_target_fnr': '0.4839', 'eval_selection_score': '2.183', 'eval_selection_accuracy_value': '0.5258', 'eval_nll': '1.907', 'eval_brier': '0.7951', 'eval_ece': '0.3499', 'eval_auroc': '0', 'eval_auprc': '0', 'eval_runtime': '4.907', 'eval_samples_per_second': '63.18', 'eval_steps_per_second': '4.076', 'epoch': '1'}
CustomImageProcessor configuration saved to checkpoints/hpo-v3_convnext_base_fb_in22k_ft_in1k_nicme_v3_hybrid_s42_trial0055/checkpoint-16/preprocessor_config.json
{'loss': '7.35', 'grad_norm': '22.8', 'learning_rate': '2.17e-05', 'epoch': '1.262'}
{'loss': '5.609', 'grad_norm': '24.84', 'learning_rate': '3.312e-05', 'epoch': '1.918'}
{'eval_loss': '0.9864', 'eval_accuracy': '0.7742', 'eval_f1': '0.7659', 'eval_balanced_accuracy': '0.7742', 'eval_macro_f1': '0.7659', 'eval_atc': '0.7194', 'eval_normalized_atc': '0.07194', 'eval_target_recall': '0.3548', 'eval_target_recall_macro': '0.6935', 'eval_target_fnr': '0.2903', 'eval_selection_score': '1.261', 'eval_selection_accuracy_value': '0.7742', 'eval_nll': '0.9545', 'eval_brier': '0.4699', 'eval_ece': '0.3009', 'eval_auroc': '0', 'eval_auprc': '0', 'eval_runtime': '3.659', 'eval_samples_per_second': '84.71', 'eval_steps_per_second': '5.465', 'epoch': '2'}
CustomImageProcessor configuration saved to checkpoints/hpo-v3_convnext_base_fb_in22k_ft_in1k_nicme_v3_hybrid_s42_trial0055/checkpoint-32/preprocessor_config.json
{'loss': '3.103', 'grad_norm': '19.67', 'learning_rate': '4.454e-05', 'epoch': '2.525'}
{'eval_loss': '0.5052', 'eval_accuracy': '0.8', 'eval_f1': '0.7925', 'eval_balanced_accuracy': '0.8', 'eval_macro_f1': '0.7925', 'eval_atc': '0.5484', 'eval_normalized_atc': '0.05484', 'eval_target_recall': '0.6774', 'eval_target_recall_macro': '0.8629', 'eval_target_fnr': '0', 'eval_selection_score': '0.253', 'eval_selection_accuracy_value': '0.8', 'eval_nll': '0.4792', 'eval_brier': '0.2653', 'eval_ece': '0.09911', 'eval_auroc': '0', 'eval_auprc': '0', 'eval_runtime': '3.791', 'eval_samples_per_second': '81.78', 'eval_steps_per_second': '5.276', 'epoch': '3'}
CustomImageProcessor configuration saved to checkpoints/hpo-v3_convnext_base_fb_in22k_ft_in1k_nicme_v3_hybrid_s42_trial0055/checkpoint-48/preprocessor_config.json
{'loss': '2.014', 'grad_norm': '94.97', 'learning_rate': '5.596e-05', 'epoch': '3.131'}
{'loss': '1.529', 'grad_norm': '117.4', 'learning_rate': '6.05e-05', 'epoch': '3.787'}
{'eval_loss': '0.2611', 'eval_accuracy': '0.9452', 'eval_f1': '0.945', 'eval_balanced_accuracy': '0.9452', 'eval_macro_f1': '0.945', 'eval_atc': '0.1226', 'eval_normalized_atc': '0.01226', 'eval_target_recall': '0.8387', 'eval_target_recall_macro': '0.9194', 'eval_target_fnr': '0', 'eval_selection_score': '0.02728', 'eval_selection_accuracy_value': '0.9452', 'eval_nll': '0.2444', 'eval_brier': '0.1163', 'eval_ece': '0.1187', 'eval_auroc': '0', 'eval_auprc': '0', 'eval_runtime': '3.734', 'eval_samples_per_second': '83.02', 'eval_steps_per_second': '5.356', 'epoch': '4'}
CustomImageProcessor configuration saved to checkpoints/hpo-v3_convnext_base_fb_in22k_ft_in1k_nicme_v3_hybrid_s42_trial0055/checkpoint-64/preprocessor_config.json
{'loss': '0.9567', 'grad_norm': '21.2', 'learning_rate': '6.034e-05', 'epoch': '4.393'}
{'loss': '0.7693', 'grad_norm': '10.88', 'learning_rate': '6.005e-05', 'epoch': '5'}
{'eval_loss': '0.1875', 'eval_accuracy': '0.9419', 'eval_f1': '0.9402', 'eval_balanced_accuracy': '0.9419', 'eval_macro_f1': '0.9402', 'eval_atc': '0.1161', 'eval_normalized_atc': '0.01161', 'eval_target_recall': '0.6774', 'eval_target_recall_macro': '0.9113', 'eval_target_fnr': '0', 'eval_selection_score': '0.2098', 'eval_selection_accuracy_value': '0.9419', 'eval_nll': '0.1802', 'eval_brier': '0.09556', 'eval_ece': '0.04244', 'eval_auroc': '0', 'eval_auprc': '0', 'eval_runtime': '3.548', 'eval_samples_per_second': '87.37', 'eval_steps_per_second': '5.637', 'epoch': '5'}
CustomImageProcessor configuration saved to checkpoints/hpo-v3_convnext_base_fb_in22k_ft_in1k_nicme_v3_hybrid_s42_trial0055/checkpoint-80/preprocessor_config.json
{'loss': '0.6512', 'grad_norm': '13.46', 'learning_rate': '5.961e-05', 'epoch': '5.656'}
{'eval_loss': '0.1562', 'eval_accuracy': '0.9645', 'eval_f1': '0.9647', 'eval_balanced_accuracy': '0.9645', 'eval_macro_f1': '0.9647', 'eval_atc': '0.1613', 'eval_normalized_atc': '0.01613', 'eval_target_recall': '0.9032', 'eval_target_recall_macro': '0.9435', 'eval_target_fnr': '0', 'eval_selection_score': '0.01613', 'eval_selection_accuracy_value': '0.9645', 'eval_nll': '0.1439', 'eval_brier': '0.06969', 'eval_ece': '0.05858', 'eval_auroc': '0', 'eval_auprc': '0', 'eval_runtime': '3.651', 'eval_samples_per_second': '84.9', 'eval_steps_per_second': '5.478', 'epoch': '6'}
CustomImageProcessor configuration saved to checkpoints/hpo-v3_convnext_base_fb_in22k_ft_in1k_nicme_v3_hybrid_s42_trial0055/checkpoint-96/preprocessor_config.json
{'loss': '0.4016', 'grad_norm': '27.97', 'learning_rate': '5.904e-05', 'epoch': '6.262'}
{'loss': '0.4317', 'grad_norm': '64.23', 'learning_rate': '5.833e-05', 'epoch': '6.918'}
{'eval_loss': '0.1719', 'eval_accuracy': '0.9226', 'eval_f1': '0.9201', 'eval_balanced_accuracy': '0.9226', 'eval_macro_f1': '0.9201', 'eval_atc': '0.1645', 'eval_normalized_atc': '0.01645', 'eval_target_recall': '0.6774', 'eval_target_recall_macro': '0.9032', 'eval_target_fnr': '0', 'eval_selection_score': '0.2146', 'eval_selection_accuracy_value': '0.9226', 'eval_nll': '0.1662', 'eval_brier': '0.09491', 'eval_ece': '0.03084', 'eval_auroc': '0', 'eval_auprc': '0', 'eval_runtime': '3.565', 'eval_samples_per_second': '86.96', 'eval_steps_per_second': '5.61', 'epoch': '7'}
CustomImageProcessor configuration saved to checkpoints/hpo-v3_convnext_base_fb_in22k_ft_in1k_nicme_v3_hybrid_s42_trial0055/checkpoint-112/preprocessor_config.json
{'loss': '0.2314', 'grad_norm': '26.5', 'learning_rate': '5.749e-05', 'epoch': '7.525'}
{'eval_loss': '0.07741', 'eval_accuracy': '0.9806', 'eval_f1': '0.9803', 'eval_balanced_accuracy': '0.9806', 'eval_macro_f1': '0.9803', 'eval_atc': '0.04839', 'eval_normalized_atc': '0.004839', 'eval_target_recall': '0.8387', 'eval_target_recall_macro': '0.9516', 'eval_target_fnr': '0', 'eval_selection_score': '0.01986', 'eval_selection_accuracy_value': '0.9806', 'eval_nll': '0.07398', 'eval_brier': '0.03438', 'eval_ece': '0.01802', 'eval_auroc': '0', 'eval_auprc': '0', 'eval_runtime': '3.834', 'eval_samples_per_second': '80.86', 'eval_steps_per_second': '5.217', 'epoch': '8'}
CustomImageProcessor configuration saved to checkpoints/hpo-v3_convnext_base_fb_in22k_ft_in1k_nicme_v3_hybrid_s42_trial0055/checkpoint-128/preprocessor_config.json
{'loss': '0.2067', 'grad_norm': '17.5', 'learning_rate': '5.652e-05', 'epoch': '8.131'}
{'loss': '0.222', 'grad_norm': '6.589', 'learning_rate': '5.543e-05', 'epoch': '8.787'}
{'eval_loss': '0.06774', 'eval_accuracy': '0.9742', 'eval_f1': '0.9743', 'eval_balanced_accuracy': '0.9742', 'eval_macro_f1': '0.9743', 'eval_atc': '0.05484', 'eval_normalized_atc': '0.005484', 'eval_target_recall': '0.9032', 'eval_target_recall_macro': '0.9677', 'eval_target_fnr': '0', 'eval_selection_score': '0.005484', 'eval_selection_accuracy_value': '0.9742', 'eval_nll': '0.06489', 'eval_brier': '0.03478', 'eval_ece': '0.01747', 'eval_auroc': '0', 'eval_auprc': '0', 'eval_runtime': '4.116', 'eval_samples_per_second': '75.32', 'eval_steps_per_second': '4.859', 'epoch': '9'}
CustomImageProcessor configuration saved to checkpoints/hpo-v3_convnext_base_fb_in22k_ft_in1k_nicme_v3_hybrid_s42_trial0055/checkpoint-144/preprocessor_config.json
{'loss': '0.1242', 'grad_norm': '38.57', 'learning_rate': '5.422e-05', 'epoch': '9.393'}
{'loss': '0.1619', 'grad_norm': '38.74', 'learning_rate': '5.29e-05', 'epoch': '10'}
{'eval_loss': '0.1147', 'eval_accuracy': '0.9613', 'eval_f1': '0.9589', 'eval_balanced_accuracy': '0.9613', 'eval_macro_f1': '0.9589', 'eval_atc': '0.1258', 'eval_normalized_atc': '0.01258', 'eval_target_recall': '0.6452', 'eval_target_recall_macro': '0.9032', 'eval_target_fnr': '0', 'eval_selection_score': '0.2724', 'eval_selection_accuracy_value': '0.9613', 'eval_nll': '0.1105', 'eval_brier': '0.05911', 'eval_ece': '0.02406', 'eval_auroc': '0', 'eval_auprc': '0', 'eval_runtime': '3.743', 'eval_samples_per_second': '82.82', 'eval_steps_per_second': '5.343', 'epoch': '10'}
CustomImageProcessor configuration saved to checkpoints/hpo-v3_convnext_base_fb_in22k_ft_in1k_nicme_v3_hybrid_s42_trial0055/checkpoint-160/preprocessor_config.json
{'loss': '0.1383', 'grad_norm': '29.6', 'learning_rate': '5.148e-05', 'epoch': '10.66'}
{'eval_loss': '0.1271', 'eval_accuracy': '0.9581', 'eval_f1': '0.9576', 'eval_balanced_accuracy': '0.9581', 'eval_macro_f1': '0.9576', 'eval_atc': '0.07097', 'eval_normalized_atc': '0.007097', 'eval_target_recall': '0.8387', 'eval_target_recall_macro': '0.9516', 'eval_target_fnr': '0', 'eval_selection_score': '0.02212', 'eval_selection_accuracy_value': '0.9581', 'eval_nll': '0.1249', 'eval_brier': '0.06683', 'eval_ece': '0.01597', 'eval_auroc': '0', 'eval_auprc': '0', 'eval_runtime': '3.772', 'eval_samples_per_second': '82.19', 'eval_steps_per_second': '5.302', 'epoch': '11'}
CustomImageProcessor configuration saved to checkpoints/hpo-v3_convnext_base_fb_in22k_ft_in1k_nicme_v3_hybrid_s42_trial0055/checkpoint-176/preprocessor_config.json
{'train_runtime': '172', 'train_samples_per_second': '180.5', 'train_steps_per_second': '2.977', 'train_loss': '1.893', 'epoch': '11'}
***** train metrics *****
  epoch                    =       11.0
  total_flos               =        0GF
  train_loss               =     1.8929
  train_runtime            = 0:02:52.01
  train_samples_per_second =    180.452
  train_steps_per_second   =      2.977
Using device: cuda

============================================================
PERFORMING COMPREHENSIVE EVALUATION
============================================================
Results will be saved to: results/pmi10_convnext_base_fb_in22k_ft_in1k_test/hpo-v3_convnext_base_fb_in22k_ft_in1k_nicme_v3_hybrid_s42_trial0055_05-02_07-00
Saving run configuration...
Run configuration saved to: results/pmi10_convnext_base_fb_in22k_ft_in1k_test/hpo-v3_convnext_base_fb_in22k_ft_in1k_nicme_v3_hybrid_s42_trial0055_05-02_07-00/run_configuration_20260502_070013.json
Running model evaluation...
Computing detailed metrics...
Saving metrics to files...
Metrics saved to: results/pmi10_convnext_base_fb_in22k_ft_in1k_test/hpo-v3_convnext_base_fb_in22k_ft_in1k_nicme_v3_hybrid_s42_trial0055_05-02_07-00/metrics_20260502_070022_nicme_v3_hybrid.json and results/pmi10_convnext_base_fb_in22k_ft_in1k_test/hpo-v3_convnext_base_fb_in22k_ft_in1k_nicme_v3_hybrid_s42_trial0055_05-02_07-00/metrics_20260502_070022_nicme_v3_hybrid.txt
Using provided class names: ['00378-0208', '00378-3855', '00591-0461', '16729-0020', '50111-0434', '53489-0156', '53746-0544', '62037-0831', '68382-0008', '68382-0227']
Skipping confusion matrix visualizations by configuration.

============================================================
TRAINING COMPLETED - RESULTS SUMMARY
============================================================
Output Directory: results/pmi10_convnext_base_fb_in22k_ft_in1k_test/hpo-v3_convnext_base_fb_in22k_ft_in1k_nicme_v3_hybrid_s42_trial0055_05-02_07-00
Overall Accuracy: 0.9500
Balanced Accuracy: 0.9500
Overall F1 Score: 0.9505
Kappa: 0.9444
AUC: 0.9980
Expected Cost: 0.1781
Loss Function Used: nicme_v3_hybrid
Total Test Samples: 320
Classes: 00378-0208, 00378-3855, 00591-0461, 16729-0020, 50111-0434, 53489-0156, 53746-0544, 62037-0831, 68382-0008, 68382-0227

Detailed metrics saved to: results/pmi10_convnext_base_fb_in22k_ft_in1k_test/hpo-v3_convnext_base_fb_in22k_ft_in1k_nicme_v3_hybrid_s42_trial0055_05-02_07-00
============================================================
