Prepared manifest loaded — Train=970, Val=310, Calibration=0, Test=320
cuda
Using model backend=timm type=pmi10_convnext_base_fb_in22k_ft_in1k with 10 labels
Early stopping enabled with patience=5
Using device: cuda
{'loss': '9.3', 'grad_norm': '17.41', 'learning_rate': '1.02e-05', 'epoch': '0.6557'}
{'eval_loss': '1.921', 'eval_accuracy': '0.5258', 'eval_f1': '0.4938', 'eval_balanced_accuracy': '0.5258', 'eval_macro_f1': '0.4938', 'eval_atc': '1.116', 'eval_normalized_atc': '0.1116', 'eval_target_recall': '0.1935', 'eval_target_recall_macro': '0.5081', 'eval_target_fnr': '0.4839', 'eval_selection_score': '2.183', 'eval_selection_accuracy_value': '0.5258', 'eval_nll': '1.91', 'eval_brier': '0.7961', 'eval_ece': '0.3508', 'eval_auroc': '0', 'eval_auprc': '0', 'eval_runtime': '4.809', 'eval_samples_per_second': '64.47', 'eval_steps_per_second': '4.159', 'epoch': '1'}
CustomImageProcessor configuration saved to checkpoints/hpo-v3_convnext_base_fb_in22k_ft_in1k_nicme_v3_hybrid_s42_trial0062/checkpoint-16/preprocessor_config.json
{'loss': '7.337', 'grad_norm': '22.67', 'learning_rate': '2.154e-05', 'epoch': '1.262'}
{'loss': '5.587', 'grad_norm': '24.65', 'learning_rate': '3.287e-05', 'epoch': '1.918'}
{'eval_loss': '0.978', 'eval_accuracy': '0.771', 'eval_f1': '0.763', 'eval_balanced_accuracy': '0.771', 'eval_macro_f1': '0.763', 'eval_atc': '0.7452', 'eval_normalized_atc': '0.07452', 'eval_target_recall': '0.3548', 'eval_target_recall_macro': '0.6855', 'eval_target_fnr': '0.2903', 'eval_selection_score': '1.264', 'eval_selection_accuracy_value': '0.771', 'eval_nll': '0.9594', 'eval_brier': '0.4721', 'eval_ece': '0.3005', 'eval_auroc': '0', 'eval_auprc': '0', 'eval_runtime': '3.768', 'eval_samples_per_second': '82.26', 'eval_steps_per_second': '5.307', 'epoch': '2'}
CustomImageProcessor configuration saved to checkpoints/hpo-v3_convnext_base_fb_in22k_ft_in1k_nicme_v3_hybrid_s42_trial0062/checkpoint-32/preprocessor_config.json
{'loss': '3.071', 'grad_norm': '19.47', 'learning_rate': '4.421e-05', 'epoch': '2.525'}
{'eval_loss': '0.4986', 'eval_accuracy': '0.8', 'eval_f1': '0.7928', 'eval_balanced_accuracy': '0.8', 'eval_macro_f1': '0.7928', 'eval_atc': '0.5484', 'eval_normalized_atc': '0.05484', 'eval_target_recall': '0.6774', 'eval_target_recall_macro': '0.8548', 'eval_target_fnr': '0.03226', 'eval_selection_score': '0.253', 'eval_selection_accuracy_value': '0.8', 'eval_nll': '0.4818', 'eval_brier': '0.2667', 'eval_ece': '0.09233', 'eval_auroc': '0', 'eval_auprc': '0', 'eval_runtime': '3.667', 'eval_samples_per_second': '84.55', 'eval_steps_per_second': '5.455', 'epoch': '3'}
CustomImageProcessor configuration saved to checkpoints/hpo-v3_convnext_base_fb_in22k_ft_in1k_nicme_v3_hybrid_s42_trial0062/checkpoint-48/preprocessor_config.json
{'loss': '1.988', 'grad_norm': '97.17', 'learning_rate': '5.555e-05', 'epoch': '3.131'}
{'loss': '1.51', 'grad_norm': '113.6', 'learning_rate': '6.461e-05', 'epoch': '3.787'}
{'eval_loss': '0.2581', 'eval_accuracy': '0.9452', 'eval_f1': '0.9449', 'eval_balanced_accuracy': '0.9452', 'eval_macro_f1': '0.9449', 'eval_atc': '0.1903', 'eval_normalized_atc': '0.01903', 'eval_target_recall': '0.7742', 'eval_target_recall_macro': '0.9032', 'eval_target_fnr': '0', 'eval_selection_score': '0.08234', 'eval_selection_accuracy_value': '0.9452', 'eval_nll': '0.2461', 'eval_brier': '0.121', 'eval_ece': '0.1113', 'eval_auroc': '0', 'eval_auprc': '0', 'eval_runtime': '3.873', 'eval_samples_per_second': '80.04', 'eval_steps_per_second': '5.164', 'epoch': '4'}
CustomImageProcessor configuration saved to checkpoints/hpo-v3_convnext_base_fb_in22k_ft_in1k_nicme_v3_hybrid_s42_trial0062/checkpoint-64/preprocessor_config.json
{'loss': '0.9391', 'grad_norm': '18.65', 'learning_rate': '6.45e-05', 'epoch': '4.393'}
{'loss': '0.7732', 'grad_norm': '11.46', 'learning_rate': '6.424e-05', 'epoch': '5'}
{'eval_loss': '0.1756', 'eval_accuracy': '0.9548', 'eval_f1': '0.9541', 'eval_balanced_accuracy': '0.9548', 'eval_macro_f1': '0.9541', 'eval_atc': '0.1032', 'eval_normalized_atc': '0.01032', 'eval_target_recall': '0.7742', 'eval_target_recall_macro': '0.9355', 'eval_target_fnr': '0', 'eval_selection_score': '0.07363', 'eval_selection_accuracy_value': '0.9548', 'eval_nll': '0.1702', 'eval_brier': '0.0868', 'eval_ece': '0.05811', 'eval_auroc': '0', 'eval_auprc': '0', 'eval_runtime': '3.885', 'eval_samples_per_second': '79.8', 'eval_steps_per_second': '5.148', 'epoch': '5'}
CustomImageProcessor configuration saved to checkpoints/hpo-v3_convnext_base_fb_in22k_ft_in1k_nicme_v3_hybrid_s42_trial0062/checkpoint-80/preprocessor_config.json
{'loss': '0.4993', 'grad_norm': '17.11', 'learning_rate': '6.383e-05', 'epoch': '5.656'}
{'eval_loss': '0.1366', 'eval_accuracy': '0.9516', 'eval_f1': '0.9508', 'eval_balanced_accuracy': '0.9516', 'eval_macro_f1': '0.9508', 'eval_atc': '0.2226', 'eval_normalized_atc': '0.02226', 'eval_target_recall': '0.7742', 'eval_target_recall_macro': '0.9113', 'eval_target_fnr': '0.03226', 'eval_selection_score': '0.08557', 'eval_selection_accuracy_value': '0.9516', 'eval_nll': '0.1308', 'eval_brier': '0.06509', 'eval_ece': '0.0347', 'eval_auroc': '0', 'eval_auprc': '0', 'eval_runtime': '4.238', 'eval_samples_per_second': '73.14', 'eval_steps_per_second': '4.719', 'epoch': '6'}
CustomImageProcessor configuration saved to checkpoints/hpo-v3_convnext_base_fb_in22k_ft_in1k_nicme_v3_hybrid_s42_trial0062/checkpoint-96/preprocessor_config.json
{'loss': '0.4348', 'grad_norm': '103.6', 'learning_rate': '6.326e-05', 'epoch': '6.262'}
{'loss': '0.2531', 'grad_norm': '36.35', 'learning_rate': '6.255e-05', 'epoch': '6.918'}
{'eval_loss': '0.2415', 'eval_accuracy': '0.9065', 'eval_f1': '0.9002', 'eval_balanced_accuracy': '0.9065', 'eval_macro_f1': '0.9002', 'eval_atc': '0.1516', 'eval_normalized_atc': '0.01516', 'eval_target_recall': '0.7419', 'eval_target_recall_macro': '0.9194', 'eval_target_fnr': '0', 'eval_selection_score': '0.1151', 'eval_selection_accuracy_value': '0.9065', 'eval_nll': '0.2389', 'eval_brier': '0.1355', 'eval_ece': '0.04155', 'eval_auroc': '0', 'eval_auprc': '0', 'eval_runtime': '3.79', 'eval_samples_per_second': '81.8', 'eval_steps_per_second': '5.277', 'epoch': '7'}
CustomImageProcessor configuration saved to checkpoints/hpo-v3_convnext_base_fb_in22k_ft_in1k_nicme_v3_hybrid_s42_trial0062/checkpoint-112/preprocessor_config.json
{'loss': '0.2835', 'grad_norm': '30.78', 'learning_rate': '6.17e-05', 'epoch': '7.525'}
{'eval_loss': '0.09082', 'eval_accuracy': '0.9613', 'eval_f1': '0.961', 'eval_balanced_accuracy': '0.9613', 'eval_macro_f1': '0.961', 'eval_atc': '0.1935', 'eval_normalized_atc': '0.01935', 'eval_target_recall': '0.8387', 'eval_target_recall_macro': '0.9113', 'eval_target_fnr': '0.06452', 'eval_selection_score': '0.03438', 'eval_selection_accuracy_value': '0.9613', 'eval_nll': '0.0857', 'eval_brier': '0.04099', 'eval_ece': '0.03559', 'eval_auroc': '0', 'eval_auprc': '0', 'eval_runtime': '3.958', 'eval_samples_per_second': '78.33', 'eval_steps_per_second': '5.053', 'epoch': '8'}
CustomImageProcessor configuration saved to checkpoints/hpo-v3_convnext_base_fb_in22k_ft_in1k_nicme_v3_hybrid_s42_trial0062/checkpoint-128/preprocessor_config.json
{'loss': '0.3016', 'grad_norm': '24.46', 'learning_rate': '6.07e-05', 'epoch': '8.131'}
{'loss': '0.3598', 'grad_norm': '72.32', 'learning_rate': '5.957e-05', 'epoch': '8.787'}
{'eval_loss': '0.1458', 'eval_accuracy': '0.9355', 'eval_f1': '0.9371', 'eval_balanced_accuracy': '0.9355', 'eval_macro_f1': '0.9371', 'eval_atc': '0.2968', 'eval_normalized_atc': '0.02968', 'eval_target_recall': '0.7097', 'eval_target_recall_macro': '0.9032', 'eval_target_fnr': '0', 'eval_selection_score': '0.1746', 'eval_selection_accuracy_value': '0.9355', 'eval_nll': '0.1398', 'eval_brier': '0.07911', 'eval_ece': '0.03028', 'eval_auroc': '0', 'eval_auprc': '0', 'eval_runtime': '3.952', 'eval_samples_per_second': '78.43', 'eval_steps_per_second': '5.06', 'epoch': '9'}
CustomImageProcessor configuration saved to checkpoints/hpo-v3_convnext_base_fb_in22k_ft_in1k_nicme_v3_hybrid_s42_trial0062/checkpoint-144/preprocessor_config.json
{'loss': '0.1906', 'grad_norm': '65.45', 'learning_rate': '5.831e-05', 'epoch': '9.393'}
{'loss': '0.333', 'grad_norm': '10.14', 'learning_rate': '5.693e-05', 'epoch': '10'}
{'eval_loss': '0.06927', 'eval_accuracy': '0.9742', 'eval_f1': '0.9745', 'eval_balanced_accuracy': '0.9742', 'eval_macro_f1': '0.9745', 'eval_atc': '0.1419', 'eval_normalized_atc': '0.01419', 'eval_target_recall': '0.871', 'eval_target_recall_macro': '0.9516', 'eval_target_fnr': '0', 'eval_selection_score': '0.01757', 'eval_selection_accuracy_value': '0.9742', 'eval_nll': '0.06495', 'eval_brier': '0.0359', 'eval_ece': '0.01723', 'eval_auroc': '0', 'eval_auprc': '0', 'eval_runtime': '4.056', 'eval_samples_per_second': '76.43', 'eval_steps_per_second': '4.931', 'epoch': '10'}
CustomImageProcessor configuration saved to checkpoints/hpo-v3_convnext_base_fb_in22k_ft_in1k_nicme_v3_hybrid_s42_trial0062/checkpoint-160/preprocessor_config.json
{'loss': '0.09808', 'grad_norm': '17.46', 'learning_rate': '5.543e-05', 'epoch': '10.66'}
{'eval_loss': '0.05064', 'eval_accuracy': '0.9806', 'eval_f1': '0.9806', 'eval_balanced_accuracy': '0.9806', 'eval_macro_f1': '0.9806', 'eval_atc': '0.04839', 'eval_normalized_atc': '0.004839', 'eval_target_recall': '0.9355', 'eval_target_recall_macro': '0.9758', 'eval_target_fnr': '0', 'eval_selection_score': '0.004839', 'eval_selection_accuracy_value': '0.9806', 'eval_nll': '0.04943', 'eval_brier': '0.02591', 'eval_ece': '0.0171', 'eval_auroc': '0', 'eval_auprc': '0', 'eval_runtime': '3.938', 'eval_samples_per_second': '78.72', 'eval_steps_per_second': '5.079', 'epoch': '11'}
CustomImageProcessor configuration saved to checkpoints/hpo-v3_convnext_base_fb_in22k_ft_in1k_nicme_v3_hybrid_s42_trial0062/checkpoint-176/preprocessor_config.json
{'loss': '0.06259', 'grad_norm': '17.89', 'learning_rate': '5.381e-05', 'epoch': '11.26'}
{'loss': '0.0721', 'grad_norm': '56.75', 'learning_rate': '5.21e-05', 'epoch': '11.92'}
{'eval_loss': '0.09018', 'eval_accuracy': '0.9677', 'eval_f1': '0.9677', 'eval_balanced_accuracy': '0.9677', 'eval_macro_f1': '0.9677', 'eval_atc': '0.09032', 'eval_normalized_atc': '0.009032', 'eval_target_recall': '0.9032', 'eval_target_recall_macro': '0.9677', 'eval_target_fnr': '0', 'eval_selection_score': '0.009032', 'eval_selection_accuracy_value': '0.9677', 'eval_nll': '0.08891', 'eval_brier': '0.04961', 'eval_ece': '0.01055', 'eval_auroc': '0', 'eval_auprc': '0', 'eval_runtime': '3.807', 'eval_samples_per_second': '81.43', 'eval_steps_per_second': '5.253', 'epoch': '12'}
CustomImageProcessor configuration saved to checkpoints/hpo-v3_convnext_base_fb_in22k_ft_in1k_nicme_v3_hybrid_s42_trial0062/checkpoint-192/preprocessor_config.json
{'loss': '0.04201', 'grad_norm': '3.461', 'learning_rate': '5.029e-05', 'epoch': '12.52'}
{'eval_loss': '0.076', 'eval_accuracy': '0.9742', 'eval_f1': '0.9736', 'eval_balanced_accuracy': '0.9742', 'eval_macro_f1': '0.9736', 'eval_atc': '0.08387', 'eval_normalized_atc': '0.008387', 'eval_target_recall': '0.8065', 'eval_target_recall_macro': '0.9516', 'eval_target_fnr': '0', 'eval_selection_score': '0.04339', 'eval_selection_accuracy_value': '0.9742', 'eval_nll': '0.07474', 'eval_brier': '0.04219', 'eval_ece': '0.02034', 'eval_auroc': '0', 'eval_auprc': '0', 'eval_runtime': '3.994', 'eval_samples_per_second': '77.61', 'eval_steps_per_second': '5.007', 'epoch': '13'}
CustomImageProcessor configuration saved to checkpoints/hpo-v3_convnext_base_fb_in22k_ft_in1k_nicme_v3_hybrid_s42_trial0062/checkpoint-208/preprocessor_config.json
{'loss': '0.06062', 'grad_norm': '26.51', 'learning_rate': '4.84e-05', 'epoch': '13.13'}
{'loss': '0.03513', 'grad_norm': '19.38', 'learning_rate': '4.642e-05', 'epoch': '13.79'}
{'eval_loss': '0.1383', 'eval_accuracy': '0.9516', 'eval_f1': '0.9487', 'eval_balanced_accuracy': '0.9516', 'eval_macro_f1': '0.9487', 'eval_atc': '0.07742', 'eval_normalized_atc': '0.007742', 'eval_target_recall': '0.6129', 'eval_target_recall_macro': '0.9032', 'eval_target_fnr': '0', 'eval_selection_score': '0.3374', 'eval_selection_accuracy_value': '0.9516', 'eval_nll': '0.1374', 'eval_brier': '0.0698', 'eval_ece': '0.03034', 'eval_auroc': '0', 'eval_auprc': '0', 'eval_runtime': '4.11', 'eval_samples_per_second': '75.42', 'eval_steps_per_second': '4.866', 'epoch': '14'}
CustomImageProcessor configuration saved to checkpoints/hpo-v3_convnext_base_fb_in22k_ft_in1k_nicme_v3_hybrid_s42_trial0062/checkpoint-224/preprocessor_config.json
{'loss': '0.07986', 'grad_norm': '5.456', 'learning_rate': '4.439e-05', 'epoch': '14.39'}
{'loss': '0.1106', 'grad_norm': '5.88', 'learning_rate': '4.229e-05', 'epoch': '15'}
{'eval_loss': '0.04532', 'eval_accuracy': '0.9774', 'eval_f1': '0.978', 'eval_balanced_accuracy': '0.9774', 'eval_macro_f1': '0.978', 'eval_atc': '0.05161', 'eval_normalized_atc': '0.005161', 'eval_target_recall': '0.9677', 'eval_target_recall_macro': '0.9839', 'eval_target_fnr': '0', 'eval_selection_score': '0.005161', 'eval_selection_accuracy_value': '0.9774', 'eval_nll': '0.04457', 'eval_brier': '0.02732', 'eval_ece': '0.007048', 'eval_auroc': '0', 'eval_auprc': '0', 'eval_runtime': '3.909', 'eval_samples_per_second': '79.3', 'eval_steps_per_second': '5.116', 'epoch': '15'}
CustomImageProcessor configuration saved to checkpoints/hpo-v3_convnext_base_fb_in22k_ft_in1k_nicme_v3_hybrid_s42_trial0062/checkpoint-240/preprocessor_config.json
{'loss': '0.01179', 'grad_norm': '1.023', 'learning_rate': '4.015e-05', 'epoch': '15.66'}
{'eval_loss': '0.05562', 'eval_accuracy': '0.9839', 'eval_f1': '0.9837', 'eval_balanced_accuracy': '0.9839', 'eval_macro_f1': '0.9837', 'eval_atc': '0.01613', 'eval_normalized_atc': '0.001613', 'eval_target_recall': '0.871', 'eval_target_recall_macro': '0.9677', 'eval_target_fnr': '0', 'eval_selection_score': '0.004984', 'eval_selection_accuracy_value': '0.9839', 'eval_nll': '0.05523', 'eval_brier': '0.02626', 'eval_ece': '0.01222', 'eval_auroc': '0', 'eval_auprc': '0', 'eval_runtime': '3.954', 'eval_samples_per_second': '78.41', 'eval_steps_per_second': '5.059', 'epoch': '16'}
CustomImageProcessor configuration saved to checkpoints/hpo-v3_convnext_base_fb_in22k_ft_in1k_nicme_v3_hybrid_s42_trial0062/checkpoint-256/preprocessor_config.json
{'loss': '0.02253', 'grad_norm': '5.833', 'learning_rate': '3.797e-05', 'epoch': '16.26'}
{'loss': '0.008983', 'grad_norm': '0.6766', 'learning_rate': '3.576e-05', 'epoch': '16.92'}
{'eval_loss': '0.05929', 'eval_accuracy': '0.9774', 'eval_f1': '0.9769', 'eval_balanced_accuracy': '0.9774', 'eval_macro_f1': '0.9769', 'eval_atc': '0.1097', 'eval_normalized_atc': '0.01097', 'eval_target_recall': '0.8387', 'eval_target_recall_macro': '0.9516', 'eval_target_fnr': '0', 'eval_selection_score': '0.02599', 'eval_selection_accuracy_value': '0.9774', 'eval_nll': '0.05747', 'eval_brier': '0.03105', 'eval_ece': '0.01106', 'eval_auroc': '0', 'eval_auprc': '0', 'eval_runtime': '4.146', 'eval_samples_per_second': '74.78', 'eval_steps_per_second': '4.824', 'epoch': '17'}
CustomImageProcessor configuration saved to checkpoints/hpo-v3_convnext_base_fb_in22k_ft_in1k_nicme_v3_hybrid_s42_trial0062/checkpoint-272/preprocessor_config.json
{'loss': '0.02418', 'grad_norm': '0.213', 'learning_rate': '3.353e-05', 'epoch': '17.52'}
{'eval_loss': '0.04637', 'eval_accuracy': '0.9871', 'eval_f1': '0.9869', 'eval_balanced_accuracy': '0.9871', 'eval_macro_f1': '0.9869', 'eval_atc': '0.0129', 'eval_normalized_atc': '0.00129', 'eval_target_recall': '0.9032', 'eval_target_recall_macro': '0.9758', 'eval_target_fnr': '0', 'eval_selection_score': '0.00129', 'eval_selection_accuracy_value': '0.9871', 'eval_nll': '0.04598', 'eval_brier': '0.02298', 'eval_ece': '0.007438', 'eval_auroc': '0', 'eval_auprc': '0', 'eval_runtime': '4.253', 'eval_samples_per_second': '72.89', 'eval_steps_per_second': '4.702', 'epoch': '18'}
CustomImageProcessor configuration saved to checkpoints/hpo-v3_convnext_base_fb_in22k_ft_in1k_nicme_v3_hybrid_s42_trial0062/checkpoint-288/preprocessor_config.json
{'loss': '0.02013', 'grad_norm': '58.72', 'learning_rate': '3.13e-05', 'epoch': '18.13'}
{'loss': '0.001089', 'grad_norm': '0.0897', 'learning_rate': '2.908e-05', 'epoch': '18.79'}
{'eval_loss': '0.01572', 'eval_accuracy': '0.9968', 'eval_f1': '0.9968', 'eval_balanced_accuracy': '0.9968', 'eval_macro_f1': '0.9968', 'eval_atc': '0.003226', 'eval_normalized_atc': '0.0003226', 'eval_target_recall': '0.9677', 'eval_target_recall_macro': '0.9919', 'eval_target_fnr': '0', 'eval_selection_score': '0.0003226', 'eval_selection_accuracy_value': '0.9968', 'eval_nll': '0.01509', 'eval_brier': '0.008871', 'eval_ece': '0.005258', 'eval_auroc': '0', 'eval_auprc': '0', 'eval_runtime': '3.579', 'eval_samples_per_second': '86.63', 'eval_steps_per_second': '5.589', 'epoch': '19'}
CustomImageProcessor configuration saved to checkpoints/hpo-v3_convnext_base_fb_in22k_ft_in1k_nicme_v3_hybrid_s42_trial0062/checkpoint-304/preprocessor_config.json
{'loss': '0.001673', 'grad_norm': '14.16', 'learning_rate': '2.687e-05', 'epoch': '19.39'}
{'loss': '0.0007618', 'grad_norm': '5.142', 'learning_rate': '2.468e-05', 'epoch': '20'}
{'eval_loss': '0.02597', 'eval_accuracy': '0.9871', 'eval_f1': '0.9868', 'eval_balanced_accuracy': '0.9871', 'eval_macro_f1': '0.9868', 'eval_atc': '0.04194', 'eval_normalized_atc': '0.004194', 'eval_target_recall': '0.871', 'eval_target_recall_macro': '0.9677', 'eval_target_fnr': '0', 'eval_selection_score': '0.007565', 'eval_selection_accuracy_value': '0.9871', 'eval_nll': '0.02532', 'eval_brier': '0.01512', 'eval_ece': '0.009745', 'eval_auroc': '0', 'eval_auprc': '0', 'eval_runtime': '4.079', 'eval_samples_per_second': '76.01', 'eval_steps_per_second': '4.904', 'epoch': '20'}
CustomImageProcessor configuration saved to checkpoints/hpo-v3_convnext_base_fb_in22k_ft_in1k_nicme_v3_hybrid_s42_trial0062/checkpoint-320/preprocessor_config.json
{'train_runtime': '312.3', 'train_samples_per_second': '99.38', 'train_steps_per_second': '1.639', 'train_loss': '1.057', 'epoch': '20'}
***** train metrics *****
  epoch                    =       20.0
  total_flos               =        0GF
  train_loss               =     1.0567
  train_runtime            = 0:05:12.34
  train_samples_per_second =     99.376
  train_steps_per_second   =      1.639
Using device: cuda

============================================================
PERFORMING COMPREHENSIVE EVALUATION
============================================================
Results will be saved to: results/pmi10_convnext_base_fb_in22k_ft_in1k_test/hpo-v3_convnext_base_fb_in22k_ft_in1k_nicme_v3_hybrid_s42_trial0062_05-02_07-32
Saving run configuration...
Run configuration saved to: results/pmi10_convnext_base_fb_in22k_ft_in1k_test/hpo-v3_convnext_base_fb_in22k_ft_in1k_nicme_v3_hybrid_s42_trial0062_05-02_07-32/run_configuration_20260502_073203.json
Running model evaluation...
Computing detailed metrics...
Saving metrics to files...
Metrics saved to: results/pmi10_convnext_base_fb_in22k_ft_in1k_test/hpo-v3_convnext_base_fb_in22k_ft_in1k_nicme_v3_hybrid_s42_trial0062_05-02_07-32/metrics_20260502_073212_nicme_v3_hybrid.json and results/pmi10_convnext_base_fb_in22k_ft_in1k_test/hpo-v3_convnext_base_fb_in22k_ft_in1k_nicme_v3_hybrid_s42_trial0062_05-02_07-32/metrics_20260502_073212_nicme_v3_hybrid.txt
Using provided class names: ['00378-0208', '00378-3855', '00591-0461', '16729-0020', '50111-0434', '53489-0156', '53746-0544', '62037-0831', '68382-0008', '68382-0227']
Skipping confusion matrix visualizations by configuration.

============================================================
TRAINING COMPLETED - RESULTS SUMMARY
============================================================
Output Directory: results/pmi10_convnext_base_fb_in22k_ft_in1k_test/hpo-v3_convnext_base_fb_in22k_ft_in1k_nicme_v3_hybrid_s42_trial0062_05-02_07-32
Overall Accuracy: 0.9719
Balanced Accuracy: 0.9719
Overall F1 Score: 0.9721
Kappa: 0.9688
AUC: 0.9994
Expected Cost: 0.0844
Loss Function Used: nicme_v3_hybrid
Total Test Samples: 320
Classes: 00378-0208, 00378-3855, 00591-0461, 16729-0020, 50111-0434, 53489-0156, 53746-0544, 62037-0831, 68382-0008, 68382-0227

Detailed metrics saved to: results/pmi10_convnext_base_fb_in22k_ft_in1k_test/hpo-v3_convnext_base_fb_in22k_ft_in1k_nicme_v3_hybrid_s42_trial0062_05-02_07-32
============================================================
